{"log":"Test\n","stream":"stdout","time":"2020-03-24T23:25:15.520156771Z"}
{"log":"/usr/local/bin/geth\n","stream":"stdout","time":"2020-03-24T23:25:15.520712323Z"}
{"log":"INFO [03-24|23:25:15.550] Maximum peer count                       ETH=50 LES=0 total=50\n","stream":"stderr","time":"2020-03-24T23:25:15.550783862Z"}
{"log":"INFO [03-24|23:25:15.550] Smartcard socket not found, disabling    err=\"stat /run/pcscd/pcscd.comm: no such file or directory\"\n","stream":"stderr","time":"2020-03-24T23:25:15.550800935Z"}
{"log":"ERROR[03-24|23:25:15.550] Failed to enumerate USB devices          hub=ledger vendor=11415 failcount=1 err=\"failed to initialize libusb: libusb: unknown error [code -99]\"\n","stream":"stderr","time":"2020-03-24T23:25:15.551059313Z"}
{"log":"ERROR[03-24|23:25:15.551] Failed to enumerate USB devices          hub=trezor vendor=21324 failcount=1 err=\"failed to initialize libusb: libusb: unknown error [code -99]\"\n","stream":"stderr","time":"2020-03-24T23:25:15.55113512Z"}
{"log":"ERROR[03-24|23:25:15.551] Failed to enumerate USB devices          hub=trezor vendor=4617  failcount=1 err=\"failed to initialize libusb: libusb: unknown error [code -99]\"\n","stream":"stderr","time":"2020-03-24T23:25:15.551173684Z"}
{"log":"ERROR[03-24|23:25:15.551] Failed to enumerate USB devices          hub=ledger vendor=11415 failcount=2 err=\"failed to initialize libusb: libusb: unknown error [code -99]\"\n","stream":"stderr","time":"2020-03-24T23:25:15.55123371Z"}
{"log":"ERROR[03-24|23:25:15.551] Failed to enumerate USB devices          hub=trezor vendor=21324 failcount=2 err=\"failed to initialize libusb: libusb: unknown error [code -99]\"\n","stream":"stderr","time":"2020-03-24T23:25:15.551283984Z"}
{"log":"ERROR[03-24|23:25:15.551] Failed to enumerate USB devices          hub=trezor vendor=4617  failcount=2 err=\"failed to initialize libusb: libusb: unknown error [code -99]\"\n","stream":"stderr","time":"2020-03-24T23:25:15.551338913Z"}
{"log":"INFO [03-24|23:25:15.551] Allocated cache and file handles         database=/root/.ethereum/geth/chaindata cache=16.00MiB handles=16\n","stream":"stderr","time":"2020-03-24T23:25:15.551478425Z"}
{"log":"INFO [03-24|23:25:15.561] Writing custom genesis block \n","stream":"stderr","time":"2020-03-24T23:25:15.562031597Z"}
{"log":"INFO [03-24|23:25:15.567] Persisted trie from memory database      nodes=361 size=51.17KiB time=1.310878ms gcnodes=0 gcsize=0.00B gctime=0s livenodes=1 livesize=0.00B\n","stream":"stderr","time":"2020-03-24T23:25:15.568043394Z"}
{"log":"INFO [03-24|23:25:15.568] Successfully wrote genesis state         database=chaindata                      hash=bf7e33…b88c1a\n","stream":"stderr","time":"2020-03-24T23:25:15.568417173Z"}
{"log":"INFO [03-24|23:25:15.568] Allocated cache and file handles         database=/root/.ethereum/geth/lightchaindata cache=16.00MiB handles=16\n","stream":"stderr","time":"2020-03-24T23:25:15.568428233Z"}
{"log":"INFO [03-24|23:25:15.578] Writing custom genesis block \n","stream":"stderr","time":"2020-03-24T23:25:15.578774716Z"}
{"log":"INFO [03-24|23:25:15.599] Persisted trie from memory database      nodes=361 size=51.17KiB time=16.332649ms gcnodes=0 gcsize=0.00B gctime=0s livenodes=1 livesize=0.00B\n","stream":"stderr","time":"2020-03-24T23:25:15.599296798Z"}
{"log":"INFO [03-24|23:25:15.599] Successfully wrote genesis state         database=lightchaindata                      hash=bf7e33…b88c1a\n","stream":"stderr","time":"2020-03-24T23:25:15.599562402Z"}
{"log":"INFO [03-24|23:25:15.640] Bumping default cache on mainnet         provided=1024 updated=4096\n","stream":"stderr","time":"2020-03-24T23:25:15.640966814Z"}
{"log":"INFO [03-24|23:25:15.642] Maximum peer count                       ETH=50 LES=0 total=50\n","stream":"stderr","time":"2020-03-24T23:25:15.642504027Z"}
{"log":"INFO [03-24|23:25:15.642] Smartcard socket not found, disabling    err=\"stat /run/pcscd/pcscd.comm: no such file or directory\"\n","stream":"stderr","time":"2020-03-24T23:25:15.642640142Z"}
{"log":"ERROR[03-24|23:25:15.642] Failed to enumerate USB devices          hub=ledger vendor=11415 failcount=1 err=\"failed to initialize libusb: libusb: unknown error [code -99]\"\n","stream":"stderr","time":"2020-03-24T23:25:15.642821806Z"}
{"log":"ERROR[03-24|23:25:15.642] Failed to enumerate USB devices          hub=trezor vendor=21324 failcount=1 err=\"failed to initialize libusb: libusb: unknown error [code -99]\"\n","stream":"stderr","time":"2020-03-24T23:25:15.642939334Z"}
{"log":"ERROR[03-24|23:25:15.642] Failed to enumerate USB devices          hub=trezor vendor=4617  failcount=1 err=\"failed to initialize libusb: libusb: unknown error [code -99]\"\n","stream":"stderr","time":"2020-03-24T23:25:15.64295034Z"}
{"log":"ERROR[03-24|23:25:15.642] Failed to enumerate USB devices          hub=ledger vendor=11415 failcount=2 err=\"failed to initialize libusb: libusb: unknown error [code -99]\"\n","stream":"stderr","time":"2020-03-24T23:25:15.643004247Z"}
{"log":"ERROR[03-24|23:25:15.642] Failed to enumerate USB devices          hub=trezor vendor=21324 failcount=2 err=\"failed to initialize libusb: libusb: unknown error [code -99]\"\n","stream":"stderr","time":"2020-03-24T23:25:15.643021659Z"}
{"log":"ERROR[03-24|23:25:15.643] Failed to enumerate USB devices          hub=trezor vendor=4617  failcount=2 err=\"failed to initialize libusb: libusb: unknown error [code -99]\"\n","stream":"stderr","time":"2020-03-24T23:25:15.64311273Z"}
{"log":"INFO [03-24|23:25:15.643] Starting peer-to-peer node               instance=Geth/v1.9.12-stable-3f3a599f/linux-amd64/go1.13.9\n","stream":"stderr","time":"2020-03-24T23:25:15.643644031Z"}
{"log":"INFO [03-24|23:25:15.643] Allocated trie memory caches             clean=1024.00MiB dirty=1024.00MiB\n","stream":"stderr","time":"2020-03-24T23:25:15.643675788Z"}
{"log":"INFO [03-24|23:25:15.643] Allocated cache and file handles         database=/root/.ethereum/geth/chaindata cache=2.00GiB handles=524288\n","stream":"stderr","time":"2020-03-24T23:25:15.643712983Z"}
{"log":"INFO [03-24|23:25:15.691] Opened ancient database                  database=/root/.ethereum/geth/chaindata/ancient\n","stream":"stderr","time":"2020-03-24T23:25:15.691798921Z"}
{"log":"INFO [03-24|23:25:15.692] Initialised chain configuration          config=\"{ChainID: 5 Homestead: 0 DAO: \u003cnil\u003e DAOSupport: false EIP150: 0 EIP155: 0 EIP158: 0 Byzantium: 0 Constantinople: 0 Petersburg: 0 Istanbul: 1561651, Muir Glacier: \u003cnil\u003e, Engine: clique}\"\n","stream":"stderr","time":"2020-03-24T23:25:15.69211071Z"}
{"log":"INFO [03-24|23:25:15.692] Initialising Ethereum protocol           versions=\"[65 64 63]\" network=5 dbversion=\u003cnil\u003e\n","stream":"stderr","time":"2020-03-24T23:25:15.692150535Z"}
{"log":"WARN [03-24|23:25:15.692] Upgrade blockchain database version      from=\u003cnil\u003e to=7\n","stream":"stderr","time":"2020-03-24T23:25:15.692186366Z"}
{"log":"INFO [03-24|23:25:15.692] Loaded most recent local header          number=0 hash=bf7e33…b88c1a td=1 age=1y1mo4w\n","stream":"stderr","time":"2020-03-24T23:25:15.692815972Z"}
{"log":"INFO [03-24|23:25:15.692] Loaded most recent local full block      number=0 hash=bf7e33…b88c1a td=1 age=1y1mo4w\n","stream":"stderr","time":"2020-03-24T23:25:15.692828939Z"}
{"log":"INFO [03-24|23:25:15.692] Loaded most recent local fast block      number=0 hash=bf7e33…b88c1a td=1 age=1y1mo4w\n","stream":"stderr","time":"2020-03-24T23:25:15.692849849Z"}
{"log":"INFO [03-24|23:25:15.693] Regenerated local transaction journal    transactions=0 accounts=0\n","stream":"stderr","time":"2020-03-24T23:25:15.693079247Z"}
{"log":"INFO [03-24|23:25:15.693] Stored checkpoint snapshot to disk       number=0 hash=bf7e33…b88c1a\n","stream":"stderr","time":"2020-03-24T23:25:15.693614529Z"}
{"log":"INFO [03-24|23:25:15.721] New local node record                    seq=1 id=8252fae760b7940d ip=127.0.0.1 udp=30303 tcp=30303\n","stream":"stderr","time":"2020-03-24T23:25:15.721867082Z"}
{"log":"INFO [03-24|23:25:15.722] Started P2P networking                   self=enode://4a6ca239716df81fb8f12cc2d6f72e932ab1523697e99dd179b8c6f453acc9ff6ea6e27e08a448be31c23f32be114cfbaf93f3f104c82bde3710e729b06eb4f5@127.0.0.1:30303\n","stream":"stderr","time":"2020-03-24T23:25:15.722409945Z"}
{"log":"INFO [03-24|23:25:15.733] IPC endpoint opened                      url=/root/.ethereum/geth.ipc\n","stream":"stderr","time":"2020-03-24T23:25:15.733586207Z"}
{"log":"ERROR[03-24|23:25:16.643] Failed to enumerate USB devices          hub=ledger vendor=11415 failcount=3 err=\"failed to initialize libusb: libusb: unknown error [code -99]\"\n","stream":"stderr","time":"2020-03-24T23:25:16.643714753Z"}
{"log":"ERROR[03-24|23:25:16.643] Failed to enumerate USB devices          hub=trezor vendor=21324 failcount=3 err=\"failed to initialize libusb: libusb: unknown error [code -99]\"\n","stream":"stderr","time":"2020-03-24T23:25:16.643753469Z"}
{"log":"ERROR[03-24|23:25:16.643] Failed to enumerate USB devices          hub=trezor vendor=4617  failcount=3 err=\"failed to initialize libusb: libusb: unknown error [code -99]\"\n","stream":"stderr","time":"2020-03-24T23:25:16.643807317Z"}
{"log":"INFO [03-24|23:25:17.080] New local node record                    seq=2 id=8252fae760b7940d ip=31.147.195.74 udp=30303 tcp=30303\n","stream":"stderr","time":"2020-03-24T23:25:17.080700267Z"}
{"log":"INFO [03-24|23:25:25.722] Looking for peers                        peercount=0 tried=100 static=0\n","stream":"stderr","time":"2020-03-24T23:25:25.72263361Z"}
{"log":"INFO [03-24|23:25:36.678] Looking for peers                        peercount=0 tried=100 static=0\n","stream":"stderr","time":"2020-03-24T23:25:36.678982317Z"}
{"log":"INFO [03-24|23:25:47.398] Looking for peers                        peercount=0 tried=98  static=0\n","stream":"stderr","time":"2020-03-24T23:25:47.398506903Z"}
{"log":"INFO [03-24|23:26:07.429] Looking for peers                        peercount=0 tried=112 static=0\n","stream":"stderr","time":"2020-03-24T23:26:07.429882686Z"}
{"log":"INFO [03-24|23:26:19.047] Looking for peers                        peercount=0 tried=43  static=0\n","stream":"stderr","time":"2020-03-24T23:26:19.047287951Z"}
{"log":"Test\n","stream":"stdout","time":"2020-03-24T23:35:53.057610875Z"}
{"log":"/usr/local/bin/geth\n","stream":"stdout","time":"2020-03-24T23:35:53.062093551Z"}
{"log":"INFO [03-24|23:35:53.091] Maximum peer count                       ETH=50 LES=0 total=50\n","stream":"stderr","time":"2020-03-24T23:35:53.091686136Z"}
{"log":"INFO [03-24|23:35:53.091] Smartcard socket not found, disabling    err=\"stat /run/pcscd/pcscd.comm: no such file or directory\"\n","stream":"stderr","time":"2020-03-24T23:35:53.09178947Z"}
{"log":"ERROR[03-24|23:35:53.091] Failed to enumerate USB devices          hub=ledger vendor=11415 failcount=1 err=\"failed to initialize libusb: libusb: unknown error [code -99]\"\n","stream":"stderr","time":"2020-03-24T23:35:53.091976464Z"}
{"log":"ERROR[03-24|23:35:53.091] Failed to enumerate USB devices          hub=trezor vendor=21324 failcount=1 err=\"failed to initialize libusb: libusb: unknown error [code -99]\"\n","stream":"stderr","time":"2020-03-24T23:35:53.092043944Z"}
{"log":"ERROR[03-24|23:35:53.092] Failed to enumerate USB devices          hub=trezor vendor=4617  failcount=1 err=\"failed to initialize libusb: libusb: unknown error [code -99]\"\n","stream":"stderr","time":"2020-03-24T23:35:53.092095996Z"}
{"log":"ERROR[03-24|23:35:53.092] Failed to enumerate USB devices          hub=ledger vendor=11415 failcount=2 err=\"failed to initialize libusb: libusb: unknown error [code -99]\"\n","stream":"stderr","time":"2020-03-24T23:35:53.092146429Z"}
{"log":"ERROR[03-24|23:35:53.092] Failed to enumerate USB devices          hub=trezor vendor=21324 failcount=2 err=\"failed to initialize libusb: libusb: unknown error [code -99]\"\n","stream":"stderr","time":"2020-03-24T23:35:53.092206005Z"}
{"log":"ERROR[03-24|23:35:53.093] Failed to enumerate USB devices          hub=trezor vendor=4617  failcount=2 err=\"failed to initialize libusb: libusb: unknown error [code -99]\"\n","stream":"stderr","time":"2020-03-24T23:35:53.09341968Z"}
{"log":"INFO [03-24|23:35:53.093] Allocated cache and file handles         database=/root/.ethereum/geth/chaindata cache=16.00MiB handles=16\n","stream":"stderr","time":"2020-03-24T23:35:53.09351985Z"}
{"log":"INFO [03-24|23:35:53.113] Persisted trie from memory database      nodes=361 size=51.17KiB time=895.259µs gcnodes=0 gcsize=0.00B gctime=0s livenodes=1 livesize=0.00B\n","stream":"stderr","time":"2020-03-24T23:35:53.113757322Z"}
{"log":"INFO [03-24|23:35:53.113] Successfully wrote genesis state         database=chaindata                      hash=bf7e33…b88c1a\n","stream":"stderr","time":"2020-03-24T23:35:53.114027704Z"}
{"log":"INFO [03-24|23:35:53.113] Allocated cache and file handles         database=/root/.ethereum/geth/lightchaindata cache=16.00MiB handles=16\n","stream":"stderr","time":"2020-03-24T23:35:53.114041874Z"}
{"log":"INFO [03-24|23:35:53.137] Persisted trie from memory database      nodes=361 size=51.17KiB time=1.018547ms gcnodes=0 gcsize=0.00B gctime=0s livenodes=1 livesize=0.00B\n","stream":"stderr","time":"2020-03-24T23:35:53.137423508Z"}
{"log":"INFO [03-24|23:35:53.137] Successfully wrote genesis state         database=lightchaindata                      hash=bf7e33…b88c1a\n","stream":"stderr","time":"2020-03-24T23:35:53.137675767Z"}
{"log":"INFO [03-24|23:35:53.178] Bumping default cache on mainnet         provided=1024 updated=4096\n","stream":"stderr","time":"2020-03-24T23:35:53.17863243Z"}
{"log":"INFO [03-24|23:35:53.180] Maximum peer count                       ETH=50 LES=0 total=50\n","stream":"stderr","time":"2020-03-24T23:35:53.180442682Z"}
{"log":"INFO [03-24|23:35:53.180] Smartcard socket not found, disabling    err=\"stat /run/pcscd/pcscd.comm: no such file or directory\"\n","stream":"stderr","time":"2020-03-24T23:35:53.180454393Z"}
{"log":"ERROR[03-24|23:35:53.180] Failed to enumerate USB devices          hub=ledger vendor=11415 failcount=1 err=\"failed to initialize libusb: libusb: unknown error [code -99]\"\n","stream":"stderr","time":"2020-03-24T23:35:53.180628581Z"}
{"log":"ERROR[03-24|23:35:53.180] Failed to enumerate USB devices          hub=trezor vendor=21324 failcount=1 err=\"failed to initialize libusb: libusb: unknown error [code -99]\"\n","stream":"stderr","time":"2020-03-24T23:35:53.180671162Z"}
{"log":"ERROR[03-24|23:35:53.180] Failed to enumerate USB devices          hub=trezor vendor=4617  failcount=1 err=\"failed to initialize libusb: libusb: unknown error [code -99]\"\n","stream":"stderr","time":"2020-03-24T23:35:53.180729593Z"}
{"log":"ERROR[03-24|23:35:53.180] Failed to enumerate USB devices          hub=ledger vendor=11415 failcount=2 err=\"failed to initialize libusb: libusb: unknown error [code -99]\"\n","stream":"stderr","time":"2020-03-24T23:35:53.180783486Z"}
{"log":"ERROR[03-24|23:35:53.180] Failed to enumerate USB devices          hub=trezor vendor=21324 failcount=2 err=\"failed to initialize libusb: libusb: unknown error [code -99]\"\n","stream":"stderr","time":"2020-03-24T23:35:53.180840172Z"}
{"log":"ERROR[03-24|23:35:53.180] Failed to enumerate USB devices          hub=trezor vendor=4617  failcount=2 err=\"failed to initialize libusb: libusb: unknown error [code -99]\"\n","stream":"stderr","time":"2020-03-24T23:35:53.18089904Z"}
{"log":"INFO [03-24|23:35:53.181] Starting peer-to-peer node               instance=Geth/v1.9.12-stable-3f3a599f/linux-amd64/go1.13.9\n","stream":"stderr","time":"2020-03-24T23:35:53.181344231Z"}
{"log":"INFO [03-24|23:35:53.181] Allocated trie memory caches             clean=1024.00MiB dirty=1024.00MiB\n","stream":"stderr","time":"2020-03-24T23:35:53.181369993Z"}
{"log":"INFO [03-24|23:35:53.181] Allocated cache and file handles         database=/root/.ethereum/geth/chaindata cache=2.00GiB handles=524288\n","stream":"stderr","time":"2020-03-24T23:35:53.181393698Z"}
{"log":"INFO [03-24|23:35:53.224] Opened ancient database                  database=/root/.ethereum/geth/chaindata/ancient\n","stream":"stderr","time":"2020-03-24T23:35:53.224735756Z"}
{"log":"INFO [03-24|23:35:53.225] Initialised chain configuration          config=\"{ChainID: 5 Homestead: 0 DAO: \u003cnil\u003e DAOSupport: false EIP150: 0 EIP155: 0 EIP158: 0 Byzantium: 0 Constantinople: 0 Petersburg: 0 Istanbul: 1561651, Muir Glacier: \u003cnil\u003e, Engine: clique}\"\n","stream":"stderr","time":"2020-03-24T23:35:53.225605328Z"}
{"log":"INFO [03-24|23:35:53.225] Initialising Ethereum protocol           versions=\"[65 64 63]\" network=5 dbversion=7\n","stream":"stderr","time":"2020-03-24T23:35:53.225689041Z"}
{"log":"INFO [03-24|23:35:53.226] Loaded most recent local header          number=0 hash=bf7e33…b88c1a td=1 age=1y1mo4w\n","stream":"stderr","time":"2020-03-24T23:35:53.226621066Z"}
{"log":"INFO [03-24|23:35:53.226] Loaded most recent local full block      number=0 hash=bf7e33…b88c1a td=1 age=1y1mo4w\n","stream":"stderr","time":"2020-03-24T23:35:53.226644803Z"}
{"log":"INFO [03-24|23:35:53.226] Loaded most recent local fast block      number=0 hash=bf7e33…b88c1a td=1 age=1y1mo4w\n","stream":"stderr","time":"2020-03-24T23:35:53.226651896Z"}
{"log":"INFO [03-24|23:35:53.226] Loaded local transaction journal         transactions=0 dropped=0\n","stream":"stderr","time":"2020-03-24T23:35:53.226871785Z"}
{"log":"INFO [03-24|23:35:53.226] Regenerated local transaction journal    transactions=0 accounts=0\n","stream":"stderr","time":"2020-03-24T23:35:53.226994305Z"}
{"log":"INFO [03-24|23:35:53.401] New local node record                    seq=3 id=8252fae760b7940d ip=127.0.0.1 udp=30303 tcp=30303\n","stream":"stderr","time":"2020-03-24T23:35:53.401521776Z"}
{"log":"INFO [03-24|23:35:53.404] Started P2P networking                   self=enode://4a6ca239716df81fb8f12cc2d6f72e932ab1523697e99dd179b8c6f453acc9ff6ea6e27e08a448be31c23f32be114cfbaf93f3f104c82bde3710e729b06eb4f5@127.0.0.1:30303\n","stream":"stderr","time":"2020-03-24T23:35:53.405301875Z"}
{"log":"INFO [03-24|23:35:53.433] IPC endpoint opened                      url=/root/.ethereum/geth.ipc\n","stream":"stderr","time":"2020-03-24T23:35:53.433568509Z"}
{"log":"ERROR[03-24|23:35:54.181] Failed to enumerate USB devices          hub=ledger vendor=11415 failcount=3 err=\"failed to initialize libusb: libusb: unknown error [code -99]\"\n","stream":"stderr","time":"2020-03-24T23:35:54.182486376Z"}
{"log":"ERROR[03-24|23:35:54.181] Failed to enumerate USB devices          hub=trezor vendor=4617  failcount=3 err=\"failed to initialize libusb: libusb: unknown error [code -99]\"\n","stream":"stderr","time":"2020-03-24T23:35:54.182515869Z"}
{"log":"ERROR[03-24|23:35:54.181] Failed to enumerate USB devices          hub=trezor vendor=21324 failcount=3 err=\"failed to initialize libusb: libusb: unknown error [code -99]\"\n","stream":"stderr","time":"2020-03-24T23:35:54.182522789Z"}
{"log":"INFO [03-24|23:35:58.018] New local node record                    seq=4 id=8252fae760b7940d ip=31.147.195.74 udp=30303 tcp=30303\n","stream":"stderr","time":"2020-03-24T23:35:58.018588748Z"}
{"log":"INFO [03-24|23:36:05.578] Looking for peers                        peercount=0 tried=90 static=0\n","stream":"stderr","time":"2020-03-24T23:36:05.579210939Z"}
{"log":"INFO [03-24|23:36:15.610] Looking for peers                        peercount=2 tried=130 static=0\n","stream":"stderr","time":"2020-03-24T23:36:15.610879765Z"}
{"log":"INFO [03-24|23:36:25.620] Looking for peers                        peercount=2 tried=122 static=0\n","stream":"stderr","time":"2020-03-24T23:36:25.62089047Z"}
{"log":"INFO [03-24|23:36:33.405] Block synchronisation started \n","stream":"stderr","time":"2020-03-24T23:36:33.405290805Z"}
{"log":"INFO [03-24|23:36:34.795] Imported new chain segment               blocks=192 txs=0 mgas=0.000 elapsed=125.830ms mgasps=0.000 number=192 hash=b85251…8090f8 age=1y1mo4w dirty=0.00B\n","stream":"stderr","time":"2020-03-24T23:36:34.796173616Z"}
{"log":"INFO [03-24|23:36:35.514] Imported new chain segment               blocks=960 txs=0 mgas=0.000 elapsed=493.447ms mgasps=0.000 number=1152 hash=9580bb…e42b88 age=1y1mo4w dirty=0.00B\n","stream":"stderr","time":"2020-03-24T23:36:35.514359547Z"}
{"log":"INFO [03-24|23:36:35.659] Looking for peers                        peercount=2 tried=60  static=0\n","stream":"stderr","time":"2020-03-24T23:36:35.659887393Z"}
{"log":"INFO [03-24|23:36:35.916] Imported new chain segment               blocks=1344 txs=0 mgas=0.000 elapsed=380.757ms mgasps=0.000 number=2496 hash=03477d…44fd38 age=1y1mo3w dirty=0.00B\n","stream":"stderr","time":"2020-03-24T23:36:35.916986398Z"}
{"log":"INFO [03-24|23:36:36.313] Imported new chain segment               blocks=1344 txs=0 mgas=0.000 elapsed=376.872ms mgasps=0.000 number=3840 hash=53e3ab…7d6059 age=1y1mo3w dirty=0.00B\n","stream":"stderr","time":"2020-03-24T23:36:36.313504443Z"}
{"log":"INFO [03-24|23:36:37.014] Imported new chain segment               blocks=1803 txs=0 mgas=0.000 elapsed=653.606ms mgasps=0.000 number=5643 hash=5297f2…411830 age=1y1mo3w dirty=0.00B\n","stream":"stderr","time":"2020-03-24T23:36:37.014983382Z"}
{"log":"INFO [03-24|23:36:37.641] Imported new chain segment               blocks=2048 txs=5 mgas=0.105 elapsed=596.131ms mgasps=0.176 number=7691 hash=009cc6…c7449f age=1y1mo3w dirty=6.07KiB\n","stream":"stderr","time":"2020-03-24T23:36:37.641313422Z"}
{"log":"INFO [03-24|23:36:38.182] Imported new chain segment               blocks=2048 txs=0 mgas=0.000 elapsed=520.866ms mgasps=0.000 number=9739 hash=1d58d2…ffc392 age=1y1mo3w dirty=6.07KiB\n","stream":"stderr","time":"2020-03-24T23:36:38.183052774Z"}
{"log":"INFO [03-24|23:36:38.813] Imported new chain segment               blocks=2048 txs=2 mgas=0.042 elapsed=609.375ms mgasps=0.069 number=11787 hash=85f695…546c7a age=1y1mo3w dirty=7.81KiB\n","stream":"stderr","time":"2020-03-24T23:36:38.813523362Z"}
{"log":"INFO [03-24|23:36:39.508] Imported new chain segment               blocks=2048 txs=93 mgas=42.087 elapsed=671.763ms mgasps=62.652 number=13835 hash=f6bf4a…da87dd age=1y1mo3w dirty=271.91KiB\n","stream":"stderr","time":"2020-03-24T23:36:39.509083041Z"}
{"log":"INFO [03-24|23:36:40.218] Imported new chain segment               blocks=2048 txs=51 mgas=14.549 elapsed=551.130ms mgasps=26.399 number=15883 hash=c5cadf…6b6e70 age=1y1mo3w dirty=303.30KiB\n","stream":"stderr","time":"2020-03-24T23:36:40.219115021Z"}
{"log":"INFO [03-24|23:36:40.742] Imported new chain segment               blocks=2048 txs=78 mgas=24.376 elapsed=501.323ms mgasps=48.623 number=17931 hash=13bfdc…d02d28 age=1y1mo3w dirty=371.57KiB\n","stream":"stderr","time":"2020-03-24T23:36:40.742719197Z"}
{"log":"INFO [03-24|23:36:41.331] Imported new chain segment               blocks=2048 txs=73 mgas=32.060 elapsed=566.332ms mgasps=56.610 number=19979 hash=23cd56…bce164 age=1y1mo3w dirty=418.13KiB\n","stream":"stderr","time":"2020-03-24T23:36:41.33140305Z"}
{"log":"INFO [03-24|23:36:42.083] Imported new chain segment               blocks=2048 txs=62 mgas=3.830  elapsed=726.611ms mgasps=5.271  number=22027 hash=7eb62a…7c9d7f age=1y1mo3w dirty=473.15KiB\n","stream":"stderr","time":"2020-03-24T23:36:42.083311421Z"}
{"log":"INFO [03-24|23:36:42.808] Imported new chain segment               blocks=2048 txs=64 mgas=29.650 elapsed=691.039ms mgasps=42.907 number=24075 hash=40ae2c…f0c461 age=1y1mo3w dirty=574.78KiB\n","stream":"stderr","time":"2020-03-24T23:36:42.80913186Z"}
{"log":"INFO [03-24|23:36:42.956] Imported new chain segment               blocks=501  txs=4  mgas=3.589  elapsed=138.918ms mgasps=25.837 number=24576 hash=2a3353…7217e1 age=1y1mo3w dirty=597.17KiB\n","stream":"stderr","time":"2020-03-24T23:36:42.956420955Z"}
{"log":"INFO [03-24|23:36:44.356] Imported new chain segment               blocks=108  txs=0  mgas=0.000  elapsed=46.382ms  mgasps=0.000  number=24684 hash=3da1cb…4c6331 age=1y1mo3w dirty=571.80KiB\n","stream":"stderr","time":"2020-03-24T23:36:44.356450015Z"}
{"log":"INFO [03-24|23:36:44.394] Imported new chain segment               blocks=84   txs=1  mgas=0.021  elapsed=35.967ms  mgasps=0.584  number=24768 hash=bb1a9a…59e04b age=1y1mo3w dirty=575.25KiB\n","stream":"stderr","time":"2020-03-24T23:36:44.395096658Z"}
{"log":"INFO [03-24|23:36:44.609] Imported new chain segment               blocks=33   txs=0  mgas=0.000  elapsed=14.416ms  mgasps=0.000  number=24801 hash=2070dc…ba0b93 age=1y1mo3w dirty=575.25KiB\n","stream":"stderr","time":"2020-03-24T23:36:44.609966794Z"}
{"log":"INFO [03-24|23:36:45.109] Imported new chain segment               blocks=1311 txs=28 mgas=1.661  elapsed=426.807ms mgasps=3.892  number=26112 hash=c0c954…7c6d4e age=1y1mo3w dirty=579.22KiB\n","stream":"stderr","time":"2020-03-24T23:36:45.109892424Z"}
{"log":"INFO [03-24|23:36:45.492] Imported new chain segment               blocks=1344 txs=0  mgas=0.000  elapsed=367.680ms mgasps=0.000  number=27456 hash=62a04d…9b5353 age=1y1mo3w dirty=579.22KiB\n","stream":"stderr","time":"2020-03-24T23:36:45.492667615Z"}
{"log":"INFO [03-24|23:36:45.821] Imported new chain segment               blocks=1152 txs=14 mgas=8.745  elapsed=311.467ms mgasps=28.077 number=28608 hash=9fb1fc…9fc476 age=1y1mo3w dirty=597.69KiB\n","stream":"stderr","time":"2020-03-24T23:36:45.821797954Z"}
{"log":"INFO [03-24|23:36:46.118] Imported new chain segment               blocks=1152 txs=7  mgas=3.096  elapsed=281.923ms mgasps=10.983 number=29760 hash=3bd456…75367e age=1y1mo3w dirty=632.85KiB\n","stream":"stderr","time":"2020-03-24T23:36:46.11829069Z"}
{"log":"INFO [03-24|23:36:46.472] Imported new chain segment               blocks=1152 txs=10 mgas=3.919  elapsed=341.910ms mgasps=11.461 number=30912 hash=cedc74…62ba05 age=1y1mo3w dirty=603.25KiB\n","stream":"stderr","time":"2020-03-24T23:36:46.472748886Z"}
{"log":"INFO [03-24|23:36:46.579] Imported new chain segment               blocks=350  txs=0  mgas=0.000  elapsed=101.765ms mgasps=0.000  number=31262 hash=7eacbc…3e78fd age=1y1mo3w dirty=603.25KiB\n","stream":"stderr","time":"2020-03-24T23:36:46.579582512Z"}
{"log":"INFO [03-24|23:36:46.869] Imported new chain segment               blocks=994  txs=6  mgas=3.948  elapsed=279.311ms mgasps=14.133 number=32256 hash=98ff73…898e7e age=1y1mo3w dirty=611.88KiB\n","stream":"stderr","time":"2020-03-24T23:36:46.870191916Z"}
{"log":"INFO [03-24|23:36:47.072] Imported new chain segment               blocks=576  txs=0  mgas=0.000  elapsed=193.092ms mgasps=0.000  number=32832 hash=935747…26aa03 age=1y1mo3w dirty=611.88KiB\n","stream":"stderr","time":"2020-03-24T23:36:47.07294287Z"}
{"log":"INFO [03-24|23:36:47.201] Imported new chain segment               blocks=351  txs=0  mgas=0.000  elapsed=122.613ms mgasps=0.000  number=33183 hash=73a44e…c3e9c9 age=1y1mo3w dirty=611.88KiB\n","stream":"stderr","time":"2020-03-24T23:36:47.201625071Z"}
{"log":"INFO [03-24|23:36:47.263] Looking for peers                        peercount=2 tried=102 static=0\n","stream":"stderr","time":"2020-03-24T23:36:47.263339228Z"}
{"log":"INFO [03-24|23:36:47.601] Imported new chain segment               blocks=805  txs=98 mgas=119.174 elapsed=387.772ms mgasps=307.329 number=33988 hash=a6dcb8…96c045 age=1y1mo3w dirty=1.07MiB\n","stream":"stderr","time":"2020-03-24T23:36:47.601949377Z"}
{"log":"INFO [03-24|23:36:47.922] Imported new chain segment               blocks=1065 txs=43 mgas=10.346  elapsed=301.499ms mgasps=34.315  number=35053 hash=9b5f3b…d2a85b age=1y1mo3w dirty=1.11MiB\n","stream":"stderr","time":"2020-03-24T23:36:47.922726361Z"}
{"log":"INFO [03-24|23:36:48.293] Imported new chain segment               blocks=1345 txs=36 mgas=39.639  elapsed=356.267ms mgasps=111.263 number=36398 hash=d0c57a…c42037 age=1y1mo3w dirty=1.22MiB\n","stream":"stderr","time":"2020-03-24T23:36:48.293351023Z"}
{"log":"INFO [03-24|23:36:48.687] Imported new chain segment               blocks=1426 txs=22 mgas=3.582   elapsed=377.761ms mgasps=9.481   number=37824 hash=7da132…724bf8 age=1y1mo3w dirty=1.23MiB\n","stream":"stderr","time":"2020-03-24T23:36:48.687471762Z"}
{"log":"INFO [03-24|23:36:49.415] Imported new chain segment               blocks=2048 txs=6  mgas=0.126   elapsed=705.463ms mgasps=0.179   number=39872 hash=d1eb23…fc8960 age=1y1mo3w dirty=1.23MiB\n","stream":"stderr","time":"2020-03-24T23:36:49.415712485Z"}
{"log":"INFO [03-24|23:36:50.124] Imported new chain segment               blocks=2048 txs=6  mgas=11.405  elapsed=686.196ms mgasps=16.621  number=41920 hash=fa2e5f…19aa4a age=1y1mo3w dirty=1.25MiB\n","stream":"stderr","time":"2020-03-24T23:36:50.124944829Z"}
{"log":"INFO [03-24|23:36:50.820] Imported new chain segment               blocks=2048 txs=214 mgas=100.301 elapsed=659.478ms mgasps=152.092 number=43968 hash=6cd93c…baf6be age=1y1mo2w dirty=1.40MiB\n","stream":"stderr","time":"2020-03-24T23:36:50.82037259Z"}
{"log":"INFO [03-24|23:36:51.415] Imported new chain segment               blocks=2048 txs=5   mgas=0.105   elapsed=571.268ms mgasps=0.184   number=46016 hash=1cb5e5…512e11 age=1y1mo2w dirty=1.40MiB\n","stream":"stderr","time":"2020-03-24T23:36:51.415236866Z"}
{"log":"INFO [03-24|23:36:52.027] Imported new chain segment               blocks=2048 txs=45  mgas=17.038  elapsed=590.854ms mgasps=28.837  number=48064 hash=0cc180…c58121 age=1y1mo2w dirty=1.47MiB\n","stream":"stderr","time":"2020-03-24T23:36:52.027753375Z"}
{"log":"INFO [03-24|23:36:52.362] Imported new chain segment               blocks=1088 txs=0   mgas=0.000   elapsed=322.173ms mgasps=0.000   number=49152 hash=472a2b…a44927 age=1y1mo2w dirty=1.47MiB\n","stream":"stderr","time":"2020-03-24T23:36:52.362332823Z"}
{"log":"INFO [03-24|23:36:54.554] Imported new chain segment               blocks=192  txs=0   mgas=0.000   elapsed=107.242ms mgasps=0.000   number=49344 hash=7a6e84…af38eb age=1y1mo2w dirty=1.47MiB\n","stream":"stderr","time":"2020-03-24T23:36:54.555113694Z"}
{"log":"INFO [03-24|23:36:55.092] Imported new chain segment               blocks=1152 txs=0   mgas=0.000   elapsed=340.055ms mgasps=0.000   number=50496 hash=86396c…79f5dd age=1y1mo2w dirty=1.47MiB\n","stream":"stderr","time":"2020-03-24T23:36:55.093060298Z"}
{"log":"INFO [03-24|23:36:55.643] Imported new chain segment               blocks=1344 txs=0   mgas=0.000   elapsed=526.084ms mgasps=0.000   number=51840 hash=9eec47…8b4445 age=1y1mo2w dirty=1.47MiB\n","stream":"stderr","time":"2020-03-24T23:36:55.644000164Z"}
{"log":"INFO [03-24|23:36:56.046] Imported new chain segment               blocks=1381 txs=12  mgas=9.500   elapsed=378.372ms mgasps=25.107  number=53221 hash=842e9b…e6cd64 age=1y1mo2w dirty=1.49MiB\n","stream":"stderr","time":"2020-03-24T23:36:56.046421953Z"}
{"log":"INFO [03-24|23:36:56.417] Imported new chain segment               blocks=1307 txs=15  mgas=1.281   elapsed=355.902ms mgasps=3.599   number=54528 hash=92463b…7a43c4 age=1y1mo2w dirty=1.50MiB\n","stream":"stderr","time":"2020-03-24T23:36:56.41734763Z"}
{"log":"INFO [03-24|23:36:56.983] Imported new chain segment               blocks=1738 txs=14  mgas=0.622   elapsed=547.196ms mgasps=1.136   number=56266 hash=59f2e2…d43f58 age=1y1mo2w dirty=1.50MiB\n","stream":"stderr","time":"2020-03-24T23:36:56.984126907Z"}
{"log":"INFO [03-24|23:36:57.566] Imported new chain segment               blocks=1915 txs=33  mgas=1.070   elapsed=559.732ms mgasps=1.911   number=58181 hash=5cedb1…80a67c age=1y1mo2w dirty=1.52MiB\n","stream":"stderr","time":"2020-03-24T23:36:57.566251515Z"}
{"log":"INFO [03-24|23:36:58.328] Imported new chain segment               blocks=2048 txs=14  mgas=0.400   elapsed=720.359ms mgasps=0.556   number=60229 hash=cd3f57…0dbd00 age=1y1mo2w dirty=1.50MiB\n","stream":"stderr","time":"2020-03-24T23:36:58.328822017Z"}
{"log":"INFO [03-24|23:36:58.360] Looking for peers                        peercount=2 tried=102 static=0\n","stream":"stderr","time":"2020-03-24T23:36:58.360444328Z"}
{"log":"INFO [03-24|23:36:59.004] Imported new chain segment               blocks=2048 txs=9   mgas=0.294   elapsed=633.386ms mgasps=0.463   number=62277 hash=c4addf…aa7b8b age=1y1mo2w dirty=1.51MiB\n","stream":"stderr","time":"2020-03-24T23:36:59.004207819Z"}
{"log":"INFO [03-24|23:36:59.599] Imported new chain segment               blocks=2048 txs=35  mgas=12.900  elapsed=572.495ms mgasps=22.533  number=64325 hash=6ba6a8…02124b age=1y1mo2w dirty=1.53MiB\n","stream":"stderr","time":"2020-03-24T23:36:59.599862391Z"}
{"log":"INFO [03-24|23:37:00.264] Imported new chain segment               blocks=2048 txs=49  mgas=19.389  elapsed=626.039ms mgasps=30.971  number=66373 hash=b5c0ca…fbf8d6 age=1y1mo2w dirty=1.55MiB\n","stream":"stderr","time":"2020-03-24T23:37:00.26457177Z"}
{"log":"INFO [03-24|23:37:01.071] Imported new chain segment               blocks=2048 txs=54  mgas=20.251  elapsed=783.809ms mgasps=25.836  number=68421 hash=90026e…c975a3 age=1y1mo2w dirty=1.59MiB\n","stream":"stderr","time":"2020-03-24T23:37:01.071370134Z"}
{"log":"INFO [03-24|23:37:01.727] Imported new chain segment               blocks=2048 txs=17  mgas=5.049   elapsed=613.839ms mgasps=8.226   number=70469 hash=a2ec4a…25ed1d age=1y1mo2w dirty=1.58MiB\n","stream":"stderr","time":"2020-03-24T23:37:01.727401837Z"}
{"log":"INFO [03-24|23:37:02.312] Imported new chain segment               blocks=2048 txs=60  mgas=18.848  elapsed=558.664ms mgasps=33.737  number=72517 hash=2e2a60…e65c56 age=1y1mo2w dirty=1.69MiB\n","stream":"stderr","time":"2020-03-24T23:37:02.312928436Z"}
{"log":"INFO [03-24|23:37:02.676] Imported new chain segment               blocks=1211 txs=18  mgas=0.481   elapsed=350.923ms mgasps=1.372   number=73728 hash=8a7aa9…7eda83 age=1y1mo2w dirty=1.65MiB\n","stream":"stderr","time":"2020-03-24T23:37:02.677042346Z"}
{"log":"INFO [03-24|23:37:04.583] Imported new chain segment               blocks=192  txs=0   mgas=0.000   elapsed=67.924ms  mgasps=0.000   number=73920 hash=60d78b…78d4d1 age=1y1mo2w dirty=1.64MiB\n","stream":"stderr","time":"2020-03-24T23:37:04.583959448Z"}
{"log":"INFO [03-24|23:37:04.777] Imported new chain segment               blocks=12   txs=0   mgas=0.000   elapsed=7.285ms   mgasps=0.000   number=73932 hash=20f253…df3408 age=1y1mo2w dirty=1.64MiB\n","stream":"stderr","time":"2020-03-24T23:37:04.778016558Z"}
{"log":"INFO [03-24|23:37:05.099] Imported new chain segment               blocks=960  txs=17  mgas=0.533   elapsed=276.521ms mgasps=1.928   number=74892 hash=748f40…204174 age=1y1mo2w dirty=1.64MiB\n","stream":"stderr","time":"2020-03-24T23:37:05.099756326Z"}
{"log":"INFO [03-24|23:37:05.199] Imported new chain segment               blocks=240  txs=8   mgas=0.189   elapsed=90.089ms  mgasps=2.095   number=75132 hash=dd6b83…a2c60b age=1y1mo2w dirty=1.64MiB\n","stream":"stderr","time":"2020-03-24T23:37:05.20003766Z"}
{"log":"INFO [03-24|23:37:05.611] Imported new chain segment               blocks=1200 txs=22  mgas=0.565   elapsed=391.107ms mgasps=1.446   number=76332 hash=0ea3a3…f0885b age=1y1mo2w dirty=1.64MiB\n","stream":"stderr","time":"2020-03-24T23:37:05.611988295Z"}
{"log":"INFO [03-24|23:37:06.213] Imported new chain segment               blocks=1238 txs=109 mgas=34.244  elapsed=579.578ms mgasps=59.084  number=77570 hash=cf8a7a…74a85d age=1y1mo2w dirty=1.75MiB\n","stream":"stderr","time":"2020-03-24T23:37:06.21320232Z"}
{"log":"INFO [03-24|23:37:06.633] Imported new chain segment               blocks=1162 txs=23  mgas=4.437   elapsed=401.575ms mgasps=11.048  number=78732 hash=a45a87…6e57d9 age=1y1mo2w dirty=1.69MiB\n","stream":"stderr","time":"2020-03-24T23:37:06.633789714Z"}
{"log":"INFO [03-24|23:37:07.250] Imported new chain segment               blocks=2048 txs=63  mgas=13.921  elapsed=585.999ms mgasps=23.757  number=80780 hash=e4b9a4…21a786 age=1y1mo2w dirty=1.75MiB\n","stream":"stderr","time":"2020-03-24T23:37:07.250981815Z"}
{"log":"INFO [03-24|23:37:07.881] Imported new chain segment               blocks=2048 txs=178 mgas=61.591  elapsed=608.103ms mgasps=101.283 number=82828 hash=15fca3…fb4b43 age=1y1mo1w dirty=1.79MiB\n","stream":"stderr","time":"2020-03-24T23:37:07.881254858Z"}
{"log":"INFO [03-24|23:37:08.588] Imported new chain segment               blocks=2048 txs=24  mgas=0.662   elapsed=676.661ms mgasps=0.979   number=84876 hash=ed7800…b374b1 age=1y1mo1w dirty=1.78MiB\n","stream":"stderr","time":"2020-03-24T23:37:08.588505253Z"}
{"log":"INFO [03-24|23:37:09.466] Imported new chain segment               blocks=2048 txs=50  mgas=7.820   elapsed=838.575ms mgasps=9.325   number=86924 hash=d7359d…56169c age=1y1mo1w dirty=1.79MiB\n","stream":"stderr","time":"2020-03-24T23:37:09.466519628Z"}
{"log":"INFO [03-24|23:37:10.097] Imported new chain segment               blocks=2048 txs=72  mgas=18.368  elapsed=602.818ms mgasps=30.471  number=88972 hash=f1c4db…008fb0 age=1y1mo1w dirty=1.81MiB\n","stream":"stderr","time":"2020-03-24T23:37:10.097728096Z"}
{"log":"INFO [03-24|23:37:10.769] Imported new chain segment               blocks=2048 txs=120 mgas=37.597  elapsed=648.951ms mgasps=57.936  number=91020 hash=a9cb91…6fd1ee age=1y1mo1w dirty=1.85MiB\n","stream":"stderr","time":"2020-03-24T23:37:10.770029427Z"}
{"log":"INFO [03-24|23:37:11.659] Imported new chain segment               blocks=2048 txs=27  mgas=0.757   elapsed=864.165ms mgasps=0.876   number=93068 hash=b4c520…030d35 age=1y1mo1w dirty=1.85MiB\n","stream":"stderr","time":"2020-03-24T23:37:11.659920644Z"}
{"log":"INFO [03-24|23:37:12.284] Imported new chain segment               blocks=2048 txs=40  mgas=5.111   elapsed=591.449ms mgasps=8.642   number=95116 hash=21fda3…6dea79 age=1y1mo1w dirty=1.87MiB\n","stream":"stderr","time":"2020-03-24T23:37:12.284490013Z"}
{"log":"INFO [03-24|23:37:12.884] Imported new chain segment               blocks=2048 txs=25  mgas=0.669   elapsed=575.919ms mgasps=1.162   number=97164 hash=4ef289…2dbd12 age=1y1mo1w dirty=1.86MiB\n","stream":"stderr","time":"2020-03-24T23:37:12.884941285Z"}
{"log":"INFO [03-24|23:37:13.266] Imported new chain segment               blocks=1140 txs=14  mgas=0.383   elapsed=368.662ms mgasps=1.040   number=98304 hash=29327f…bc7de9 age=1y1mo1w dirty=1.85MiB\n","stream":"stderr","time":"2020-03-24T23:37:13.266974459Z"}
{"log":"INFO [03-24|23:37:14.296] Imported new chain segment               blocks=52   txs=0   mgas=0.000   elapsed=20.381ms  mgasps=0.000   number=98356 hash=6263db…7338de age=1y1mo1w dirty=1.85MiB\n","stream":"stderr","time":"2020-03-24T23:37:14.297185663Z"}
{"log":"INFO [03-24|23:37:14.378] Imported new chain segment               blocks=140  txs=12  mgas=0.273   elapsed=49.327ms  mgasps=5.529   number=98496 hash=80d280…1978ac age=1y1mo1w dirty=1.89MiB\n","stream":"stderr","time":"2020-03-24T23:37:14.379035827Z"}
{"log":"INFO [03-24|23:37:14.629] Imported new chain segment               blocks=154  txs=0   mgas=0.000   elapsed=40.734ms  mgasps=0.000   number=98650 hash=c45102…be9ef6 age=1y1mo1w dirty=1.85MiB\n","stream":"stderr","time":"2020-03-24T23:37:14.630124592Z"}
{"log":"INFO [03-24|23:37:15.060] Imported new chain segment               blocks=1190 txs=12  mgas=0.760   elapsed=408.259ms mgasps=1.861   number=99840 hash=b5d230…834b8b age=1y1mo1w dirty=1.85MiB\n","stream":"stderr","time":"2020-03-24T23:37:15.060330959Z"}
{"log":"INFO [03-24|23:37:15.488] Imported new chain segment               blocks=1344 txs=23  mgas=2.921   elapsed=412.500ms mgasps=7.082   number=101184 hash=b4e4c3…b8abdb age=1y1mo1w dirty=1.91MiB\n","stream":"stderr","time":"2020-03-24T23:37:15.488586139Z"}
{"log":"INFO [03-24|23:37:15.924] Imported new chain segment               blocks=1194 txs=48  mgas=60.389  elapsed=423.280ms mgasps=142.668 number=102378 hash=a75a0b…22f538 age=1y1mo1w dirty=1.90MiB\n","stream":"stderr","time":"2020-03-24T23:37:15.924626753Z"}
{"log":"INFO [03-24|23:37:16.333] Imported new chain segment               blocks=1302 txs=12  mgas=7.161   elapsed=393.289ms mgasps=18.209  number=103680 hash=561bb9…d8c64e age=1y1mo1w dirty=1.93MiB\n","stream":"stderr","time":"2020-03-24T23:37:16.333581689Z"}
{"log":"INFO [03-24|23:37:17.034] Imported new chain segment               blocks=1607 txs=12  mgas=1.519   elapsed=666.601ms mgasps=2.278   number=105287 hash=185c5d…25fe3e age=1y1mo1w dirty=1.93MiB\n","stream":"stderr","time":"2020-03-24T23:37:17.034627004Z"}
{"log":"INFO [03-24|23:37:17.954] Imported new chain segment               blocks=2048 txs=194 mgas=41.549  elapsed=884.018ms mgasps=47.000  number=107335 hash=d87790…1bf1c8 age=1y1mo1w dirty=2.17MiB\n","stream":"stderr","time":"2020-03-24T23:37:17.95429879Z"}
{"log":"INFO [03-24|23:37:18.605] Imported new chain segment               blocks=2048 txs=60  mgas=27.927  elapsed=624.506ms mgasps=44.718  number=109383 hash=55c32e…66c363 age=1y1mo1w dirty=2.18MiB\n","stream":"stderr","time":"2020-03-24T23:37:18.605398049Z"}
{"log":"INFO [03-24|23:37:19.348] Imported new chain segment               blocks=2048 txs=29  mgas=6.413   elapsed=718.422ms mgasps=8.926   number=111431 hash=178752…4b289c age=1y1mo1w dirty=2.21MiB\n","stream":"stderr","time":"2020-03-24T23:37:19.348567589Z"}
{"log":"INFO [03-24|23:37:20.096] Imported new chain segment               blocks=2048 txs=25  mgas=14.655  elapsed=711.223ms mgasps=20.606  number=113479 hash=db57bd…24d2bf age=1y1mo1w dirty=2.20MiB\n","stream":"stderr","time":"2020-03-24T23:37:20.09684612Z"}
{"log":"INFO [03-24|23:37:20.782] Imported new chain segment               blocks=2048 txs=190 mgas=88.059  elapsed=659.870ms mgasps=133.450 number=115527 hash=2e06d9…766a0a age=1y1mo1w dirty=2.32MiB\n","stream":"stderr","time":"2020-03-24T23:37:20.782287319Z"}
{"log":"INFO [03-24|23:37:21.425] Imported new chain segment               blocks=2048 txs=65  mgas=20.630  elapsed=609.898ms mgasps=33.825  number=117575 hash=9bf599…c780ea age=1y1mo1w dirty=2.31MiB\n","stream":"stderr","time":"2020-03-24T23:37:21.425226312Z"}
{"log":"INFO [03-24|23:37:22.439] Imported new chain segment               blocks=2048 txs=212 mgas=123.809 elapsed=990.478ms mgasps=125.000 number=119623 hash=725e32…739470 age=1y1mo1w dirty=2.42MiB\n","stream":"stderr","time":"2020-03-24T23:37:22.439738748Z"}
{"log":"INFO [03-24|23:37:23.106] Imported new chain segment               blocks=2048 txs=149 mgas=71.712  elapsed=643.401ms mgasps=111.458 number=121671 hash=b99a2e…1e2f23 age=1y1mo6d dirty=2.46MiB\n","stream":"stderr","time":"2020-03-24T23:37:23.106183279Z"}
{"log":"INFO [03-24|23:37:23.490] Imported new chain segment               blocks=1209 txs=173 mgas=5.468   elapsed=359.446ms mgasps=15.212  number=122880 hash=ccacf3…a0b110 age=1y1mo6d dirty=2.59MiB\n","stream":"stderr","time":"2020-03-24T23:37:23.490685049Z"}
{"log":"INFO [03-24|23:37:23.996] Imported new chain segment               blocks=5    txs=0   mgas=0.000   elapsed=2.641ms   mgasps=0.000   number=122885 hash=662140…13fef0 age=1y1mo6d dirty=2.59MiB\n","stream":"stderr","time":"2020-03-24T23:37:23.997189426Z"}
{"log":"INFO [03-24|23:37:24.101] Imported new chain segment               blocks=187  txs=33  mgas=4.337   elapsed=48.599ms  mgasps=89.245  number=123072 hash=204e60…228a7d age=1y1mo6d dirty=2.51MiB\n","stream":"stderr","time":"2020-03-24T23:37:24.102136602Z"}
{"log":"INFO [03-24|23:37:24.401] Imported new chain segment               blocks=218  txs=43  mgas=4.541   elapsed=84.221ms  mgasps=53.913  number=123290 hash=bd0b21…4807be age=1y1mo6d dirty=2.57MiB\n","stream":"stderr","time":"2020-03-24T23:37:24.401544825Z"}
{"log":"INFO [03-24|23:37:25.632] Imported new chain segment               blocks=2048 txs=478 mgas=155.298 elapsed=856.841ms mgasps=181.245 number=125338 hash=ebe2af…650762 age=1y1mo6d dirty=2.57MiB\n","stream":"stderr","time":"2020-03-24T23:37:25.63227873Z"}
{"log":"INFO [03-24|23:37:26.229] Imported new chain segment               blocks=2048 txs=56  mgas=10.026  elapsed=570.397ms mgasps=17.577  number=127386 hash=15b46b…02e61d age=1y1mo5d dirty=2.56MiB\n","stream":"stderr","time":"2020-03-24T23:37:26.229235896Z"}
{"log":"INFO [03-24|23:37:26.947] Imported new chain segment               blocks=2048 txs=13  mgas=0.284   elapsed=693.709ms mgasps=0.409   number=129434 hash=cd6b3b…ff8a78 age=1y1mo5d dirty=2.56MiB\n","stream":"stderr","time":"2020-03-24T23:37:26.94802077Z"}
{"log":"INFO [03-24|23:37:27.802] Imported new chain segment               blocks=2048 txs=133 mgas=43.207  elapsed=823.141ms mgasps=52.490  number=131482 hash=5be89c…00f773 age=1y1mo5d dirty=2.62MiB\n","stream":"stderr","time":"2020-03-24T23:37:27.802952446Z"}
{"log":"INFO [03-24|23:37:28.863] Imported new chain segment               blocks=2048 txs=53  mgas=13.164  elapsed=1.036s    mgasps=12.701  number=133530 hash=944c8f…df9baa age=1y1mo4d dirty=2.62MiB\n","stream":"stderr","time":"2020-03-24T23:37:28.864069486Z"}
{"log":"INFO [03-24|23:37:29.518] Imported new chain segment               blocks=2048 txs=29  mgas=2.013   elapsed=615.854ms mgasps=3.268   number=135578 hash=21d0fe…93c271 age=1y1mo4d dirty=2.64MiB\n","stream":"stderr","time":"2020-03-24T23:37:29.519154334Z"}
{"log":"INFO [03-24|23:37:30.367] Imported new chain segment               blocks=2048 txs=39  mgas=2.906   elapsed=823.136ms mgasps=3.530   number=137626 hash=361ecc…db1175 age=1y1mo3d dirty=2.65MiB\n","stream":"stderr","time":"2020-03-24T23:37:30.367459889Z"}
{"log":"INFO [03-24|23:37:30.980] Imported new chain segment               blocks=2048 txs=67  mgas=23.329  elapsed=572.340ms mgasps=40.760  number=139674 hash=ad18a1…2d8c54 age=1y1mo3d dirty=2.77MiB\n","stream":"stderr","time":"2020-03-24T23:37:30.980904242Z"}
{"log":"INFO [03-24|23:37:31.684] Imported new chain segment               blocks=2048 txs=152 mgas=46.238  elapsed=679.557ms mgasps=68.041  number=141722 hash=9e2fe7…377ea6 age=1y1mo3d dirty=2.74MiB\n","stream":"stderr","time":"2020-03-24T23:37:31.684508604Z"}
{"log":"INFO [03-24|23:37:32.622] Imported new chain segment               blocks=2048 txs=229 mgas=92.465  elapsed=915.319ms mgasps=101.019 number=143770 hash=483568…a53cf0 age=1y1mo2d dirty=2.85MiB\n","stream":"stderr","time":"2020-03-24T23:37:32.622442574Z"}
{"log":"INFO [03-24|23:37:33.465] Imported new chain segment               blocks=2048 txs=181 mgas=50.426  elapsed=801.366ms mgasps=62.924  number=145818 hash=bdb752…637b51 age=1y1mo2d dirty=2.90MiB\n","stream":"stderr","time":"2020-03-24T23:37:33.465292619Z"}
{"log":"INFO [03-24|23:37:34.238] Imported new chain segment               blocks=2048 txs=229 mgas=99.089  elapsed=745.879ms mgasps=132.849 number=147866 hash=de0c0f…0fdf9c age=1y1mo2d dirty=2.95MiB\n","stream":"stderr","time":"2020-03-24T23:37:34.238538888Z"}
{"log":"INFO [03-24|23:37:35.404] Imported new chain segment               blocks=2048 txs=446 mgas=120.911 elapsed=1.129s    mgasps=107.071 number=149914 hash=bbef9f…531321 age=1y1mo1d dirty=3.06MiB\n","stream":"stderr","time":"2020-03-24T23:37:35.404529498Z"}
{"log":"INFO [03-24|23:37:36.193] Imported new chain segment               blocks=2048 txs=90  mgas=41.547  elapsed=746.513ms mgasps=55.654  number=151962 hash=1c6527…c3d721 age=1y1mo1d dirty=3.11MiB\n","stream":"stderr","time":"2020-03-24T23:37:36.193680513Z"}
{"log":"INFO [03-24|23:37:37.113] Imported new chain segment               blocks=2048 txs=292 mgas=137.699 elapsed=895.716ms mgasps=153.731 number=154010 hash=4c494b…9c6881 age=1y1mo1d dirty=3.21MiB\n","stream":"stderr","time":"2020-03-24T23:37:37.114069333Z"}
{"log":"INFO [03-24|23:37:37.763] Imported new chain segment               blocks=2048 txs=106 mgas=38.651  elapsed=626.295ms mgasps=61.714  number=156058 hash=739b8b…2da52e age=1y1mo18h dirty=3.23MiB\n","stream":"stderr","time":"2020-03-24T23:37:37.763799104Z"}
{"log":"INFO [03-24|23:37:38.699] Imported new chain segment               blocks=2048 txs=256 mgas=59.190  elapsed=896.493ms mgasps=66.024  number=158106 hash=d9b57d…58fd2b age=1y1mo9h  dirty=3.37MiB\n","stream":"stderr","time":"2020-03-24T23:37:38.699967495Z"}
{"log":"INFO [03-24|23:37:39.317] Imported new chain segment               blocks=2048 txs=99  mgas=33.627  elapsed=593.782ms mgasps=56.631  number=160154 hash=0feb3f…f7b8e5 age=1y1mo48m dirty=3.37MiB\n","stream":"stderr","time":"2020-03-24T23:37:39.317759696Z"}
{"log":"INFO [03-24|23:37:39.959] Imported new chain segment               blocks=2048 txs=78  mgas=40.756  elapsed=618.048ms mgasps=65.942  number=162202 hash=6713ec…9b35e4 age=1y4w1d   dirty=3.45MiB\n","stream":"stderr","time":"2020-03-24T23:37:39.959780147Z"}
{"log":"INFO [03-24|23:37:40.681] Imported new chain segment               blocks=2048 txs=118 mgas=19.239  elapsed=681.403ms mgasps=28.234  number=164250 hash=d1a40c…cde225 age=1y4w1d   dirty=3.57MiB\n","stream":"stderr","time":"2020-03-24T23:37:40.681744321Z"}
{"log":"INFO [03-24|23:37:41.529] Imported new chain segment               blocks=2048 txs=254 mgas=36.004  elapsed=814.039ms mgasps=44.228  number=166298 hash=606c58…382a40 age=1y4w23h  dirty=3.58MiB\n","stream":"stderr","time":"2020-03-24T23:37:41.529795781Z"}
{"log":"INFO [03-24|23:37:42.765] Imported new chain segment               blocks=2048 txs=121 mgas=59.782  elapsed=1.199s    mgasps=49.839  number=168346 hash=9341b8…a77ef2 age=1y4w14h  dirty=3.66MiB\n","stream":"stderr","time":"2020-03-24T23:37:42.765579889Z"}
{"log":"INFO [03-24|23:37:43.556] Imported new chain segment               blocks=2048 txs=55  mgas=17.401  elapsed=760.284ms mgasps=22.887  number=170394 hash=11cc5b…3eddb4 age=1y4w6h   dirty=3.68MiB\n","stream":"stderr","time":"2020-03-24T23:37:43.557263788Z"}
{"log":"INFO [03-24|23:37:44.367] Imported new chain segment               blocks=2048 txs=36  mgas=11.864  elapsed=767.428ms mgasps=15.460  number=172442 hash=e08099…2493ae age=1y3w6d   dirty=3.69MiB\n","stream":"stderr","time":"2020-03-24T23:37:44.367690249Z"}
{"log":"INFO [03-24|23:37:45.026] Imported new chain segment               blocks=2048 txs=132 mgas=37.282  elapsed=633.316ms mgasps=58.868  number=174490 hash=93ed65…bd14af age=1y3w6d   dirty=3.73MiB\n","stream":"stderr","time":"2020-03-24T23:37:45.026685407Z"}
{"log":"INFO [03-24|23:37:45.682] Imported new chain segment               blocks=2048 txs=58  mgas=17.476  elapsed=631.179ms mgasps=27.687  number=176538 hash=f09514…424c9f age=1y3w6d   dirty=3.75MiB\n","stream":"stderr","time":"2020-03-24T23:37:45.682359383Z"}
{"log":"INFO [03-24|23:37:46.548] Imported new chain segment               blocks=2048 txs=29  mgas=5.256   elapsed=840.487ms mgasps=6.253   number=178586 hash=a0bc69…bd3a08 age=1y3w5d   dirty=3.76MiB\n","stream":"stderr","time":"2020-03-24T23:37:46.54849812Z"}
{"log":"INFO [03-24|23:37:47.206] Imported new chain segment               blocks=2048 txs=138 mgas=18.075  elapsed=618.567ms mgasps=29.220  number=180634 hash=8233a3…b6ff90 age=1y3w5d   dirty=3.81MiB\n","stream":"stderr","time":"2020-03-24T23:37:47.206501418Z"}
{"log":"INFO [03-24|23:37:47.831] Imported new chain segment               blocks=2048 txs=91  mgas=4.832   elapsed=582.605ms mgasps=8.294   number=182682 hash=b93b02…5bbdb4 age=1y3w5d   dirty=3.81MiB\n","stream":"stderr","time":"2020-03-24T23:37:47.831203346Z"}
{"log":"INFO [03-24|23:37:48.489] Imported new chain segment               blocks=2048 txs=61  mgas=15.677  elapsed=632.329ms mgasps=24.792  number=184730 hash=42eedc…2dd0a1 age=1y3w4d   dirty=3.83MiB\n","stream":"stderr","time":"2020-03-24T23:37:48.490164034Z"}
{"log":"INFO [03-24|23:37:49.390] Imported new chain segment               blocks=2048 txs=53  mgas=36.756  elapsed=866.038ms mgasps=42.441  number=186778 hash=3cfc15…c342f2 age=1y3w4d   dirty=3.89MiB\n","stream":"stderr","time":"2020-03-24T23:37:49.391049735Z"}
{"log":"INFO [03-24|23:37:50.029] Imported new chain segment               blocks=2048 txs=117 mgas=31.962  elapsed=610.190ms mgasps=52.380  number=188826 hash=3337c4…b3beaa age=1y3w4d   dirty=3.95MiB\n","stream":"stderr","time":"2020-03-24T23:37:50.029443282Z"}
{"log":"INFO [03-24|23:37:50.729] Imported new chain segment               blocks=2048 txs=383 mgas=37.346  elapsed=675.436ms mgasps=55.291  number=190874 hash=c18078…64bb99 age=1y3w3d   dirty=3.98MiB\n","stream":"stderr","time":"2020-03-24T23:37:50.730058692Z"}
{"log":"INFO [03-24|23:37:51.557] Imported new chain segment               blocks=2048 txs=202 mgas=100.851 elapsed=780.152ms mgasps=129.271 number=192922 hash=d5e431…11551f age=1y3w3d   dirty=4.21MiB\n","stream":"stderr","time":"2020-03-24T23:37:51.558187045Z"}
{"log":"INFO [03-24|23:37:53.000] Imported new chain segment               blocks=2048 txs=458 mgas=157.766 elapsed=1.396s    mgasps=112.985 number=194970 hash=a03beb…d27c2a age=1y3w2d   dirty=5.13MiB\n","stream":"stderr","time":"2020-03-24T23:37:53.000569899Z"}
{"log":"INFO [03-24|23:37:56.237] Deep froze chain segment                 blocks=30000 elapsed=3.012s    number=29999  hash=d2488b…6bc3fe\n","stream":"stderr","time":"2020-03-24T23:37:56.238108117Z"}
{"log":"INFO [03-24|23:37:57.892] Imported new chain segment               blocks=2048  txs=1259 mgas=357.333 elapsed=4.868s    mgasps=73.395  number=197018 hash=755fd7…fb66a1 age=1y3w2d   dirty=5.06MiB\n","stream":"stderr","time":"2020-03-24T23:37:57.893189548Z"}
{"log":"INFO [03-24|23:37:59.296] Imported new chain segment               blocks=2048  txs=192  mgas=53.280  elapsed=1.343s    mgasps=39.665  number=199066 hash=6c7a99…0322fb age=1y3w2d   dirty=5.15MiB\n","stream":"stderr","time":"2020-03-24T23:37:59.296358909Z"}
{"log":"INFO [03-24|23:38:00.327] Imported new chain segment               blocks=2048  txs=134  mgas=26.454  elapsed=997.442ms mgasps=26.521  number=201114 hash=adef11…a1b63d age=1y3w1d   dirty=5.13MiB\n","stream":"stderr","time":"2020-03-24T23:38:00.328007773Z"}
{"log":"INFO [03-24|23:38:00.363] Deep froze chain segment                 blocks=30000 elapsed=4.125s    number=59999  hash=f22f23…e28e2a\n","stream":"stderr","time":"2020-03-24T23:38:00.363706347Z"}
{"log":"INFO [03-24|23:38:01.353] Imported new chain segment               blocks=2048  txs=137  mgas=42.690  elapsed=979.348ms mgasps=43.590  number=203162 hash=f471bd…b3dd6f age=1y3w1d   dirty=5.14MiB\n","stream":"stderr","time":"2020-03-24T23:38:01.353310852Z"}
{"log":"INFO [03-24|23:38:02.935] Imported new chain segment               blocks=2048  txs=439  mgas=328.905 elapsed=1.542s    mgasps=213.162 number=205210 hash=3fcfca…9061b0 age=1y3w1d   dirty=5.64MiB\n","stream":"stderr","time":"2020-03-24T23:38:02.935930053Z"}
{"log":"INFO [03-24|23:38:04.074] Imported new chain segment               blocks=2048  txs=170  mgas=52.669  elapsed=1.092s    mgasps=48.220  number=207258 hash=7b2251…717918 age=1y3w20h  dirty=5.69MiB\n","stream":"stderr","time":"2020-03-24T23:38:04.07491854Z"}
{"log":"INFO [03-24|23:38:04.315] Deep froze chain segment                 blocks=30000 elapsed=3.952s    number=89999  hash=4e3490…7ea690\n","stream":"stderr","time":"2020-03-24T23:38:04.315875146Z"}
{"log":"INFO [03-24|23:38:05.003] Imported new chain segment               blocks=2048  txs=70   mgas=12.903  elapsed=898.699ms mgasps=14.358  number=209306 hash=df11a0…4b962d age=1y3w12h  dirty=5.84MiB\n","stream":"stderr","time":"2020-03-24T23:38:05.003274502Z"}
{"log":"INFO [03-24|23:38:05.890] Imported new chain segment               blocks=2048  txs=31   mgas=2.242   elapsed=840.886ms mgasps=2.666   number=211354 hash=8cc2b7…2f3b0f age=1y3w3h   dirty=5.74MiB\n","stream":"stderr","time":"2020-03-24T23:38:05.890878356Z"}
{"log":"INFO [03-24|23:38:06.728] Imported new chain segment               blocks=2048  txs=34   mgas=5.045   elapsed=800.349ms mgasps=6.303   number=213402 hash=b6b1bf…6eea2b age=1y2w6d   dirty=5.74MiB\n","stream":"stderr","time":"2020-03-24T23:38:06.728560508Z"}
{"log":"INFO [03-24|23:38:08.068] Imported new chain segment               blocks=2048  txs=32   mgas=8.159   elapsed=1.295s    mgasps=6.297   number=215450 hash=6f73d2…959b0e age=1y2w6d   dirty=5.77MiB\n","stream":"stderr","time":"2020-03-24T23:38:08.068720219Z"}
{"log":"INFO [03-24|23:38:08.695] Deep froze chain segment                 blocks=27832 elapsed=4.379s    number=117831 hash=39e15a…a99288\n","stream":"stderr","time":"2020-03-24T23:38:08.695687521Z"}
{"log":"INFO [03-24|23:38:08.816] Imported new chain segment               blocks=2048  txs=98   mgas=15.923  elapsed=677.576ms mgasps=23.500  number=217498 hash=f527b3…255541 age=1y2w6d   dirty=5.77MiB\n","stream":"stderr","time":"2020-03-24T23:38:08.817062561Z"}
{"log":"INFO [03-24|23:38:09.572] Imported new chain segment               blocks=2048  txs=77   mgas=21.962  elapsed=705.886ms mgasps=31.113  number=219546 hash=22b0c1…75141a age=1y2w5d   dirty=5.80MiB\n","stream":"stderr","time":"2020-03-24T23:38:09.572860188Z"}
{"log":"INFO [03-24|23:38:10.761] Imported new chain segment               blocks=2048  txs=304  mgas=67.379  elapsed=1.154s    mgasps=58.366  number=221594 hash=0caf33…ff77d7 age=1y2w5d   dirty=6.26MiB\n","stream":"stderr","time":"2020-03-24T23:38:10.761434732Z"}
{"log":"INFO [03-24|23:38:11.605] Imported new chain segment               blocks=2048  txs=235  mgas=69.209  elapsed=800.060ms mgasps=86.505  number=223642 hash=f8c4ad…1b5fbc age=1y2w5d   dirty=6.30MiB\n","stream":"stderr","time":"2020-03-24T23:38:11.605208793Z"}
{"log":"INFO [03-24|23:38:12.417] Imported new chain segment               blocks=2048  txs=517  mgas=52.748  elapsed=788.256ms mgasps=66.917  number=225690 hash=809c46…3d5816 age=1y2w4d   dirty=6.37MiB\n","stream":"stderr","time":"2020-03-24T23:38:12.417318005Z"}
{"log":"INFO [03-24|23:38:13.524] Imported new chain segment               blocks=2048  txs=276  mgas=62.459  elapsed=1.082s    mgasps=57.681  number=227738 hash=9dcda6…54e0aa age=1y2w4d   dirty=6.52MiB\n","stream":"stderr","time":"2020-03-24T23:38:13.525190674Z"}
{"log":"INFO [03-24|23:38:14.421] Imported new chain segment               blocks=2048  txs=348  mgas=78.317  elapsed=866.710ms mgasps=90.362  number=229786 hash=79580e…82cad8 age=1y2w3d   dirty=6.62MiB\n","stream":"stderr","time":"2020-03-24T23:38:14.421854926Z"}
{"log":"INFO [03-24|23:38:15.348] Imported new chain segment               blocks=2048  txs=239  mgas=48.066  elapsed=901.416ms mgasps=53.322  number=231834 hash=28f8d4…1486be age=1y2w3d   dirty=7.35MiB\n","stream":"stderr","time":"2020-03-24T23:38:15.348606495Z"}
{"log":"INFO [03-24|23:38:16.848] Imported new chain segment               blocks=2048  txs=1234 mgas=176.279 elapsed=1.464s    mgasps=120.397 number=233882 hash=04ed39…02e4de age=1y2w3d   dirty=7.31MiB\n","stream":"stderr","time":"2020-03-24T23:38:16.848190178Z"}
{"log":"INFO [03-24|23:38:17.546] Imported new chain segment               blocks=2048  txs=85   mgas=24.276  elapsed=673.634ms mgasps=36.037  number=235930 hash=4072e3…2f26d7 age=1y2w2d   dirty=7.26MiB\n","stream":"stderr","time":"2020-03-24T23:38:17.546304626Z"}
{"log":"INFO [03-24|23:38:19.011] Imported new chain segment               blocks=2048  txs=1460 mgas=141.941 elapsed=1.430s    mgasps=99.244  number=237978 hash=52996c…9f7825 age=1y2w2d   dirty=7.63MiB\n","stream":"stderr","time":"2020-03-24T23:38:19.011714992Z"}
{"log":"INFO [03-24|23:38:20.121] Imported new chain segment               blocks=2048  txs=1425 mgas=184.794 elapsed=1.083s    mgasps=170.585 number=240026 hash=411d22…fb1773 age=1y2w2d   dirty=8.10MiB\n","stream":"stderr","time":"2020-03-24T23:38:20.121404801Z"}
{"log":"INFO [03-24|23:38:21.303] Imported new chain segment               blocks=2048  txs=360  mgas=209.906 elapsed=1.150s    mgasps=182.412 number=242074 hash=2bc1e3…e72a4a age=1y2w1d   dirty=8.28MiB\n","stream":"stderr","time":"2020-03-24T23:38:21.303509878Z"}
{"log":"INFO [03-24|23:38:22.011] Imported new chain segment               blocks=2048  txs=86   mgas=21.842  elapsed=677.167ms mgasps=32.255  number=244122 hash=778657…4ae822 age=1y2w1d   dirty=8.33MiB\n","stream":"stderr","time":"2020-03-24T23:38:22.011419385Z"}
{"log":"INFO [03-24|23:38:22.701] Imported new chain segment               blocks=2048  txs=140  mgas=41.355  elapsed=664.142ms mgasps=62.268  number=246170 hash=f6d28c…b74f56 age=1y2w1d   dirty=8.40MiB\n","stream":"stderr","time":"2020-03-24T23:38:22.702180594Z"}
{"log":"INFO [03-24|23:38:23.620] Imported new chain segment               blocks=2048  txs=178  mgas=47.769  elapsed=881.937ms mgasps=54.164  number=248218 hash=627d73…12b6e9 age=1y2w17h  dirty=8.43MiB\n","stream":"stderr","time":"2020-03-24T23:38:23.620502097Z"}
{"log":"INFO [03-24|23:38:24.365] Imported new chain segment               blocks=2048  txs=76   mgas=10.969  elapsed=709.784ms mgasps=15.453  number=250266 hash=260efa…6f1cd2 age=1y2w9h   dirty=8.49MiB\n","stream":"stderr","time":"2020-03-24T23:38:24.36530128Z"}
{"log":"INFO [03-24|23:38:25.151] Imported new chain segment               blocks=2048  txs=221  mgas=56.442  elapsed=741.971ms mgasps=76.070  number=252314 hash=a759dd…4619d9 age=1y2w48m  dirty=8.54MiB\n","stream":"stderr","time":"2020-03-24T23:38:25.152086088Z"}
{"log":"INFO [03-24|23:38:25.872] Imported new chain segment               blocks=2048  txs=176  mgas=43.751  elapsed=695.122ms mgasps=62.940  number=254362 hash=950238…883e70 age=1y1w6d   dirty=8.55MiB\n","stream":"stderr","time":"2020-03-24T23:38:25.872162985Z"}
{"log":"INFO [03-24|23:38:26.748] Imported new chain segment               blocks=2048  txs=44   mgas=1.255   elapsed=817.506ms mgasps=1.535   number=256410 hash=2065aa…8fcce4 age=1y1w6d   dirty=8.54MiB\n","stream":"stderr","time":"2020-03-24T23:38:26.748778454Z"}
{"log":"INFO [03-24|23:38:27.485] Imported new chain segment               blocks=2048  txs=146  mgas=53.369  elapsed=694.796ms mgasps=76.812  number=258458 hash=a60641…2762f4 age=1y1w5d   dirty=8.67MiB\n","stream":"stderr","time":"2020-03-24T23:38:27.486136865Z"}
{"log":"INFO [03-24|23:38:28.258] Imported new chain segment               blocks=2048  txs=44   mgas=8.132   elapsed=730.992ms mgasps=11.125  number=260506 hash=f2e62b…7678dc age=1y1w5d   dirty=8.66MiB\n","stream":"stderr","time":"2020-03-24T23:38:28.258657582Z"}
{"log":"INFO [03-24|23:38:29.061] Imported new chain segment               blocks=2048  txs=147  mgas=26.082  elapsed=774.762ms mgasps=33.664  number=262554 hash=b60bb5…72c9a5 age=1y1w5d   dirty=8.78MiB\n","stream":"stderr","time":"2020-03-24T23:38:29.061805569Z"}
{"log":"INFO [03-24|23:38:30.499] Imported new chain segment               blocks=2048  txs=237  mgas=75.624  elapsed=1.381s    mgasps=54.746  number=264602 hash=a780b7…11a79f age=1y1w4d   dirty=8.79MiB\n","stream":"stderr","time":"2020-03-24T23:38:30.499366564Z"}
{"log":"INFO [03-24|23:38:31.797] Imported new chain segment               blocks=2048  txs=386  mgas=147.704 elapsed=1.274s    mgasps=115.934 number=266650 hash=0f79c2…01fd66 age=1y1w4d   dirty=8.96MiB\n","stream":"stderr","time":"2020-03-24T23:38:31.797936918Z"}
{"log":"INFO [03-24|23:38:32.941] Imported new chain segment               blocks=2048  txs=335  mgas=128.860 elapsed=1.101s    mgasps=116.994 number=268698 hash=9dbe8d…fc5f04 age=1y1w4d   dirty=9.14MiB\n","stream":"stderr","time":"2020-03-24T23:38:32.941253396Z"}
{"log":"INFO [03-24|23:38:33.699] Imported new chain segment               blocks=2048  txs=222  mgas=61.508  elapsed=715.544ms mgasps=85.960  number=270746 hash=31a375…c66193 age=1y1w3d   dirty=9.20MiB\n","stream":"stderr","time":"2020-03-24T23:38:33.700004638Z"}
{"log":"INFO [03-24|23:38:34.567] Imported new chain segment               blocks=2048  txs=141  mgas=43.632  elapsed=842.966ms mgasps=51.759  number=272794 hash=ddd598…204f37 age=1y1w3d   dirty=9.23MiB\n","stream":"stderr","time":"2020-03-24T23:38:34.568019889Z"}
{"log":"INFO [03-24|23:38:35.664] Imported new chain segment               blocks=2048  txs=271  mgas=122.121 elapsed=1.060s    mgasps=115.143 number=274842 hash=feb0ea…a81409 age=1y1w3d   dirty=9.34MiB\n","stream":"stderr","time":"2020-03-24T23:38:35.664710232Z"}
{"log":"INFO [03-24|23:38:36.557] Imported new chain segment               blocks=2048  txs=224  mgas=159.771 elapsed=837.441ms mgasps=190.784 number=276890 hash=1264de…8e9809 age=1y1w2d   dirty=9.55MiB\n","stream":"stderr","time":"2020-03-24T23:38:36.557691638Z"}
{"log":"INFO [03-24|23:38:37.436] Imported new chain segment               blocks=2048  txs=115  mgas=29.285  elapsed=852.991ms mgasps=34.332  number=278938 hash=9efb15…6c7d2c age=1y1w2d   dirty=9.71MiB\n","stream":"stderr","time":"2020-03-24T23:38:37.436829539Z"}
{"log":"INFO [03-24|23:38:39.196] Imported new chain segment               blocks=2048  txs=2032 mgas=192.776 elapsed=1.667s    mgasps=115.604 number=280986 hash=548ce8…660e81 age=1y1w2d   dirty=9.77MiB\n","stream":"stderr","time":"2020-03-24T23:38:39.196271471Z"}
{"log":"INFO [03-24|23:38:40.176] Imported new chain segment               blocks=2048  txs=241  mgas=37.215  elapsed=956.111ms mgasps=38.923  number=283034 hash=5b5350…a5a86b age=1y1w1d   dirty=9.93MiB\n","stream":"stderr","time":"2020-03-24T23:38:40.176525989Z"}
{"log":"INFO [03-24|23:38:41.167] Imported new chain segment               blocks=2048  txs=482  mgas=146.652 elapsed=959.134ms mgasps=152.900 number=285082 hash=9f57dc…10d6d2 age=1y1w1d   dirty=10.39MiB\n","stream":"stderr","time":"2020-03-24T23:38:41.167787533Z"}
{"log":"INFO [03-24|23:38:42.019] Imported new chain segment               blocks=2048  txs=299  mgas=50.626  elapsed=816.242ms mgasps=62.023  number=287130 hash=ff852e…ae7c4d age=1y1w23h  dirty=10.33MiB\n","stream":"stderr","time":"2020-03-24T23:38:42.020430359Z"}
{"log":"INFO [03-24|23:38:43.004] Imported new chain segment               blocks=2048  txs=219  mgas=36.818  elapsed=945.080ms mgasps=38.958  number=289178 hash=a1fbdb…e45f04 age=1y1w15h  dirty=10.50MiB\n","stream":"stderr","time":"2020-03-24T23:38:43.004639335Z"}
{"log":"INFO [03-24|23:38:43.819] Imported new chain segment               blocks=2048  txs=302  mgas=52.317  elapsed=790.810ms mgasps=66.157  number=291226 hash=4b45b2…87a2c0 age=1y1w6h   dirty=10.46MiB\n","stream":"stderr","time":"2020-03-24T23:38:43.820175102Z"}
{"log":"INFO [03-24|23:38:44.573] Imported new chain segment               blocks=2048  txs=183  mgas=17.231  elapsed=718.556ms mgasps=23.981  number=293274 hash=7e8c7e…013d79 age=1y6d22h  dirty=10.46MiB\n","stream":"stderr","time":"2020-03-24T23:38:44.573870101Z"}
{"log":"INFO [03-24|23:38:45.451] Imported new chain segment               blocks=2048  txs=112  mgas=15.132  elapsed=844.458ms mgasps=17.920  number=295322 hash=ab865d…523375 age=1y6d13h  dirty=10.46MiB\n","stream":"stderr","time":"2020-03-24T23:38:45.451587127Z"}
{"log":"INFO [03-24|23:38:46.187] Imported new chain segment               blocks=2048  txs=123  mgas=11.788  elapsed=687.587ms mgasps=17.143  number=297370 hash=8e2d0c…c32fe0 age=1y6d5h   dirty=10.48MiB\n","stream":"stderr","time":"2020-03-24T23:38:46.18767121Z"}
{"log":"INFO [03-24|23:38:46.939] Imported new chain segment               blocks=2048  txs=193  mgas=33.278  elapsed=726.233ms mgasps=45.823  number=299418 hash=0896a4…347d26 age=1y5d20h  dirty=10.55MiB\n","stream":"stderr","time":"2020-03-24T23:38:46.940020447Z"}
{"log":"INFO [03-24|23:38:47.853] Imported new chain segment               blocks=2048  txs=269  mgas=43.612  elapsed=887.106ms mgasps=49.162  number=301466 hash=d1fac7…32b0d4 age=1y5d12h  dirty=10.62MiB\n","stream":"stderr","time":"2020-03-24T23:38:47.853478692Z"}
{"log":"INFO [03-24|23:38:48.784] Imported new chain segment               blocks=2048  txs=363  mgas=72.756  elapsed=857.299ms mgasps=84.866  number=303514 hash=b483bc…04050b age=1y5d3h   dirty=10.76MiB\n","stream":"stderr","time":"2020-03-24T23:38:48.784730855Z"}
{"log":"INFO [03-24|23:38:49.628] Imported new chain segment               blocks=2048  txs=276  mgas=81.251  elapsed=817.194ms mgasps=99.426  number=305562 hash=681b06…dcf44d age=1y4d18h  dirty=10.90MiB\n","stream":"stderr","time":"2020-03-24T23:38:49.628448608Z"}
{"log":"INFO [03-24|23:38:50.709] Imported new chain segment               blocks=2048  txs=364  mgas=121.493 elapsed=1.054s    mgasps=115.200 number=307610 hash=800344…2835a1 age=1y4d10h  dirty=11.12MiB\n","stream":"stderr","time":"2020-03-24T23:38:50.710203958Z"}
{"log":"INFO [03-24|23:38:51.884] Imported new chain segment               blocks=2048  txs=528  mgas=148.838 elapsed=1.128s    mgasps=131.921 number=309658 hash=6e76f0…2a61bb age=1y4d1h   dirty=11.16MiB\n","stream":"stderr","time":"2020-03-24T23:38:51.884855006Z"}
{"log":"INFO [03-24|23:38:52.781] Imported new chain segment               blocks=2048  txs=292  mgas=55.852  elapsed=871.345ms mgasps=64.099  number=311706 hash=0212f1…0e988a age=1y3d17h  dirty=11.21MiB\n","stream":"stderr","time":"2020-03-24T23:38:52.781412141Z"}
{"log":"INFO [03-24|23:38:53.712] Imported new chain segment               blocks=2048  txs=224  mgas=65.247  elapsed=877.960ms mgasps=74.316  number=313754 hash=2bbbe9…1524c3 age=1y3d8h   dirty=11.36MiB\n","stream":"stderr","time":"2020-03-24T23:38:53.712622329Z"}
{"log":"INFO [03-24|23:38:54.917] Imported new chain segment               blocks=2048  txs=712  mgas=296.224 elapsed=1.179s    mgasps=251.154 number=315802 hash=a1e24e…f3caa5 age=1y3d16m  dirty=11.80MiB\n","stream":"stderr","time":"2020-03-24T23:38:54.918213938Z"}
{"log":"INFO [03-24|23:38:56.074] Imported new chain segment               blocks=2048  txs=344  mgas=68.774  elapsed=1.087s    mgasps=63.234  number=317850 hash=e34c47…5412c1 age=1y2d15h  dirty=11.75MiB\n","stream":"stderr","time":"2020-03-24T23:38:56.075318542Z"}
{"log":"INFO [03-24|23:38:57.051] Imported new chain segment               blocks=2048  txs=455  mgas=111.541 elapsed=934.950ms mgasps=119.301 number=319898 hash=47ca96…ff6fc3 age=1y2d7h   dirty=11.92MiB\n","stream":"stderr","time":"2020-03-24T23:38:57.051305776Z"}
{"log":"INFO [03-24|23:38:57.964] Imported new chain segment               blocks=2048  txs=314  mgas=125.728 elapsed=883.205ms mgasps=142.354 number=321946 hash=05a41f…1b9f49 age=1y1d22h  dirty=12.04MiB\n","stream":"stderr","time":"2020-03-24T23:38:57.964524937Z"}
{"log":"INFO [03-24|23:38:59.051] Imported new chain segment               blocks=2048  txs=391  mgas=115.563 elapsed=1.059s    mgasps=109.064 number=323994 hash=c8e02f…95f2c3 age=1y1d14h  dirty=12.22MiB\n","stream":"stderr","time":"2020-03-24T23:38:59.051476692Z"}
{"log":"INFO [03-24|23:38:59.937] Imported new chain segment               blocks=2048  txs=293  mgas=47.003  elapsed=856.693ms mgasps=54.866  number=326042 hash=252cdc…6a66b1 age=1y1d5h   dirty=12.27MiB\n","stream":"stderr","time":"2020-03-24T23:38:59.937613926Z"}
{"log":"INFO [03-24|23:39:00.888] Imported new chain segment               blocks=2048  txs=495  mgas=145.069 elapsed=928.811ms mgasps=156.188 number=328090 hash=82094e…9de785 age=1y21h4m  dirty=12.46MiB\n","stream":"stderr","time":"2020-03-24T23:39:00.889152281Z"}
{"log":"INFO [03-24|23:39:01.774] Imported new chain segment               blocks=2048  txs=102  mgas=7.514   elapsed=852.097ms mgasps=8.819   number=330138 hash=0b13d0…7e2e27 age=1y12h32m dirty=12.45MiB\n","stream":"stderr","time":"2020-03-24T23:39:01.775083442Z"}
{"log":"INFO [03-24|23:39:02.454] Imported new chain segment               blocks=2048  txs=193  mgas=41.877  elapsed=635.261ms mgasps=65.921  number=332186 hash=beff28…aaa946 age=1y4h15s  dirty=12.55MiB\n","stream":"stderr","time":"2020-03-24T23:39:02.454615756Z"}
{"log":"INFO [03-24|23:39:03.245] Imported new chain segment               blocks=2048  txs=224  mgas=23.992  elapsed=766.277ms mgasps=31.309  number=334234 hash=39915a…33121a age=11mo4w1d dirty=12.51MiB\n","stream":"stderr","time":"2020-03-24T23:39:03.246009863Z"}
{"log":"INFO [03-24|23:39:04.186] Imported new chain segment               blocks=2048  txs=230  mgas=48.976  elapsed=914.087ms mgasps=53.579  number=336282 hash=675f64…856044 age=11mo4w1d dirty=12.65MiB\n","stream":"stderr","time":"2020-03-24T23:39:04.186784725Z"}
{"log":"INFO [03-24|23:39:05.112] Imported new chain segment               blocks=2048  txs=318  mgas=100.541 elapsed=890.208ms mgasps=112.941 number=338330 hash=2f5eae…234d7c age=11mo4w1d dirty=12.60MiB\n","stream":"stderr","time":"2020-03-24T23:39:05.112675577Z"}
{"log":"INFO [03-24|23:39:05.830] Imported new chain segment               blocks=2048  txs=90   mgas=49.894  elapsed=694.361ms mgasps=71.856  number=340378 hash=f9f2c7…e6f3ad age=11mo4w17h dirty=12.60MiB\n","stream":"stderr","time":"2020-03-24T23:39:05.830838032Z"}
{"log":"INFO [03-24|23:39:06.932] Imported new chain segment               blocks=2048  txs=276  mgas=72.793  elapsed=1.073s    mgasps=67.809  number=342426 hash=278cd0…6fbd1b age=11mo4w9h  dirty=12.83MiB\n","stream":"stderr","time":"2020-03-24T23:39:06.932802051Z"}
{"log":"INFO [03-24|23:39:09.508] Imported new chain segment               blocks=2048  txs=866  mgas=104.076 elapsed=2.549s    mgasps=40.819  number=344474 hash=1df347…3f9e3b age=11mo4w48m dirty=12.90MiB\n","stream":"stderr","time":"2020-03-24T23:39:09.508936335Z"}
{"log":"INFO [03-24|23:39:11.045] Imported new chain segment               blocks=2048  txs=512  mgas=113.162 elapsed=1.484s    mgasps=76.210  number=346522 hash=14d1d8…fad676 age=11mo3w6d  dirty=12.94MiB\n","stream":"stderr","time":"2020-03-24T23:39:11.04563693Z"}
{"log":"INFO [03-24|23:39:12.849] Deep froze chain segment                 blocks=30000 elapsed=4.125s    number=147831 hash=e66375…a039c4\n","stream":"stderr","time":"2020-03-24T23:39:12.84948419Z"}
{"log":"INFO [03-24|23:39:12.982] Imported new chain segment               blocks=2048  txs=808  mgas=126.365 elapsed=1.904s    mgasps=66.367  number=348570 hash=046318…4fe3f3 age=11mo3w6d  dirty=13.08MiB\n","stream":"stderr","time":"2020-03-24T23:39:12.982296883Z"}
{"log":"INFO [03-24|23:39:14.371] Imported new chain segment               blocks=2048  txs=475  mgas=90.658  elapsed=1.318s    mgasps=68.755  number=350618 hash=223b4d…757b71 age=11mo3w5d  dirty=13.25MiB\n","stream":"stderr","time":"2020-03-24T23:39:14.371929107Z"}
{"log":"INFO [03-24|23:39:16.272] Imported new chain segment               blocks=2048  txs=610  mgas=99.987  elapsed=1.862s    mgasps=53.685  number=352666 hash=914db5…6f6921 age=11mo3w5d  dirty=13.37MiB\n","stream":"stderr","time":"2020-03-24T23:39:16.272627656Z"}
{"log":"INFO [03-24|23:39:16.879] Deep froze chain segment                 blocks=30000 elapsed=4.029s    number=177831 hash=24fa6f…80a3f8\n","stream":"stderr","time":"2020-03-24T23:39:16.879580827Z"}
{"log":"INFO [03-24|23:39:17.869] Imported new chain segment               blocks=2048  txs=439  mgas=80.659  elapsed=1.558s    mgasps=51.753  number=354714 hash=b6bac0…e4fa6f age=11mo3w5d  dirty=13.54MiB\n","stream":"stderr","time":"2020-03-24T23:39:17.869862828Z"}
{"log":"INFO [03-24|23:39:19.241] Imported new chain segment               blocks=2048  txs=547  mgas=78.758  elapsed=1.331s    mgasps=59.145  number=356762 hash=b04d70…d6d780 age=11mo3w4d  dirty=13.51MiB\n","stream":"stderr","time":"2020-03-24T23:39:19.241831709Z"}
{"log":"INFO [03-24|23:39:20.774] Imported new chain segment               blocks=2048  txs=249  mgas=61.216  elapsed=1.506s    mgasps=40.634  number=358810 hash=07bef4…b2215c age=11mo3w4d  dirty=13.61MiB\n","stream":"stderr","time":"2020-03-24T23:39:20.774767799Z"}
{"log":"INFO [03-24|23:39:20.989] Deep froze chain segment                 blocks=30000 elapsed=4.109s    number=207831 hash=887bf0…48f0d8\n","stream":"stderr","time":"2020-03-24T23:39:20.98967914Z"}
{"log":"INFO [03-24|23:39:22.178] Imported new chain segment               blocks=2048  txs=727  mgas=112.637 elapsed=1.379s    mgasps=81.643  number=360858 hash=f0548d…3bdbf5 age=11mo3w4d  dirty=13.69MiB\n","stream":"stderr","time":"2020-03-24T23:39:22.179105605Z"}
{"log":"INFO [03-24|23:39:23.720] Imported new chain segment               blocks=2048  txs=397  mgas=56.382  elapsed=1.499s    mgasps=37.605  number=362906 hash=c681c1…3a84bf age=11mo3w3d  dirty=13.92MiB\n","stream":"stderr","time":"2020-03-24T23:39:23.720587221Z"}
{"log":"INFO [03-24|23:39:24.857] Deep froze chain segment                 blocks=30000 elapsed=3.868s    number=237831 hash=2c81d1…dd68c6\n","stream":"stderr","time":"2020-03-24T23:39:24.857785655Z"}
{"log":"INFO [03-24|23:39:25.166] Imported new chain segment               blocks=2048  txs=357  mgas=42.814  elapsed=1.399s    mgasps=30.582  number=364954 hash=3c5a91…ec40e5 age=11mo3w3d  dirty=13.79MiB\n","stream":"stderr","time":"2020-03-24T23:39:25.166400262Z"}
{"log":"INFO [03-24|23:39:26.435] Imported new chain segment               blocks=2048  txs=367  mgas=51.254  elapsed=1.213s    mgasps=42.226  number=367002 hash=e0aa60…fcb32d age=11mo3w3d  dirty=14.02MiB\n","stream":"stderr","time":"2020-03-24T23:39:26.435861383Z"}
{"log":"INFO [03-24|23:39:29.897] Deep froze chain segment                 blocks=30000 elapsed=5.040s    number=267831 hash=c03b17…793483\n","stream":"stderr","time":"2020-03-24T23:39:29.898178715Z"}
{"log":"INFO [03-24|23:39:29.946] Imported new chain segment               blocks=2048  txs=940  mgas=109.329 elapsed=3.484s    mgasps=31.376  number=369050 hash=f5d1c3…9bbc1d age=11mo3w2d  dirty=13.95MiB\n","stream":"stderr","time":"2020-03-24T23:39:29.946320339Z"}
{"log":"INFO [03-24|23:39:31.087] Imported new chain segment               blocks=2048  txs=143  mgas=6.565   elapsed=1.095s    mgasps=5.995   number=371098 hash=ad0f40…5e9650 age=11mo3w2d  dirty=13.90MiB\n","stream":"stderr","time":"2020-03-24T23:39:31.088135084Z"}
{"log":"INFO [03-24|23:39:31.898] Deep froze chain segment                 blocks=11099 elapsed=2.000s    number=278930 hash=ad2d5f…6212ba\n","stream":"stderr","time":"2020-03-24T23:39:31.898857979Z"}
{"log":"INFO [03-24|23:39:33.962] Imported new chain segment               blocks=2048  txs=1850 mgas=224.351 elapsed=2.835s    mgasps=79.129  number=373146 hash=51ab1c…1a7760 age=11mo3w2d  dirty=14.67MiB\n","stream":"stderr","time":"2020-03-24T23:39:33.962668464Z"}
{"log":"INFO [03-24|23:39:36.903] Imported new chain segment               blocks=2048  txs=2032 mgas=181.646 elapsed=2.905s    mgasps=62.515  number=375194 hash=163ed5…1fa413 age=11mo3w1d  dirty=14.70MiB\n","stream":"stderr","time":"2020-03-24T23:39:36.904087141Z"}
{"log":"INFO [03-24|23:39:38.567] Imported new chain segment               blocks=2048  txs=993  mgas=122.449 elapsed=1.635s    mgasps=74.880  number=377242 hash=14d39b…3c1174 age=11mo3w1d  dirty=14.19MiB\n","stream":"stderr","time":"2020-03-24T23:39:38.567547015Z"}
{"log":"INFO [03-24|23:39:39.562] Imported new chain segment               blocks=2048  txs=195  mgas=29.573  elapsed=943.261ms mgasps=31.352  number=379290 hash=533a61…b2598b age=11mo3w23h dirty=14.15MiB\n","stream":"stderr","time":"2020-03-24T23:39:39.56260626Z"}
{"log":"INFO [03-24|23:39:40.348] Imported new chain segment               blocks=2048  txs=279  mgas=24.268  elapsed=760.081ms mgasps=31.928  number=381338 hash=e365e3…3523e5 age=11mo3w15h dirty=14.21MiB\n","stream":"stderr","time":"2020-03-24T23:39:40.349142104Z"}
{"log":"INFO [03-24|23:39:41.136] Imported new chain segment               blocks=2048  txs=146  mgas=33.604  elapsed=748.973ms mgasps=44.867  number=383386 hash=1b29b6…106f8f age=11mo3w6h  dirty=14.22MiB\n","stream":"stderr","time":"2020-03-24T23:39:41.136325606Z"}
{"log":"INFO [03-24|23:39:42.340] Imported new chain segment               blocks=2048  txs=392  mgas=64.364  elapsed=1.119s    mgasps=57.498  number=385434 hash=558ed3…134d23 age=11mo2w6d  dirty=14.27MiB\n","stream":"stderr","time":"2020-03-24T23:39:42.34046146Z"}
{"log":"INFO [03-24|23:39:46.422] Imported new chain segment               blocks=2048  txs=251  mgas=65.997  elapsed=4.056s    mgasps=16.270  number=387482 hash=c278d0…792f32 age=11mo2w6d  dirty=14.36MiB\n","stream":"stderr","time":"2020-03-24T23:39:46.422547862Z"}
{"log":"INFO [03-24|23:39:47.492] Imported new chain segment               blocks=2048  txs=368  mgas=156.163 elapsed=1.032s    mgasps=151.255 number=389530 hash=7fce6e…593bc6 age=11mo2w6d  dirty=14.55MiB\n","stream":"stderr","time":"2020-03-24T23:39:47.492541521Z"}
{"log":"INFO [03-24|23:39:48.634] Imported new chain segment               blocks=2048  txs=1317 mgas=77.098  elapsed=1.113s    mgasps=69.226  number=391578 hash=3b6e47…fe706b age=11mo2w5d  dirty=14.57MiB\n","stream":"stderr","time":"2020-03-24T23:39:48.635205059Z"}
{"log":"INFO [03-24|23:39:50.328] Imported new chain segment               blocks=2048  txs=691  mgas=123.140 elapsed=1.654s    mgasps=74.445  number=393626 hash=b7f209…8ad8a4 age=11mo2w5d  dirty=14.72MiB\n","stream":"stderr","time":"2020-03-24T23:39:50.329082912Z"}
{"log":"INFO [03-24|23:39:51.424] Imported new chain segment               blocks=2048  txs=429  mgas=85.547  elapsed=1.067s    mgasps=80.133  number=395674 hash=3c3a32…26a9ed age=11mo2w5d  dirty=14.96MiB\n","stream":"stderr","time":"2020-03-24T23:39:51.424915804Z"}
{"log":"INFO [03-24|23:39:52.573] Imported new chain segment               blocks=2048  txs=344  mgas=48.723  elapsed=1.120s    mgasps=43.467  number=397722 hash=49ee1e…8a8a78 age=11mo2w4d  dirty=14.85MiB\n","stream":"stderr","time":"2020-03-24T23:39:52.573614927Z"}
{"log":"INFO [03-24|23:39:53.401] Imported new chain segment               blocks=2048  txs=227  mgas=45.428  elapsed=776.301ms mgasps=58.519  number=399770 hash=2fcb23…d11763 age=11mo2w4d  dirty=14.85MiB\n","stream":"stderr","time":"2020-03-24T23:39:53.401434603Z"}
{"log":"INFO [03-24|23:39:55.300] Imported new chain segment               blocks=2048  txs=952  mgas=120.775 elapsed=1.872s    mgasps=64.506  number=401818 hash=284fbc…b432bc age=11mo2w4d  dirty=15.67MiB\n","stream":"stderr","time":"2020-03-24T23:39:55.300842559Z"}
{"log":"INFO [03-24|23:39:56.480] Imported new chain segment               blocks=2048  txs=904  mgas=68.022  elapsed=1.102s    mgasps=61.687  number=403866 hash=f660f4…9d7269 age=11mo2w3d  dirty=16.03MiB\n","stream":"stderr","time":"2020-03-24T23:39:56.48024693Z"}
{"log":"INFO [03-24|23:39:58.011] Imported new chain segment               blocks=2048  txs=1448 mgas=100.294 elapsed=1.504s    mgasps=66.654  number=405914 hash=3fed43…165c07 age=11mo2w3d  dirty=15.71MiB\n","stream":"stderr","time":"2020-03-24T23:39:58.012272416Z"}
{"log":"INFO [03-24|23:39:59.763] Imported new chain segment               blocks=2048  txs=1758 mgas=122.403 elapsed=1.715s    mgasps=71.344  number=407962 hash=5ad7b4…b223f6 age=11mo2w2d  dirty=16.56MiB\n","stream":"stderr","time":"2020-03-24T23:39:59.763957268Z"}
{"log":"INFO [03-24|23:40:01.654] Imported new chain segment               blocks=2048  txs=1706 mgas=153.763 elapsed=1.846s    mgasps=83.275  number=410010 hash=8ec768…f3a3e4 age=11mo2w2d  dirty=16.89MiB\n","stream":"stderr","time":"2020-03-24T23:40:01.654792446Z"}
{"log":"INFO [03-24|23:40:02.862] Imported new chain segment               blocks=2048  txs=1181 mgas=85.359  elapsed=1.180s    mgasps=72.336  number=412058 hash=eb2149…34f085 age=11mo2w2d  dirty=16.80MiB\n","stream":"stderr","time":"2020-03-24T23:40:02.862761591Z"}
{"log":"INFO [03-24|23:40:04.360] Imported new chain segment               blocks=2048  txs=1372 mgas=103.579 elapsed=1.458s    mgasps=71.016  number=414106 hash=83cf4c…b7aee1 age=11mo2w1d  dirty=17.36MiB\n","stream":"stderr","time":"2020-03-24T23:40:04.36107139Z"}
{"log":"INFO [03-24|23:40:05.461] Imported new chain segment               blocks=2048  txs=707  mgas=59.186  elapsed=1.042s    mgasps=56.769  number=416154 hash=27f649…96afa5 age=11mo2w1d  dirty=17.58MiB\n","stream":"stderr","time":"2020-03-24T23:40:05.461890795Z"}
{"log":"INFO [03-24|23:40:06.510] Imported new chain segment               blocks=2048  txs=511  mgas=45.873  elapsed=1.009s    mgasps=45.447  number=418202 hash=effb22…259b2c age=11mo2w1d  dirty=17.95MiB\n","stream":"stderr","time":"2020-03-24T23:40:06.510855647Z"}
{"log":"INFO [03-24|23:40:07.541] Imported new chain segment               blocks=2048  txs=653  mgas=51.696  elapsed=996.936ms mgasps=51.854  number=420250 hash=c8eb2a…892868 age=11mo2w20h dirty=18.39MiB\n","stream":"stderr","time":"2020-03-24T23:40:07.541517611Z"}
{"log":"INFO [03-24|23:40:09.122] Imported new chain segment               blocks=2048  txs=1309 mgas=138.727 elapsed=1.540s    mgasps=90.067  number=422298 hash=afd6ff…58a8e0 age=11mo2w12h dirty=18.84MiB\n","stream":"stderr","time":"2020-03-24T23:40:09.123084558Z"}
{"log":"INFO [03-24|23:40:10.273] Imported new chain segment               blocks=2048  txs=832  mgas=109.717 elapsed=1.123s    mgasps=97.685  number=424346 hash=28c969…d312be age=11mo2w3h  dirty=19.11MiB\n","stream":"stderr","time":"2020-03-24T23:40:10.273410545Z"}
{"log":"INFO [03-24|23:40:11.756] Imported new chain segment               blocks=2048  txs=716  mgas=81.904  elapsed=1.445s    mgasps=56.659  number=426394 hash=4c7230…446c0f age=11mo1w6d  dirty=19.57MiB\n","stream":"stderr","time":"2020-03-24T23:40:11.756682508Z"}
{"log":"INFO [03-24|23:40:13.321] Imported new chain segment               blocks=2048  txs=1680 mgas=289.800 elapsed=1.533s    mgasps=188.979 number=428442 hash=e40d67…e7af66 age=11mo1w6d  dirty=20.49MiB\n","stream":"stderr","time":"2020-03-24T23:40:13.321326877Z"}
{"log":"INFO [03-24|23:40:15.290] Imported new chain segment               blocks=2048  txs=1767 mgas=146.875 elapsed=1.919s    mgasps=76.528  number=430490 hash=3c7f27…71dcb5 age=11mo1w6d  dirty=20.77MiB\n","stream":"stderr","time":"2020-03-24T23:40:15.290955643Z"}
{"log":"INFO [03-24|23:40:17.107] Imported new chain segment               blocks=2048  txs=1447 mgas=103.211 elapsed=1.776s    mgasps=58.108  number=432538 hash=fc1f0e…efca54 age=11mo1w5d  dirty=21.13MiB\n","stream":"stderr","time":"2020-03-24T23:40:17.107990712Z"}
{"log":"INFO [03-24|23:40:18.386] Imported new chain segment               blocks=2048  txs=1338 mgas=111.280 elapsed=1.252s    mgasps=88.841  number=434586 hash=0d0a7d…84727c age=11mo1w5d  dirty=21.55MiB\n","stream":"stderr","time":"2020-03-24T23:40:18.386237125Z"}
{"log":"INFO [03-24|23:40:21.513] Imported new chain segment               blocks=2048  txs=2331 mgas=335.256 elapsed=3.102s    mgasps=108.077 number=436634 hash=4eeec8…600d4b age=11mo1w4d  dirty=22.01MiB\n","stream":"stderr","time":"2020-03-24T23:40:21.513516265Z"}
{"log":"INFO [03-24|23:40:25.589] Imported new chain segment               blocks=2048  txs=3864 mgas=336.061 elapsed=4.038s    mgasps=83.224  number=438682 hash=0ed7fc…55476d age=11mo1w4d  dirty=22.31MiB\n","stream":"stderr","time":"2020-03-24T23:40:25.589411878Z"}
{"log":"INFO [03-24|23:40:27.030] Imported new chain segment               blocks=2048  txs=1509 mgas=143.363 elapsed=1.414s    mgasps=101.336 number=440730 hash=75f432…8fb150 age=11mo1w4d  dirty=22.70MiB\n","stream":"stderr","time":"2020-03-24T23:40:27.030722551Z"}
{"log":"INFO [03-24|23:40:29.875] Imported new chain segment               blocks=2048  txs=2103 mgas=216.849 elapsed=2.805s    mgasps=77.297  number=442778 hash=5da9d1…5ef571 age=11mo1w3d  dirty=22.95MiB\n","stream":"stderr","time":"2020-03-24T23:40:29.875455229Z"}
{"log":"INFO [03-24|23:40:31.799] Imported new chain segment               blocks=2048  txs=1737 mgas=170.338 elapsed=1.881s    mgasps=90.544  number=444826 hash=301e08…59e46d age=11mo1w3d  dirty=23.41MiB\n","stream":"stderr","time":"2020-03-24T23:40:31.79963468Z"}
{"log":"INFO [03-24|23:40:33.740] Imported new chain segment               blocks=2048  txs=1306 mgas=106.802 elapsed=1.895s    mgasps=56.344  number=446874 hash=d92a41…f523d6 age=11mo1w3d  dirty=23.66MiB\n","stream":"stderr","time":"2020-03-24T23:40:33.740845722Z"}
{"log":"INFO [03-24|23:40:36.798] Deep froze chain segment                 blocks=30000 elapsed=4.895s    number=308930 hash=844aa1…22baf4\n","stream":"stderr","time":"2020-03-24T23:40:36.798208103Z"}
{"log":"INFO [03-24|23:40:37.758] Imported new chain segment               blocks=2048  txs=1932 mgas=250.507 elapsed=3.974s    mgasps=63.025  number=448922 hash=f5dae5…2fce33 age=11mo1w2d  dirty=24.19MiB\n","stream":"stderr","time":"2020-03-24T23:40:37.759055548Z"}
{"log":"INFO [03-24|23:40:39.550] Imported new chain segment               blocks=2048  txs=1000 mgas=85.324  elapsed=1.649s    mgasps=51.716  number=450970 hash=03af8c…cdfe5d age=11mo1w2d  dirty=24.60MiB\n","stream":"stderr","time":"2020-03-24T23:40:39.550632422Z"}
{"log":"INFO [03-24|23:40:41.619] Deep froze chain segment                 blocks=30000 elapsed=4.821s    number=338930 hash=672a55…5e41ab\n","stream":"stderr","time":"2020-03-24T23:40:41.619315683Z"}
{"log":"INFO [03-24|23:40:44.525] Deep froze chain segment                 blocks=23262 elapsed=2.905s    number=362192 hash=185553…5d79d4\n","stream":"stderr","time":"2020-03-24T23:40:44.525361288Z"}
{"log":"INFO [03-24|23:40:45.252] Imported new chain segment               blocks=2048  txs=3188 mgas=365.382 elapsed=5.667s    mgasps=64.467  number=453018 hash=7b4a02…f1c5a7 age=11mo1w2d  dirty=24.92MiB\n","stream":"stderr","time":"2020-03-24T23:40:45.252936224Z"}
{"log":"INFO [03-24|23:40:46.647] Imported new chain segment               blocks=2048  txs=748  mgas=84.240  elapsed=1.365s    mgasps=61.697  number=455066 hash=a91def…8a884d age=11mo1w1d  dirty=25.22MiB\n","stream":"stderr","time":"2020-03-24T23:40:46.648087552Z"}
{"log":"INFO [03-24|23:40:47.742] Imported new chain segment               blocks=2048  txs=642  mgas=66.216  elapsed=1.005s    mgasps=65.862  number=457114 hash=8a5b33…b4f24c age=11mo1w1d  dirty=25.53MiB\n","stream":"stderr","time":"2020-03-24T23:40:47.742541173Z"}
{"log":"INFO [03-24|23:40:50.793] Imported new chain segment               blocks=2048  txs=1634 mgas=251.803 elapsed=3.023s    mgasps=83.269  number=459162 hash=909807…c76d5d age=11mo1w1d  dirty=25.95MiB\n","stream":"stderr","time":"2020-03-24T23:40:50.793325717Z"}
{"log":"INFO [03-24|23:40:56.395] Imported new chain segment               blocks=2048  txs=3181 mgas=457.820 elapsed=5.575s    mgasps=82.113  number=461210 hash=40f981…746ff2 age=11mo1w17h dirty=26.38MiB\n","stream":"stderr","time":"2020-03-24T23:40:56.395879726Z"}
{"log":"INFO [03-24|23:40:57.669] Imported new chain segment               blocks=2048  txs=663  mgas=48.280  elapsed=1.246s    mgasps=38.740  number=463258 hash=0252ba…7b46e7 age=11mo1w8h  dirty=26.68MiB\n","stream":"stderr","time":"2020-03-24T23:40:57.669270204Z"}
{"log":"INFO [03-24|23:41:00.301] Imported new chain segment               blocks=2048  txs=1516 mgas=193.481 elapsed=2.589s    mgasps=74.712  number=465306 hash=7deb10…2ac20d age=11mo1w20m dirty=27.01MiB\n","stream":"stderr","time":"2020-03-24T23:41:00.301386807Z"}
{"log":"INFO [03-24|23:41:03.736] Imported new chain segment               blocks=2048  txs=2200 mgas=286.986 elapsed=3.408s    mgasps=84.189  number=467354 hash=72b10b…0506e5 age=11mo6d15h dirty=27.33MiB\n","stream":"stderr","time":"2020-03-24T23:41:03.736386667Z"}
{"log":"INFO [03-24|23:41:06.490] Imported new chain segment               blocks=2048  txs=1510 mgas=204.924 elapsed=2.728s    mgasps=75.093  number=469402 hash=cf66bc…1f7fdf age=11mo6d7h  dirty=27.77MiB\n","stream":"stderr","time":"2020-03-24T23:41:06.491089939Z"}
{"log":"INFO [03-24|23:41:08.675] Imported new chain segment               blocks=2048  txs=1811 mgas=153.053 elapsed=2.157s    mgasps=70.945  number=471450 hash=da51d5…4c4387 age=11mo5d22h dirty=28.11MiB\n","stream":"stderr","time":"2020-03-24T23:41:08.675504956Z"}
{"log":"INFO [03-24|23:41:11.008] Imported new chain segment               blocks=2048  txs=1248 mgas=139.491 elapsed=2.301s    mgasps=60.600  number=473498 hash=ddfee4…a64149 age=11mo5d14h dirty=28.44MiB\n","stream":"stderr","time":"2020-03-24T23:41:11.008969366Z"}
{"log":"INFO [03-24|23:41:12.378] Imported new chain segment               blocks=2048  txs=749  mgas=83.938  elapsed=1.342s    mgasps=62.514  number=475546 hash=f8d349…0e79f9 age=11mo5d5h  dirty=28.75MiB\n","stream":"stderr","time":"2020-03-24T23:41:12.378648186Z"}
{"log":"INFO [03-24|23:41:16.689] Imported new chain segment               blocks=2048  txs=2421 mgas=394.660 elapsed=4.272s    mgasps=92.374  number=477594 hash=43344d…d52d15 age=11mo4d21h dirty=29.34MiB\n","stream":"stderr","time":"2020-03-24T23:41:16.689962716Z"}
{"log":"INFO [03-24|23:41:17.656] Imported new chain segment               blocks=2048  txs=486  mgas=42.108  elapsed=939.913ms mgasps=44.800  number=479642 hash=ea808e…76791d age=11mo4d12h dirty=29.57MiB\n","stream":"stderr","time":"2020-03-24T23:41:17.656518145Z"}
{"log":"INFO [03-24|23:41:20.026] Imported new chain segment               blocks=2048  txs=2438 mgas=188.206 elapsed=2.335s    mgasps=80.590  number=481690 hash=a987ff…643f17 age=11mo4d4h  dirty=29.77MiB\n","stream":"stderr","time":"2020-03-24T23:41:20.026842303Z"}
{"log":"INFO [03-24|23:41:21.731] Imported new chain segment               blocks=2048  txs=720  mgas=186.877 elapsed=1.661s    mgasps=112.441 number=483738 hash=423644…845a0f age=11mo3d19h dirty=29.72MiB\n","stream":"stderr","time":"2020-03-24T23:41:21.731650779Z"}
{"log":"INFO [03-24|23:41:22.724] Imported new chain segment               blocks=2048  txs=438  mgas=83.376  elapsed=966.255ms mgasps=86.288  number=485786 hash=b0bfa1…8428b6 age=11mo3d11h dirty=29.94MiB\n","stream":"stderr","time":"2020-03-24T23:41:22.724331623Z"}
{"log":"INFO [03-24|23:41:25.250] Imported new chain segment               blocks=2048  txs=1376 mgas=331.205 elapsed=2.499s    mgasps=132.512 number=487834 hash=e52c2c…3b1748 age=11mo3d2h  dirty=30.08MiB\n","stream":"stderr","time":"2020-03-24T23:41:25.250746383Z"}
{"log":"INFO [03-24|23:41:29.239] Imported new chain segment               blocks=2048  txs=2062 mgas=322.812 elapsed=3.954s    mgasps=81.636  number=489882 hash=984131…6f4045 age=11mo2d17h dirty=30.14MiB\n","stream":"stderr","time":"2020-03-24T23:41:29.239850289Z"}
{"log":"INFO [03-24|23:41:30.426] Imported new chain segment               blocks=2048  txs=411  mgas=61.897  elapsed=1.159s    mgasps=53.362  number=491930 hash=ed4d9e…c841e9 age=11mo2d9h  dirty=30.26MiB\n","stream":"stderr","time":"2020-03-24T23:41:30.42679887Z"}
{"log":"INFO [03-24|23:41:33.663] Imported new chain segment               blocks=2048  txs=1760 mgas=250.887 elapsed=3.210s    mgasps=78.151  number=493978 hash=14f254…bb9a2f age=11mo2d53m dirty=30.72MiB\n","stream":"stderr","time":"2020-03-24T23:41:33.663406096Z"}
{"log":"INFO [03-24|23:41:36.099] Imported new chain segment               blocks=2048  txs=1370 mgas=175.562 elapsed=2.404s    mgasps=73.025  number=496026 hash=102054…14506e age=11mo1d16h dirty=31.14MiB\n","stream":"stderr","time":"2020-03-24T23:41:36.099650157Z"}
{"log":"INFO [03-24|23:41:37.369] Imported new chain segment               blocks=2048  txs=518  mgas=41.949  elapsed=1.185s    mgasps=35.397  number=498074 hash=9c1a70…8a8194 age=11mo1d7h  dirty=31.43MiB\n","stream":"stderr","time":"2020-03-24T23:41:37.369817876Z"}
{"log":"INFO [03-24|23:41:38.888] Imported new chain segment               blocks=2048  txs=1251 mgas=100.212 elapsed=1.491s    mgasps=67.175  number=500122 hash=824d55…246281 age=11mo23h17m dirty=31.80MiB\n","stream":"stderr","time":"2020-03-24T23:41:38.888481609Z"}
{"log":"INFO [03-24|23:41:42.887] Imported new chain segment               blocks=2048  txs=2187 mgas=299.633 elapsed=3.968s    mgasps=75.496  number=502170 hash=170281…34bc1b age=11mo14h45m dirty=32.29MiB\n","stream":"stderr","time":"2020-03-24T23:41:42.887391221Z"}
{"log":"INFO [03-24|23:41:45.066] Imported new chain segment               blocks=2048  txs=1399 mgas=352.365 elapsed=2.144s    mgasps=164.333 number=504218 hash=a319a1…ffa0d4 age=11mo6h13m  dirty=32.94MiB\n","stream":"stderr","time":"2020-03-24T23:41:45.067178369Z"}
{"log":"INFO [03-24|23:41:46.885] Imported new chain segment               blocks=2048  txs=1001 mgas=88.507  elapsed=1.761s    mgasps=50.253  number=506266 hash=c5678a…5e9ea3 age=10mo4w1d   dirty=33.17MiB\n","stream":"stderr","time":"2020-03-24T23:41:46.885408385Z"}
{"log":"INFO [03-24|23:41:48.448] Imported new chain segment               blocks=2048  txs=654  mgas=108.944 elapsed=1.535s    mgasps=70.950  number=508314 hash=15cebe…66c7f0 age=10mo4w1d   dirty=33.67MiB\n","stream":"stderr","time":"2020-03-24T23:41:48.448571756Z"}
{"log":"INFO [03-24|23:41:49.719] Deep froze chain segment                 blocks=30000 elapsed=5.194s    number=392192 hash=67f944…106b1e\n","stream":"stderr","time":"2020-03-24T23:41:49.71999187Z"}
{"log":"INFO [03-24|23:41:50.772] Imported new chain segment               blocks=2048  txs=2173 mgas=152.109 elapsed=2.236s    mgasps=68.012  number=510362 hash=d74830…ad5c1b age=10mo4w1d   dirty=34.05MiB\n","stream":"stderr","time":"2020-03-24T23:41:50.772543304Z"}
{"log":"INFO [03-24|23:41:51.883] Imported new chain segment               blocks=2048  txs=514  mgas=55.049  elapsed=1.073s    mgasps=51.297  number=512410 hash=98512a…297dbd age=10mo4w20h  dirty=34.47MiB\n","stream":"stderr","time":"2020-03-24T23:41:51.884015368Z"}
{"log":"INFO [03-24|23:41:53.417] Deep froze chain segment                 blocks=27231 elapsed=3.697s    number=419423 hash=9ef096…280102\n","stream":"stderr","time":"2020-03-24T23:41:53.417669257Z"}
{"log":"INFO [03-24|23:41:54.004] Imported new chain segment               blocks=2048  txs=812  mgas=92.097  elapsed=2.093s    mgasps=43.995  number=514458 hash=f4c2cd…945d13 age=10mo4w11h  dirty=34.85MiB\n","stream":"stderr","time":"2020-03-24T23:41:54.0051795Z"}
{"log":"INFO [03-24|23:41:55.082] Imported new chain segment               blocks=2048  txs=530  mgas=54.837  elapsed=1.047s    mgasps=52.353  number=516506 hash=faef75…2634d0 age=10mo4w3h   dirty=35.17MiB\n","stream":"stderr","time":"2020-03-24T23:41:55.082912358Z"}
{"log":"INFO [03-24|23:41:56.473] Imported new chain segment               blocks=2048  txs=696  mgas=70.804  elapsed=1.363s    mgasps=51.927  number=518554 hash=3ca68d…49e9ae age=10mo3w6d   dirty=35.68MiB\n","stream":"stderr","time":"2020-03-24T23:41:56.473376671Z"}
{"log":"INFO [03-24|23:41:57.526] Imported new chain segment               blocks=2048  txs=690  mgas=105.047 elapsed=1.028s    mgasps=102.164 number=520602 hash=9acf4b…0394e6 age=10mo3w6d   dirty=36.12MiB\n","stream":"stderr","time":"2020-03-24T23:41:57.526651167Z"}
{"log":"INFO [03-24|23:41:58.859] Imported new chain segment               blocks=2048  txs=508  mgas=73.423  elapsed=1.280s    mgasps=57.345  number=522650 hash=7c7cc8…aacca4 age=10mo3w6d   dirty=36.41MiB\n","stream":"stderr","time":"2020-03-24T23:41:58.859770509Z"}
{"log":"INFO [03-24|23:41:59.984] Imported new chain segment               blocks=2048  txs=561  mgas=63.586  elapsed=1.100s    mgasps=57.759  number=524698 hash=cc1896…f67d20 age=10mo3w5d   dirty=36.97MiB\n","stream":"stderr","time":"2020-03-24T23:41:59.985061053Z"}
{"log":"INFO [03-24|23:42:01.678] Imported new chain segment               blocks=2048  txs=1018 mgas=249.452 elapsed=1.665s    mgasps=149.802 number=526746 hash=1d5241…7f81d3 age=10mo3w5d   dirty=37.58MiB\n","stream":"stderr","time":"2020-03-24T23:42:01.679149408Z"}
{"log":"INFO [03-24|23:42:02.720] Imported new chain segment               blocks=2048  txs=580  mgas=52.616  elapsed=1.017s    mgasps=51.732  number=528794 hash=86532a…cb5e9c age=10mo3w4d   dirty=37.88MiB\n","stream":"stderr","time":"2020-03-24T23:42:02.720963423Z"}
{"log":"INFO [03-24|23:42:04.070] Imported new chain segment               blocks=2048  txs=507  mgas=41.909  elapsed=1.317s    mgasps=31.820  number=530842 hash=3c896c…82c2cb age=10mo3w4d   dirty=38.21MiB\n","stream":"stderr","time":"2020-03-24T23:42:04.070378224Z"}
{"log":"INFO [03-24|23:42:04.957] Imported new chain segment               blocks=2048  txs=471  mgas=39.364  elapsed=858.867ms mgasps=45.833  number=532890 hash=be16de…472e89 age=10mo3w4d   dirty=38.49MiB\n","stream":"stderr","time":"2020-03-24T23:42:04.958124347Z"}
{"log":"INFO [03-24|23:42:05.950] Imported new chain segment               blocks=2048  txs=462  mgas=36.152  elapsed=959.288ms mgasps=37.687  number=534938 hash=d1ee98…65d316 age=10mo3w3d   dirty=38.74MiB\n","stream":"stderr","time":"2020-03-24T23:42:05.950699078Z"}
{"log":"INFO [03-24|23:42:07.060] Imported new chain segment               blocks=2048  txs=483  mgas=39.431  elapsed=1.073s    mgasps=36.716  number=536986 hash=69a4e9…2285c9 age=10mo3w3d   dirty=39.12MiB\n","stream":"stderr","time":"2020-03-24T23:42:07.061083346Z"}
{"log":"INFO [03-24|23:42:08.000] Imported new chain segment               blocks=2048  txs=486  mgas=42.199  elapsed=854.424ms mgasps=49.388  number=539034 hash=453135…684cb2 age=10mo3w3d   dirty=39.35MiB\n","stream":"stderr","time":"2020-03-24T23:42:08.000461593Z"}
{"log":"INFO [03-24|23:42:09.276] Imported new chain segment               blocks=2048  txs=566  mgas=46.129  elapsed=1.251s    mgasps=36.864  number=541082 hash=9d5a5d…b7aa2c age=10mo3w2d   dirty=39.92MiB\n","stream":"stderr","time":"2020-03-24T23:42:09.277209809Z"}
{"log":"INFO [03-24|23:42:10.260] Imported new chain segment               blocks=2048  txs=458  mgas=58.167  elapsed=939.094ms mgasps=61.940  number=543130 hash=dcb8ce…28eb96 age=10mo3w2d   dirty=40.04MiB\n","stream":"stderr","time":"2020-03-24T23:42:10.260455682Z"}
{"log":"INFO [03-24|23:42:11.683] Imported new chain segment               blocks=2048  txs=1897 mgas=102.690 elapsed=1.396s    mgasps=73.548  number=545178 hash=9e1af9…947cab age=10mo3w2d   dirty=40.42MiB\n","stream":"stderr","time":"2020-03-24T23:42:11.683803706Z"}
{"log":"INFO [03-24|23:42:12.822] Imported new chain segment               blocks=2048  txs=462  mgas=39.107  elapsed=1.096s    mgasps=35.677  number=547226 hash=26cb6d…3236f7 age=10mo3w1d   dirty=40.66MiB\n","stream":"stderr","time":"2020-03-24T23:42:12.822571519Z"}
{"log":"INFO [03-24|23:42:14.224] Imported new chain segment               blocks=2048  txs=708  mgas=73.964  elapsed=1.372s    mgasps=53.876  number=549274 hash=850a52…1c05a4 age=10mo3w1d   dirty=41.14MiB\n","stream":"stderr","time":"2020-03-24T23:42:14.224749106Z"}
{"log":"INFO [03-24|23:42:15.777] Imported new chain segment               blocks=2048  txs=1087 mgas=104.864 elapsed=1.510s    mgasps=69.445  number=551322 hash=16d3c8…a3b6e9 age=10mo3w1d   dirty=41.48MiB\n","stream":"stderr","time":"2020-03-24T23:42:15.777933798Z"}
{"log":"INFO [03-24|23:42:16.649] Imported new chain segment               blocks=2048  txs=389  mgas=31.908  elapsed=846.591ms mgasps=37.690  number=553370 hash=ff2688…3b7e71 age=10mo3w17h  dirty=41.19MiB\n","stream":"stderr","time":"2020-03-24T23:42:16.649238772Z"}
{"log":"INFO [03-24|23:42:17.868] Imported new chain segment               blocks=2048  txs=619  mgas=60.071  elapsed=1.179s    mgasps=50.923  number=555418 hash=8df870…44f8dc age=10mo3w8h   dirty=41.51MiB\n","stream":"stderr","time":"2020-03-24T23:42:17.86833449Z"}
{"log":"INFO [03-24|23:42:18.826] Imported new chain segment               blocks=2048  txs=410  mgas=29.405  elapsed=918.803ms mgasps=32.004  number=557466 hash=6c0822…d6fd04 age=10mo3w20m  dirty=41.38MiB\n","stream":"stderr","time":"2020-03-24T23:42:18.826397733Z"}
{"log":"INFO [03-24|23:42:20.082] Imported new chain segment               blocks=2048  txs=497  mgas=80.730  elapsed=1.222s    mgasps=66.040  number=559514 hash=50cf0e…09a880 age=10mo2w6d   dirty=41.78MiB\n","stream":"stderr","time":"2020-03-24T23:42:20.083056134Z"}
{"log":"INFO [03-24|23:42:21.175] Imported new chain segment               blocks=2048  txs=652  mgas=106.234 elapsed=996.841ms mgasps=106.571 number=561562 hash=a1f3b8…69713c age=10mo2w6d   dirty=41.77MiB\n","stream":"stderr","time":"2020-03-24T23:42:21.175634811Z"}
{"log":"INFO [03-24|23:42:21.993] Imported new chain segment               blocks=2048  txs=151  mgas=15.085  elapsed=790.658ms mgasps=19.079  number=563610 hash=87c099…fbf17e age=10mo2w5d   dirty=41.77MiB\n","stream":"stderr","time":"2020-03-24T23:42:21.993681082Z"}
{"log":"INFO [03-24|23:42:23.194] Imported new chain segment               blocks=2048  txs=551  mgas=36.280  elapsed=1.163s    mgasps=31.188  number=565658 hash=92d9be…aeb0b6 age=10mo2w5d   dirty=42.33MiB\n","stream":"stderr","time":"2020-03-24T23:42:23.19487312Z"}
{"log":"INFO [03-24|23:42:24.471] Imported new chain segment               blocks=2048  txs=872  mgas=72.004  elapsed=1.238s    mgasps=58.128  number=567706 hash=6b9a0e…4b4f22 age=10mo2w5d   dirty=42.67MiB\n","stream":"stderr","time":"2020-03-24T23:42:24.471642506Z"}
{"log":"INFO [03-24|23:42:25.832] Imported new chain segment               blocks=2048  txs=656  mgas=63.893  elapsed=1.332s    mgasps=47.939  number=569754 hash=36dcea…1cbe8c age=10mo2w4d   dirty=42.96MiB\n","stream":"stderr","time":"2020-03-24T23:42:25.832245249Z"}
{"log":"INFO [03-24|23:42:26.935] Imported new chain segment               blocks=2048  txs=563  mgas=46.507  elapsed=1.074s    mgasps=43.280  number=571802 hash=5b77fc…d3b8f7 age=10mo2w4d   dirty=43.33MiB\n","stream":"stderr","time":"2020-03-24T23:42:26.935823743Z"}
{"log":"INFO [03-24|23:42:28.284] Imported new chain segment               blocks=2048  txs=562  mgas=46.255  elapsed=1.322s    mgasps=34.980  number=573850 hash=badcba…1c510b age=10mo2w4d   dirty=43.72MiB\n","stream":"stderr","time":"2020-03-24T23:42:28.284979672Z"}
{"log":"INFO [03-24|23:42:29.344] Imported new chain segment               blocks=2048  txs=568  mgas=59.166  elapsed=1.029s    mgasps=57.487  number=575898 hash=94380e…ba24b3 age=10mo2w3d   dirty=44.05MiB\n","stream":"stderr","time":"2020-03-24T23:42:29.344514791Z"}
{"log":"INFO [03-24|23:42:30.746] Imported new chain segment               blocks=2048  txs=657  mgas=56.079  elapsed=1.364s    mgasps=41.101  number=577946 hash=b6cf92…ac361c age=10mo2w3d   dirty=44.48MiB\n","stream":"stderr","time":"2020-03-24T23:42:30.746362649Z"}
{"log":"INFO [03-24|23:42:31.886] Imported new chain segment               blocks=2048  txs=517  mgas=45.036  elapsed=1.098s    mgasps=41.013  number=579994 hash=b52bec…daffe4 age=10mo2w3d   dirty=44.81MiB\n","stream":"stderr","time":"2020-03-24T23:42:31.886801584Z"}
{"log":"INFO [03-24|23:42:33.225] Imported new chain segment               blocks=2048  txs=624  mgas=64.760  elapsed=1.313s    mgasps=49.295  number=582042 hash=519e46…cb5cd5 age=10mo2w2d   dirty=45.17MiB\n","stream":"stderr","time":"2020-03-24T23:42:33.22595208Z"}
{"log":"INFO [03-24|23:42:34.502] Imported new chain segment               blocks=2048  txs=779  mgas=101.975 elapsed=1.236s    mgasps=82.499  number=584090 hash=6d9777…7f038b age=10mo2w2d   dirty=45.72MiB\n","stream":"stderr","time":"2020-03-24T23:42:34.502798749Z"}
{"log":"INFO [03-24|23:42:36.301] Imported new chain segment               blocks=2048  txs=882  mgas=96.063  elapsed=1.772s    mgasps=54.201  number=586138 hash=add2ce…3ef05b age=10mo2w2d   dirty=46.20MiB\n","stream":"stderr","time":"2020-03-24T23:42:36.301654297Z"}
{"log":"INFO [03-24|23:42:37.493] Imported new chain segment               blocks=2048  txs=721  mgas=88.713  elapsed=1.156s    mgasps=76.682  number=588186 hash=ae05f8…0a359f age=10mo2w1d   dirty=46.49MiB\n","stream":"stderr","time":"2020-03-24T23:42:37.493658045Z"}
{"log":"INFO [03-24|23:42:39.107] Imported new chain segment               blocks=2048  txs=693  mgas=90.555  elapsed=1.573s    mgasps=57.537  number=590234 hash=dcb505…e5825b age=10mo2w1d   dirty=47.04MiB\n","stream":"stderr","time":"2020-03-24T23:42:39.10780212Z"}
{"log":"INFO [03-24|23:42:40.237] Imported new chain segment               blocks=2048  txs=553  mgas=66.607  elapsed=999.325ms mgasps=66.652  number=592282 hash=ef6be2…ccea07 age=10mo2w23h  dirty=47.30MiB\n","stream":"stderr","time":"2020-03-24T23:42:40.237545762Z"}
{"log":"INFO [03-24|23:42:41.658] Imported new chain segment               blocks=2048  txs=645  mgas=73.756  elapsed=1.370s    mgasps=53.822  number=594330 hash=1aeee0…e0f53b age=10mo2w14h  dirty=47.76MiB\n","stream":"stderr","time":"2020-03-24T23:42:41.658825624Z"}
{"log":"INFO [03-24|23:42:43.083] Imported new chain segment               blocks=2048  txs=1084 mgas=155.806 elapsed=1.384s    mgasps=112.536 number=596378 hash=7f3ad7…dd3379 age=10mo2w6h   dirty=48.00MiB\n","stream":"stderr","time":"2020-03-24T23:42:43.083950298Z"}
{"log":"INFO [03-24|23:42:44.240] Imported new chain segment               blocks=2048  txs=400  mgas=25.177  elapsed=1.123s    mgasps=22.416  number=598426 hash=31c582…4b66b3 age=10mo1w6d   dirty=47.94MiB\n","stream":"stderr","time":"2020-03-24T23:42:44.240381099Z"}
{"log":"INFO [03-24|23:42:45.340] Imported new chain segment               blocks=2048  txs=515  mgas=48.263  elapsed=1.069s    mgasps=45.125  number=600474 hash=c9def8…ebeb9c age=10mo1w6d   dirty=48.87MiB\n","stream":"stderr","time":"2020-03-24T23:42:45.341165126Z"}
{"log":"INFO [03-24|23:42:47.004] Imported new chain segment               blocks=2048  txs=924  mgas=180.820 elapsed=1.636s    mgasps=110.506 number=602522 hash=d8d583…15ff39 age=10mo1w6d   dirty=48.35MiB\n","stream":"stderr","time":"2020-03-24T23:42:47.005204037Z"}
{"log":"INFO [03-24|23:42:47.939] Imported new chain segment               blocks=2048  txs=348  mgas=56.592  elapsed=897.687ms mgasps=63.042  number=604570 hash=0d4518…bf8967 age=10mo1w5d   dirty=48.41MiB\n","stream":"stderr","time":"2020-03-24T23:42:47.940014069Z"}
{"log":"INFO [03-24|23:42:48.850] Imported new chain segment               blocks=2048  txs=450  mgas=164.999 elapsed=883.990ms mgasps=186.652 number=606618 hash=255ec3…3c1118 age=10mo1w5d   dirty=48.82MiB\n","stream":"stderr","time":"2020-03-24T23:42:48.850303224Z"}
{"log":"INFO [03-24|23:42:50.267] Imported new chain segment               blocks=2048  txs=381  mgas=163.270 elapsed=1.370s    mgasps=119.121 number=608666 hash=fe69a6…87eb02 age=10mo1w5d   dirty=49.00MiB\n","stream":"stderr","time":"2020-03-24T23:42:50.268014682Z"}
{"log":"INFO [03-24|23:42:53.865] Imported new chain segment               blocks=2048  txs=1752 mgas=283.484 elapsed=3.565s    mgasps=79.503  number=610714 hash=d91011…5c9120 age=10mo1w4d   dirty=49.06MiB\n","stream":"stderr","time":"2020-03-24T23:42:53.865349168Z"}
{"log":"INFO [03-24|23:42:55.041] Imported new chain segment               blocks=2048  txs=110  mgas=10.817  elapsed=1.133s    mgasps=9.541   number=612762 hash=cf2538…2f2e1c age=10mo1w4d   dirty=49.04MiB\n","stream":"stderr","time":"2020-03-24T23:42:55.041894901Z"}
{"log":"INFO [03-24|23:42:56.440] Imported new chain segment               blocks=2048  txs=617  mgas=63.335  elapsed=1.370s    mgasps=46.202  number=614810 hash=073de8…602cac age=10mo1w4d   dirty=49.92MiB\n","stream":"stderr","time":"2020-03-24T23:42:56.440835644Z"}
{"log":"INFO [03-24|23:42:58.012] Deep froze chain segment                 blocks=30000 elapsed=4.594s    number=449423 hash=d76c41…690503\n","stream":"stderr","time":"2020-03-24T23:42:58.012707085Z"}
{"log":"INFO [03-24|23:42:58.562] Imported new chain segment               blocks=2048  txs=702  mgas=61.344  elapsed=2.039s    mgasps=30.080  number=616858 hash=1ffe2e…6fc1ed age=10mo1w3d   dirty=50.43MiB\n","stream":"stderr","time":"2020-03-24T23:42:58.562532072Z"}
{"log":"INFO [03-24|23:43:00.246] Imported new chain segment               blocks=2048  txs=724  mgas=79.838  elapsed=1.635s    mgasps=48.829  number=618906 hash=ab90be…cab476 age=10mo1w3d   dirty=51.02MiB\n","stream":"stderr","time":"2020-03-24T23:43:00.246599398Z"}
{"log":"INFO [03-24|23:43:02.071] Deep froze chain segment                 blocks=30000 elapsed=4.058s    number=479423 hash=5a0d64…0e4637\n","stream":"stderr","time":"2020-03-24T23:43:02.071759687Z"}
{"log":"INFO [03-24|23:43:02.189] Imported new chain segment               blocks=2048  txs=758  mgas=70.751  elapsed=1.884s    mgasps=37.537  number=620954 hash=e83fa3…99f65f age=10mo1w2d   dirty=51.50MiB\n","stream":"stderr","time":"2020-03-24T23:43:02.190047158Z"}
{"log":"INFO [03-24|23:43:04.812] Imported new chain segment               blocks=2048  txs=1031 mgas=192.593 elapsed=2.591s    mgasps=74.304  number=623002 hash=90960f…165460 age=10mo1w2d   dirty=52.55MiB\n","stream":"stderr","time":"2020-03-24T23:43:04.812930606Z"}
{"log":"INFO [03-24|23:43:06.376] Deep froze chain segment                 blocks=30000 elapsed=4.304s    number=509423 hash=5574fd…ea9f9e\n","stream":"stderr","time":"2020-03-24T23:43:06.376272964Z"}
{"log":"INFO [03-24|23:43:07.379] Imported new chain segment               blocks=2048  txs=1441 mgas=362.566 elapsed=2.529s    mgasps=143.307 number=625050 hash=98978d…a7b85f age=10mo1w2d   dirty=52.69MiB\n","stream":"stderr","time":"2020-03-24T23:43:07.379344866Z"}
{"log":"INFO [03-24|23:43:09.275] Imported new chain segment               blocks=2048  txs=699  mgas=62.167  elapsed=1.857s    mgasps=33.475  number=627098 hash=a87675…fb5c9b age=10mo1w1d   dirty=53.03MiB\n","stream":"stderr","time":"2020-03-24T23:43:09.275966157Z"}
{"log":"INFO [03-24|23:43:09.646] Deep froze chain segment                 blocks=24368 elapsed=3.270s    number=533791 hash=f6e38e…d99ab9\n","stream":"stderr","time":"2020-03-24T23:43:09.646611015Z"}
{"log":"INFO [03-24|23:43:10.865] Imported new chain segment               blocks=2048  txs=953  mgas=135.498 elapsed=1.562s    mgasps=86.702  number=629146 hash=946886…4f7bc0 age=10mo1w1d   dirty=53.70MiB\n","stream":"stderr","time":"2020-03-24T23:43:10.865873538Z"}
{"log":"INFO [03-24|23:43:12.286] Imported new chain segment               blocks=2048  txs=860  mgas=106.223 elapsed=1.378s    mgasps=77.034  number=631194 hash=641664…2ae0da age=10mo1w1d   dirty=54.24MiB\n","stream":"stderr","time":"2020-03-24T23:43:12.286172209Z"}
{"log":"INFO [03-24|23:43:13.879] Imported new chain segment               blocks=2048  txs=789  mgas=70.425  elapsed=1.554s    mgasps=45.298  number=633242 hash=d76877…ccedbe age=10mo1w20h  dirty=54.92MiB\n","stream":"stderr","time":"2020-03-24T23:43:13.879564498Z"}
{"log":"INFO [03-24|23:43:15.393] Imported new chain segment               blocks=2048  txs=1013 mgas=166.040 elapsed=1.475s    mgasps=112.555 number=635290 hash=0ae96e…bed968 age=10mo1w11h  dirty=55.83MiB\n","stream":"stderr","time":"2020-03-24T23:43:15.393413981Z"}
{"log":"INFO [03-24|23:43:16.358] New local node record                    seq=5 id=8252fae760b7940d ip=31.147.195.74 udp=1024  tcp=30303\n","stream":"stderr","time":"2020-03-24T23:43:16.358485939Z"}
{"log":"INFO [03-24|23:43:18.008] Imported new chain segment               blocks=2048  txs=1641 mgas=321.608 elapsed=2.587s    mgasps=124.279 number=637338 hash=07efc8…6aa939 age=10mo1w3h   dirty=56.28MiB\n","stream":"stderr","time":"2020-03-24T23:43:18.008929712Z"}
{"log":"INFO [03-24|23:43:20.116] Imported new chain segment               blocks=2048  txs=3098 mgas=189.238 elapsed=2.080s    mgasps=90.962  number=639386 hash=97dec6…09a0cb age=10mo6d18h  dirty=58.57MiB\n","stream":"stderr","time":"2020-03-24T23:43:20.116984819Z"}
{"log":"INFO [03-24|23:43:22.313] Imported new chain segment               blocks=2048  txs=2127 mgas=199.579 elapsed=2.162s    mgasps=92.283  number=641434 hash=7544ea…7b6421 age=10mo6d10h  dirty=58.46MiB\n","stream":"stderr","time":"2020-03-24T23:43:22.317066158Z"}
{"log":"INFO [03-24|23:43:23.713] Imported new chain segment               blocks=2048  txs=1033 mgas=126.418 elapsed=1.372s    mgasps=92.084  number=643482 hash=c7894a…2cadf5 age=10mo6d1h   dirty=59.14MiB\n","stream":"stderr","time":"2020-03-24T23:43:23.713325125Z"}
{"log":"INFO [03-24|23:43:25.314] Imported new chain segment               blocks=2048  txs=818  mgas=72.063  elapsed=1.573s    mgasps=45.795  number=645530 hash=1ff93a…eb16b8 age=10mo5d17h  dirty=59.71MiB\n","stream":"stderr","time":"2020-03-24T23:43:25.314905337Z"}
{"log":"INFO [03-24|23:43:27.512] Imported new chain segment               blocks=2048  txs=1428 mgas=227.796 elapsed=2.170s    mgasps=104.941 number=647578 hash=ba5b0d…d04f3a age=10mo5d8h   dirty=60.51MiB\n","stream":"stderr","time":"2020-03-24T23:43:27.512955951Z"}
{"log":"INFO [03-24|23:43:29.113] Imported new chain segment               blocks=2048  txs=1216 mgas=106.487 elapsed=1.559s    mgasps=68.272  number=649626 hash=0dca9f…5abae2 age=10mo5d5m   dirty=61.09MiB\n","stream":"stderr","time":"2020-03-24T23:43:29.113895115Z"}
{"log":"INFO [03-24|23:43:30.676] Imported new chain segment               blocks=2048  txs=806  mgas=72.504  elapsed=1.535s    mgasps=47.214  number=651674 hash=f86dc9…81c57e age=10mo4d15h  dirty=61.76MiB\n","stream":"stderr","time":"2020-03-24T23:43:30.676659695Z"}
{"log":"INFO [03-24|23:43:32.323] Imported new chain segment               blocks=2048  txs=1068 mgas=103.657 elapsed=1.605s    mgasps=64.553  number=653722 hash=db38ae…613534 age=10mo4d7h   dirty=62.58MiB\n","stream":"stderr","time":"2020-03-24T23:43:32.324129026Z"}
{"log":"INFO [03-24|23:43:33.742] Imported new chain segment               blocks=2048  txs=930  mgas=77.156  elapsed=1.372s    mgasps=56.215  number=655770 hash=aa1faf…ade484 age=10mo3d22h  dirty=62.94MiB\n","stream":"stderr","time":"2020-03-24T23:43:33.742879245Z"}
{"log":"INFO [03-24|23:43:35.558] Imported new chain segment               blocks=2048  txs=975  mgas=76.890  elapsed=1.789s    mgasps=42.956  number=657818 hash=c3ca0b…9d8328 age=10mo3d13h  dirty=63.52MiB\n","stream":"stderr","time":"2020-03-24T23:43:35.559116261Z"}
{"log":"INFO [03-24|23:43:36.921] Imported new chain segment               blocks=2048  txs=768  mgas=70.389  elapsed=1.332s    mgasps=52.835  number=659866 hash=73ca1f…755f7f age=10mo3d5h   dirty=64.05MiB\n","stream":"stderr","time":"2020-03-24T23:43:36.92222156Z"}
{"log":"INFO [03-24|23:43:38.671] Imported new chain segment               blocks=2048  txs=861  mgas=78.366  elapsed=1.715s    mgasps=45.688  number=661914 hash=2c4724…c56355 age=10mo2d20h  dirty=64.56MiB\n","stream":"stderr","time":"2020-03-24T23:43:38.671563187Z"}
{"log":"INFO [03-24|23:43:40.376] Imported new chain segment               blocks=2048  txs=1137 mgas=277.771 elapsed=1.676s    mgasps=165.638 number=663962 hash=ad9a1b…447503 age=10mo2d12h  dirty=65.43MiB\n","stream":"stderr","time":"2020-03-24T23:43:40.376507385Z"}
{"log":"INFO [03-24|23:43:42.228] Imported new chain segment               blocks=2048  txs=1257 mgas=165.314 elapsed=1.804s    mgasps=91.627  number=666010 hash=320f2d…65c94d age=10mo2d3h   dirty=65.96MiB\n","stream":"stderr","time":"2020-03-24T23:43:42.228949456Z"}
{"log":"INFO [03-24|23:43:43.912] Imported new chain segment               blocks=2048  txs=798  mgas=76.607  elapsed=1.651s    mgasps=46.376  number=668058 hash=519493…d7a06a age=10mo1d19h  dirty=66.54MiB\n","stream":"stderr","time":"2020-03-24T23:43:43.913176289Z"}
{"log":"INFO [03-24|23:43:46.863] Imported new chain segment               blocks=2048  txs=1827 mgas=429.308 elapsed=2.905s    mgasps=147.748 number=670106 hash=1e72f0…45c37e age=10mo1d10h  dirty=67.72MiB\n","stream":"stderr","time":"2020-03-24T23:43:46.863879176Z"}
{"log":"INFO [03-24|23:43:49.120] Imported new chain segment               blocks=2048  txs=1212 mgas=242.843 elapsed=2.223s    mgasps=109.204 number=672154 hash=2326fe…17f2d0 age=10mo1d2h   dirty=68.14MiB\n","stream":"stderr","time":"2020-03-24T23:43:49.121147578Z"}
{"log":"INFO [03-24|23:43:50.475] Imported new chain segment               blocks=2048  txs=802  mgas=72.528  elapsed=1.314s    mgasps=55.179  number=674202 hash=0c19cb…4fa00a age=10mo17h41m dirty=68.72MiB\n","stream":"stderr","time":"2020-03-24T23:43:50.47620267Z"}
{"log":"INFO [03-24|23:43:52.361] Imported new chain segment               blocks=2048  txs=1367 mgas=299.253 elapsed=1.856s    mgasps=161.161 number=676250 hash=22cad9…55c021 age=10mo9h9m   dirty=69.71MiB\n","stream":"stderr","time":"2020-03-24T23:43:52.36144557Z"}
{"log":"INFO [03-24|23:43:54.263] Imported new chain segment               blocks=2048  txs=1286 mgas=120.524 elapsed=1.857s    mgasps=64.889  number=678298 hash=4a5917…4cf58e age=10mo37m49s dirty=70.13MiB\n","stream":"stderr","time":"2020-03-24T23:43:54.263317659Z"}
{"log":"INFO [03-24|23:43:55.634] Imported new chain segment               blocks=2048  txs=1069 mgas=76.706  elapsed=1.337s    mgasps=57.345  number=680346 hash=8cb4a6…729740 age=9mo4w1d    dirty=70.64MiB\n","stream":"stderr","time":"2020-03-24T23:43:55.634193618Z"}
{"log":"INFO [03-24|23:43:57.883] Imported new chain segment               blocks=2048  txs=1925 mgas=206.469 elapsed=2.064s    mgasps=99.999  number=682394 hash=83460b…69e723 age=9mo4w1d    dirty=71.47MiB\n","stream":"stderr","time":"2020-03-24T23:43:57.884051894Z"}
{"log":"INFO [03-24|23:43:59.578] Imported new chain segment               blocks=2048  txs=785  mgas=162.979 elapsed=1.668s    mgasps=97.704  number=684442 hash=77ed61…7af3c8 age=9mo4w23h   dirty=72.08MiB\n","stream":"stderr","time":"2020-03-24T23:43:59.579064891Z"}
{"log":"INFO [03-24|23:44:00.980] Imported new chain segment               blocks=2048  txs=814  mgas=78.123  elapsed=1.364s    mgasps=57.275  number=686490 hash=a10444…a36cd6 age=9mo4w14h   dirty=72.70MiB\n","stream":"stderr","time":"2020-03-24T23:44:00.980341874Z"}
{"log":"INFO [03-24|23:44:03.259] Imported new chain segment               blocks=2048  txs=1392 mgas=741.480 elapsed=2.243s    mgasps=330.459 number=688538 hash=22dcb4…179c03 age=9mo4w5h    dirty=74.01MiB\n","stream":"stderr","time":"2020-03-24T23:44:03.259412632Z"}
{"log":"INFO [03-24|23:44:06.785] Imported new chain segment               blocks=2048  txs=940  mgas=145.064 elapsed=3.497s    mgasps=41.477  number=690586 hash=7ba502…0e72ad age=9mo3w6d    dirty=74.48MiB\n","stream":"stderr","time":"2020-03-24T23:44:06.785945818Z"}
{"log":"INFO [03-24|23:44:08.474] Imported new chain segment               blocks=2048  txs=1010 mgas=86.385  elapsed=1.653s    mgasps=52.254  number=692634 hash=c77069…7b362f age=9mo3w6d    dirty=75.18MiB\n","stream":"stderr","time":"2020-03-24T23:44:08.474595566Z"}
{"log":"INFO [03-24|23:44:10.486] Imported new chain segment               blocks=2048  txs=803  mgas=74.215  elapsed=1.960s    mgasps=37.853  number=694682 hash=862ea6…f45b1e age=9mo3w6d    dirty=75.60MiB\n","stream":"stderr","time":"2020-03-24T23:44:10.486775311Z"}
{"log":"INFO [03-24|23:44:12.468] Imported new chain segment               blocks=2048  txs=718  mgas=65.979  elapsed=1.950s    mgasps=33.827  number=696730 hash=1efd1d…d36e34 age=9mo3w5d    dirty=76.10MiB\n","stream":"stderr","time":"2020-03-24T23:44:12.468666268Z"}
{"log":"INFO [03-24|23:44:14.771] Imported new chain segment               blocks=2048  txs=863  mgas=85.600  elapsed=2.119s    mgasps=40.392  number=698778 hash=393a5b…3b2f29 age=9mo3w5d    dirty=76.76MiB\n","stream":"stderr","time":"2020-03-24T23:44:14.771606092Z"}
{"log":"INFO [03-24|23:44:15.258] Deep froze chain segment                 blocks=30000 elapsed=5.609s    number=563791 hash=234aed…edeedd\n","stream":"stderr","time":"2020-03-24T23:44:15.258487816Z"}
{"log":"INFO [03-24|23:44:16.753] Imported new chain segment               blocks=2048  txs=856  mgas=74.921  elapsed=1.951s    mgasps=38.392  number=700826 hash=758df3…5a2e67 age=9mo3w5d    dirty=77.27MiB\n","stream":"stderr","time":"2020-03-24T23:44:16.753975573Z"}
{"log":"INFO [03-24|23:44:18.931] Imported new chain segment               blocks=2048  txs=932  mgas=94.608  elapsed=2.126s    mgasps=44.484  number=702874 hash=96bef3…4bd6a6 age=9mo3w4d    dirty=78.14MiB\n","stream":"stderr","time":"2020-03-24T23:44:18.931672391Z"}
{"log":"INFO [03-24|23:44:21.515] Deep froze chain segment                 blocks=30000 elapsed=6.257s    number=593791 hash=31d40b…80f18b\n","stream":"stderr","time":"2020-03-24T23:44:21.515887203Z"}
{"log":"INFO [03-24|23:44:21.868] Imported new chain segment               blocks=2048  txs=1459 mgas=535.287 elapsed=2.896s    mgasps=184.802 number=704922 hash=6315b3…08eeed age=9mo3w4d    dirty=78.87MiB\n","stream":"stderr","time":"2020-03-24T23:44:21.868705017Z"}
{"log":"INFO [03-24|23:44:24.411] Imported new chain segment               blocks=2048  txs=1257 mgas=322.971 elapsed=2.504s    mgasps=128.959 number=706970 hash=745b78…3bb454 age=9mo3w4d    dirty=79.82MiB\n","stream":"stderr","time":"2020-03-24T23:44:24.411661122Z"}
{"log":"INFO [03-24|23:44:25.697] Deep froze chain segment                 blocks=20680 elapsed=4.181s    number=614471 hash=ba06d7…c08b86\n","stream":"stderr","time":"2020-03-24T23:44:25.697555322Z"}
{"log":"INFO [03-24|23:44:25.901] Imported new chain segment               blocks=2048  txs=439  mgas=40.680  elapsed=1.466s    mgasps=27.742  number=709018 hash=f910c9…c292d4 age=9mo3w3d    dirty=79.40MiB\n","stream":"stderr","time":"2020-03-24T23:44:25.902236086Z"}
{"log":"INFO [03-24|23:44:27.085] Imported new chain segment               blocks=2048  txs=247  mgas=78.880  elapsed=1.152s    mgasps=68.414  number=711066 hash=606794…770129 age=9mo3w3d    dirty=79.48MiB\n","stream":"stderr","time":"2020-03-24T23:44:27.085531578Z"}
{"log":"INFO [03-24|23:44:27.888] Imported new chain segment               blocks=2048  txs=265  mgas=68.397  elapsed=774.963ms mgasps=88.258  number=713114 hash=f1cc10…73bb46 age=9mo3w2d    dirty=79.62MiB\n","stream":"stderr","time":"2020-03-24T23:44:27.888667468Z"}
{"log":"INFO [03-24|23:44:28.745] Imported new chain segment               blocks=2048  txs=193  mgas=35.668  elapsed=829.926ms mgasps=42.977  number=715162 hash=4829a0…e37309 age=9mo3w2d    dirty=79.68MiB\n","stream":"stderr","time":"2020-03-24T23:44:28.745918284Z"}
{"log":"INFO [03-24|23:44:30.086] Imported new chain segment               blocks=2048  txs=656  mgas=115.398 elapsed=1.294s    mgasps=89.142  number=717210 hash=79b951…35555d age=9mo3w2d    dirty=79.96MiB\n","stream":"stderr","time":"2020-03-24T23:44:30.087150581Z"}
{"log":"INFO [03-24|23:44:31.286] Imported new chain segment               blocks=2048  txs=376  mgas=127.719 elapsed=1.173s    mgasps=108.855 number=719258 hash=1adeeb…02bcfa age=9mo3w1d    dirty=80.04MiB\n","stream":"stderr","time":"2020-03-24T23:44:31.286900517Z"}
{"log":"INFO [03-24|23:44:33.007] Imported new chain segment               blocks=2048  txs=916  mgas=210.937 elapsed=1.692s    mgasps=124.626 number=721306 hash=679ed5…06a358 age=9mo3w1d    dirty=81.41MiB\n","stream":"stderr","time":"2020-03-24T23:44:33.007503455Z"}
{"log":"INFO [03-24|23:44:35.032] Imported new chain segment               blocks=2048  txs=1017 mgas=120.153 elapsed=1.993s    mgasps=60.268  number=723354 hash=d098a4…d301ca age=9mo3w1d    dirty=81.89MiB\n","stream":"stderr","time":"2020-03-24T23:44:35.032189484Z"}
{"log":"INFO [03-24|23:44:36.302] Imported new chain segment               blocks=2048  txs=800  mgas=89.500  elapsed=1.243s    mgasps=71.958  number=725402 hash=eecc72…bffb43 age=9mo3w20h   dirty=82.48MiB\n","stream":"stderr","time":"2020-03-24T23:44:36.302298778Z"}
{"log":"INFO [03-24|23:44:38.379] Imported new chain segment               blocks=2048  txs=1374 mgas=198.125 elapsed=2.049s    mgasps=96.692  number=727450 hash=60183a…b902aa age=9mo3w11h   dirty=83.35MiB\n","stream":"stderr","time":"2020-03-24T23:44:38.380046982Z"}
{"log":"INFO [03-24|23:44:40.043] Imported new chain segment               blocks=2048  txs=1171 mgas=131.855 elapsed=1.637s    mgasps=80.534  number=729498 hash=93139b…42265a age=9mo3w3h    dirty=83.83MiB\n","stream":"stderr","time":"2020-03-24T23:44:40.043540605Z"}
{"log":"INFO [03-24|23:44:41.527] Imported new chain segment               blocks=2048  txs=760  mgas=101.363 elapsed=1.431s    mgasps=70.785  number=731546 hash=b9dadb…b6de62 age=9mo2w6d    dirty=84.46MiB\n","stream":"stderr","time":"2020-03-24T23:44:41.527633368Z"}
{"log":"INFO [03-24|23:44:43.306] Imported new chain segment               blocks=2048  txs=969  mgas=119.680 elapsed=1.751s    mgasps=68.324  number=733594 hash=5f673f…4c47d4 age=9mo2w6d    dirty=85.11MiB\n","stream":"stderr","time":"2020-03-24T23:44:43.30636059Z"}
{"log":"INFO [03-24|23:44:44.269] Imported new chain segment               blocks=2048  txs=313  mgas=27.411  elapsed=933.158ms mgasps=29.374  number=735642 hash=d0aa46…c405f9 age=9mo2w6d    dirty=84.73MiB\n","stream":"stderr","time":"2020-03-24T23:44:44.269924797Z"}
{"log":"INFO [03-24|23:44:45.015] Imported new chain segment               blocks=2048  txs=219  mgas=29.129  elapsed=719.808ms mgasps=40.468  number=737690 hash=8fb5c3…134533 age=9mo2w5d    dirty=84.79MiB\n","stream":"stderr","time":"2020-03-24T23:44:45.016043296Z"}
{"log":"INFO [03-24|23:44:46.684] Imported new chain segment               blocks=2048  txs=666  mgas=58.832  elapsed=1.625s    mgasps=36.184  number=739738 hash=45a799…d228a3 age=9mo2w5d    dirty=85.92MiB\n","stream":"stderr","time":"2020-03-24T23:44:46.685090392Z"}
{"log":"INFO [03-24|23:44:48.445] Imported new chain segment               blocks=2048  txs=842  mgas=165.999 elapsed=1.733s    mgasps=95.784  number=741786 hash=1892ba…969d05 age=9mo2w4d    dirty=86.62MiB\n","stream":"stderr","time":"2020-03-24T23:44:48.446072934Z"}
{"log":"INFO [03-24|23:44:50.375] Imported new chain segment               blocks=2048  txs=899  mgas=100.807 elapsed=1.889s    mgasps=53.357  number=743834 hash=c5d364…930109 age=9mo2w4d    dirty=87.25MiB\n","stream":"stderr","time":"2020-03-24T23:44:50.37618293Z"}
{"log":"INFO [03-24|23:44:52.080] Imported new chain segment               blocks=2048  txs=787  mgas=121.544 elapsed=1.660s    mgasps=73.206  number=745882 hash=337e6e…2f4e39 age=9mo2w4d    dirty=87.55MiB\n","stream":"stderr","time":"2020-03-24T23:44:52.080688533Z"}
{"log":"INFO [03-24|23:44:53.634] Imported new chain segment               blocks=2048  txs=750  mgas=84.696  elapsed=1.526s    mgasps=55.497  number=747930 hash=d0fe94…8103d7 age=9mo2w3d    dirty=87.99MiB\n","stream":"stderr","time":"2020-03-24T23:44:53.634786012Z"}
{"log":"INFO [03-24|23:44:55.103] Imported new chain segment               blocks=2048  txs=877  mgas=86.175  elapsed=1.426s    mgasps=60.417  number=749978 hash=4a279e…16d4a5 age=9mo2w3d    dirty=89.06MiB\n","stream":"stderr","time":"2020-03-24T23:44:55.103833764Z"}
{"log":"INFO [03-24|23:44:57.608] Imported new chain segment               blocks=2048  txs=1465 mgas=143.436 elapsed=2.459s    mgasps=58.329  number=752026 hash=380125…cd69ee age=9mo2w3d    dirty=89.57MiB\n","stream":"stderr","time":"2020-03-24T23:44:57.608886206Z"}
{"log":"INFO [03-24|23:44:59.332] Imported new chain segment               blocks=2048  txs=844  mgas=85.596  elapsed=1.695s    mgasps=50.473  number=754074 hash=644df5…ad491c age=9mo2w2d    dirty=90.25MiB\n","stream":"stderr","time":"2020-03-24T23:44:59.332250857Z"}
{"log":"INFO [03-24|23:45:01.387] Imported new chain segment               blocks=2048  txs=1556 mgas=231.437 elapsed=2.025s    mgasps=114.238 number=756122 hash=b758bc…a470f9 age=9mo2w2d    dirty=91.36MiB\n","stream":"stderr","time":"2020-03-24T23:45:01.387576036Z"}
{"log":"INFO [03-24|23:45:03.160] Imported new chain segment               blocks=2048  txs=1124 mgas=128.879 elapsed=1.737s    mgasps=74.181  number=758170 hash=c553a7…47e97e age=9mo2w2d    dirty=91.61MiB\n","stream":"stderr","time":"2020-03-24T23:45:03.160623232Z"}
{"log":"INFO [03-24|23:45:05.301] Imported new chain segment               blocks=2048  txs=946  mgas=109.483 elapsed=2.113s    mgasps=51.797  number=760218 hash=4ec6e3…47a8d0 age=9mo2w1d    dirty=92.18MiB\n","stream":"stderr","time":"2020-03-24T23:45:05.301925866Z"}
{"log":"INFO [03-24|23:45:07.482] Imported new chain segment               blocks=2048  txs=1500 mgas=289.232 elapsed=2.154s    mgasps=134.226 number=762266 hash=4b7f00…6199c1 age=9mo2w1d    dirty=93.20MiB\n","stream":"stderr","time":"2020-03-24T23:45:07.483013027Z"}
{"log":"INFO [03-24|23:45:09.153] Imported new chain segment               blocks=2048  txs=1053 mgas=254.605 elapsed=1.640s    mgasps=155.176 number=764314 hash=088075…fe250c age=9mo2w1d    dirty=93.82MiB\n","stream":"stderr","time":"2020-03-24T23:45:09.153287492Z"}
{"log":"INFO [03-24|23:45:10.915] Imported new chain segment               blocks=2048  txs=899  mgas=100.988 elapsed=1.722s    mgasps=58.636  number=766362 hash=8792e1…a4cd43 age=9mo2w17h   dirty=94.53MiB\n","stream":"stderr","time":"2020-03-24T23:45:10.915455615Z"}
{"log":"INFO [03-24|23:45:13.441] Imported new chain segment               blocks=2048  txs=1427 mgas=188.171 elapsed=2.488s    mgasps=75.606  number=768410 hash=7a3994…107c2a age=9mo2w8h    dirty=95.48MiB\n","stream":"stderr","time":"2020-03-24T23:45:13.442107525Z"}
{"log":"INFO [03-24|23:45:15.359] Imported new chain segment               blocks=2048  txs=920  mgas=133.937 elapsed=1.889s    mgasps=70.874  number=770458 hash=fe618b…649395 age=9mo2w4m    dirty=95.82MiB\n","stream":"stderr","time":"2020-03-24T23:45:15.359216907Z"}
{"log":"INFO [03-24|23:45:17.198] Imported new chain segment               blocks=2048  txs=1083 mgas=131.348 elapsed=1.794s    mgasps=73.183  number=772506 hash=a4c91e…0569be age=9mo1w6d    dirty=96.95MiB\n","stream":"stderr","time":"2020-03-24T23:45:17.198717847Z"}
{"log":"INFO [03-24|23:45:18.947] Imported new chain segment               blocks=2048  txs=833  mgas=96.152  elapsed=1.723s    mgasps=55.797  number=774554 hash=dced34…7ae38b age=9mo1w6d    dirty=97.09MiB\n","stream":"stderr","time":"2020-03-24T23:45:18.947563761Z"}
{"log":"INFO [03-24|23:45:20.678] Imported new chain segment               blocks=2048  txs=772  mgas=72.792  elapsed=1.694s    mgasps=42.956  number=776602 hash=16c809…03b46d age=9mo1w5d    dirty=97.63MiB\n","stream":"stderr","time":"2020-03-24T23:45:20.679171235Z"}
{"log":"INFO [03-24|23:45:22.160] Imported new chain segment               blocks=2048  txs=987  mgas=130.800 elapsed=1.437s    mgasps=90.996  number=778650 hash=12a44f…d79713 age=9mo1w5d    dirty=98.33MiB\n","stream":"stderr","time":"2020-03-24T23:45:22.160903056Z"}
{"log":"INFO [03-24|23:45:23.942] Imported new chain segment               blocks=2048  txs=832  mgas=75.181  elapsed=1.739s    mgasps=43.222  number=780698 hash=fd67d1…06162a age=9mo1w5d    dirty=98.79MiB\n","stream":"stderr","time":"2020-03-24T23:45:23.942938709Z"}
{"log":"INFO [03-24|23:45:25.434] Imported new chain segment               blocks=2048  txs=757  mgas=73.425  elapsed=1.462s    mgasps=50.219  number=782746 hash=6ad406…72a71a age=9mo1w4d    dirty=99.42MiB\n","stream":"stderr","time":"2020-03-24T23:45:25.434384336Z"}
{"log":"INFO [03-24|23:45:28.115] Imported new chain segment               blocks=2048  txs=1560 mgas=402.361 elapsed=2.644s    mgasps=152.162 number=784794 hash=a0de9d…d32d34 age=9mo1w4d    dirty=100.38MiB\n","stream":"stderr","time":"2020-03-24T23:45:28.116239553Z"}
{"log":"INFO [03-24|23:45:30.616] Imported new chain segment               blocks=2048  txs=1092 mgas=164.632 elapsed=2.459s    mgasps=66.936  number=786842 hash=2541d3…bebed6 age=9mo1w4d    dirty=100.85MiB\n","stream":"stderr","time":"2020-03-24T23:45:30.616504692Z"}
{"log":"INFO [03-24|23:45:32.057] Deep froze chain segment                 blocks=30000 elapsed=6.359s    number=644471 hash=0f02a6…2aea6b\n","stream":"stderr","time":"2020-03-24T23:45:32.057451202Z"}
{"log":"INFO [03-24|23:45:32.127] Imported new chain segment               blocks=2048  txs=320  mgas=56.440  elapsed=1.483s    mgasps=38.039  number=788890 hash=71c74c…d4f8ea age=9mo1w3d    dirty=100.50MiB\n","stream":"stderr","time":"2020-03-24T23:45:32.127405156Z"}
{"log":"INFO [03-24|23:45:34.389] Imported new chain segment               blocks=2048  txs=1002 mgas=123.426 elapsed=2.237s    mgasps=55.168  number=790938 hash=f44a4b…e836c8 age=9mo1w3d    dirty=101.47MiB\n","stream":"stderr","time":"2020-03-24T23:45:34.389778611Z"}
{"log":"INFO [03-24|23:45:37.904] Deep froze chain segment                 blocks=30000 elapsed=5.846s    number=674471 hash=60864e…ab6f83\n","stream":"stderr","time":"2020-03-24T23:45:37.904348702Z"}
{"log":"INFO [03-24|23:45:39.793] Imported new chain segment               blocks=2048  txs=2268 mgas=290.409 elapsed=5.368s    mgasps=54.093  number=792986 hash=92cb81…c137be age=9mo1w3d    dirty=102.12MiB\n","stream":"stderr","time":"2020-03-24T23:45:39.79337263Z"}
{"log":"INFO [03-24|23:45:42.319] Imported new chain segment               blocks=2048  txs=1034 mgas=115.436 elapsed=2.496s    mgasps=46.235  number=795034 hash=5067da…9fba9f age=9mo1w2d    dirty=102.93MiB\n","stream":"stderr","time":"2020-03-24T23:45:42.319376603Z"}
{"log":"INFO [03-24|23:45:42.950] Deep froze chain segment                 blocks=27389 elapsed=5.045s    number=701860 hash=c38973…38a5ed\n","stream":"stderr","time":"2020-03-24T23:45:42.950188584Z"}
{"log":"INFO [03-24|23:45:44.406] Imported new chain segment               blocks=2048  txs=1645 mgas=334.063 elapsed=2.041s    mgasps=163.618 number=797082 hash=5d1014…89fab3 age=9mo1w2d    dirty=104.08MiB\n","stream":"stderr","time":"2020-03-24T23:45:44.406645678Z"}
{"log":"INFO [03-24|23:45:46.396] Imported new chain segment               blocks=2048  txs=1166 mgas=382.777 elapsed=1.955s    mgasps=195.772 number=799130 hash=596241…851fbb age=9mo1w2d    dirty=104.87MiB\n","stream":"stderr","time":"2020-03-24T23:45:46.396303797Z"}
{"log":"INFO [03-24|23:45:48.973] Imported new chain segment               blocks=2048  txs=1301 mgas=346.543 elapsed=2.544s    mgasps=136.207 number=801178 hash=1b1107…d8f830 age=9mo1w1d    dirty=105.71MiB\n","stream":"stderr","time":"2020-03-24T23:45:48.973998625Z"}
{"log":"INFO [03-24|23:45:51.183] Imported new chain segment               blocks=2048  txs=1358 mgas=134.243 elapsed=2.163s    mgasps=62.041  number=803226 hash=1d6d43…1db59d age=9mo1w1d    dirty=106.24MiB\n","stream":"stderr","time":"2020-03-24T23:45:51.183305358Z"}
{"log":"INFO [03-24|23:45:53.146] Imported new chain segment               blocks=2048  txs=907  mgas=117.820 elapsed=1.934s    mgasps=60.894  number=805274 hash=c1fcef…ddec56 age=9mo1w22h   dirty=106.94MiB\n","stream":"stderr","time":"2020-03-24T23:45:53.146888022Z"}
{"log":"INFO [03-24|23:45:54.690] Imported new chain segment               blocks=2048  txs=1148 mgas=106.035 elapsed=1.514s    mgasps=70.031  number=807322 hash=9c63d2…ad1644 age=9mo1w14h   dirty=107.61MiB\n","stream":"stderr","time":"2020-03-24T23:45:54.690661433Z"}
{"log":"INFO [03-24|23:45:56.777] Imported new chain segment               blocks=2048  txs=1311 mgas=127.500 elapsed=2.057s    mgasps=61.955  number=809370 hash=132144…b7f71c age=9mo1w5h    dirty=108.38MiB\n","stream":"stderr","time":"2020-03-24T23:45:56.77759791Z"}
{"log":"INFO [03-24|23:45:59.514] Imported new chain segment               blocks=2048  txs=1184 mgas=278.330 elapsed=2.691s    mgasps=103.423 number=811418 hash=bf291e…8bf252 age=9mo6d20h   dirty=109.61MiB\n","stream":"stderr","time":"2020-03-24T23:45:59.514507962Z"}
{"log":"INFO [03-24|23:46:01.431] Imported new chain segment               blocks=2048  txs=965  mgas=92.682  elapsed=1.891s    mgasps=49.000  number=813466 hash=df3c0d…ac41af age=9mo6d12h   dirty=110.01MiB\n","stream":"stderr","time":"2020-03-24T23:46:01.431603946Z"}
{"log":"INFO [03-24|23:46:02.946] Imported new chain segment               blocks=2048  txs=910  mgas=108.789 elapsed=1.488s    mgasps=73.096  number=815514 hash=12f884…d66aa8 age=9mo6d3h    dirty=110.64MiB\n","stream":"stderr","time":"2020-03-24T23:46:02.946726338Z"}
{"log":"INFO [03-24|23:46:04.651] Imported new chain segment               blocks=2048  txs=817  mgas=78.995  elapsed=1.677s    mgasps=47.102  number=817562 hash=b0d6e1…cbd228 age=9mo5d19h   dirty=111.05MiB\n","stream":"stderr","time":"2020-03-24T23:46:04.651577609Z"}
{"log":"INFO [03-24|23:46:06.394] Imported new chain segment               blocks=2048  txs=786  mgas=80.965  elapsed=1.700s    mgasps=47.612  number=819610 hash=81662e…1bbba5 age=9mo5d10h   dirty=111.59MiB\n","stream":"stderr","time":"2020-03-24T23:46:06.394585058Z"}
{"log":"INFO [03-24|23:46:10.795] Imported new chain segment               blocks=2048  txs=934  mgas=560.762 elapsed=4.342s    mgasps=129.131 number=821658 hash=50d153…07e221 age=9mo5d2h    dirty=116.55MiB\n","stream":"stderr","time":"2020-03-24T23:46:10.796109738Z"}
{"log":"INFO [03-24|23:46:12.757] Imported new chain segment               blocks=2048  txs=957  mgas=169.622 elapsed=1.934s    mgasps=87.678  number=823706 hash=5e45da…f2d01c age=9mo4d17h   dirty=117.27MiB\n","stream":"stderr","time":"2020-03-24T23:46:12.75719327Z"}
{"log":"INFO [03-24|23:46:14.790] Imported new chain segment               blocks=2048  txs=1237 mgas=94.591  elapsed=1.988s    mgasps=47.567  number=825754 hash=09eceb…3fe6de age=9mo4d9h    dirty=118.02MiB\n","stream":"stderr","time":"2020-03-24T23:46:14.790556258Z"}
{"log":"INFO [03-24|23:46:16.315] Imported new chain segment               blocks=2048  txs=886  mgas=106.982 elapsed=1.487s    mgasps=71.914  number=827802 hash=24899b…e58ca1 age=9mo4d31m   dirty=118.53MiB\n","stream":"stderr","time":"2020-03-24T23:46:16.315361772Z"}
{"log":"INFO [03-24|23:46:18.171] Imported new chain segment               blocks=2048  txs=961  mgas=128.638 elapsed=1.821s    mgasps=70.608  number=829850 hash=f6b792…b965b1 age=9mo3d15h   dirty=119.10MiB\n","stream":"stderr","time":"2020-03-24T23:46:18.171287363Z"}
{"log":"INFO [03-24|23:46:20.370] Imported new chain segment               blocks=2048  txs=1194 mgas=176.887 elapsed=2.174s    mgasps=81.354  number=831898 hash=8c46a3…7590ff age=9mo3d7h    dirty=120.05MiB\n","stream":"stderr","time":"2020-03-24T23:46:20.370337749Z"}
{"log":"INFO [03-24|23:46:21.891] Imported new chain segment               blocks=2048  txs=820  mgas=99.563  elapsed=1.492s    mgasps=66.715  number=833946 hash=534d03…975dcb age=9mo2d22h   dirty=120.45MiB\n","stream":"stderr","time":"2020-03-24T23:46:21.891344343Z"}
{"log":"INFO [03-24|23:46:23.751] Imported new chain segment               blocks=2048  txs=1089 mgas=120.973 elapsed=1.830s    mgasps=66.080  number=835994 hash=6fddba…1037b4 age=9mo2d14h   dirty=121.17MiB\n","stream":"stderr","time":"2020-03-24T23:46:23.751510448Z"}
{"log":"INFO [03-24|23:46:25.855] Imported new chain segment               blocks=2048  txs=1038 mgas=106.627 elapsed=2.062s    mgasps=51.685  number=838042 hash=b6e77e…ac1503 age=9mo2d5h    dirty=121.85MiB\n","stream":"stderr","time":"2020-03-24T23:46:25.855812388Z"}
{"log":"INFO [03-24|23:46:27.707] Imported new chain segment               blocks=2048  txs=805  mgas=84.265  elapsed=1.823s    mgasps=46.207  number=840090 hash=6c64f1…e5f905 age=9mo1d21h   dirty=122.24MiB\n","stream":"stderr","time":"2020-03-24T23:46:27.707992968Z"}
{"log":"INFO [03-24|23:46:29.505] Imported new chain segment               blocks=2048  txs=1085 mgas=137.751 elapsed=1.753s    mgasps=78.536  number=842138 hash=ac76e6…8fe4ef age=9mo1d12h   dirty=123.07MiB\n","stream":"stderr","time":"2020-03-24T23:46:29.506112777Z"}
{"log":"INFO [03-24|23:46:31.616] Imported new chain segment               blocks=2048  txs=1224 mgas=171.590 elapsed=2.083s    mgasps=82.369  number=844186 hash=50c765…70ea63 age=9mo1d4h    dirty=123.55MiB\n","stream":"stderr","time":"2020-03-24T23:46:31.616694413Z"}
{"log":"INFO [03-24|23:46:33.288] Imported new chain segment               blocks=2048  txs=745  mgas=104.722 elapsed=1.645s    mgasps=63.656  number=846234 hash=76015f…fd94ff age=9mo19h37m  dirty=124.08MiB\n","stream":"stderr","time":"2020-03-24T23:46:33.289245972Z"}
{"log":"INFO [03-24|23:46:35.090] Imported new chain segment               blocks=2048  txs=1136 mgas=209.972 elapsed=1.763s    mgasps=119.044 number=848282 hash=92055d…d14441 age=9mo11h3m   dirty=125.17MiB\n","stream":"stderr","time":"2020-03-24T23:46:35.090488674Z"}
{"log":"INFO [03-24|23:46:37.341] Imported new chain segment               blocks=2048  txs=1446 mgas=159.235 elapsed=2.223s    mgasps=71.627  number=850330 hash=3aa4eb…72d083 age=8mo4w1d    dirty=126.15MiB\n","stream":"stderr","time":"2020-03-24T23:46:37.341648829Z"}
{"log":"INFO [03-24|23:46:38.978] Imported new chain segment               blocks=2048  txs=686  mgas=95.754  elapsed=1.611s    mgasps=59.409  number=852378 hash=aaf03c…a97796 age=8mo4w1d    dirty=126.60MiB\n","stream":"stderr","time":"2020-03-24T23:46:38.978672744Z"}
{"log":"INFO [03-24|23:46:40.010] Imported new chain segment               blocks=2048  txs=418  mgas=64.043  elapsed=988.404ms mgasps=64.795  number=854426 hash=32720e…cb193f age=8mo4w1d    dirty=126.70MiB\n","stream":"stderr","time":"2020-03-24T23:46:40.010795251Z"}
{"log":"INFO [03-24|23:46:41.262] Imported new chain segment               blocks=2048  txs=489  mgas=44.728  elapsed=1.225s    mgasps=36.512  number=856474 hash=31dc43…ed3d0a age=8mo4w20h   dirty=127.00MiB\n","stream":"stderr","time":"2020-03-24T23:46:41.262604552Z"}
{"log":"INFO [03-24|23:46:42.524] Imported new chain segment               blocks=2048  txs=561  mgas=68.517  elapsed=1.217s    mgasps=56.268  number=858522 hash=c6f0a9…5778e3 age=8mo4w11h   dirty=127.68MiB\n","stream":"stderr","time":"2020-03-24T23:46:42.524893478Z"}
{"log":"INFO [03-24|23:46:44.878] Imported new chain segment               blocks=2048  txs=831  mgas=80.347  elapsed=2.317s    mgasps=34.677  number=860570 hash=c9471e…1d419a age=8mo4w3h    dirty=128.27MiB\n","stream":"stderr","time":"2020-03-24T23:46:44.878700453Z"}
{"log":"INFO [03-24|23:46:47.187] Imported new chain segment               blocks=2048  txs=820  mgas=87.959  elapsed=2.277s    mgasps=38.615  number=862618 hash=533207…b675df age=8mo3w6d    dirty=128.84MiB\n","stream":"stderr","time":"2020-03-24T23:46:47.188198696Z"}
{"log":"INFO [03-24|23:46:47.717] Deep froze chain segment                 blocks=30000 elapsed=4.767s    number=731860 hash=49b461…136a79\n","stream":"stderr","time":"2020-03-24T23:46:47.717595293Z"}
{"log":"INFO [03-24|23:46:49.085] Imported new chain segment               blocks=2048  txs=904  mgas=108.783 elapsed=1.855s    mgasps=58.627  number=864666 hash=10e013…802471 age=8mo3w6d    dirty=129.20MiB\n","stream":"stderr","time":"2020-03-24T23:46:49.086180079Z"}
{"log":"INFO [03-24|23:46:51.739] Imported new chain segment               blocks=2048  txs=732  mgas=124.587 elapsed=2.614s    mgasps=47.655  number=866714 hash=031ca3…f173ae age=8mo3w6d    dirty=129.87MiB\n","stream":"stderr","time":"2020-03-24T23:46:51.740112373Z"}
{"log":"INFO [03-24|23:46:53.090] Deep froze chain segment                 blocks=30000 elapsed=5.373s    number=761860 hash=8076e7…9e7dd5\n","stream":"stderr","time":"2020-03-24T23:46:53.09063793Z"}
{"log":"INFO [03-24|23:46:54.201] Imported new chain segment               blocks=2048  txs=886  mgas=111.103 elapsed=2.423s    mgasps=45.851  number=868762 hash=d5c339…1ac062 age=8mo3w5d    dirty=130.40MiB\n","stream":"stderr","time":"2020-03-24T23:46:54.201750377Z"}
{"log":"INFO [03-24|23:46:55.578] Deep froze chain segment                 blocks=15693 elapsed=2.487s    number=777553 hash=1ccdbb…5e41b2\n","stream":"stderr","time":"2020-03-24T23:46:55.578606154Z"}
{"log":"INFO [03-24|23:46:56.434] Imported new chain segment               blocks=2048  txs=1069 mgas=135.241 elapsed=2.188s    mgasps=61.807  number=870810 hash=b08a90…5ad791 age=8mo3w5d    dirty=131.42MiB\n","stream":"stderr","time":"2020-03-24T23:46:56.435158313Z"}
{"log":"INFO [03-24|23:46:58.616] Imported new chain segment               blocks=2048  txs=1000 mgas=214.816 elapsed=2.154s    mgasps=99.694  number=872858 hash=f399f4…556170 age=8mo3w5d    dirty=132.03MiB\n","stream":"stderr","time":"2020-03-24T23:46:58.616720068Z"}
{"log":"INFO [03-24|23:47:00.593] Imported new chain segment               blocks=2048  txs=1135 mgas=99.755  elapsed=1.938s    mgasps=51.461  number=874906 hash=96f243…a53e51 age=8mo3w4d    dirty=133.27MiB\n","stream":"stderr","time":"2020-03-24T23:47:00.593904346Z"}
{"log":"INFO [03-24|23:47:02.750] Imported new chain segment               blocks=2048  txs=1629 mgas=256.898 elapsed=2.113s    mgasps=121.564 number=876954 hash=6d897f…652970 age=8mo3w4d    dirty=133.96MiB\n","stream":"stderr","time":"2020-03-24T23:47:02.751136021Z"}
{"log":"INFO [03-24|23:47:04.766] Imported new chain segment               blocks=2048  txs=1048 mgas=184.690 elapsed=1.968s    mgasps=93.843  number=879002 hash=894ca5…8065a1 age=8mo3w3d    dirty=134.71MiB\n","stream":"stderr","time":"2020-03-24T23:47:04.766451927Z"}
{"log":"INFO [03-24|23:47:06.770] Imported new chain segment               blocks=2048  txs=1046 mgas=183.888 elapsed=1.965s    mgasps=93.543  number=881050 hash=07619a…5d3370 age=8mo3w3d    dirty=135.75MiB\n","stream":"stderr","time":"2020-03-24T23:47:06.770274634Z"}
{"log":"INFO [03-24|23:47:08.932] Imported new chain segment               blocks=2048  txs=1074 mgas=241.573 elapsed=2.135s    mgasps=113.133 number=883098 hash=450cc6…0e097e age=8mo3w3d    dirty=136.71MiB\n","stream":"stderr","time":"2020-03-24T23:47:08.933052533Z"}
{"log":"INFO [03-24|23:47:10.489] Imported new chain segment               blocks=2048  txs=798  mgas=98.564  elapsed=1.522s    mgasps=64.741  number=885146 hash=d6ed5d…f43d2a age=8mo3w2d    dirty=137.27MiB\n","stream":"stderr","time":"2020-03-24T23:47:10.490037763Z"}
{"log":"INFO [03-24|23:47:12.590] Imported new chain segment               blocks=2048  txs=1355 mgas=273.393 elapsed=2.076s    mgasps=131.681 number=887194 hash=b6259a…bdda8c age=8mo3w2d    dirty=138.40MiB\n","stream":"stderr","time":"2020-03-24T23:47:12.590915942Z"}
{"log":"INFO [03-24|23:47:14.299] Imported new chain segment               blocks=2048  txs=927  mgas=140.178 elapsed=1.682s    mgasps=83.294  number=889242 hash=0af5bd…e6f4b7 age=8mo3w2d    dirty=138.91MiB\n","stream":"stderr","time":"2020-03-24T23:47:14.299873621Z"}
{"log":"INFO [03-24|23:47:15.978] Imported new chain segment               blocks=2048  txs=944  mgas=101.473 elapsed=1.491s    mgasps=68.034  number=891290 hash=28b30d…1b78b4 age=8mo3w1d    dirty=139.78MiB\n","stream":"stderr","time":"2020-03-24T23:47:15.978427452Z"}
{"log":"INFO [03-24|23:47:18.154] Imported new chain segment               blocks=2048  txs=1099 mgas=132.242 elapsed=2.067s    mgasps=63.966  number=893338 hash=ebc1d9…8a0e7f age=8mo3w1d    dirty=140.23MiB\n","stream":"stderr","time":"2020-03-24T23:47:18.154665272Z"}
{"log":"INFO [03-24|23:47:19.866] Imported new chain segment               blocks=2048  txs=877  mgas=119.891 elapsed=1.684s    mgasps=71.181  number=895386 hash=f5c8be…e4505e age=8mo3w1d    dirty=140.86MiB\n","stream":"stderr","time":"2020-03-24T23:47:19.866988035Z"}
{"log":"INFO [03-24|23:47:22.246] Imported new chain segment               blocks=2048  txs=1066 mgas=149.787 elapsed=2.351s    mgasps=63.703  number=897434 hash=3191ab…719f8c age=8mo3w17h   dirty=141.46MiB\n","stream":"stderr","time":"2020-03-24T23:47:22.246357499Z"}
{"log":"INFO [03-24|23:47:24.032] Imported new chain segment               blocks=2048  txs=1257 mgas=209.190 elapsed=1.757s    mgasps=119.050 number=899482 hash=e0522b…13ec25 age=8mo3w9h    dirty=142.43MiB\n","stream":"stderr","time":"2020-03-24T23:47:24.03267752Z"}
{"log":"INFO [03-24|23:47:25.984] Imported new chain segment               blocks=2048  txs=931  mgas=122.106 elapsed=1.911s    mgasps=63.879  number=901530 hash=c81571…df4269 age=8mo3w35m   dirty=143.13MiB\n","stream":"stderr","time":"2020-03-24T23:47:25.984231708Z"}
{"log":"INFO [03-24|23:47:27.988] Imported new chain segment               blocks=2048  txs=943  mgas=89.447  elapsed=1.977s    mgasps=45.233  number=903578 hash=2d5efc…f054a8 age=8mo2w6d    dirty=143.58MiB\n","stream":"stderr","time":"2020-03-24T23:47:27.988682704Z"}
{"log":"INFO [03-24|23:47:30.616] Imported new chain segment               blocks=2048  txs=2016 mgas=283.487 elapsed=2.598s    mgasps=109.109 number=905626 hash=bb8312…1df3c4 age=8mo2w6d    dirty=144.77MiB\n","stream":"stderr","time":"2020-03-24T23:47:30.616853661Z"}
{"log":"INFO [03-24|23:47:32.757] Imported new chain segment               blocks=2048  txs=1119 mgas=204.212 elapsed=2.113s    mgasps=96.642  number=907674 hash=446831…0e7ebd age=8mo2w5d    dirty=145.49MiB\n","stream":"stderr","time":"2020-03-24T23:47:32.757414727Z"}
{"log":"INFO [03-24|23:47:34.464] Imported new chain segment               blocks=2048  txs=1126 mgas=129.167 elapsed=1.665s    mgasps=77.532  number=909722 hash=c67305…4354c6 age=8mo2w5d    dirty=146.29MiB\n","stream":"stderr","time":"2020-03-24T23:47:34.464188186Z"}
{"log":"INFO [03-24|23:47:36.767] Imported new chain segment               blocks=2048  txs=1891 mgas=210.521 elapsed=2.273s    mgasps=92.585  number=911770 hash=f607d5…5fdb16 age=8mo2w5d    dirty=147.07MiB\n","stream":"stderr","time":"2020-03-24T23:47:36.767727371Z"}
{"log":"INFO [03-24|23:47:38.879] Imported new chain segment               blocks=2048  txs=973  mgas=124.800 elapsed=2.083s    mgasps=59.904  number=913818 hash=eff28f…2b37c6 age=8mo2w4d    dirty=147.74MiB\n","stream":"stderr","time":"2020-03-24T23:47:38.880015149Z"}
{"log":"INFO [03-24|23:47:41.537] Imported new chain segment               blocks=2048  txs=1658 mgas=188.917 elapsed=2.626s    mgasps=71.918  number=915866 hash=0d6b37…233d50 age=8mo2w4d    dirty=149.01MiB\n","stream":"stderr","time":"2020-03-24T23:47:41.537307273Z"}
{"log":"INFO [03-24|23:47:43.923] Imported new chain segment               blocks=2048  txs=1736 mgas=214.113 elapsed=2.356s    mgasps=90.846  number=917914 hash=9cf63e…18bc76 age=8mo2w4d    dirty=149.54MiB\n","stream":"stderr","time":"2020-03-24T23:47:43.923956251Z"}
{"log":"INFO [03-24|23:47:45.755] Imported new chain segment               blocks=2048  txs=1137 mgas=155.980 elapsed=1.803s    mgasps=86.495  number=919962 hash=f1cd9f…941c31 age=8mo2w3d    dirty=150.15MiB\n","stream":"stderr","time":"2020-03-24T23:47:45.755499004Z"}
{"log":"INFO [03-24|23:47:47.779] Imported new chain segment               blocks=2048  txs=1427 mgas=203.522 elapsed=1.987s    mgasps=102.402 number=922010 hash=7c17a4…3f474d age=8mo2w3d    dirty=150.98MiB\n","stream":"stderr","time":"2020-03-24T23:47:47.779987143Z"}
{"log":"INFO [03-24|23:47:50.148] Imported new chain segment               blocks=2048  txs=1428 mgas=232.731 elapsed=2.318s    mgasps=100.371 number=924058 hash=babc82…54fbab age=8mo2w3d    dirty=151.57MiB\n","stream":"stderr","time":"2020-03-24T23:47:50.148898666Z"}
{"log":"INFO [03-24|23:47:51.555] Imported new chain segment               blocks=2048  txs=831  mgas=153.397 elapsed=1.379s    mgasps=111.188 number=926106 hash=59bbee…24ff5b age=8mo2w2d    dirty=152.23MiB\n","stream":"stderr","time":"2020-03-24T23:47:51.556190007Z"}
{"log":"INFO [03-24|23:47:53.774] Imported new chain segment               blocks=2048  txs=1234 mgas=188.686 elapsed=1.730s    mgasps=109.005 number=928154 hash=6f6deb…d7c4e8 age=8mo2w2d    dirty=153.20MiB\n","stream":"stderr","time":"2020-03-24T23:47:53.775217506Z"}
{"log":"INFO [03-24|23:47:55.445] Imported new chain segment               blocks=2048  txs=780  mgas=119.848 elapsed=1.352s    mgasps=88.609  number=930202 hash=3169db…93b166 age=8mo2w2d    dirty=153.48MiB\n","stream":"stderr","time":"2020-03-24T23:47:55.445287868Z"}
{"log":"INFO [03-24|23:47:57.904] Imported new chain segment               blocks=2048  txs=981  mgas=85.878  elapsed=2.432s    mgasps=35.306  number=932250 hash=1ecfd5…39c032 age=8mo2w1d    dirty=154.17MiB\n","stream":"stderr","time":"2020-03-24T23:47:57.904797701Z"}
{"log":"INFO [03-24|23:48:00.250] Imported new chain segment               blocks=2048  txs=993  mgas=137.682 elapsed=2.319s    mgasps=59.370  number=934298 hash=54064a…467f35 age=8mo2w1d    dirty=154.65MiB\n","stream":"stderr","time":"2020-03-24T23:48:00.250441751Z"}
{"log":"INFO [03-24|23:48:01.132] Deep froze chain segment                 blocks=30000 elapsed=5.553s    number=807553 hash=832493…f5c080\n","stream":"stderr","time":"2020-03-24T23:48:01.132735656Z"}
{"log":"INFO [03-24|23:48:02.596] Imported new chain segment               blocks=2048  txs=832  mgas=134.583 elapsed=2.302s    mgasps=58.444  number=936346 hash=7538a5…608c48 age=8mo2w23h   dirty=155.12MiB\n","stream":"stderr","time":"2020-03-24T23:48:02.59684029Z"}
{"log":"INFO [03-24|23:48:05.442] Imported new chain segment               blocks=2048  txs=946  mgas=127.905 elapsed=2.799s    mgasps=45.690  number=938394 hash=cf1b14…83e687 age=8mo2w14h   dirty=155.87MiB\n","stream":"stderr","time":"2020-03-24T23:48:05.442953921Z"}
{"log":"INFO [03-24|23:48:06.124] Deep froze chain segment                 blocks=30000 elapsed=4.992s    number=837553 hash=3837dc…303de1\n","stream":"stderr","time":"2020-03-24T23:48:06.125001093Z"}
{"log":"INFO [03-24|23:48:07.888] Imported new chain segment               blocks=2048  txs=973  mgas=115.474 elapsed=2.394s    mgasps=48.216  number=940442 hash=44c4c8…7c10b7 age=8mo2w6h    dirty=156.32MiB\n","stream":"stderr","time":"2020-03-24T23:48:07.889017788Z"}
{"log":"INFO [03-24|23:48:08.147] Deep froze chain segment                 blocks=11477 elapsed=2.022s    number=849030 hash=34ab5b…7f66ff\n","stream":"stderr","time":"2020-03-24T23:48:08.148035873Z"}
{"log":"INFO [03-24|23:48:09.562] Imported new chain segment               blocks=2048  txs=720  mgas=76.146  elapsed=1.624s    mgasps=46.866  number=942490 hash=088b3d…6b2682 age=8mo1w6d    dirty=156.68MiB\n","stream":"stderr","time":"2020-03-24T23:48:09.562947393Z"}
{"log":"INFO [03-24|23:48:11.665] Imported new chain segment               blocks=2048  txs=1268 mgas=202.731 elapsed=2.068s    mgasps=97.998  number=944538 hash=37312e…c3ab54 age=8mo1w6d    dirty=157.70MiB\n","stream":"stderr","time":"2020-03-24T23:48:11.665885099Z"}
{"log":"INFO [03-24|23:48:14.015] Imported new chain segment               blocks=2048  txs=1572 mgas=244.457 elapsed=2.323s    mgasps=105.205 number=946586 hash=ccac13…4b4116 age=8mo1w6d    dirty=158.26MiB\n","stream":"stderr","time":"2020-03-24T23:48:14.01610072Z"}
{"log":"INFO [03-24|23:48:15.925] Imported new chain segment               blocks=2048  txs=1087 mgas=126.466 elapsed=1.881s    mgasps=67.224  number=948634 hash=f479ab…b0b2a1 age=8mo1w5d    dirty=158.92MiB\n","stream":"stderr","time":"2020-03-24T23:48:15.926168339Z"}
{"log":"INFO [03-24|23:48:18.182] Imported new chain segment               blocks=2048  txs=1191 mgas=150.891 elapsed=2.217s    mgasps=68.038  number=950682 hash=0dec59…462166 age=8mo1w5d    dirty=159.86MiB\n","stream":"stderr","time":"2020-03-24T23:48:18.18257354Z"}
{"log":"INFO [03-24|23:48:20.624] Imported new chain segment               blocks=2048  txs=1571 mgas=244.273 elapsed=2.416s    mgasps=101.069 number=952730 hash=cc0525…872f36 age=8mo1w5d    dirty=160.64MiB\n","stream":"stderr","time":"2020-03-24T23:48:20.624698567Z"}
{"log":"INFO [03-24|23:48:22.642] Imported new chain segment               blocks=2048  txs=975  mgas=126.158 elapsed=1.993s    mgasps=63.297  number=954778 hash=9c476e…9c56e8 age=8mo1w4d    dirty=161.17MiB\n","stream":"stderr","time":"2020-03-24T23:48:22.642377663Z"}
{"log":"INFO [03-24|23:48:25.180] Imported new chain segment               blocks=2048  txs=1789 mgas=329.196 elapsed=2.512s    mgasps=131.035 number=956826 hash=c1fdb7…8472ff age=8mo1w4d    dirty=162.55MiB\n","stream":"stderr","time":"2020-03-24T23:48:25.180784143Z"}
{"log":"INFO [03-24|23:48:27.992] Imported new chain segment               blocks=2048  txs=1991 mgas=301.819 elapsed=2.774s    mgasps=108.780 number=958874 hash=d7f2dd…7e0994 age=8mo1w4d    dirty=163.48MiB\n","stream":"stderr","time":"2020-03-24T23:48:27.992710247Z"}
{"log":"INFO [03-24|23:48:30.437] Imported new chain segment               blocks=2048  txs=1374 mgas=166.384 elapsed=2.416s    mgasps=68.852  number=960922 hash=bc610d…dd7627 age=8mo1w3d    dirty=164.00MiB\n","stream":"stderr","time":"2020-03-24T23:48:30.437435237Z"}
{"log":"INFO [03-24|23:48:34.055] Imported new chain segment               blocks=2048  txs=2678 mgas=371.485 elapsed=3.590s    mgasps=103.472 number=962970 hash=a46dae…8503d8 age=8mo1w3d    dirty=165.43MiB\n","stream":"stderr","time":"2020-03-24T23:48:34.056024958Z"}
{"log":"INFO [03-24|23:48:36.919] Imported new chain segment               blocks=2048  txs=1634 mgas=238.386 elapsed=2.828s    mgasps=84.272  number=965018 hash=8308cc…92d476 age=8mo1w3d    dirty=166.02MiB\n","stream":"stderr","time":"2020-03-24T23:48:36.919882404Z"}
{"log":"INFO [03-24|23:48:39.158] Imported new chain segment               blocks=2048  txs=1437 mgas=170.094 elapsed=2.200s    mgasps=77.289  number=967066 hash=8b2b12…9330c7 age=8mo1w2d    dirty=167.11MiB\n","stream":"stderr","time":"2020-03-24T23:48:39.158345017Z"}
{"log":"INFO [03-24|23:48:42.258] Imported new chain segment               blocks=2048  txs=2069 mgas=346.814 elapsed=3.074s    mgasps=112.785 number=969114 hash=de4688…ffb438 age=8mo1w2d    dirty=168.25MiB\n","stream":"stderr","time":"2020-03-24T23:48:42.25881538Z"}
{"log":"INFO [03-24|23:48:43.901] Imported new chain segment               blocks=2048  txs=838  mgas=95.105  elapsed=1.600s    mgasps=59.429  number=971162 hash=ced3ef…2dc419 age=8mo1w1d    dirty=168.58MiB\n","stream":"stderr","time":"2020-03-24T23:48:43.902014077Z"}
{"log":"INFO [03-24|23:48:45.848] Imported new chain segment               blocks=2048  txs=1051 mgas=128.093 elapsed=1.920s    mgasps=66.704  number=973210 hash=a13ca0…4395d6 age=8mo1w1d    dirty=169.47MiB\n","stream":"stderr","time":"2020-03-24T23:48:45.849147227Z"}
{"log":"INFO [03-24|23:48:47.657] Imported new chain segment               blocks=2048  txs=858  mgas=99.970  elapsed=1.771s    mgasps=56.437  number=975258 hash=c16474…462d38 age=8mo1w1d    dirty=169.92MiB\n","stream":"stderr","time":"2020-03-24T23:48:47.657584245Z"}
{"log":"INFO [03-24|23:48:49.663] Imported new chain segment               blocks=2048  txs=1022 mgas=96.848  elapsed=1.970s    mgasps=49.150  number=977306 hash=e8ad1a…b5b9fd age=8mo1w20h   dirty=170.37MiB\n","stream":"stderr","time":"2020-03-24T23:48:49.664153039Z"}
{"log":"INFO [03-24|23:48:51.774] Imported new chain segment               blocks=2048  txs=1077 mgas=128.106 elapsed=2.081s    mgasps=61.544  number=979354 hash=9ab7ce…a74876 age=8mo1w12h   dirty=171.10MiB\n","stream":"stderr","time":"2020-03-24T23:48:51.77446152Z"}
{"log":"INFO [03-24|23:48:53.518] Imported new chain segment               blocks=2048  txs=987  mgas=123.864 elapsed=1.699s    mgasps=72.871  number=981402 hash=c6f9bd…387c48 age=8mo1w3h    dirty=171.91MiB\n","stream":"stderr","time":"2020-03-24T23:48:53.5189447Z"}
{"log":"INFO [03-24|23:48:55.261] Imported new chain segment               blocks=2048  txs=948  mgas=102.052 elapsed=1.605s    mgasps=63.555  number=983450 hash=757ac2…7e66f3 age=8mo6d19h   dirty=172.32MiB\n","stream":"stderr","time":"2020-03-24T23:48:55.261484943Z"}
{"log":"INFO [03-24|23:48:57.993] Imported new chain segment               blocks=2048  txs=1419 mgas=202.241 elapsed=2.705s    mgasps=74.756  number=985498 hash=757dd2…5c3999 age=8mo6d10h   dirty=173.64MiB\n","stream":"stderr","time":"2020-03-24T23:48:57.994003155Z"}
{"log":"INFO [03-24|23:49:00.787] Imported new chain segment               blocks=2048  txs=2056 mgas=470.118 elapsed=2.767s    mgasps=169.887 number=987546 hash=1b034b…7d2d50 age=8mo6d2h    dirty=175.04MiB\n","stream":"stderr","time":"2020-03-24T23:49:00.787775903Z"}
{"log":"INFO [03-24|23:49:02.952] Imported new chain segment               blocks=2048  txs=865  mgas=86.233  elapsed=2.138s    mgasps=40.324  number=989594 hash=557657…01ed9c age=8mo5d17h   dirty=175.18MiB\n","stream":"stderr","time":"2020-03-24T23:49:02.952709479Z"}
{"log":"INFO [03-24|23:49:05.722] Imported new chain segment               blocks=2048  txs=1602 mgas=462.605 elapsed=2.742s    mgasps=168.704 number=991642 hash=0dfc87…435130 age=8mo5d9h    dirty=176.88MiB\n","stream":"stderr","time":"2020-03-24T23:49:05.722289254Z"}
{"log":"INFO [03-24|23:49:08.740] Imported new chain segment               blocks=2048  txs=1072 mgas=254.858 elapsed=2.973s    mgasps=85.710  number=993690 hash=db45ab…65f35a age=8mo5d36m   dirty=177.49MiB\n","stream":"stderr","time":"2020-03-24T23:49:08.74112377Z"}
{"log":"INFO [03-24|23:49:10.811] Imported new chain segment               blocks=2048  txs=1030 mgas=100.516 elapsed=2.025s    mgasps=49.614  number=995738 hash=4f12b2…93f3fe age=8mo4d16h   dirty=178.45MiB\n","stream":"stderr","time":"2020-03-24T23:49:10.811714597Z"}
{"log":"INFO [03-24|23:49:16.945] Deep froze chain segment                 blocks=30000 elapsed=8.797s    number=879030 hash=7e08a4…e8c6fc\n","stream":"stderr","time":"2020-03-24T23:49:16.94532361Z"}
{"log":"INFO [03-24|23:49:18.407] Imported new chain segment               blocks=2048  txs=1490 mgas=409.180 elapsed=7.146s    mgasps=57.252  number=997786 hash=620d38…cf3e1e age=8mo4d7h    dirty=179.56MiB\n","stream":"stderr","time":"2020-03-24T23:49:18.408230367Z"}
{"log":"INFO [03-24|23:49:22.043] Imported new chain segment               blocks=2048  txs=1003 mgas=303.556 elapsed=3.276s    mgasps=92.635  number=999834 hash=67d3aa…23be43 age=8mo3d23h   dirty=180.41MiB\n","stream":"stderr","time":"2020-03-24T23:49:22.043535107Z"}
{"log":"INFO [03-24|23:49:22.399] Deep froze chain segment                 blocks=27775 elapsed=5.454s    number=906805 hash=da3a1e…908f0d\n","stream":"stderr","time":"2020-03-24T23:49:22.399579052Z"}
{"log":"INFO [03-24|23:49:24.063] Imported new chain segment               blocks=2048  txs=997  mgas=121.187 elapsed=1.964s    mgasps=61.673  number=1001882 hash=56039b…5e9f74 age=8mo3d14h   dirty=181.39MiB\n","stream":"stderr","time":"2020-03-24T23:49:24.06355488Z"}
{"log":"INFO [03-24|23:49:27.502] Imported new chain segment               blocks=2048  txs=2424 mgas=353.146 elapsed=3.234s    mgasps=109.188 number=1003930 hash=d225e8…3cdc46 age=8mo3d5h    dirty=182.15MiB\n","stream":"stderr","time":"2020-03-24T23:49:27.502326014Z"}
{"log":"INFO [03-24|23:49:29.639] Imported new chain segment               blocks=2048  txs=850  mgas=81.602  elapsed=2.109s    mgasps=38.690  number=1005978 hash=c5534e…b31d76 age=8mo2d21h   dirty=182.56MiB\n","stream":"stderr","time":"2020-03-24T23:49:29.639365614Z"}
{"log":"INFO [03-24|23:49:31.338] Imported new chain segment               blocks=2048  txs=1062 mgas=151.392 elapsed=1.670s    mgasps=90.606  number=1008026 hash=e36de7…e258cc age=8mo2d12h   dirty=183.22MiB\n","stream":"stderr","time":"2020-03-24T23:49:31.338689465Z"}
{"log":"INFO [03-24|23:49:34.269] Imported new chain segment               blocks=2048  txs=1661 mgas=251.272 elapsed=2.905s    mgasps=86.481  number=1010074 hash=0a7176…033e3d age=8mo2d4h    dirty=184.04MiB\n","stream":"stderr","time":"2020-03-24T23:49:34.270075497Z"}
{"log":"INFO [03-24|23:49:36.158] Imported new chain segment               blocks=2048  txs=938  mgas=94.970  elapsed=1.851s    mgasps=51.304  number=1012122 hash=f00f1b…abb53c age=8mo1d19h   dirty=184.65MiB\n","stream":"stderr","time":"2020-03-24T23:49:36.158353181Z"}
{"log":"INFO [03-24|23:49:38.417] Imported new chain segment               blocks=2048  txs=1218 mgas=130.684 elapsed=2.230s    mgasps=58.588  number=1014170 hash=7aa934…04d68e age=8mo1d11h   dirty=184.63MiB\n","stream":"stderr","time":"2020-03-24T23:49:38.418150493Z"}
{"log":"INFO [03-24|23:49:39.861] Imported new chain segment               blocks=2048  txs=546  mgas=148.458 elapsed=1.406s    mgasps=105.528 number=1016218 hash=784547…3279b3 age=8mo1d2h    dirty=185.17MiB\n","stream":"stderr","time":"2020-03-24T23:49:39.861635961Z"}
{"log":"INFO [03-24|23:49:40.739] Imported new chain segment               blocks=2048  txs=138  mgas=61.446  elapsed=830.720ms mgasps=73.967  number=1018266 hash=5213cb…e38ebc age=8mo18h11m  dirty=184.93MiB\n","stream":"stderr","time":"2020-03-24T23:49:40.739225482Z"}
{"log":"INFO [03-24|23:49:41.887] Imported new chain segment               blocks=2048  txs=490  mgas=124.938 elapsed=1.120s    mgasps=111.527 number=1020314 hash=dcb37d…55ca74 age=8mo9h39m   dirty=185.21MiB\n","stream":"stderr","time":"2020-03-24T23:49:41.887700864Z"}
{"log":"INFO [03-24|23:49:42.791] Imported new chain segment               blocks=2048  txs=127  mgas=15.915  elapsed=859.732ms mgasps=18.512  number=1022362 hash=1211e6…3b103a age=8mo1h7m    dirty=185.25MiB\n","stream":"stderr","time":"2020-03-24T23:49:42.792054808Z"}
{"log":"INFO [03-24|23:49:44.174] Imported new chain segment               blocks=2048  txs=413  mgas=57.811  elapsed=1.337s    mgasps=43.212  number=1024410 hash=780c23…63093c age=7mo4w1d    dirty=185.82MiB\n","stream":"stderr","time":"2020-03-24T23:49:44.175061197Z"}
{"log":"INFO [03-24|23:49:47.772] Imported new chain segment               blocks=2048  txs=2771 mgas=442.556 elapsed=3.570s    mgasps=123.933 number=1026458 hash=e64ed4…fb1c6c age=7mo4w1d    dirty=187.04MiB\n","stream":"stderr","time":"2020-03-24T23:49:47.772535469Z"}
{"log":"INFO [03-24|23:49:49.940] Imported new chain segment               blocks=2048  txs=1107 mgas=123.047 elapsed=1.886s    mgasps=65.228  number=1028506 hash=a964df…5f7bd0 age=7mo4w23h   dirty=187.01MiB\n","stream":"stderr","time":"2020-03-24T23:49:49.940366444Z"}
{"log":"INFO [03-24|23:49:51.750] Imported new chain segment               blocks=2048  txs=630  mgas=58.960  elapsed=1.782s    mgasps=33.072  number=1030554 hash=2cd513…b42b2c age=7mo4w14h   dirty=187.60MiB\n","stream":"stderr","time":"2020-03-24T23:49:51.750661778Z"}
{"log":"INFO [03-24|23:49:54.226] Imported new chain segment               blocks=2048  txs=1335 mgas=357.737 elapsed=2.447s    mgasps=146.171 number=1032602 hash=6ced10…54df59 age=7mo4w6h    dirty=188.19MiB\n","stream":"stderr","time":"2020-03-24T23:49:54.226538328Z"}
{"log":"INFO [03-24|23:49:55.498] Imported new chain segment               blocks=2048  txs=439  mgas=51.636  elapsed=1.230s    mgasps=41.953  number=1034650 hash=a01d2e…db70f3 age=7mo3w6d    dirty=188.33MiB\n","stream":"stderr","time":"2020-03-24T23:49:55.498438986Z"}
{"log":"INFO [03-24|23:49:57.089] Imported new chain segment               blocks=2048  txs=1025 mgas=189.016 elapsed=1.554s    mgasps=121.617 number=1036698 hash=484796…548db6 age=7mo3w6d    dirty=189.01MiB\n","stream":"stderr","time":"2020-03-24T23:49:57.089955817Z"}
{"log":"INFO [03-24|23:49:59.019] Imported new chain segment               blocks=2048  txs=1003 mgas=103.102 elapsed=1.811s    mgasps=56.929  number=1038746 hash=34539f…5e38b8 age=7mo3w6d    dirty=189.14MiB\n","stream":"stderr","time":"2020-03-24T23:49:59.020218346Z"}
{"log":"INFO [03-24|23:50:00.669] Imported new chain segment               blocks=2048  txs=571  mgas=156.121 elapsed=1.599s    mgasps=97.632  number=1040794 hash=c75a25…243c7a age=7mo3w5d    dirty=189.83MiB\n","stream":"stderr","time":"2020-03-24T23:50:00.670034186Z"}
{"log":"INFO [03-24|23:50:03.159] Imported new chain segment               blocks=2048  txs=1732 mgas=198.270 elapsed=2.441s    mgasps=81.201  number=1042842 hash=4fc904…221a69 age=7mo3w5d    dirty=190.58MiB\n","stream":"stderr","time":"2020-03-24T23:50:03.159288058Z"}
{"log":"INFO [03-24|23:50:05.624] Imported new chain segment               blocks=2048  txs=1754 mgas=252.157 elapsed=2.423s    mgasps=104.039 number=1044890 hash=d4036f…67e2a4 age=7mo3w5d    dirty=190.45MiB\n","stream":"stderr","time":"2020-03-24T23:50:05.62424828Z"}
{"log":"INFO [03-24|23:50:07.720] Imported new chain segment               blocks=2048  txs=1012 mgas=151.589 elapsed=2.067s    mgasps=73.307  number=1046938 hash=cfed1c…8b159b age=7mo3w4d    dirty=191.00MiB\n","stream":"stderr","time":"2020-03-24T23:50:07.72030544Z"}
{"log":"INFO [03-24|23:50:10.318] Imported new chain segment               blocks=2048  txs=1659 mgas=247.904 elapsed=2.569s    mgasps=96.464  number=1048986 hash=ec089b…083a44 age=7mo3w4d    dirty=192.12MiB\n","stream":"stderr","time":"2020-03-24T23:50:10.31888039Z"}
{"log":"INFO [03-24|23:50:11.579] New local node record                    seq=6 id=8252fae760b7940d ip=31.147.195.74 udp=30303 tcp=30303\n","stream":"stderr","time":"2020-03-24T23:50:11.579621241Z"}
{"log":"INFO [03-24|23:50:11.710] New local node record                    seq=7 id=8252fae760b7940d ip=31.147.195.74 udp=1024  tcp=30303\n","stream":"stderr","time":"2020-03-24T23:50:11.710604867Z"}
{"log":"INFO [03-24|23:50:11.755] New local node record                    seq=8 id=8252fae760b7940d ip=31.147.195.74 udp=30303 tcp=30303\n","stream":"stderr","time":"2020-03-24T23:50:11.755839975Z"}
{"log":"INFO [03-24|23:50:12.761] Imported new chain segment               blocks=2048  txs=1437 mgas=180.359 elapsed=2.410s    mgasps=74.812  number=1051034 hash=3cf60a…52e965 age=7mo3w4d    dirty=192.16MiB\n","stream":"stderr","time":"2020-03-24T23:50:12.761663664Z"}
{"log":"INFO [03-24|23:50:14.067] Imported new chain segment               blocks=2048  txs=423  mgas=68.190  elapsed=1.259s    mgasps=54.126  number=1053082 hash=6b2904…2e4d1b age=7mo3w3d    dirty=192.55MiB\n","stream":"stderr","time":"2020-03-24T23:50:14.068133711Z"}
{"log":"INFO [03-24|23:50:15.465] Imported new chain segment               blocks=2048  txs=627  mgas=135.736 elapsed=1.370s    mgasps=99.018  number=1055130 hash=210e64…6a9538 age=7mo3w3d    dirty=193.01MiB\n","stream":"stderr","time":"2020-03-24T23:50:15.465999763Z"}
{"log":"INFO [03-24|23:50:17.296] Imported new chain segment               blocks=2048  txs=1509 mgas=204.467 elapsed=1.786s    mgasps=114.473 number=1057178 hash=fac409…c03db5 age=7mo3w3d    dirty=193.64MiB\n","stream":"stderr","time":"2020-03-24T23:50:17.296897479Z"}
{"log":"INFO [03-24|23:50:19.337] Imported new chain segment               blocks=2048  txs=1870 mgas=135.778 elapsed=2.012s    mgasps=67.472  number=1059226 hash=44d851…d60296 age=7mo3w2d    dirty=194.01MiB\n","stream":"stderr","time":"2020-03-24T23:50:19.337527154Z"}
{"log":"INFO [03-24|23:50:21.073] Imported new chain segment               blocks=2048  txs=746  mgas=62.245  elapsed=1.708s    mgasps=36.423  number=1061274 hash=60e825…6aa7ae age=7mo3w2d    dirty=194.21MiB\n","stream":"stderr","time":"2020-03-24T23:50:21.074048894Z"}
{"log":"INFO [03-24|23:50:22.227] Imported new chain segment               blocks=2048  txs=901  mgas=68.814  elapsed=1.108s    mgasps=62.069  number=1063322 hash=ca1f30…21227e age=7mo3w1d    dirty=194.56MiB\n","stream":"stderr","time":"2020-03-24T23:50:22.227237633Z"}
{"log":"INFO [03-24|23:50:24.960] Imported new chain segment               blocks=2048  txs=1022 mgas=99.563  elapsed=2.704s    mgasps=36.816  number=1065370 hash=a50350…1b018d age=7mo3w1d    dirty=195.31MiB\n","stream":"stderr","time":"2020-03-24T23:50:24.960590197Z"}
{"log":"INFO [03-24|23:50:27.980] Imported new chain segment               blocks=2048  txs=1703 mgas=258.023 elapsed=2.980s    mgasps=86.561  number=1067418 hash=7e34f5…8b26b9 age=7mo3w1d    dirty=195.92MiB\n","stream":"stderr","time":"2020-03-24T23:50:27.980391005Z"}
{"log":"INFO [03-24|23:50:30.638] Imported new chain segment               blocks=2048  txs=583  mgas=152.674 elapsed=2.621s    mgasps=58.245  number=1069466 hash=4c049b…fa93c7 age=7mo3w20h   dirty=196.17MiB\n","stream":"stderr","time":"2020-03-24T23:50:30.638920789Z"}
{"log":"INFO [03-24|23:50:31.193] Deep froze chain segment                 blocks=30000 elapsed=8.793s    number=936805  hash=17c228…6ac911\n","stream":"stderr","time":"2020-03-24T23:50:31.193373061Z"}
{"log":"INFO [03-24|23:50:33.754] Imported new chain segment               blocks=2048  txs=1212 mgas=162.641 elapsed=3.079s    mgasps=52.810  number=1071514 hash=cf3b77…ae9281 age=7mo3w12h   dirty=196.75MiB\n","stream":"stderr","time":"2020-03-24T23:50:33.754419363Z"}
{"log":"INFO [03-24|23:50:36.261] Imported new chain segment               blocks=2048  txs=1014 mgas=197.709 elapsed=2.470s    mgasps=80.012  number=1073562 hash=c814f1…4c6a42 age=7mo3w3h    dirty=197.39MiB\n","stream":"stderr","time":"2020-03-24T23:50:36.261384059Z"}
{"log":"INFO [03-24|23:50:38.911] Imported new chain segment               blocks=2048  txs=723  mgas=118.405 elapsed=2.607s    mgasps=45.412  number=1075610 hash=95a5a9…de9336 age=7mo2w6d    dirty=197.56MiB\n","stream":"stderr","time":"2020-03-24T23:50:38.911982084Z"}
{"log":"INFO [03-24|23:50:39.698] Deep froze chain segment                 blocks=30000 elapsed=8.504s    number=966805  hash=2357d2…a61ada\n","stream":"stderr","time":"2020-03-24T23:50:39.698434547Z"}
{"log":"INFO [03-24|23:50:42.232] Imported new chain segment               blocks=2048  txs=1530 mgas=194.355 elapsed=3.292s    mgasps=59.025  number=1077658 hash=9bacd8…2ba3e3 age=7mo2w6d    dirty=198.63MiB\n","stream":"stderr","time":"2020-03-24T23:50:42.232811454Z"}
{"log":"INFO [03-24|23:50:44.653] Deep froze chain segment                 blocks=19345 elapsed=4.955s    number=986150  hash=2e2536…75a348\n","stream":"stderr","time":"2020-03-24T23:50:44.653712206Z"}
{"log":"INFO [03-24|23:50:45.045] Imported new chain segment               blocks=2048  txs=1222 mgas=166.364 elapsed=2.778s    mgasps=59.885  number=1079706 hash=3b833d…bfcda0 age=7mo2w6d    dirty=198.77MiB\n","stream":"stderr","time":"2020-03-24T23:50:45.046181484Z"}
{"log":"INFO [03-24|23:50:46.887] Imported new chain segment               blocks=2048  txs=895  mgas=297.925 elapsed=1.801s    mgasps=165.404 number=1081754 hash=6c1b5b…532ae5 age=7mo2w5d    dirty=199.54MiB\n","stream":"stderr","time":"2020-03-24T23:50:46.887936802Z"}
{"log":"INFO [03-24|23:50:49.314] Imported new chain segment               blocks=2048  txs=1405 mgas=238.222 elapsed=2.398s    mgasps=99.303  number=1083802 hash=00f63a…dd29d7 age=7mo2w5d    dirty=200.78MiB\n","stream":"stderr","time":"2020-03-24T23:50:49.314630538Z"}
{"log":"INFO [03-24|23:50:52.633] Imported new chain segment               blocks=2048  txs=2460 mgas=256.380 elapsed=3.293s    mgasps=77.833  number=1085850 hash=9ba360…c7cdc1 age=7mo2w5d    dirty=200.24MiB\n","stream":"stderr","time":"2020-03-24T23:50:52.633928723Z"}
{"log":"INFO [03-24|23:50:55.959] Imported new chain segment               blocks=2048  txs=3489 mgas=278.728 elapsed=3.285s    mgasps=84.824  number=1087898 hash=ffea30…3cbb1b age=7mo2w4d    dirty=201.03MiB\n","stream":"stderr","time":"2020-03-24T23:50:55.959995344Z"}
{"log":"INFO [03-24|23:50:58.557] Imported new chain segment               blocks=2048  txs=1711 mgas=188.345 elapsed=2.570s    mgasps=73.271  number=1089946 hash=879bcc…6ea29c age=7mo2w4d    dirty=201.58MiB\n","stream":"stderr","time":"2020-03-24T23:50:58.558172702Z"}
{"log":"INFO [03-24|23:50:59.968] Imported new chain segment               blocks=2048  txs=694  mgas=64.965  elapsed=1.383s    mgasps=46.950  number=1091994 hash=a08160…022408 age=7mo2w3d    dirty=201.66MiB\n","stream":"stderr","time":"2020-03-24T23:50:59.968295357Z"}
{"log":"INFO [03-24|23:51:01.348] Imported new chain segment               blocks=2048  txs=598  mgas=70.802  elapsed=1.352s    mgasps=52.347  number=1094042 hash=26ea40…15368b age=7mo2w3d    dirty=202.00MiB\n","stream":"stderr","time":"2020-03-24T23:51:01.348872006Z"}
{"log":"INFO [03-24|23:51:03.032] Imported new chain segment               blocks=2048  txs=577  mgas=55.598  elapsed=1.629s    mgasps=34.125  number=1096090 hash=8c664d…46c416 age=7mo2w3d    dirty=202.26MiB\n","stream":"stderr","time":"2020-03-24T23:51:03.032774373Z"}
{"log":"INFO [03-24|23:51:04.961] Imported new chain segment               blocks=2048  txs=1304 mgas=162.324 elapsed=1.898s    mgasps=85.510  number=1098138 hash=053673…f5948c age=7mo2w2d    dirty=202.96MiB\n","stream":"stderr","time":"2020-03-24T23:51:04.961374931Z"}
{"log":"INFO [03-24|23:51:07.317] Imported new chain segment               blocks=2048  txs=1394 mgas=152.723 elapsed=2.316s    mgasps=65.938  number=1100186 hash=a4cc23…fc6aa9 age=7mo2w2d    dirty=202.96MiB\n","stream":"stderr","time":"2020-03-24T23:51:07.317930437Z"}
{"log":"INFO [03-24|23:51:08.465] Imported new chain segment               blocks=2048  txs=548  mgas=56.529  elapsed=1.105s    mgasps=51.138  number=1102234 hash=de2a0f…2bf287 age=7mo2w2d    dirty=202.97MiB\n","stream":"stderr","time":"2020-03-24T23:51:08.465894013Z"}
{"log":"INFO [03-24|23:51:11.069] Imported new chain segment               blocks=2048  txs=1758 mgas=269.814 elapsed=2.433s    mgasps=110.897 number=1104282 hash=37180b…1ba071 age=7mo2w1d    dirty=203.63MiB\n","stream":"stderr","time":"2020-03-24T23:51:11.069263817Z"}
{"log":"INFO [03-24|23:51:13.636] Imported new chain segment               blocks=2048  txs=1986 mgas=257.153 elapsed=2.540s    mgasps=101.214 number=1106330 hash=ef5fcb…b4c04f age=7mo2w1d    dirty=204.37MiB\n","stream":"stderr","time":"2020-03-24T23:51:13.636238787Z"}
{"log":"INFO [03-24|23:51:15.397] Imported new chain segment               blocks=2048  txs=704  mgas=123.561 elapsed=1.733s    mgasps=71.286  number=1108378 hash=e382cc…a65553 age=7mo2w1d    dirty=204.30MiB\n","stream":"stderr","time":"2020-03-24T23:51:15.397293809Z"}
{"log":"INFO [03-24|23:51:16.383] Imported new chain segment               blocks=2048  txs=594  mgas=93.324  elapsed=939.720ms mgasps=99.310  number=1110426 hash=aef4fb…a35c68 age=7mo2w18h   dirty=204.30MiB\n","stream":"stderr","time":"2020-03-24T23:51:16.383759526Z"}
{"log":"INFO [03-24|23:51:19.901] Imported new chain segment               blocks=2048  txs=2433 mgas=249.797 elapsed=3.489s    mgasps=71.591  number=1112474 hash=d71a48…53807e age=7mo2w9h    dirty=205.37MiB\n","stream":"stderr","time":"2020-03-24T23:51:19.901409995Z"}
{"log":"INFO [03-24|23:51:21.168] Imported new chain segment               blocks=2048  txs=647  mgas=118.472 elapsed=1.239s    mgasps=95.613  number=1114522 hash=23fbc0…850d39 age=7mo2w1h    dirty=204.95MiB\n","stream":"stderr","time":"2020-03-24T23:51:21.168637465Z"}
{"log":"INFO [03-24|23:51:22.460] Imported new chain segment               blocks=2048  txs=380  mgas=105.522 elapsed=1.263s    mgasps=83.503  number=1116570 hash=3ac91d…25ba20 age=7mo1w6d    dirty=205.13MiB\n","stream":"stderr","time":"2020-03-24T23:51:22.46085474Z"}
{"log":"INFO [03-24|23:51:24.319] Imported new chain segment               blocks=2048  txs=1562 mgas=390.946 elapsed=1.822s    mgasps=214.540 number=1118618 hash=2ac3c4…f63739 age=7mo1w6d    dirty=206.35MiB\n","stream":"stderr","time":"2020-03-24T23:51:24.319496763Z"}
{"log":"INFO [03-24|23:51:26.348] Imported new chain segment               blocks=2048  txs=591  mgas=105.933 elapsed=1.993s    mgasps=53.145  number=1120666 hash=16d5a5…7016a8 age=7mo1w5d    dirty=206.55MiB\n","stream":"stderr","time":"2020-03-24T23:51:26.348401345Z"}
{"log":"INFO [03-24|23:51:27.620] Imported new chain segment               blocks=2048  txs=476  mgas=45.654  elapsed=1.239s    mgasps=36.834  number=1122714 hash=fa315c…302cc1 age=7mo1w5d    dirty=206.89MiB\n","stream":"stderr","time":"2020-03-24T23:51:27.634798854Z"}
{"log":"INFO [03-24|23:51:30.899] Imported new chain segment               blocks=2048  txs=2395 mgas=378.284 elapsed=3.031s    mgasps=124.779 number=1124762 hash=945c2a…3133a5 age=7mo1w5d    dirty=207.58MiB\n","stream":"stderr","time":"2020-03-24T23:51:30.899261383Z"}
{"log":"INFO [03-24|23:51:32.064] Imported new chain segment               blocks=2048  txs=439  mgas=60.816  elapsed=1.121s    mgasps=54.238  number=1126810 hash=faac8b…a5d706 age=7mo1w4d    dirty=207.89MiB\n","stream":"stderr","time":"2020-03-24T23:51:32.064983977Z"}
{"log":"INFO [03-24|23:51:34.123] Imported new chain segment               blocks=2048  txs=1438 mgas=198.334 elapsed=2.029s    mgasps=97.737  number=1128858 hash=60c3d2…8a3685 age=7mo1w4d    dirty=208.69MiB\n","stream":"stderr","time":"2020-03-24T23:51:34.123854365Z"}
{"log":"INFO [03-24|23:51:36.778] Imported new chain segment               blocks=2048  txs=1444 mgas=208.067 elapsed=2.609s    mgasps=79.725  number=1130906 hash=841cf7…c1a201 age=7mo1w4d    dirty=209.20MiB\n","stream":"stderr","time":"2020-03-24T23:51:36.779228852Z"}
{"log":"INFO [03-24|23:51:37.733] Imported new chain segment               blocks=2048  txs=319  mgas=34.284  elapsed=906.364ms mgasps=37.825  number=1132954 hash=2be2c8…964b85 age=7mo1w3d    dirty=209.32MiB\n","stream":"stderr","time":"2020-03-24T23:51:37.733465629Z"}
{"log":"INFO [03-24|23:51:39.527] Imported new chain segment               blocks=2048  txs=390  mgas=35.647  elapsed=1.760s    mgasps=20.247  number=1135002 hash=bd377d…af99c3 age=7mo1w3d    dirty=209.67MiB\n","stream":"stderr","time":"2020-03-24T23:51:39.528041779Z"}
{"log":"INFO [03-24|23:51:40.458] Imported new chain segment               blocks=2048  txs=340  mgas=31.859  elapsed=883.271ms mgasps=36.069  number=1137050 hash=6a7e6b…1f9792 age=7mo1w3d    dirty=209.82MiB\n","stream":"stderr","time":"2020-03-24T23:51:40.458372241Z"}
{"log":"INFO [03-24|23:51:42.081] Imported new chain segment               blocks=2048  txs=267  mgas=26.612  elapsed=1.595s    mgasps=16.682  number=1139098 hash=ba63ca…97d645 age=7mo1w2d    dirty=210.01MiB\n","stream":"stderr","time":"2020-03-24T23:51:42.081884485Z"}
{"log":"INFO [03-24|23:51:43.061] Imported new chain segment               blocks=2048  txs=320  mgas=35.662  elapsed=914.028ms mgasps=39.016  number=1141146 hash=d7814f…10d033 age=7mo1w2d    dirty=210.27MiB\n","stream":"stderr","time":"2020-03-24T23:51:43.062193853Z"}
{"log":"INFO [03-24|23:51:44.526] Imported new chain segment               blocks=2048  txs=333  mgas=39.409  elapsed=1.290s    mgasps=30.546  number=1143194 hash=2b0a55…7ab221 age=7mo1w2d    dirty=210.39MiB\n","stream":"stderr","time":"2020-03-24T23:51:44.526336462Z"}
{"log":"INFO [03-24|23:51:46.217] Imported new chain segment               blocks=2048  txs=276  mgas=38.723  elapsed=1.651s    mgasps=23.444  number=1145242 hash=6616c2…52b6b0 age=7mo1w1d    dirty=210.65MiB\n","stream":"stderr","time":"2020-03-24T23:51:46.21738038Z"}
{"log":"INFO [03-24|23:51:48.826] Imported new chain segment               blocks=2048  txs=1322 mgas=192.620 elapsed=2.578s    mgasps=74.698  number=1147290 hash=a3273c…3ae430 age=7mo1w1d    dirty=211.64MiB\n","stream":"stderr","time":"2020-03-24T23:51:48.826961165Z"}
{"log":"INFO [03-24|23:51:51.326] Imported new chain segment               blocks=2048  txs=756  mgas=69.664  elapsed=2.461s    mgasps=28.296  number=1149338 hash=a73a1f…6d29ed age=7mo1w1d    dirty=211.68MiB\n","stream":"stderr","time":"2020-03-24T23:51:51.326712899Z"}
{"log":"INFO [03-24|23:51:51.358] Deep froze chain segment                 blocks=30000 elapsed=6.702s    number=1016150 hash=eba49b…4072d2\n","stream":"stderr","time":"2020-03-24T23:51:51.359011072Z"}
{"log":"INFO [03-24|23:51:52.715] Imported new chain segment               blocks=2048  txs=383  mgas=57.363  elapsed=1.351s    mgasps=42.455  number=1151386 hash=ae2a21…d2c9c4 age=7mo1w15h   dirty=211.85MiB\n","stream":"stderr","time":"2020-03-24T23:51:52.715972541Z"}
{"log":"INFO [03-24|23:51:56.526] Imported new chain segment               blocks=2048  txs=1763 mgas=272.416 elapsed=3.755s    mgasps=72.540  number=1153434 hash=3166bc…8f601b age=7mo1w7h    dirty=212.68MiB\n","stream":"stderr","time":"2020-03-24T23:51:56.526459683Z"}
{"log":"INFO [03-24|23:51:56.855] Deep froze chain segment                 blocks=30000 elapsed=5.496s    number=1046150 hash=9748e6…66082b\n","stream":"stderr","time":"2020-03-24T23:51:56.85602965Z"}
{"log":"INFO [03-24|23:51:58.846] Imported new chain segment               blocks=2048  txs=606  mgas=61.007  elapsed=2.293s    mgasps=26.603  number=1155482 hash=3a5567…c55154 age=7mo6d22h   dirty=212.90MiB\n","stream":"stderr","time":"2020-03-24T23:51:58.847145957Z"}
{"log":"INFO [03-24|23:52:01.008] Deep froze chain segment                 blocks=17684 elapsed=4.152s    number=1063834 hash=95b4b7…057d01\n","stream":"stderr","time":"2020-03-24T23:52:01.008650324Z"}
{"log":"INFO [03-24|23:52:01.067] Imported new chain segment               blocks=2048  txs=763  mgas=235.935 elapsed=2.171s    mgasps=108.650 number=1157530 hash=2e1086…22dac5 age=7mo6d13h   dirty=213.38MiB\n","stream":"stderr","time":"2020-03-24T23:52:01.067933534Z"}
{"log":"INFO [03-24|23:52:04.135] Imported new chain segment               blocks=2048  txs=1988 mgas=210.205 elapsed=3.027s    mgasps=69.441  number=1159578 hash=d36e38…4eebac age=7mo6d5h    dirty=213.82MiB\n","stream":"stderr","time":"2020-03-24T23:52:04.135945189Z"}
{"log":"INFO [03-24|23:52:05.698] Imported new chain segment               blocks=2048  txs=651  mgas=79.985  elapsed=1.534s    mgasps=52.134  number=1161626 hash=ac064d…c0c037 age=7mo5d20h   dirty=214.14MiB\n","stream":"stderr","time":"2020-03-24T23:52:05.699149821Z"}
{"log":"INFO [03-24|23:52:07.031] Imported new chain segment               blocks=2048  txs=616  mgas=186.888 elapsed=1.284s    mgasps=145.548 number=1163674 hash=a9ce79…28349d age=7mo5d12h   dirty=214.70MiB\n","stream":"stderr","time":"2020-03-24T23:52:07.031891052Z"}
{"log":"INFO [03-24|23:52:09.108] Imported new chain segment               blocks=2048  txs=789  mgas=172.155 elapsed=2.044s    mgasps=84.205  number=1165722 hash=f35dd1…085330 age=7mo5d3h    dirty=215.12MiB\n","stream":"stderr","time":"2020-03-24T23:52:09.109165843Z"}
{"log":"INFO [03-24|23:52:11.141] Imported new chain segment               blocks=2048  txs=1329 mgas=144.045 elapsed=2.000s    mgasps=72.001  number=1167770 hash=7c6510…cab220 age=7mo4d19h   dirty=215.45MiB\n","stream":"stderr","time":"2020-03-24T23:52:11.142032407Z"}
{"log":"INFO [03-24|23:52:12.542] Imported new chain segment               blocks=2048  txs=955  mgas=262.550 elapsed=1.356s    mgasps=193.611 number=1169818 hash=1313b7…efeacb age=7mo4d10h   dirty=216.09MiB\n","stream":"stderr","time":"2020-03-24T23:52:12.542834101Z"}
{"log":"INFO [03-24|23:52:14.551] Imported new chain segment               blocks=2048  txs=616  mgas=171.194 elapsed=1.981s    mgasps=86.387  number=1171866 hash=95644f…4af035 age=7mo4d2h    dirty=216.48MiB\n","stream":"stderr","time":"2020-03-24T23:52:14.551509369Z"}
{"log":"INFO [03-24|23:52:15.494] Imported new chain segment               blocks=2048  txs=538  mgas=58.272  elapsed=915.478ms mgasps=63.651  number=1173914 hash=63971e…090c62 age=7mo3d17h   dirty=216.65MiB\n","stream":"stderr","time":"2020-03-24T23:52:15.494538171Z"}
{"log":"INFO [03-24|23:52:17.259] Imported new chain segment               blocks=2048  txs=563  mgas=56.201  elapsed=1.737s    mgasps=32.353  number=1175962 hash=26f49c…349978 age=7mo3d9h    dirty=217.25MiB\n","stream":"stderr","time":"2020-03-24T23:52:17.25968524Z"}
{"log":"INFO [03-24|23:52:18.258] Imported new chain segment               blocks=2048  txs=561  mgas=130.866 elapsed=971.717ms mgasps=134.675 number=1178010 hash=f50fb5…4fa7fb age=7mo3d37m   dirty=217.48MiB\n","stream":"stderr","time":"2020-03-24T23:52:18.25839988Z"}
{"log":"INFO [03-24|23:52:20.177] Imported new chain segment               blocks=2048  txs=704  mgas=280.839 elapsed=1.891s    mgasps=148.436 number=1180058 hash=50a8c2…ed90fd age=7mo2d16h   dirty=217.95MiB\n","stream":"stderr","time":"2020-03-24T23:52:20.1781427Z"}
{"log":"INFO [03-24|23:52:21.392] Imported new chain segment               blocks=2048  txs=560  mgas=127.670 elapsed=1.186s    mgasps=107.581 number=1182106 hash=ae621f…61aecb age=7mo2d7h    dirty=218.23MiB\n","stream":"stderr","time":"2020-03-24T23:52:21.393150284Z"}
{"log":"INFO [03-24|23:52:22.989] Imported new chain segment               blocks=2048  txs=380  mgas=39.365  elapsed=1.179s    mgasps=33.385  number=1184154 hash=f79160…d22614 age=7mo1d23h   dirty=218.55MiB\n","stream":"stderr","time":"2020-03-24T23:52:22.989570455Z"}
{"log":"INFO [03-24|23:52:24.777] Imported new chain segment               blocks=2048  txs=617  mgas=104.352 elapsed=1.760s    mgasps=59.282  number=1186202 hash=4aad5d…5be3f5 age=7mo1d14h   dirty=219.26MiB\n","stream":"stderr","time":"2020-03-24T23:52:24.777982478Z"}
{"log":"INFO [03-24|23:52:25.871] Imported new chain segment               blocks=2048  txs=436  mgas=53.217  elapsed=1.050s    mgasps=50.680  number=1188250 hash=1c673c…a674a7 age=7mo1d5h    dirty=219.48MiB\n","stream":"stderr","time":"2020-03-24T23:52:25.872030042Z"}
{"log":"INFO [03-24|23:52:28.183] Imported new chain segment               blocks=2048  txs=1259 mgas=142.491 elapsed=2.286s    mgasps=62.325  number=1190298 hash=7e72e6…991929 age=7mo21h25m  dirty=219.96MiB\n","stream":"stderr","time":"2020-03-24T23:52:28.183793226Z"}
{"log":"INFO [03-24|23:52:29.200] Imported new chain segment               blocks=2048  txs=406  mgas=43.876  elapsed=989.329ms mgasps=44.349  number=1192346 hash=52b463…0e38d2 age=7mo12h53m  dirty=220.29MiB\n","stream":"stderr","time":"2020-03-24T23:52:29.20051573Z"}
{"log":"INFO [03-24|23:52:30.960] Imported new chain segment               blocks=2048  txs=470  mgas=64.003  elapsed=1.722s    mgasps=37.160  number=1194394 hash=08b778…918b44 age=7mo4h21m   dirty=220.50MiB\n","stream":"stderr","time":"2020-03-24T23:52:30.960868806Z"}
{"log":"INFO [03-24|23:52:31.877] Imported new chain segment               blocks=2048  txs=489  mgas=54.727  elapsed=890.476ms mgasps=61.458  number=1196442 hash=9c3feb…4a34de age=6mo4w1d    dirty=220.83MiB\n","stream":"stderr","time":"2020-03-24T23:52:31.878112475Z"}
{"log":"INFO [03-24|23:52:33.584] Imported new chain segment               blocks=2048  txs=418  mgas=67.697  elapsed=1.665s    mgasps=40.641  number=1198490 hash=347d66…1de498 age=6mo4w1d    dirty=221.26MiB\n","stream":"stderr","time":"2020-03-24T23:52:33.584536419Z"}
{"log":"INFO [03-24|23:52:34.355] Imported new chain segment               blocks=2048  txs=344  mgas=67.371  elapsed=745.632ms mgasps=90.354  number=1200538 hash=38cfea…267081 age=6mo4w1d    dirty=221.37MiB\n","stream":"stderr","time":"2020-03-24T23:52:34.356146478Z"}
{"log":"INFO [03-24|23:52:36.223] Imported new chain segment               blocks=2048  txs=430  mgas=162.479 elapsed=1.839s    mgasps=88.315  number=1202586 hash=f30d9b…ec7362 age=6mo4w18h   dirty=223.00MiB\n","stream":"stderr","time":"2020-03-24T23:52:36.223847066Z"}
{"log":"INFO [03-24|23:52:37.095] Imported new chain segment               blocks=2048  txs=295  mgas=76.728  elapsed=844.499ms mgasps=90.857  number=1204634 hash=034d73…d937ad age=6mo4w9h    dirty=223.04MiB\n","stream":"stderr","time":"2020-03-24T23:52:37.095556068Z"}
{"log":"INFO [03-24|23:52:37.906] Imported new chain segment               blocks=2048  txs=142  mgas=20.300  elapsed=784.484ms mgasps=25.877  number=1206682 hash=566e7d…e6ef37 age=6mo4w1h    dirty=223.10MiB\n","stream":"stderr","time":"2020-03-24T23:52:37.906780692Z"}
{"log":"INFO [03-24|23:52:39.253] Imported new chain segment               blocks=2048  txs=313  mgas=66.763  elapsed=1.297s    mgasps=51.466  number=1208730 hash=566ac3…506a87 age=6mo3w6d    dirty=223.43MiB\n","stream":"stderr","time":"2020-03-24T23:52:39.253612087Z"}
{"log":"INFO [03-24|23:52:41.668] Imported new chain segment               blocks=2048  txs=1495 mgas=296.764 elapsed=2.388s    mgasps=124.247 number=1210778 hash=3877a1…e5b4cd age=6mo3w6d    dirty=224.37MiB\n","stream":"stderr","time":"2020-03-24T23:52:41.669047336Z"}
{"log":"INFO [03-24|23:52:42.475] Imported new chain segment               blocks=2048  txs=375  mgas=190.421 elapsed=776.535ms mgasps=245.219 number=1212826 hash=0dd02c…e18e02 age=6mo3w5d    dirty=224.06MiB\n","stream":"stderr","time":"2020-03-24T23:52:42.475649571Z"}
{"log":"INFO [03-24|23:52:43.427] Imported new chain segment               blocks=2048  txs=181  mgas=26.971  elapsed=926.156ms mgasps=29.121  number=1214874 hash=16d575…b5ce5b age=6mo3w5d    dirty=224.16MiB\n","stream":"stderr","time":"2020-03-24T23:52:43.427934927Z"}
{"log":"INFO [03-24|23:52:44.504] Imported new chain segment               blocks=2048  txs=117  mgas=14.937  elapsed=966.630ms mgasps=15.453  number=1216922 hash=018de5…41a341 age=6mo3w5d    dirty=224.10MiB\n","stream":"stderr","time":"2020-03-24T23:52:44.504881506Z"}
{"log":"INFO [03-24|23:52:45.300] Imported new chain segment               blocks=2048  txs=198  mgas=33.880  elapsed=764.237ms mgasps=44.331  number=1218970 hash=4fcb2e…efb1dc age=6mo3w4d    dirty=224.57MiB\n","stream":"stderr","time":"2020-03-24T23:52:45.300440042Z"}
{"log":"INFO [03-24|23:52:46.035] Imported new chain segment               blocks=2048  txs=97   mgas=35.158  elapsed=693.867ms mgasps=50.670  number=1221018 hash=d3574e…d79232 age=6mo3w4d    dirty=224.37MiB\n","stream":"stderr","time":"2020-03-24T23:52:46.035633794Z"}
{"log":"INFO [03-24|23:52:47.326] Imported new chain segment               blocks=2048  txs=151  mgas=25.018  elapsed=1.261s    mgasps=19.832  number=1223066 hash=001257…379c00 age=6mo3w4d    dirty=224.51MiB\n","stream":"stderr","time":"2020-03-24T23:52:47.327145329Z"}
{"log":"INFO [03-24|23:52:48.183] Imported new chain segment               blocks=2048  txs=508  mgas=64.219  elapsed=828.810ms mgasps=77.483  number=1225114 hash=daf243…feea7e age=6mo3w3d    dirty=224.47MiB\n","stream":"stderr","time":"2020-03-24T23:52:48.183831705Z"}
{"log":"INFO [03-24|23:52:49.098] Imported new chain segment               blocks=2048  txs=271  mgas=53.202  elapsed=885.072ms mgasps=60.110  number=1227162 hash=6a00f1…c5806e age=6mo3w3d    dirty=224.55MiB\n","stream":"stderr","time":"2020-03-24T23:52:49.098245377Z"}
{"log":"INFO [03-24|23:52:50.947] Imported new chain segment               blocks=2048  txs=464  mgas=97.635  elapsed=1.809s    mgasps=53.970  number=1229210 hash=5088c7…e6628d age=6mo3w3d    dirty=224.62MiB\n","stream":"stderr","time":"2020-03-24T23:52:50.947570822Z"}
{"log":"INFO [03-24|23:52:52.937] Imported new chain segment               blocks=2048  txs=1249 mgas=141.659 elapsed=1.962s    mgasps=72.197  number=1231258 hash=f37162…9e4ccf age=6mo3w2d    dirty=224.71MiB\n","stream":"stderr","time":"2020-03-24T23:52:52.938150077Z"}
{"log":"INFO [03-24|23:52:54.485] Imported new chain segment               blocks=2048  txs=665  mgas=181.403 elapsed=1.502s    mgasps=120.717 number=1233306 hash=8e11bc…e75338 age=6mo3w2d    dirty=225.68MiB\n","stream":"stderr","time":"2020-03-24T23:52:54.486175315Z"}
{"log":"INFO [03-24|23:52:56.913] Imported new chain segment               blocks=2048  txs=1205 mgas=191.204 elapsed=2.386s    mgasps=80.122  number=1235354 hash=b21c3e…ea0d75 age=6mo3w2d    dirty=225.45MiB\n","stream":"stderr","time":"2020-03-24T23:52:56.913229041Z"}
{"log":"INFO [03-24|23:52:58.045] Imported new chain segment               blocks=2048  txs=430  mgas=37.987  elapsed=1.094s    mgasps=34.694  number=1237402 hash=8a5b13…e928eb age=6mo3w1d    dirty=225.50MiB\n","stream":"stderr","time":"2020-03-24T23:52:58.045278078Z"}
{"log":"INFO [03-24|23:52:59.717] Imported new chain segment               blocks=2048  txs=1460 mgas=333.688 elapsed=1.641s    mgasps=203.261 number=1239450 hash=4fb3a9…f5e066 age=6mo3w1d    dirty=226.52MiB\n","stream":"stderr","time":"2020-03-24T23:52:59.717514025Z"}
{"log":"INFO [03-24|23:53:00.994] Imported new chain segment               blocks=2048  txs=951  mgas=109.986 elapsed=1.249s    mgasps=88.035  number=1241498 hash=76f232…155da7 age=6mo3w1d    dirty=226.42MiB\n","stream":"stderr","time":"2020-03-24T23:53:00.994288732Z"}
{"log":"INFO [03-24|23:53:02.624] Imported new chain segment               blocks=2048  txs=913  mgas=130.206 elapsed=1.596s    mgasps=81.559  number=1243546 hash=1f2430…4f59f7 age=6mo3w15h   dirty=226.70MiB\n","stream":"stderr","time":"2020-03-24T23:53:02.624513429Z"}
{"log":"INFO [03-24|23:53:05.387] Imported new chain segment               blocks=2048  txs=1372 mgas=275.694 elapsed=2.724s    mgasps=101.207 number=1245594 hash=a5770a…ac41c4 age=6mo3w7h    dirty=227.02MiB\n","stream":"stderr","time":"2020-03-24T23:53:05.387691062Z"}
{"log":"INFO [03-24|23:53:06.957] Imported new chain segment               blocks=2048  txs=303  mgas=25.388  elapsed=1.522s    mgasps=16.671  number=1247642 hash=952ae0…b3a7bb age=6mo2w6d    dirty=227.25MiB\n","stream":"stderr","time":"2020-03-24T23:53:06.957311681Z"}
{"log":"INFO [03-24|23:53:07.105] Deep froze chain segment                 blocks=30000 elapsed=6.096s    number=1093834 hash=9b19af…0b6f78\n","stream":"stderr","time":"2020-03-24T23:53:07.105374534Z"}
{"log":"INFO [03-24|23:53:08.610] Imported new chain segment               blocks=2048  txs=934  mgas=237.632 elapsed=1.624s    mgasps=146.251 number=1249690 hash=a9b85f…75f6df age=6mo2w6d    dirty=227.46MiB\n","stream":"stderr","time":"2020-03-24T23:53:08.610693965Z"}
{"log":"INFO [03-24|23:53:12.908] Imported new chain segment               blocks=2048  txs=1715 mgas=98.800  elapsed=4.254s    mgasps=23.223  number=1251738 hash=399873…8f2efe age=6mo2w6d    dirty=227.40MiB\n","stream":"stderr","time":"2020-03-24T23:53:12.908913679Z"}
{"log":"INFO [03-24|23:53:14.090] Imported new chain segment               blocks=2048  txs=754  mgas=64.465  elapsed=1.153s    mgasps=55.901  number=1253786 hash=660aa3…c46cd8 age=6mo2w5d    dirty=227.78MiB\n","stream":"stderr","time":"2020-03-24T23:53:14.090305283Z"}
{"log":"INFO [03-24|23:53:14.661] Deep froze chain segment                 blocks=30000 elapsed=7.556s    number=1123834 hash=cc24a3…bd5f01\n","stream":"stderr","time":"2020-03-24T23:53:14.66195895Z"}
{"log":"INFO [03-24|23:53:15.521] Imported new chain segment               blocks=2048  txs=469  mgas=19.511  elapsed=1.374s    mgasps=14.199  number=1255834 hash=b0ea7a…9b6a48 age=6mo2w5d    dirty=227.88MiB\n","stream":"stderr","time":"2020-03-24T23:53:15.521943186Z"}
{"log":"INFO [03-24|23:53:16.775] Imported new chain segment               blocks=2048  txs=754  mgas=34.547  elapsed=1.226s    mgasps=28.172  number=1257882 hash=07e782…d05322 age=6mo2w5d    dirty=227.83MiB\n","stream":"stderr","time":"2020-03-24T23:53:16.77668839Z"}
{"log":"INFO [03-24|23:53:17.879] Imported new chain segment               blocks=2048  txs=345  mgas=58.292  elapsed=1.052s    mgasps=55.400  number=1259930 hash=80dcd6…a98200 age=6mo2w4d    dirty=227.95MiB\n","stream":"stderr","time":"2020-03-24T23:53:17.879320729Z"}
{"log":"INFO [03-24|23:53:20.126] Imported new chain segment               blocks=2048  txs=857  mgas=57.853  elapsed=2.220s    mgasps=26.054  number=1261978 hash=9cb656…0c3fb5 age=6mo2w4d    dirty=227.98MiB\n","stream":"stderr","time":"2020-03-24T23:53:20.126436728Z"}
{"log":"INFO [03-24|23:53:21.541] Deep froze chain segment                 blocks=30000 elapsed=6.879s    number=1153834 hash=329923…119975\n","stream":"stderr","time":"2020-03-24T23:53:21.541906391Z"}
{"log":"INFO [03-24|23:53:21.565] Imported new chain segment               blocks=2048  txs=444  mgas=23.672  elapsed=1.324s    mgasps=17.876  number=1264026 hash=561a77…049ffa age=6mo2w4d    dirty=228.06MiB\n","stream":"stderr","time":"2020-03-24T23:53:21.565408407Z"}
{"log":"INFO [03-24|23:53:24.543] Deep froze chain segment                 blocks=20143 elapsed=3.001s    number=1173977 hash=ba0867…7777ba\n","stream":"stderr","time":"2020-03-24T23:53:24.543474738Z"}
{"log":"INFO [03-24|23:53:25.670] Imported new chain segment               blocks=2048  txs=276  mgas=153.175 elapsed=4.070s    mgasps=37.632  number=1266074 hash=6b45d9…9afc81 age=6mo2w3d    dirty=228.06MiB\n","stream":"stderr","time":"2020-03-24T23:53:25.671027213Z"}
{"log":"INFO [03-24|23:53:29.339] Imported new chain segment               blocks=2048  txs=4068 mgas=328.184 elapsed=3.643s    mgasps=90.081  number=1268122 hash=65f4a1…f45cee age=6mo2w3d    dirty=229.21MiB\n","stream":"stderr","time":"2020-03-24T23:53:29.339265542Z"}
{"log":"INFO [03-24|23:53:31.214] Imported new chain segment               blocks=2048  txs=274  mgas=71.434  elapsed=1.843s    mgasps=38.752  number=1270170 hash=895242…f82508 age=6mo2w3d    dirty=228.53MiB\n","stream":"stderr","time":"2020-03-24T23:53:31.214800913Z"}
{"log":"INFO [03-24|23:53:33.071] Imported new chain segment               blocks=2048  txs=538  mgas=72.650  elapsed=1.805s    mgasps=40.246  number=1272218 hash=c44eb3…16c780 age=6mo2w2d    dirty=229.12MiB\n","stream":"stderr","time":"2020-03-24T23:53:33.071767665Z"}
{"log":"INFO [03-24|23:53:35.971] Imported new chain segment               blocks=2048  txs=2713 mgas=605.201 elapsed=2.856s    mgasps=211.835 number=1274266 hash=801dfb…d0a862 age=6mo2w2d    dirty=229.45MiB\n","stream":"stderr","time":"2020-03-24T23:53:35.971551134Z"}
{"log":"INFO [03-24|23:53:36.705] Imported new chain segment               blocks=2048  txs=135  mgas=36.932  elapsed=705.995ms mgasps=52.312  number=1276314 hash=da6083…138e7d age=6mo2w1d    dirty=229.13MiB\n","stream":"stderr","time":"2020-03-24T23:53:36.705623637Z"}
{"log":"INFO [03-24|23:53:38.563] Imported new chain segment               blocks=2048  txs=944  mgas=189.887 elapsed=1.829s    mgasps=103.800 number=1278362 hash=b4af34…cf4078 age=6mo2w1d    dirty=230.36MiB\n","stream":"stderr","time":"2020-03-24T23:53:38.563319139Z"}
{"log":"INFO [03-24|23:53:41.488] Imported new chain segment               blocks=2048  txs=2096 mgas=410.115 elapsed=2.895s    mgasps=141.659 number=1280410 hash=dda4d5…4f9ec9 age=6mo2w1d    dirty=230.05MiB\n","stream":"stderr","time":"2020-03-24T23:53:41.488427118Z"}
{"log":"INFO [03-24|23:53:42.506] Imported new chain segment               blocks=2048  txs=492  mgas=85.778  elapsed=990.584ms mgasps=86.593  number=1282458 hash=ac2da2…f7ccc9 age=6mo2w21h   dirty=230.46MiB\n","stream":"stderr","time":"2020-03-24T23:53:42.50675257Z"}
{"log":"INFO [03-24|23:53:44.577] Imported new chain segment               blocks=2048  txs=1159 mgas=200.150 elapsed=2.043s    mgasps=97.930  number=1284506 hash=7242a4…914456 age=6mo2w12h   dirty=230.97MiB\n","stream":"stderr","time":"2020-03-24T23:53:44.577872454Z"}
{"log":"INFO [03-24|23:53:47.737] Imported new chain segment               blocks=2048  txs=1461 mgas=337.616 elapsed=3.115s    mgasps=108.380 number=1286554 hash=a4ced5…da5f27 age=6mo2w4h    dirty=231.44MiB\n","stream":"stderr","time":"2020-03-24T23:53:47.737439833Z"}
{"log":"INFO [03-24|23:53:48.665] Imported new chain segment               blocks=2048  txs=600  mgas=105.037 elapsed=901.642ms mgasps=116.495 number=1288602 hash=ddec54…585643 age=6mo1w6d    dirty=231.91MiB\n","stream":"stderr","time":"2020-03-24T23:53:48.665419255Z"}
{"log":"INFO [03-24|23:53:50.494] Imported new chain segment               blocks=2048  txs=726  mgas=74.959  elapsed=1.790s    mgasps=41.868  number=1290650 hash=679ffe…f7d74c age=6mo1w6d    dirty=231.96MiB\n","stream":"stderr","time":"2020-03-24T23:53:50.494518998Z"}
{"log":"INFO [03-24|23:53:51.664] Imported new chain segment               blocks=2048  txs=439  mgas=81.159  elapsed=1.145s    mgasps=70.880  number=1292698 hash=d09803…50c261 age=6mo1w6d    dirty=232.00MiB\n","stream":"stderr","time":"2020-03-24T23:53:51.664841072Z"}
{"log":"INFO [03-24|23:53:53.183] Imported new chain segment               blocks=2048  txs=486  mgas=30.388  elapsed=1.486s    mgasps=20.447  number=1294746 hash=9f4234…a97c84 age=6mo1w5d    dirty=232.13MiB\n","stream":"stderr","time":"2020-03-24T23:53:53.183782944Z"}
{"log":"INFO [03-24|23:53:53.871] Imported new chain segment               blocks=2048  txs=166  mgas=7.393   elapsed=660.247ms mgasps=11.197  number=1296794 hash=3e1ab0…cc1009 age=6mo1w5d    dirty=232.11MiB\n","stream":"stderr","time":"2020-03-24T23:53:53.872036565Z"}
{"log":"INFO [03-24|23:53:59.268] Imported new chain segment               blocks=2048  txs=117  mgas=158.521 elapsed=5.368s    mgasps=29.527  number=1298842 hash=fe36c1…cc9929 age=6mo1w5d    dirty=232.23MiB\n","stream":"stderr","time":"2020-03-24T23:53:59.268313309Z"}
{"log":"INFO [03-24|23:54:00.917] Imported new chain segment               blocks=2048  txs=513  mgas=28.476  elapsed=1.618s    mgasps=17.589  number=1300890 hash=9e1033…4803e7 age=6mo1w4d    dirty=232.35MiB\n","stream":"stderr","time":"2020-03-24T23:54:00.917623553Z"}
{"log":"INFO [03-24|23:54:01.617] Imported new chain segment               blocks=2048  txs=98   mgas=10.008  elapsed=665.763ms mgasps=15.032  number=1302938 hash=e035b0…65ef8a age=6mo1w4d    dirty=232.41MiB\n","stream":"stderr","time":"2020-03-24T23:54:01.617706023Z"}
{"log":"INFO [03-24|23:54:02.401] Imported new chain segment               blocks=2048  txs=259  mgas=23.427  elapsed=756.327ms mgasps=30.975  number=1304986 hash=919e45…03f4f3 age=6mo1w3d    dirty=232.69MiB\n","stream":"stderr","time":"2020-03-24T23:54:02.402083716Z"}
{"log":"INFO [03-24|23:54:04.208] Imported new chain segment               blocks=2048  txs=712  mgas=48.904  elapsed=1.763s    mgasps=27.738  number=1307034 hash=37e9a1…9dd11b age=6mo1w3d    dirty=232.84MiB\n","stream":"stderr","time":"2020-03-24T23:54:04.208491259Z"}
{"log":"INFO [03-24|23:54:05.451] Imported new chain segment               blocks=2048  txs=692  mgas=104.578 elapsed=1.203s    mgasps=86.900  number=1309082 hash=ee0fb9…55bc6b age=6mo1w3d    dirty=233.23MiB\n","stream":"stderr","time":"2020-03-24T23:54:05.451321372Z"}
{"log":"INFO [03-24|23:54:07.190] Imported new chain segment               blocks=2048  txs=643  mgas=62.551  elapsed=1.694s    mgasps=36.914  number=1311130 hash=450858…6bfef6 age=6mo1w2d    dirty=233.74MiB\n","stream":"stderr","time":"2020-03-24T23:54:07.190671481Z"}
{"log":"INFO [03-24|23:54:09.275] Imported new chain segment               blocks=2048  txs=1040 mgas=159.046 elapsed=2.056s    mgasps=77.321  number=1313178 hash=d406bb…cf05f1 age=6mo1w2d    dirty=234.00MiB\n","stream":"stderr","time":"2020-03-24T23:54:09.275685951Z"}
{"log":"INFO [03-24|23:54:10.482] Imported new chain segment               blocks=2048  txs=781  mgas=117.992 elapsed=1.163s    mgasps=101.419 number=1315226 hash=f8ec44…72015d age=6mo1w2d    dirty=234.40MiB\n","stream":"stderr","time":"2020-03-24T23:54:10.482779051Z"}
{"log":"INFO [03-24|23:54:12.515] Imported new chain segment               blocks=2048  txs=939  mgas=205.044 elapsed=1.989s    mgasps=103.074 number=1317274 hash=297425…2c88e7 age=6mo1w1d    dirty=235.42MiB\n","stream":"stderr","time":"2020-03-24T23:54:12.515448684Z"}
{"log":"INFO [03-24|23:54:13.757] Imported new chain segment               blocks=2048  txs=854  mgas=266.158 elapsed=1.217s    mgasps=218.649 number=1319322 hash=7934b5…96303a age=6mo1w1d    dirty=235.80MiB\n","stream":"stderr","time":"2020-03-24T23:54:13.758070121Z"}
{"log":"INFO [03-24|23:54:16.128] Imported new chain segment               blocks=2048  txs=1200 mgas=222.141 elapsed=2.345s    mgasps=94.711  number=1321370 hash=2ec356…115089 age=6mo1w1d    dirty=236.39MiB\n","stream":"stderr","time":"2020-03-24T23:54:16.128484224Z"}
{"log":"INFO [03-24|23:54:18.549] Imported new chain segment               blocks=2048  txs=861  mgas=63.803  elapsed=2.378s    mgasps=26.827  number=1323418 hash=12bfd2…08020e age=6mo1w18h   dirty=236.67MiB\n","stream":"stderr","time":"2020-03-24T23:54:18.549686404Z"}
{"log":"INFO [03-24|23:54:20.704] Imported new chain segment               blocks=2048  txs=900  mgas=284.881 elapsed=2.105s    mgasps=135.315 number=1325466 hash=bb2121…c21959 age=6mo1w10h   dirty=237.58MiB\n","stream":"stderr","time":"2020-03-24T23:54:20.704743905Z"}
{"log":"INFO [03-24|23:54:21.858] Imported new chain segment               blocks=2048  txs=556  mgas=79.839  elapsed=1.125s    mgasps=70.952  number=1327514 hash=8c90b7…1c91b5 age=6mo1w1h    dirty=237.46MiB\n","stream":"stderr","time":"2020-03-24T23:54:21.858659974Z"}
{"log":"INFO [03-24|23:54:23.978] Imported new chain segment               blocks=2048  txs=1032 mgas=341.421 elapsed=2.090s    mgasps=163.332 number=1329562 hash=9f461f…44ef7e age=6mo6d17h   dirty=238.75MiB\n","stream":"stderr","time":"2020-03-24T23:54:23.978229419Z"}
{"log":"INFO [03-24|23:54:25.344] Imported new chain segment               blocks=2048  txs=757  mgas=106.629 elapsed=1.339s    mgasps=79.595  number=1331610 hash=d52eec…61a79d age=6mo6d8h    dirty=238.76MiB\n","stream":"stderr","time":"2020-03-24T23:54:25.345036096Z"}
{"log":"INFO [03-24|23:54:28.595] Imported new chain segment               blocks=2048  txs=901  mgas=154.709 elapsed=3.225s    mgasps=47.966  number=1333658 hash=779f3c…335793 age=6mo6d4m    dirty=239.16MiB\n","stream":"stderr","time":"2020-03-24T23:54:28.595955828Z"}
{"log":"INFO [03-24|23:54:30.563] Imported new chain segment               blocks=2048  txs=831  mgas=59.007  elapsed=1.923s    mgasps=30.669  number=1335706 hash=96474a…4f4311 age=6mo5d15h   dirty=239.54MiB\n","stream":"stderr","time":"2020-03-24T23:54:30.563564989Z"}
{"log":"INFO [03-24|23:54:32.808] Imported new chain segment               blocks=2048  txs=415  mgas=54.518  elapsed=2.154s    mgasps=25.304  number=1337754 hash=0be10f…063e3d age=6mo5d7h    dirty=239.84MiB\n","stream":"stderr","time":"2020-03-24T23:54:32.808632141Z"}
{"log":"INFO [03-24|23:54:34.152] Imported new chain segment               blocks=2048  txs=401  mgas=37.215  elapsed=1.318s    mgasps=28.223  number=1339802 hash=65906c…2d4c4b age=6mo4d22h   dirty=240.00MiB\n","stream":"stderr","time":"2020-03-24T23:54:34.152648973Z"}
{"log":"INFO [03-24|23:54:34.426] Deep froze chain segment                 blocks=30000 elapsed=9.875s    number=1203977 hash=6c7418…ed6c77\n","stream":"stderr","time":"2020-03-24T23:54:34.427137734Z"}
{"log":"INFO [03-24|23:54:36.141] Imported new chain segment               blocks=2048  txs=682  mgas=43.952  elapsed=1.929s    mgasps=22.773  number=1341850 hash=aed27a…e8ab70 age=6mo4d13h   dirty=240.09MiB\n","stream":"stderr","time":"2020-03-24T23:54:36.148740608Z"}
{"log":"INFO [03-24|23:54:38.007] Imported new chain segment               blocks=2048  txs=326  mgas=31.123  elapsed=1.832s    mgasps=16.988  number=1343898 hash=74e4e6…ff30fb age=6mo4d5h    dirty=240.26MiB\n","stream":"stderr","time":"2020-03-24T23:54:38.007362509Z"}
{"log":"INFO [03-24|23:54:39.367] Imported new chain segment               blocks=2048  txs=645  mgas=51.178  elapsed=1.333s    mgasps=38.383  number=1345946 hash=6f8292…de2381 age=6mo3d20h   dirty=240.87MiB\n","stream":"stderr","time":"2020-03-24T23:54:39.367667332Z"}
{"log":"INFO [03-24|23:54:42.787] Imported new chain segment               blocks=2048  txs=1210 mgas=126.600 elapsed=3.357s    mgasps=37.708  number=1347994 hash=9afbd4…79bb4a age=6mo3d12h   dirty=241.58MiB\n","stream":"stderr","time":"2020-03-24T23:54:42.788043853Z"}
{"log":"INFO [03-24|23:54:43.893] Deep froze chain segment                 blocks=30000 elapsed=9.466s    number=1233977 hash=0a239c…2047be\n","stream":"stderr","time":"2020-03-24T23:54:43.893386072Z"}
{"log":"INFO [03-24|23:54:46.344] Imported new chain segment               blocks=2048  txs=1352 mgas=182.203 elapsed=3.525s    mgasps=51.685  number=1350042 hash=bd3a87…c03a3d age=6mo3d3h    dirty=241.63MiB\n","stream":"stderr","time":"2020-03-24T23:54:46.344907883Z"}
{"log":"INFO [03-24|23:54:48.651] Imported new chain segment               blocks=2048  txs=1149 mgas=121.109 elapsed=2.229s    mgasps=54.330  number=1352090 hash=b04c81…15035b age=6mo2d19h   dirty=241.94MiB\n","stream":"stderr","time":"2020-03-24T23:54:48.651652272Z"}
{"log":"INFO [03-24|23:54:51.933] Deep froze chain segment                 blocks=24742 elapsed=8.040s    number=1258719 hash=55f830…1b040f\n","stream":"stderr","time":"2020-03-24T23:54:51.934081465Z"}
{"log":"INFO [03-24|23:54:52.520] Imported new chain segment               blocks=2048  txs=1615 mgas=172.175 elapsed=3.836s    mgasps=44.873  number=1354138 hash=4d6dfd…ca699d age=6mo2d10h   dirty=242.89MiB\n","stream":"stderr","time":"2020-03-24T23:54:52.520915242Z"}
{"log":"INFO [03-24|23:54:55.441] Imported new chain segment               blocks=2048  txs=2033 mgas=275.825 elapsed=2.893s    mgasps=95.339  number=1356186 hash=84a63f…c6d088 age=6mo2d2h    dirty=243.09MiB\n","stream":"stderr","time":"2020-03-24T23:54:55.442133499Z"}
{"log":"INFO [03-24|23:54:57.474] Imported new chain segment               blocks=2048  txs=1140 mgas=109.870 elapsed=2.004s    mgasps=54.815  number=1358234 hash=d18fb7…ee2f50 age=6mo1d17h   dirty=243.35MiB\n","stream":"stderr","time":"2020-03-24T23:54:57.474593652Z"}
{"log":"INFO [03-24|23:55:00.018] Imported new chain segment               blocks=2048  txs=1281 mgas=219.908 elapsed=2.516s    mgasps=87.399  number=1360282 hash=00d31e…9b3771 age=6mo1d9h    dirty=244.23MiB\n","stream":"stderr","time":"2020-03-24T23:55:00.018929467Z"}
{"log":"INFO [03-24|23:55:01.214] Imported new chain segment               blocks=2048  txs=730  mgas=112.850 elapsed=1.163s    mgasps=97.014  number=1362330 hash=9689c8…2eaa85 age=6mo1d36m   dirty=244.23MiB\n","stream":"stderr","time":"2020-03-24T23:55:01.214695214Z"}
{"log":"INFO [03-24|23:55:03.103] Imported new chain segment               blocks=2048  txs=799  mgas=51.536  elapsed=1.855s    mgasps=27.772  number=1364378 hash=5f137d…5accec age=6mo16h4m   dirty=244.47MiB\n","stream":"stderr","time":"2020-03-24T23:55:03.104007271Z"}
{"log":"INFO [03-24|23:55:04.976] Imported new chain segment               blocks=2048  txs=1454 mgas=183.079 elapsed=1.845s    mgasps=99.180  number=1366426 hash=75c84c…584acd age=6mo7h32m   dirty=245.32MiB\n","stream":"stderr","time":"2020-03-24T23:55:04.976582843Z"}
{"log":"INFO [03-24|23:55:06.621] Imported new chain segment               blocks=2048  txs=807  mgas=72.924  elapsed=1.607s    mgasps=45.361  number=1368474 hash=040ece…42b3cb age=5mo4w1d    dirty=245.52MiB\n","stream":"stderr","time":"2020-03-24T23:55:06.622229315Z"}
{"log":"INFO [03-24|23:55:08.711] Imported new chain segment               blocks=2048  txs=1394 mgas=136.419 elapsed=2.042s    mgasps=66.799  number=1370522 hash=84ebdd…a31572 age=5mo4w1d    dirty=246.40MiB\n","stream":"stderr","time":"2020-03-24T23:55:08.711991402Z"}
{"log":"INFO [03-24|23:55:10.800] Imported new chain segment               blocks=2048  txs=1481 mgas=178.160 elapsed=1.947s    mgasps=91.502  number=1372570 hash=4e0db5…4a0e80 age=5mo4w1d    dirty=246.92MiB\n","stream":"stderr","time":"2020-03-24T23:55:10.800703124Z"}
{"log":"INFO [03-24|23:55:13.147] Imported new chain segment               blocks=2048  txs=741  mgas=79.893  elapsed=2.305s    mgasps=34.649  number=1374618 hash=c96148…b0707e age=5mo4w21h   dirty=247.42MiB\n","stream":"stderr","time":"2020-03-24T23:55:13.147553415Z"}
{"log":"INFO [03-24|23:55:14.890] Imported new chain segment               blocks=2048  txs=718  mgas=51.085  elapsed=1.714s    mgasps=29.788  number=1376666 hash=76aa01…3cd998 age=5mo4w12h   dirty=247.36MiB\n","stream":"stderr","time":"2020-03-24T23:55:14.890788134Z"}
{"log":"INFO [03-24|23:55:15.994] Imported new chain segment               blocks=2048  txs=358  mgas=38.017  elapsed=1.061s    mgasps=35.810  number=1378714 hash=516eef…bf1cfe age=5mo4w4h    dirty=247.52MiB\n","stream":"stderr","time":"2020-03-24T23:55:15.994450035Z"}
{"log":"INFO [03-24|23:55:18.161] Imported new chain segment               blocks=2048  txs=1088 mgas=82.899  elapsed=2.139s    mgasps=38.756  number=1380762 hash=42f8f3…b5c57d age=5mo3w6d    dirty=248.24MiB\n","stream":"stderr","time":"2020-03-24T23:55:18.161757786Z"}
{"log":"INFO [03-24|23:55:19.260] Imported new chain segment               blocks=2048  txs=604  mgas=53.722  elapsed=1.070s    mgasps=50.179  number=1382810 hash=0a8fa6…fe1552 age=5mo3w6d    dirty=248.10MiB\n","stream":"stderr","time":"2020-03-24T23:55:19.26033467Z"}
{"log":"INFO [03-24|23:55:21.200] Imported new chain segment               blocks=2048  txs=1200 mgas=47.292  elapsed=1.908s    mgasps=24.778  number=1384858 hash=25470a…83d00a age=5mo3w6d    dirty=248.28MiB\n","stream":"stderr","time":"2020-03-24T23:55:21.200725308Z"}
{"log":"INFO [03-24|23:55:22.337] Imported new chain segment               blocks=2048  txs=816  mgas=67.698  elapsed=1.094s    mgasps=61.854  number=1386906 hash=9bcd88…5ed65c age=5mo3w5d    dirty=248.77MiB\n","stream":"stderr","time":"2020-03-24T23:55:22.337964634Z"}
{"log":"INFO [03-24|23:55:24.876] Imported new chain segment               blocks=2048  txs=1724 mgas=254.992 elapsed=2.503s    mgasps=101.844 number=1388954 hash=563816…e1b88f age=5mo3w5d    dirty=249.81MiB\n","stream":"stderr","time":"2020-03-24T23:55:24.876359329Z"}
{"log":"INFO [03-24|23:55:27.130] Imported new chain segment               blocks=2048  txs=1559 mgas=92.326  elapsed=2.224s    mgasps=41.498  number=1391002 hash=4457b7…e9a616 age=5mo3w5d    dirty=249.74MiB\n","stream":"stderr","time":"2020-03-24T23:55:27.130350972Z"}
{"log":"INFO [03-24|23:55:29.257] Imported new chain segment               blocks=2048  txs=1482 mgas=190.920 elapsed=2.095s    mgasps=91.112  number=1393050 hash=e7f0f8…ae4afb age=5mo3w4d    dirty=250.70MiB\n","stream":"stderr","time":"2020-03-24T23:55:29.257995704Z"}
{"log":"INFO [03-24|23:55:32.156] Imported new chain segment               blocks=2048  txs=2093 mgas=430.951 elapsed=2.871s    mgasps=150.070 number=1395098 hash=8bc1ef…57a632 age=5mo3w4d    dirty=251.84MiB\n","stream":"stderr","time":"2020-03-24T23:55:32.156287548Z"}
{"log":"INFO [03-24|23:55:33.373] Imported new chain segment               blocks=2048  txs=627  mgas=76.060  elapsed=1.176s    mgasps=64.626  number=1397146 hash=d75d74…f0e834 age=5mo3w3d    dirty=252.38MiB\n","stream":"stderr","time":"2020-03-24T23:55:33.37394421Z"}
{"log":"INFO [03-24|23:55:35.653] Imported new chain segment               blocks=2048  txs=1356 mgas=140.970 elapsed=2.248s    mgasps=62.702  number=1399194 hash=8949f6…644efd age=5mo3w3d    dirty=253.68MiB\n","stream":"stderr","time":"2020-03-24T23:55:35.6540609Z"}
{"log":"INFO [03-24|23:55:40.642] Imported new chain segment               blocks=2048  txs=3507 mgas=357.124 elapsed=4.961s    mgasps=71.978  number=1401242 hash=5842c8…665738 age=5mo3w3d    dirty=254.66MiB\n","stream":"stderr","time":"2020-03-24T23:55:40.642894416Z"}
{"log":"INFO [03-24|23:55:42.986] Imported new chain segment               blocks=2048  txs=819  mgas=92.078  elapsed=2.291s    mgasps=40.177  number=1403290 hash=d8fa9c…2195c7 age=5mo3w2d    dirty=255.28MiB\n","stream":"stderr","time":"2020-03-24T23:55:42.98642691Z"}
{"log":"INFO [03-24|23:55:46.168] Imported new chain segment               blocks=2048  txs=1493 mgas=219.549 elapsed=3.146s    mgasps=69.786  number=1405338 hash=296e24…b8cb3d age=5mo3w2d    dirty=256.08MiB\n","stream":"stderr","time":"2020-03-24T23:55:46.168745829Z"}
{"log":"INFO [03-24|23:55:49.377] Imported new chain segment               blocks=2048  txs=1643 mgas=184.650 elapsed=3.162s    mgasps=58.388  number=1407386 hash=e660b4…348bbb age=5mo3w2d    dirty=257.25MiB\n","stream":"stderr","time":"2020-03-24T23:55:49.377849425Z"}
{"log":"INFO [03-24|23:55:51.916] Imported new chain segment               blocks=2048  txs=1056 mgas=122.149 elapsed=2.515s    mgasps=48.558  number=1409434 hash=9222aa…b60e15 age=5mo3w1d    dirty=257.27MiB\n","stream":"stderr","time":"2020-03-24T23:55:51.916748519Z"}
{"log":"INFO [03-24|23:55:57.310] Imported new chain segment               blocks=2048  txs=1937 mgas=294.255 elapsed=5.357s    mgasps=54.922  number=1411482 hash=d0dfd2…f7d100 age=5mo3w1d    dirty=258.57MiB\n","stream":"stderr","time":"2020-03-24T23:55:57.31026097Z"}
{"log":"INFO [03-24|23:56:00.989] Imported new chain segment               blocks=2048  txs=1369 mgas=118.658 elapsed=3.650s    mgasps=32.506  number=1413530 hash=4eb28f…87bfa6 age=5mo3w1d    dirty=258.47MiB\n","stream":"stderr","time":"2020-03-24T23:56:00.989787968Z"}
{"log":"INFO [03-24|23:56:01.694] Deep froze chain segment                 blocks=30000 elapsed=9.760s    number=1288719 hash=7780a3…b15c2f\n","stream":"stderr","time":"2020-03-24T23:56:01.694971987Z"}
{"log":"INFO [03-24|23:56:02.857] Imported new chain segment               blocks=2048  txs=909  mgas=89.525  elapsed=1.834s    mgasps=48.810  number=1415578 hash=e73225…ba270b age=5mo3w18h   dirty=258.94MiB\n","stream":"stderr","time":"2020-03-24T23:56:02.857978327Z"}
{"log":"INFO [03-24|23:56:05.116] Imported new chain segment               blocks=2048  txs=458  mgas=38.555  elapsed=2.214s    mgasps=17.407  number=1417626 hash=72c242…db479e age=5mo3w10h   dirty=259.04MiB\n","stream":"stderr","time":"2020-03-24T23:56:05.117124542Z"}
{"log":"INFO [03-24|23:56:07.071] Imported new chain segment               blocks=2048  txs=401  mgas=33.168  elapsed=1.927s    mgasps=17.210  number=1419674 hash=b06d6c…b8ee77 age=5mo3w1h    dirty=259.29MiB\n","stream":"stderr","time":"2020-03-24T23:56:07.07857713Z"}
{"log":"INFO [03-24|23:56:09.706] Imported new chain segment               blocks=2048  txs=925  mgas=70.129  elapsed=2.433s    mgasps=28.822  number=1421722 hash=f24d09…b33342 age=5mo2w6d    dirty=259.64MiB\n","stream":"stderr","time":"2020-03-24T23:56:09.706554892Z"}
{"log":"INFO [03-24|23:56:11.056] Imported new chain segment               blocks=2048  txs=407  mgas=42.206  elapsed=1.306s    mgasps=32.310  number=1423770 hash=e8a74f…29a7e2 age=5mo2w6d    dirty=259.95MiB\n","stream":"stderr","time":"2020-03-24T23:56:11.05623682Z"}
{"log":"INFO [03-24|23:56:11.367] Deep froze chain segment                 blocks=30000 elapsed=9.673s    number=1318719 hash=4f7e85…e4c164\n","stream":"stderr","time":"2020-03-24T23:56:11.368193673Z"}
{"log":"INFO [03-24|23:56:13.209] Imported new chain segment               blocks=2048  txs=374  mgas=75.491  elapsed=2.124s    mgasps=35.531  number=1425818 hash=39fe98…9709d2 age=5mo2w6d    dirty=260.22MiB\n","stream":"stderr","time":"2020-03-24T23:56:13.209908745Z"}
{"log":"INFO [03-24|23:56:15.723] Deep froze chain segment                 blocks=15452 elapsed=4.355s    number=1334171 hash=da37da…d4373c\n","stream":"stderr","time":"2020-03-24T23:56:15.723298789Z"}
{"log":"INFO [03-24|23:56:15.933] Imported new chain segment               blocks=2048  txs=1317 mgas=117.621 elapsed=2.688s    mgasps=43.757  number=1427866 hash=505c1f…e9befc age=5mo2w5d    dirty=261.21MiB\n","stream":"stderr","time":"2020-03-24T23:56:15.933244877Z"}
{"log":"INFO [03-24|23:56:17.505] Imported new chain segment               blocks=2048  txs=1519 mgas=130.109 elapsed=1.544s    mgasps=84.217  number=1429914 hash=1229c4…caca47 age=5mo2w5d    dirty=261.40MiB\n","stream":"stderr","time":"2020-03-24T23:56:17.506055768Z"}
{"log":"INFO [03-24|23:56:20.059] Imported new chain segment               blocks=2048  txs=1390 mgas=133.582 elapsed=2.496s    mgasps=53.500  number=1431962 hash=70f564…70cab8 age=5mo2w4d    dirty=261.79MiB\n","stream":"stderr","time":"2020-03-24T23:56:20.059343426Z"}
{"log":"INFO [03-24|23:56:22.562] Imported new chain segment               blocks=2048  txs=2299 mgas=167.492 elapsed=2.477s    mgasps=67.605  number=1434010 hash=4fecc3…7cb9ec age=5mo2w4d    dirty=263.08MiB\n","stream":"stderr","time":"2020-03-24T23:56:22.563183726Z"}
{"log":"INFO [03-24|23:56:25.175] Imported new chain segment               blocks=2048  txs=1755 mgas=151.452 elapsed=2.569s    mgasps=58.941  number=1436058 hash=881e4a…1eec94 age=5mo2w4d    dirty=262.84MiB\n","stream":"stderr","time":"2020-03-24T23:56:25.175292812Z"}
{"log":"INFO [03-24|23:56:26.561] Imported new chain segment               blocks=2048  txs=862  mgas=73.496  elapsed=1.346s    mgasps=54.589  number=1438106 hash=1e1ee6…865ce9 age=5mo2w3d    dirty=263.74MiB\n","stream":"stderr","time":"2020-03-24T23:56:26.561879694Z"}
{"log":"INFO [03-24|23:56:28.734] Imported new chain segment               blocks=2048  txs=1307 mgas=102.835 elapsed=1.993s    mgasps=51.585  number=1440154 hash=92a99a…f5c6d3 age=5mo2w3d    dirty=263.64MiB\n","stream":"stderr","time":"2020-03-24T23:56:28.734170304Z"}
{"log":"INFO [03-24|23:56:30.797] Imported new chain segment               blocks=2048  txs=811  mgas=98.645  elapsed=2.035s    mgasps=48.457  number=1442202 hash=19d6d8…8e0e19 age=5mo2w3d    dirty=264.41MiB\n","stream":"stderr","time":"2020-03-24T23:56:30.798014848Z"}
{"log":"INFO [03-24|23:56:32.422] Imported new chain segment               blocks=2048  txs=869  mgas=88.131  elapsed=1.597s    mgasps=55.159  number=1444250 hash=ae921a…4f4681 age=5mo2w2d    dirty=264.73MiB\n","stream":"stderr","time":"2020-03-24T23:56:32.422908788Z"}
{"log":"INFO [03-24|23:56:34.611] Imported new chain segment               blocks=2048  txs=1251 mgas=225.579 elapsed=2.158s    mgasps=104.527 number=1446298 hash=8adc32…2a8a8a age=5mo2w2d    dirty=266.68MiB\n","stream":"stderr","time":"2020-03-24T23:56:34.612083674Z"}
{"log":"INFO [03-24|23:56:39.937] Imported new chain segment               blocks=2048  txs=11346 mgas=502.636 elapsed=5.275s    mgasps=95.279  number=1448346 hash=c1e46e…75f406 age=5mo2w2d    dirty=266.26MiB\n","stream":"stderr","time":"2020-03-24T23:56:39.937877056Z"}
{"log":"INFO [03-24|23:56:41.740] Imported new chain segment               blocks=2048  txs=855   mgas=133.632 elapsed=1.758s    mgasps=76.009  number=1450394 hash=9c6319…45f4c8 age=5mo2w1d    dirty=266.72MiB\n","stream":"stderr","time":"2020-03-24T23:56:41.741002409Z"}
{"log":"INFO [03-24|23:56:45.178] Imported new chain segment               blocks=2048  txs=3017  mgas=276.228 elapsed=3.409s    mgasps=81.021  number=1452442 hash=2c8e60…b958b9 age=5mo2w1d    dirty=268.75MiB\n","stream":"stderr","time":"2020-03-24T23:56:45.178687427Z"}
{"log":"INFO [03-24|23:56:47.425] Imported new chain segment               blocks=2048  txs=1735  mgas=92.949  elapsed=2.207s    mgasps=42.102  number=1454490 hash=39e4a5…b6cb5d age=5mo2w1d    dirty=268.07MiB\n","stream":"stderr","time":"2020-03-24T23:56:47.426101842Z"}
{"log":"INFO [03-24|23:56:50.090] Imported new chain segment               blocks=2048  txs=1987  mgas=98.645  elapsed=2.628s    mgasps=37.530  number=1456538 hash=514c11…7c40c2 age=5mo2w16h   dirty=268.19MiB\n","stream":"stderr","time":"2020-03-24T23:56:50.091017597Z"}
{"log":"INFO [03-24|23:56:51.847] Imported new chain segment               blocks=2048  txs=1646  mgas=83.821  elapsed=1.712s    mgasps=48.941  number=1458586 hash=d030cf…620795 age=5mo2w7h    dirty=268.53MiB\n","stream":"stderr","time":"2020-03-24T23:56:51.847385926Z"}
{"log":"INFO [03-24|23:56:54.263] Imported new chain segment               blocks=2048  txs=1618  mgas=80.394  elapsed=2.389s    mgasps=33.648  number=1460634 hash=dfceaf…8c94c8 age=5mo1w6d    dirty=268.53MiB\n","stream":"stderr","time":"2020-03-24T23:56:54.263512132Z"}
{"log":"INFO [03-24|23:56:57.047] Imported new chain segment               blocks=2048  txs=2308  mgas=155.545 elapsed=2.756s    mgasps=56.430  number=1462682 hash=bbab2b…b02170 age=5mo1w6d    dirty=269.00MiB\n","stream":"stderr","time":"2020-03-24T23:56:57.047227507Z"}
{"log":"INFO [03-24|23:56:59.401] Imported new chain segment               blocks=2048  txs=1685  mgas=86.051  elapsed=2.327s    mgasps=36.968  number=1464730 hash=c0784b…42d720 age=5mo1w6d    dirty=269.15MiB\n","stream":"stderr","time":"2020-03-24T23:56:59.401872351Z"}
{"log":"INFO [03-24|23:57:01.117] Imported new chain segment               blocks=2048  txs=2085  mgas=106.930 elapsed=1.693s    mgasps=63.125  number=1466778 hash=a617f1…2a433c age=5mo1w5d    dirty=270.03MiB\n","stream":"stderr","time":"2020-03-24T23:57:01.118166484Z"}
{"log":"INFO [03-24|23:57:05.021] Imported new chain segment               blocks=2048  txs=2748  mgas=282.463 elapsed=3.877s    mgasps=72.853  number=1468826 hash=d0f75d…490a33 age=5mo1w5d    dirty=270.34MiB\n","stream":"stderr","time":"2020-03-24T23:57:05.022009768Z"}
{"log":"INFO [03-24|23:57:08.105] Imported new chain segment               blocks=2048  txs=2742  mgas=391.112 elapsed=3.047s    mgasps=128.319 number=1470874 hash=8ac7cb…92b824 age=5mo1w5d    dirty=271.47MiB\n","stream":"stderr","time":"2020-03-24T23:57:08.106011644Z"}
{"log":"INFO [03-24|23:57:11.160] Imported new chain segment               blocks=2048  txs=2569  mgas=159.636 elapsed=3.017s    mgasps=52.900  number=1472922 hash=1aee0c…d75eef age=5mo1w4d    dirty=271.78MiB\n","stream":"stderr","time":"2020-03-24T23:57:11.16095547Z"}
{"log":"INFO [03-24|23:57:14.547] Imported new chain segment               blocks=2048  txs=3509  mgas=621.554 elapsed=3.357s    mgasps=185.120 number=1474970 hash=39d318…b1ba96 age=5mo1w4d    dirty=274.15MiB\n","stream":"stderr","time":"2020-03-24T23:57:14.547312635Z"}
{"log":"INFO [03-24|23:57:17.622] Imported new chain segment               blocks=2048  txs=2591  mgas=263.303 elapsed=3.050s    mgasps=86.314  number=1477018 hash=e51241…1eae05 age=5mo1w4d    dirty=273.69MiB\n","stream":"stderr","time":"2020-03-24T23:57:17.62251015Z"}
{"log":"INFO [03-24|23:57:21.691] Deep froze chain segment                 blocks=30000 elapsed=5.965s    number=1364171 hash=cd1747…6b5435\n","stream":"stderr","time":"2020-03-24T23:57:21.691435048Z"}
{"log":"INFO [03-24|23:57:21.948] Imported new chain segment               blocks=2048  txs=2309  mgas=160.395 elapsed=4.287s    mgasps=37.410  number=1479066 hash=65ea8f…046fe9 age=5mo1w3d    dirty=274.84MiB\n","stream":"stderr","time":"2020-03-24T23:57:21.948797207Z"}
{"log":"INFO [03-24|23:57:26.699] Deep froze chain segment                 blocks=24792 elapsed=5.008s    number=1388963 hash=63fdbe…aba4ec\n","stream":"stderr","time":"2020-03-24T23:57:26.699442553Z"}
{"log":"INFO [03-24|23:57:26.972] Imported new chain segment               blocks=2048  txs=3073  mgas=315.698 elapsed=4.970s    mgasps=63.510  number=1481114 hash=4f00d7…16e483 age=5mo1w3d    dirty=275.68MiB\n","stream":"stderr","time":"2020-03-24T23:57:26.972671744Z"}
{"log":"INFO [03-24|23:57:29.732] Imported new chain segment               blocks=2048  txs=1903  mgas=109.748 elapsed=2.719s    mgasps=40.349  number=1483162 hash=5b1983…ba59fa age=5mo1w3d    dirty=275.93MiB\n","stream":"stderr","time":"2020-03-24T23:57:29.732843628Z"}
{"log":"INFO [03-24|23:57:31.854] New local node record                    seq=9 id=8252fae760b7940d ip=31.147.195.74 udp=1024  tcp=30303\n","stream":"stderr","time":"2020-03-24T23:57:31.854488545Z"}
{"log":"INFO [03-24|23:57:32.132] Imported new chain segment               blocks=2048  txs=2343  mgas=227.812 elapsed=2.358s    mgasps=96.595  number=1485210 hash=1cd24e…5da360 age=5mo1w2d    dirty=276.67MiB\n","stream":"stderr","time":"2020-03-24T23:57:32.13535978Z"}
{"log":"INFO [03-24|23:57:32.545] New local node record                    seq=10 id=8252fae760b7940d ip=31.147.195.74 udp=1024  tcp=30303\n","stream":"stderr","time":"2020-03-24T23:57:32.546114762Z"}
{"log":"INFO [03-24|23:57:34.763] Imported new chain segment               blocks=2048  txs=2440  mgas=379.191 elapsed=2.301s    mgasps=164.732 number=1487258 hash=669216…7ffde0 age=5mo1w2d    dirty=277.28MiB\n","stream":"stderr","time":"2020-03-24T23:57:34.764008319Z"}
{"log":"INFO [03-24|23:57:37.611] Imported new chain segment               blocks=2048  txs=2025  mgas=168.628 elapsed=2.802s    mgasps=60.161  number=1489306 hash=267779…c79fe9 age=5mo1w1d    dirty=277.83MiB\n","stream":"stderr","time":"2020-03-24T23:57:37.611973163Z"}
{"log":"INFO [03-24|23:57:40.225] Imported new chain segment               blocks=2048  txs=2267  mgas=342.815 elapsed=2.585s    mgasps=132.571 number=1491354 hash=29c73e…2dd361 age=5mo1w1d    dirty=278.68MiB\n","stream":"stderr","time":"2020-03-24T23:57:40.226100394Z"}
{"log":"INFO [03-24|23:57:43.494] Imported new chain segment               blocks=2048  txs=2925  mgas=439.936 elapsed=3.240s    mgasps=135.773 number=1493402 hash=fa7809…a06e95 age=5mo1w1d    dirty=279.27MiB\n","stream":"stderr","time":"2020-03-24T23:57:43.495070237Z"}
{"log":"INFO [03-24|23:57:45.837] Imported new chain segment               blocks=2048  txs=1997  mgas=103.931 elapsed=2.315s    mgasps=44.890  number=1495450 hash=f2ce1a…8296ab age=5mo1w21h   dirty=280.18MiB\n","stream":"stderr","time":"2020-03-24T23:57:45.837203721Z"}
{"log":"INFO [03-24|23:57:47.926] Imported new chain segment               blocks=2048  txs=1040  mgas=54.929  elapsed=2.051s    mgasps=26.781  number=1497498 hash=ec8f0f…d93d54 age=5mo1w13h   dirty=279.56MiB\n","stream":"stderr","time":"2020-03-24T23:57:47.927180251Z"}
{"log":"INFO [03-24|23:57:48.971] Imported new chain segment               blocks=2048  txs=793   mgas=84.691  elapsed=1.014s    mgasps=83.515  number=1499546 hash=b1c5eb…94243e age=5mo1w4h    dirty=279.45MiB\n","stream":"stderr","time":"2020-03-24T23:57:48.971688382Z"}
{"log":"INFO [03-24|23:57:50.748] Imported new chain segment               blocks=2048  txs=605   mgas=40.319  elapsed=1.748s    mgasps=23.056  number=1501594 hash=d65612…e70bf8 age=5mo6d20h   dirty=279.39MiB\n","stream":"stderr","time":"2020-03-24T23:57:50.748358149Z"}
{"log":"INFO [03-24|23:57:51.646] Imported new chain segment               blocks=2048  txs=387   mgas=58.401  elapsed=869.450ms mgasps=67.170  number=1503642 hash=da24dc…fd34de age=5mo6d11h   dirty=280.09MiB\n","stream":"stderr","time":"2020-03-24T23:57:51.647113348Z"}
{"log":"INFO [03-24|23:57:53.168] Imported new chain segment               blocks=2048  txs=656   mgas=67.099  elapsed=1.497s    mgasps=44.800  number=1505690 hash=4da9b1…9af42a age=5mo6d3h    dirty=280.56MiB\n","stream":"stderr","time":"2020-03-24T23:57:53.168813897Z"}
{"log":"INFO [03-24|23:57:55.132] Imported new chain segment               blocks=2048  txs=747   mgas=56.349  elapsed=1.937s    mgasps=29.081  number=1507738 hash=a476d0…7a9161 age=5mo5d18h   dirty=280.61MiB\n","stream":"stderr","time":"2020-03-24T23:57:55.134590935Z"}
{"log":"INFO [03-24|23:57:57.274] Imported new chain segment               blocks=2048  txs=1135  mgas=182.155 elapsed=2.102s    mgasps=86.647  number=1509786 hash=d9425e…fa487b age=5mo5d10h   dirty=281.37MiB\n","stream":"stderr","time":"2020-03-24T23:57:57.275218032Z"}
{"log":"INFO [03-24|23:57:58.727] Imported new chain segment               blocks=2048  txs=857   mgas=93.371  elapsed=1.402s    mgasps=66.560  number=1511834 hash=5edefc…742c3d age=5mo5d1h    dirty=281.51MiB\n","stream":"stderr","time":"2020-03-24T23:57:58.727769076Z"}
{"log":"INFO [03-24|23:58:00.841] Imported new chain segment               blocks=2048  txs=930   mgas=75.647  elapsed=2.085s    mgasps=36.268  number=1513882 hash=67ed87…6f0777 age=5mo4d17h   dirty=282.32MiB\n","stream":"stderr","time":"2020-03-24T23:58:00.842089002Z"}
{"log":"INFO [03-24|23:58:02.879] Imported new chain segment               blocks=2048  txs=2150  mgas=328.090 elapsed=2.012s    mgasps=163.029 number=1515930 hash=7baa07…24323e age=5mo4d8h    dirty=283.03MiB\n","stream":"stderr","time":"2020-03-24T23:58:02.879805741Z"}
{"log":"INFO [03-24|23:58:04.870] Imported new chain segment               blocks=2048  txs=762   mgas=146.226 elapsed=1.179s    mgasps=124.003 number=1517978 hash=dbda58…dfcbb4 age=5mo4d3m    dirty=283.36MiB\n","stream":"stderr","time":"2020-03-24T23:58:04.871151469Z"}
{"log":"INFO [03-24|23:58:07.133] Imported new chain segment               blocks=2048  txs=1082  mgas=105.661 elapsed=2.235s    mgasps=47.272  number=1520026 hash=27729e…86a8c9 age=5mo3d15h   dirty=284.01MiB\n","stream":"stderr","time":"2020-03-24T23:58:07.13332622Z"}
{"log":"INFO [03-24|23:58:09.399] Imported new chain segment               blocks=2048  txs=2011  mgas=374.309 elapsed=2.229s    mgasps=167.893 number=1522074 hash=b80bdf…392854 age=5mo3d6h    dirty=284.77MiB\n","stream":"stderr","time":"2020-03-24T23:58:09.400116878Z"}
{"log":"INFO [03-24|23:58:11.373] Imported new chain segment               blocks=2048  txs=646   mgas=72.199  elapsed=1.943s    mgasps=37.154  number=1524122 hash=a708f8…4548c4 age=5mo2d22h   dirty=285.13MiB\n","stream":"stderr","time":"2020-03-24T23:58:11.37424077Z"}
{"log":"INFO [03-24|23:58:14.079] Imported new chain segment               blocks=2048  txs=1677  mgas=193.470 elapsed=2.662s    mgasps=72.664  number=1526170 hash=21ae9b…382555 age=5mo2d13h   dirty=286.96MiB\n","stream":"stderr","time":"2020-03-24T23:58:14.079371221Z"}
{"log":"INFO [03-24|23:58:16.123] Imported new chain segment               blocks=2048  txs=1521  mgas=223.975 elapsed=2.001s    mgasps=111.879 number=1528218 hash=726b63…3245b8 age=5mo2d5h    dirty=286.73MiB\n","stream":"stderr","time":"2020-03-24T23:58:16.123899099Z"}
{"log":"INFO [03-24|23:58:18.346] Imported new chain segment               blocks=2048  txs=865   mgas=72.930  elapsed=2.178s    mgasps=33.484  number=1530266 hash=4450e4…5fe07e age=5mo1d20h   dirty=287.30MiB\n","stream":"stderr","time":"2020-03-24T23:58:18.34628134Z"}
{"log":"INFO [03-24|23:58:21.085] Imported new chain segment               blocks=2048  txs=2399  mgas=223.099 elapsed=2.711s    mgasps=82.279  number=1532314 hash=b44fa5…dc7e6a age=5mo1d12h   dirty=289.02MiB\n","stream":"stderr","time":"2020-03-24T23:58:21.085635991Z"}
{"log":"INFO [03-24|23:58:23.961] Imported new chain segment               blocks=2048  txs=2069  mgas=249.495 elapsed=2.830s    mgasps=88.146  number=1534362 hash=b1a735…d7e882 age=5mo1d3h    dirty=288.81MiB\n","stream":"stderr","time":"2020-03-24T23:58:23.961649243Z"}
{"log":"INFO [03-24|23:58:26.146] Imported new chain segment               blocks=2048  txs=1111  mgas=123.232 elapsed=2.157s    mgasps=57.121  number=1536410 hash=43ec33…13bb5a age=5mo19h15m  dirty=289.65MiB\n","stream":"stderr","time":"2020-03-24T23:58:26.149609533Z"}
{"log":"INFO [03-24|23:58:27.610] Imported new chain segment               blocks=2048  txs=499   mgas=69.772  elapsed=1.299s    mgasps=53.689  number=1538458 hash=7db175…862ce8 age=5mo10h43m  dirty=289.69MiB\n","stream":"stderr","time":"2020-03-24T23:58:27.610925594Z"}
{"log":"INFO [03-24|23:58:29.823] Imported new chain segment               blocks=2048  txs=561   mgas=159.332 elapsed=2.176s    mgasps=73.211  number=1540506 hash=f3e9b8…bb02ac age=5mo2h11m   dirty=290.16MiB\n","stream":"stderr","time":"2020-03-24T23:58:29.823586453Z"}
{"log":"INFO [03-24|23:58:32.747] Imported new chain segment               blocks=2048  txs=1093  mgas=88.561  elapsed=2.894s    mgasps=30.591  number=1542554 hash=873807…27d64b age=4mo4w1d    dirty=290.35MiB\n","stream":"stderr","time":"2020-03-24T23:58:32.747892649Z"}
{"log":"INFO [03-24|23:58:32.753] Deep froze chain segment                 blocks=30000 elapsed=6.053s    number=1418963 hash=8f6a88…7470f2\n","stream":"stderr","time":"2020-03-24T23:58:32.753684266Z"}
{"log":"INFO [03-24|23:58:34.439] Imported new chain segment               blocks=2048  txs=493   mgas=44.007  elapsed=1.663s    mgasps=26.461  number=1544602 hash=6248bf…a7d0fd age=4mo4w1d    dirty=290.86MiB\n","stream":"stderr","time":"2020-03-24T23:58:34.439990141Z"}
{"log":"INFO [03-24|23:58:36.944] Imported new chain segment               blocks=2048  txs=469   mgas=47.428  elapsed=2.476s    mgasps=19.153  number=1546650 hash=a26024…ee3834 age=4mo4w1d    dirty=291.10MiB\n","stream":"stderr","time":"2020-03-24T23:58:36.944762482Z"}
{"log":"INFO [03-24|23:58:40.439] Deep froze chain segment                 blocks=30000 elapsed=7.685s    number=1448963 hash=a66c95…cd817c\n","stream":"stderr","time":"2020-03-24T23:58:40.439287793Z"}
{"log":"INFO [03-24|23:58:40.808] Imported new chain segment               blocks=2048  txs=1114  mgas=137.114 elapsed=3.836s    mgasps=35.739  number=1548698 hash=c5e2b3…49a02d age=4mo4w16h   dirty=292.06MiB\n","stream":"stderr","time":"2020-03-24T23:58:40.808969822Z"}
{"log":"INFO [03-24|23:58:42.731] Deep froze chain segment                 blocks=9370  elapsed=2.292s    number=1458333 hash=950540…343074\n","stream":"stderr","time":"2020-03-24T23:58:42.731562793Z"}
{"log":"INFO [03-24|23:58:46.883] Imported new chain segment               blocks=2048  txs=2298  mgas=578.976 elapsed=6.044s    mgasps=95.791  number=1550746 hash=7ad19f…15d041 age=4mo4w7h    dirty=295.95MiB\n","stream":"stderr","time":"2020-03-24T23:58:46.883540524Z"}
{"log":"INFO [03-24|23:58:52.489] Imported new chain segment               blocks=2048  txs=1586  mgas=566.145 elapsed=5.579s    mgasps=101.460 number=1552794 hash=6c0c01…5b4477 age=4mo3w6d    dirty=298.70MiB\n","stream":"stderr","time":"2020-03-24T23:58:52.490335623Z"}
{"log":"INFO [03-24|23:58:58.883] Imported new chain segment               blocks=2048  txs=2348  mgas=713.779 elapsed=6.354s    mgasps=112.329 number=1554842 hash=34d029…8c3cb9 age=4mo3w6d    dirty=302.98MiB\n","stream":"stderr","time":"2020-03-24T23:58:58.883776155Z"}
{"log":"INFO [03-24|23:59:05.555] Imported new chain segment               blocks=2048  txs=2333  mgas=711.408 elapsed=6.642s    mgasps=107.103 number=1556890 hash=e42fbc…19a208 age=4mo3w6d    dirty=306.31MiB\n","stream":"stderr","time":"2020-03-24T23:59:05.555973987Z"}
{"log":"INFO [03-24|23:59:11.392] Imported new chain segment               blocks=2048  txs=1748  mgas=650.892 elapsed=5.797s    mgasps=112.273 number=1558938 hash=517565…945ea7 age=4mo3w5d    dirty=310.47MiB\n","stream":"stderr","time":"2020-03-24T23:59:11.393592368Z"}
{"log":"INFO [03-24|23:59:17.448] Imported new chain segment               blocks=2048  txs=2954  mgas=654.199 elapsed=5.551s    mgasps=117.837 number=1560986 hash=0ae299…49a436 age=4mo3w5d    dirty=312.89MiB\n","stream":"stderr","time":"2020-03-24T23:59:17.449158025Z"}
{"log":"INFO [03-24|23:59:22.644] Imported new chain segment               blocks=2048  txs=1790  mgas=656.471 elapsed=5.156s    mgasps=127.307 number=1563034 hash=b8ba7d…744e1a age=4mo3w5d    dirty=315.64MiB\n","stream":"stderr","time":"2020-03-24T23:59:22.644821236Z"}
{"log":"INFO [03-24|23:59:22.874] New local node record                    seq=11 id=8252fae760b7940d ip=31.147.195.74 udp=1024  tcp=30303\n","stream":"stderr","time":"2020-03-24T23:59:22.874965734Z"}
{"log":"INFO [03-24|23:59:27.007] Imported new chain segment               blocks=2048  txs=1392  mgas=419.231 elapsed=4.329s    mgasps=96.834  number=1565082 hash=bedd96…a96ea9 age=4mo3w4d    dirty=318.19MiB\n","stream":"stderr","time":"2020-03-24T23:59:27.007387918Z"}
{"log":"INFO [03-24|23:59:32.413] Imported new chain segment               blocks=2048  txs=2014  mgas=455.078 elapsed=5.379s    mgasps=84.588  number=1567130 hash=e85ab4…e37ee1 age=4mo3w4d    dirty=320.74MiB\n","stream":"stderr","time":"2020-03-24T23:59:32.413520777Z"}
{"log":"INFO [03-24|23:59:37.099] Imported new chain segment               blocks=2048  txs=1781  mgas=496.241 elapsed=4.652s    mgasps=106.670 number=1569178 hash=e307e9…001941 age=4mo3w4d    dirty=323.37MiB\n","stream":"stderr","time":"2020-03-24T23:59:37.099628404Z"}
{"log":"INFO [03-24|23:59:41.663] Imported new chain segment               blocks=2048  txs=2143  mgas=442.487 elapsed=4.534s    mgasps=97.586  number=1571226 hash=8eee42…d42414 age=4mo3w3d    dirty=325.87MiB\n","stream":"stderr","time":"2020-03-24T23:59:41.664076901Z"}
{"log":"INFO [03-24|23:59:46.684] Deep froze chain segment                 blocks=23007 elapsed=3.953s    number=1481340 hash=d59911…9eba53\n","stream":"stderr","time":"2020-03-24T23:59:46.685000417Z"}
{"log":"INFO [03-24|23:59:49.641] Imported new chain segment               blocks=2048  txs=2586  mgas=528.706 elapsed=7.939s    mgasps=66.589  number=1573274 hash=5e9e0d…244c59 age=4mo3w3d    dirty=329.12MiB\n","stream":"stderr","time":"2020-03-24T23:59:49.641555488Z"}
{"log":"INFO [03-24|23:59:54.924] Imported new chain segment               blocks=2048  txs=1948  mgas=554.697 elapsed=5.245s    mgasps=105.753 number=1575322 hash=5ce538…11f84f age=4mo3w3d    dirty=332.26MiB\n","stream":"stderr","time":"2020-03-24T23:59:54.925011542Z"}
{"log":"INFO [03-25|00:00:00.922] Imported new chain segment               blocks=2048  txs=1704  mgas=520.308 elapsed=5.958s    mgasps=87.316  number=1577370 hash=ffb574…e2062a age=4mo3w2d    dirty=335.53MiB\n","stream":"stderr","time":"2020-03-25T00:00:00.922734558Z"}
{"log":"INFO [03-25|00:00:07.005] Imported new chain segment               blocks=2048  txs=1317  mgas=510.763 elapsed=6.055s    mgasps=84.345  number=1579418 hash=6c8642…ec8cac age=4mo3w2d    dirty=339.11MiB\n","stream":"stderr","time":"2020-03-25T00:00:07.006220452Z"}
{"log":"INFO [03-25|00:00:11.928] Imported new chain segment               blocks=2048  txs=1250  mgas=533.753 elapsed=4.785s    mgasps=111.524 number=1581466 hash=b5f897…b66686 age=4mo3w1d    dirty=343.35MiB\n","stream":"stderr","time":"2020-03-25T00:00:11.928412545Z"}
{"log":"INFO [03-25|00:00:18.783] Imported new chain segment               blocks=2048  txs=1738  mgas=605.403 elapsed=6.829s    mgasps=88.643  number=1583514 hash=35b143…877782 age=4mo3w1d    dirty=346.82MiB\n","stream":"stderr","time":"2020-03-25T00:00:18.78414411Z"}
{"log":"INFO [03-25|00:00:24.343] Imported new chain segment               blocks=2048  txs=1216  mgas=602.823 elapsed=5.533s    mgasps=108.945 number=1585562 hash=bf5848…0b4060 age=4mo3w1d    dirty=351.08MiB\n","stream":"stderr","time":"2020-03-25T00:00:24.343524541Z"}
{"log":"INFO [03-25|00:00:30.657] Imported new chain segment               blocks=2048  txs=1400  mgas=602.751 elapsed=6.268s    mgasps=96.153  number=1587610 hash=fd8fc9…a55110 age=4mo3w21h   dirty=355.76MiB\n","stream":"stderr","time":"2020-03-25T00:00:30.657925429Z"}
{"log":"INFO [03-25|00:00:38.337] Imported new chain segment               blocks=2048  txs=2131  mgas=730.924 elapsed=7.646s    mgasps=95.590  number=1589658 hash=57de25…60dbb2 age=4mo3w13h   dirty=362.53MiB\n","stream":"stderr","time":"2020-03-25T00:00:38.338040138Z"}
{"log":"INFO [03-25|00:00:46.363] Imported new chain segment               blocks=1672  txs=1776  mgas=617.261 elapsed=8.000s    mgasps=77.150  number=1591330 hash=26e98c…f74c85 age=4mo3w6h    dirty=363.22MiB\n","stream":"stderr","time":"2020-03-25T00:00:46.364034625Z"}
{"log":"INFO [03-25|00:00:47.113] Imported new chain segment               blocks=376   txs=292   mgas=98.093  elapsed=749.433ms mgasps=130.890 number=1591706 hash=9c8e98…9bb7a3 age=4mo3w4h    dirty=363.87MiB\n","stream":"stderr","time":"2020-03-25T00:00:47.113545134Z"}
{"log":"INFO [03-25|00:00:53.744] Deep froze chain segment                 blocks=20151 elapsed=7.059s    number=1501491 hash=9de1f4…4a2e0c\n","stream":"stderr","time":"2020-03-25T00:00:53.744310179Z"}
{"log":"INFO [03-25|00:00:55.146] Imported new chain segment               blocks=1584  txs=1325  mgas=358.471 elapsed=8.005s    mgasps=44.779  number=1593290 hash=6bfa56…50ef17 age=4mo2w6d    dirty=366.56MiB\n","stream":"stderr","time":"2020-03-25T00:00:55.147067488Z"}
{"log":"INFO [03-25|00:00:56.817] Imported new chain segment               blocks=464   txs=608   mgas=127.275 elapsed=1.670s    mgasps=76.181  number=1593754 hash=f38fb5…eee3f4 age=4mo2w6d    dirty=367.18MiB\n","stream":"stderr","time":"2020-03-25T00:00:56.817650337Z"}
{"log":"INFO [03-25|00:01:02.133] Imported new chain segment               blocks=2048  txs=1522  mgas=484.178 elapsed=5.287s    mgasps=91.571  number=1595802 hash=afae97…ceb2b3 age=4mo2w6d    dirty=370.12MiB\n","stream":"stderr","time":"2020-03-25T00:01:02.134176198Z"}
{"log":"INFO [03-25|00:01:09.820] Imported new chain segment               blocks=2048  txs=2200  mgas=697.478 elapsed=7.656s    mgasps=91.094  number=1597850 hash=c0bdf8…1b3a90 age=4mo2w6d    dirty=374.38MiB\n","stream":"stderr","time":"2020-03-25T00:01:09.821223812Z"}
{"log":"INFO [03-25|00:01:17.823] Imported new chain segment               blocks=2048  txs=1489  mgas=680.633 elapsed=7.939s    mgasps=85.724  number=1599898 hash=1d0b3c…a0554d age=4mo2w5d    dirty=378.82MiB\n","stream":"stderr","time":"2020-03-25T00:01:17.824176178Z"}
{"log":"INFO [03-25|00:01:25.411] Imported new chain segment               blocks=2048  txs=2360  mgas=791.461 elapsed=7.544s    mgasps=104.912 number=1601946 hash=684ce4…5317a6 age=4mo2w5d    dirty=384.36MiB\n","stream":"stderr","time":"2020-03-25T00:01:25.411409878Z"}
{"log":"INFO [03-25|00:01:32.696] Imported new chain segment               blocks=2048  txs=1774  mgas=741.443 elapsed=7.254s    mgasps=102.204 number=1603994 hash=d81b48…3049bf age=4mo2w5d    dirty=389.00MiB\n","stream":"stderr","time":"2020-03-25T00:01:32.696389029Z"}
{"log":"INFO [03-25|00:01:40.043] Imported new chain segment               blocks=2048  txs=1845  mgas=706.402 elapsed=7.320s    mgasps=96.490  number=1606042 hash=63fab3…4f6ea3 age=4mo2w4d    dirty=393.24MiB\n","stream":"stderr","time":"2020-03-25T00:01:40.043610557Z"}
{"log":"INFO [03-25|00:01:48.034] Imported new chain segment               blocks=2048  txs=2186  mgas=770.317 elapsed=7.950s    mgasps=96.889  number=1608090 hash=0c5582…f6f40a age=4mo2w4d    dirty=398.84MiB\n","stream":"stderr","time":"2020-03-25T00:01:48.034899268Z"}
{"log":"INFO [03-25|00:01:56.083] Imported new chain segment               blocks=1933  txs=1702  mgas=688.818 elapsed=8.012s    mgasps=85.965  number=1610023 hash=e98eb7…d74373 age=4mo2w4d    dirty=403.86MiB\n","stream":"stderr","time":"2020-03-25T00:01:56.084227929Z"}
{"log":"INFO [03-25|00:01:57.099] Imported new chain segment               blocks=115   txs=91    mgas=36.056  elapsed=1.016s    mgasps=35.487  number=1610138 hash=58aea8…ddbd13 age=4mo2w3d    dirty=404.11MiB\n","stream":"stderr","time":"2020-03-25T00:01:57.100171482Z"}
{"log":"INFO [03-25|00:01:57.325] Deep froze chain segment                 blocks=17910 elapsed=3.581s    number=1519401 hash=8c566f…dea2f4\n","stream":"stderr","time":"2020-03-25T00:01:57.325946952Z"}
{"log":"INFO [03-25|00:02:03.938] Imported new chain segment               blocks=2048  txs=1550  mgas=659.625 elapsed=6.781s    mgasps=97.272  number=1612186 hash=a316cf…11dc09 age=4mo2w3d    dirty=408.36MiB\n","stream":"stderr","time":"2020-03-25T00:02:03.938834395Z"}
{"log":"INFO [03-25|00:02:11.983] Imported new chain segment               blocks=1877  txs=2659  mgas=722.814 elapsed=8.000s    mgasps=90.346  number=1614063 hash=1db6fc…a8300c age=4mo2w3d    dirty=413.54MiB\n","stream":"stderr","time":"2020-03-25T00:02:11.983493858Z"}
{"log":"INFO [03-25|00:02:12.494] Imported new chain segment               blocks=171   txs=165   mgas=57.900  elapsed=511.493ms mgasps=113.199 number=1614234 hash=73f31a…e04367 age=4mo2w3d    dirty=413.54MiB\n","stream":"stderr","time":"2020-03-25T00:02:12.494934809Z"}
{"log":"INFO [03-25|00:02:20.081] Imported new chain segment               blocks=2048  txs=1780  mgas=716.290 elapsed=7.560s    mgasps=94.744  number=1616282 hash=670ce1…819155 age=4mo2w2d    dirty=417.95MiB\n","stream":"stderr","time":"2020-03-25T00:02:20.082157402Z"}
{"log":"INFO [03-25|00:02:26.431] Imported new chain segment               blocks=2048  txs=1769  mgas=670.058 elapsed=6.324s    mgasps=105.944 number=1618330 hash=587152…4c1ca1 age=4mo2w2d    dirty=422.52MiB\n","stream":"stderr","time":"2020-03-25T00:02:26.432538839Z"}
{"log":"INFO [03-25|00:02:33.907] Imported new chain segment               blocks=2048  txs=1526  mgas=686.534 elapsed=6.361s    mgasps=107.923 number=1620378 hash=14e9aa…0d51bb age=4mo2w2d    dirty=427.27MiB\n","stream":"stderr","time":"2020-03-25T00:02:33.908151701Z"}
{"log":"INFO [03-25|00:02:41.719] Imported new chain segment               blocks=2048  txs=1926  mgas=685.437 elapsed=7.780s    mgasps=88.101  number=1622426 hash=870c7b…e42cdf age=4mo2w1d    dirty=431.72MiB\n","stream":"stderr","time":"2020-03-25T00:02:41.719749603Z"}
{"log":"INFO [03-25|00:02:49.201] Imported new chain segment               blocks=2048  txs=1571  mgas=657.466 elapsed=7.452s    mgasps=88.215  number=1624474 hash=917a7d…96154b age=4mo2w1d    dirty=435.83MiB\n","stream":"stderr","time":"2020-03-25T00:02:49.201315437Z"}
{"log":"INFO [03-25|00:02:57.306] Imported new chain segment               blocks=1722  txs=1774  mgas=628.040 elapsed=8.065s    mgasps=77.866  number=1626196 hash=92b6db…8b1f3a age=4mo2w1d    dirty=439.74MiB\n","stream":"stderr","time":"2020-03-25T00:02:57.306529386Z"}
{"log":"INFO [03-25|00:02:59.512] Deep froze chain segment                 blocks=16794 elapsed=2.186s    number=1536195 hash=33a588…36a490\n","stream":"stderr","time":"2020-03-25T00:02:59.523420415Z"}
{"log":"INFO [03-25|00:03:01.694] Imported new chain segment               blocks=326   txs=552   mgas=224.496 elapsed=4.388s    mgasps=51.153  number=1626522 hash=c8fa70…2668b2 age=4mo2w1d    dirty=440.18MiB\n","stream":"stderr","time":"2020-03-25T00:03:01.695170376Z"}
{"log":"INFO [03-25|00:03:09.993] Imported new chain segment               blocks=2010  txs=1902  mgas=666.173 elapsed=8.268s    mgasps=80.572  number=1628532 hash=58ea80…2784e2 age=4mo2w19h   dirty=444.55MiB\n","stream":"stderr","time":"2020-03-25T00:03:09.994193967Z"}
{"log":"INFO [03-25|00:03:10.063] Imported new chain segment               blocks=38    txs=22    mgas=9.283   elapsed=69.908ms  mgasps=132.781 number=1628570 hash=447f4c…832fcc age=4mo2w19h   dirty=444.52MiB\n","stream":"stderr","time":"2020-03-25T00:03:10.06407718Z"}
{"log":"INFO [03-25|00:03:18.111] Imported new chain segment               blocks=1802  txs=2518  mgas=686.580 elapsed=8.021s    mgasps=85.595  number=1630372 hash=ea2781…bc0686 age=4mo2w11h   dirty=448.98MiB\n","stream":"stderr","time":"2020-03-25T00:03:18.111364503Z"}
{"log":"INFO [03-25|00:03:19.233] Imported new chain segment               blocks=246   txs=525   mgas=105.151 elapsed=1.122s    mgasps=93.708  number=1630618 hash=755009…6c5598 age=4mo2w10h   dirty=449.72MiB\n","stream":"stderr","time":"2020-03-25T00:03:19.233495925Z"}
{"log":"INFO [03-25|00:03:27.270] Imported new chain segment               blocks=1328  txs=1785  mgas=578.320 elapsed=8.000s    mgasps=72.288  number=1631946 hash=f88252…4126dd age=4mo2w5h    dirty=452.55MiB\n","stream":"stderr","time":"2020-03-25T00:03:27.270915981Z"}
{"log":"INFO [03-25|00:03:29.036] Imported new chain segment               blocks=720   txs=732   mgas=262.175 elapsed=1.765s    mgasps=148.483 number=1632666 hash=f81321…4387dd age=4mo2w2h    dirty=454.21MiB\n","stream":"stderr","time":"2020-03-25T00:03:29.036559709Z"}
{"log":"INFO [03-25|00:03:37.067] Imported new chain segment               blocks=2048  txs=2192  mgas=700.619 elapsed=7.994s    mgasps=87.639  number=1634714 hash=0ce63d…369343 age=4mo1w6d    dirty=458.34MiB\n","stream":"stderr","time":"2020-03-25T00:03:37.068192475Z"}
{"log":"INFO [03-25|00:03:45.114] Imported new chain segment               blocks=1980  txs=1784  mgas=719.976 elapsed=8.004s    mgasps=89.949  number=1636694 hash=341643…1cd410 age=4mo1w6d    dirty=462.53MiB\n","stream":"stderr","time":"2020-03-25T00:03:45.114541482Z"}
{"log":"INFO [03-25|00:03:45.298] Imported new chain segment               blocks=68    txs=106   mgas=29.905  elapsed=184.274ms mgasps=162.283 number=1636762 hash=421cd2…81931a age=4mo1w6d    dirty=462.85MiB\n","stream":"stderr","time":"2020-03-25T00:03:45.298820135Z"}
{"log":"INFO [03-25|00:03:53.342] Imported new chain segment               blocks=1851  txs=2614  mgas=702.553 elapsed=8.016s    mgasps=87.644  number=1638613 hash=4dac65…285479 age=4mo1w6d    dirty=466.33MiB\n","stream":"stderr","time":"2020-03-25T00:03:53.342583728Z"}
{"log":"INFO [03-25|00:03:53.749] Imported new chain segment               blocks=197   txs=115   mgas=60.965  elapsed=407.157ms mgasps=149.734 number=1638810 hash=dd31b8…adb666 age=4mo1w6d    dirty=466.64MiB\n","stream":"stderr","time":"2020-03-25T00:03:53.749775169Z"}
{"log":"INFO [03-25|00:04:01.785] Imported new chain segment               blocks=1933  txs=2018  mgas=680.523 elapsed=8.006s    mgasps=84.998  number=1640743 hash=65d30c…7fa82a age=4mo1w5d    dirty=470.85MiB\n","stream":"stderr","time":"2020-03-25T00:04:01.785166161Z"}
{"log":"INFO [03-25|00:04:02.258] Imported new chain segment               blocks=115   txs=131   mgas=61.539  elapsed=473.632ms mgasps=129.931 number=1640858 hash=6d90d2…7bcbc5 age=4mo1w5d    dirty=471.35MiB\n","stream":"stderr","time":"2020-03-25T00:04:02.258801567Z"}
{"log":"INFO [03-25|00:04:02.547] Deep froze chain segment                 blocks=14126 elapsed=3.018s    number=1550321 hash=e29460…76bdfe\n","stream":"stderr","time":"2020-03-25T00:04:02.548112855Z"}
{"log":"INFO [03-25|00:04:10.294] Imported new chain segment               blocks=1855  txs=1764  mgas=736.561 elapsed=8.000s    mgasps=92.061  number=1642713 hash=5e9d39…2f7d29 age=4mo1w5d    dirty=475.42MiB\n","stream":"stderr","time":"2020-03-25T00:04:10.294746706Z"}
{"log":"INFO [03-25|00:04:10.905] Imported new chain segment               blocks=193   txs=229   mgas=74.736  elapsed=610.579ms mgasps=122.402 number=1642906 hash=edef64…fc8af2 age=4mo1w5d    dirty=476.50MiB\n","stream":"stderr","time":"2020-03-25T00:04:10.905261148Z"}
{"log":"INFO [03-25|00:04:18.946] Imported new chain segment               blocks=1856  txs=1584  mgas=640.905 elapsed=8.013s    mgasps=79.982  number=1644762 hash=acc10a…50fdbf age=4mo1w4d    dirty=480.80MiB\n","stream":"stderr","time":"2020-03-25T00:04:18.94670194Z"}
{"log":"INFO [03-25|00:04:19.452] Imported new chain segment               blocks=192   txs=139   mgas=60.982  elapsed=505.940ms mgasps=120.533 number=1644954 hash=4c4f08…fe3306 age=4mo1w4d    dirty=479.88MiB\n","stream":"stderr","time":"2020-03-25T00:04:19.452549624Z"}
{"log":"INFO [03-25|00:04:27.492] Imported new chain segment               blocks=1969  txs=1978  mgas=716.133 elapsed=8.001s    mgasps=89.496  number=1646923 hash=dc17d5…0200c4 age=4mo1w4d    dirty=484.31MiB\n","stream":"stderr","time":"2020-03-25T00:04:27.492987458Z"}
{"log":"INFO [03-25|00:04:27.763] Imported new chain segment               blocks=79    txs=196   mgas=43.179  elapsed=271.027ms mgasps=159.317 number=1647002 hash=bd0efa…d074ff age=4mo1w4d    dirty=484.99MiB\n","stream":"stderr","time":"2020-03-25T00:04:27.764022818Z"}
{"log":"INFO [03-25|00:04:35.632] Imported new chain segment               blocks=2048  txs=2442  mgas=822.419 elapsed=7.824s    mgasps=105.106 number=1649050 hash=95d6b2…a33b1e age=4mo1w4d    dirty=487.50MiB\n","stream":"stderr","time":"2020-03-25T00:04:35.632889114Z"}
{"log":"INFO [03-25|00:04:43.722] Imported new chain segment               blocks=1852  txs=1498  mgas=668.234 elapsed=8.059s    mgasps=82.913  number=1650902 hash=b53997…02d3f5 age=4mo1w3d    dirty=492.30MiB\n","stream":"stderr","time":"2020-03-25T00:04:43.722795977Z"}
{"log":"INFO [03-25|00:04:44.216] Imported new chain segment               blocks=196   txs=143   mgas=59.398  elapsed=493.521ms mgasps=120.356 number=1651098 hash=d37aeb…cd25c3 age=4mo1w3d    dirty=492.28MiB\n","stream":"stderr","time":"2020-03-25T00:04:44.21628748Z"}
{"log":"INFO [03-25|00:04:52.266] Imported new chain segment               blocks=2004  txs=1592  mgas=712.760 elapsed=8.009s    mgasps=88.988  number=1653102 hash=3abacf…6f2c1e age=4mo1w3d    dirty=496.82MiB\n","stream":"stderr","time":"2020-03-25T00:04:52.266523443Z"}
{"log":"INFO [03-25|00:04:52.372] Imported new chain segment               blocks=44    txs=30    mgas=14.513  elapsed=105.801ms mgasps=137.174 number=1653146 hash=5f2a52…5be568 age=4mo1w3d    dirty=496.95MiB\n","stream":"stderr","time":"2020-03-25T00:04:52.372272454Z"}
{"log":"INFO [03-25|00:04:59.738] Imported new chain segment               blocks=2048  txs=1868  mgas=809.927 elapsed=7.331s    mgasps=110.471 number=1655194 hash=b17dc6…e3e59d age=4mo1w3d    dirty=501.04MiB\n","stream":"stderr","time":"2020-03-25T00:04:59.738340598Z"}
{"log":"INFO [03-25|00:05:05.834] Deep froze chain segment                 blocks=15331 elapsed=3.285s    number=1565652 hash=1a86a5…60e964\n","stream":"stderr","time":"2020-03-25T00:05:05.834491071Z"}
{"log":"INFO [03-25|00:05:08.527] Imported new chain segment               blocks=1809  txs=1240  mgas=585.206 elapsed=8.068s    mgasps=72.532  number=1657003 hash=c1b84f…b624de age=4mo1w2d    dirty=504.74MiB\n","stream":"stderr","time":"2020-03-25T00:05:08.527699709Z"}
{"log":"INFO [03-25|00:05:09.346] Imported new chain segment               blocks=239   txs=144   mgas=74.137  elapsed=819.316ms mgasps=90.487  number=1657242 hash=803f3d…331677 age=4mo1w2d    dirty=505.20MiB\n","stream":"stderr","time":"2020-03-25T00:05:09.346902623Z"}
{"log":"INFO [03-25|00:05:16.236] Imported new chain segment               blocks=2048  txs=1340  mgas=666.047 elapsed=6.851s    mgasps=97.218  number=1659290 hash=8f061f…96163b age=4mo1w2d    dirty=509.48MiB\n","stream":"stderr","time":"2020-03-25T00:05:16.23707476Z"}
{"log":"INFO [03-25|00:05:24.294] Imported new chain segment               blocks=1923  txs=1748  mgas=636.306 elapsed=8.017s    mgasps=79.368  number=1661213 hash=c77a22…1b13ff age=4mo1w2d    dirty=513.64MiB\n","stream":"stderr","time":"2020-03-25T00:05:24.294658149Z"}
{"log":"INFO [03-25|00:05:24.580] Imported new chain segment               blocks=125   txs=136   mgas=38.199  elapsed=286.377ms mgasps=133.386 number=1661338 hash=466b6a…8e700e age=4mo1w2d    dirty=514.06MiB\n","stream":"stderr","time":"2020-03-25T00:05:24.58099525Z"}
{"log":"INFO [03-25|00:05:32.528] Imported new chain segment               blocks=2048  txs=1519  mgas=700.567 elapsed=7.913s    mgasps=88.526  number=1663386 hash=36939f…fc75ff age=4mo1w1d    dirty=518.32MiB\n","stream":"stderr","time":"2020-03-25T00:05:32.528374221Z"}
{"log":"INFO [03-25|00:05:39.088] Imported new chain segment               blocks=2048  txs=1362  mgas=639.552 elapsed=6.534s    mgasps=97.873  number=1665434 hash=e50fb9…c2eaec age=4mo1w1d    dirty=522.22MiB\n","stream":"stderr","time":"2020-03-25T00:05:39.088614419Z"}
{"log":"INFO [03-25|00:05:47.128] Imported new chain segment               blocks=1769  txs=1398  mgas=639.015 elapsed=8.013s    mgasps=79.741  number=1667203 hash=6d9df0…d566d4 age=4mo1w1d    dirty=526.08MiB\n","stream":"stderr","time":"2020-03-25T00:05:47.129251897Z"}
{"log":"INFO [03-25|00:05:47.935] Imported new chain segment               blocks=279   txs=274   mgas=93.675  elapsed=806.766ms mgasps=116.111 number=1667482 hash=ba05b4…c27b9a age=4mo1w1d    dirty=527.01MiB\n","stream":"stderr","time":"2020-03-25T00:05:47.935945377Z"}
{"log":"INFO [03-25|00:05:55.969] Imported new chain segment               blocks=2048  txs=1480  mgas=653.011 elapsed=7.986s    mgasps=81.761  number=1669530 hash=c82361…a12a86 age=4mo1w16h   dirty=530.92MiB\n","stream":"stderr","time":"2020-03-25T00:05:55.970013745Z"}
{"log":"INFO [03-25|00:06:04.011] Imported new chain segment               blocks=1999  txs=2130  mgas=737.949 elapsed=8.000s    mgasps=92.239  number=1671529 hash=704fb0…c73215 age=4mo1w8h    dirty=535.51MiB\n","stream":"stderr","time":"2020-03-25T00:06:04.011941173Z"}
{"log":"INFO [03-25|00:06:04.539] Imported new chain segment               blocks=49    txs=62    mgas=19.130  elapsed=528.417ms mgasps=36.203  number=1671578 hash=cc03d7…11ee7f age=4mo1w7h    dirty=535.92MiB\n","stream":"stderr","time":"2020-03-25T00:06:04.540221344Z"}
{"log":"INFO [03-25|00:06:10.154] Deep froze chain segment                 blocks=16318 elapsed=4.320s    number=1581970 hash=aee5a1…06bf6b\n","stream":"stderr","time":"2020-03-25T00:06:10.154648846Z"}
{"log":"INFO [03-25|00:06:12.590] Imported new chain segment               blocks=1731  txs=1439  mgas=591.792 elapsed=8.001s    mgasps=73.961  number=1673309 hash=4b59ca…023c54 age=4mo1w44m   dirty=539.06MiB\n","stream":"stderr","time":"2020-03-25T00:06:12.590971442Z"}
{"log":"INFO [03-25|00:06:14.232] Imported new chain segment               blocks=317   txs=271   mgas=99.027  elapsed=1.642s    mgasps=60.299  number=1673626 hash=09f4ad…05898a age=4mo6d23h   dirty=540.00MiB\n","stream":"stderr","time":"2020-03-25T00:06:14.232974559Z"}
{"log":"INFO [03-25|00:06:22.364] Imported new chain segment               blocks=2036  txs=2911  mgas=656.847 elapsed=8.101s    mgasps=81.075  number=1675662 hash=6ee6f2…17edf2 age=4mo6d14h   dirty=543.66MiB\n","stream":"stderr","time":"2020-03-25T00:06:22.368265406Z"}
{"log":"INFO [03-25|00:06:22.548] Imported new chain segment               blocks=12    txs=11    mgas=4.780   elapsed=183.314ms mgasps=26.075  number=1675674 hash=c8c86b…7c3dba age=4mo6d14h   dirty=543.49MiB\n","stream":"stderr","time":"2020-03-25T00:06:22.551836506Z"}
{"log":"INFO [03-25|00:06:31.649] Imported new chain segment               blocks=2003  txs=2859  mgas=767.515 elapsed=8.007s    mgasps=95.854  number=1677677 hash=d8c4e7…e90efb age=4mo6d6h    dirty=548.17MiB\n","stream":"stderr","time":"2020-03-25T00:06:31.66685488Z"}
{"log":"INFO [03-25|00:06:32.631] Imported new chain segment               blocks=45    txs=28    mgas=15.415  elapsed=981.815ms mgasps=15.700  number=1677722 hash=0b9054…fc7068 age=4mo6d6h    dirty=548.12MiB\n","stream":"stderr","time":"2020-03-25T00:06:32.631846528Z"}
{"log":"INFO [03-25|00:06:39.435] Imported new chain segment               blocks=2048  txs=1700  mgas=629.187 elapsed=6.594s    mgasps=95.411  number=1679770 hash=02fcfd…f46ac6 age=4mo5d21h   dirty=552.14MiB\n","stream":"stderr","time":"2020-03-25T00:06:39.435874525Z"}
{"log":"INFO [03-25|00:06:47.577] Imported new chain segment               blocks=1952  txs=1491  mgas=594.257 elapsed=8.106s    mgasps=73.303  number=1681722 hash=f72a30…4718c6 age=4mo5d13h   dirty=556.67MiB\n","stream":"stderr","time":"2020-03-25T00:06:47.587233502Z"}
{"log":"INFO [03-25|00:06:48.355] Imported new chain segment               blocks=96    txs=88    mgas=36.609  elapsed=777.869ms mgasps=47.064  number=1681818 hash=f054b7…acf4d2 age=4mo5d13h   dirty=556.67MiB\n","stream":"stderr","time":"2020-03-25T00:06:48.355900972Z"}
{"log":"INFO [03-25|00:06:56.076] Imported new chain segment               blocks=2048  txs=2694  mgas=784.156 elapsed=7.678s    mgasps=102.130 number=1683866 hash=c4da7c…08be35 age=4mo5d4h    dirty=561.74MiB\n","stream":"stderr","time":"2020-03-25T00:06:56.076246634Z"}
{"log":"INFO [03-25|00:07:04.104] Imported new chain segment               blocks=1795  txs=1646  mgas=584.523 elapsed=8.003s    mgasps=73.033  number=1685661 hash=dcae91…9e4b09 age=4mo4d21h   dirty=566.55MiB\n","stream":"stderr","time":"2020-03-25T00:07:04.104303267Z"}
{"log":"INFO [03-25|00:07:04.934] Imported new chain segment               blocks=253   txs=356   mgas=100.306 elapsed=830.806ms mgasps=120.733 number=1685914 hash=92c71c…149113 age=4mo4d20h   dirty=567.13MiB\n","stream":"stderr","time":"2020-03-25T00:07:04.935107658Z"}
{"log":"INFO [03-25|00:07:12.989] Imported new chain segment               blocks=1669  txs=1746  mgas=588.355 elapsed=8.002s    mgasps=73.519  number=1687583 hash=7b3556…89cd32 age=4mo4d13h   dirty=570.24MiB\n","stream":"stderr","time":"2020-03-25T00:07:12.991373459Z"}
{"log":"INFO [03-25|00:07:13.787] Deep froze chain segment                 blocks=15193 elapsed=3.633s    number=1597163 hash=ff70a1…9e6e20\n","stream":"stderr","time":"2020-03-25T00:07:13.788100948Z"}
{"log":"INFO [03-25|00:07:14.642] Imported new chain segment               blocks=379   txs=464   mgas=121.369 elapsed=1.653s    mgasps=73.412  number=1687962 hash=c0d0a3…4a6a56 age=4mo4d11h   dirty=570.99MiB\n","stream":"stderr","time":"2020-03-25T00:07:14.642596224Z"}
{"log":"INFO [03-25|00:07:22.674] Imported new chain segment               blocks=1741  txs=2009  mgas=669.906 elapsed=8.003s    mgasps=83.697  number=1689703 hash=9f1bde…6ada28 age=4mo4d4h    dirty=574.67MiB\n","stream":"stderr","time":"2020-03-25T00:07:22.674718181Z"}
{"log":"INFO [03-25|00:07:23.294] Imported new chain segment               blocks=307   txs=200   mgas=85.439  elapsed=620.114ms mgasps=137.779 number=1690010 hash=448cb4…e998fb age=4mo4d3h    dirty=575.12MiB\n","stream":"stderr","time":"2020-03-25T00:07:23.294798382Z"}
{"log":"INFO [03-25|00:07:30.074] Imported new chain segment               blocks=2048  txs=1801  mgas=613.005 elapsed=6.754s    mgasps=90.760  number=1692058 hash=70c632…03d867 age=4mo3d18h   dirty=579.23MiB\n","stream":"stderr","time":"2020-03-25T00:07:30.074613839Z"}
{"log":"INFO [03-25|00:07:38.126] Imported new chain segment               blocks=1155  txs=1777  mgas=403.544 elapsed=8.012s    mgasps=50.365  number=1693213 hash=fd0d08…5baf54 age=4mo3d13h   dirty=582.27MiB\n","stream":"stderr","time":"2020-03-25T00:07:38.126284569Z"}
{"log":"INFO [03-25|00:07:41.106] Imported new chain segment               blocks=893   txs=1789  mgas=363.864 elapsed=2.980s    mgasps=122.093 number=1694106 hash=2a0ded…ac9028 age=4mo3d10h   dirty=585.42MiB\n","stream":"stderr","time":"2020-03-25T00:07:41.106443387Z"}
{"log":"INFO [03-25|00:07:49.149] Imported new chain segment               blocks=1422  txs=1736  mgas=562.618 elapsed=8.006s    mgasps=70.272  number=1695528 hash=391d19…d549de age=4mo3d4h    dirty=587.68MiB\n","stream":"stderr","time":"2020-03-25T00:07:49.149754254Z"}
{"log":"INFO [03-25|00:07:50.511] Imported new chain segment               blocks=626   txs=538   mgas=181.891 elapsed=1.362s    mgasps=133.526 number=1696154 hash=8cb1ba…89b8da age=4mo3d1h    dirty=588.98MiB\n","stream":"stderr","time":"2020-03-25T00:07:50.511985313Z"}
{"log":"INFO [03-25|00:07:58.712] Imported new chain segment               blocks=1889  txs=1841  mgas=576.473 elapsed=8.161s    mgasps=70.635  number=1698043 hash=96579f…0ea6fe age=4mo2d17h   dirty=593.03MiB\n","stream":"stderr","time":"2020-03-25T00:07:58.716810367Z"}
{"log":"INFO [03-25|00:07:59.262] Imported new chain segment               blocks=159   txs=83    mgas=41.839  elapsed=549.956ms mgasps=76.077  number=1698202 hash=37fb86…f47763 age=4mo2d17h   dirty=592.94MiB\n","stream":"stderr","time":"2020-03-25T00:07:59.262323592Z"}
{"log":"INFO [03-25|00:08:05.994] Imported new chain segment               blocks=2048  txs=1553  mgas=606.772 elapsed=6.693s    mgasps=90.657  number=1700250 hash=bd1c32…730d3e age=4mo2d8h    dirty=597.19MiB\n","stream":"stderr","time":"2020-03-25T00:08:05.994773099Z"}
{"log":"INFO [03-25|00:08:14.026] Imported new chain segment               blocks=1993  txs=1276  mgas=577.211 elapsed=8.003s    mgasps=72.116  number=1702243 hash=9319e9…e0d3c2 age=4mo2d12m   dirty=601.56MiB\n","stream":"stderr","time":"2020-03-25T00:08:14.026856242Z"}
{"log":"INFO [03-25|00:08:14.210] Imported new chain segment               blocks=55    txs=82    mgas=22.106  elapsed=183.520ms mgasps=120.457 number=1702298 hash=15048d…19dfcd age=4mo1d23h   dirty=602.27MiB\n","stream":"stderr","time":"2020-03-25T00:08:14.210405045Z"}
{"log":"INFO [03-25|00:08:15.346] Deep froze chain segment                 blocks=14968 elapsed=1.558s    number=1612131 hash=d91ab0…e06dc6\n","stream":"stderr","time":"2020-03-25T00:08:15.346667541Z"}
{"log":"INFO [03-25|00:08:22.255] Imported new chain segment               blocks=2034  txs=1781  mgas=646.133 elapsed=8.003s    mgasps=80.732  number=1704332 hash=ecaff3…1caba9 age=4mo1d15h   dirty=606.15MiB\n","stream":"stderr","time":"2020-03-25T00:08:22.259096199Z"}
{"log":"INFO [03-25|00:08:22.614] Imported new chain segment               blocks=14    txs=15    mgas=13.069  elapsed=359.012ms mgasps=36.402  number=1704346 hash=c2409d…33d06f age=4mo1d15h   dirty=606.41MiB\n","stream":"stderr","time":"2020-03-25T00:08:22.616459529Z"}
{"log":"INFO [03-25|00:08:30.462] Imported new chain segment               blocks=2048  txs=1562  mgas=694.146 elapsed=6.916s    mgasps=100.361 number=1706394 hash=93faba…c09a50 age=4mo1d6h    dirty=610.32MiB\n","stream":"stderr","time":"2020-03-25T00:08:30.463008144Z"}
{"log":"INFO [03-25|00:08:37.030] Imported new chain segment               blocks=2048  txs=1389  mgas=592.039 elapsed=6.540s    mgasps=90.525  number=1708442 hash=063f53…a1b595 age=4mo22h22m  dirty=614.66MiB\n","stream":"stderr","time":"2020-03-25T00:08:37.030750247Z"}
{"log":"INFO [03-25|00:08:45.061] Imported new chain segment               blocks=1709  txs=1858  mgas=601.436 elapsed=8.003s    mgasps=75.148  number=1710151 hash=ab9e3d…e27f4a age=4mo15h15m  dirty=618.97MiB\n","stream":"stderr","time":"2020-03-25T00:08:45.061598939Z"}
{"log":"INFO [03-25|00:08:46.099] Imported new chain segment               blocks=339   txs=496   mgas=118.208 elapsed=1.038s    mgasps=113.843 number=1710490 hash=36a96c…4632f4 age=4mo13h50m  dirty=619.10MiB\n","stream":"stderr","time":"2020-03-25T00:08:46.100026579Z"}
{"log":"INFO [03-25|00:08:54.251] Imported new chain segment               blocks=1963  txs=1920  mgas=721.843 elapsed=8.109s    mgasps=89.008  number=1712453 hash=184926…189d04 age=4mo5h39m   dirty=623.83MiB\n","stream":"stderr","time":"2020-03-25T00:08:54.25180619Z"}
{"log":"INFO [03-25|00:08:55.383] Imported new chain segment               blocks=85    txs=68    mgas=23.647  elapsed=1.132s    mgasps=20.887  number=1712538 hash=ced9b0…317f30 age=4mo5h18m   dirty=623.99MiB\n","stream":"stderr","time":"2020-03-25T00:08:55.383685944Z"}
{"log":"INFO [03-25|00:09:02.432] Imported new chain segment               blocks=2048  txs=1966  mgas=671.317 elapsed=7.011s    mgasps=95.743  number=1714586 hash=fa97db…22feeb age=3mo4w1d    dirty=630.44MiB\n","stream":"stderr","time":"2020-03-25T00:09:02.432505478Z"}
{"log":"INFO [03-25|00:09:10.553] Imported new chain segment               blocks=1795  txs=1931  mgas=690.299 elapsed=8.081s    mgasps=85.417  number=1716381 hash=872630…4fc4b3 age=3mo4w1d    dirty=633.38MiB\n","stream":"stderr","time":"2020-03-25T00:09:10.553876197Z"}
{"log":"INFO [03-25|00:09:11.687] Imported new chain segment               blocks=253   txs=378   mgas=166.855 elapsed=1.134s    mgasps=147.126 number=1716634 hash=df33db…d9c55a age=3mo4w1d    dirty=633.53MiB\n","stream":"stderr","time":"2020-03-25T00:09:11.687774732Z"}
{"log":"INFO [03-25|00:09:19.735] Imported new chain segment               blocks=1138  txs=1646  mgas=466.533 elapsed=8.020s    mgasps=58.169  number=1717772 hash=dcfb07…b3697e age=3mo4w1d    dirty=636.34MiB\n","stream":"stderr","time":"2020-03-25T00:09:19.735502461Z"}
{"log":"INFO [03-25|00:09:19.814] Deep froze chain segment                 blocks=15389 elapsed=4.467s    number=1627520 hash=216500…29b850\n","stream":"stderr","time":"2020-03-25T00:09:19.814625339Z"}
{"log":"INFO [03-25|00:09:23.479] Imported new chain segment               blocks=910   txs=537   mgas=264.640 elapsed=3.743s    mgasps=70.688  number=1718682 hash=e9fa25…3c48e7 age=3mo4w1d    dirty=637.96MiB\n","stream":"stderr","time":"2020-03-25T00:09:23.47926171Z"}
{"log":"INFO [03-25|00:09:30.827] Imported new chain segment               blocks=2048  txs=1981  mgas=644.408 elapsed=7.310s    mgasps=88.148  number=1720730 hash=432fbd…7f5ff0 age=3mo4w19h   dirty=642.03MiB\n","stream":"stderr","time":"2020-03-25T00:09:30.82806154Z"}
{"log":"INFO [03-25|00:09:38.989] Imported new chain segment               blocks=1633  txs=1886  mgas=643.695 elapsed=8.133s    mgasps=79.143  number=1722363 hash=6a26f9…662700 age=3mo4w12h   dirty=646.65MiB\n","stream":"stderr","time":"2020-03-25T00:09:38.9917112Z"}
{"log":"INFO [03-25|00:09:40.245] Imported new chain segment               blocks=415   txs=906   mgas=156.686 elapsed=1.255s    mgasps=124.830 number=1722778 hash=2c3cd2…56456d age=3mo4w10h   dirty=648.36MiB\n","stream":"stderr","time":"2020-03-25T00:09:40.245186934Z"}
{"log":"INFO [03-25|00:09:48.339] Imported new chain segment               blocks=1957  txs=2676  mgas=711.545 elapsed=8.050s    mgasps=88.388  number=1724735 hash=ccd373…37546b age=3mo4w2h    dirty=652.00MiB\n","stream":"stderr","time":"2020-03-25T00:09:48.340738775Z"}
{"log":"INFO [03-25|00:09:50.137] Imported new chain segment               blocks=91    txs=74    mgas=30.028  elapsed=1.798s    mgasps=16.700  number=1724826 hash=52cddb…6712f9 age=3mo4w2h    dirty=652.14MiB\n","stream":"stderr","time":"2020-03-25T00:09:50.137857436Z"}
{"log":"INFO [03-25|00:09:58.004] Imported new chain segment               blocks=2048  txs=2423  mgas=656.723 elapsed=7.826s    mgasps=83.914  number=1726874 hash=614c97…a7e2c5 age=3mo3w6d    dirty=656.02MiB\n","stream":"stderr","time":"2020-03-25T00:09:58.004680526Z"}
{"log":"INFO [03-25|00:10:06.051] Imported new chain segment               blocks=1588  txs=2172  mgas=541.071 elapsed=8.007s    mgasps=67.568  number=1728462 hash=e27575…a9a0d8 age=3mo3w6d    dirty=659.40MiB\n","stream":"stderr","time":"2020-03-25T00:10:06.053223211Z"}
{"log":"INFO [03-25|00:10:07.140] Imported new chain segment               blocks=460   txs=340   mgas=121.380 elapsed=1.089s    mgasps=111.448 number=1728922 hash=177349…bc89c1 age=3mo3w6d    dirty=659.91MiB\n","stream":"stderr","time":"2020-03-25T00:10:07.140880513Z"}
{"log":"INFO [03-25|00:10:12.265] Imported new chain segment               blocks=2048  txs=1520  mgas=327.071 elapsed=5.098s    mgasps=64.156  number=1730970 hash=7ea890…8aaa5b age=3mo3w6d    dirty=660.53MiB\n","stream":"stderr","time":"2020-03-25T00:10:12.265392272Z"}
{"log":"INFO [03-25|00:10:17.248] Imported new chain segment               blocks=2048  txs=2521  mgas=565.860 elapsed=4.956s    mgasps=114.165 number=1733018 hash=6f28b7…bf70c9 age=3mo3w5d    dirty=664.53MiB\n","stream":"stderr","time":"2020-03-25T00:10:17.248381443Z"}
{"log":"INFO [03-25|00:10:23.311] Deep froze chain segment                 blocks=16262 elapsed=3.496s    number=1643782 hash=e0327b…68360a\n","stream":"stderr","time":"2020-03-25T00:10:23.311955333Z"}
{"log":"INFO [03-25|00:10:25.302] Imported new chain segment               blocks=1945  txs=2514  mgas=667.929 elapsed=8.010s    mgasps=83.381  number=1734963 hash=06eb83…15ddca age=3mo3w5d    dirty=668.29MiB\n","stream":"stderr","time":"2020-03-25T00:10:25.302192557Z"}
{"log":"INFO [03-25|00:10:26.677] Imported new chain segment               blocks=103   txs=75    mgas=32.505  elapsed=1.375s    mgasps=23.635  number=1735066 hash=3cc1c3…6c270f age=3mo3w5d    dirty=668.68MiB\n","stream":"stderr","time":"2020-03-25T00:10:26.67867564Z"}
{"log":"INFO [03-25|00:10:34.703] Imported new chain segment               blocks=2048  txs=1432  mgas=610.717 elapsed=7.395s    mgasps=82.582  number=1737114 hash=c611b0…b7d5e1 age=3mo3w4d    dirty=672.61MiB\n","stream":"stderr","time":"2020-03-25T00:10:34.703660887Z"}
{"log":"INFO [03-25|00:10:42.943] Imported new chain segment               blocks=1969  txs=2660  mgas=657.584 elapsed=8.212s    mgasps=80.071  number=1739083 hash=d588da…4e8112 age=3mo3w4d    dirty=677.10MiB\n","stream":"stderr","time":"2020-03-25T00:10:42.950874149Z"}
{"log":"INFO [03-25|00:10:44.592] Imported new chain segment               blocks=79    txs=116   mgas=24.452  elapsed=1.648s    mgasps=14.834  number=1739162 hash=039dc8…173933 age=3mo3w4d    dirty=677.21MiB\n","stream":"stderr","time":"2020-03-25T00:10:44.592413815Z"}
{"log":"INFO [03-25|00:10:51.733] Imported new chain segment               blocks=2048  txs=1679  mgas=600.648 elapsed=7.102s    mgasps=84.572  number=1741210 hash=bd1f57…f8fc88 age=3mo3w4d    dirty=681.03MiB\n","stream":"stderr","time":"2020-03-25T00:10:51.734287042Z"}
{"log":"INFO [03-25|00:11:02.139] Imported new chain segment               blocks=1808  txs=1280  mgas=509.122 elapsed=10.353s   mgasps=49.176  number=1743018 hash=d8a816…ed7833 age=3mo3w3d    dirty=685.34MiB\n","stream":"stderr","time":"2020-03-25T00:11:02.892228958Z"}
{"log":"INFO [03-25|00:11:04.441] Imported new chain segment               blocks=240   txs=488   mgas=91.668  elapsed=2.312s    mgasps=39.646  number=1743258 hash=6ff621…85f8e7 age=3mo3w3d    dirty=686.12MiB\n","stream":"stderr","time":"2020-03-25T00:11:04.441213022Z"}
{"log":"INFO [03-25|00:11:11.358] Imported new chain segment               blocks=2048  txs=2687  mgas=754.112 elapsed=6.883s    mgasps=109.548 number=1745306 hash=1d65ae…5bdbc8 age=3mo3w3d    dirty=688.45MiB\n","stream":"stderr","time":"2020-03-25T00:11:11.358221516Z"}
{"log":"INFO [03-25|00:11:17.840] Imported new chain segment               blocks=2048  txs=1983  mgas=590.395 elapsed=6.452s    mgasps=91.498  number=1747354 hash=428d10…c51442 age=3mo3w3d    dirty=692.04MiB\n","stream":"stderr","time":"2020-03-25T00:11:17.840748546Z"}
{"log":"INFO [03-25|00:11:24.139] Imported new chain segment               blocks=2048  txs=2045  mgas=539.229 elapsed=6.269s    mgasps=86.011  number=1749402 hash=c3fe31…6669b0 age=3mo3w2d    dirty=695.59MiB\n","stream":"stderr","time":"2020-03-25T00:11:24.14004974Z"}
{"log":"INFO [03-25|00:11:27.133] Deep froze chain segment                 blocks=15299 elapsed=3.821s    number=1659081 hash=2991b5…46d2f5\n","stream":"stderr","time":"2020-03-25T00:11:27.133586097Z"}
{"log":"INFO [03-25|00:11:32.186] Imported new chain segment               blocks=1518  txs=2267  mgas=522.136 elapsed=8.000s    mgasps=65.267  number=1750920 hash=19624c…e747ba age=3mo3w2d    dirty=698.29MiB\n","stream":"stderr","time":"2020-03-25T00:11:32.186690273Z"}
{"log":"INFO [03-25|00:11:33.567] Imported new chain segment               blocks=530   txs=1249  mgas=184.577 elapsed=1.381s    mgasps=133.620 number=1751450 hash=70935b…2e4f56 age=3mo3w2d    dirty=699.87MiB\n","stream":"stderr","time":"2020-03-25T00:11:33.568014494Z"}
{"log":"INFO [03-25|00:11:45.698] Imported new chain segment               blocks=932   txs=2469  mgas=361.396 elapsed=12.105s   mgasps=29.854  number=1752382 hash=2a6685…3e4f89 age=3mo3w2d    dirty=701.93MiB\n","stream":"stderr","time":"2020-03-25T00:11:45.699187211Z"}
{"log":"INFO [03-25|00:11:49.441] Imported new chain segment               blocks=1116  txs=2442  mgas=376.006 elapsed=3.742s    mgasps=100.467 number=1753498 hash=12f56f…9024a8 age=3mo3w2d    dirty=702.92MiB\n","stream":"stderr","time":"2020-03-25T00:11:49.441903503Z"}
{"log":"INFO [03-25|00:11:57.527] Imported new chain segment               blocks=1721  txs=3233  mgas=558.780 elapsed=8.000s    mgasps=69.839  number=1755219 hash=ad3798…c88f42 age=3mo3w1d    dirty=706.04MiB\n","stream":"stderr","time":"2020-03-25T00:11:57.527379048Z"}
{"log":"INFO [03-25|00:11:58.286] Imported new chain segment               blocks=327   txs=538   mgas=99.372  elapsed=759.176ms mgasps=130.894 number=1755546 hash=72b1b8…4beeb4 age=3mo3w1d    dirty=706.65MiB\n","stream":"stderr","time":"2020-03-25T00:11:58.286641431Z"}
{"log":"INFO [03-25|00:12:06.316] Imported new chain segment               blocks=1488  txs=4571  mgas=588.338 elapsed=8.005s    mgasps=73.488  number=1757034 hash=6c5fa2…b9bc2e age=3mo3w1d    dirty=709.67MiB\n","stream":"stderr","time":"2020-03-25T00:12:06.318344302Z"}
{"log":"INFO [03-25|00:12:08.367] Imported new chain segment               blocks=560   txs=971   mgas=185.583 elapsed=2.050s    mgasps=90.510  number=1757594 hash=515cb9…09d9ca age=3mo3w1d    dirty=710.30MiB\n","stream":"stderr","time":"2020-03-25T00:12:08.36760872Z"}
{"log":"INFO [03-25|00:12:16.398] Imported new chain segment               blocks=1852  txs=3331  mgas=594.350 elapsed=8.002s    mgasps=74.272  number=1759446 hash=bbb9a8…129bd4 age=3mo3w1d    dirty=713.58MiB\n","stream":"stderr","time":"2020-03-25T00:12:16.399314141Z"}
{"log":"INFO [03-25|00:12:18.025] Imported new chain segment               blocks=196   txs=315   mgas=56.640  elapsed=1.626s    mgasps=34.828  number=1759642 hash=189e29…b45e79 age=3mo3w1d    dirty=713.80MiB\n","stream":"stderr","time":"2020-03-25T00:12:18.025513594Z"}
{"log":"INFO [03-25|00:12:26.209] Imported new chain segment               blocks=2021  txs=4299  mgas=656.787 elapsed=8.131s    mgasps=80.766  number=1761663 hash=2bdb2f…a8ed41 age=3mo3w16h   dirty=717.40MiB\n","stream":"stderr","time":"2020-03-25T00:12:26.209967481Z"}
{"log":"INFO [03-25|00:12:26.263] Imported new chain segment               blocks=27    txs=35    mgas=5.105   elapsed=53.888ms  mgasps=94.740  number=1761690 hash=b6186a…cbb4f7 age=3mo3w16h   dirty=717.22MiB\n","stream":"stderr","time":"2020-03-25T00:12:26.263801981Z"}
{"log":"INFO [03-25|00:12:30.523] Deep froze chain segment                 blocks=12617 elapsed=3.384s    number=1671698 hash=b1f274…f6cc67\n","stream":"stderr","time":"2020-03-25T00:12:30.52354315Z"}
{"log":"INFO [03-25|00:12:34.292] Imported new chain segment               blocks=1156  txs=2244  mgas=417.591 elapsed=8.001s    mgasps=52.189  number=1762846 hash=60775c…ed593b age=3mo3w11h   dirty=719.41MiB\n","stream":"stderr","time":"2020-03-25T00:12:34.292310142Z"}
{"log":"INFO [03-25|00:12:38.742] Imported new chain segment               blocks=892   txs=2240  mgas=379.520 elapsed=4.450s    mgasps=85.270  number=1763738 hash=36bc69…2733fe age=3mo3w8h    dirty=721.70MiB\n","stream":"stderr","time":"2020-03-25T00:12:38.743130441Z"}
{"log":"INFO [03-25|00:12:46.779] Imported new chain segment               blocks=1926  txs=3950  mgas=705.805 elapsed=8.006s    mgasps=88.149  number=1765664 hash=5fb274…5ca378 age=3mo2w6d    dirty=725.52MiB\n","stream":"stderr","time":"2020-03-25T00:12:46.779482867Z"}
{"log":"INFO [03-25|00:12:47.624] Imported new chain segment               blocks=122   txs=510   mgas=61.748  elapsed=845.316ms mgasps=73.047  number=1765786 hash=01cfe5…0198dc age=3mo2w6d    dirty=725.30MiB\n","stream":"stderr","time":"2020-03-25T00:12:47.624955397Z"}
{"log":"INFO [03-25|00:12:56.449] Imported new chain segment               blocks=1441  txs=4040  mgas=566.278 elapsed=8.004s    mgasps=70.745  number=1767227 hash=7e0c4d…4044f0 age=3mo2w6d    dirty=727.38MiB\n","stream":"stderr","time":"2020-03-25T00:12:56.449238843Z"}
{"log":"INFO [03-25|00:12:59.558] Imported new chain segment               blocks=607   txs=1518  mgas=212.304 elapsed=3.109s    mgasps=68.269  number=1767834 hash=22377e…1d7175 age=3mo2w6d    dirty=729.06MiB\n","stream":"stderr","time":"2020-03-25T00:12:59.563801901Z"}
{"log":"INFO [03-25|00:13:07.870] Imported new chain segment               blocks=1708  txs=4453  mgas=690.617 elapsed=8.004s    mgasps=86.282  number=1769542 hash=715db8…53f643 age=3mo2w6d    dirty=732.00MiB\n","stream":"stderr","time":"2020-03-25T00:13:07.871162985Z"}
{"log":"INFO [03-25|00:13:08.725] Imported new chain segment               blocks=340   txs=544   mgas=98.033  elapsed=854.756ms mgasps=114.691 number=1769882 hash=17030f…a0a91d age=3mo2w6d    dirty=731.78MiB\n","stream":"stderr","time":"2020-03-25T00:13:08.725849707Z"}
{"log":"INFO [03-25|00:13:16.754] Imported new chain segment               blocks=1385  txs=2325  mgas=417.635 elapsed=8.003s    mgasps=52.178  number=1771267 hash=d37b29…698773 age=3mo2w6d    dirty=734.20MiB\n","stream":"stderr","time":"2020-03-25T00:13:16.755292727Z"}
{"log":"INFO [03-25|00:13:18.595] Imported new chain segment               blocks=663   txs=1460  mgas=230.305 elapsed=1.840s    mgasps=125.158 number=1771930 hash=2486ab…9dff7d age=3mo2w5d    dirty=735.83MiB\n","stream":"stderr","time":"2020-03-25T00:13:18.595273423Z"}
{"log":"INFO [03-25|00:13:26.650] Imported new chain segment               blocks=1457  txs=3927  mgas=644.477 elapsed=8.003s    mgasps=80.528  number=1773387 hash=ecebcc…611f1a age=3mo2w5d    dirty=737.74MiB\n","stream":"stderr","time":"2020-03-25T00:13:26.651585903Z"}
{"log":"INFO [03-25|00:13:34.288] Deep froze chain segment                 blocks=12141 elapsed=3.764s    number=1683839 hash=54fac6…c97c94\n","stream":"stderr","time":"2020-03-25T00:13:34.288488525Z"}
{"log":"INFO [03-25|00:13:34.659] Imported new chain segment               blocks=576   txs=5144  mgas=576.738 elapsed=8.009s    mgasps=72.009  number=1773963 hash=7e9a61…f445bd age=3mo2w5d    dirty=739.83MiB\n","stream":"stderr","time":"2020-03-25T00:13:34.65971443Z"}
{"log":"INFO [03-25|00:13:34.818] Imported new chain segment               blocks=15    txs=216   mgas=19.902  elapsed=159.378ms mgasps=124.875 number=1773978 hash=f0d3f0…614b69 age=3mo2w5d    dirty=739.89MiB\n","stream":"stderr","time":"2020-03-25T00:13:34.819103535Z"}
{"log":"INFO [03-25|00:13:42.860] Imported new chain segment               blocks=518   txs=6289  mgas=630.359 elapsed=8.000s    mgasps=78.791  number=1774496 hash=f4e71d…b83ba5 age=3mo2w5d    dirty=740.73MiB\n","stream":"stderr","time":"2020-03-25T00:13:42.861042638Z"}
{"log":"INFO [03-25|00:13:50.876] Imported new chain segment               blocks=564   txs=6103  mgas=604.202 elapsed=8.015s    mgasps=75.375  number=1775060 hash=169c12…5338f0 age=3mo2w5d    dirty=741.36MiB\n","stream":"stderr","time":"2020-03-25T00:13:50.877270604Z"}
{"log":"INFO [03-25|00:13:57.902] Imported new chain segment               blocks=966   txs=4484  mgas=522.647 elapsed=7.025s    mgasps=74.391  number=1776026 hash=f560d4…bcfb99 age=3mo2w5d    dirty=742.48MiB\n","stream":"stderr","time":"2020-03-25T00:13:57.902749134Z"}
{"log":"INFO [03-25|00:14:05.772] Imported new chain segment               blocks=2048  txs=3861  mgas=673.841 elapsed=7.844s    mgasps=85.905  number=1778074 hash=bd1c2a…8ba963 age=3mo2w4d    dirty=745.94MiB\n","stream":"stderr","time":"2020-03-25T00:14:05.772637136Z"}
{"log":"INFO [03-25|00:14:13.915] Imported new chain segment               blocks=1259  txs=2993  mgas=437.439 elapsed=8.115s    mgasps=53.900  number=1779333 hash=4f8a5f…1b9c3f age=3mo2w4d    dirty=748.28MiB\n","stream":"stderr","time":"2020-03-25T00:14:13.915760319Z"}
{"log":"INFO [03-25|00:14:16.638] Imported new chain segment               blocks=789   txs=1659  mgas=292.516 elapsed=2.722s    mgasps=107.437 number=1780122 hash=737160…ebd901 age=3mo2w4d    dirty=749.91MiB\n","stream":"stderr","time":"2020-03-25T00:14:16.638221542Z"}
{"log":"INFO [03-25|00:14:24.663] Imported new chain segment               blocks=1564  txs=3089  mgas=539.130 elapsed=8.000s    mgasps=67.384  number=1781686 hash=0613d6…e9eedf age=3mo2w4d    dirty=752.62MiB\n","stream":"stderr","time":"2020-03-25T00:14:24.665018101Z"}
{"log":"INFO [03-25|00:14:27.219] Imported new chain segment               blocks=484   txs=884   mgas=144.754 elapsed=2.555s    mgasps=56.640  number=1782170 hash=85a1a4…b84e27 age=3mo2w4d    dirty=753.35MiB\n","stream":"stderr","time":"2020-03-25T00:14:27.21969108Z"}
{"log":"INFO [03-25|00:14:35.300] Imported new chain segment               blocks=1827  txs=3365  mgas=630.468 elapsed=8.043s    mgasps=78.387  number=1783997 hash=1aa85e…c9e567 age=3mo2w3d    dirty=756.69MiB\n","stream":"stderr","time":"2020-03-25T00:14:35.312994564Z"}
{"log":"INFO [03-25|00:14:37.727] Imported new chain segment               blocks=221   txs=447   mgas=72.009  elapsed=2.427s    mgasps=29.667  number=1784218 hash=223b91…235e27 age=3mo2w3d    dirty=757.21MiB\n","stream":"stderr","time":"2020-03-25T00:14:37.728239549Z"}
{"log":"INFO [03-25|00:14:37.862] Deep froze chain segment                 blocks=10012 elapsed=3.573s    number=1693851 hash=bc4771…584313\n","stream":"stderr","time":"2020-03-25T00:14:37.862464409Z"}
{"log":"INFO [03-25|00:14:45.511] Imported new chain segment               blocks=2048  txs=3522  mgas=648.831 elapsed=7.747s    mgasps=83.749  number=1786266 hash=26c57a…c7af33 age=3mo2w3d    dirty=760.63MiB\n","stream":"stderr","time":"2020-03-25T00:14:45.512026808Z"}
{"log":"INFO [03-25|00:14:53.587] Imported new chain segment               blocks=1427  txs=2077  mgas=429.816 elapsed=8.038s    mgasps=53.471  number=1787693 hash=332eba…40a2ac age=3mo2w3d    dirty=762.73MiB\n","stream":"stderr","time":"2020-03-25T00:14:53.587693058Z"}
{"log":"INFO [03-25|00:14:55.632] Imported new chain segment               blocks=621   txs=937   mgas=194.144 elapsed=2.045s    mgasps=94.919  number=1788314 hash=29e577…d9cbbf age=3mo2w3d    dirty=763.81MiB\n","stream":"stderr","time":"2020-03-25T00:14:55.632895602Z"}
{"log":"INFO [03-25|00:15:03.697] Imported new chain segment               blocks=1828  txs=3468  mgas=578.923 elapsed=8.037s    mgasps=72.028  number=1790142 hash=1e37b0…150731 age=3mo2w2d    dirty=767.23MiB\n","stream":"stderr","time":"2020-03-25T00:15:03.697582826Z"}
{"log":"INFO [03-25|00:15:06.213] Imported new chain segment               blocks=220   txs=511   mgas=70.680  elapsed=2.516s    mgasps=28.083  number=1790362 hash=6ad508…815a5f age=3mo2w2d    dirty=767.36MiB\n","stream":"stderr","time":"2020-03-25T00:15:06.214122219Z"}
{"log":"INFO [03-25|00:15:14.273] Imported new chain segment               blocks=1970  txs=3808  mgas=744.556 elapsed=8.023s    mgasps=92.800  number=1792332 hash=1724cc…45a4da age=3mo2w2d    dirty=770.59MiB\n","stream":"stderr","time":"2020-03-25T00:15:14.273805338Z"}
{"log":"INFO [03-25|00:15:14.505] Imported new chain segment               blocks=78    txs=135   mgas=23.827  elapsed=232.342ms mgasps=102.550 number=1792410 hash=c0c9e7…e98d36 age=3mo2w2d    dirty=770.52MiB\n","stream":"stderr","time":"2020-03-25T00:15:14.506056351Z"}
{"log":"INFO [03-25|00:15:22.565] Imported new chain segment               blocks=1293  txs=3063  mgas=500.071 elapsed=8.030s    mgasps=62.272  number=1793703 hash=b00241…70f4ed age=3mo2w2d    dirty=773.09MiB\n","stream":"stderr","time":"2020-03-25T00:15:22.568803453Z"}
{"log":"INFO [03-25|00:15:24.763] Imported new chain segment               blocks=755   txs=1131  mgas=225.454 elapsed=2.198s    mgasps=102.564 number=1794458 hash=03cc54…74fccd age=3mo2w2d    dirty=774.54MiB\n","stream":"stderr","time":"2020-03-25T00:15:24.763849851Z"}
{"log":"INFO [03-25|00:15:32.874] Imported new chain segment               blocks=1675  txs=3807  mgas=577.894 elapsed=8.070s    mgasps=71.605  number=1796133 hash=9233b0…a86784 age=3mo2w1d    dirty=777.10MiB\n","stream":"stderr","time":"2020-03-25T00:15:32.875354169Z"}
{"log":"INFO [03-25|00:15:35.391] Imported new chain segment               blocks=373   txs=1049  mgas=192.490 elapsed=2.516s    mgasps=76.484  number=1796506 hash=86943a…8ce035 age=3mo2w1d    dirty=778.58MiB\n","stream":"stderr","time":"2020-03-25T00:15:35.391385239Z"}
{"log":"INFO [03-25|00:15:41.705] Deep froze chain segment                 blocks=13170 elapsed=3.841s    number=1707021 hash=5072ec…beaede\n","stream":"stderr","time":"2020-03-25T00:15:41.70584113Z"}
{"log":"INFO [03-25|00:15:43.434] Imported new chain segment               blocks=1265  txs=3933  mgas=529.569 elapsed=8.006s    mgasps=66.145  number=1797771 hash=d03516…4379cd age=3mo2w1d    dirty=780.25MiB\n","stream":"stderr","time":"2020-03-25T00:15:43.435130522Z"}
{"log":"INFO [03-25|00:15:47.001] Imported new chain segment               blocks=783   txs=1896  mgas=309.674 elapsed=3.566s    mgasps=86.824  number=1798554 hash=188b63…d9dcf3 age=3mo2w1d    dirty=782.33MiB\n","stream":"stderr","time":"2020-03-25T00:15:47.00168389Z"}
{"log":"INFO [03-25|00:15:55.101] Imported new chain segment               blocks=1369  txs=2680  mgas=474.514 elapsed=8.065s    mgasps=58.836  number=1799923 hash=b89d96…63ceff age=3mo2w1d    dirty=784.05MiB\n","stream":"stderr","time":"2020-03-25T00:15:55.102162641Z"}
{"log":"INFO [03-25|00:15:57.871] Imported new chain segment               blocks=679   txs=1493  mgas=299.762 elapsed=2.769s    mgasps=108.243 number=1800602 hash=b3c3f1…bd2397 age=3mo2w22h   dirty=785.39MiB\n","stream":"stderr","time":"2020-03-25T00:15:57.871296301Z"}
{"log":"INFO [03-25|00:16:05.914] Imported new chain segment               blocks=1821  txs=3160  mgas=623.280 elapsed=8.016s    mgasps=77.748  number=1802423 hash=04224c…f6e109 age=3mo2w14h   dirty=788.48MiB\n","stream":"stderr","time":"2020-03-25T00:16:05.915139411Z"}
{"log":"INFO [03-25|00:16:08.189] Imported new chain segment               blocks=227   txs=506   mgas=83.852  elapsed=2.275s    mgasps=36.855  number=1802650 hash=1ed55d…0915cc age=3mo2w13h   dirty=789.13MiB\n","stream":"stderr","time":"2020-03-25T00:16:08.190104036Z"}
{"log":"INFO [03-25|00:16:16.241] Imported new chain segment               blocks=1297  txs=2896  mgas=576.367 elapsed=8.026s    mgasps=71.804  number=1803947 hash=8aa079…437f5c age=3mo2w8h    dirty=793.92MiB\n","stream":"stderr","time":"2020-03-25T00:16:16.241506791Z"}
{"log":"INFO [03-25|00:16:24.329] Imported new chain segment               blocks=617   txs=2171  mgas=431.680 elapsed=8.087s    mgasps=53.373  number=1804564 hash=20dd5b…81d080 age=3mo2w5h    dirty=793.76MiB\n","stream":"stderr","time":"2020-03-25T00:16:24.329393554Z"}
{"log":"INFO [03-25|00:16:24.804] Imported new chain segment               blocks=134   txs=233   mgas=44.417  elapsed=475.669ms mgasps=93.379  number=1804698 hash=6ab336…6092da age=3mo2w5h    dirty=793.07MiB\n","stream":"stderr","time":"2020-03-25T00:16:24.805063306Z"}
{"log":"INFO [03-25|00:16:32.830] Imported new chain segment               blocks=1578  txs=3521  mgas=578.137 elapsed=8.000s    mgasps=72.259  number=1806276 hash=1073c5…21dfbe age=3mo1w6d    dirty=795.71MiB\n","stream":"stderr","time":"2020-03-25T00:16:32.83050639Z"}
{"log":"INFO [03-25|00:16:36.318] Imported new chain segment               blocks=470   txs=1073  mgas=163.226 elapsed=3.488s    mgasps=46.793  number=1806746 hash=3fedf8…09a00b age=3mo1w6d    dirty=796.85MiB\n","stream":"stderr","time":"2020-03-25T00:16:36.318804865Z"}
{"log":"INFO [03-25|00:16:43.353] Deep froze chain segment                 blocks=10659 elapsed=1.647s    number=1717680 hash=dda13b…2e8639\n","stream":"stderr","time":"2020-03-25T00:16:43.353683016Z"}
{"log":"INFO [03-25|00:16:44.345] Imported new chain segment               blocks=1157  txs=2372  mgas=451.250 elapsed=8.001s    mgasps=56.399  number=1807903 hash=18d14b…b0a535 age=3mo1w6d    dirty=799.81MiB\n","stream":"stderr","time":"2020-03-25T00:16:44.34592064Z"}
{"log":"INFO [03-25|00:16:52.358] Imported new chain segment               blocks=675   txs=1989  mgas=406.427 elapsed=8.012s    mgasps=50.722  number=1808578 hash=4bdda6…2f9fae age=3mo1w6d    dirty=800.59MiB\n","stream":"stderr","time":"2020-03-25T00:16:52.358695216Z"}
{"log":"INFO [03-25|00:16:53.118] Imported new chain segment               blocks=216   txs=459   mgas=96.638  elapsed=759.850ms mgasps=127.181 number=1808794 hash=3678e1…7bbed5 age=3mo1w6d    dirty=800.58MiB\n","stream":"stderr","time":"2020-03-25T00:16:53.118566154Z"}
{"log":"INFO [03-25|00:17:01.148] Imported new chain segment               blocks=1429  txs=3333  mgas=586.249 elapsed=8.005s    mgasps=73.230  number=1810223 hash=67f9eb…da10e7 age=3mo1w6d    dirty=803.16MiB\n","stream":"stderr","time":"2020-03-25T00:17:01.148902496Z"}
{"log":"INFO [03-25|00:17:06.379] Imported new chain segment               blocks=619   txs=1118  mgas=227.245 elapsed=5.230s    mgasps=43.443  number=1810842 hash=288132…4ca727 age=3mo1w6d    dirty=803.84MiB\n","stream":"stderr","time":"2020-03-25T00:17:06.37954133Z"}
{"log":"INFO [03-25|00:17:14.414] Imported new chain segment               blocks=1522  txs=3182  mgas=543.109 elapsed=8.006s    mgasps=67.833  number=1812364 hash=a65cbf…af1319 age=3mo1w5d    dirty=806.73MiB\n","stream":"stderr","time":"2020-03-25T00:17:14.414731184Z"}
{"log":"INFO [03-25|00:17:17.897] Imported new chain segment               blocks=526   txs=927   mgas=158.840 elapsed=3.482s    mgasps=45.609  number=1812890 hash=1b0451…7a2f6d age=3mo1w5d    dirty=806.92MiB\n","stream":"stderr","time":"2020-03-25T00:17:17.897323884Z"}
{"log":"INFO [03-25|00:17:25.879] Imported new chain segment               blocks=2048  txs=3543  mgas=639.557 elapsed=7.956s    mgasps=80.382  number=1814938 hash=3bcd0b…706763 age=3mo1w5d    dirty=810.35MiB\n","stream":"stderr","time":"2020-03-25T00:17:25.879365323Z"}
{"log":"INFO [03-25|00:17:33.921] Imported new chain segment               blocks=1485  txs=2868  mgas=535.072 elapsed=8.000s    mgasps=66.876  number=1816423 hash=64d308…9e4879 age=3mo1w5d    dirty=812.70MiB\n","stream":"stderr","time":"2020-03-25T00:17:33.9220983Z"}
{"log":"INFO [03-25|00:17:36.783] Imported new chain segment               blocks=563   txs=1155  mgas=165.544 elapsed=2.861s    mgasps=57.844  number=1816986 hash=4c12ec…586ff0 age=3mo1w5d    dirty=814.01MiB\n","stream":"stderr","time":"2020-03-25T00:17:36.783786218Z"}
{"log":"INFO [03-25|00:17:44.822] Imported new chain segment               blocks=1768  txs=3350  mgas=555.626 elapsed=8.012s    mgasps=69.344  number=1818754 hash=6280de…658f5a age=3mo1w4d    dirty=815.92MiB\n","stream":"stderr","time":"2020-03-25T00:17:44.825096366Z"}
{"log":"INFO [03-25|00:17:47.535] Deep froze chain segment                 blocks=10684 elapsed=4.181s    number=1728364 hash=249c98…1ca582\n","stream":"stderr","time":"2020-03-25T00:17:47.535832481Z"}
{"log":"INFO [03-25|00:17:47.719] Imported new chain segment               blocks=280   txs=408   mgas=77.931  elapsed=2.896s    mgasps=26.901  number=1819034 hash=28cea2…826210 age=3mo1w4d    dirty=816.50MiB\n","stream":"stderr","time":"2020-03-25T00:17:47.719668645Z"}
{"log":"INFO [03-25|00:17:55.473] Imported new chain segment               blocks=2048  txs=3222  mgas=626.796 elapsed=7.724s    mgasps=81.141  number=1821082 hash=7d4fc7…90b069 age=3mo1w4d    dirty=819.62MiB\n","stream":"stderr","time":"2020-03-25T00:17:55.473312217Z"}
{"log":"INFO [03-25|00:18:03.656] Imported new chain segment               blocks=1731  txs=2968  mgas=551.309 elapsed=8.145s    mgasps=67.687  number=1822813 hash=48b97d…ce8fea age=3mo1w4d    dirty=823.01MiB\n","stream":"stderr","time":"2020-03-25T00:18:03.656455864Z"}
{"log":"INFO [03-25|00:18:05.756] Imported new chain segment               blocks=317   txs=688   mgas=109.494 elapsed=2.100s    mgasps=52.124  number=1823130 hash=0e540a…38f959 age=3mo1w4d    dirty=823.75MiB\n","stream":"stderr","time":"2020-03-25T00:18:05.756928327Z"}
{"log":"INFO [03-25|00:18:13.782] Imported new chain segment               blocks=1921  txs=3390  mgas=602.099 elapsed=8.000s    mgasps=75.262  number=1825051 hash=21d42a…fa6a6f age=3mo1w3d    dirty=825.94MiB\n","stream":"stderr","time":"2020-03-25T00:18:13.782407221Z"}
{"log":"INFO [03-25|00:18:14.710] Imported new chain segment               blocks=127   txs=203   mgas=40.256  elapsed=928.692ms mgasps=43.347  number=1825178 hash=9718e5…4679a0 age=3mo1w3d    dirty=826.32MiB\n","stream":"stderr","time":"2020-03-25T00:18:14.713289985Z"}
{"log":"INFO [03-25|00:18:23.496] Imported new chain segment               blocks=1794  txs=1250  mgas=480.194 elapsed=8.091s    mgasps=59.342  number=1826972 hash=9325ab…4a6c72 age=3mo1w3d    dirty=828.44MiB\n","stream":"stderr","time":"2020-03-25T00:18:23.496414518Z"}
{"log":"INFO [03-25|00:18:24.578] Imported new chain segment               blocks=254   txs=263   mgas=138.266 elapsed=1.082s    mgasps=127.783 number=1827226 hash=839b89…44a3b9 age=3mo1w3d    dirty=829.70MiB\n","stream":"stderr","time":"2020-03-25T00:18:24.578308532Z"}
{"log":"INFO [03-25|00:18:32.604] Imported new chain segment               blocks=1873  txs=1940  mgas=557.958 elapsed=8.000s    mgasps=69.741  number=1829099 hash=c1b7cd…73e9ef age=3mo1w2d    dirty=832.58MiB\n","stream":"stderr","time":"2020-03-25T00:18:32.604786472Z"}
{"log":"INFO [03-25|00:18:33.048] Imported new chain segment               blocks=175   txs=114   mgas=47.300  elapsed=444.078ms mgasps=106.513 number=1829274 hash=48a04c…29fe50 age=3mo1w2d    dirty=832.08MiB\n","stream":"stderr","time":"2020-03-25T00:18:33.04890452Z"}
{"log":"INFO [03-25|00:18:41.166] Imported new chain segment               blocks=1829  txs=1920  mgas=667.129 elapsed=8.089s    mgasps=82.469  number=1831103 hash=ffed18…05527a age=3mo1w2d    dirty=836.84MiB\n","stream":"stderr","time":"2020-03-25T00:18:41.16686315Z"}
{"log":"INFO [03-25|00:18:44.091] Imported new chain segment               blocks=219   txs=252   mgas=95.601  elapsed=2.924s    mgasps=32.687  number=1831322 hash=0a7fca…c62319 age=3mo1w2d    dirty=837.58MiB\n","stream":"stderr","time":"2020-03-25T00:18:44.091457335Z"}
{"log":"INFO [03-25|00:18:51.503] Deep froze chain segment                 blocks=13757 elapsed=3.966s    number=1742121 hash=50ebb9…fa264a\n","stream":"stderr","time":"2020-03-25T00:18:51.503798512Z"}
{"log":"INFO [03-25|00:18:52.160] Imported new chain segment               blocks=1420  txs=2081  mgas=666.012 elapsed=8.044s    mgasps=82.795  number=1832742 hash=26975d…89da82 age=3mo1w2d    dirty=841.88MiB\n","stream":"stderr","time":"2020-03-25T00:18:52.160507045Z"}
{"log":"INFO [03-25|00:18:56.077] Imported new chain segment               blocks=628   txs=629   mgas=239.909 elapsed=3.917s    mgasps=61.241  number=1833370 hash=650841…f89509 age=3mo1w2d    dirty=841.03MiB\n","stream":"stderr","time":"2020-03-25T00:18:56.077768095Z"}
{"log":"INFO [03-25|00:19:02.175] Imported new chain segment               blocks=2048  txs=2003  mgas=480.501 elapsed=6.073s    mgasps=79.109  number=1835418 hash=cbfdc1…fa69bc age=3mo1w1d    dirty=843.36MiB\n","stream":"stderr","time":"2020-03-25T00:19:02.175914564Z"}
{"log":"INFO [03-25|00:19:08.239] Imported new chain segment               blocks=2048  txs=1589  mgas=459.289 elapsed=6.010s    mgasps=76.411  number=1837466 hash=0d4ca8…4c0c10 age=3mo1w1d    dirty=846.97MiB\n","stream":"stderr","time":"2020-03-25T00:19:08.240057022Z"}
{"log":"INFO [03-25|00:19:16.272] Imported new chain segment               blocks=2007  txs=3254  mgas=607.086 elapsed=8.000s    mgasps=75.882  number=1839473 hash=e3fd93…f67493 age=3mo1w1d    dirty=849.28MiB\n","stream":"stderr","time":"2020-03-25T00:19:16.272938604Z"}
{"log":"INFO [03-25|00:19:16.382] Imported new chain segment               blocks=41    txs=59    mgas=11.641  elapsed=109.594ms mgasps=106.216 number=1839514 hash=9dfa3d…258b77 age=3mo1w1d    dirty=849.44MiB\n","stream":"stderr","time":"2020-03-25T00:19:16.382481759Z"}
{"log":"INFO [03-25|00:19:24.418] Imported new chain segment               blocks=1478  txs=2647  mgas=440.109 elapsed=8.010s    mgasps=54.940  number=1840992 hash=ca0e67…73fdda age=3mo1w22h   dirty=851.41MiB\n","stream":"stderr","time":"2020-03-25T00:19:24.423084448Z"}
{"log":"INFO [03-25|00:19:26.491] Imported new chain segment               blocks=570   txs=1159  mgas=181.284 elapsed=2.072s    mgasps=87.460  number=1841562 hash=8aa39b…d8131d age=3mo1w19h   dirty=852.17MiB\n","stream":"stderr","time":"2020-03-25T00:19:26.491911562Z"}
{"log":"INFO [03-25|00:19:34.316] Imported new chain segment               blocks=2048  txs=3730  mgas=688.551 elapsed=7.792s    mgasps=88.360  number=1843610 hash=488e01…086ed9 age=3mo1w11h   dirty=855.43MiB\n","stream":"stderr","time":"2020-03-25T00:19:34.31622059Z"}
{"log":"INFO [03-25|00:19:42.394] Imported new chain segment               blocks=1552  txs=2302  mgas=574.900 elapsed=8.050s    mgasps=71.415  number=1845162 hash=6fa1c7…77d1af age=3mo1w4h    dirty=857.20MiB\n","stream":"stderr","time":"2020-03-25T00:19:42.394690366Z"}
{"log":"INFO [03-25|00:19:44.723] Imported new chain segment               blocks=496   txs=451   mgas=119.283 elapsed=2.329s    mgasps=51.206  number=1845658 hash=69c00b…8c37fc age=3mo1w2h    dirty=857.67MiB\n","stream":"stderr","time":"2020-03-25T00:19:44.723953377Z"}
{"log":"INFO [03-25|00:19:52.169] Imported new chain segment               blocks=2048  txs=2824  mgas=561.431 elapsed=7.421s    mgasps=75.651  number=1847706 hash=e2d3bb…39bcf9 age=3mo6d18h   dirty=860.65MiB\n","stream":"stderr","time":"2020-03-25T00:19:52.169493089Z"}
{"log":"INFO [03-25|00:19:56.573] Deep froze chain segment                 blocks=15347 elapsed=5.069s    number=1757468 hash=eedc3c…0afbaa\n","stream":"stderr","time":"2020-03-25T00:19:56.573398296Z"}
{"log":"INFO [03-25|00:20:00.252] Imported new chain segment               blocks=1057  txs=1812  mgas=410.623 elapsed=8.040s    mgasps=51.068  number=1848763 hash=5bd7cd…3183ff age=3mo6d13h   dirty=863.79MiB\n","stream":"stderr","time":"2020-03-25T00:20:00.2530562Z"}
{"log":"INFO [03-25|00:20:05.426] Imported new chain segment               blocks=991   txs=2644  mgas=513.104 elapsed=5.174s    mgasps=99.165  number=1849754 hash=75663b…47bd1d age=3mo6d9h    dirty=865.85MiB\n","stream":"stderr","time":"2020-03-25T00:20:05.42707949Z"}
{"log":"INFO [03-25|00:20:13.452] Imported new chain segment               blocks=943   txs=2608  mgas=588.409 elapsed=8.001s    mgasps=73.535  number=1850697 hash=5ea761…8e2378 age=3mo6d5h    dirty=867.82MiB\n","stream":"stderr","time":"2020-03-25T00:20:13.453389286Z"}
{"log":"INFO [03-25|00:20:19.677] Imported new chain segment               blocks=1105  txs=2533  mgas=469.864 elapsed=6.224s    mgasps=75.485  number=1851802 hash=b3f7cf…f69c2b age=3mo6d1h    dirty=868.49MiB\n","stream":"stderr","time":"2020-03-25T00:20:19.677863113Z"}
{"log":"INFO [03-25|00:20:28.271] Imported new chain segment               blocks=1570  txs=1768  mgas=504.096 elapsed=8.008s    mgasps=62.945  number=1853372 hash=d8f1cd…2d219a age=3mo5d18h   dirty=870.73MiB\n","stream":"stderr","time":"2020-03-25T00:20:28.271380374Z"}
{"log":"INFO [03-25|00:20:30.868] Imported new chain segment               blocks=478   txs=1013  mgas=210.484 elapsed=2.597s    mgasps=81.030  number=1853850 hash=63ee02…ca67dd age=3mo5d16h   dirty=872.96MiB\n","stream":"stderr","time":"2020-03-25T00:20:30.868847906Z"}
{"log":"INFO [03-25|00:20:38.919] Imported new chain segment               blocks=1015  txs=3290  mgas=652.930 elapsed=8.003s    mgasps=81.581  number=1854865 hash=ef9925…64ee56 age=3mo5d12h   dirty=875.55MiB\n","stream":"stderr","time":"2020-03-25T00:20:38.919810585Z"}
{"log":"INFO [03-25|00:20:46.615] Imported new chain segment               blocks=1033  txs=3311  mgas=660.576 elapsed=7.696s    mgasps=85.832  number=1855898 hash=7de501…dc7034 age=3mo5d8h    dirty=877.66MiB\n","stream":"stderr","time":"2020-03-25T00:20:46.615993269Z"}
{"log":"INFO [03-25|00:20:54.641] Imported new chain segment               blocks=851   txs=2279  mgas=446.564 elapsed=8.000s    mgasps=55.815  number=1856749 hash=8a5bee…e3968d age=3mo5d4h    dirty=879.22MiB\n","stream":"stderr","time":"2020-03-25T00:20:54.642157253Z"}
{"log":"INFO [03-25|00:21:00.309] Deep froze chain segment                 blocks=9661  elapsed=3.728s    number=1767129 hash=72755f…571cc6\n","stream":"stderr","time":"2020-03-25T00:21:00.309795725Z"}
{"log":"INFO [03-25|00:21:02.655] Imported new chain segment               blocks=986   txs=4675  mgas=592.747 elapsed=8.013s    mgasps=73.971  number=1857735 hash=c4e9d9…d13263 age=3mo5d23m   dirty=879.94MiB\n","stream":"stderr","time":"2020-03-25T00:21:02.655291461Z"}
{"log":"INFO [03-25|00:21:09.125] Imported new chain segment               blocks=211   txs=5752  mgas=531.123 elapsed=6.470s    mgasps=82.088  number=1857946 hash=8a73bd…535526 age=3mo4d23h   dirty=880.21MiB\n","stream":"stderr","time":"2020-03-25T00:21:09.125424804Z"}
{"log":"INFO [03-25|00:21:17.182] Imported new chain segment               blocks=385   txs=6673  mgas=628.261 elapsed=8.030s    mgasps=78.239  number=1858331 hash=40a108…11aea7 age=3mo4d21h   dirty=880.53MiB\n","stream":"stderr","time":"2020-03-25T00:21:17.183204566Z"}
{"log":"INFO [03-25|00:21:25.206] Imported new chain segment               blocks=1006  txs=3592  mgas=534.523 elapsed=8.024s    mgasps=66.615  number=1859337 hash=7a2918…c07e09 age=3mo4d17h   dirty=883.22MiB\n","stream":"stderr","time":"2020-03-25T00:21:25.207264975Z"}
{"log":"INFO [03-25|00:21:29.915] Imported new chain segment               blocks=657   txs=1339  mgas=276.212 elapsed=4.708s    mgasps=58.658  number=1859994 hash=3b47d6…82ff06 age=3mo4d14h   dirty=884.50MiB\n","stream":"stderr","time":"2020-03-25T00:21:29.915977493Z"}
{"log":"INFO [03-25|00:21:37.960] Imported new chain segment               blocks=1054  txs=2708  mgas=504.795 elapsed=8.008s    mgasps=63.036  number=1861048 hash=36f243…bb1632 age=3mo4d10h   dirty=886.14MiB\n","stream":"stderr","time":"2020-03-25T00:21:37.96063068Z"}
{"log":"INFO [03-25|00:21:45.064] Imported new chain segment               blocks=994   txs=2496  mgas=472.738 elapsed=7.104s    mgasps=66.544  number=1862042 hash=e15b9c…48ceaf age=3mo4d6h    dirty=887.93MiB\n","stream":"stderr","time":"2020-03-25T00:21:45.064755355Z"}
{"log":"INFO [03-25|00:21:53.109] Imported new chain segment               blocks=1381  txs=2749  mgas=502.925 elapsed=8.005s    mgasps=62.820  number=1863423 hash=f2ee0c…8fbcc2 age=3mo4d42m   dirty=889.00MiB\n","stream":"stderr","time":"2020-03-25T00:21:53.109687451Z"}
{"log":"INFO [03-25|00:21:56.892] Imported new chain segment               blocks=667   txs=594   mgas=154.492 elapsed=3.782s    mgasps=40.840  number=1864090 hash=0ec946…ffa4c2 age=3mo3d21h   dirty=889.15MiB\n","stream":"stderr","time":"2020-03-25T00:21:56.892581001Z"}
{"log":"INFO [03-25|00:22:03.782] Deep froze chain segment                 blocks=7834  elapsed=3.472s    number=1774963 hash=290ec3…c855c0\n","stream":"stderr","time":"2020-03-25T00:22:03.782597222Z"}
{"log":"INFO [03-25|00:22:04.935] Imported new chain segment               blocks=1305  txs=2213  mgas=489.545 elapsed=8.006s    mgasps=61.147  number=1865395 hash=72f484…a8baaa age=3mo3d16h   dirty=893.24MiB\n","stream":"stderr","time":"2020-03-25T00:22:04.935576575Z"}
{"log":"INFO [03-25|00:22:11.450] Imported new chain segment               blocks=743   txs=2085  mgas=400.269 elapsed=6.515s    mgasps=61.436  number=1866138 hash=4297af…bf3059 age=3mo3d13h   dirty=895.32MiB\n","stream":"stderr","time":"2020-03-25T00:22:11.450725863Z"}
{"log":"INFO [03-25|00:22:19.487] Imported new chain segment               blocks=999   txs=2745  mgas=502.802 elapsed=8.002s    mgasps=62.834  number=1867137 hash=85eba8…aef550 age=3mo3d9h    dirty=897.12MiB\n","stream":"stderr","time":"2020-03-25T00:22:19.487240813Z"}
{"log":"INFO [03-25|00:22:27.493] Imported new chain segment               blocks=981   txs=2806  mgas=511.963 elapsed=8.006s    mgasps=63.943  number=1868118 hash=e902ed…ed9d17 age=3mo3d5h    dirty=898.93MiB\n","stream":"stderr","time":"2020-03-25T00:22:27.493715486Z"}
{"log":"INFO [03-25|00:22:28.031] Imported new chain segment               blocks=68    txs=188   mgas=37.101  elapsed=538.344ms mgasps=68.918  number=1868186 hash=e2bc8d…e22128 age=3mo3d4h    dirty=899.29MiB\n","stream":"stderr","time":"2020-03-25T00:22:28.032078185Z"}
{"log":"INFO [03-25|00:22:36.097] Imported new chain segment               blocks=1497  txs=2992  mgas=533.513 elapsed=8.022s    mgasps=66.501  number=1869683 hash=72ea57…d9fa1f age=3mo2d22h   dirty=899.59MiB\n","stream":"stderr","time":"2020-03-25T00:22:36.097870137Z"}
{"log":"INFO [03-25|00:22:37.496] Imported new chain segment               blocks=551   txs=631   mgas=146.852 elapsed=1.399s    mgasps=104.952 number=1870234 hash=402ad6…493398 age=3mo2d20h   dirty=900.71MiB\n","stream":"stderr","time":"2020-03-25T00:22:37.497018854Z"}
{"log":"INFO [03-25|00:22:45.531] Imported new chain segment               blocks=1169  txs=2296  mgas=426.310 elapsed=8.009s    mgasps=53.224  number=1871403 hash=1c239b…ad1271 age=3mo2d15h   dirty=904.78MiB\n","stream":"stderr","time":"2020-03-25T00:22:45.531334405Z"}
{"log":"INFO [03-25|00:22:53.194] Imported new chain segment               blocks=879   txs=3087  mgas=566.094 elapsed=7.663s    mgasps=73.873  number=1872282 hash=4256b5…2fa491 age=3mo2d11h   dirty=906.30MiB\n","stream":"stderr","time":"2020-03-25T00:22:53.194373458Z"}
{"log":"INFO [03-25|00:23:01.876] Imported new chain segment               blocks=731   txs=2378  mgas=435.646 elapsed=8.011s    mgasps=54.375  number=1873013 hash=a93100…32eaa6 age=3mo2d8h    dirty=907.48MiB\n","stream":"stderr","time":"2020-03-25T00:23:01.877185202Z"}
{"log":"INFO [03-25|00:23:04.635] Deep froze chain segment                 blocks=8236  elapsed=852.735ms number=1783199 hash=4409bb…137463\n","stream":"stderr","time":"2020-03-25T00:23:04.635591928Z"}
{"log":"INFO [03-25|00:23:09.945] Imported new chain segment               blocks=929   txs=2354  mgas=445.805 elapsed=8.068s    mgasps=55.251  number=1873942 hash=9d2e35…8d6771 age=3mo2d4h    dirty=909.26MiB\n","stream":"stderr","time":"2020-03-25T00:23:09.945786632Z"}
{"log":"INFO [03-25|00:23:11.290] Imported new chain segment               blocks=388   txs=734   mgas=140.836 elapsed=1.345s    mgasps=104.690 number=1874330 hash=f944d6…ce53df age=3mo2d3h    dirty=908.75MiB\n","stream":"stderr","time":"2020-03-25T00:23:11.290996745Z"}
{"log":"INFO [03-25|00:23:19.319] Imported new chain segment               blocks=1952  txs=2694  mgas=569.619 elapsed=8.003s    mgasps=71.169  number=1876282 hash=51daf0…34b510 age=3mo1d19h   dirty=911.64MiB\n","stream":"stderr","time":"2020-03-25T00:23:19.319304688Z"}
{"log":"INFO [03-25|00:23:19.602] Imported new chain segment               blocks=96    txs=144   mgas=31.030  elapsed=283.546ms mgasps=109.435 number=1876378 hash=2bd8a0…6c0348 age=3mo1d18h   dirty=911.98MiB\n","stream":"stderr","time":"2020-03-25T00:23:19.602775506Z"}
{"log":"INFO [03-25|00:23:27.637] Imported new chain segment               blocks=1114  txs=2469  mgas=509.501 elapsed=8.008s    mgasps=63.623  number=1877492 hash=43c291…ef8809 age=3mo1d14h   dirty=914.92MiB\n","stream":"stderr","time":"2020-03-25T00:23:27.637406518Z"}
{"log":"INFO [03-25|00:23:34.302] Imported new chain segment               blocks=934   txs=2087  mgas=417.393 elapsed=6.665s    mgasps=62.620  number=1878426 hash=d8ea0e…9c816c age=3mo1d10h   dirty=916.24MiB\n","stream":"stderr","time":"2020-03-25T00:23:34.302931185Z"}
{"log":"INFO [03-25|00:23:42.339] Imported new chain segment               blocks=1366  txs=2575  mgas=519.344 elapsed=8.000s    mgasps=64.913  number=1879792 hash=47c9fb…e0fb32 age=3mo1d4h    dirty=917.71MiB\n","stream":"stderr","time":"2020-03-25T00:23:42.340057299Z"}
{"log":"INFO [03-25|00:23:46.606] Imported new chain segment               blocks=682   txs=1237  mgas=200.594 elapsed=4.266s    mgasps=47.015  number=1880474 hash=a69234…efd6f7 age=3mo1d1h    dirty=917.90MiB\n","stream":"stderr","time":"2020-03-25T00:23:46.606586095Z"}
{"log":"INFO [03-25|00:23:54.471] Imported new chain segment               blocks=2048  txs=2192  mgas=530.009 elapsed=7.839s    mgasps=67.608  number=1882522 hash=f8980b…6f14ac age=3mo17h2m   dirty=921.66MiB\n","stream":"stderr","time":"2020-03-25T00:23:54.472070928Z"}
{"log":"INFO [03-25|00:24:02.498] Imported new chain segment               blocks=1674  txs=2321  mgas=532.652 elapsed=8.000s    mgasps=66.574  number=1884196 hash=9287c7…7450af age=3mo10h3m   dirty=923.79MiB\n","stream":"stderr","time":"2020-03-25T00:24:02.498296523Z"}
{"log":"INFO [03-25|00:24:04.185] Imported new chain segment               blocks=374   txs=465   mgas=103.552 elapsed=1.687s    mgasps=61.357  number=1884570 hash=81a47b…c3b892 age=3mo8h30m   dirty=924.23MiB\n","stream":"stderr","time":"2020-03-25T00:24:04.186140136Z"}
{"log":"INFO [03-25|00:24:13.727] Imported new chain segment               blocks=273   txs=416   mgas=86.801  elapsed=8.116s    mgasps=10.695  number=1884843 hash=cb00a5…5d4175 age=3mo7h21m   dirty=924.98MiB\n","stream":"stderr","time":"2020-03-25T00:24:13.729727159Z"}
{"log":"INFO [03-25|00:24:14.194] Deep froze chain segment                 blocks=11370 elapsed=9.559s    number=1794569 hash=2ecf34…921e8c\n","stream":"stderr","time":"2020-03-25T00:24:14.195223881Z"}
{"log":"INFO [03-25|00:24:21.465] Imported new chain segment               blocks=1775  txs=2519  mgas=501.483 elapsed=7.737s    mgasps=64.809  number=1886618 hash=8f0e95…315bdf age=2mo4w1d    dirty=927.06MiB\n","stream":"stderr","time":"2020-03-25T00:24:21.465448834Z"}
{"log":"INFO [03-25|00:24:29.699] Imported new chain segment               blocks=1945  txs=2196  mgas=539.454 elapsed=8.008s    mgasps=67.363  number=1888563 hash=6bc6f8…f9fb34 age=2mo4w1d    dirty=930.26MiB\n","stream":"stderr","time":"2020-03-25T00:24:29.700170474Z"}
{"log":"INFO [03-25|00:24:30.032] Imported new chain segment               blocks=103   txs=152   mgas=33.857  elapsed=332.597ms mgasps=101.796 number=1888666 hash=6409d4…b5a112 age=2mo4w1d    dirty=930.65MiB\n","stream":"stderr","time":"2020-03-25T00:24:30.032746247Z"}
{"log":"INFO [03-25|00:24:38.076] Imported new chain segment               blocks=1374  txs=2462  mgas=500.315 elapsed=8.000s    mgasps=62.533  number=1890040 hash=361904…4d4cdb age=2mo4w1d    dirty=932.65MiB\n","stream":"stderr","time":"2020-03-25T00:24:38.076440675Z"}
{"log":"INFO [03-25|00:24:41.228] Imported new chain segment               blocks=674   txs=746   mgas=178.688 elapsed=3.151s    mgasps=56.691  number=1890714 hash=7642a5…e087be age=2mo4w1d    dirty=932.72MiB\n","stream":"stderr","time":"2020-03-25T00:24:41.228564976Z"}
{"log":"INFO [03-25|00:24:49.641] Imported new chain segment               blocks=1722  txs=2408  mgas=470.905 elapsed=8.001s    mgasps=58.854  number=1892436 hash=eca074…3d82e7 age=2mo4w23h   dirty=935.16MiB\n","stream":"stderr","time":"2020-03-25T00:24:49.641806091Z"}
{"log":"INFO [03-25|00:24:50.204] Imported new chain segment               blocks=326   txs=254   mgas=71.335  elapsed=562.761ms mgasps=126.759 number=1892762 hash=9b0f0f…e73288 age=2mo4w22h   dirty=935.15MiB\n","stream":"stderr","time":"2020-03-25T00:24:50.204627676Z"}
{"log":"INFO [03-25|00:24:58.230] Imported new chain segment               blocks=1878  txs=2312  mgas=528.312 elapsed=8.000s    mgasps=66.032  number=1894640 hash=5e22f4…d885ec age=2mo4w14h   dirty=939.02MiB\n","stream":"stderr","time":"2020-03-25T00:24:58.230221047Z"}
{"log":"INFO [03-25|00:24:58.650] Imported new chain segment               blocks=170   txs=206   mgas=48.609  elapsed=420.542ms mgasps=115.586 number=1894810 hash=171a66…2c220c age=2mo4w13h   dirty=938.48MiB\n","stream":"stderr","time":"2020-03-25T00:24:58.650779408Z"}
{"log":"INFO [03-25|00:25:06.762] Imported new chain segment               blocks=1412  txs=2396  mgas=503.295 elapsed=8.075s    mgasps=62.326  number=1896222 hash=7bd8ce…9a734e age=2mo4w7h    dirty=941.54MiB\n","stream":"stderr","time":"2020-03-25T00:25:06.763253734Z"}
{"log":"INFO [03-25|00:25:11.660] Imported new chain segment               blocks=636   txs=1152  mgas=230.571 elapsed=4.898s    mgasps=47.074  number=1896858 hash=48cc92…5b280b age=2mo4w5h    dirty=942.75MiB\n","stream":"stderr","time":"2020-03-25T00:25:11.6611338Z"}
{"log":"INFO [03-25|00:25:18.260] Deep froze chain segment                 blocks=12675 elapsed=4.059s    number=1807244 hash=ab7c0f…358c87\n","stream":"stderr","time":"2020-03-25T00:25:18.261073859Z"}
{"log":"INFO [03-25|00:25:19.707] Imported new chain segment               blocks=1388  txs=2230  mgas=398.063 elapsed=8.002s    mgasps=49.744  number=1898246 hash=e91329…62b6b3 age=2mo3w6d    dirty=943.39MiB\n","stream":"stderr","time":"2020-03-25T00:25:19.70848274Z"}
{"log":"INFO [03-25|00:25:23.033] Imported new chain segment               blocks=660   txs=560   mgas=154.074 elapsed=3.325s    mgasps=46.334  number=1898906 hash=74696c…65a763 age=2mo3w6d    dirty=944.33MiB\n","stream":"stderr","time":"2020-03-25T00:25:23.033319093Z"}
{"log":"INFO [03-25|00:25:31.071] Imported new chain segment               blocks=1587  txs=2271  mgas=500.650 elapsed=8.013s    mgasps=62.480  number=1900493 hash=1bee4b…fe5214 age=2mo3w6d    dirty=947.87MiB\n","stream":"stderr","time":"2020-03-25T00:25:31.071895692Z"}
{"log":"INFO [03-25|00:25:32.701] Imported new chain segment               blocks=461   txs=798   mgas=161.594 elapsed=1.630s    mgasps=99.132  number=1900954 hash=46781f…99ec1c age=2mo3w6d    dirty=948.36MiB\n","stream":"stderr","time":"2020-03-25T00:25:32.70201776Z"}
{"log":"INFO [03-25|00:25:40.751] Imported new chain segment               blocks=1270  txs=2052  mgas=433.430 elapsed=8.014s    mgasps=54.082  number=1902224 hash=ee8bbd…5e3805 age=2mo3w6d    dirty=950.87MiB\n","stream":"stderr","time":"2020-03-25T00:25:40.752133556Z"}
{"log":"INFO [03-25|00:25:45.527] Imported new chain segment               blocks=778   txs=1323  mgas=245.316 elapsed=4.775s    mgasps=51.369  number=1903002 hash=e11568…51f11a age=2mo3w6d    dirty=950.90MiB\n","stream":"stderr","time":"2020-03-25T00:25:45.527500983Z"}
{"log":"INFO [03-25|00:25:53.318] Imported new chain segment               blocks=2048  txs=2427  mgas=521.424 elapsed=7.765s    mgasps=67.143  number=1905050 hash=9c7819…ebbec0 age=2mo3w5d    dirty=953.94MiB\n","stream":"stderr","time":"2020-03-25T00:25:53.318263016Z"}
{"log":"INFO [03-25|00:26:01.351] Imported new chain segment               blocks=1791  txs=2203  mgas=528.390 elapsed=8.007s    mgasps=65.989  number=1906841 hash=4beb9f…b7ba35 age=2mo3w5d    dirty=956.76MiB\n","stream":"stderr","time":"2020-03-25T00:26:01.351743236Z"}
{"log":"INFO [03-25|00:26:04.690] Imported new chain segment               blocks=257   txs=416   mgas=82.312  elapsed=3.339s    mgasps=24.649  number=1907098 hash=ce15c4…6617c8 age=2mo3w5d    dirty=957.57MiB\n","stream":"stderr","time":"2020-03-25T00:26:04.691001252Z"}
{"log":"INFO [03-25|00:26:12.720] Imported new chain segment               blocks=1505  txs=2458  mgas=526.655 elapsed=8.005s    mgasps=65.790  number=1908603 hash=279ee9…d403ab age=2mo3w5d    dirty=959.28MiB\n","stream":"stderr","time":"2020-03-25T00:26:12.721174312Z"}
{"log":"INFO [03-25|00:26:14.747] Imported new chain segment               blocks=543   txs=1255  mgas=190.167 elapsed=2.026s    mgasps=93.861  number=1909146 hash=9f9d21…01af01 age=2mo3w5d    dirty=961.20MiB\n","stream":"stderr","time":"2020-03-25T00:26:14.747199289Z"}
{"log":"INFO [03-25|00:26:20.698] Deep froze chain segment                 blocks=12311 elapsed=2.437s    number=1819555 hash=56758b…f9c971\n","stream":"stderr","time":"2020-03-25T00:26:20.69881692Z"}
{"log":"INFO [03-25|00:26:22.824] Imported new chain segment               blocks=1478  txs=1675  mgas=429.419 elapsed=8.037s    mgasps=53.424  number=1910624 hash=b6301c…d8c7ff age=2mo3w4d    dirty=962.38MiB\n","stream":"stderr","time":"2020-03-25T00:26:22.824426478Z"}
{"log":"INFO [03-25|00:26:25.851] Imported new chain segment               blocks=570   txs=707   mgas=161.481 elapsed=3.027s    mgasps=53.346  number=1911194 hash=b8cfd5…5f4834 age=2mo3w4d    dirty=963.19MiB\n","stream":"stderr","time":"2020-03-25T00:26:25.851297597Z"}
{"log":"INFO [03-25|00:26:33.889] Imported new chain segment               blocks=1508  txs=2565  mgas=600.374 elapsed=8.004s    mgasps=75.008  number=1912702 hash=d1005c…b03ab2 age=2mo3w4d    dirty=965.96MiB\n","stream":"stderr","time":"2020-03-25T00:26:33.889381995Z"}
{"log":"INFO [03-25|00:26:36.073] Imported new chain segment               blocks=540   txs=854   mgas=178.980 elapsed=2.184s    mgasps=81.928  number=1913242 hash=f28224…4918d4 age=2mo3w4d    dirty=966.78MiB\n","stream":"stderr","time":"2020-03-25T00:26:36.074098857Z"}
{"log":"INFO [03-25|00:26:45.002] Imported new chain segment               blocks=1262  txs=2151  mgas=427.172 elapsed=8.010s    mgasps=53.327  number=1914504 hash=f8a20c…536813 age=2mo3w4d    dirty=968.52MiB\n","stream":"stderr","time":"2020-03-25T00:26:45.002658771Z"}
{"log":"INFO [03-25|00:26:48.012] Imported new chain segment               blocks=786   txs=1287  mgas=216.378 elapsed=3.010s    mgasps=71.877  number=1915290 hash=306436…687459 age=2mo3w4d    dirty=969.16MiB\n","stream":"stderr","time":"2020-03-25T00:26:48.012863265Z"}
{"log":"INFO [03-25|00:26:56.043] Imported new chain segment               blocks=1845  txs=2292  mgas=548.311 elapsed=8.001s    mgasps=68.527  number=1917135 hash=e3ee5f…f62762 age=2mo3w3d    dirty=972.42MiB\n","stream":"stderr","time":"2020-03-25T00:26:56.043757255Z"}
{"log":"INFO [03-25|00:26:56.659] Imported new chain segment               blocks=203   txs=297   mgas=63.567  elapsed=616.104ms mgasps=103.176 number=1917338 hash=f2ed02…c6172f age=2mo3w3d    dirty=972.76MiB\n","stream":"stderr","time":"2020-03-25T00:26:56.659753229Z"}
{"log":"INFO [03-25|00:27:04.698] Imported new chain segment               blocks=1447  txs=2172  mgas=473.357 elapsed=8.002s    mgasps=59.154  number=1918785 hash=236b88…75414f age=2mo3w3d    dirty=974.78MiB\n","stream":"stderr","time":"2020-03-25T00:27:04.698413341Z"}
{"log":"INFO [03-25|00:27:09.261] Imported new chain segment               blocks=601   txs=942   mgas=202.935 elapsed=4.563s    mgasps=44.471  number=1919386 hash=537084…ed2c6b age=2mo3w3d    dirty=976.40MiB\n","stream":"stderr","time":"2020-03-25T00:27:09.261825286Z"}
{"log":"INFO [03-25|00:27:17.301] Imported new chain segment               blocks=1669  txs=2727  mgas=492.786 elapsed=8.000s    mgasps=61.593  number=1921055 hash=600a1a…223d61 age=2mo3w3d    dirty=978.00MiB\n","stream":"stderr","time":"2020-03-25T00:27:17.301945919Z"}
{"log":"INFO [03-25|00:27:18.491] Imported new chain segment               blocks=379   txs=545   mgas=96.889  elapsed=1.189s    mgasps=81.437  number=1921434 hash=162336…0cbab6 age=2mo3w2d    dirty=978.55MiB\n","stream":"stderr","time":"2020-03-25T00:27:18.491663072Z"}
{"log":"INFO [03-25|00:27:24.135] Deep froze chain segment                 blocks=11975 elapsed=3.434s    number=1831530 hash=dea9ae…78a990\n","stream":"stderr","time":"2020-03-25T00:27:24.136052663Z"}
{"log":"INFO [03-25|00:27:26.532] Imported new chain segment               blocks=1110  txs=1317  mgas=276.689 elapsed=8.011s    mgasps=34.538  number=1922544 hash=2c14c6…691afc age=2mo3w2d    dirty=980.17MiB\n","stream":"stderr","time":"2020-03-25T00:27:26.533059439Z"}
{"log":"INFO [03-25|00:27:30.376] Imported new chain segment               blocks=938   txs=1552  mgas=286.156 elapsed=3.844s    mgasps=74.439  number=1923482 hash=0b866d…d42813 age=2mo3w2d    dirty=982.50MiB\n","stream":"stderr","time":"2020-03-25T00:27:30.37708619Z"}
{"log":"INFO [03-25|00:27:38.405] Imported new chain segment               blocks=1361  txs=2763  mgas=490.138 elapsed=8.003s    mgasps=61.238  number=1924843 hash=8d698a…2b170a age=2mo3w2d    dirty=984.26MiB\n","stream":"stderr","time":"2020-03-25T00:27:38.405613425Z"}
{"log":"INFO [03-25|00:27:42.976] Imported new chain segment               blocks=687   txs=897   mgas=201.759 elapsed=4.571s    mgasps=44.136  number=1925530 hash=404be9…a5c961 age=2mo3w2d    dirty=984.42MiB\n","stream":"stderr","time":"2020-03-25T00:27:42.977049445Z"}
{"log":"INFO [03-25|00:27:50.892] Imported new chain segment               blocks=2048  txs=2669  mgas=538.063 elapsed=7.876s    mgasps=68.311  number=1927578 hash=f54ccf…46c91d age=2mo3w1d    dirty=986.80MiB\n","stream":"stderr","time":"2020-03-25T00:27:50.8931377Z"}
{"log":"INFO [03-25|00:27:58.929] Imported new chain segment               blocks=1864  txs=2168  mgas=518.420 elapsed=8.012s    mgasps=64.703  number=1929442 hash=b8afae…565322 age=2mo3w1d    dirty=989.38MiB\n","stream":"stderr","time":"2020-03-25T00:27:58.929904644Z"}
{"log":"INFO [03-25|00:27:59.570] Imported new chain segment               blocks=184   txs=247   mgas=56.438  elapsed=641.016ms mgasps=88.044  number=1929626 hash=98453f…6e6d70 age=2mo3w1d    dirty=990.18MiB\n","stream":"stderr","time":"2020-03-25T00:27:59.570857118Z"}
{"log":"INFO [03-25|00:28:07.615] Imported new chain segment               blocks=1476  txs=2173  mgas=466.517 elapsed=8.008s    mgasps=58.252  number=1931102 hash=5a739b…0c8abf age=2mo3w1d    dirty=992.22MiB\n","stream":"stderr","time":"2020-03-25T00:28:07.615356143Z"}
{"log":"INFO [03-25|00:28:12.218] Imported new chain segment               blocks=572   txs=841   mgas=179.509 elapsed=4.603s    mgasps=38.993  number=1931674 hash=3a50f9…96769b age=2mo3w1d    dirty=992.56MiB\n","stream":"stderr","time":"2020-03-25T00:28:12.218993969Z"}
{"log":"INFO [03-25|00:28:19.846] Imported new chain segment               blocks=2048  txs=2046  mgas=489.256 elapsed=7.602s    mgasps=64.357  number=1933722 hash=9a1a41…d992dc age=2mo3w19h   dirty=994.92MiB\n","stream":"stderr","time":"2020-03-25T00:28:19.84655405Z"}
{"log":"INFO [03-25|00:28:27.147] Deep froze chain segment                 blocks=13012 elapsed=3.007s    number=1844542 hash=57614e…de8b01\n","stream":"stderr","time":"2020-03-25T00:28:27.148150682Z"}
{"log":"INFO [03-25|00:28:27.874] Imported new chain segment               blocks=1529  txs=2060  mgas=457.324 elapsed=8.001s    mgasps=57.154  number=1935251 hash=102b6d…5cb640 age=2mo3w13h   dirty=998.17MiB\n","stream":"stderr","time":"2020-03-25T00:28:27.874512183Z"}
{"log":"INFO [03-25|00:28:32.369] Imported new chain segment               blocks=519   txs=772   mgas=177.927 elapsed=4.495s    mgasps=39.577  number=1935770 hash=7e88f5…63908f age=2mo3w11h   dirty=998.60MiB\n","stream":"stderr","time":"2020-03-25T00:28:32.370162686Z"}
{"log":"INFO [03-25|00:28:40.395] Imported new chain segment               blocks=1441  txs=2221  mgas=470.592 elapsed=8.000s    mgasps=58.824  number=1937211 hash=528a82…28aa10 age=2mo3w5h    dirty=1000.78MiB\n","stream":"stderr","time":"2020-03-25T00:28:40.395702776Z"}
{"log":"INFO [03-25|00:28:42.412] Imported new chain segment               blocks=607   txs=758   mgas=173.227 elapsed=2.017s    mgasps=85.867  number=1937818 hash=66fc8e…5368b4 age=2mo3w2h    dirty=1000.94MiB\n","stream":"stderr","time":"2020-03-25T00:28:42.413106481Z"}
{"log":"INFO [03-25|00:28:50.495] Imported new chain segment               blocks=1684  txs=2554  mgas=476.636 elapsed=8.057s    mgasps=59.156  number=1939502 hash=16c742…41808f age=2mo2w6d    dirty=1003.82MiB\n","stream":"stderr","time":"2020-03-25T00:28:50.496030442Z"}
{"log":"INFO [03-25|00:28:54.812] Imported new chain segment               blocks=364   txs=648   mgas=159.056 elapsed=4.317s    mgasps=36.844  number=1939866 hash=4df3bf…1e4646 age=2mo2w6d    dirty=1004.77MiB\n","stream":"stderr","time":"2020-03-25T00:28:54.812864591Z"}
{"log":"INFO [03-25|00:29:02.847] Imported new chain segment               blocks=1496  txs=2256  mgas=480.582 elapsed=8.008s    mgasps=60.009  number=1941362 hash=241874…9bfafa age=2mo2w6d    dirty=1006.62MiB\n","stream":"stderr","time":"2020-03-25T00:29:02.847553642Z"}
{"log":"INFO [03-25|00:29:05.094] Imported new chain segment               blocks=552   txs=912   mgas=175.292 elapsed=2.247s    mgasps=77.993  number=1941914 hash=49f195…6eca00 age=2mo2w6d    dirty=1007.52MiB\n","stream":"stderr","time":"2020-03-25T00:29:05.095073528Z"}
{"log":"INFO [03-25|00:29:13.134] Imported new chain segment               blocks=1259  txs=2020  mgas=412.406 elapsed=8.013s    mgasps=51.461  number=1943173 hash=19366f…6e7513 age=2mo2w6d    dirty=1009.49MiB\n","stream":"stderr","time":"2020-03-25T00:29:13.134837133Z"}
{"log":"INFO [03-25|00:29:18.414] Imported new chain segment               blocks=789   txs=1328  mgas=238.091 elapsed=5.279s    mgasps=45.093  number=1943962 hash=9392c8…930efa age=2mo2w6d    dirty=1010.03MiB\n","stream":"stderr","time":"2020-03-25T00:29:18.41481893Z"}
{"log":"INFO [03-25|00:29:26.441] Imported new chain segment               blocks=1894  txs=2417  mgas=578.810 elapsed=8.000s    mgasps=72.350  number=1945856 hash=fef629…00a20f age=2mo2w5d    dirty=1013.40MiB\n","stream":"stderr","time":"2020-03-25T00:29:26.441973425Z"}
{"log":"INFO [03-25|00:29:26.984] Imported new chain segment               blocks=154   txs=235   mgas=49.913  elapsed=542.555ms mgasps=91.996  number=1946010 hash=bb1fe4…901956 age=2mo2w5d    dirty=1013.53MiB\n","stream":"stderr","time":"2020-03-25T00:29:26.984414241Z"}
{"log":"INFO [03-25|00:29:32.571] Deep froze chain segment                 blocks=11479 elapsed=5.422s    number=1856021 hash=d24586…c2fa36\n","stream":"stderr","time":"2020-03-25T00:29:32.571553531Z"}
{"log":"INFO [03-25|00:29:35.054] Imported new chain segment               blocks=875   txs=1347  mgas=285.017 elapsed=8.027s    mgasps=35.504  number=1946885 hash=b0554e…cc278a age=2mo2w5d    dirty=1015.05MiB\n","stream":"stderr","time":"2020-03-25T00:29:35.055190063Z"}
{"log":"INFO [03-25|00:29:40.688] Imported new chain segment               blocks=1173  txs=1808  mgas=387.429 elapsed=5.634s    mgasps=68.765  number=1948058 hash=dad6b0…92be0e age=2mo2w5d    dirty=1016.83MiB\n","stream":"stderr","time":"2020-03-25T00:29:40.689210444Z"}
{"log":"INFO [03-25|00:29:48.730] Imported new chain segment               blocks=1426  txs=2412  mgas=469.149 elapsed=8.001s    mgasps=58.634  number=1949484 hash=35fe39…b5b7fa age=2mo2w5d    dirty=1018.44MiB\n","stream":"stderr","time":"2020-03-25T00:29:48.7303481Z"}
{"log":"INFO [03-25|00:29:53.087] Imported new chain segment               blocks=622   txs=1085  mgas=181.614 elapsed=4.357s    mgasps=41.679  number=1950106 hash=87a2b9…2559ca age=2mo2w4d    dirty=1019.36MiB\n","stream":"stderr","time":"2020-03-25T00:29:53.087750744Z"}
{"log":"INFO [03-25|00:30:01.113] Imported new chain segment               blocks=1607  txs=2436  mgas=482.244 elapsed=8.000s    mgasps=60.280  number=1951713 hash=81ebdc…6d7479 age=2mo2w4d    dirty=1021.99MiB\n","stream":"stderr","time":"2020-03-25T00:30:01.113421116Z"}
{"log":"INFO [03-25|00:30:03.253] Imported new chain segment               blocks=441   txs=1182  mgas=167.389 elapsed=2.139s    mgasps=78.224  number=1952154 hash=186e0d…24605e age=2mo2w4d    dirty=1022.80MiB\n","stream":"stderr","time":"2020-03-25T00:30:03.253333057Z"}
{"log":"INFO [03-25|00:30:11.281] Imported new chain segment               blocks=1063  txs=2718  mgas=478.568 elapsed=8.002s    mgasps=59.805  number=1953217 hash=2721f7…59bab3 age=2mo2w4d    dirty=1023.94MiB\n","stream":"stderr","time":"2020-03-25T00:30:11.281843513Z"}
{"log":"INFO [03-25|00:30:18.750] Imported new chain segment               blocks=985   txs=2384  mgas=480.665 elapsed=7.469s    mgasps=64.352  number=1954202 hash=635f21…822657 age=2mo2w4d    dirty=1023.38MiB\n","stream":"stderr","time":"2020-03-25T00:30:18.751501466Z"}
{"log":"INFO [03-25|00:30:27.225] Imported new chain segment               blocks=1120  txs=2430  mgas=492.941 elapsed=8.060s    mgasps=61.158  number=1955322 hash=9c776a…62b7c1 age=2mo2w4d    dirty=1023.60MiB\n","stream":"stderr","time":"2020-03-25T00:30:27.226130082Z"}
{"log":"INFO [03-25|00:30:31.128] Imported new chain segment               blocks=928   txs=1963  mgas=277.260 elapsed=3.902s    mgasps=71.040  number=1956250 hash=601b9d…9e36a5 age=2mo2w3d    dirty=1023.63MiB\n","stream":"stderr","time":"2020-03-25T00:30:31.128758419Z"}
{"log":"INFO [03-25|00:30:37.319] Deep froze chain segment                 blocks=10566 elapsed=4.748s    number=1866587 hash=6f1179…ec81ce\n","stream":"stderr","time":"2020-03-25T00:30:37.319894007Z"}
{"log":"INFO [03-25|00:30:39.155] Imported new chain segment               blocks=1223  txs=2342  mgas=418.574 elapsed=8.002s    mgasps=52.306  number=1957473 hash=bcaefa…33894b age=2mo2w3d    dirty=1023.78MiB\n","stream":"stderr","time":"2020-03-25T00:30:39.156326053Z"}
{"log":"INFO [03-25|00:30:44.872] Imported new chain segment               blocks=825   txs=2260  mgas=455.687 elapsed=5.716s    mgasps=79.713  number=1958298 hash=92d9af…ca9de3 age=2mo2w3d    dirty=1023.76MiB\n","stream":"stderr","time":"2020-03-25T00:30:44.872735786Z"}
{"log":"INFO [03-25|00:30:52.922] Imported new chain segment               blocks=1072  txs=2969  mgas=593.683 elapsed=8.002s    mgasps=74.183  number=1959370 hash=e54bbb…c478fb age=2mo2w3d    dirty=1023.35MiB\n","stream":"stderr","time":"2020-03-25T00:30:52.923072861Z"}
{"log":"INFO [03-25|00:31:01.016] Imported new chain segment               blocks=270   txs=3240  mgas=374.098 elapsed=8.093s    mgasps=46.223  number=1959640 hash=ec7a86…492013 age=2mo2w3d    dirty=1023.70MiB\n","stream":"stderr","time":"2020-03-25T00:31:01.016313001Z"}
{"log":"INFO [03-25|00:31:09.254] Imported new chain segment               blocks=96    txs=952   mgas=306.561 elapsed=8.237s    mgasps=37.214  number=1959736 hash=827249…2d9d1d age=2mo2w3d    dirty=1023.78MiB\n","stream":"stderr","time":"2020-03-25T00:31:09.254347962Z"}
{"log":"INFO [03-25|00:31:17.319] Imported new chain segment               blocks=122   txs=1249  mgas=398.980 elapsed=8.065s    mgasps=49.467  number=1959858 hash=1a9c49…38c098 age=2mo2w3d    dirty=1023.88MiB\n","stream":"stderr","time":"2020-03-25T00:31:17.319737682Z"}
{"log":"INFO [03-25|00:31:25.358] Imported new chain segment               blocks=106   txs=910   mgas=334.783 elapsed=8.039s    mgasps=41.644  number=1959964 hash=7454c3…0ba62c age=2mo2w3d    dirty=1023.59MiB\n","stream":"stderr","time":"2020-03-25T00:31:25.358861865Z"}
{"log":"INFO [03-25|00:31:33.401] Imported new chain segment               blocks=108   txs=1066  mgas=346.448 elapsed=8.042s    mgasps=43.076  number=1960072 hash=0f4b09…d4ea3e age=2mo2w3d    dirty=1023.42MiB\n","stream":"stderr","time":"2020-03-25T00:31:33.40171293Z"}
{"log":"INFO [03-25|00:31:37.855] Deep froze chain segment                 blocks=3524  elapsed=535.397ms number=1870111 hash=7bb238…9f25da\n","stream":"stderr","time":"2020-03-25T00:31:37.855559295Z"}
{"log":"INFO [03-25|00:31:41.464] Imported new chain segment               blocks=103   txs=1021  mgas=334.848 elapsed=8.063s    mgasps=41.527  number=1960175 hash=704863…a71a83 age=2mo2w3d    dirty=1023.67MiB\n","stream":"stderr","time":"2020-03-25T00:31:41.465000538Z"}
{"log":"INFO [03-25|00:31:49.534] Imported new chain segment               blocks=83    txs=852   mgas=279.592 elapsed=8.069s    mgasps=34.649  number=1960258 hash=7b275f…422456 age=2mo2w3d    dirty=1023.51MiB\n","stream":"stderr","time":"2020-03-25T00:31:49.534265954Z"}
{"log":"INFO [03-25|00:31:55.089] Imported new chain segment               blocks=88    txs=860   mgas=287.748 elapsed=5.555s    mgasps=51.795  number=1960346 hash=f02d6f…8f08b9 age=2mo2w3d    dirty=1023.70MiB\n","stream":"stderr","time":"2020-03-25T00:31:55.089820174Z"}
{"log":"INFO [03-25|00:32:03.132] Imported new chain segment               blocks=65    txs=663   mgas=217.503 elapsed=8.009s    mgasps=27.156  number=1960411 hash=b3a347…f4500e age=2mo2w3d    dirty=1023.74MiB\n","stream":"stderr","time":"2020-03-25T00:32:03.133134701Z"}
{"log":"INFO [03-25|00:32:11.181] Imported new chain segment               blocks=140   txs=1134  mgas=458.330 elapsed=8.048s    mgasps=56.946  number=1960551 hash=b66cb7…50d276 age=2mo2w3d    dirty=1023.73MiB\n","stream":"stderr","time":"2020-03-25T00:32:11.181734514Z"}
{"log":"INFO [03-25|00:32:19.208] Imported new chain segment               blocks=114   txs=1068  mgas=376.191 elapsed=8.026s    mgasps=46.866  number=1960665 hash=bf01aa…14f0ef age=2mo2w3d    dirty=1023.82MiB\n","stream":"stderr","time":"2020-03-25T00:32:19.208525516Z"}
{"log":"INFO [03-25|00:32:27.252] Imported new chain segment               blocks=86    txs=860   mgas=275.035 elapsed=8.044s    mgasps=34.191  number=1960751 hash=5d390f…d72435 age=2mo2w3d    dirty=1023.75MiB\n","stream":"stderr","time":"2020-03-25T00:32:27.252637701Z"}
{"log":"INFO [03-25|00:32:35.297] Imported new chain segment               blocks=129   txs=1353  mgas=414.811 elapsed=8.045s    mgasps=51.558  number=1960880 hash=3e5f61…61f93b age=2mo2w3d    dirty=1023.86MiB\n","stream":"stderr","time":"2020-03-25T00:32:35.298100875Z"}
{"log":"INFO [03-25|00:32:38.990] Deep froze chain segment                 blocks=778   elapsed=1.107s    number=1870889 hash=d24afa…b5b541\n","stream":"stderr","time":"2020-03-25T00:32:38.990305322Z"}
{"log":"INFO [03-25|00:32:43.371] Imported new chain segment               blocks=80    txs=904   mgas=269.979 elapsed=8.073s    mgasps=33.441  number=1960960 hash=128137…efe886 age=2mo2w3d    dirty=1023.78MiB\n","stream":"stderr","time":"2020-03-25T00:32:43.371346325Z"}
{"log":"INFO [03-25|00:32:51.450] Imported new chain segment               blocks=87    txs=886   mgas=294.913 elapsed=8.078s    mgasps=36.504  number=1961047 hash=6590c6…570fe7 age=2mo2w3d    dirty=1023.44MiB\n","stream":"stderr","time":"2020-03-25T00:32:51.450357286Z"}
{"log":"INFO [03-25|00:32:59.476] Imported new chain segment               blocks=126   txs=1327  mgas=408.044 elapsed=8.026s    mgasps=50.835  number=1961173 hash=8c3c58…501373 age=2mo2w3d    dirty=1023.67MiB\n","stream":"stderr","time":"2020-03-25T00:32:59.476997552Z"}
{"log":"INFO [03-25|00:33:07.480] Imported new chain segment               blocks=79    txs=864   mgas=265.237 elapsed=8.004s    mgasps=33.138  number=1961252 hash=16f5dd…dc25ab age=2mo2w3d    dirty=1023.68MiB\n","stream":"stderr","time":"2020-03-25T00:33:07.481118142Z"}
{"log":"INFO [03-25|00:33:15.628] Imported new chain segment               blocks=112   txs=1163  mgas=368.641 elapsed=8.147s    mgasps=45.245  number=1961364 hash=7f375f…d5844a age=2mo2w3d    dirty=1023.90MiB\n","stream":"stderr","time":"2020-03-25T00:33:15.632388796Z"}
{"log":"INFO [03-25|00:33:23.734] Imported new chain segment               blocks=97    txs=1011  mgas=319.425 elapsed=8.106s    mgasps=39.406  number=1961461 hash=2fdf1a…93aa4e age=2mo2w3d    dirty=1023.70MiB\n","stream":"stderr","time":"2020-03-25T00:33:23.734645365Z"}
{"log":"INFO [03-25|00:33:31.797] Imported new chain segment               blocks=87    txs=869   mgas=277.392 elapsed=8.062s    mgasps=34.403  number=1961548 hash=5771d9…92c297 age=2mo2w2d    dirty=1023.63MiB\n","stream":"stderr","time":"2020-03-25T00:33:31.798929518Z"}
{"log":"INFO [03-25|00:33:39.131] Deep froze chain segment                 blocks=772   elapsed=141.469ms number=1871661 hash=c362a6…2f7823\n","stream":"stderr","time":"2020-03-25T00:33:39.131975878Z"}
{"log":"INFO [03-25|00:33:39.804] Imported new chain segment               blocks=126   txs=1336  mgas=411.957 elapsed=8.007s    mgasps=51.447  number=1961674 hash=a734cd…a23012 age=2mo2w2d    dirty=1023.74MiB\n","stream":"stderr","time":"2020-03-25T00:33:39.804909844Z"}
{"log":"INFO [03-25|00:33:47.811] Imported new chain segment               blocks=85    txs=861   mgas=275.268 elapsed=8.006s    mgasps=34.381  number=1961759 hash=a4fdab…166005 age=2mo2w2d    dirty=1023.73MiB\n","stream":"stderr","time":"2020-03-25T00:33:47.811430202Z"}
{"log":"INFO [03-25|00:33:55.870] Imported new chain segment               blocks=93    txs=925   mgas=299.298 elapsed=8.059s    mgasps=37.137  number=1961852 hash=0a310e…662ab5 age=2mo2w2d    dirty=1023.43MiB\n","stream":"stderr","time":"2020-03-25T00:33:55.870770826Z"}
{"log":"INFO [03-25|00:34:03.948] Imported new chain segment               blocks=116   txs=1213  mgas=397.206 elapsed=8.078s    mgasps=49.171  number=1961968 hash=a4148a…cc9140 age=2mo2w2d    dirty=1023.80MiB\n","stream":"stderr","time":"2020-03-25T00:34:03.94863787Z"}
{"log":"INFO [03-25|00:34:11.982] Imported new chain segment               blocks=75    txs=741   mgas=246.057 elapsed=8.034s    mgasps=30.625  number=1962043 hash=695566…51f51a age=2mo2w2d    dirty=1023.62MiB\n","stream":"stderr","time":"2020-03-25T00:34:11.983014935Z"}
{"log":"INFO [03-25|00:34:20.054] Imported new chain segment               blocks=130   txs=1207  mgas=391.755 elapsed=8.071s    mgasps=48.535  number=1962173 hash=0c8b92…6e1b84 age=2mo2w2d    dirty=1023.87MiB\n","stream":"stderr","time":"2020-03-25T00:34:20.054790362Z"}
{"log":"INFO [03-25|00:34:28.068] Imported new chain segment               blocks=87    txs=851   mgas=286.937 elapsed=8.014s    mgasps=35.802  number=1962260 hash=bb2e50…2cb820 age=2mo2w2d    dirty=1023.73MiB\n","stream":"stderr","time":"2020-03-25T00:34:28.069140719Z"}
{"log":"INFO [03-25|00:34:36.188] Imported new chain segment               blocks=88    txs=844   mgas=282.617 elapsed=8.120s    mgasps=34.805  number=1962348 hash=25ebb1…3b5217 age=2mo2w2d    dirty=1023.79MiB\n","stream":"stderr","time":"2020-03-25T00:34:36.189187362Z"}
{"log":"INFO [03-25|00:34:39.024] Imported new chain segment               blocks=46    txs=421   mgas=140.291 elapsed=2.835s    mgasps=49.471  number=1962394 hash=461a22…5e5786 age=2mo2w2d    dirty=1023.62MiB\n","stream":"stderr","time":"2020-03-25T00:34:39.024984795Z"}
{"log":"INFO [03-25|00:34:39.564] Deep froze chain segment                 blocks=733   elapsed=432.286ms number=1872394 hash=7bab2b…20ae66\n","stream":"stderr","time":"2020-03-25T00:34:39.564404507Z"}
{"log":"INFO [03-25|00:34:47.458] Imported new chain segment               blocks=87    txs=856   mgas=274.546 elapsed=8.405s    mgasps=32.663  number=1962481 hash=51ae72…6f5312 age=2mo2w2d    dirty=1023.70MiB\n","stream":"stderr","time":"2020-03-25T00:34:47.461934192Z"}
{"log":"INFO [03-25|00:34:55.474] Imported new chain segment               blocks=122   txs=1156  mgas=386.024 elapsed=8.016s    mgasps=48.156  number=1962603 hash=61e6d7…3d674f age=2mo2w2d    dirty=1023.83MiB\n","stream":"stderr","time":"2020-03-25T00:34:55.474385585Z"}
{"log":"INFO [03-25|00:35:03.475] Imported new chain segment               blocks=82    txs=801   mgas=266.794 elapsed=8.000s    mgasps=33.345  number=1962685 hash=c2536d…b4efb9 age=2mo2w2d    dirty=1023.75MiB\n","stream":"stderr","time":"2020-03-25T00:35:03.475321765Z"}
{"log":"INFO [03-25|00:35:11.757] Imported new chain segment               blocks=115   txs=1148  mgas=379.539 elapsed=8.282s    mgasps=45.824  number=1962800 hash=976bf7…d9477c age=2mo2w2d    dirty=1023.74MiB\n","stream":"stderr","time":"2020-03-25T00:35:11.757947433Z"}
{"log":"INFO [03-25|00:35:19.831] Imported new chain segment               blocks=97    txs=989   mgas=324.303 elapsed=8.074s    mgasps=40.165  number=1962897 hash=ff2051…e7aab7 age=2mo2w2d    dirty=1023.93MiB\n","stream":"stderr","time":"2020-03-25T00:35:19.83207393Z"}
{"log":"INFO [03-25|00:35:27.883] Imported new chain segment               blocks=82    txs=857   mgas=273.912 elapsed=8.051s    mgasps=34.019  number=1962979 hash=bb2701…f10e01 age=2mo2w2d    dirty=1023.80MiB\n","stream":"stderr","time":"2020-03-25T00:35:27.88376915Z"}
{"log":"INFO [03-25|00:35:35.924] Imported new chain segment               blocks=130   txs=1338  mgas=421.984 elapsed=8.040s    mgasps=52.479  number=1963109 hash=84f414…5a583c age=2mo2w2d    dirty=1023.73MiB\n","stream":"stderr","time":"2020-03-25T00:35:35.924723022Z"}
{"log":"INFO [03-25|00:35:40.028] Deep froze chain segment                 blocks=733   elapsed=450.396ms number=1873127 hash=8689ef…05585f\n","stream":"stderr","time":"2020-03-25T00:35:40.028883323Z"}
{"log":"INFO [03-25|00:35:43.959] Imported new chain segment               blocks=85    txs=883   mgas=280.268 elapsed=8.034s    mgasps=34.881  number=1963194 hash=063986…cfbc60 age=2mo2w2d    dirty=1023.64MiB\n","stream":"stderr","time":"2020-03-25T00:35:43.959691565Z"}
{"log":"INFO [03-25|00:35:52.102] Imported new chain segment               blocks=95    txs=973   mgas=303.962 elapsed=8.143s    mgasps=37.326  number=1963289 hash=b2ea91…b807e1 age=2mo2w2d    dirty=1023.71MiB\n","stream":"stderr","time":"2020-03-25T00:35:52.10332659Z"}
{"log":"INFO [03-25|00:35:53.227] Regenerated local transaction journal    transactions=0 accounts=0\n","stream":"stderr","time":"2020-03-25T00:35:53.228658153Z"}
{"log":"INFO [03-25|00:36:00.138] Imported new chain segment               blocks=135   txs=1321  mgas=421.741 elapsed=8.035s    mgasps=52.487  number=1963424 hash=695b62…0a7cb0 age=2mo2w2d    dirty=1023.86MiB\n","stream":"stderr","time":"2020-03-25T00:36:00.138365037Z"}
{"log":"INFO [03-25|00:36:08.171] Imported new chain segment               blocks=85    txs=866   mgas=280.932 elapsed=8.033s    mgasps=34.971  number=1963509 hash=24de4c…eb1de3 age=2mo2w2d    dirty=1023.80MiB\n","stream":"stderr","time":"2020-03-25T00:36:08.171645764Z"}
{"log":"INFO [03-25|00:36:16.185] Imported new chain segment               blocks=108   txs=1091  mgas=360.503 elapsed=8.014s    mgasps=44.982  number=1963617 hash=5f2830…0e5945 age=2mo2w2d    dirty=1023.93MiB\n","stream":"stderr","time":"2020-03-25T00:36:16.189371229Z"}
{"log":"INFO [03-25|00:36:24.215] Imported new chain segment               blocks=729   txs=2447  mgas=617.022 elapsed=8.030s    mgasps=76.839  number=1964346 hash=a11afb…5d12a8 age=2mo2w2d    dirty=1023.88MiB\n","stream":"stderr","time":"2020-03-25T00:36:24.218563545Z"}
{"log":"INFO [03-25|00:36:27.165] Imported new chain segment               blocks=96    txs=318   mgas=92.273  elapsed=2.949s    mgasps=31.282  number=1964442 hash=067091…fb8db3 age=2mo2w2d    dirty=1023.80MiB\n","stream":"stderr","time":"2020-03-25T00:36:27.165920376Z"}
{"log":"INFO [03-25|00:36:35.218] Imported new chain segment               blocks=1004  txs=2886  mgas=523.061 elapsed=8.005s    mgasps=65.337  number=1965446 hash=988387…98f501 age=2mo2w2d    dirty=1023.03MiB\n","stream":"stderr","time":"2020-03-25T00:36:35.219158166Z"}
{"log":"INFO [03-25|00:36:40.525] Deep froze chain segment                 blocks=2679  elapsed=496.162ms number=1875806 hash=a49f6d…c291cf\n","stream":"stderr","time":"2020-03-25T00:36:40.533854184Z"}
{"log":"INFO [03-25|00:36:43.243] Imported new chain segment               blocks=382   txs=1780  mgas=495.222 elapsed=8.024s    mgasps=61.713  number=1965828 hash=d30f39…221d47 age=2mo2w2d    dirty=1023.93MiB\n","stream":"stderr","time":"2020-03-25T00:36:43.243926652Z"}
{"log":"INFO [03-25|00:36:51.736] Imported new chain segment               blocks=642   txs=2231  mgas=549.312 elapsed=8.493s    mgasps=64.676  number=1966470 hash=4ed762…0e70d8 age=2mo2w2d    dirty=1023.12MiB\n","stream":"stderr","time":"2020-03-25T00:36:51.737259741Z"}
{"log":"INFO [03-25|00:36:54.931] Imported new chain segment               blocks=20    txs=247   mgas=82.738  elapsed=3.194s    mgasps=25.903  number=1966490 hash=4649ff…5f7f24 age=2mo2w2d    dirty=1023.16MiB\n","stream":"stderr","time":"2020-03-25T00:36:54.931250238Z"}
{"log":"INFO [03-25|00:37:03.337] Imported new chain segment               blocks=198   txs=1290  mgas=380.593 elapsed=8.380s    mgasps=45.414  number=1966688 hash=e4b563…0e5796 age=2mo2w2d    dirty=1023.85MiB\n","stream":"stderr","time":"2020-03-25T00:37:03.337897951Z"}
{"log":"INFO [03-25|00:37:11.344] Imported new chain segment               blocks=834   txs=2281  mgas=445.030 elapsed=8.006s    mgasps=55.582  number=1967522 hash=d205db…e4f419 age=2mo2w1d    dirty=1023.86MiB\n","stream":"stderr","time":"2020-03-25T00:37:11.344389394Z"}
{"log":"INFO [03-25|00:37:17.584] Imported new chain segment               blocks=1016  txs=1716  mgas=291.326 elapsed=6.240s    mgasps=46.686  number=1968538 hash=e3cc2f…f4a70c age=2mo2w1d    dirty=1023.61MiB\n","stream":"stderr","time":"2020-03-25T00:37:17.584498939Z"}
{"log":"INFO [03-25|00:37:25.618] Imported new chain segment               blocks=1224  txs=2845  mgas=488.224 elapsed=8.004s    mgasps=60.996  number=1969762 hash=75850a…d889fc age=2mo2w1d    dirty=1023.68MiB\n","stream":"stderr","time":"2020-03-25T00:37:25.618229115Z"}
{"log":"INFO [03-25|00:37:31.741] Imported new chain segment               blocks=824   txs=1858  mgas=288.481 elapsed=6.123s    mgasps=47.108  number=1970586 hash=e45bf0…2d0c7b age=2mo2w1d    dirty=1023.79MiB\n","stream":"stderr","time":"2020-03-25T00:37:31.742022663Z"}
{"log":"INFO [03-25|00:37:39.786] Imported new chain segment               blocks=1088  txs=2461  mgas=462.812 elapsed=8.002s    mgasps=57.835  number=1971674 hash=fc0db2…12c81b age=2mo2w1d    dirty=1023.44MiB\n","stream":"stderr","time":"2020-03-25T00:37:39.786266899Z"}
{"log":"INFO [03-25|00:37:42.460] Deep froze chain segment                 blocks=6056  elapsed=1.926s    number=1881862 hash=7aa5cb…b1998f\n","stream":"stderr","time":"2020-03-25T00:37:42.46183628Z"}
{"log":"INFO [03-25|00:37:46.390] Imported new chain segment               blocks=960   txs=2038  mgas=389.111 elapsed=6.604s    mgasps=58.917  number=1972634 hash=0e72bd…d938fe age=2mo2w1d    dirty=1023.34MiB\n","stream":"stderr","time":"2020-03-25T00:37:46.392720405Z"}
{"log":"INFO [03-25|00:37:54.468] Imported new chain segment               blocks=516   txs=1552  mgas=338.991 elapsed=8.037s    mgasps=42.175  number=1973150 hash=94f115…beb540 age=2mo2w23h   dirty=1023.81MiB\n","stream":"stderr","time":"2020-03-25T00:37:54.469063402Z"}
{"log":"INFO [03-25|00:38:02.469] Imported new chain segment               blocks=1204  txs=2401  mgas=450.971 elapsed=8.000s    mgasps=56.369  number=1974354 hash=7a310d…1fd547 age=2mo2w18h   dirty=1023.77MiB\n","stream":"stderr","time":"2020-03-25T00:38:02.469347116Z"}
{"log":"INFO [03-25|00:38:03.627] Imported new chain segment               blocks=328   txs=513   mgas=110.379 elapsed=1.158s    mgasps=95.289  number=1974682 hash=0a3160…78f7d7 age=2mo2w17h   dirty=1023.75MiB\n","stream":"stderr","time":"2020-03-25T00:38:03.627718579Z"}
{"log":"INFO [03-25|00:38:11.654] Imported new chain segment               blocks=1047  txs=2532  mgas=496.547 elapsed=8.001s    mgasps=62.057  number=1975729 hash=9f4043…1cc6b5 age=2mo2w12h   dirty=1023.64MiB\n","stream":"stderr","time":"2020-03-25T00:38:11.654472972Z"}
{"log":"INFO [03-25|00:38:18.968] Imported new chain segment               blocks=1001  txs=2784  mgas=468.332 elapsed=7.314s    mgasps=64.029  number=1976730 hash=17ee5e…c8e311 age=2mo2w8h    dirty=1023.36MiB\n","stream":"stderr","time":"2020-03-25T00:38:18.968805431Z"}
{"log":"INFO [03-25|00:38:26.998] Imported new chain segment               blocks=1300  txs=2473  mgas=548.045 elapsed=8.004s    mgasps=68.466  number=1978030 hash=abdece…1989d1 age=2mo2w3h    dirty=1023.73MiB\n","stream":"stderr","time":"2020-03-25T00:38:26.998645804Z"}
{"log":"INFO [03-25|00:38:29.889] Imported new chain segment               blocks=748   txs=1468  mgas=256.256 elapsed=2.891s    mgasps=88.624  number=1978778 hash=47ca59…737bc8 age=2mo1w6d    dirty=1023.43MiB\n","stream":"stderr","time":"2020-03-25T00:38:29.890272696Z"}
{"log":"INFO [03-25|00:38:39.568] Imported new chain segment               blocks=1483  txs=2134  mgas=481.054 elapsed=8.007s    mgasps=60.076  number=1980261 hash=c8d420…b4b98c age=2mo1w6d    dirty=1023.85MiB\n","stream":"stderr","time":"2020-03-25T00:38:39.568639098Z"}
{"log":"INFO [03-25|00:38:42.518] Imported new chain segment               blocks=565   txs=970   mgas=201.971 elapsed=2.950s    mgasps=68.454  number=1980826 hash=4d984d…beb709 age=2mo1w6d    dirty=1023.93MiB\n","stream":"stderr","time":"2020-03-25T00:38:42.518886947Z"}
{"log":"INFO [03-25|00:38:46.054] Deep froze chain segment                 blocks=8949  elapsed=3.591s    number=1890811 hash=662444…67750b\n","stream":"stderr","time":"2020-03-25T00:38:46.055592086Z"}
{"log":"INFO [03-25|00:38:50.543] Imported new chain segment               blocks=1097  txs=2230  mgas=439.216 elapsed=8.000s    mgasps=54.897  number=1981923 hash=a702b5…14bb9f age=2mo1w6d    dirty=1023.83MiB\n","stream":"stderr","time":"2020-03-25T00:38:50.543740445Z"}
{"log":"INFO [03-25|00:38:56.385] Imported new chain segment               blocks=951   txs=1534  mgas=331.142 elapsed=5.841s    mgasps=56.687  number=1982874 hash=1b3132…0afade age=2mo1w6d    dirty=1023.98MiB\n","stream":"stderr","time":"2020-03-25T00:38:56.385272825Z"}
{"log":"INFO [03-25|00:39:04.435] Imported new chain segment               blocks=1268  txs=2701  mgas=495.614 elapsed=8.008s    mgasps=61.885  number=1984142 hash=78820f…9883d3 age=2mo1w6d    dirty=1023.52MiB\n","stream":"stderr","time":"2020-03-25T00:39:04.436137673Z"}
{"log":"INFO [03-25|00:39:08.448] Imported new chain segment               blocks=780   txs=1650  mgas=282.432 elapsed=4.012s    mgasps=70.389  number=1984922 hash=9ce07d…224b07 age=2mo1w5d    dirty=1023.58MiB\n","stream":"stderr","time":"2020-03-25T00:39:08.448754678Z"}
{"log":"INFO [03-25|00:39:17.021] Imported new chain segment               blocks=1340  txs=2359  mgas=479.764 elapsed=8.026s    mgasps=59.772  number=1986262 hash=91c79e…a2eb88 age=2mo1w5d    dirty=1023.98MiB\n","stream":"stderr","time":"2020-03-25T00:39:17.022367225Z"}
{"log":"INFO [03-25|00:39:19.992] Imported new chain segment               blocks=708   txs=1281  mgas=274.341 elapsed=2.970s    mgasps=92.350  number=1986970 hash=4b52dd…1e0810 age=2mo1w5d    dirty=1023.56MiB\n","stream":"stderr","time":"2020-03-25T00:39:19.992865579Z"}
{"log":"INFO [03-25|00:39:28.032] Imported new chain segment               blocks=1347  txs=2408  mgas=516.017 elapsed=8.004s    mgasps=64.467  number=1988317 hash=9a6d2f…c1be98 age=2mo1w5d    dirty=1023.64MiB\n","stream":"stderr","time":"2020-03-25T00:39:28.032808569Z"}
{"log":"INFO [03-25|00:39:33.217] Imported new chain segment               blocks=701   txs=1197  mgas=274.342 elapsed=5.184s    mgasps=52.912  number=1989018 hash=4d50de…249f67 age=2mo1w5d    dirty=1023.55MiB\n","stream":"stderr","time":"2020-03-25T00:39:33.217628826Z"}
{"log":"INFO [03-25|00:39:41.242] Imported new chain segment               blocks=1536  txs=2872  mgas=543.495 elapsed=8.000s    mgasps=67.929  number=1990554 hash=3065c1…7f5f82 age=2mo1w4d    dirty=1023.49MiB\n","stream":"stderr","time":"2020-03-25T00:39:41.243180157Z"}
{"log":"INFO [03-25|00:39:43.283] Imported new chain segment               blocks=512   txs=1144  mgas=200.181 elapsed=2.040s    mgasps=98.103  number=1991066 hash=4c49c7…a4b3c4 age=2mo1w4d    dirty=1023.75MiB\n","stream":"stderr","time":"2020-03-25T00:39:43.283734799Z"}
{"log":"INFO [03-25|00:39:49.138] Deep froze chain segment                 blocks=10599 elapsed=3.064s    number=1901410 hash=910f75…d058c5\n","stream":"stderr","time":"2020-03-25T00:39:49.139092723Z"}
{"log":"INFO [03-25|00:39:51.324] Imported new chain segment               blocks=1197  txs=2176  mgas=455.449 elapsed=8.012s    mgasps=56.843  number=1992263 hash=bc85eb…45c034 age=2mo1w4d    dirty=1023.96MiB\n","stream":"stderr","time":"2020-03-25T00:39:51.324639309Z"}
{"log":"INFO [03-25|00:39:57.398] Imported new chain segment               blocks=851   txs=1811  mgas=342.007 elapsed=6.074s    mgasps=56.303  number=1993114 hash=dc332c…f848cd age=2mo1w4d    dirty=1023.62MiB\n","stream":"stderr","time":"2020-03-25T00:39:57.398955384Z"}
{"log":"INFO [03-25|00:40:05.430] Imported new chain segment               blocks=1169  txs=2891  mgas=778.635 elapsed=8.000s    mgasps=97.329  number=1994283 hash=b26bc4…71532d age=2mo1w4d    dirty=1023.54MiB\n","stream":"stderr","time":"2020-03-25T00:40:05.430943719Z"}
{"log":"INFO [03-25|00:40:11.956] Imported new chain segment               blocks=879   txs=1778  mgas=464.225 elapsed=6.525s    mgasps=71.135  number=1995162 hash=e8d1ab…34b511 age=2mo1w4d    dirty=1023.49MiB\n","stream":"stderr","time":"2020-03-25T00:40:11.956945316Z"}
{"log":"INFO [03-25|00:40:20.013] Imported new chain segment               blocks=1411  txs=2717  mgas=516.409 elapsed=8.010s    mgasps=64.464  number=1996573 hash=83ed28…14e4d8 age=2mo1w3d    dirty=1023.54MiB\n","stream":"stderr","time":"2020-03-25T00:40:20.013974589Z"}
{"log":"INFO [03-25|00:40:25.549] Imported new chain segment               blocks=637   txs=1383  mgas=264.904 elapsed=5.535s    mgasps=47.856  number=1997210 hash=c95968…b01375 age=2mo1w3d    dirty=1023.79MiB\n","stream":"stderr","time":"2020-03-25T00:40:25.54936293Z"}
{"log":"INFO [03-25|00:40:33.580] Imported new chain segment               blocks=1142  txs=2418  mgas=496.690 elapsed=8.001s    mgasps=62.071  number=1998352 hash=db3242…67b92a age=2mo1w3d    dirty=1023.69MiB\n","stream":"stderr","time":"2020-03-25T00:40:33.580420398Z"}
{"log":"INFO [03-25|00:40:40.252] Imported new chain segment               blocks=906   txs=2250  mgas=443.446 elapsed=6.672s    mgasps=66.460  number=1999258 hash=c2b154…7fa0d0 age=2mo1w3d    dirty=1023.63MiB\n","stream":"stderr","time":"2020-03-25T00:40:40.252810651Z"}
{"log":"INFO [03-25|00:40:48.291] Imported new chain segment               blocks=1325  txs=2953  mgas=531.422 elapsed=8.008s    mgasps=66.360  number=2000583 hash=9ba687…23d98d age=2mo1w3d    dirty=1023.72MiB\n","stream":"stderr","time":"2020-03-25T00:40:48.291280829Z"}
{"log":"INFO [03-25|00:40:53.761] Deep froze chain segment                 blocks=9510  elapsed=4.622s    number=1910920 hash=5db61f…178188\n","stream":"stderr","time":"2020-03-25T00:40:53.761892684Z"}
{"log":"INFO [03-25|00:40:53.955] Imported new chain segment               blocks=723   txs=1097  mgas=238.070 elapsed=5.664s    mgasps=42.029  number=2001306 hash=dc4238…7c4c24 age=2mo1w3d    dirty=1023.75MiB\n","stream":"stderr","time":"2020-03-25T00:40:53.955691539Z"}
{"log":"INFO [03-25|00:41:02.003] Imported new chain segment               blocks=1396  txs=2803  mgas=521.192 elapsed=8.020s    mgasps=64.985  number=2002702 hash=5cb14b…a01664 age=2mo1w2d    dirty=1023.67MiB\n","stream":"stderr","time":"2020-03-25T00:41:02.00332174Z"}
{"log":"INFO [03-25|00:41:04.406] Imported new chain segment               blocks=652   txs=1194  mgas=241.499 elapsed=2.403s    mgasps=100.475 number=2003354 hash=bcf2ac…25c58a age=2mo1w2d    dirty=1023.49MiB\n","stream":"stderr","time":"2020-03-25T00:41:04.406925039Z"}
{"log":"INFO [03-25|00:41:12.494] Imported new chain segment               blocks=1109  txs=2762  mgas=512.491 elapsed=8.038s    mgasps=63.751  number=2004463 hash=e9bcfb…e425ed age=2mo1w2d    dirty=1023.87MiB\n","stream":"stderr","time":"2020-03-25T00:41:12.494849959Z"}
{"log":"INFO [03-25|00:41:19.214] Imported new chain segment               blocks=939   txs=2218  mgas=389.760 elapsed=6.720s    mgasps=57.999  number=2005402 hash=0f5679…d6fe7b age=2mo1w2d    dirty=1023.35MiB\n","stream":"stderr","time":"2020-03-25T00:41:19.214835254Z"}
{"log":"INFO [03-25|00:41:27.317] Imported new chain segment               blocks=1112  txs=2160  mgas=461.890 elapsed=8.078s    mgasps=57.175  number=2006514 hash=e08cd5…a21c2c age=2mo1w2d    dirty=1023.59MiB\n","stream":"stderr","time":"2020-03-25T00:41:27.318172918Z"}
{"log":"INFO [03-25|00:41:35.337] Imported new chain segment               blocks=87    txs=824   mgas=275.264 elapsed=8.019s    mgasps=34.325  number=2006601 hash=03840d…ff26b8 age=2mo1w2d    dirty=1023.77MiB\n","stream":"stderr","time":"2020-03-25T00:41:35.337611721Z"}
{"log":"INFO [03-25|00:41:38.763] Imported new chain segment               blocks=849   txs=1811  mgas=344.263 elapsed=3.426s    mgasps=100.476 number=2007450 hash=8eec89…1142bb age=2mo1w2d    dirty=1023.63MiB\n","stream":"stderr","time":"2020-03-25T00:41:38.76395402Z"}
{"log":"INFO [03-25|00:41:46.798] Imported new chain segment               blocks=1190  txs=2327  mgas=453.971 elapsed=8.000s    mgasps=56.743  number=2008640 hash=0014ac…2a5d9f age=2mo1w1d    dirty=1023.66MiB\n","stream":"stderr","time":"2020-03-25T00:41:46.799144516Z"}
{"log":"INFO [03-25|00:41:52.975] Imported new chain segment               blocks=858   txs=1848  mgas=339.464 elapsed=6.176s    mgasps=54.962  number=2009498 hash=01672f…646458 age=2mo1w1d    dirty=1023.78MiB\n","stream":"stderr","time":"2020-03-25T00:41:52.975508541Z"}
{"log":"INFO [03-25|00:41:58.551] Deep froze chain segment                 blocks=8617  elapsed=4.789s    number=1919537 hash=3ecc33…653254\n","stream":"stderr","time":"2020-03-25T00:41:58.551745558Z"}
{"log":"INFO [03-25|00:42:01.016] Imported new chain segment               blocks=818   txs=2757  mgas=406.329 elapsed=8.002s    mgasps=50.776  number=2010316 hash=a6f30c…5af545 age=2mo1w1d    dirty=1023.62MiB\n","stream":"stderr","time":"2020-03-25T00:42:01.016775205Z"}
{"log":"INFO [03-25|00:42:08.214] Imported new chain segment               blocks=1230  txs=1814  mgas=447.535 elapsed=7.197s    mgasps=62.179  number=2011546 hash=545020…229176 age=2mo1w1d    dirty=1023.58MiB\n","stream":"stderr","time":"2020-03-25T00:42:08.214236507Z"}
{"log":"INFO [03-25|00:42:16.251] Imported new chain segment               blocks=1455  txs=2616  mgas=509.339 elapsed=8.000s    mgasps=63.662  number=2013001 hash=a4f4fa…4c2446 age=2mo1w23h   dirty=1023.43MiB\n","stream":"stderr","time":"2020-03-25T00:42:16.251238558Z"}
{"log":"INFO [03-25|00:42:20.715] Imported new chain segment               blocks=593   txs=830   mgas=187.821 elapsed=4.464s    mgasps=42.072  number=2013594 hash=f4b0f1…9c461e age=2mo1w21h   dirty=1023.58MiB\n","stream":"stderr","time":"2020-03-25T00:42:20.715553828Z"}
{"log":"INFO [03-25|00:42:28.744] Imported new chain segment               blocks=1445  txs=1650  mgas=538.321 elapsed=8.000s    mgasps=67.284  number=2015039 hash=b1e045…305c26 age=2mo1w15h   dirty=1023.49MiB\n","stream":"stderr","time":"2020-03-25T00:42:28.74505264Z"}
{"log":"INFO [03-25|00:42:30.951] Imported new chain segment               blocks=603   txs=1397  mgas=232.959 elapsed=2.206s    mgasps=105.574 number=2015642 hash=04c9bf…2cc0ef age=2mo1w12h   dirty=1023.82MiB\n","stream":"stderr","time":"2020-03-25T00:42:30.951648679Z"}
{"log":"INFO [03-25|00:42:38.983] Imported new chain segment               blocks=1528  txs=1998  mgas=524.984 elapsed=8.002s    mgasps=65.604  number=2017170 hash=493d96…23385a age=2mo1w6h    dirty=1023.86MiB\n","stream":"stderr","time":"2020-03-25T00:42:38.983820948Z"}
{"log":"INFO [03-25|00:42:43.626] Imported new chain segment               blocks=520   txs=471   mgas=157.469 elapsed=4.642s    mgasps=33.916  number=2017690 hash=0605cd…1e188d age=2mo1w4h    dirty=1023.56MiB\n","stream":"stderr","time":"2020-03-25T00:42:43.626780141Z"}
{"log":"INFO [03-25|00:42:51.725] Imported new chain segment               blocks=657   txs=1399  mgas=429.601 elapsed=8.057s    mgasps=53.319  number=2018347 hash=ae163b…9a187c age=2mo1w1h    dirty=1023.96MiB\n","stream":"stderr","time":"2020-03-25T00:42:51.7263251Z"}
{"log":"INFO [03-25|00:42:59.766] Imported new chain segment               blocks=107   txs=1088  mgas=362.486 elapsed=8.040s    mgasps=45.083  number=2018454 hash=c6ccab…720448 age=2mo1w51m   dirty=1023.69MiB\n","stream":"stderr","time":"2020-03-25T00:42:59.766598136Z"}
{"log":"INFO [03-25|00:43:00.979] Deep froze chain segment                 blocks=8898  elapsed=2.427s    number=1928435 hash=b341eb…c54afb\n","stream":"stderr","time":"2020-03-25T00:43:00.979694146Z"}
{"log":"INFO [03-25|00:43:07.779] Imported new chain segment               blocks=406   txs=1365  mgas=346.407 elapsed=8.013s    mgasps=43.229  number=2018860 hash=4bdca9…f74716 age=2mo6d23h   dirty=1023.50MiB\n","stream":"stderr","time":"2020-03-25T00:43:07.779681427Z"}
{"log":"INFO [03-25|00:43:13.122] Imported new chain segment               blocks=878   txs=889   mgas=269.969 elapsed=5.342s    mgasps=50.531  number=2019738 hash=07d4ed…cdf0fd age=2mo6d19h   dirty=1023.82MiB\n","stream":"stderr","time":"2020-03-25T00:43:13.122361206Z"}
{"log":"INFO [03-25|00:43:21.151] Imported new chain segment               blocks=1192  txs=2387  mgas=539.279 elapsed=8.003s    mgasps=67.384  number=2020930 hash=bbcbc1…fa5774 age=2mo6d14h   dirty=1023.56MiB\n","stream":"stderr","time":"2020-03-25T00:43:21.151467606Z"}
{"log":"INFO [03-25|00:43:28.540] Imported new chain segment               blocks=856   txs=2797  mgas=441.857 elapsed=7.388s    mgasps=59.800  number=2021786 hash=8d88cf…64bd58 age=2mo6d10h   dirty=1023.12MiB\n","stream":"stderr","time":"2020-03-25T00:43:28.540413546Z"}
{"log":"INFO [03-25|00:43:36.571] Imported new chain segment               blocks=953   txs=2288  mgas=429.555 elapsed=8.005s    mgasps=53.656  number=2022739 hash=c9e087…d7aa2f age=2mo6d7h    dirty=1023.80MiB\n","stream":"stderr","time":"2020-03-25T00:43:36.571518958Z"}
{"log":"INFO [03-25|00:43:43.375] Imported new chain segment               blocks=1095  txs=2528  mgas=412.411 elapsed=6.804s    mgasps=60.612  number=2023834 hash=718b8e…137494 age=2mo6d2h    dirty=1023.65MiB\n","stream":"stderr","time":"2020-03-25T00:43:43.375595317Z"}
{"log":"INFO [03-25|00:43:51.425] Imported new chain segment               blocks=1221  txs=2287  mgas=542.060 elapsed=8.021s    mgasps=67.577  number=2025055 hash=4bf017…40f5f0 age=2mo5d21h   dirty=1023.69MiB\n","stream":"stderr","time":"2020-03-25T00:43:51.426056888Z"}
{"log":"INFO [03-25|00:43:54.934] Imported new chain segment               blocks=827   txs=1030  mgas=343.833 elapsed=3.508s    mgasps=98.007  number=2025882 hash=bcf095…919a3b age=2mo5d17h   dirty=1023.56MiB\n","stream":"stderr","time":"2020-03-25T00:43:54.934414126Z"}
{"log":"INFO [03-25|00:44:02.389] Deep froze chain segment                 blocks=7885  elapsed=1.410s    number=1936320 hash=837b03…9ad1c7\n","stream":"stderr","time":"2020-03-25T00:44:02.390096875Z"}
{"log":"INFO [03-25|00:44:02.974] Imported new chain segment               blocks=963   txs=1180  mgas=393.212 elapsed=8.002s    mgasps=49.136  number=2026845 hash=f73154…66a17c age=2mo5d13h   dirty=1023.41MiB\n","stream":"stderr","time":"2020-03-25T00:44:02.976793966Z"}
{"log":"INFO [03-25|00:44:09.061] Imported new chain segment               blocks=1085  txs=1511  mgas=369.845 elapsed=6.086s    mgasps=60.762  number=2027930 hash=c69b17…22a37a age=2mo5d9h    dirty=1023.41MiB\n","stream":"stderr","time":"2020-03-25T00:44:09.061682433Z"}
{"log":"INFO [03-25|00:44:17.106] Imported new chain segment               blocks=1642  txs=2104  mgas=539.207 elapsed=8.006s    mgasps=67.342  number=2029572 hash=c965c4…26bb5a age=2mo5d2h    dirty=1023.99MiB\n","stream":"stderr","time":"2020-03-25T00:44:17.106990409Z"}
{"log":"INFO [03-25|00:44:21.238] Imported new chain segment               blocks=406   txs=520   mgas=131.519 elapsed=4.131s    mgasps=31.833  number=2029978 hash=1e078c…e6aa3f age=2mo5d48m   dirty=1023.42MiB\n","stream":"stderr","time":"2020-03-25T00:44:21.238564208Z"}
{"log":"INFO [03-25|00:44:29.278] Imported new chain segment               blocks=1220  txs=1323  mgas=474.511 elapsed=8.010s    mgasps=59.238  number=2031198 hash=34324b…2029ae age=2mo4d19h   dirty=1023.76MiB\n","stream":"stderr","time":"2020-03-25T00:44:29.28131226Z"}
{"log":"INFO [03-25|00:44:32.881] Imported new chain segment               blocks=828   txs=895   mgas=282.720 elapsed=3.602s    mgasps=78.478  number=2032026 hash=821b2f…2743a7 age=2mo4d15h   dirty=1023.79MiB\n","stream":"stderr","time":"2020-03-25T00:44:32.881193164Z"}
{"log":"INFO [03-25|00:44:40.932] Imported new chain segment               blocks=1066  txs=3344  mgas=463.918 elapsed=8.012s    mgasps=57.900  number=2033092 hash=c35457…ab5e1a age=2mo4d11h   dirty=1023.86MiB\n","stream":"stderr","time":"2020-03-25T00:44:40.932861324Z"}
{"log":"INFO [03-25|00:44:47.404] Imported new chain segment               blocks=982   txs=1982  mgas=411.720 elapsed=6.471s    mgasps=63.621  number=2034074 hash=dd440e…139579 age=2mo4d7h    dirty=1023.62MiB\n","stream":"stderr","time":"2020-03-25T00:44:47.404319676Z"}
{"log":"INFO [03-25|00:44:55.431] Imported new chain segment               blocks=1637  txs=2072  mgas=532.040 elapsed=8.000s    mgasps=66.497  number=2035711 hash=558f12…76608e age=2mo4d34m   dirty=1023.75MiB\n","stream":"stderr","time":"2020-03-25T00:44:55.431778922Z"}
{"log":"INFO [03-25|00:44:56.809] Imported new chain segment               blocks=411   txs=615   mgas=134.909 elapsed=1.377s    mgasps=97.908  number=2036122 hash=8c7e7d…dfe207 age=2mo3d22h   dirty=1023.40MiB\n","stream":"stderr","time":"2020-03-25T00:44:56.809732767Z"}
{"log":"INFO [03-25|00:45:05.083] Imported new chain segment               blocks=1289  txs=1293  mgas=422.432 elapsed=8.234s    mgasps=51.298  number=2037411 hash=4b9725…b056cb age=2mo3d17h   dirty=1023.70MiB\n","stream":"stderr","time":"2020-03-25T00:45:05.087177381Z"}
{"log":"INFO [03-25|00:45:06.969] Deep froze chain segment                 blocks=10580 elapsed=4.579s    number=1946900 hash=7769f9…5ae3d5\n","stream":"stderr","time":"2020-03-25T00:45:06.978902787Z"}
{"log":"INFO [03-25|00:45:10.078] Imported new chain segment               blocks=759   txs=1300  mgas=271.118 elapsed=4.994s    mgasps=54.287  number=2038170 hash=4b3288…a2eb8d age=2mo3d14h   dirty=1023.43MiB\n","stream":"stderr","time":"2020-03-25T00:45:10.078262968Z"}
{"log":"INFO [03-25|00:45:18.226] Imported new chain segment               blocks=1164  txs=2708  mgas=665.055 elapsed=8.112s    mgasps=81.977  number=2039334 hash=1d3243…ac114b age=2mo3d9h    dirty=1023.90MiB\n","stream":"stderr","time":"2020-03-25T00:45:18.227204103Z"}
{"log":"INFO [03-25|00:45:24.824] Imported new chain segment               blocks=884   txs=2022  mgas=443.824 elapsed=6.597s    mgasps=67.271  number=2040218 hash=34e740…6b8aff age=2mo3d5h    dirty=1022.92MiB\n","stream":"stderr","time":"2020-03-25T00:45:24.825347477Z"}
{"log":"INFO [03-25|00:45:32.871] Imported new chain segment               blocks=1723  txs=1996  mgas=593.466 elapsed=8.000s    mgasps=74.175  number=2041941 hash=81dc67…b897eb age=2mo2d22h   dirty=1023.65MiB\n","stream":"stderr","time":"2020-03-25T00:45:32.872236529Z"}
{"log":"INFO [03-25|00:45:33.812] Imported new chain segment               blocks=325   txs=315   mgas=95.261  elapsed=940.660ms mgasps=101.270 number=2042266 hash=86003e…3a3306 age=2mo2d21h   dirty=1023.88MiB\n","stream":"stderr","time":"2020-03-25T00:45:33.812514244Z"}
{"log":"INFO [03-25|00:45:41.841] Imported new chain segment               blocks=1534  txs=2615  mgas=529.025 elapsed=8.002s    mgasps=66.108  number=2043800 hash=fbea3e…a806e4 age=2mo2d14h   dirty=1023.28MiB\n","stream":"stderr","time":"2020-03-25T00:45:41.841383696Z"}
{"log":"INFO [03-25|00:45:46.277] Imported new chain segment               blocks=514   txs=989   mgas=194.144 elapsed=4.436s    mgasps=43.758  number=2044314 hash=27f1c2…b807cd age=2mo2d12h   dirty=1023.67MiB\n","stream":"stderr","time":"2020-03-25T00:45:46.27810966Z"}
{"log":"INFO [03-25|00:45:54.313] Imported new chain segment               blocks=1332  txs=3426  mgas=573.632 elapsed=8.000s    mgasps=71.703  number=2045646 hash=99cd1e…f56d93 age=2mo2d7h    dirty=1023.22MiB\n","stream":"stderr","time":"2020-03-25T00:45:54.313715219Z"}
{"log":"INFO [03-25|00:45:56.558] Imported new chain segment               blocks=716   txs=724   mgas=232.037 elapsed=2.244s    mgasps=103.360 number=2046362 hash=735d15…77b233 age=2mo2d4h    dirty=1023.69MiB\n","stream":"stderr","time":"2020-03-25T00:45:56.558639901Z"}
{"log":"INFO [03-25|00:46:04.592] Imported new chain segment               blocks=1450  txs=1604  mgas=459.756 elapsed=8.006s    mgasps=57.425  number=2047812 hash=18bc1f…517dee age=2mo1d22h   dirty=1023.34MiB\n","stream":"stderr","time":"2020-03-25T00:46:04.593164529Z"}
{"log":"INFO [03-25|00:46:09.345] Imported new chain segment               blocks=598   txs=686   mgas=198.752 elapsed=4.752s    mgasps=41.823  number=2048410 hash=d88225…10b3db age=2mo1d19h   dirty=1023.37MiB\n","stream":"stderr","time":"2020-03-25T00:46:09.345400253Z"}
{"log":"INFO [03-25|00:46:11.188] Deep froze chain segment                 blocks=11259 elapsed=4.193s    number=1958159 hash=d4a37f…66307d\n","stream":"stderr","time":"2020-03-25T00:46:11.188444679Z"}
{"log":"INFO [03-25|00:46:17.395] Imported new chain segment               blocks=1372  txs=2063  mgas=507.498 elapsed=8.008s    mgasps=63.374  number=2049782 hash=f84a6d…aecf35 age=2mo1d13h   dirty=1023.75MiB\n","stream":"stderr","time":"2020-03-25T00:46:17.395549266Z"}
{"log":"INFO [03-25|00:46:22.485] Imported new chain segment               blocks=676   txs=1218  mgas=285.027 elapsed=5.090s    mgasps=55.996  number=2050458 hash=7fa8f0…40c0c1 age=2mo1d11h   dirty=1023.64MiB\n","stream":"stderr","time":"2020-03-25T00:46:22.485872078Z"}
{"log":"INFO [03-25|00:46:30.824] Imported new chain segment               blocks=1245  txs=2157  mgas=517.389 elapsed=8.022s    mgasps=64.492  number=2051703 hash=c31fd7…742008 age=2mo1d5h    dirty=1023.65MiB\n","stream":"stderr","time":"2020-03-25T00:46:30.82466516Z"}
{"log":"INFO [03-25|00:46:33.736] Imported new chain segment               blocks=803   txs=1305  mgas=282.485 elapsed=2.912s    mgasps=97.003  number=2052506 hash=cd6254…d52054 age=2mo1d2h    dirty=1023.95MiB\n","stream":"stderr","time":"2020-03-25T00:46:33.736580759Z"}
{"log":"INFO [03-25|00:46:41.766] Imported new chain segment               blocks=1638  txs=2329  mgas=531.726 elapsed=8.004s    mgasps=66.429  number=2054144 hash=450c66…0dc16a age=2mo19h47m  dirty=1023.93MiB\n","stream":"stderr","time":"2020-03-25T00:46:41.766968502Z"}
{"log":"INFO [03-25|00:46:44.976] Imported new chain segment               blocks=410   txs=511   mgas=127.712 elapsed=3.210s    mgasps=39.785  number=2054554 hash=cc1488…bce4ef age=2mo18h4m   dirty=1023.52MiB\n","stream":"stderr","time":"2020-03-25T00:46:44.977116894Z"}
{"log":"INFO [03-25|00:46:53.671] Imported new chain segment               blocks=1052  txs=2060  mgas=421.151 elapsed=8.017s    mgasps=52.527  number=2055606 hash=2b4b20…07fbfe age=2mo13h42m  dirty=1023.31MiB\n","stream":"stderr","time":"2020-03-25T00:46:53.671615741Z"}
{"log":"INFO [03-25|00:46:59.655] Imported new chain segment               blocks=996   txs=2265  mgas=489.328 elapsed=5.983s    mgasps=81.774  number=2056602 hash=f15ad3…acde56 age=2mo9h33m   dirty=1023.79MiB\n","stream":"stderr","time":"2020-03-25T00:46:59.655545459Z"}
{"log":"INFO [03-25|00:47:08.696] Imported new chain segment               blocks=476   txs=1628  mgas=437.790 elapsed=8.212s    mgasps=53.310  number=2057078 hash=43cb66…736bd6 age=2mo7h34m   dirty=1023.06MiB\n","stream":"stderr","time":"2020-03-25T00:47:08.696442399Z"}
{"log":"INFO [03-25|00:47:13.680] Deep froze chain segment                 blocks=8928  elapsed=2.490s    number=1967087 hash=a63e61…6a7c0c\n","stream":"stderr","time":"2020-03-25T00:47:13.68079974Z"}
{"log":"INFO [03-25|00:47:16.703] Imported new chain segment               blocks=1122  txs=1632  mgas=332.620 elapsed=8.007s    mgasps=41.540  number=2058200 hash=a7a9ce…b8dfd1 age=2mo2h53m   dirty=1022.58MiB\n","stream":"stderr","time":"2020-03-25T00:47:16.703715357Z"}
{"log":"INFO [03-25|00:47:19.314] Imported new chain segment               blocks=450   txs=841   mgas=99.216  elapsed=2.610s    mgasps=37.999  number=2058650 hash=9afa81…f296c1 age=2mo1h1m    dirty=1022.42MiB\n","stream":"stderr","time":"2020-03-25T00:47:19.314520683Z"}
{"log":"INFO [03-25|00:47:22.922] Imported new chain segment               blocks=2048  txs=2033  mgas=300.524 elapsed=3.568s    mgasps=84.225  number=2060698 hash=8aa6e1…964354 age=1mo4w1d    dirty=1023.14MiB\n","stream":"stderr","time":"2020-03-25T00:47:22.92253782Z"}
{"log":"INFO [03-25|00:47:31.493] Imported new chain segment               blocks=1404  txs=1724  mgas=452.643 elapsed=8.027s    mgasps=56.390  number=2062102 hash=a07ae3…534c9e age=1mo4w1d    dirty=1023.51MiB\n","stream":"stderr","time":"2020-03-25T00:47:31.498125084Z"}
{"log":"INFO [03-25|00:47:36.446] Imported new chain segment               blocks=644   txs=801   mgas=230.539 elapsed=4.952s    mgasps=46.551  number=2062746 hash=c91eb1…a89dc9 age=1mo4w1d    dirty=1023.44MiB\n","stream":"stderr","time":"2020-03-25T00:47:36.44642307Z"}
{"log":"INFO [03-25|00:47:44.479] Imported new chain segment               blocks=1156  txs=2116  mgas=482.942 elapsed=8.005s    mgasps=60.324  number=2063902 hash=cd8e4f…6b784c age=1mo4w1d    dirty=1023.21MiB\n","stream":"stderr","time":"2020-03-25T00:47:44.480046006Z"}
{"log":"INFO [03-25|00:47:49.858] Imported new chain segment               blocks=892   txs=1767  mgas=400.934 elapsed=5.378s    mgasps=74.546  number=2064794 hash=9e63f8…d3416a age=1mo4w23h   dirty=1022.30MiB\n","stream":"stderr","time":"2020-03-25T00:47:49.858574209Z"}
{"log":"INFO [03-25|00:47:58.574] Imported new chain segment               blocks=1500  txs=1937  mgas=484.597 elapsed=8.007s    mgasps=60.517  number=2066294 hash=247a5f…fe0491 age=1mo4w17h   dirty=1023.80MiB\n","stream":"stderr","time":"2020-03-25T00:47:58.574465621Z"}
{"log":"INFO [03-25|00:48:01.261] Imported new chain segment               blocks=548   txs=926   mgas=232.223 elapsed=2.687s    mgasps=86.403  number=2066842 hash=918267…e37a40 age=1mo4w14h   dirty=1023.36MiB\n","stream":"stderr","time":"2020-03-25T00:48:01.261943655Z"}
{"log":"INFO [03-25|00:48:09.299] Imported new chain segment               blocks=1141  txs=1825  mgas=469.304 elapsed=8.011s    mgasps=58.579  number=2067983 hash=e8095e…aeb5cd age=1mo4w10h   dirty=1023.62MiB\n","stream":"stderr","time":"2020-03-25T00:48:09.29947731Z"}
{"log":"INFO [03-25|00:48:16.276] Imported new chain segment               blocks=907   txs=1604  mgas=416.632 elapsed=6.977s    mgasps=59.710  number=2068890 hash=e2983c…4e3854 age=1mo4w6h    dirty=1023.36MiB\n","stream":"stderr","time":"2020-03-25T00:48:16.277097153Z"}
{"log":"INFO [03-25|00:48:17.651] Deep froze chain segment                 blocks=11534 elapsed=3.954s    number=1978621 hash=11bb30…28c73e\n","stream":"stderr","time":"2020-03-25T00:48:17.651244013Z"}
{"log":"INFO [03-25|00:48:24.314] Imported new chain segment               blocks=1134  txs=1808  mgas=437.698 elapsed=8.000s    mgasps=54.708  number=2070024 hash=f9c9a7…a7e7c8 age=1mo4w1h    dirty=1023.65MiB\n","stream":"stderr","time":"2020-03-25T00:48:24.314543989Z"}
{"log":"INFO [03-25|00:48:29.939] Imported new chain segment               blocks=914   txs=856   mgas=280.766 elapsed=5.625s    mgasps=49.913  number=2070938 hash=e36b97…36123d age=1mo3w6d    dirty=1023.15MiB\n","stream":"stderr","time":"2020-03-25T00:48:29.939952027Z"}
{"log":"INFO [03-25|00:48:37.982] Imported new chain segment               blocks=1245  txs=1721  mgas=453.177 elapsed=8.006s    mgasps=56.600  number=2072183 hash=73bb42…afc414 age=1mo3w6d    dirty=1023.71MiB\n","stream":"stderr","time":"2020-03-25T00:48:37.982311047Z"}
{"log":"INFO [03-25|00:48:42.317] Imported new chain segment               blocks=803   txs=1598  mgas=400.962 elapsed=4.335s    mgasps=92.488  number=2072986 hash=e3f9f9…d7ea6f age=1mo3w6d    dirty=1023.25MiB\n","stream":"stderr","time":"2020-03-25T00:48:42.317681596Z"}
{"log":"INFO [03-25|00:48:50.765] Imported new chain segment               blocks=761   txs=2297  mgas=486.513 elapsed=8.008s    mgasps=60.750  number=2073747 hash=add594…cb0c58 age=1mo3w6d    dirty=1023.91MiB\n","stream":"stderr","time":"2020-03-25T00:48:50.766028609Z"}
{"log":"INFO [03-25|00:48:58.774] Imported new chain segment               blocks=956   txs=2734  mgas=570.157 elapsed=8.008s    mgasps=71.194  number=2074703 hash=889512…cc25e7 age=1mo3w6d    dirty=1022.97MiB\n","stream":"stderr","time":"2020-03-25T00:48:58.774514853Z"}
{"log":"INFO [03-25|00:49:02.278] Imported new chain segment               blocks=331   txs=621   mgas=156.170 elapsed=3.504s    mgasps=44.564  number=2075034 hash=0ba3f6…c2ffa9 age=1mo3w6d    dirty=1023.40MiB\n","stream":"stderr","time":"2020-03-25T00:49:02.278722741Z"}
{"log":"INFO [03-25|00:49:10.322] Imported new chain segment               blocks=1488  txs=2221  mgas=612.351 elapsed=8.015s    mgasps=76.393  number=2076522 hash=456cf1…9c002b age=1mo3w5d    dirty=1022.52MiB\n","stream":"stderr","time":"2020-03-25T00:49:10.32300526Z"}
{"log":"INFO [03-25|00:49:11.908] Imported new chain segment               blocks=560   txs=697   mgas=212.501 elapsed=1.585s    mgasps=134.012 number=2077082 hash=eb8e64…c2f0c6 age=1mo3w5d    dirty=1023.44MiB\n","stream":"stderr","time":"2020-03-25T00:49:11.908721807Z"}
{"log":"INFO [03-25|00:49:19.353] Deep froze chain segment                 blocks=9130  elapsed=1.702s    number=1987751 hash=7d5e4d…4e9df1\n","stream":"stderr","time":"2020-03-25T00:49:19.353674093Z"}
{"log":"INFO [03-25|00:49:19.941] Imported new chain segment               blocks=839   txs=1174  mgas=382.723 elapsed=8.007s    mgasps=47.798  number=2077921 hash=c71fad…7032d7 age=1mo3w5d    dirty=1023.38MiB\n","stream":"stderr","time":"2020-03-25T00:49:19.941662297Z"}
{"log":"INFO [03-25|00:49:27.946] Imported new chain segment               blocks=399   txs=1112  mgas=334.450 elapsed=8.005s    mgasps=41.778  number=2078320 hash=b7b065…4c127e age=1mo3w5d    dirty=1023.38MiB\n","stream":"stderr","time":"2020-03-25T00:49:27.946993979Z"}
{"log":"INFO [03-25|00:49:35.948] Imported new chain segment               blocks=386   txs=1109  mgas=328.281 elapsed=8.001s    mgasps=41.028  number=2078706 hash=e2a43c…2de55f age=1mo3w5d    dirty=1023.70MiB\n","stream":"stderr","time":"2020-03-25T00:49:35.948510515Z"}
{"log":"INFO [03-25|00:49:41.322] Imported new chain segment               blocks=424   txs=1050  mgas=334.426 elapsed=5.373s    mgasps=62.230  number=2079130 hash=2eb0b7…9c5ccf age=1mo3w5d    dirty=1023.37MiB\n","stream":"stderr","time":"2020-03-25T00:49:41.322385429Z"}
{"log":"INFO [03-25|00:49:49.359] Imported new chain segment               blocks=653   txs=1528  mgas=377.226 elapsed=8.001s    mgasps=47.145  number=2079783 hash=cdbd09…1b669e age=1mo3w5d    dirty=1023.78MiB\n","stream":"stderr","time":"2020-03-25T00:49:49.359199001Z"}
{"log":"INFO [03-25|00:49:57.359] Imported new chain segment               blocks=1041  txs=1891  mgas=481.267 elapsed=8.000s    mgasps=60.158  number=2080824 hash=d45218…7979dd age=1mo3w5d    dirty=1023.84MiB\n","stream":"stderr","time":"2020-03-25T00:49:57.359303005Z"}
{"log":"INFO [03-25|00:49:58.488] Imported new chain segment               blocks=354   txs=426   mgas=124.598 elapsed=1.129s    mgasps=110.316 number=2081178 hash=b22fe0…c8262e age=1mo3w5d    dirty=1023.34MiB\n","stream":"stderr","time":"2020-03-25T00:49:58.488715687Z"}
{"log":"INFO [03-25|00:50:06.527] Imported new chain segment               blocks=1512  txs=2249  mgas=636.902 elapsed=8.001s    mgasps=79.602  number=2082690 hash=34674d…9f2cf9 age=1mo3w4d    dirty=1023.20MiB\n","stream":"stderr","time":"2020-03-25T00:50:06.527984797Z"}
{"log":"INFO [03-25|00:50:12.822] Imported new chain segment               blocks=536   txs=828   mgas=267.234 elapsed=6.294s    mgasps=42.452  number=2083226 hash=cd3e5f…7b6560 age=1mo3w4d    dirty=1023.67MiB\n","stream":"stderr","time":"2020-03-25T00:50:12.822987591Z"}
{"log":"INFO [03-25|00:50:21.636] Imported new chain segment               blocks=413   txs=1167  mgas=397.083 elapsed=8.776s    mgasps=45.245  number=2083639 hash=dc25a3…231360 age=1mo3w4d    dirty=1023.58MiB\n","stream":"stderr","time":"2020-03-25T00:50:21.639500277Z"}
{"log":"INFO [03-25|00:50:23.402] Deep froze chain segment                 blocks=5880  elapsed=4.048s    number=1993631 hash=39325a…400b20\n","stream":"stderr","time":"2020-03-25T00:50:23.402444038Z"}
{"log":"INFO [03-25|00:50:29.642] Imported new chain segment               blocks=647   txs=1593  mgas=450.134 elapsed=8.005s    mgasps=56.228  number=2084286 hash=3f96f1…3ef48d age=1mo3w4d    dirty=1023.75MiB\n","stream":"stderr","time":"2020-03-25T00:50:29.642646389Z"}
{"log":"INFO [03-25|00:50:39.355] Imported new chain segment               blocks=977   txs=2455  mgas=712.142 elapsed=9.712s    mgasps=73.319  number=2085263 hash=3e1001…12e3e4 age=1mo3w4d    dirty=1023.41MiB\n","stream":"stderr","time":"2020-03-25T00:50:39.35551108Z"}
{"log":"INFO [03-25|00:50:39.532] Imported new chain segment               blocks=11    txs=26    mgas=4.625   elapsed=177.641ms mgasps=26.033  number=2085274 hash=f15cd4…42950e age=1mo3w4d    dirty=1023.31MiB\n","stream":"stderr","time":"2020-03-25T00:50:39.533126841Z"}
{"log":"INFO [03-25|00:50:47.618] Imported new chain segment               blocks=1169  txs=1846  mgas=497.572 elapsed=8.047s    mgasps=61.826  number=2086443 hash=79f4d5…0187f3 age=1mo3w4d    dirty=1023.46MiB\n","stream":"stderr","time":"2020-03-25T00:50:47.618622009Z"}
{"log":"INFO [03-25|00:50:50.471] Imported new chain segment               blocks=879   txs=1141  mgas=309.928 elapsed=2.853s    mgasps=108.613 number=2087322 hash=f65bfc…2f80ef age=1mo3w4d    dirty=1023.30MiB\n","stream":"stderr","time":"2020-03-25T00:50:50.472012687Z"}
{"log":"INFO [03-25|00:50:58.500] Imported new chain segment               blocks=1520  txs=1852  mgas=550.170 elapsed=8.001s    mgasps=68.759  number=2088842 hash=96261d…7c440e age=1mo3w3d    dirty=1023.43MiB\n","stream":"stderr","time":"2020-03-25T00:50:58.50069453Z"}
{"log":"INFO [03-25|00:51:02.496] Imported new chain segment               blocks=528   txs=620   mgas=191.527 elapsed=3.995s    mgasps=47.935  number=2089370 hash=7b8efa…c74366 age=1mo3w3d    dirty=1023.87MiB\n","stream":"stderr","time":"2020-03-25T00:51:02.496391803Z"}
{"log":"INFO [03-25|00:51:11.424] Imported new chain segment               blocks=1044  txs=2756  mgas=529.282 elapsed=8.000s    mgasps=66.158  number=2090414 hash=483e8c…7dbe60 age=1mo3w3d    dirty=1022.34MiB\n","stream":"stderr","time":"2020-03-25T00:51:11.425025536Z"}
{"log":"INFO [03-25|00:51:17.709] Imported new chain segment               blocks=1004  txs=2623  mgas=490.603 elapsed=6.284s    mgasps=78.067  number=2091418 hash=a4fc7e…e6d425 age=1mo3w3d    dirty=1023.27MiB\n","stream":"stderr","time":"2020-03-25T00:51:17.709535976Z"}
{"log":"INFO [03-25|00:51:26.214] Imported new chain segment               blocks=1154  txs=2021  mgas=452.517 elapsed=8.037s    mgasps=56.304  number=2092572 hash=7050ba…f091e0 age=1mo3w3d    dirty=1023.41MiB\n","stream":"stderr","time":"2020-03-25T00:51:26.214383968Z"}
{"log":"INFO [03-25|00:51:28.177] Deep froze chain segment                 blocks=8735  elapsed=4.775s    number=2002366 hash=ae8fad…987278\n","stream":"stderr","time":"2020-03-25T00:51:28.178177987Z"}
{"log":"INFO [03-25|00:51:30.566] Imported new chain segment               blocks=894   txs=1763  mgas=342.134 elapsed=4.352s    mgasps=78.603  number=2093466 hash=5ac09e…afae72 age=1mo3w3d    dirty=1021.36MiB\n","stream":"stderr","time":"2020-03-25T00:51:30.566851856Z"}
{"log":"INFO [03-25|00:51:38.645] Imported new chain segment               blocks=1557  txs=1579  mgas=493.013 elapsed=8.046s    mgasps=61.269  number=2095023 hash=e4bedd…7df35e age=1mo3w2d    dirty=1023.48MiB\n","stream":"stderr","time":"2020-03-25T00:51:38.645599751Z"}
{"log":"INFO [03-25|00:51:43.191] Imported new chain segment               blocks=491   txs=658   mgas=205.139 elapsed=4.546s    mgasps=45.122  number=2095514 hash=623973…0be762 age=1mo3w2d    dirty=1023.75MiB\n","stream":"stderr","time":"2020-03-25T00:51:43.191704407Z"}
{"log":"INFO [03-25|00:51:51.223] Imported new chain segment               blocks=1109  txs=2914  mgas=604.121 elapsed=8.006s    mgasps=75.452  number=2096623 hash=cc25f6…a75cb9 age=1mo3w2d    dirty=1023.98MiB\n","stream":"stderr","time":"2020-03-25T00:51:51.22393225Z"}
{"log":"INFO [03-25|00:51:55.993] Imported new chain segment               blocks=939   txs=1624  mgas=379.056 elapsed=4.769s    mgasps=79.469  number=2097562 hash=e4f9dd…8d85e8 age=1mo3w2d    dirty=1023.01MiB\n","stream":"stderr","time":"2020-03-25T00:51:55.994174593Z"}
{"log":"INFO [03-25|00:52:04.738] Imported new chain segment               blocks=1462  txs=2296  mgas=589.102 elapsed=8.027s    mgasps=73.383  number=2099024 hash=00945b…c37cd3 age=1mo3w2d    dirty=1023.63MiB\n","stream":"stderr","time":"2020-03-25T00:52:04.739257541Z"}
{"log":"INFO [03-25|00:52:12.780] Imported new chain segment               blocks=431   txs=1223  mgas=217.059 elapsed=8.041s    mgasps=26.994  number=2099455 hash=c36756…9c703a age=1mo3w1d    dirty=1021.55MiB\n","stream":"stderr","time":"2020-03-25T00:52:12.781077471Z"}
{"log":"INFO [03-25|00:52:14.673] Imported new chain segment               blocks=155   txs=208   mgas=52.358  elapsed=1.893s    mgasps=27.657  number=2099610 hash=0b5bfa…469ea8 age=1mo3w1d    dirty=1021.36MiB\n","stream":"stderr","time":"2020-03-25T00:52:14.673503348Z"}
{"log":"INFO [03-25|00:52:22.989] Imported new chain segment               blocks=1697  txs=1474  mgas=508.515 elapsed=8.040s    mgasps=63.241  number=2101307 hash=f1a88d…177a7e age=1mo3w1d    dirty=1023.56MiB\n","stream":"stderr","time":"2020-03-25T00:52:22.989984389Z"}
{"log":"INFO [03-25|00:52:25.740] Imported new chain segment               blocks=351   txs=445   mgas=144.766 elapsed=2.750s    mgasps=52.629  number=2101658 hash=bdded7…008313 age=1mo3w1d    dirty=1023.88MiB\n","stream":"stderr","time":"2020-03-25T00:52:25.740460056Z"}
{"log":"INFO [03-25|00:52:33.779] Imported new chain segment               blocks=965   txs=1154  mgas=354.938 elapsed=8.005s    mgasps=44.335  number=2102623 hash=128082…6ca3b1 age=1mo3w1d    dirty=1023.81MiB\n","stream":"stderr","time":"2020-03-25T00:52:33.780027013Z"}
{"log":"INFO [03-25|00:52:34.079] Deep froze chain segment                 blocks=9735  elapsed=5.901s    number=2012101 hash=0284b2…4fee54\n","stream":"stderr","time":"2020-03-25T00:52:34.079654212Z"}
{"log":"INFO [03-25|00:52:41.239] Imported new chain segment               blocks=1083  txs=1537  mgas=386.986 elapsed=7.459s    mgasps=51.877  number=2103706 hash=7ff78e…206944 age=1mo3w1d    dirty=1023.75MiB\n","stream":"stderr","time":"2020-03-25T00:52:41.239733534Z"}
{"log":"INFO [03-25|00:52:49.323] Imported new chain segment               blocks=1124  txs=1943  mgas=422.659 elapsed=8.026s    mgasps=52.659  number=2104830 hash=ca7040…e95e61 age=1mo3w1d    dirty=1023.68MiB\n","stream":"stderr","time":"2020-03-25T00:52:49.323398683Z"}
{"log":"INFO [03-25|00:52:53.036] Imported new chain segment               blocks=924   txs=1473  mgas=353.857 elapsed=3.713s    mgasps=95.296  number=2105754 hash=64b78b…e0313b age=1mo3w20h   dirty=1022.67MiB\n","stream":"stderr","time":"2020-03-25T00:52:53.036645338Z"}
{"log":"INFO [03-25|00:53:01.097] Imported new chain segment               blocks=1315  txs=1220  mgas=416.226 elapsed=8.010s    mgasps=51.961  number=2107069 hash=362c78…2454d1 age=1mo3w15h   dirty=1023.90MiB\n","stream":"stderr","time":"2020-03-25T00:53:01.09728394Z"}
{"log":"INFO [03-25|00:53:06.481] Imported new chain segment               blocks=733   txs=881   mgas=265.296 elapsed=5.384s    mgasps=49.267  number=2107802 hash=469130…eef863 age=1mo3w12h   dirty=1023.45MiB\n","stream":"stderr","time":"2020-03-25T00:53:06.482086288Z"}
{"log":"INFO [03-25|00:53:14.560] Imported new chain segment               blocks=1421  txs=1803  mgas=509.201 elapsed=8.050s    mgasps=63.252  number=2109223 hash=b937f5…ddff34 age=1mo3w6h    dirty=1023.44MiB\n","stream":"stderr","time":"2020-03-25T00:53:14.560831098Z"}
{"log":"INFO [03-25|00:53:16.852] Imported new chain segment               blocks=627   txs=725   mgas=216.333 elapsed=2.292s    mgasps=94.384  number=2109850 hash=360448…ad8488 age=1mo3w3h    dirty=1023.31MiB\n","stream":"stderr","time":"2020-03-25T00:53:16.852553663Z"}
{"log":"INFO [03-25|00:53:24.908] Imported new chain segment               blocks=1267  txs=2374  mgas=521.386 elapsed=8.000s    mgasps=65.165  number=2111117 hash=8883c8…e3fa4c age=1mo2w6d    dirty=1020.98MiB\n","stream":"stderr","time":"2020-03-25T00:53:24.90874709Z"}
{"log":"INFO [03-25|00:53:31.054] Imported new chain segment               blocks=781   txs=1316  mgas=444.040 elapsed=6.145s    mgasps=72.254  number=2111898 hash=e74b5a…9eae89 age=1mo2w6d    dirty=1023.44MiB\n","stream":"stderr","time":"2020-03-25T00:53:31.054244029Z"}
{"log":"INFO [03-25|00:53:38.890] Deep froze chain segment                 blocks=10520 elapsed=4.810s    number=2022621 hash=2d3cce…24c5b2\n","stream":"stderr","time":"2020-03-25T00:53:38.890592515Z"}
{"log":"INFO [03-25|00:53:39.099] Imported new chain segment               blocks=1111  txs=1448  mgas=485.852 elapsed=8.004s    mgasps=60.696  number=2113009 hash=883669…862f58 age=1mo2w6d    dirty=1023.92MiB\n","stream":"stderr","time":"2020-03-25T00:53:39.099517783Z"}
{"log":"INFO [03-25|00:53:46.687] Imported new chain segment               blocks=937   txs=2463  mgas=472.630 elapsed=7.588s    mgasps=62.281  number=2113946 hash=06ce62…8c3b13 age=1mo2w6d    dirty=1023.51MiB\n","stream":"stderr","time":"2020-03-25T00:53:46.688087086Z"}
{"log":"INFO [03-25|00:53:54.731] Imported new chain segment               blocks=1156  txs=1965  mgas=599.225 elapsed=8.003s    mgasps=74.867  number=2115102 hash=29ce91…af6740 age=1mo2w6d    dirty=1023.28MiB\n","stream":"stderr","time":"2020-03-25T00:53:54.731219827Z"}
{"log":"INFO [03-25|00:53:58.857] Imported new chain segment               blocks=892   txs=1088  mgas=297.034 elapsed=4.126s    mgasps=71.990  number=2115994 hash=a99d5d…19b370 age=1mo2w6d    dirty=1023.01MiB\n","stream":"stderr","time":"2020-03-25T00:53:58.860692611Z"}
{"log":"INFO [03-25|00:54:07.119] Imported new chain segment               blocks=1169  txs=2069  mgas=496.330 elapsed=8.001s    mgasps=62.030  number=2117163 hash=b1c593…affb02 age=1mo2w5d    dirty=1020.89MiB\n","stream":"stderr","time":"2020-03-25T00:54:07.120067744Z"}
{"log":"INFO [03-25|00:54:11.726] Imported new chain segment               blocks=879   txs=1120  mgas=289.374 elapsed=4.606s    mgasps=62.818  number=2118042 hash=505646…eae1ef age=1mo2w5d    dirty=1023.26MiB\n","stream":"stderr","time":"2020-03-25T00:54:11.726457923Z"}
{"log":"INFO [03-25|00:54:19.771] Imported new chain segment               blocks=1149  txs=2458  mgas=523.610 elapsed=8.008s    mgasps=65.379  number=2119191 hash=bec553…af45a3 age=1mo2w5d    dirty=1022.63MiB\n","stream":"stderr","time":"2020-03-25T00:54:19.771894045Z"}
{"log":"INFO [03-25|00:54:27.293] Imported new chain segment               blocks=899   txs=2453  mgas=518.071 elapsed=7.521s    mgasps=68.876  number=2120090 hash=33d4ee…182cf7 age=1mo2w5d    dirty=1023.01MiB\n","stream":"stderr","time":"2020-03-25T00:54:27.293692971Z"}
{"log":"INFO [03-25|00:54:35.321] Imported new chain segment               blocks=1431  txs=1640  mgas=530.910 elapsed=8.000s    mgasps=66.360  number=2121521 hash=2a572e…3c1a5f age=1mo2w5d    dirty=1023.14MiB\n","stream":"stderr","time":"2020-03-25T00:54:35.322012384Z"}
{"log":"INFO [03-25|00:54:41.173] Imported new chain segment               blocks=617   txs=1340  mgas=281.384 elapsed=5.851s    mgasps=48.084  number=2122138 hash=bdce60…dca5c3 age=1mo2w5d    dirty=1023.68MiB\n","stream":"stderr","time":"2020-03-25T00:54:41.173904759Z"}
{"log":"INFO [03-25|00:54:42.613] Deep froze chain segment                 blocks=9470  elapsed=3.722s    number=2032091 hash=f01f6b…47dfda\n","stream":"stderr","time":"2020-03-25T00:54:42.614017551Z"}
{"log":"INFO [03-25|00:54:49.206] Imported new chain segment               blocks=1473  txs=1897  mgas=578.595 elapsed=8.001s    mgasps=72.307  number=2123611 hash=0640af…eb1160 age=1mo2w4d    dirty=1022.50MiB\n","stream":"stderr","time":"2020-03-25T00:54:49.206658628Z"}
{"log":"INFO [03-25|00:54:51.107] Imported new chain segment               blocks=575   txs=607   mgas=242.482 elapsed=1.901s    mgasps=127.540 number=2124186 hash=03e892…1b1696 age=1mo2w4d    dirty=1023.76MiB\n","stream":"stderr","time":"2020-03-25T00:54:51.107915061Z"}
{"log":"INFO [03-25|00:54:59.152] Imported new chain segment               blocks=1216  txs=1897  mgas=479.638 elapsed=8.009s    mgasps=59.885  number=2125402 hash=ee66e9…0c1094 age=1mo2w4d    dirty=1023.33MiB\n","stream":"stderr","time":"2020-03-25T00:54:59.152535736Z"}
{"log":"INFO [03-25|00:55:05.677] Imported new chain segment               blocks=832   txs=1412  mgas=332.519 elapsed=6.525s    mgasps=50.958  number=2126234 hash=51dfa3…3c1c01 age=1mo2w4d    dirty=1023.63MiB\n","stream":"stderr","time":"2020-03-25T00:55:05.677914619Z"}
{"log":"INFO [03-25|00:55:13.718] Imported new chain segment               blocks=1188  txs=1807  mgas=463.333 elapsed=8.011s    mgasps=57.831  number=2127422 hash=1a1dfb…c42805 age=1mo2w4d    dirty=1023.93MiB\n","stream":"stderr","time":"2020-03-25T00:55:13.718828988Z"}
{"log":"INFO [03-25|00:55:20.409] Imported new chain segment               blocks=860   txs=1676  mgas=371.863 elapsed=6.691s    mgasps=55.576  number=2128282 hash=d7b7b8…f173f3 age=1mo2w3d    dirty=1019.88MiB\n","stream":"stderr","time":"2020-03-25T00:55:20.409761528Z"}
{"log":"INFO [03-25|00:55:28.454] Imported new chain segment               blocks=1571  txs=1379  mgas=496.169 elapsed=8.015s    mgasps=61.899  number=2129853 hash=9eac4c…d352d8 age=1mo2w3d    dirty=1023.36MiB\n","stream":"stderr","time":"2020-03-25T00:55:28.454695741Z"}
{"log":"INFO [03-25|00:55:30.488] Imported new chain segment               blocks=477   txs=940   mgas=195.817 elapsed=2.033s    mgasps=96.274  number=2130330 hash=58a857…026453 age=1mo2w3d    dirty=1023.68MiB\n","stream":"stderr","time":"2020-03-25T00:55:30.488588756Z"}
{"log":"INFO [03-25|00:55:38.563] Imported new chain segment               blocks=839   txs=2682  mgas=568.994 elapsed=8.047s    mgasps=70.707  number=2131169 hash=b9c837…65e829 age=1mo2w3d    dirty=1023.58MiB\n","stream":"stderr","time":"2020-03-25T00:55:38.564137087Z"}
{"log":"INFO [03-25|00:55:45.589] Deep froze chain segment                 blocks=9573  elapsed=2.975s    number=2041664 hash=158ab6…5d97ba\n","stream":"stderr","time":"2020-03-25T00:55:45.589989384Z"}
{"log":"INFO [03-25|00:55:46.574] Imported new chain segment               blocks=1034  txs=2654  mgas=485.748 elapsed=8.010s    mgasps=60.641  number=2132203 hash=6c1624…57de28 age=1mo2w3d    dirty=1023.26MiB\n","stream":"stderr","time":"2020-03-25T00:55:46.574290253Z"}
{"log":"INFO [03-25|00:55:47.499] Imported new chain segment               blocks=175   txs=294   mgas=67.124  elapsed=925.478ms mgasps=72.530  number=2132378 hash=e559ba…ac3d48 age=1mo2w3d    dirty=1022.76MiB\n","stream":"stderr","time":"2020-03-25T00:55:47.499786737Z"}
{"log":"INFO [03-25|00:55:55.552] Imported new chain segment               blocks=1184  txs=2140  mgas=456.076 elapsed=8.014s    mgasps=56.909  number=2133562 hash=49c070…2a44b6 age=1mo2w3d    dirty=1023.54MiB\n","stream":"stderr","time":"2020-03-25T00:55:55.556760396Z"}
{"log":"INFO [03-25|00:56:02.557] Imported new chain segment               blocks=864   txs=2151  mgas=404.404 elapsed=7.004s    mgasps=57.735  number=2134426 hash=80e224…f2ae36 age=1mo2w2d    dirty=1018.95MiB\n","stream":"stderr","time":"2020-03-25T00:56:02.557367027Z"}
{"log":"INFO [03-25|00:56:10.603] Imported new chain segment               blocks=1507  txs=2262  mgas=546.078 elapsed=8.010s    mgasps=68.167  number=2135933 hash=b1c10f…ce1215 age=1mo2w2d    dirty=1023.31MiB\n","stream":"stderr","time":"2020-03-25T00:56:10.603919505Z"}
{"log":"INFO [03-25|00:56:15.720] Imported new chain segment               blocks=541   txs=967   mgas=221.404 elapsed=5.116s    mgasps=43.274  number=2136474 hash=f98207…720775 age=1mo2w2d    dirty=1023.51MiB\n","stream":"stderr","time":"2020-03-25T00:56:15.720229545Z"}
{"log":"INFO [03-25|00:56:23.757] Imported new chain segment               blocks=899   txs=3086  mgas=522.222 elapsed=8.002s    mgasps=65.256  number=2137373 hash=006c9b…11bf63 age=1mo2w2d    dirty=1023.32MiB\n","stream":"stderr","time":"2020-03-25T00:56:23.757945421Z"}
{"log":"INFO [03-25|00:56:30.582] Imported new chain segment               blocks=1149  txs=1910  mgas=416.483 elapsed=6.824s    mgasps=61.028  number=2138522 hash=88e220…d342b8 age=1mo2w2d    dirty=1022.70MiB\n","stream":"stderr","time":"2020-03-25T00:56:30.582667546Z"}
{"log":"INFO [03-25|00:56:38.980] Imported new chain segment               blocks=546   txs=1653  mgas=441.683 elapsed=8.265s    mgasps=53.438  number=2139068 hash=4c2cc9…1bb869 age=1mo2w2d    dirty=1023.90MiB\n","stream":"stderr","time":"2020-03-25T00:56:38.980704649Z"}
{"log":"INFO [03-25|00:56:46.515] Deep froze chain segment                 blocks=7798  elapsed=925.494ms number=2049462 hash=a16cb2…b0abf2\n","stream":"stderr","time":"2020-03-25T00:56:46.515711912Z"}
{"log":"INFO [03-25|00:56:47.525] Imported new chain segment               blocks=426   txs=1807  mgas=398.184 elapsed=8.545s    mgasps=46.598  number=2139494 hash=f11e15…d87b81 age=1mo2w2d    dirty=1019.49MiB\n","stream":"stderr","time":"2020-03-25T00:56:47.525887062Z"}
{"log":"INFO [03-25|00:56:55.597] Imported new chain segment               blocks=163   txs=994   mgas=321.127 elapsed=8.071s    mgasps=39.785  number=2139657 hash=18875e…25ea94 age=1mo2w1d    dirty=1017.70MiB\n","stream":"stderr","time":"2020-03-25T00:56:55.597301999Z"}
{"log":"INFO [03-25|00:57:03.655] Imported new chain segment               blocks=89    txs=864   mgas=280.038 elapsed=8.058s    mgasps=34.749  number=2139746 hash=8f9aab…2e6e0c age=1mo2w1d    dirty=1017.33MiB\n","stream":"stderr","time":"2020-03-25T00:57:03.65618293Z"}
{"log":"INFO [03-25|00:57:10.519] Imported new chain segment               blocks=824   txs=1620  mgas=386.336 elapsed=6.863s    mgasps=56.286  number=2140570 hash=68f6f6…b687bf age=1mo2w1d    dirty=1017.44MiB\n","stream":"stderr","time":"2020-03-25T00:57:10.519941029Z"}
{"log":"INFO [03-25|00:57:17.019] Imported new chain segment               blocks=2048  txs=1730  mgas=306.905 elapsed=6.474s    mgasps=47.401  number=2142618 hash=54f7f7…5e4a93 age=1mo2w1d    dirty=1018.63MiB\n","stream":"stderr","time":"2020-03-25T00:57:17.01936412Z"}
{"log":"INFO [03-25|00:57:25.067] Imported new chain segment               blocks=805   txs=902   mgas=277.769 elapsed=8.008s    mgasps=34.683  number=2143423 hash=d864d4…27ed41 age=1mo2w1d    dirty=1019.71MiB\n","stream":"stderr","time":"2020-03-25T00:57:25.067602559Z"}
{"log":"INFO [03-25|00:57:30.377] Imported new chain segment               blocks=1243  txs=1195  mgas=308.352 elapsed=5.310s    mgasps=58.067  number=2144666 hash=57eb2d…a76477 age=1mo2w1d    dirty=1021.14MiB\n","stream":"stderr","time":"2020-03-25T00:57:30.378980942Z"}
{"log":"INFO [03-25|00:57:33.774] New local node record                    seq=12 id=8252fae760b7940d ip=31.147.195.74 udp=30303 tcp=30303\n","stream":"stderr","time":"2020-03-25T00:57:33.782882012Z"}
{"log":"INFO [03-25|00:57:33.916] New local node record                    seq=13 id=8252fae760b7940d ip=31.147.195.74 udp=30303 tcp=30303\n","stream":"stderr","time":"2020-03-25T00:57:33.916965249Z"}
{"log":"INFO [03-25|00:57:39.179] Imported new chain segment               blocks=1409  txs=2406  mgas=409.091 elapsed=8.001s    mgasps=51.129  number=2146075 hash=14e689…61d276 age=1mo2w20h   dirty=1017.63MiB\n","stream":"stderr","time":"2020-03-25T00:57:39.17925092Z"}
{"log":"INFO [03-25|00:57:47.252] Imported new chain segment               blocks=276   txs=961   mgas=282.407 elapsed=8.073s    mgasps=34.978  number=2146351 hash=f8855c…cfbac4 age=1mo2w19h   dirty=1018.43MiB\n","stream":"stderr","time":"2020-03-25T00:57:47.253068132Z"}
{"log":"INFO [03-25|00:57:47.409] Deep froze chain segment                 blocks=6857  elapsed=893.945ms number=2056319 hash=7121f5…6060fd\n","stream":"stderr","time":"2020-03-25T00:57:47.409920297Z"}
{"log":"INFO [03-25|00:57:55.286] Imported new chain segment               blocks=216   txs=831   mgas=269.629 elapsed=8.033s    mgasps=33.564  number=2146567 hash=017ff4…6d4e34 age=1mo2w18h   dirty=1018.43MiB\n","stream":"stderr","time":"2020-03-25T00:57:55.286262389Z"}
{"log":"INFO [03-25|00:57:58.668] Imported new chain segment               blocks=147   txs=527   mgas=175.655 elapsed=3.382s    mgasps=51.924  number=2146714 hash=6a8514…28c9c9 age=1mo2w18h   dirty=1018.54MiB\n","stream":"stderr","time":"2020-03-25T00:57:58.669181864Z"}
{"log":"INFO [03-25|00:58:05.284] Imported new chain segment               blocks=2048  txs=1488  mgas=297.865 elapsed=6.569s    mgasps=45.338  number=2148762 hash=99b6d9…14fba8 age=1mo2w9h    dirty=1020.52MiB\n","stream":"stderr","time":"2020-03-25T00:58:05.285043658Z"}
{"log":"INFO [03-25|00:58:13.350] Imported new chain segment               blocks=1901  txs=2019  mgas=532.698 elapsed=8.041s    mgasps=66.244  number=2150663 hash=3e6ea6…3c16af age=1mo2w1h    dirty=1023.90MiB\n","stream":"stderr","time":"2020-03-25T00:58:13.350825477Z"}
{"log":"INFO [03-25|00:58:13.762] Imported new chain segment               blocks=147   txs=214   mgas=45.121  elapsed=411.452ms mgasps=109.663 number=2150810 hash=657f63…28230e age=1mo2w1h    dirty=1023.39MiB\n","stream":"stderr","time":"2020-03-25T00:58:13.762209556Z"}
{"log":"INFO [03-25|00:58:21.802] Imported new chain segment               blocks=990   txs=2116  mgas=449.342 elapsed=8.003s    mgasps=56.146  number=2151800 hash=d4f835…4e12fc age=1mo1w6d    dirty=1017.61MiB\n","stream":"stderr","time":"2020-03-25T00:58:21.803168345Z"}
{"log":"INFO [03-25|00:58:24.511] Imported new chain segment               blocks=1058  txs=1031  mgas=241.135 elapsed=2.708s    mgasps=89.042  number=2152858 hash=3a4527…09155d age=1mo1w6d    dirty=1018.16MiB\n","stream":"stderr","time":"2020-03-25T00:58:24.517657155Z"}
{"log":"INFO [03-25|00:58:32.409] Imported new chain segment               blocks=2048  txs=3405  mgas=502.612 elapsed=7.383s    mgasps=68.070  number=2154906 hash=f42d67…1b8681 age=1mo1w6d    dirty=1020.88MiB\n","stream":"stderr","time":"2020-03-25T00:58:32.410300117Z"}
{"log":"INFO [03-25|00:58:40.034] Imported new chain segment               blocks=2048  txs=2627  mgas=396.762 elapsed=6.959s    mgasps=57.014  number=2156954 hash=4c17c2…99be0e age=1mo1w5d    dirty=1017.39MiB\n","stream":"stderr","time":"2020-03-25T00:58:40.036406736Z"}
{"log":"INFO [03-25|00:58:45.785] Imported new chain segment               blocks=2048  txs=1344  mgas=270.071 elapsed=5.233s    mgasps=51.607  number=2159002 hash=192459…c6b58e age=1mo1w5d    dirty=1020.83MiB\n","stream":"stderr","time":"2020-03-25T00:58:45.786137582Z"}
{"log":"INFO [03-25|00:58:52.611] Deep froze chain segment                 blocks=13040 elapsed=5.200s    number=2069359 hash=ff4324…ac00c7\n","stream":"stderr","time":"2020-03-25T00:58:52.611240726Z"}
{"log":"INFO [03-25|00:58:53.863] Imported new chain segment               blocks=1181  txs=1858  mgas=470.568 elapsed=8.045s    mgasps=58.492  number=2160183 hash=d7660c…323f9f age=1mo1w5d    dirty=1023.72MiB\n","stream":"stderr","time":"2020-03-25T00:58:53.863731833Z"}
{"log":"INFO [03-25|00:59:00.143] Imported new chain segment               blocks=867   txs=1369  mgas=359.165 elapsed=6.280s    mgasps=57.187  number=2161050 hash=d3f498…2c7c5c age=1mo1w5d    dirty=1022.84MiB\n","stream":"stderr","time":"2020-03-25T00:59:00.144175088Z"}
{"log":"INFO [03-25|00:59:08.205] Imported new chain segment               blocks=1336  txs=2256  mgas=566.902 elapsed=8.017s    mgasps=70.711  number=2162386 hash=bab6b3…941e96 age=1mo1w5d    dirty=1023.90MiB\n","stream":"stderr","time":"2020-03-25T00:59:08.205830284Z"}
{"log":"INFO [03-25|00:59:14.137] Imported new chain segment               blocks=712   txs=1329  mgas=305.288 elapsed=5.931s    mgasps=51.467  number=2163098 hash=17e5ea…d9c14e age=1mo1w4d    dirty=1018.50MiB\n","stream":"stderr","time":"2020-03-25T00:59:14.137504552Z"}
{"log":"INFO [03-25|00:59:22.177] Imported new chain segment               blocks=1518  txs=1910  mgas=507.772 elapsed=8.000s    mgasps=63.467  number=2164616 hash=723db3…77b997 age=1mo1w4d    dirty=1022.63MiB\n","stream":"stderr","time":"2020-03-25T00:59:22.178122396Z"}
{"log":"INFO [03-25|00:59:25.529] Imported new chain segment               blocks=530   txs=1605  mgas=375.777 elapsed=3.351s    mgasps=112.123 number=2165146 hash=40177b…4e31fe age=1mo1w4d    dirty=1023.69MiB\n","stream":"stderr","time":"2020-03-25T00:59:25.52950383Z"}
{"log":"INFO [03-25|00:59:33.576] Imported new chain segment               blocks=535   txs=1605  mgas=349.917 elapsed=8.020s    mgasps=43.625  number=2165681 hash=de5b0d…31188d age=1mo1w4d    dirty=1023.09MiB\n","stream":"stderr","time":"2020-03-25T00:59:33.576198102Z"}
{"log":"INFO [03-25|00:59:41.582] Imported new chain segment               blocks=764   txs=1314  mgas=450.367 elapsed=8.005s    mgasps=56.254  number=2166445 hash=4ed1d5…090e5f age=1mo1w4d    dirty=1023.84MiB\n","stream":"stderr","time":"2020-03-25T00:59:41.582394663Z"}
{"log":"INFO [03-25|00:59:47.907] Imported new chain segment               blocks=749   txs=1199  mgas=316.661 elapsed=6.325s    mgasps=50.062  number=2167194 hash=ae14d5…be8fad age=1mo1w4d    dirty=1023.59MiB\n","stream":"stderr","time":"2020-03-25T00:59:47.907651769Z"}
{"log":"INFO [03-25|00:59:55.935] Imported new chain segment               blocks=922   txs=1729  mgas=390.795 elapsed=8.001s    mgasps=48.840  number=2168116 hash=9bee67…2f2697 age=1mo1w4d    dirty=1023.59MiB\n","stream":"stderr","time":"2020-03-25T00:59:55.935908237Z"}
{"log":"INFO [03-25|00:59:56.426] Deep froze chain segment                 blocks=8506  elapsed=3.814s    number=2077865 hash=3c255e…f689ac\n","stream":"stderr","time":"2020-03-25T00:59:56.426741775Z"}
{"log":"INFO [03-25|01:00:03.943] Imported new chain segment               blocks=1046  txs=1979  mgas=466.171 elapsed=8.008s    mgasps=58.213  number=2169162 hash=687715…e104ff age=1mo1w3d    dirty=1019.33MiB\n","stream":"stderr","time":"2020-03-25T01:00:03.944031397Z"}
{"log":"INFO [03-25|01:00:04.254] Imported new chain segment               blocks=80    txs=70    mgas=22.878  elapsed=311.080ms mgasps=73.543  number=2169242 hash=fc944e…7006e2 age=1mo1w3d    dirty=1019.31MiB\n","stream":"stderr","time":"2020-03-25T01:00:04.254981616Z"}
{"log":"INFO [03-25|01:00:12.288] Imported new chain segment               blocks=1284  txs=2139  mgas=490.651 elapsed=8.004s    mgasps=61.295  number=2170526 hash=df06ee…f689fc age=1mo1w3d    dirty=1023.50MiB\n","stream":"stderr","time":"2020-03-25T01:00:12.288902448Z"}
{"log":"INFO [03-25|01:00:16.073] Imported new chain segment               blocks=764   txs=1493  mgas=362.379 elapsed=3.785s    mgasps=95.734  number=2171290 hash=33c19d…11fd4c age=1mo1w3d    dirty=1023.45MiB\n","stream":"stderr","time":"2020-03-25T01:00:16.074257188Z"}
{"log":"INFO [03-25|01:00:24.949] Imported new chain segment               blocks=1174  txs=2081  mgas=462.038 elapsed=8.039s    mgasps=57.468  number=2172464 hash=531a49…8ead82 age=1mo1w3d    dirty=1022.45MiB\n","stream":"stderr","time":"2020-03-25T01:00:24.949684188Z"}
{"log":"INFO [03-25|01:00:29.780] Imported new chain segment               blocks=874   txs=1221  mgas=309.841 elapsed=4.831s    mgasps=64.135  number=2173338 hash=0416cf…fc102a age=1mo1w3d    dirty=1023.51MiB\n","stream":"stderr","time":"2020-03-25T01:00:29.780571318Z"}
{"log":"INFO [03-25|01:00:37.813] Imported new chain segment               blocks=1118  txs=1840  mgas=451.618 elapsed=8.006s    mgasps=56.406  number=2174456 hash=4aa6c0…3bb3dd age=1mo1w2d    dirty=1019.05MiB\n","stream":"stderr","time":"2020-03-25T01:00:37.813989785Z"}
{"log":"INFO [03-25|01:00:45.650] Imported new chain segment               blocks=930   txs=4474  mgas=593.884 elapsed=7.836s    mgasps=75.787  number=2175386 hash=f69b3a…911a2b age=1mo1w2d    dirty=1021.34MiB\n","stream":"stderr","time":"2020-03-25T01:00:45.650227043Z"}
{"log":"INFO [03-25|01:00:53.689] Imported new chain segment               blocks=617   txs=4789  mgas=545.383 elapsed=8.012s    mgasps=68.064  number=2176003 hash=f79e12…385106 age=1mo1w2d    dirty=1022.94MiB\n","stream":"stderr","time":"2020-03-25T01:00:53.689448762Z"}
{"log":"INFO [03-25|01:01:00.766] Deep froze chain segment                 blocks=8722  elapsed=4.339s    number=2086587 hash=c0bfd8…442727\n","stream":"stderr","time":"2020-03-25T01:01:00.766915124Z"}
{"log":"INFO [03-25|01:01:01.698] Imported new chain segment               blocks=929   txs=2328  mgas=435.096 elapsed=8.009s    mgasps=54.325  number=2176932 hash=6bda2c…07a40f age=1mo1w2d    dirty=1022.76MiB\n","stream":"stderr","time":"2020-03-25T01:01:01.698677004Z"}
{"log":"INFO [03-25|01:01:03.959] Imported new chain segment               blocks=502   txs=996   mgas=228.612 elapsed=2.260s    mgasps=101.115 number=2177434 hash=f516de…96b7fd age=1mo1w2d    dirty=1023.48MiB\n","stream":"stderr","time":"2020-03-25T01:01:03.959547343Z"}
{"log":"INFO [03-25|01:01:12.059] Imported new chain segment               blocks=991   txs=2030  mgas=483.489 elapsed=8.060s    mgasps=59.982  number=2178425 hash=a4b0be…70c577 age=1mo1w2d    dirty=1023.76MiB\n","stream":"stderr","time":"2020-03-25T01:01:12.059391964Z"}
{"log":"INFO [03-25|01:01:18.859] Imported new chain segment               blocks=1057  txs=1287  mgas=384.359 elapsed=6.800s    mgasps=56.522  number=2179482 hash=e275fe…760c27 age=1mo1w2d    dirty=1023.48MiB\n","stream":"stderr","time":"2020-03-25T01:01:18.859516515Z"}
{"log":"INFO [03-25|01:01:26.893] Imported new chain segment               blocks=1219  txs=1689  mgas=489.153 elapsed=8.006s    mgasps=61.092  number=2180701 hash=baf738…061bf0 age=1mo1w1d    dirty=1019.71MiB\n","stream":"stderr","time":"2020-03-25T01:01:26.893949804Z"}
{"log":"INFO [03-25|01:01:32.594] Imported new chain segment               blocks=829   txs=708   mgas=259.161 elapsed=5.701s    mgasps=45.459  number=2181530 hash=3602aa…b58b21 age=1mo1w1d    dirty=1021.74MiB\n","stream":"stderr","time":"2020-03-25T01:01:32.595060182Z"}
{"log":"INFO [03-25|01:01:40.646] Imported new chain segment               blocks=1374  txs=1629  mgas=483.163 elapsed=8.011s    mgasps=60.308  number=2182904 hash=19f1c1…5578ba age=1mo1w1d    dirty=1023.55MiB\n","stream":"stderr","time":"2020-03-25T01:01:40.647185391Z"}
{"log":"INFO [03-25|01:01:43.109] Imported new chain segment               blocks=674   txs=810   mgas=277.239 elapsed=2.462s    mgasps=112.568 number=2183578 hash=5c34f4…3220cf age=1mo1w1d    dirty=1023.70MiB\n","stream":"stderr","time":"2020-03-25T01:01:43.109736495Z"}
{"log":"INFO [03-25|01:01:51.147] Imported new chain segment               blocks=1103  txs=1838  mgas=482.428 elapsed=8.000s    mgasps=60.301  number=2184681 hash=10b63d…44e78c age=1mo1w1d    dirty=1021.92MiB\n","stream":"stderr","time":"2020-03-25T01:01:51.147886339Z"}
{"log":"INFO [03-25|01:01:58.551] Imported new chain segment               blocks=945   txs=1546  mgas=422.200 elapsed=7.403s    mgasps=57.025  number=2185626 hash=911d90…ef0004 age=1mo1w23h   dirty=1017.94MiB\n","stream":"stderr","time":"2020-03-25T01:01:58.551645626Z"}
{"log":"INFO [03-25|01:02:05.166] Deep froze chain segment                 blocks=9678  elapsed=4.399s    number=2096265 hash=133b00…4f3a73\n","stream":"stderr","time":"2020-03-25T01:02:05.166512321Z"}
{"log":"INFO [03-25|01:02:06.578] Imported new chain segment               blocks=1476  txs=1344  mgas=467.682 elapsed=8.001s    mgasps=58.452  number=2187102 hash=62b6bb…50a410 age=1mo1w17h   dirty=1021.24MiB\n","stream":"stderr","time":"2020-03-25T01:02:06.578509285Z"}
{"log":"INFO [03-25|01:02:08.621] Imported new chain segment               blocks=572   txs=632   mgas=210.306 elapsed=2.042s    mgasps=102.950 number=2187674 hash=df6253…6525b0 age=1mo1w15h   dirty=1022.79MiB\n","stream":"stderr","time":"2020-03-25T01:02:08.621391003Z"}
{"log":"INFO [03-25|01:02:16.671] Imported new chain segment               blocks=1231  txs=1615  mgas=479.379 elapsed=8.011s    mgasps=59.839  number=2188905 hash=05c47d…f11132 age=1mo1w10h   dirty=1023.70MiB\n","stream":"stderr","time":"2020-03-25T01:02:16.671378365Z"}
{"log":"INFO [03-25|01:02:22.591] Imported new chain segment               blocks=817   txs=1000  mgas=286.865 elapsed=5.920s    mgasps=48.455  number=2189722 hash=451e9d…5e2ae7 age=1mo1w6h    dirty=1023.72MiB\n","stream":"stderr","time":"2020-03-25T01:02:22.591402813Z"}
{"log":"INFO [03-25|01:02:30.650] Imported new chain segment               blocks=1221  txs=1647  mgas=470.755 elapsed=8.021s    mgasps=58.686  number=2190943 hash=b3ad70…3a86b2 age=1mo1w1h    dirty=1023.89MiB\n","stream":"stderr","time":"2020-03-25T01:02:30.650643681Z"}
{"log":"INFO [03-25|01:02:38.681] Imported new chain segment               blocks=605   txs=1350  mgas=401.562 elapsed=8.031s    mgasps=50.000  number=2191548 hash=69126b…ef24b7 age=1mo6d23h   dirty=1019.16MiB\n","stream":"stderr","time":"2020-03-25T01:02:38.68183257Z"}
{"log":"INFO [03-25|01:02:40.311] Imported new chain segment               blocks=222   txs=255   mgas=106.707 elapsed=1.630s    mgasps=65.463  number=2191770 hash=5c59a7…fa9ab0 age=1mo6d22h   dirty=1018.98MiB\n","stream":"stderr","time":"2020-03-25T01:02:40.311707839Z"}
{"log":"INFO [03-25|01:02:48.354] Imported new chain segment               blocks=976   txs=1112  mgas=392.749 elapsed=8.017s    mgasps=48.987  number=2192746 hash=7ab1fb…a4e865 age=1mo6d18h   dirty=1022.01MiB\n","stream":"stderr","time":"2020-03-25T01:02:48.355190001Z"}
{"log":"INFO [03-25|01:02:56.357] Imported new chain segment               blocks=1041  txs=2002  mgas=510.678 elapsed=8.002s    mgasps=63.814  number=2193787 hash=83557e…720b74 age=1mo6d13h   dirty=1023.81MiB\n","stream":"stderr","time":"2020-03-25T01:02:56.357752045Z"}
{"log":"INFO [03-25|01:02:56.478] Imported new chain segment               blocks=31    txs=50    mgas=10.550  elapsed=121.163ms mgasps=87.070  number=2193818 hash=550d08…60c5dc age=1mo6d13h   dirty=1023.66MiB\n","stream":"stderr","time":"2020-03-25T01:02:56.478959945Z"}
{"log":"INFO [03-25|01:03:04.516] Imported new chain segment               blocks=608   txs=2052  mgas=395.176 elapsed=8.005s    mgasps=49.360  number=2194426 hash=69be9e…0194ff age=1mo6d11h   dirty=1023.61MiB\n","stream":"stderr","time":"2020-03-25T01:03:04.516319352Z"}
{"log":"INFO [03-25|01:03:05.966] Deep froze chain segment                 blocks=8257  elapsed=799.975ms number=2104522 hash=a29882…316f89\n","stream":"stderr","time":"2020-03-25T01:03:05.966638642Z"}
{"log":"INFO [03-25|01:03:12.534] Imported new chain segment               blocks=180   txs=1318  mgas=291.288 elapsed=8.018s    mgasps=36.328  number=2194606 hash=bc69f1…62cfe2 age=1mo6d10h   dirty=1023.90MiB\n","stream":"stderr","time":"2020-03-25T01:03:12.534884176Z"}
{"log":"INFO [03-25|01:03:20.608] Imported new chain segment               blocks=208   txs=1694  mgas=375.950 elapsed=8.073s    mgasps=46.564  number=2194814 hash=5d437b…41991c age=1mo6d9h    dirty=1023.91MiB\n","stream":"stderr","time":"2020-03-25T01:03:20.608662015Z"}
{"log":"INFO [03-25|01:03:28.625] Imported new chain segment               blocks=1038  txs=2302  mgas=506.731 elapsed=8.017s    mgasps=63.205  number=2195852 hash=2b0010…9c82f4 age=1mo6d5h    dirty=1022.36MiB\n","stream":"stderr","time":"2020-03-25T01:03:28.625966437Z"}
{"log":"INFO [03-25|01:03:29.284] Imported new chain segment               blocks=14    txs=30    mgas=9.964   elapsed=659.340ms mgasps=15.112  number=2195866 hash=743d2c…fed21a age=1mo6d5h    dirty=1022.88MiB\n","stream":"stderr","time":"2020-03-25T01:03:29.285270855Z"}
{"log":"INFO [03-25|01:03:38.335] Imported new chain segment               blocks=1059  txs=2255  mgas=465.326 elapsed=8.100s    mgasps=57.443  number=2196925 hash=2c3b68…0d9ed2 age=1mo6d51m   dirty=1023.88MiB\n","stream":"stderr","time":"2020-03-25T01:03:38.335920357Z"}
{"log":"INFO [03-25|01:03:42.501] Imported new chain segment               blocks=989   txs=2164  mgas=392.169 elapsed=4.165s    mgasps=94.149  number=2197914 hash=f32b93…acef56 age=1mo5d20h   dirty=1019.87MiB\n","stream":"stderr","time":"2020-03-25T01:03:42.501273863Z"}
{"log":"INFO [03-25|01:03:50.542] Imported new chain segment               blocks=1145  txs=2461  mgas=468.386 elapsed=8.003s    mgasps=58.522  number=2199059 hash=757cb8…856ce5 age=1mo5d15h   dirty=1023.77MiB\n","stream":"stderr","time":"2020-03-25T01:03:50.542775049Z"}
{"log":"INFO [03-25|01:03:58.552] Imported new chain segment               blocks=345   txs=1618  mgas=343.737 elapsed=8.009s    mgasps=42.915  number=2199404 hash=352e59…83a569 age=1mo5d14h   dirty=1023.90MiB\n","stream":"stderr","time":"2020-03-25T01:03:58.552409956Z"}
{"log":"INFO [03-25|01:04:06.487] Deep froze chain segment                 blocks=5233  elapsed=520.690ms number=2109755 hash=05cd4b…359a49\n","stream":"stderr","time":"2020-03-25T01:04:06.487485391Z"}
{"log":"INFO [03-25|01:04:06.554] Imported new chain segment               blocks=461   txs=1655  mgas=368.988 elapsed=8.002s    mgasps=46.112  number=2199865 hash=109eac…bc1b85 age=1mo5d12h   dirty=1021.20MiB\n","stream":"stderr","time":"2020-03-25T01:04:06.554531276Z"}
{"log":"INFO [03-25|01:04:07.155] Imported new chain segment               blocks=97    txs=305   mgas=49.362  elapsed=600.841ms mgasps=82.154  number=2199962 hash=7d22fa…5e7eef age=1mo5d12h   dirty=1022.26MiB\n","stream":"stderr","time":"2020-03-25T01:04:07.155533868Z"}
{"log":"INFO [03-25|01:04:16.179] Imported new chain segment               blocks=817   txs=4792  mgas=451.243 elapsed=8.061s    mgasps=55.975  number=2200779 hash=9e253b…a5fecd age=1mo5d8h    dirty=1023.81MiB\n","stream":"stderr","time":"2020-03-25T01:04:16.179970895Z"}
{"log":"INFO [03-25|01:04:24.044] Imported new chain segment               blocks=1231  txs=2599  mgas=538.410 elapsed=7.864s    mgasps=68.457  number=2202010 hash=7672b7…ee2990 age=1mo5d3h    dirty=1023.35MiB\n","stream":"stderr","time":"2020-03-25T01:04:24.052983585Z"}
{"log":"INFO [03-25|01:04:32.465] Imported new chain segment               blocks=645   txs=1275  mgas=280.578 elapsed=8.004s    mgasps=35.053  number=2202655 hash=f7c664…fb2706 age=1mo5d59m   dirty=1023.89MiB\n","stream":"stderr","time":"2020-03-25T01:04:32.466151612Z"}
{"log":"INFO [03-25|01:04:40.474] Imported new chain segment               blocks=1242  txs=2583  mgas=545.107 elapsed=8.009s    mgasps=68.061  number=2203897 hash=a7b4b0…9e4cdd age=1mo4d19h   dirty=1021.68MiB\n","stream":"stderr","time":"2020-03-25T01:04:40.475186555Z"}
{"log":"INFO [03-25|01:04:41.931] Imported new chain segment               blocks=161   txs=270   mgas=65.663  elapsed=1.456s    mgasps=45.085  number=2204058 hash=3b8dac…ed715d age=1mo4d19h   dirty=1021.63MiB\n","stream":"stderr","time":"2020-03-25T01:04:41.931463147Z"}
{"log":"INFO [03-25|01:04:49.976] Imported new chain segment               blocks=978   txs=2198  mgas=438.510 elapsed=8.019s    mgasps=54.678  number=2205036 hash=374a1c…b5d73a age=1mo4d15h   dirty=1023.99MiB\n","stream":"stderr","time":"2020-03-25T01:04:49.976889011Z"}
{"log":"INFO [03-25|01:04:57.981] Imported new chain segment               blocks=1050  txs=2903  mgas=502.881 elapsed=8.004s    mgasps=62.821  number=2206086 hash=d6b174…8ed9ce age=1mo4d10h   dirty=1023.55MiB\n","stream":"stderr","time":"2020-03-25T01:04:57.981820332Z"}
{"log":"INFO [03-25|01:04:58.122] Imported new chain segment               blocks=20    txs=42    mgas=9.673   elapsed=140.487ms mgasps=68.850  number=2206106 hash=3d5528…0e2efc age=1mo4d10h   dirty=1023.78MiB\n","stream":"stderr","time":"2020-03-25T01:04:58.122334632Z"}
{"log":"INFO [03-25|01:05:06.174] Imported new chain segment               blocks=1078  txs=1990  mgas=449.941 elapsed=8.008s    mgasps=56.185  number=2207184 hash=26edd3…f4d1f7 age=1mo4d6h    dirty=1023.43MiB\n","stream":"stderr","time":"2020-03-25T01:05:06.174613744Z"}
{"log":"INFO [03-25|01:05:07.466] Deep froze chain segment                 blocks=7496  elapsed=979.170ms number=2117251 hash=7fd6ff…6dd9de\n","stream":"stderr","time":"2020-03-25T01:05:07.466972248Z"}
{"log":"INFO [03-25|01:05:12.225] Imported new chain segment               blocks=970   txs=1175  mgas=311.523 elapsed=6.050s    mgasps=51.484  number=2208154 hash=3dae61…a79287 age=1mo4d2h    dirty=1023.61MiB\n","stream":"stderr","time":"2020-03-25T01:05:12.225580758Z"}
{"log":"INFO [03-25|01:05:20.273] Imported new chain segment               blocks=1107  txs=2195  mgas=521.897 elapsed=8.002s    mgasps=65.220  number=2209261 hash=3b9422…85b84a age=1mo3d21h   dirty=1020.04MiB\n","stream":"stderr","time":"2020-03-25T01:05:20.274063895Z"}
{"log":"INFO [03-25|01:05:23.571] Imported new chain segment               blocks=941   txs=1392  mgas=324.993 elapsed=3.297s    mgasps=98.550  number=2210202 hash=6c33a1…b7a547 age=1mo3d17h   dirty=1022.18MiB\n","stream":"stderr","time":"2020-03-25T01:05:23.571741113Z"}
{"log":"INFO [03-25|01:05:31.612] Imported new chain segment               blocks=844   txs=1915  mgas=446.153 elapsed=8.004s    mgasps=55.740  number=2211046 hash=f08318…00e1fd age=1mo3d14h   dirty=1023.70MiB\n","stream":"stderr","time":"2020-03-25T01:05:31.612252463Z"}
{"log":"INFO [03-25|01:05:39.617] Imported new chain segment               blocks=907   txs=2083  mgas=476.767 elapsed=8.005s    mgasps=59.557  number=2211953 hash=5c2dd5…506d57 age=1mo3d10h   dirty=1023.26MiB\n","stream":"stderr","time":"2020-03-25T01:05:39.617397962Z"}
{"log":"INFO [03-25|01:05:43.734] Imported new chain segment               blocks=297   txs=621   mgas=141.492 elapsed=4.116s    mgasps=34.369  number=2212250 hash=644838…b7346b age=1mo3d9h    dirty=1023.53MiB\n","stream":"stderr","time":"2020-03-25T01:05:43.734456611Z"}
{"log":"INFO [03-25|01:05:51.789] Imported new chain segment               blocks=1021  txs=2137  mgas=535.169 elapsed=8.007s    mgasps=66.831  number=2213271 hash=7855a4…13433b age=1mo3d4h    dirty=1023.49MiB\n","stream":"stderr","time":"2020-03-25T01:05:51.78969577Z"}
{"log":"INFO [03-25|01:05:59.790] Imported new chain segment               blocks=991   txs=2288  mgas=492.448 elapsed=8.000s    mgasps=61.551  number=2214262 hash=121a3a…6c941f age=1mo3d37m   dirty=1023.73MiB\n","stream":"stderr","time":"2020-03-25T01:05:59.790419311Z"}
{"log":"INFO [03-25|01:05:59.957] Imported new chain segment               blocks=36    txs=68    mgas=12.687  elapsed=167.469ms mgasps=75.755  number=2214298 hash=ed6738…fc90ec age=1mo3d28m   dirty=1021.52MiB\n","stream":"stderr","time":"2020-03-25T01:05:59.95781071Z"}
{"log":"INFO [03-25|01:06:06.939] New local node record                    seq=14 id=8252fae760b7940d ip=31.147.195.74 udp=1024  tcp=30303\n","stream":"stderr","time":"2020-03-25T01:06:06.940194262Z"}
{"log":"INFO [03-25|01:06:07.281] New local node record                    seq=15 id=8252fae760b7940d ip=31.147.195.74 udp=1024  tcp=30303\n","stream":"stderr","time":"2020-03-25T01:06:07.282061059Z"}
{"log":"INFO [03-25|01:06:07.989] Imported new chain segment               blocks=1251  txs=1978  mgas=460.662 elapsed=8.002s    mgasps=57.568  number=2215549 hash=dffc47…58e3c3 age=1mo2d19h   dirty=1020.91MiB\n","stream":"stderr","time":"2020-03-25T01:06:07.989842687Z"}
{"log":"INFO [03-25|01:06:08.780] Deep froze chain segment                 blocks=8211  elapsed=1.269s    number=2125462 hash=dce869…629e9d\n","stream":"stderr","time":"2020-03-25T01:06:08.780462523Z"}
{"log":"INFO [03-25|01:06:16.042] Imported new chain segment               blocks=777   txs=1773  mgas=429.957 elapsed=8.052s    mgasps=53.394  number=2216326 hash=7a94ea…266122 age=1mo2d16h   dirty=1023.88MiB\n","stream":"stderr","time":"2020-03-25T01:06:16.042337476Z"}
{"log":"INFO [03-25|01:06:16.941] Imported new chain segment               blocks=20    txs=242   mgas=59.302  elapsed=899.028ms mgasps=65.963  number=2216346 hash=9d207e…17e17d age=1mo2d15h   dirty=1023.98MiB\n","stream":"stderr","time":"2020-03-25T01:06:16.941306651Z"}
{"log":"INFO [03-25|01:06:24.967] Imported new chain segment               blocks=271   txs=2693  mgas=334.137 elapsed=8.000s    mgasps=41.763  number=2216617 hash=c9f698…74c517 age=1mo2d14h   dirty=1022.96MiB\n","stream":"stderr","time":"2020-03-25T01:06:24.968087916Z"}
{"log":"INFO [03-25|01:06:32.974] Imported new chain segment               blocks=643   txs=2355  mgas=461.996 elapsed=8.006s    mgasps=57.703  number=2217260 hash=446d74…77d84f age=1mo2d12h   dirty=1021.14MiB\n","stream":"stderr","time":"2020-03-25T01:06:32.974569723Z"}
{"log":"INFO [03-25|01:06:41.000] Imported new chain segment               blocks=487   txs=1998  mgas=413.028 elapsed=8.025s    mgasps=51.463  number=2217747 hash=4fa1e8…480b3a age=1mo2d10h   dirty=1023.97MiB\n","stream":"stderr","time":"2020-03-25T01:06:41.000339069Z"}
{"log":"INFO [03-25|01:06:49.017] Imported new chain segment               blocks=456   txs=1894  mgas=428.847 elapsed=8.017s    mgasps=53.488  number=2218203 hash=b00e03…f7e792 age=1mo2d8h    dirty=1023.06MiB\n","stream":"stderr","time":"2020-03-25T01:06:49.017975095Z"}
{"log":"INFO [03-25|01:06:49.715] Imported new chain segment               blocks=191   txs=320   mgas=77.536  elapsed=698.131ms mgasps=111.063 number=2218394 hash=ef3192…9b77a7 age=1mo2d7h    dirty=1021.66MiB\n","stream":"stderr","time":"2020-03-25T01:06:49.716111196Z"}
{"log":"INFO [03-25|01:06:57.805] Imported new chain segment               blocks=985   txs=1869  mgas=425.137 elapsed=8.064s    mgasps=52.717  number=2219379 hash=21a479…aeff3c age=1mo2d3h    dirty=1023.86MiB\n","stream":"stderr","time":"2020-03-25T01:06:57.805761646Z"}
{"log":"INFO [03-25|01:07:05.848] Imported new chain segment               blocks=115   txs=1061  mgas=361.816 elapsed=8.042s    mgasps=44.986  number=2219494 hash=eca12d…8f0fb9 age=1mo2d2h    dirty=1023.96MiB\n","stream":"stderr","time":"2020-03-25T01:07:05.848797454Z"}
{"log":"INFO [03-25|01:07:09.279] Deep froze chain segment                 blocks=4054  elapsed=498.786ms number=2129516 hash=36e085…9782c0\n","stream":"stderr","time":"2020-03-25T01:07:09.279491203Z"}
{"log":"INFO [03-25|01:07:13.893] Imported new chain segment               blocks=112   txs=979   mgas=329.337 elapsed=8.045s    mgasps=40.935  number=2219606 hash=73a534…41e34f age=1mo2d2h    dirty=1023.74MiB\n","stream":"stderr","time":"2020-03-25T01:07:13.893995522Z"}
{"log":"INFO [03-25|01:08:10.407] Deep froze chain segment                 blocks=598   elapsed=1.034s    number=2130114 hash=9f763a…376a84\n","stream":"stderr","time":"2020-03-25T01:08:10.407966458Z"}
{"log":"INFO [03-25|01:08:27.546] Persisted trie from memory database      nodes=8289887 size=858.33MiB time=2m34.337514594s gcnodes=42455848 gcsize=14.77GiB gctime=4m40.341054704s livenodes=7979 livesize=786.34KiB\n","stream":"stderr","time":"2020-03-25T01:08:27.550826558Z"}
{"log":"INFO [03-25|01:08:27.550] Imported new chain segment               blocks=510   txs=1385  mgas=352.741 elapsed=1m13.657s mgasps=4.789   number=2220116 hash=af8e0b…70c453 age=1mo2d15m   dirty=3.30MiB\n","stream":"stderr","time":"2020-03-25T01:08:27.551140178Z"}
{"log":"INFO [03-25|01:08:28.315] Imported new chain segment               blocks=326   txs=344   mgas=98.652  elapsed=764.818ms mgasps=128.988 number=2220442 hash=f1e2fb…497725 age=1mo1d22h   dirty=7.67MiB\n","stream":"stderr","time":"2020-03-25T01:08:28.316643147Z"}
{"log":"INFO [03-25|01:08:34.882] Imported new chain segment               blocks=2048  txs=2372  mgas=684.563 elapsed=6.530s    mgasps=104.818 number=2222490 hash=6e6727…adea62 age=1mo1d14h   dirty=26.38MiB\n","stream":"stderr","time":"2020-03-25T01:08:34.882837442Z"}
{"log":"INFO [03-25|01:08:41.387] Imported new chain segment               blocks=2048  txs=2543  mgas=760.069 elapsed=6.480s    mgasps=117.294 number=2224538 hash=6a0a5a…8bc5a9 age=1mo1d5h    dirty=41.39MiB\n","stream":"stderr","time":"2020-03-25T01:08:41.387980195Z"}
{"log":"INFO [03-25|01:08:48.516] Imported new chain segment               blocks=2048  txs=2858  mgas=787.930 elapsed=7.092s    mgasps=111.091 number=2226586 hash=e155cd…72c30d age=1mo21h18m  dirty=55.97MiB\n","stream":"stderr","time":"2020-03-25T01:08:48.516409247Z"}
{"log":"INFO [03-25|01:08:55.987] Imported new chain segment               blocks=2048  txs=2664  mgas=698.228 elapsed=7.444s    mgasps=93.789  number=2228634 hash=a285b7…e578ee age=1mo12h46m  dirty=67.70MiB\n","stream":"stderr","time":"2020-03-25T01:08:55.987710507Z"}
{"log":"INFO [03-25|01:09:04.018] Imported new chain segment               blocks=1866  txs=5452  mgas=927.704 elapsed=8.000s    mgasps=115.951 number=2230500 hash=2bc43f…e03426 age=1mo4h59m   dirty=80.53MiB\n","stream":"stderr","time":"2020-03-25T01:09:04.018914937Z"}
{"log":"INFO [03-25|01:09:04.911] Imported new chain segment               blocks=182   txs=2473  mgas=167.588 elapsed=892.865ms mgasps=187.697 number=2230682 hash=a2d82d…c17d88 age=1mo4h14m   dirty=81.47MiB\n","stream":"stderr","time":"2020-03-25T01:09:04.911747963Z"}
{"log":"INFO [03-25|01:09:12.676] Deep froze chain segment                 blocks=11105 elapsed=2.268s    number=2141219 hash=bfc306…4ee2b4\n","stream":"stderr","time":"2020-03-25T01:09:12.676421886Z"}
{"log":"INFO [03-25|01:09:12.963] Imported new chain segment               blocks=581   txs=3874  mgas=506.478 elapsed=8.028s    mgasps=63.087  number=2231263 hash=da8274…c7fa7d age=1mo1h49m   dirty=84.38MiB\n","stream":"stderr","time":"2020-03-25T01:09:12.963642173Z"}
{"log":"INFO [03-25|01:09:20.963] Imported new chain segment               blocks=1103  txs=2394  mgas=638.853 elapsed=8.000s    mgasps=79.856  number=2232366 hash=915acc…274a3f age=4w1d21h    dirty=89.85MiB\n","stream":"stderr","time":"2020-03-25T01:09:20.963677941Z"}
{"log":"INFO [03-25|01:09:22.234] Imported new chain segment               blocks=364   txs=461   mgas=121.073 elapsed=1.270s    mgasps=95.292  number=2232730 hash=19bfc7…581c3e age=4w1d19h    dirty=91.50MiB\n","stream":"stderr","time":"2020-03-25T01:09:22.234315467Z"}
{"log":"INFO [03-25|01:09:30.286] Imported new chain segment               blocks=1668  txs=3153  mgas=712.420 elapsed=8.000s    mgasps=89.044  number=2234398 hash=ae57e3…6067f8 age=4w1d12h    dirty=102.75MiB\n","stream":"stderr","time":"2020-03-25T01:09:30.286942076Z"}
{"log":"INFO [03-25|01:09:31.796] Imported new chain segment               blocks=380   txs=910   mgas=163.241 elapsed=1.510s    mgasps=108.107 number=2234778 hash=0c575f…015230 age=4w1d11h    dirty=103.93MiB\n","stream":"stderr","time":"2020-03-25T01:09:31.79687073Z"}
{"log":"INFO [03-25|01:09:39.837] Imported new chain segment               blocks=1585  txs=3710  mgas=718.112 elapsed=8.013s    mgasps=89.609  number=2236363 hash=df0de6…2c0ffd age=4w1d4h     dirty=112.42MiB\n","stream":"stderr","time":"2020-03-25T01:09:39.837287217Z"}
{"log":"INFO [03-25|01:09:41.019] Imported new chain segment               blocks=463   txs=651   mgas=157.922 elapsed=1.182s    mgasps=133.548 number=2236826 hash=16acb2…69e096 age=4w1d2h     dirty=115.48MiB\n","stream":"stderr","time":"2020-03-25T01:09:41.019790629Z"}
{"log":"INFO [03-25|01:09:49.066] Imported new chain segment               blocks=2036  txs=3609  mgas=821.786 elapsed=8.010s    mgasps=102.585 number=2238862 hash=65f1b5…aac8fb age=4w18h9m    dirty=125.23MiB\n","stream":"stderr","time":"2020-03-25T01:09:49.066996443Z"}
{"log":"INFO [03-25|01:09:49.135] Imported new chain segment               blocks=12    txs=19    mgas=7.241   elapsed=68.534ms  mgasps=105.655 number=2238874 hash=684cf7…06795b age=4w18h6m    dirty=125.20MiB\n","stream":"stderr","time":"2020-03-25T01:09:49.135583595Z"}
{"log":"INFO [03-25|01:09:57.258] Imported new chain segment               blocks=1789  txs=3496  mgas=886.604 elapsed=8.080s    mgasps=109.720 number=2240663 hash=0457b3…88d7ef age=4w10h39m   dirty=134.25MiB\n","stream":"stderr","time":"2020-03-25T01:09:57.258586611Z"}
{"log":"INFO [03-25|01:09:58.504] Imported new chain segment               blocks=259   txs=639   mgas=113.993 elapsed=1.246s    mgasps=91.454  number=2240922 hash=e58ddb…3cf2c4 age=4w9h34m    dirty=135.73MiB\n","stream":"stderr","time":"2020-03-25T01:09:58.504626977Z"}
{"log":"INFO [03-25|01:10:06.535] Imported new chain segment               blocks=1428  txs=6263  mgas=723.706 elapsed=8.004s    mgasps=90.415  number=2242350 hash=06f233…d4cc61 age=4w3h37m    dirty=142.66MiB\n","stream":"stderr","time":"2020-03-25T01:10:06.536074252Z"}
{"log":"INFO [03-25|01:10:09.880] Imported new chain segment               blocks=620   txs=4264  mgas=408.952 elapsed=3.344s    mgasps=122.275 number=2242970 hash=cbf5ec…d6a414 age=4w1h2m     dirty=147.68MiB\n","stream":"stderr","time":"2020-03-25T01:10:09.880565258Z"}
{"log":"INFO [03-25|01:10:15.368] Deep froze chain segment                 blocks=12262 elapsed=2.692s    number=2153481 hash=0c7c30…8cbafe\n","stream":"stderr","time":"2020-03-25T01:10:15.368880262Z"}
{"log":"INFO [03-25|01:10:17.905] Imported new chain segment               blocks=1878  txs=3016  mgas=789.349 elapsed=8.000s    mgasps=98.661  number=2244848 hash=5bddb6…72e0bb age=3w6d17h    dirty=152.52MiB\n","stream":"stderr","time":"2020-03-25T01:10:17.906021141Z"}
{"log":"INFO [03-25|01:10:18.377] Imported new chain segment               blocks=170   txs=183   mgas=55.645  elapsed=471.490ms mgasps=118.020 number=2245018 hash=2c9617…df6ddb age=3w6d16h    dirty=153.27MiB\n","stream":"stderr","time":"2020-03-25T01:10:18.37752503Z"}
{"log":"INFO [03-25|01:10:26.404] Imported new chain segment               blocks=1688  txs=3663  mgas=767.348 elapsed=8.002s    mgasps=95.888  number=2246706 hash=02716a…ca1d65 age=3w6d9h     dirty=163.20MiB\n","stream":"stderr","time":"2020-03-25T01:10:26.404903636Z"}
{"log":"INFO [03-25|01:10:28.273] Imported new chain segment               blocks=360   txs=600   mgas=141.419 elapsed=1.868s    mgasps=75.670  number=2247066 hash=5e1258…a2ae63 age=3w6d7h     dirty=163.83MiB\n","stream":"stderr","time":"2020-03-25T01:10:28.273488869Z"}
{"log":"INFO [03-25|01:10:36.259] Imported new chain segment               blocks=2048  txs=2902  mgas=767.863 elapsed=7.922s    mgasps=96.920  number=2249114 hash=1d4899…7e7fbc age=3w5d23h    dirty=171.53MiB\n","stream":"stderr","time":"2020-03-25T01:10:36.259800306Z"}
{"log":"INFO [03-25|01:10:43.641] Imported new chain segment               blocks=2048  txs=3283  mgas=692.781 elapsed=7.355s    mgasps=94.184  number=2251162 hash=fd4f35…efb008 age=3w5d14h    dirty=180.72MiB\n","stream":"stderr","time":"2020-03-25T01:10:43.642084257Z"}
{"log":"INFO [03-25|01:10:51.676] Imported new chain segment               blocks=1761  txs=3604  mgas=860.592 elapsed=8.000s    mgasps=107.569 number=2252923 hash=4518ad…dba541 age=3w5d7h     dirty=188.31MiB\n","stream":"stderr","time":"2020-03-25T01:10:51.676302341Z"}
{"log":"INFO [03-25|01:10:52.718] Imported new chain segment               blocks=287   txs=373   mgas=87.300  elapsed=1.042s    mgasps=83.769  number=2253210 hash=ce9424…9dc148 age=3w5d6h     dirty=189.23MiB\n","stream":"stderr","time":"2020-03-25T01:10:52.718555691Z"}
{"log":"INFO [03-25|01:11:00.935] Imported new chain segment               blocks=1842  txs=3275  mgas=757.536 elapsed=8.011s    mgasps=94.559  number=2255052 hash=786858…f1f20a age=3w4d22h    dirty=196.96MiB\n","stream":"stderr","time":"2020-03-25T01:11:00.935252087Z"}
{"log":"INFO [03-25|01:11:01.486] Imported new chain segment               blocks=206   txs=270   mgas=65.799  elapsed=551.372ms mgasps=119.337 number=2255258 hash=0376a7…94f633 age=3w4d21h    dirty=197.52MiB\n","stream":"stderr","time":"2020-03-25T01:11:01.486589119Z"}
{"log":"INFO [03-25|01:11:09.497] Imported new chain segment               blocks=2048  txs=2677  mgas=740.145 elapsed=7.985s    mgasps=92.689  number=2257306 hash=2a6d29…4bb0ef age=3w4d13h    dirty=206.96MiB\n","stream":"stderr","time":"2020-03-25T01:11:09.49764408Z"}
{"log":"INFO [03-25|01:11:17.532] Imported new chain segment               blocks=1531  txs=2244  mgas=628.034 elapsed=8.009s    mgasps=78.409  number=2258837 hash=c8e688…88a5b5 age=3w4d6h     dirty=212.95MiB\n","stream":"stderr","time":"2020-03-25T01:11:17.549036191Z"}
{"log":"INFO [03-25|01:11:19.092] Deep froze chain segment                 blocks=14869 elapsed=3.722s    number=2168350 hash=b88b44…d2829d\n","stream":"stderr","time":"2020-03-25T01:11:19.092571786Z"}
{"log":"INFO [03-25|01:11:19.484] Imported new chain segment               blocks=517   txs=555   mgas=168.993 elapsed=1.951s    mgasps=86.598  number=2259354 hash=587a29…a76746 age=3w4d4h     dirty=214.37MiB\n","stream":"stderr","time":"2020-03-25T01:11:19.484460279Z"}
{"log":"INFO [03-25|01:11:27.012] Imported new chain segment               blocks=2048  txs=2343  mgas=737.123 elapsed=7.502s    mgasps=98.245  number=2261402 hash=ee862c…ef4506 age=3w3d20h    dirty=221.48MiB\n","stream":"stderr","time":"2020-03-25T01:11:27.012607986Z"}
{"log":"INFO [03-25|01:11:34.236] Imported new chain segment               blocks=2048  txs=1761  mgas=631.052 elapsed=7.189s    mgasps=87.770  number=2263450 hash=f4b367…d006f4 age=3w3d11h    dirty=229.12MiB\n","stream":"stderr","time":"2020-03-25T01:11:34.237015141Z"}
{"log":"INFO [03-25|01:11:41.234] Imported new chain segment               blocks=2048  txs=2215  mgas=638.589 elapsed=6.947s    mgasps=91.910  number=2265498 hash=08d006…4c8644 age=3w3d3h     dirty=236.33MiB\n","stream":"stderr","time":"2020-03-25T01:11:41.235200345Z"}
{"log":"INFO [03-25|01:11:49.264] Imported new chain segment               blocks=1945  txs=2701  mgas=716.679 elapsed=8.003s    mgasps=89.545  number=2267443 hash=842ae0…182930 age=3w2d19h    dirty=242.80MiB\n","stream":"stderr","time":"2020-03-25T01:11:49.265111985Z"}
{"log":"INFO [03-25|01:11:49.504] Imported new chain segment               blocks=103   txs=67    mgas=33.452  elapsed=240.095ms mgasps=139.328 number=2267546 hash=bb6446…98e27d age=3w2d18h    dirty=243.19MiB\n","stream":"stderr","time":"2020-03-25T01:11:49.505163939Z"}
{"log":"INFO [03-25|01:11:56.521] Imported new chain segment               blocks=2048  txs=1556  mgas=609.801 elapsed=6.991s    mgasps=87.223  number=2269594 hash=49b54d…b530c0 age=3w2d10h    dirty=249.96MiB\n","stream":"stderr","time":"2020-03-25T01:11:56.521862394Z"}
{"log":"INFO [03-25|01:12:04.581] Imported new chain segment               blocks=1705  txs=2065  mgas=643.800 elapsed=8.020s    mgasps=80.272  number=2271299 hash=db1a2b…5b927c age=3w2d2h     dirty=256.33MiB\n","stream":"stderr","time":"2020-03-25T01:12:04.582257918Z"}
{"log":"INFO [03-25|01:12:07.022] Imported new chain segment               blocks=343   txs=625   mgas=151.693 elapsed=2.440s    mgasps=62.166  number=2271642 hash=bfe3f3…894f9d age=3w2d1h     dirty=258.26MiB\n","stream":"stderr","time":"2020-03-25T01:12:07.022287919Z"}
{"log":"INFO [03-25|01:12:15.073] Imported new chain segment               blocks=1041  txs=2024  mgas=547.808 elapsed=8.023s    mgasps=68.278  number=2272683 hash=07a78c…e919f0 age=3w1d21h    dirty=261.38MiB\n","stream":"stderr","time":"2020-03-25T01:12:15.073591459Z"}
{"log":"INFO [03-25|01:12:22.228] Imported new chain segment               blocks=1007  txs=1069  mgas=410.256 elapsed=7.155s    mgasps=57.335  number=2273690 hash=f0c3f0…6e5e83 age=3w1d17h    dirty=264.79MiB\n","stream":"stderr","time":"2020-03-25T01:12:22.228913553Z"}
{"log":"INFO [03-25|01:12:23.208] Deep froze chain segment                 blocks=14981 elapsed=4.115s    number=2183331 hash=9c0313…6498c9\n","stream":"stderr","time":"2020-03-25T01:12:23.208649693Z"}
{"log":"INFO [03-25|01:12:30.270] Imported new chain segment               blocks=949   txs=1803  mgas=520.970 elapsed=8.012s    mgasps=65.019  number=2274639 hash=aea977…665bb6 age=3w1d13h    dirty=269.83MiB\n","stream":"stderr","time":"2020-03-25T01:12:30.270527297Z"}
{"log":"INFO [03-25|01:12:38.283] Imported new chain segment               blocks=963   txs=2723  mgas=583.492 elapsed=8.013s    mgasps=72.817  number=2275602 hash=4be597…d8cad1 age=3w1d9h     dirty=274.17MiB\n","stream":"stderr","time":"2020-03-25T01:12:38.283564508Z"}
{"log":"INFO [03-25|01:12:39.175] Imported new chain segment               blocks=136   txs=268   mgas=74.145  elapsed=892.345ms mgasps=83.090  number=2275738 hash=5ee79a…d1c562 age=3w1d8h     dirty=274.60MiB\n","stream":"stderr","time":"2020-03-25T01:12:39.175877261Z"}
{"log":"INFO [03-25|01:12:47.209] Imported new chain segment               blocks=929   txs=1448  mgas=474.438 elapsed=8.006s    mgasps=59.260  number=2276667 hash=7ce3c5…133690 age=3w1d4h     dirty=277.38MiB\n","stream":"stderr","time":"2020-03-25T01:12:47.209261316Z"}
{"log":"INFO [03-25|01:12:55.210] Imported new chain segment               blocks=1103  txs=2669  mgas=605.606 elapsed=8.001s    mgasps=75.687  number=2277770 hash=0629b4…fb2719 age=3w1d1m     dirty=281.37MiB\n","stream":"stderr","time":"2020-03-25T01:12:55.21083531Z"}
{"log":"INFO [03-25|01:12:55.713] Imported new chain segment               blocks=16    txs=45    mgas=9.477   elapsed=502.819ms mgasps=18.848  number=2277786 hash=dbd80c…553fd6 age=3w23h57m   dirty=281.68MiB\n","stream":"stderr","time":"2020-03-25T01:12:55.713558177Z"}
{"log":"INFO [03-25|01:13:03.968] Imported new chain segment               blocks=1165  txs=1546  mgas=502.852 elapsed=8.000s    mgasps=62.851  number=2278951 hash=01eed4…3b3432 age=3w19h6m    dirty=285.23MiB\n","stream":"stderr","time":"2020-03-25T01:13:03.969090342Z"}
{"log":"INFO [03-25|01:13:09.705] Imported new chain segment               blocks=883   txs=1128  mgas=390.436 elapsed=5.736s    mgasps=68.063  number=2279834 hash=0f1605…4f7e50 age=3w15h26m   dirty=288.97MiB\n","stream":"stderr","time":"2020-03-25T01:13:09.705564882Z"}
{"log":"INFO [03-25|01:13:17.756] Imported new chain segment               blocks=1011  txs=2275  mgas=585.144 elapsed=8.014s    mgasps=73.009  number=2280845 hash=5cab37…63d071 age=3w11h13m   dirty=293.51MiB\n","stream":"stderr","time":"2020-03-25T01:13:17.759006277Z"}
{"log":"INFO [03-25|01:13:25.118] Deep froze chain segment                 blocks=8114  elapsed=1.909s    number=2191445 hash=ca1013…376030\n","stream":"stderr","time":"2020-03-25T01:13:25.118643289Z"}
{"log":"INFO [03-25|01:13:25.757] Imported new chain segment               blocks=888   txs=2136  mgas=516.243 elapsed=8.000s    mgasps=64.528  number=2281733 hash=d6b731…fb0fde age=3w7h31m    dirty=296.70MiB\n","stream":"stderr","time":"2020-03-25T01:13:25.75724397Z"}
{"log":"INFO [03-25|01:13:26.825] Imported new chain segment               blocks=149   txs=243   mgas=66.793  elapsed=1.068s    mgasps=62.524  number=2281882 hash=8af9b1…08f979 age=3w6h54m    dirty=296.71MiB\n","stream":"stderr","time":"2020-03-25T01:13:26.825522967Z"}
{"log":"INFO [03-25|01:13:34.871] Imported new chain segment               blocks=962   txs=1692  mgas=423.708 elapsed=8.000s    mgasps=52.962  number=2282844 hash=1b3275…2cb73d age=3w2h53m    dirty=300.12MiB\n","stream":"stderr","time":"2020-03-25T01:13:34.871309704Z"}
{"log":"INFO [03-25|01:13:42.876] Imported new chain segment               blocks=1082  txs=2432  mgas=596.812 elapsed=8.005s    mgasps=74.550  number=2283926 hash=2ce442…989f3a age=2w6d22h    dirty=304.52MiB\n","stream":"stderr","time":"2020-03-25T01:13:42.876861917Z"}
{"log":"INFO [03-25|01:13:42.892] Imported new chain segment               blocks=4     txs=4     mgas=0.643   elapsed=15.497ms  mgasps=41.507  number=2283930 hash=2ea55e…d9b763 age=2w6d22h    dirty=304.45MiB\n","stream":"stderr","time":"2020-03-25T01:13:42.89229522Z"}
{"log":"INFO [03-25|01:13:50.982] Imported new chain segment               blocks=1093  txs=1192  mgas=437.539 elapsed=8.060s    mgasps=54.279  number=2285023 hash=23d543…cf3972 age=2w6d17h    dirty=307.97MiB\n","stream":"stderr","time":"2020-03-25T01:13:50.982534189Z"}
{"log":"INFO [03-25|01:13:57.658] Imported new chain segment               blocks=955   txs=1510  mgas=465.603 elapsed=6.676s    mgasps=69.735  number=2285978 hash=63e173…b6ca7f age=2w6d13h    dirty=312.39MiB\n","stream":"stderr","time":"2020-03-25T01:13:57.659077231Z"}
{"log":"INFO [03-25|01:14:05.691] Imported new chain segment               blocks=992   txs=2026  mgas=586.810 elapsed=8.002s    mgasps=73.326  number=2286970 hash=bdb5b5…ec3571 age=2w6d9h     dirty=316.22MiB\n","stream":"stderr","time":"2020-03-25T01:14:05.691740153Z"}
{"log":"INFO [03-25|01:14:13.692] Imported new chain segment               blocks=905   txs=1832  mgas=525.020 elapsed=8.001s    mgasps=65.619  number=2287875 hash=243903…f97aab age=2w6d5h     dirty=319.69MiB\n","stream":"stderr","time":"2020-03-25T01:14:13.69285772Z"}
{"log":"INFO [03-25|01:14:14.579] Imported new chain segment               blocks=151   txs=170   mgas=62.416  elapsed=887.043ms mgasps=70.364  number=2288026 hash=c68d6b…978e61 age=2w6d5h     dirty=320.11MiB\n","stream":"stderr","time":"2020-03-25T01:14:14.579847523Z"}
{"log":"INFO [03-25|01:14:22.701] Imported new chain segment               blocks=763   txs=1717  mgas=456.923 elapsed=8.093s    mgasps=56.453  number=2288789 hash=1eac51…bbc4fd age=2w6d2h     dirty=322.85MiB\n","stream":"stderr","time":"2020-03-25T01:14:22.701717304Z"}
{"log":"INFO [03-25|01:14:27.517] Deep froze chain segment                 blocks=7521  elapsed=2.398s    number=2198966 hash=ab9f84…f7f675\n","stream":"stderr","time":"2020-03-25T01:14:27.517534479Z"}
{"log":"INFO [03-25|01:14:30.714] Imported new chain segment               blocks=692   txs=1407  mgas=439.242 elapsed=8.012s    mgasps=54.819  number=2289481 hash=58d096…d74485 age=2w5d23h    dirty=324.78MiB\n","stream":"stderr","time":"2020-03-25T01:14:30.714519738Z"}
{"log":"INFO [03-25|01:14:34.513] Imported new chain segment               blocks=593   txs=612   mgas=239.645 elapsed=3.799s    mgasps=63.077  number=2290074 hash=31f52c…e0c516 age=2w5d20h    dirty=326.81MiB\n","stream":"stderr","time":"2020-03-25T01:14:34.513609684Z"}
{"log":"INFO [03-25|01:14:42.571] Imported new chain segment               blocks=1025  txs=1165  mgas=423.925 elapsed=8.011s    mgasps=52.912  number=2291099 hash=5997d8…2377ae age=2w5d16h    dirty=330.74MiB\n","stream":"stderr","time":"2020-03-25T01:14:42.571988957Z"}
{"log":"INFO [03-25|01:14:50.575] Imported new chain segment               blocks=1023  txs=1813  mgas=527.653 elapsed=8.004s    mgasps=65.923  number=2292122 hash=9eb1c0…a3d556 age=2w5d12h    dirty=334.73MiB\n","stream":"stderr","time":"2020-03-25T01:14:50.576603182Z"}
{"log":"INFO [03-25|01:14:58.657] Imported new chain segment               blocks=1385  txs=1753  mgas=555.605 elapsed=8.030s    mgasps=69.184  number=2293507 hash=8232fd…8d78c3 age=2w5d6h     dirty=338.64MiB\n","stream":"stderr","time":"2020-03-25T01:14:58.657902418Z"}
{"log":"INFO [03-25|01:15:00.907] Imported new chain segment               blocks=663   txs=779   mgas=202.564 elapsed=2.250s    mgasps=90.014  number=2294170 hash=82f70f…8f5c15 age=2w5d3h     dirty=341.42MiB\n","stream":"stderr","time":"2020-03-25T01:15:00.908041501Z"}
{"log":"INFO [03-25|01:15:08.948] Imported new chain segment               blocks=657   txs=2001  mgas=542.020 elapsed=8.011s    mgasps=67.658  number=2294827 hash=a2d263…e1e877 age=2w5d58m    dirty=349.78MiB\n","stream":"stderr","time":"2020-03-25T01:15:08.948717126Z"}
{"log":"INFO [03-25|01:15:14.845] Imported new chain segment               blocks=1391  txs=1438  mgas=423.815 elapsed=5.897s    mgasps=71.867  number=2296218 hash=72c5cf…2db82b age=2w4d19h    dirty=347.14MiB\n","stream":"stderr","time":"2020-03-25T01:15:14.846138001Z"}
{"log":"INFO [03-25|01:15:22.912] Imported new chain segment               blocks=1915  txs=2319  mgas=665.220 elapsed=8.021s    mgasps=82.929  number=2298133 hash=5b8327…d961aa age=2w4d11h    dirty=354.47MiB\n","stream":"stderr","time":"2020-03-25T01:15:22.912890721Z"}
{"log":"INFO [03-25|01:15:23.891] Imported new chain segment               blocks=133   txs=162   mgas=50.983  elapsed=979.704ms mgasps=52.040  number=2298266 hash=5503e9…6342a5 age=2w4d10h    dirty=354.49MiB\n","stream":"stderr","time":"2020-03-25T01:15:23.892736846Z"}
{"log":"INFO [03-25|01:15:30.571] Deep froze chain segment                 blocks=9709  elapsed=3.054s    number=2208675 hash=ddbb37…8b98c7\n","stream":"stderr","time":"2020-03-25T01:15:30.572002266Z"}
{"log":"INFO [03-25|01:15:32.711] Imported new chain segment               blocks=1073  txs=1578  mgas=459.728 elapsed=8.004s    mgasps=57.432  number=2299339 hash=ffba0c…a7528c age=2w4d6h     dirty=357.98MiB\n","stream":"stderr","time":"2020-03-25T01:15:32.711352437Z"}
{"log":"INFO [03-25|01:15:39.060] Imported new chain segment               blocks=975   txs=1497  mgas=403.741 elapsed=6.349s    mgasps=63.584  number=2300314 hash=deaac2…c8afd3 age=2w4d2h     dirty=362.00MiB\n","stream":"stderr","time":"2020-03-25T01:15:39.061023344Z"}
{"log":"INFO [03-25|01:15:47.165] Imported new chain segment               blocks=908   txs=1886  mgas=498.903 elapsed=8.078s    mgasps=61.759  number=2301222 hash=7bbe43…6f0e30 age=2w3d22h    dirty=364.54MiB\n","stream":"stderr","time":"2020-03-25T01:15:47.181055709Z"}
{"log":"INFO [03-25|01:15:54.662] Imported new chain segment               blocks=1140  txs=1198  mgas=439.059 elapsed=7.496s    mgasps=58.565  number=2302362 hash=09188c…9b2f85 age=2w3d17h    dirty=368.08MiB\n","stream":"stderr","time":"2020-03-25T01:15:54.662304298Z"}
{"log":"INFO [03-25|01:16:02.693] Imported new chain segment               blocks=1187  txs=1229  mgas=505.385 elapsed=8.003s    mgasps=63.147  number=2303549 hash=27a80d…1d4d2b age=2w3d12h    dirty=371.92MiB\n","stream":"stderr","time":"2020-03-25T01:16:02.694214712Z"}
{"log":"INFO [03-25|01:16:08.328] Imported new chain segment               blocks=861   txs=970   mgas=361.311 elapsed=5.634s    mgasps=64.120  number=2304410 hash=41949d…72630f age=2w3d9h     dirty=374.79MiB\n","stream":"stderr","time":"2020-03-25T01:16:08.329075552Z"}
{"log":"INFO [03-25|01:16:16.436] Imported new chain segment               blocks=341   txs=934   mgas=345.901 elapsed=8.074s    mgasps=42.840  number=2304751 hash=4f8f54…8ae273 age=2w3d7h     dirty=375.80MiB\n","stream":"stderr","time":"2020-03-25T01:16:16.436244223Z"}
{"log":"INFO [03-25|01:16:24.487] Imported new chain segment               blocks=94    txs=937   mgas=332.568 elapsed=8.051s    mgasps=41.305  number=2304845 hash=8c1a05…48d6cd age=2w3d7h     dirty=376.69MiB\n","stream":"stderr","time":"2020-03-25T01:16:24.487703879Z"}
{"log":"INFO [03-25|01:16:32.583] Imported new chain segment               blocks=96    txs=981   mgas=334.859 elapsed=8.096s    mgasps=41.361  number=2304941 hash=e519d3…caf980 age=2w3d6h     dirty=377.13MiB\n","stream":"stderr","time":"2020-03-25T01:16:32.583810635Z"}
{"log":"INFO [03-25|01:16:32.743] Deep froze chain segment                 blocks=6251  elapsed=2.171s    number=2214926 hash=71b2db…0acd1f\n","stream":"stderr","time":"2020-03-25T01:16:32.743943504Z"}
{"log":"INFO [03-25|01:16:40.637] Imported new chain segment               blocks=115   txs=1075  mgas=373.739 elapsed=8.053s    mgasps=46.405  number=2305056 hash=dd25cf…b0bd92 age=2w3d6h     dirty=377.21MiB\n","stream":"stderr","time":"2020-03-25T01:16:40.637591344Z"}
{"log":"INFO [03-25|01:16:48.693] Imported new chain segment               blocks=122   txs=1009  mgas=352.709 elapsed=8.056s    mgasps=43.780  number=2305178 hash=8205de…555f8c age=2w3d5h     dirty=377.80MiB\n","stream":"stderr","time":"2020-03-25T01:16:48.69406466Z"}
{"log":"INFO [03-25|01:16:56.703] Imported new chain segment               blocks=1111  txs=1678  mgas=486.181 elapsed=8.009s    mgasps=60.698  number=2306289 hash=c96f92…d14019 age=2w3d1h     dirty=381.01MiB\n","stream":"stderr","time":"2020-03-25T01:16:56.704377634Z"}
{"log":"INFO [03-25|01:16:59.007] Imported new chain segment               blocks=169   txs=693   mgas=163.183 elapsed=2.303s    mgasps=70.835  number=2306458 hash=e8db3c…94aa0b age=2w3d32m    dirty=381.87MiB\n","stream":"stderr","time":"2020-03-25T01:16:59.007549859Z"}
{"log":"INFO [03-25|01:17:07.100] Imported new chain segment               blocks=1184  txs=1316  mgas=473.550 elapsed=8.050s    mgasps=58.821  number=2307642 hash=358d40…90d4ef age=2w2d19h    dirty=384.09MiB\n","stream":"stderr","time":"2020-03-25T01:17:07.102716815Z"}
{"log":"INFO [03-25|01:17:12.813] Imported new chain segment               blocks=864   txs=741   mgas=334.916 elapsed=5.712s    mgasps=58.626  number=2308506 hash=6b7773…90fbf8 age=2w2d16h    dirty=387.26MiB\n","stream":"stderr","time":"2020-03-25T01:17:12.813560362Z"}
{"log":"INFO [03-25|01:17:20.844] Imported new chain segment               blocks=437   txs=384   mgas=167.231 elapsed=8.001s    mgasps=20.901  number=2308943 hash=1285c6…56414d age=2w2d14h    dirty=388.14MiB\n","stream":"stderr","time":"2020-03-25T01:17:20.844475683Z"}
{"log":"INFO [03-25|01:17:28.844] Imported new chain segment               blocks=1611  txs=1380  mgas=561.487 elapsed=8.000s    mgasps=70.186  number=2310554 hash=672d0f…f1dd53 age=2w2d7h     dirty=391.95MiB\n","stream":"stderr","time":"2020-03-25T01:17:28.844552471Z"}
{"log":"INFO [03-25|01:17:35.149] Deep froze chain segment                 blocks=6359  elapsed=2.405s    number=2221285 hash=78340c…ee20b2\n","stream":"stderr","time":"2020-03-25T01:17:35.149518759Z"}
{"log":"INFO [03-25|01:17:36.879] Imported new chain segment               blocks=1253  txs=1419  mgas=456.198 elapsed=8.006s    mgasps=56.976  number=2311807 hash=f19b4d…a03ce6 age=2w2d2h     dirty=396.82MiB\n","stream":"stderr","time":"2020-03-25T01:17:36.879923449Z"}
{"log":"INFO [03-25|01:17:43.053] Imported new chain segment               blocks=795   txs=1724  mgas=440.459 elapsed=6.173s    mgasps=71.349  number=2312602 hash=2ee260…ef3a54 age=2w1d22h    dirty=398.42MiB\n","stream":"stderr","time":"2020-03-25T01:17:43.053250185Z"}
{"log":"INFO [03-25|01:17:51.086] Imported new chain segment               blocks=1627  txs=1248  mgas=520.933 elapsed=8.002s    mgasps=65.095  number=2314229 hash=5ca32c…1bb103 age=2w1d16h    dirty=403.36MiB\n","stream":"stderr","time":"2020-03-25T01:17:51.086440495Z"}
{"log":"INFO [03-25|01:17:53.647] Imported new chain segment               blocks=421   txs=650   mgas=218.216 elapsed=2.561s    mgasps=85.200  number=2314650 hash=ac83a0…b1415a age=2w1d14h    dirty=405.40MiB\n","stream":"stderr","time":"2020-03-25T01:17:53.647702384Z"}
{"log":"INFO [03-25|01:18:01.735] Imported new chain segment               blocks=961   txs=2271  mgas=564.145 elapsed=8.039s    mgasps=70.174  number=2315611 hash=ea8532…0fd606 age=2w1d10h    dirty=408.12MiB\n","stream":"stderr","time":"2020-03-25T01:18:01.739873974Z"}
{"log":"INFO [03-25|01:18:09.170] Imported new chain segment               blocks=1087  txs=1572  mgas=489.650 elapsed=7.435s    mgasps=65.855  number=2316698 hash=d16df3…155a56 age=2w1d5h     dirty=410.47MiB\n","stream":"stderr","time":"2020-03-25T01:18:09.17064467Z"}
{"log":"INFO [03-25|01:18:17.202] Imported new chain segment               blocks=1200  txs=2139  mgas=534.048 elapsed=8.006s    mgasps=66.706  number=2317898 hash=b19c63…8c4986 age=2w1d53m    dirty=418.54MiB\n","stream":"stderr","time":"2020-03-25T01:18:17.202472387Z"}
{"log":"INFO [03-25|01:18:23.088] Imported new chain segment               blocks=848   txs=1087  mgas=464.312 elapsed=5.885s    mgasps=78.886  number=2318746 hash=3859a9…82a5a9 age=2w21h21m   dirty=416.21MiB\n","stream":"stderr","time":"2020-03-25T01:18:23.088357331Z"}
{"log":"INFO [03-25|01:18:31.152] Imported new chain segment               blocks=1122  txs=1199  mgas=432.097 elapsed=8.024s    mgasps=53.850  number=2319868 hash=7b754f…e8aab6 age=2w16h40m   dirty=419.78MiB\n","stream":"stderr","time":"2020-03-25T01:18:31.152802324Z"}
{"log":"INFO [03-25|01:18:38.324] Deep froze chain segment                 blocks=9116  elapsed=3.169s    number=2230401 hash=a30114…038375\n","stream":"stderr","time":"2020-03-25T01:18:38.325110695Z"}
{"log":"INFO [03-25|01:18:39.162] Imported new chain segment               blocks=634   txs=1306  mgas=387.551 elapsed=8.010s    mgasps=48.383  number=2320502 hash=1741c7…cd8bc9 age=2w14h2m    dirty=421.76MiB\n","stream":"stderr","time":"2020-03-25T01:18:39.162675545Z"}
{"log":"INFO [03-25|01:18:41.166] Imported new chain segment               blocks=292   txs=386   mgas=131.344 elapsed=2.004s    mgasps=65.527  number=2320794 hash=eec749…b878ee age=2w12h49m   dirty=422.01MiB\n","stream":"stderr","time":"2020-03-25T01:18:41.167129705Z"}
{"log":"INFO [03-25|01:18:49.242] Imported new chain segment               blocks=1036  txs=1658  mgas=501.392 elapsed=8.024s    mgasps=62.483  number=2321830 hash=ba754f…d994bf age=2w8h30m    dirty=425.69MiB\n","stream":"stderr","time":"2020-03-25T01:18:49.243037202Z"}
{"log":"INFO [03-25|01:18:56.422] Imported new chain segment               blocks=1012  txs=1231  mgas=495.759 elapsed=7.179s    mgasps=69.048  number=2322842 hash=99b8d5…7f4655 age=2w4h17m    dirty=428.90MiB\n","stream":"stderr","time":"2020-03-25T01:18:56.422716473Z"}
{"log":"INFO [03-25|01:19:04.481] Imported new chain segment               blocks=1061  txs=2006  mgas=533.728 elapsed=8.013s    mgasps=66.604  number=2323903 hash=3b1f7b…aa2060 age=1w6d23h    dirty=431.97MiB\n","stream":"stderr","time":"2020-03-25T01:19:04.482122008Z"}
{"log":"INFO [03-25|01:19:10.976] Imported new chain segment               blocks=987   txs=962   mgas=377.620 elapsed=6.494s    mgasps=58.146  number=2324890 hash=17fd6f…8881fd age=1w6d19h    dirty=434.39MiB\n","stream":"stderr","time":"2020-03-25T01:19:10.976553486Z"}
{"log":"INFO [03-25|01:19:19.024] Imported new chain segment               blocks=1152  txs=1211  mgas=475.187 elapsed=8.014s    mgasps=59.294  number=2326042 hash=30bb83…456657 age=1w6d14h    dirty=438.83MiB\n","stream":"stderr","time":"2020-03-25T01:19:19.028061909Z"}
{"log":"INFO [03-25|01:19:25.539] Imported new chain segment               blocks=896   txs=1249  mgas=444.034 elapsed=6.515s    mgasps=68.152  number=2326938 hash=d60b12…d8412b age=1w6d11h    dirty=441.24MiB\n","stream":"stderr","time":"2020-03-25T01:19:25.54021494Z"}
{"log":"INFO [03-25|01:19:34.479] Imported new chain segment               blocks=776   txs=1193  mgas=439.501 elapsed=8.012s    mgasps=54.852  number=2327714 hash=1a6d5f…fbff7b age=1w6d7h     dirty=443.22MiB\n","stream":"stderr","time":"2020-03-25T01:19:34.480030087Z"}
{"log":"INFO [03-25|01:19:41.289] Deep froze chain segment                 blocks=7636  elapsed=2.964s    number=2238037 hash=7d07d8…34c847\n","stream":"stderr","time":"2020-03-25T01:19:41.290116558Z"}
{"log":"INFO [03-25|01:19:42.482] Imported new chain segment               blocks=857   txs=1046  mgas=408.581 elapsed=8.003s    mgasps=51.053  number=2328571 hash=7ed2a1…752994 age=1w6d4h     dirty=445.62MiB\n","stream":"stderr","time":"2020-03-25T01:19:42.483054246Z"}
{"log":"INFO [03-25|01:19:46.123] Imported new chain segment               blocks=415   txs=394   mgas=168.403 elapsed=3.640s    mgasps=46.260  number=2328986 hash=bc0c61…83d606 age=1w6d2h     dirty=447.06MiB\n","stream":"stderr","time":"2020-03-25T01:19:46.126109292Z"}
{"log":"INFO [03-25|01:19:54.376] Imported new chain segment               blocks=1186  txs=1563  mgas=550.049 elapsed=8.003s    mgasps=68.723  number=2330172 hash=c217e5…5d31b8 age=1w5d21h    dirty=450.42MiB\n","stream":"stderr","time":"2020-03-25T01:19:54.376826267Z"}
{"log":"INFO [03-25|01:19:58.449] Imported new chain segment               blocks=862   txs=693   mgas=271.873 elapsed=4.072s    mgasps=66.756  number=2331034 hash=dcbfd5…220f98 age=1w5d18h    dirty=452.45MiB\n","stream":"stderr","time":"2020-03-25T01:19:58.449444023Z"}
{"log":"INFO [03-25|01:20:06.478] Imported new chain segment               blocks=1657  txs=2411  mgas=610.962 elapsed=8.003s    mgasps=76.339  number=2332691 hash=b29e50…7eba6e age=1w5d11h    dirty=459.14MiB\n","stream":"stderr","time":"2020-03-25T01:20:06.478931213Z"}
{"log":"INFO [03-25|01:20:09.918] Imported new chain segment               blocks=391   txs=888   mgas=205.855 elapsed=3.439s    mgasps=59.850  number=2333082 hash=ed644b…e02e49 age=1w5d9h     dirty=459.71MiB\n","stream":"stderr","time":"2020-03-25T01:20:09.918416845Z"}
{"log":"INFO [03-25|01:20:17.951] Imported new chain segment               blocks=1144  txs=1399  mgas=477.639 elapsed=8.004s    mgasps=59.670  number=2334226 hash=df70b9…be66b6 age=1w5d4h     dirty=463.33MiB\n","stream":"stderr","time":"2020-03-25T01:20:17.951215475Z"}
{"log":"INFO [03-25|01:20:24.879] Imported new chain segment               blocks=904   txs=1859  mgas=477.267 elapsed=6.928s    mgasps=68.885  number=2335130 hash=4aba85…79a5dd age=1w5d1h     dirty=471.58MiB\n","stream":"stderr","time":"2020-03-25T01:20:24.880114291Z"}
{"log":"INFO [03-25|01:20:32.931] Imported new chain segment               blocks=976   txs=1499  mgas=436.883 elapsed=8.004s    mgasps=54.577  number=2336106 hash=9ff7a5…45956b age=1w4d21h    dirty=469.63MiB\n","stream":"stderr","time":"2020-03-25T01:20:32.932343615Z"}
{"log":"INFO [03-25|01:20:37.863] Imported new chain segment               blocks=1072  txs=1125  mgas=395.194 elapsed=4.931s    mgasps=80.138  number=2337178 hash=57e97f…9abc21 age=1w4d16h    dirty=472.93MiB\n","stream":"stderr","time":"2020-03-25T01:20:37.864046874Z"}
{"log":"INFO [03-25|01:20:42.992] Deep froze chain segment                 blocks=9333  elapsed=1.702s    number=2247370 hash=297682…f0ff6a\n","stream":"stderr","time":"2020-03-25T01:20:42.992457262Z"}
{"log":"INFO [03-25|01:20:46.907] Imported new chain segment               blocks=252   txs=906   mgas=320.930 elapsed=8.002s    mgasps=40.103  number=2337430 hash=7b48e3…0b75df age=1w4d15h    dirty=474.01MiB\n","stream":"stderr","time":"2020-03-25T01:20:46.907367713Z"}
{"log":"INFO [03-25|01:20:54.920] Imported new chain segment               blocks=1136  txs=1457  mgas=548.567 elapsed=8.012s    mgasps=68.460  number=2338566 hash=17b8f8…424373 age=1w4d10h    dirty=476.64MiB\n","stream":"stderr","time":"2020-03-25T01:20:54.920272115Z"}
{"log":"INFO [03-25|01:21:00.185] Imported new chain segment               blocks=660   txs=910   mgas=349.217 elapsed=5.265s    mgasps=66.326  number=2339226 hash=29cfef…ab0084 age=1w4d8h     dirty=480.06MiB\n","stream":"stderr","time":"2020-03-25T01:21:00.185474254Z"}
{"log":"INFO [03-25|01:21:08.227] Imported new chain segment               blocks=1062  txs=1927  mgas=490.129 elapsed=8.006s    mgasps=61.218  number=2340288 hash=b1deda…b2d733 age=1w4d3h     dirty=483.46MiB\n","stream":"stderr","time":"2020-03-25T01:21:08.227991823Z"}
{"log":"INFO [03-25|01:21:16.198] Imported new chain segment               blocks=986   txs=2422  mgas=578.059 elapsed=7.970s    mgasps=72.527  number=2341274 hash=f23cdb…59fd53 age=1w3d23h    dirty=487.18MiB\n","stream":"stderr","time":"2020-03-25T01:21:16.198252466Z"}
{"log":"INFO [03-25|01:21:24.254] Imported new chain segment               blocks=892   txs=1231  mgas=376.812 elapsed=8.026s    mgasps=46.948  number=2342166 hash=b1c67b…37ac19 age=1w3d19h    dirty=490.35MiB\n","stream":"stderr","time":"2020-03-25T01:21:24.254861634Z"}
{"log":"INFO [03-25|01:21:32.264] Imported new chain segment               blocks=1101  txs=1500  mgas=517.653 elapsed=8.010s    mgasps=64.625  number=2343267 hash=9a9546…d1b69c age=1w3d15h    dirty=493.89MiB\n","stream":"stderr","time":"2020-03-25T01:21:32.264792969Z"}
{"log":"INFO [03-25|01:21:32.563] Imported new chain segment               blocks=55    txs=70    mgas=22.016  elapsed=299.093ms mgasps=73.608  number=2343322 hash=94b19b…553103 age=1w3d14h    dirty=493.91MiB\n","stream":"stderr","time":"2020-03-25T01:21:32.563823193Z"}
{"log":"INFO [03-25|01:21:40.604] Imported new chain segment               blocks=1116  txs=1218  mgas=461.016 elapsed=8.007s    mgasps=57.573  number=2344438 hash=ccb455…0c9f19 age=1w3d10h    dirty=497.06MiB\n","stream":"stderr","time":"2020-03-25T01:21:40.604474765Z"}
{"log":"INFO [03-25|01:21:46.112] Deep froze chain segment                 blocks=7507  elapsed=3.119s    number=2254877 hash=68b435…846b0e\n","stream":"stderr","time":"2020-03-25T01:21:46.112179975Z"}
{"log":"INFO [03-25|01:21:47.469] Imported new chain segment               blocks=932   txs=1028  mgas=378.872 elapsed=6.865s    mgasps=55.186  number=2345370 hash=3edbae…82cc71 age=1w3d6h     dirty=499.90MiB\n","stream":"stderr","time":"2020-03-25T01:21:47.469827887Z"}
{"log":"INFO [03-25|01:21:55.558] Imported new chain segment               blocks=1029  txs=1460  mgas=436.231 elapsed=8.035s    mgasps=54.287  number=2346399 hash=23400b…be728a age=1w3d2h     dirty=503.69MiB\n","stream":"stderr","time":"2020-03-25T01:21:55.558762334Z"}
{"log":"INFO [03-25|01:22:03.559] Imported new chain segment               blocks=782   txs=1936  mgas=457.117 elapsed=8.001s    mgasps=57.130  number=2347181 hash=1a9462…f63750 age=1w2d22h    dirty=506.50MiB\n","stream":"stderr","time":"2020-03-25T01:22:03.559982827Z"}
{"log":"INFO [03-25|01:22:04.951] Imported new chain segment               blocks=237   txs=306   mgas=99.214  elapsed=1.391s    mgasps=71.282  number=2347418 hash=51dab5…75a330 age=1w2d21h    dirty=507.05MiB\n","stream":"stderr","time":"2020-03-25T01:22:04.951769063Z"}
{"log":"INFO [03-25|01:22:12.996] Imported new chain segment               blocks=1184  txs=1376  mgas=474.795 elapsed=8.012s    mgasps=59.257  number=2348602 hash=7f98b2…e38777 age=1w2d16h    dirty=511.34MiB\n","stream":"stderr","time":"2020-03-25T01:22:12.996296644Z"}
{"log":"INFO [03-25|01:22:19.157] Imported new chain segment               blocks=864   txs=1196  mgas=413.827 elapsed=6.161s    mgasps=67.168  number=2349466 hash=301853…9794ad age=1w2d13h    dirty=514.27MiB\n","stream":"stderr","time":"2020-03-25T01:22:19.15741226Z"}
{"log":"INFO [03-25|01:22:27.282] Imported new chain segment               blocks=1029  txs=1437  mgas=486.524 elapsed=8.081s    mgasps=60.199  number=2350495 hash=a1dcf4…f35439 age=1w2d9h     dirty=517.89MiB\n","stream":"stderr","time":"2020-03-25T01:22:27.283164348Z"}
{"log":"INFO [03-25|01:22:35.371] Imported new chain segment               blocks=1007  txs=1168  mgas=414.776 elapsed=8.088s    mgasps=51.278  number=2351502 hash=f8857f…806cf1 age=1w2d4h     dirty=520.93MiB\n","stream":"stderr","time":"2020-03-25T01:22:35.376728274Z"}
{"log":"INFO [03-25|01:22:35.494] Imported new chain segment               blocks=12    txs=10    mgas=5.831   elapsed=123.018ms mgasps=47.398  number=2351514 hash=137287…e88760 age=1w2d4h     dirty=521.05MiB\n","stream":"stderr","time":"2020-03-25T01:22:35.495021415Z"}
{"log":"INFO [03-25|01:22:43.535] Imported new chain segment               blocks=897   txs=2034  mgas=502.043 elapsed=8.013s    mgasps=62.652  number=2352411 hash=b2d20c…27e68a age=1w2d1h     dirty=529.85MiB\n","stream":"stderr","time":"2020-03-25T01:22:43.535781735Z"}
{"log":"INFO [03-25|01:22:49.245] Deep froze chain segment                 blocks=7936  elapsed=3.133s    number=2262813 hash=9ab17b…425666\n","stream":"stderr","time":"2020-03-25T01:22:49.245603991Z"}
{"log":"INFO [03-25|01:22:51.543] Imported new chain segment               blocks=951   txs=1516  mgas=424.679 elapsed=8.007s    mgasps=53.033  number=2353362 hash=73aa53…3dd79f age=1w1d21h    dirty=527.51MiB\n","stream":"stderr","time":"2020-03-25T01:22:51.543648839Z"}
{"log":"INFO [03-25|01:22:53.024] Imported new chain segment               blocks=200   txs=234   mgas=83.371  elapsed=1.481s    mgasps=56.277  number=2353562 hash=051326…c2eff6 age=1w1d20h    dirty=527.77MiB\n","stream":"stderr","time":"2020-03-25T01:22:53.025303647Z"}
{"log":"INFO [03-25|01:23:01.706] Imported new chain segment               blocks=941   txs=1228  mgas=419.565 elapsed=8.000s    mgasps=52.444  number=2354503 hash=1f6a41…4da2b6 age=1w1d16h    dirty=531.52MiB\n","stream":"stderr","time":"2020-03-25T01:23:01.707142988Z"}
{"log":"INFO [03-25|01:23:09.697] Imported new chain segment               blocks=1107  txs=1552  mgas=563.207 elapsed=7.990s    mgasps=70.488  number=2355610 hash=22ba04…be6e0f age=1w1d11h    dirty=534.06MiB\n","stream":"stderr","time":"2020-03-25T01:23:09.697277293Z"}
{"log":"INFO [03-25|01:23:17.748] Imported new chain segment               blocks=1270  txs=2083  mgas=655.261 elapsed=8.008s    mgasps=81.825  number=2356880 hash=c72899…ea029b age=1w1d6h     dirty=538.81MiB\n","stream":"stderr","time":"2020-03-25T01:23:17.748899106Z"}
{"log":"INFO [03-25|01:23:24.415] Imported new chain segment               blocks=778   txs=1377  mgas=407.055 elapsed=6.666s    mgasps=61.056  number=2357658 hash=d47506…e7b6af age=1w1d3h     dirty=541.03MiB\n","stream":"stderr","time":"2020-03-25T01:23:24.41564789Z"}
{"log":"INFO [03-25|01:23:32.503] Imported new chain segment               blocks=641   txs=1768  mgas=430.375 elapsed=8.059s    mgasps=53.399  number=2358299 hash=aee95c…30139d age=1w1d36m    dirty=543.45MiB\n","stream":"stderr","time":"2020-03-25T01:23:32.504135456Z"}
{"log":"INFO [03-25|01:23:40.504] Imported new chain segment               blocks=982   txs=1250  mgas=440.363 elapsed=8.000s    mgasps=55.039  number=2359281 hash=a86444…c4ae55 age=1w20h30m   dirty=546.10MiB\n","stream":"stderr","time":"2020-03-25T01:23:40.504842896Z"}
{"log":"INFO [03-25|01:23:43.386] Imported new chain segment               blocks=425   txs=527   mgas=199.211 elapsed=2.881s    mgasps=69.125  number=2359706 hash=4e92b4…016d33 age=1w18h44m   dirty=547.92MiB\n","stream":"stderr","time":"2020-03-25T01:23:43.386790141Z"}
{"log":"INFO [03-25|01:23:51.496] Imported new chain segment               blocks=796   txs=1365  mgas=412.188 elapsed=8.082s    mgasps=50.997  number=2360502 hash=4f041c…4f2202 age=1w15h25m   dirty=550.54MiB\n","stream":"stderr","time":"2020-03-25T01:23:51.496744545Z"}
{"log":"INFO [03-25|01:23:52.513] Deep froze chain segment                 blocks=7513  elapsed=3.268s    number=2270326 hash=2cd3f9…bbf68f\n","stream":"stderr","time":"2020-03-25T01:23:52.513942651Z"}
{"log":"INFO [03-25|01:23:59.499] Imported new chain segment               blocks=961   txs=1430  mgas=480.739 elapsed=8.002s    mgasps=60.071  number=2361463 hash=87d1d3…c3d434 age=1w11h25m   dirty=553.40MiB\n","stream":"stderr","time":"2020-03-25T01:23:59.499351295Z"}
{"log":"INFO [03-25|01:24:01.258] Imported new chain segment               blocks=291   txs=489   mgas=150.843 elapsed=1.759s    mgasps=85.746  number=2361754 hash=ad5475…e47f95 age=1w10h12m   dirty=554.21MiB\n","stream":"stderr","time":"2020-03-25T01:24:01.258641777Z"}
{"log":"INFO [03-25|01:24:09.323] Imported new chain segment               blocks=1044  txs=1383  mgas=509.845 elapsed=8.010s    mgasps=63.643  number=2362798 hash=b912e7…4803c4 age=1w5h51m    dirty=557.08MiB\n","stream":"stderr","time":"2020-03-25T01:24:09.324218317Z"}
{"log":"INFO [03-25|01:24:16.971] Imported new chain segment               blocks=1004  txs=1512  mgas=478.995 elapsed=7.647s    mgasps=62.638  number=2363802 hash=5f9293…336efa age=1w1h40m    dirty=560.43MiB\n","stream":"stderr","time":"2020-03-25T01:24:16.971318121Z"}
{"log":"INFO [03-25|01:24:25.051] Imported new chain segment               blocks=624   txs=1624  mgas=417.061 elapsed=8.026s    mgasps=51.962  number=2364426 hash=fcb337…d07719 age=6d23h4m    dirty=563.14MiB\n","stream":"stderr","time":"2020-03-25T01:24:25.052250211Z"}
{"log":"INFO [03-25|01:24:33.053] Imported new chain segment               blocks=906   txs=1149  mgas=430.067 elapsed=8.002s    mgasps=53.745  number=2365332 hash=28d030…0b26ef age=6d19h18m   dirty=565.43MiB\n","stream":"stderr","time":"2020-03-25T01:24:33.054100493Z"}
{"log":"INFO [03-25|01:24:37.157] Imported new chain segment               blocks=518   txs=666   mgas=277.445 elapsed=4.103s    mgasps=67.604  number=2365850 hash=039223…139c12 age=6d17h8m    dirty=567.57MiB\n","stream":"stderr","time":"2020-03-25T01:24:37.158115744Z"}
{"log":"INFO [03-25|01:24:45.223] Imported new chain segment               blocks=718   txs=1075  mgas=404.975 elapsed=8.023s    mgasps=50.472  number=2366568 hash=190929…e36c09 age=6d14h9m    dirty=569.73MiB\n","stream":"stderr","time":"2020-03-25T01:24:45.224277575Z"}
{"log":"INFO [03-25|01:24:53.252] Imported new chain segment               blocks=814   txs=1376  mgas=520.168 elapsed=8.028s    mgasps=64.787  number=2367382 hash=3352b2…7bb8da age=6d10h45m   dirty=571.72MiB\n","stream":"stderr","time":"2020-03-25T01:24:53.258438088Z"}
{"log":"INFO [03-25|01:24:55.081] Deep froze chain segment                 blocks=7034  elapsed=2.566s    number=2277360 hash=c9abbd…576150\n","stream":"stderr","time":"2020-03-25T01:24:55.081202359Z"}
{"log":"INFO [03-25|01:24:57.392] Imported new chain segment               blocks=516   txs=672   mgas=303.495 elapsed=4.140s    mgasps=73.307  number=2367898 hash=f07c5f…b77b21 age=6d8h36m    dirty=572.92MiB\n","stream":"stderr","time":"2020-03-25T01:24:57.393004792Z"}
{"log":"INFO [03-25|01:25:05.509] Imported new chain segment               blocks=800   txs=907   mgas=369.143 elapsed=8.003s    mgasps=46.121  number=2368698 hash=d77f17…8d644b age=6d5h16m    dirty=575.05MiB\n","stream":"stderr","time":"2020-03-25T01:25:05.510336614Z"}
{"log":"INFO [03-25|01:25:13.513] Imported new chain segment               blocks=848   txs=1426  mgas=458.936 elapsed=8.003s    mgasps=57.339  number=2369546 hash=0d77dc…12fc4c age=6d1h44m    dirty=578.82MiB\n","stream":"stderr","time":"2020-03-25T01:25:13.514142109Z"}
{"log":"INFO [03-25|01:25:16.896] Imported new chain segment               blocks=400   txs=1228  mgas=292.624 elapsed=3.382s    mgasps=86.503  number=2369946 hash=5614d8…24133f age=6d4m57s    dirty=579.95MiB\n","stream":"stderr","time":"2020-03-25T01:25:16.896816377Z"}
{"log":"INFO [03-25|01:25:24.954] Imported new chain segment               blocks=957   txs=1057  mgas=410.456 elapsed=8.032s    mgasps=51.098  number=2370903 hash=d57720…fd3311 age=5d20h5m    dirty=581.85MiB\n","stream":"stderr","time":"2020-03-25T01:25:24.954588164Z"}
{"log":"INFO [03-25|01:25:33.016] Imported new chain segment               blocks=943   txs=993   mgas=415.294 elapsed=8.062s    mgasps=51.509  number=2371846 hash=5092d9…1a4c88 age=5d16h9m    dirty=585.16MiB\n","stream":"stderr","time":"2020-03-25T01:25:33.017214438Z"}
{"log":"INFO [03-25|01:25:34.164] Imported new chain segment               blocks=148   txs=208   mgas=73.622  elapsed=1.148s    mgasps=64.130  number=2371994 hash=a07d3e…00df9d age=5d15h32m   dirty=585.80MiB\n","stream":"stderr","time":"2020-03-25T01:25:34.165046461Z"}
{"log":"INFO [03-25|01:25:42.213] Imported new chain segment               blocks=1348  txs=1991  mgas=583.719 elapsed=8.003s    mgasps=72.936  number=2373342 hash=736185…83bcd3 age=5d9h56m    dirty=589.49MiB\n","stream":"stderr","time":"2020-03-25T01:25:42.213528664Z"}
{"log":"INFO [03-25|01:25:48.922] Imported new chain segment               blocks=700   txs=1125  mgas=354.776 elapsed=6.709s    mgasps=52.879  number=2374042 hash=6b6124…9e11c7 age=5d7h1m     dirty=591.69MiB\n","stream":"stderr","time":"2020-03-25T01:25:48.922763593Z"}
{"log":"INFO [03-25|01:25:56.438] Deep froze chain segment                 blocks=7308  elapsed=1.357s    number=2284668 hash=a08e05…09103b\n","stream":"stderr","time":"2020-03-25T01:25:56.438921896Z"}
{"log":"INFO [03-25|01:25:56.977] Imported new chain segment               blocks=856   txs=1500  mgas=437.932 elapsed=8.013s    mgasps=54.652  number=2374898 hash=9bb1fc…fea9eb age=5d3h27m    dirty=595.37MiB\n","stream":"stderr","time":"2020-03-25T01:25:56.977478088Z"}
{"log":"INFO [03-25|01:26:05.183] Imported new chain segment               blocks=727   txs=1869  mgas=462.411 elapsed=8.206s    mgasps=56.349  number=2375625 hash=f180f0…54f461 age=5d25m29s   dirty=597.76MiB\n","stream":"stderr","time":"2020-03-25T01:26:05.183733574Z"}
{"log":"INFO [03-25|01:26:09.198] Imported new chain segment               blocks=465   txs=807   mgas=226.020 elapsed=4.014s    mgasps=56.295  number=2376090 hash=0667b6…313f2e age=4d22h29m   dirty=598.24MiB\n","stream":"stderr","time":"2020-03-25T01:26:09.198509588Z"}
{"log":"INFO [03-25|01:26:17.271] Imported new chain segment               blocks=883   txs=1159  mgas=431.515 elapsed=8.032s    mgasps=53.724  number=2376973 hash=a61ccb…99ad47 age=4d18h48m   dirty=601.64MiB\n","stream":"stderr","time":"2020-03-25T01:26:17.271806952Z"}
{"log":"INFO [03-25|01:26:25.286] Imported new chain segment               blocks=840   txs=1902  mgas=500.189 elapsed=8.014s    mgasps=62.411  number=2377813 hash=b0969c…9344cd age=4d15h18m   dirty=604.99MiB\n","stream":"stderr","time":"2020-03-25T01:26:25.286409349Z"}
{"log":"INFO [03-25|01:26:28.869] Imported new chain segment               blocks=325   txs=789   mgas=207.644 elapsed=3.583s    mgasps=57.944  number=2378138 hash=99a44e…6e6f96 age=4d13h57m   dirty=606.02MiB\n","stream":"stderr","time":"2020-03-25T01:26:28.869786724Z"}
{"log":"INFO [03-25|01:26:36.905] Imported new chain segment               blocks=801   txs=1825  mgas=449.019 elapsed=8.001s    mgasps=56.119  number=2378939 hash=24e0f5…bf31df age=4d10h37m   dirty=608.80MiB\n","stream":"stderr","time":"2020-03-25T01:26:36.906122627Z"}
{"log":"INFO [03-25|01:26:44.928] Imported new chain segment               blocks=834   txs=1930  mgas=487.437 elapsed=8.023s    mgasps=60.755  number=2379773 hash=188db8…ef89f2 age=4d7h9m     dirty=611.72MiB\n","stream":"stderr","time":"2020-03-25T01:26:44.932761937Z"}
{"log":"INFO [03-25|01:26:49.555] Imported new chain segment               blocks=413   txs=666   mgas=205.816 elapsed=4.626s    mgasps=44.488  number=2380186 hash=220c7c…c8cb29 age=4d5h25m    dirty=612.00MiB\n","stream":"stderr","time":"2020-03-25T01:26:49.555492988Z"}
{"log":"INFO [03-25|01:26:57.593] Imported new chain segment               blocks=894   txs=1286  mgas=405.173 elapsed=8.011s    mgasps=50.575  number=2381080 hash=125868…d0b85e age=4d1h42m    dirty=614.44MiB\n","stream":"stderr","time":"2020-03-25T01:26:57.593810439Z"}
{"log":"INFO [03-25|01:26:57.970] Deep froze chain segment                 blocks=6262  elapsed=1.531s    number=2290930 hash=facc81…c9d549\n","stream":"stderr","time":"2020-03-25T01:26:57.970589575Z"}
{"log":"INFO [03-25|01:27:05.597] Imported new chain segment               blocks=943   txs=1905  mgas=495.242 elapsed=8.003s    mgasps=61.876  number=2382023 hash=9dca21…2607a2 age=3d21h46m   dirty=617.53MiB\n","stream":"stderr","time":"2020-03-25T01:27:05.597578035Z"}
{"log":"INFO [03-25|01:27:08.258] Imported new chain segment               blocks=211   txs=225   mgas=85.671  elapsed=2.660s    mgasps=32.198  number=2382234 hash=b868ee…778677 age=3d20h54m   dirty=617.88MiB\n","stream":"stderr","time":"2020-03-25T01:27:08.258499024Z"}
{"log":"INFO [03-25|01:27:16.612] Imported new chain segment               blocks=1129  txs=1287  mgas=465.811 elapsed=8.004s    mgasps=58.191  number=2383363 hash=8d2697…76615b age=3d16h12m   dirty=620.81MiB\n","stream":"stderr","time":"2020-03-25T01:27:16.612567214Z"}
{"log":"INFO [03-25|01:27:23.479] Imported new chain segment               blocks=919   txs=1097  mgas=371.204 elapsed=6.866s    mgasps=54.058  number=2384282 hash=c1dc56…c38130 age=3d12h22m   dirty=624.15MiB\n","stream":"stderr","time":"2020-03-25T01:27:23.479289252Z"}
{"log":"INFO [03-25|01:27:31.508] Imported new chain segment               blocks=981   txs=1447  mgas=434.200 elapsed=8.001s    mgasps=54.264  number=2385263 hash=7794c6…1a2653 age=3d8h17m    dirty=627.10MiB\n","stream":"stderr","time":"2020-03-25T01:27:31.508548509Z"}
{"log":"INFO [03-25|01:27:39.517] Imported new chain segment               blocks=1039  txs=1369  mgas=448.563 elapsed=8.009s    mgasps=56.007  number=2386302 hash=65f71b…a3b5aa age=3d3h57m    dirty=630.16MiB\n","stream":"stderr","time":"2020-03-25T01:27:39.517634633Z"}
{"log":"INFO [03-25|01:27:39.698] Imported new chain segment               blocks=28    txs=33    mgas=10.770  elapsed=180.807ms mgasps=59.566  number=2386330 hash=bc02f5…dafb0c age=3d3h50m    dirty=629.99MiB\n","stream":"stderr","time":"2020-03-25T01:27:39.698449759Z"}
{"log":"INFO [03-25|01:27:47.746] Imported new chain segment               blocks=963   txs=1432  mgas=470.330 elapsed=8.000s    mgasps=58.787  number=2387293 hash=d09ef1…139583 age=2d23h49m   dirty=632.67MiB\n","stream":"stderr","time":"2020-03-25T01:27:47.746913422Z"}
{"log":"INFO [03-25|01:27:55.486] Imported new chain segment               blocks=1085  txs=1029  mgas=412.585 elapsed=7.740s    mgasps=53.304  number=2388378 hash=54dd50…2d03b6 age=2d19h18m   dirty=635.54MiB\n","stream":"stderr","time":"2020-03-25T01:27:55.487355857Z"}
{"log":"INFO [03-25|01:27:59.038] New local node record                    seq=16 id=8252fae760b7940d ip=31.147.195.74 udp=30303 tcp=30303\n","stream":"stderr","time":"2020-03-25T01:27:59.039074572Z"}
{"log":"INFO [03-25|01:28:01.696] Deep froze chain segment                 blocks=7838  elapsed=3.725s    number=2298768 hash=d3d89d…1ea093\n","stream":"stderr","time":"2020-03-25T01:28:01.696695277Z"}
{"log":"INFO [03-25|01:28:03.536] Imported new chain segment               blocks=980   txs=1214  mgas=394.493 elapsed=8.001s    mgasps=49.304  number=2389358 hash=654555…24d075 age=2d15h13m   dirty=638.71MiB\n","stream":"stderr","time":"2020-03-25T01:28:03.537057109Z"}
{"log":"INFO [03-25|01:28:11.559] Imported new chain segment               blocks=1052  txs=1502  mgas=446.068 elapsed=8.022s    mgasps=55.600  number=2390410 hash=033879…03133a age=2d10h50m   dirty=642.23MiB\n","stream":"stderr","time":"2020-03-25T01:28:11.559849739Z"}
{"log":"INFO [03-25|01:28:11.717] Imported new chain segment               blocks=16    txs=34    mgas=8.879   elapsed=157.691ms mgasps=56.309  number=2390426 hash=8a3332…dc3595 age=2d10h46m   dirty=642.67MiB\n","stream":"stderr","time":"2020-03-25T01:28:11.717553526Z"}
{"log":"INFO [03-25|01:28:19.794] Imported new chain segment               blocks=874   txs=1402  mgas=417.345 elapsed=8.029s    mgasps=51.976  number=2391300 hash=bd8039…8a0264 age=2d7h8m     dirty=644.26MiB\n","stream":"stderr","time":"2020-03-25T01:28:19.795343Z"}
{"log":"INFO [03-25|01:28:27.904] Imported new chain segment               blocks=953   txs=1604  mgas=441.977 elapsed=8.109s    mgasps=54.503  number=2392253 hash=c7bb7a…8f25cb age=2d3h10m    dirty=646.99MiB\n","stream":"stderr","time":"2020-03-25T01:28:27.904588805Z"}
{"log":"INFO [03-25|01:28:30.353] Imported new chain segment               blocks=221   txs=340   mgas=99.259  elapsed=2.448s    mgasps=40.533  number=2392474 hash=9f2f79…8e22e2 age=2d2h15m    dirty=647.59MiB\n","stream":"stderr","time":"2020-03-25T01:28:30.353428193Z"}
{"log":"INFO [03-25|01:28:38.395] Imported new chain segment               blocks=779   txs=2055  mgas=476.214 elapsed=8.011s    mgasps=59.445  number=2393253 hash=73b593…cba8c8 age=1d23h38s   dirty=650.53MiB\n","stream":"stderr","time":"2020-03-25T01:28:38.395618816Z"}
{"log":"INFO [03-25|01:28:46.400] Imported new chain segment               blocks=909   txs=1383  mgas=418.793 elapsed=8.005s    mgasps=52.315  number=2394162 hash=f79f33…7c952e age=1d19h13m   dirty=652.64MiB\n","stream":"stderr","time":"2020-03-25T01:28:46.400879051Z"}
{"log":"INFO [03-25|01:28:48.889] Imported new chain segment               blocks=360   txs=462   mgas=172.563 elapsed=2.488s    mgasps=69.339  number=2394522 hash=c39f01…17c99f age=1d17h43m   dirty=654.21MiB\n","stream":"stderr","time":"2020-03-25T01:28:48.889593393Z"}
{"log":"INFO [03-25|01:28:56.938] Imported new chain segment               blocks=921   txs=1351  mgas=425.079 elapsed=8.022s    mgasps=52.988  number=2395443 hash=43504e…a022cc age=1d13h53m   dirty=656.29MiB\n","stream":"stderr","time":"2020-03-25T01:28:56.938586203Z"}
{"log":"INFO [03-25|01:29:03.167] Deep froze chain segment                 blocks=7095  elapsed=1.470s    number=2305863 hash=949c8c…90f03f\n","stream":"stderr","time":"2020-03-25T01:29:03.17143446Z"}
{"log":"INFO [03-25|01:29:04.961] Imported new chain segment               blocks=610   txs=1032  mgas=336.084 elapsed=8.022s    mgasps=41.892  number=2396053 hash=f9471e…ca4551 age=1d11h21m   dirty=659.23MiB\n","stream":"stderr","time":"2020-03-25T01:29:04.961353914Z"}
{"log":"INFO [03-25|01:29:08.712] Imported new chain segment               blocks=517   txs=973   mgas=286.563 elapsed=3.751s    mgasps=76.381  number=2396570 hash=31d3d2…0791c3 age=1d9h11m    dirty=660.24MiB\n","stream":"stderr","time":"2020-03-25T01:29:08.712995664Z"}
{"log":"INFO [03-25|01:29:16.741] Imported new chain segment               blocks=1041  txs=1414  mgas=459.152 elapsed=8.000s    mgasps=57.391  number=2397611 hash=7db5d1…999590 age=1d4h51m    dirty=661.98MiB\n","stream":"stderr","time":"2020-03-25T01:29:16.741818055Z"}
{"log":"INFO [03-25|01:29:24.120] Imported new chain segment               blocks=1007  txs=2287  mgas=521.783 elapsed=7.378s    mgasps=70.714  number=2398618 hash=c4117c…c061d6 age=1d40m2s    dirty=665.21MiB\n","stream":"stderr","time":"2020-03-25T01:29:24.120590263Z"}
{"log":"INFO [03-25|01:29:32.267] Imported new chain segment               blocks=1364  txs=1464  mgas=449.351 elapsed=8.096s    mgasps=55.501  number=2399982 hash=1417a9…7db962 age=18h59m10s  dirty=669.36MiB\n","stream":"stderr","time":"2020-03-25T01:29:32.267848966Z"}
{"log":"INFO [03-25|01:29:35.637] Imported new chain segment               blocks=684   txs=700   mgas=298.743 elapsed=3.370s    mgasps=88.647  number=2400666 hash=debf28…b20538 age=16h8m12s   dirty=672.30MiB\n","stream":"stderr","time":"2020-03-25T01:29:35.63750542Z"}
{"log":"INFO [03-25|01:29:43.922] Imported new chain segment               blocks=1056  txs=1523  mgas=444.790 elapsed=8.257s    mgasps=53.866  number=2401722 hash=502dfa…90add8 age=11h44m18s  dirty=675.23MiB\n","stream":"stderr","time":"2020-03-25T01:29:43.922452791Z"}
{"log":"INFO [03-25|01:29:51.961] Imported new chain segment               blocks=823   txs=1327  mgas=457.567 elapsed=8.039s    mgasps=56.918  number=2402545 hash=02df32…a9e9a3 age=8h18m40s   dirty=677.52MiB\n","stream":"stderr","time":"2020-03-25T01:29:51.961443271Z"}
{"log":"INFO [03-25|01:29:53.357] Imported new chain segment               blocks=169   txs=177   mgas=91.388  elapsed=1.396s    mgasps=65.450  number=2402714 hash=77492c…aed3de age=7h36m25s   dirty=677.29MiB\n","stream":"stderr","time":"2020-03-25T01:29:53.357738759Z"}
{"log":"INFO [03-25|01:30:01.400] Imported new chain segment               blocks=915   txs=1442  mgas=454.411 elapsed=8.000s    mgasps=56.795  number=2403629 hash=39e070…6db47d age=3h47m45s   dirty=681.34MiB\n","stream":"stderr","time":"2020-03-25T01:30:01.400756773Z"}
{"log":"INFO [03-25|01:30:04.858] Deep froze chain segment                 blocks=8056  elapsed=1.687s    number=2313919 hash=4aaf69…d9845d\n","stream":"stderr","time":"2020-03-25T01:30:04.860192895Z"}
{"log":"INFO [03-25|01:30:09.406] Imported new chain segment               blocks=834   txs=1849  mgas=465.658 elapsed=8.005s    mgasps=58.167  number=2404463 hash=63003e…9cc6b1 age=19m23s     dirty=683.33MiB\n","stream":"stderr","time":"2020-03-25T01:30:09.406228148Z"}
{"log":"INFO [03-25|01:30:10.054] Imported new chain segment               blocks=74    txs=182   mgas=32.015  elapsed=648.696ms mgasps=49.354  number=2404537 hash=0f3fac…f950e8 dirty=683.91MiB\n","stream":"stderr","time":"2020-03-25T01:30:10.054857218Z"}
{"log":"INFO [03-25|01:30:10.057] Imported new chain segment               blocks=1     txs=4     mgas=0.131   elapsed=2.598ms   mgasps=50.514  number=2404538 hash=5b1f8b…7db197 dirty=683.90MiB\n","stream":"stderr","time":"2020-03-25T01:30:10.057513919Z"}
{"log":"INFO [03-25|01:30:11.383] Imported new chain segment               blocks=2     txs=4     mgas=0.596   elapsed=22.592ms  mgasps=26.364  number=2404540 hash=0dff40…a3277d dirty=683.79MiB\n","stream":"stderr","time":"2020-03-25T01:30:11.383387777Z"}
{"log":"INFO [03-25|01:30:16.727] Imported new chain segment               blocks=1     txs=2     mgas=0.454   elapsed=15.792ms  mgasps=28.762  number=2404541 hash=1876ee…cbb207 dirty=683.82MiB\n","stream":"stderr","time":"2020-03-25T01:30:16.728067784Z"}
{"log":"INFO [03-25|01:30:17.657] Imported new chain segment               blocks=1     txs=1     mgas=0.021   elapsed=1.408ms   mgasps=14.917  number=2404541 hash=8a50f8…4fa579 dirty=683.82MiB\n","stream":"stderr","time":"2020-03-25T01:30:17.660660393Z"}
{"log":"INFO [03-25|01:30:18.410] Imported new chain segment               blocks=1     txs=4     mgas=0.596   elapsed=19.084ms  mgasps=31.209  number=2404539 hash=3bff47…328510 dirty=683.83MiB\n","stream":"stderr","time":"2020-03-25T01:30:18.411109178Z"}
{"log":"INFO [03-25|01:30:18.414] Imported new chain segment               blocks=1     txs=4     mgas=0.131   elapsed=2.971ms   mgasps=44.176  number=2404538 hash=ca800d…9b5c14 dirty=683.83MiB\n","stream":"stderr","time":"2020-03-25T01:30:18.414222004Z"}
{"log":"INFO [03-25|01:30:18.417] Imported new chain segment               blocks=1     txs=4     mgas=0.131   elapsed=3.468ms   mgasps=37.838  number=2404537 hash=33782c…be3527 age=1m2s       dirty=683.83MiB\n","stream":"stderr","time":"2020-03-25T01:30:18.417919698Z"}
{"log":"INFO [03-25|01:30:18.420] Imported new chain segment               blocks=1     txs=4     mgas=0.131   elapsed=2.245ms   mgasps=58.451  number=2404536 hash=6eea02…ca8a7b age=1m17s      dirty=683.83MiB\n","stream":"stderr","time":"2020-03-25T01:30:18.420287775Z"}
{"log":"INFO [03-25|01:30:18.437] Imported new chain segment               blocks=1     txs=3     mgas=0.545   elapsed=17.479ms  mgasps=31.161  number=2404539 hash=758f71…67e4fc dirty=683.84MiB\n","stream":"stderr","time":"2020-03-25T01:30:18.437963879Z"}
{"log":"INFO [03-25|01:30:18.439] Imported new chain segment               blocks=1     txs=1     mgas=0.051   elapsed=1.542ms   mgasps=33.033  number=2404540 hash=426baa…4e84c1 dirty=683.84MiB\n","stream":"stderr","time":"2020-03-25T01:30:18.439683878Z"}
{"log":"INFO [03-25|01:30:21.640] Chain reorg detected                     number=2404540 hash=0dff40…a3277d drop=1 dropfrom=1876ee…cbb207 add=1 addfrom=fef541…d147b9\n","stream":"stderr","time":"2020-03-25T01:30:21.641146661Z"}
{"log":"INFO [03-25|01:30:21.641] Imported new chain segment               blocks=1     txs=2     mgas=0.454   elapsed=22.760ms  mgasps=19.957  number=2404541 hash=fef541…d147b9 dirty=683.84MiB\n","stream":"stderr","time":"2020-03-25T01:30:21.641522434Z"}
{"log":"INFO [03-25|01:30:31.600] Imported new chain segment               blocks=1     txs=5     mgas=3.474   elapsed=22.763ms  mgasps=152.626 number=2404542 hash=59ef42…a2718f dirty=684.13MiB\n","stream":"stderr","time":"2020-03-25T01:30:31.60123917Z"}
{"log":"INFO [03-25|01:30:33.062] Chain reorg detected                     number=2404541 hash=fef541…d147b9 drop=1 dropfrom=59ef42…a2718f add=1 addfrom=8f313b…ffbb5f\n","stream":"stderr","time":"2020-03-25T01:30:33.062993563Z"}
{"log":"INFO [03-25|01:30:33.063] Imported new chain segment               blocks=1     txs=5     mgas=7.415   elapsed=44.323ms  mgasps=167.305 number=2404542 hash=8f313b…ffbb5f dirty=684.57MiB\n","stream":"stderr","time":"2020-03-25T01:30:33.063481188Z"}
{"log":"INFO [03-25|01:30:33.419] Imported new chain segment               blocks=1     txs=1     mgas=3.796   elapsed=20.432ms  mgasps=185.790 number=2404542 hash=2db265…1e3363 dirty=684.58MiB\n","stream":"stderr","time":"2020-03-25T01:30:33.419323058Z"}
{"log":"INFO [03-25|01:30:33.455] Imported new chain segment               blocks=1     txs=5     mgas=7.415   elapsed=36.361ms  mgasps=203.937 number=2404542 hash=63df7d…05d382 dirty=684.58MiB\n","stream":"stderr","time":"2020-03-25T01:30:33.45618541Z"}
{"log":"INFO [03-25|01:30:46.892] Imported new chain segment               blocks=1     txs=5     mgas=1.406   elapsed=35.667ms  mgasps=39.420  number=2404543 hash=30d7e3…bc75e7 dirty=684.62MiB\n","stream":"stderr","time":"2020-03-25T01:30:46.892556816Z"}
{"log":"INFO [03-25|01:30:47.149] Chain reorg detected                     number=2404541 hash=fef541…d147b9 drop=2 dropfrom=30d7e3…bc75e7 add=2 addfrom=494cb5…69fe8b\n","stream":"stderr","time":"2020-03-25T01:30:47.149774981Z"}
{"log":"INFO [03-25|01:30:47.150] Imported new chain segment               blocks=1     txs=3     mgas=4.422   elapsed=27.636ms  mgasps=160.018 number=2404543 hash=494cb5…69fe8b dirty=684.64MiB\n","stream":"stderr","time":"2020-03-25T01:30:47.150252207Z"}
{"log":"INFO [03-25|01:30:47.219] Chain reorg detected                     number=2404542 hash=59ef42…a2718f drop=1 dropfrom=494cb5…69fe8b add=1 addfrom=285922…a2a279\n","stream":"stderr","time":"2020-03-25T01:30:47.219794489Z"}
{"log":"INFO [03-25|01:30:47.219] Imported new chain segment               blocks=1     txs=2     mgas=4.210   elapsed=23.171ms  mgasps=181.701 number=2404543 hash=285922…a2a279 dirty=684.64MiB\n","stream":"stderr","time":"2020-03-25T01:30:47.220074298Z"}
{"log":"INFO [03-25|01:31:01.145] Imported new chain segment               blocks=1     txs=3     mgas=0.949   elapsed=18.371ms  mgasps=51.636  number=2404544 hash=e98a97…724ab3 dirty=684.62MiB\n","stream":"stderr","time":"2020-03-25T01:31:01.145460183Z"}
{"log":"INFO [03-25|01:31:05.001] Deep froze chain segment                 blocks=624   elapsed=141.001ms number=2314543 hash=5bd895…d9da6f\n","stream":"stderr","time":"2020-03-25T01:31:05.001952834Z"}
{"log":"INFO [03-25|01:31:16.553] Imported new chain segment               blocks=1     txs=1     mgas=0.074   elapsed=2.893ms   mgasps=25.637  number=2404545 hash=eff8db…c62a68 dirty=684.60MiB\n","stream":"stderr","time":"2020-03-25T01:31:16.553982923Z"}
{"log":"INFO [03-25|01:31:16.787] New local node record                    seq=17 id=8252fae760b7940d ip=31.147.195.74 udp=1024  tcp=30303\n","stream":"stderr","time":"2020-03-25T01:31:16.788389893Z"}
{"log":"INFO [03-25|01:31:18.535] Chain reorg detected                     number=2404544 hash=e98a97…724ab3 drop=1 dropfrom=eff8db…c62a68 add=1 addfrom=826c2e…8a07f5\n","stream":"stderr","time":"2020-03-25T01:31:18.53586403Z"}
{"log":"INFO [03-25|01:31:18.536] Imported new chain segment               blocks=1     txs=5     mgas=0.369   elapsed=4.746ms   mgasps=77.813  number=2404545 hash=826c2e…8a07f5 dirty=684.63MiB\n","stream":"stderr","time":"2020-03-25T01:31:18.536196101Z"}
{"log":"INFO [03-25|01:31:31.772] Chain reorg detected                     number=2404544 hash=e98a97…724ab3 drop=1 dropfrom=826c2e…8a07f5 add=2 addfrom=9507ad…2147ad\n","stream":"stderr","time":"2020-03-25T01:31:31.772556661Z"}
{"log":"INFO [03-25|01:31:31.773] Imported new chain segment               blocks=1     txs=5     mgas=0.369   elapsed=9.920ms   mgasps=37.231  number=2404546 hash=9507ad…2147ad dirty=684.62MiB\n","stream":"stderr","time":"2020-03-25T01:31:31.773876772Z"}
{"log":"INFO [03-25|01:31:34.326] Imported new chain segment               blocks=1     txs=5     mgas=0.369   elapsed=5.214ms   mgasps=70.828  number=2404546 hash=8d67b1…17b535 dirty=684.62MiB\n","stream":"stderr","time":"2020-03-25T01:31:34.327126776Z"}
{"log":"INFO [03-25|01:31:34.400] Imported new chain segment               blocks=1     txs=6     mgas=0.803   elapsed=17.021ms  mgasps=47.153  number=2404546 hash=535aab…7c4e08 dirty=684.64MiB\n","stream":"stderr","time":"2020-03-25T01:31:34.401035058Z"}
{"log":"INFO [03-25|01:31:46.112] Chain reorg detected                     number=2404545 hash=eff8db…c62a68 drop=1 dropfrom=9507ad…2147ad add=2 addfrom=9c93c6…8e15ea\n","stream":"stderr","time":"2020-03-25T01:31:46.112544416Z"}
{"log":"INFO [03-25|01:31:46.113] Imported new chain segment               blocks=1     txs=2     mgas=0.529   elapsed=18.763ms  mgasps=28.201  number=2404547 hash=9c93c6…8e15ea dirty=684.66MiB\n","stream":"stderr","time":"2020-03-25T01:31:46.113326322Z"}
{"log":"INFO [03-25|01:31:48.290] Imported new chain segment               blocks=1     txs=2     mgas=0.529   elapsed=15.562ms  mgasps=34.000  number=2404547 hash=498c38…1d10e1 dirty=684.66MiB\n","stream":"stderr","time":"2020-03-25T01:31:48.29120678Z"}
{"log":"INFO [03-25|01:31:53.317] Imported new chain segment               blocks=1     txs=3     mgas=0.585   elapsed=20.139ms  mgasps=29.041  number=2404547 hash=82a21d…5272fb dirty=684.67MiB\n","stream":"stderr","time":"2020-03-25T01:31:53.317817393Z"}
{"log":"INFO [03-25|01:32:01.097] Imported new chain segment               blocks=1     txs=1     mgas=0.056   elapsed=3.202ms   mgasps=17.404  number=2404548 hash=e4e99e…a90616 dirty=684.65MiB\n","stream":"stderr","time":"2020-03-25T01:32:01.097203825Z"}
{"log":"INFO [03-25|01:32:05.065] Deep froze chain segment                 blocks=4     elapsed=63.672ms  number=2314547 hash=f3d193…50bd31\n","stream":"stderr","time":"2020-03-25T01:32:05.065864266Z"}
{"log":"INFO [03-25|01:32:17.654] Imported new chain segment               blocks=1     txs=0     mgas=0.000   elapsed=7.120ms   mgasps=0.000   number=2404549 hash=9688d2…75fb2a dirty=684.26MiB\n","stream":"stderr","time":"2020-03-25T01:32:17.654894349Z"}
{"log":"INFO [03-25|01:32:18.224] Chain reorg detected                     number=2404548 hash=e4e99e…a90616 drop=1 dropfrom=9688d2…75fb2a add=1 addfrom=aaf9de…f426af\n","stream":"stderr","time":"2020-03-25T01:32:18.224240538Z"}
{"log":"INFO [03-25|01:32:18.224] Imported new chain segment               blocks=1     txs=1     mgas=0.433   elapsed=13.464ms  mgasps=32.174  number=2404549 hash=aaf9de…f426af dirty=684.28MiB\n","stream":"stderr","time":"2020-03-25T01:32:18.224395052Z"}
{"log":"INFO [03-25|01:32:31.780] Imported new chain segment               blocks=1     txs=0     mgas=0.000   elapsed=4.976ms   mgasps=0.000   number=2404550 hash=93bf36…d9bf3e dirty=684.04MiB\n","stream":"stderr","time":"2020-03-25T01:32:31.781155292Z"}
{"log":"INFO [03-25|01:32:33.714] Imported new chain segment               blocks=1     txs=1     mgas=0.433   elapsed=17.143ms  mgasps=25.270  number=2404550 hash=5fa5aa…a0aef0 dirty=684.04MiB\n","stream":"stderr","time":"2020-03-25T01:32:33.714480716Z"}
{"log":"INFO [03-25|01:32:47.269] Imported new chain segment               blocks=1     txs=0     mgas=0.000   elapsed=939.643µs mgasps=0.000   number=2404551 hash=a2df12…f12bba dirty=684.01MiB\n","stream":"stderr","time":"2020-03-25T01:32:47.269950603Z"}
{"log":"INFO [03-25|01:32:50.955] Chain reorg detected                     number=2404550 hash=93bf36…d9bf3e drop=1 dropfrom=a2df12…f12bba add=1 addfrom=3ce9ac…564435\n","stream":"stderr","time":"2020-03-25T01:32:50.95541578Z"}
{"log":"INFO [03-25|01:32:50.955] Imported new chain segment               blocks=1     txs=1     mgas=0.433   elapsed=13.872ms  mgasps=31.230  number=2404551 hash=3ce9ac…564435 dirty=684.03MiB\n","stream":"stderr","time":"2020-03-25T01:32:50.955893413Z"}
{"log":"INFO [03-25|01:33:01.775] Imported new chain segment               blocks=1     txs=1     mgas=0.085   elapsed=3.160ms   mgasps=26.924  number=2404552 hash=92c1c5…3b87f0 dirty=684.02MiB\n","stream":"stderr","time":"2020-03-25T01:33:01.775632351Z"}
{"log":"INFO [03-25|01:33:04.295] Imported new chain segment               blocks=1     txs=1     mgas=0.085   elapsed=2.196ms   mgasps=38.735  number=2404552 hash=78aa23…a123a9 dirty=684.03MiB\n","stream":"stderr","time":"2020-03-25T01:33:04.295612335Z"}
{"log":"INFO [03-25|01:33:04.665] Imported new chain segment               blocks=1     txs=1     mgas=0.039   elapsed=1.324ms   mgasps=29.730  number=2404552 hash=27afd3…92c4a3 dirty=684.03MiB\n","stream":"stderr","time":"2020-03-25T01:33:04.665494317Z"}
{"log":"INFO [03-25|01:33:04.791] Imported new chain segment               blocks=1     txs=2     mgas=0.124   elapsed=3.417ms   mgasps=36.425  number=2404552 hash=c4464b…ebd7f9 dirty=684.03MiB\n","stream":"stderr","time":"2020-03-25T01:33:04.791486255Z"}
{"log":"INFO [03-25|01:33:05.093] Deep froze chain segment                 blocks=4     elapsed=27.364ms  number=2314551 hash=77c308…20defa\n","stream":"stderr","time":"2020-03-25T01:33:05.093546557Z"}
{"log":"INFO [03-25|01:33:17.104] Imported new chain segment               blocks=1     txs=0     mgas=0.000   elapsed=978.55µs  mgasps=0.000   number=2404553 hash=08e62e…2841bf dirty=684.00MiB\n","stream":"stderr","time":"2020-03-25T01:33:17.104678223Z"}
{"log":"INFO [03-25|01:33:18.217] Chain reorg detected                     number=2404552 hash=92c1c5…3b87f0 drop=1 dropfrom=08e62e…2841bf add=1 addfrom=03abab…ecdbf9\n","stream":"stderr","time":"2020-03-25T01:33:18.217821051Z"}
{"log":"INFO [03-25|01:33:18.217] Imported new chain segment               blocks=1     txs=0     mgas=0.000   elapsed=705.863µs mgasps=0.000   number=2404553 hash=03abab…ecdbf9 dirty=684.00MiB\n","stream":"stderr","time":"2020-03-25T01:33:18.218046352Z"}
{"log":"INFO [03-25|01:33:31.938] Imported new chain segment               blocks=1     txs=0     mgas=0.000   elapsed=616.04µs  mgasps=0.000   number=2404554 hash=218e67…36ce02 dirty=684.00MiB\n","stream":"stderr","time":"2020-03-25T01:33:31.938644744Z"}
{"log":"INFO [03-25|01:33:33.553] Imported new chain segment               blocks=1     txs=0     mgas=0.000   elapsed=291.87µs  mgasps=0.000   number=2404554 hash=ab5cf6…fc5f14 dirty=684.00MiB\n","stream":"stderr","time":"2020-03-25T01:33:33.553585414Z"}
{"log":"INFO [03-25|01:33:46.230] Imported new chain segment               blocks=1     txs=0     mgas=0.000   elapsed=1.428ms   mgasps=0.000   number=2404555 hash=687c92…224066 dirty=683.95MiB\n","stream":"stderr","time":"2020-03-25T01:33:46.230938067Z"}
{"log":"INFO [03-25|01:34:01.304] Imported new chain segment               blocks=1     txs=0     mgas=0.000   elapsed=450.005µs mgasps=0.000   number=2404556 hash=f699e9…6845fc dirty=683.95MiB\n","stream":"stderr","time":"2020-03-25T01:34:01.304903196Z"}
{"log":"INFO [03-25|01:34:05.120] Deep froze chain segment                 blocks=4     elapsed=26.467ms  number=2314555 hash=856fc8…72dbad\n","stream":"stderr","time":"2020-03-25T01:34:05.120502306Z"}
{"log":"INFO [03-25|01:34:16.403] Imported new chain segment               blocks=1     txs=0     mgas=0.000   elapsed=1.173ms   mgasps=0.000   number=2404557 hash=937ab9…fc1dbe dirty=683.92MiB\n","stream":"stderr","time":"2020-03-25T01:34:16.406424076Z"}
{"log":"INFO [03-25|01:34:18.680] Chain reorg detected                     number=2404556 hash=f699e9…6845fc drop=1 dropfrom=937ab9…fc1dbe add=1 addfrom=158555…2c57e4\n","stream":"stderr","time":"2020-03-25T01:34:18.680984364Z"}
{"log":"INFO [03-25|01:34:18.681] Imported new chain segment               blocks=1     txs=1     mgas=0.038   elapsed=2.711ms   mgasps=13.840  number=2404557 hash=158555…2c57e4 dirty=683.93MiB\n","stream":"stderr","time":"2020-03-25T01:34:18.681278472Z"}
{"log":"INFO [03-25|01:34:31.104] Imported new chain segment               blocks=1     txs=1     mgas=0.524   elapsed=17.766ms  mgasps=29.501  number=2404558 hash=e173d2…aa517b dirty=683.94MiB\n","stream":"stderr","time":"2020-03-25T01:34:31.105079064Z"}
{"log":"INFO [03-25|01:34:32.088] Imported new chain segment               blocks=1     txs=1     mgas=0.038   elapsed=2.138ms   mgasps=17.548  number=2404558 hash=8575c3…fc8c81 dirty=683.94MiB\n","stream":"stderr","time":"2020-03-25T01:34:32.088710181Z"}
{"log":"INFO [03-25|01:34:37.805] Imported new chain segment               blocks=1     txs=2     mgas=0.562   elapsed=21.697ms  mgasps=25.886  number=2404558 hash=d2591a…9aa6be dirty=683.95MiB\n","stream":"stderr","time":"2020-03-25T01:34:37.805258804Z"}
{"log":"INFO [03-25|01:34:46.121] Imported new chain segment               blocks=1     txs=0     mgas=0.000   elapsed=481.971µs mgasps=0.000   number=2404559 hash=ea831f…84421c dirty=683.95MiB\n","stream":"stderr","time":"2020-03-25T01:34:46.121787931Z"}
{"log":"INFO [03-25|01:34:46.888] Chain reorg detected                     number=2404558 hash=e173d2…aa517b drop=1 dropfrom=ea831f…84421c add=1 addfrom=4699d2…309186\n","stream":"stderr","time":"2020-03-25T01:34:46.888971182Z"}
{"log":"INFO [03-25|01:34:46.889] Imported new chain segment               blocks=1     txs=0     mgas=0.000   elapsed=588.469µs mgasps=0.000   number=2404559 hash=4699d2…309186 dirty=683.95MiB\n","stream":"stderr","time":"2020-03-25T01:34:46.889181909Z"}
{"log":"INFO [03-25|01:35:01.075] Imported new chain segment               blocks=1     txs=0     mgas=0.000   elapsed=1.366ms   mgasps=0.000   number=2404560 hash=35f32d…1add4b dirty=683.91MiB\n","stream":"stderr","time":"2020-03-25T01:35:01.076271251Z"}
{"log":"INFO [03-25|01:35:04.326] Imported new chain segment               blocks=1     txs=0     mgas=0.000   elapsed=508.613µs mgasps=0.000   number=2404560 hash=884538…77b6fa dirty=683.91MiB\n","stream":"stderr","time":"2020-03-25T01:35:04.327904541Z"}
{"log":"INFO [03-25|01:35:05.159] Deep froze chain segment                 blocks=4     elapsed=39.281ms  number=2314559 hash=421c72…98c860\n","stream":"stderr","time":"2020-03-25T01:35:05.16013563Z"}
{"log":"INFO [03-25|01:35:17.103] Imported new chain segment               blocks=1     txs=2     mgas=0.489   elapsed=12.905ms  mgasps=37.890  number=2404561 hash=42bece…5b31f7 dirty=683.94MiB\n","stream":"stderr","time":"2020-03-25T01:35:17.103252336Z"}
{"log":"INFO [03-25|01:35:22.198] Chain reorg detected                     number=2404560 hash=35f32d…1add4b drop=1 dropfrom=42bece…5b31f7 add=1 addfrom=e1c460…3f72bb\n","stream":"stderr","time":"2020-03-25T01:35:22.199090168Z"}
{"log":"INFO [03-25|01:35:22.199] Imported new chain segment               blocks=1     txs=2     mgas=0.489   elapsed=17.649ms  mgasps=27.705  number=2404561 hash=e1c460…3f72bb dirty=683.94MiB\n","stream":"stderr","time":"2020-03-25T01:35:22.199362365Z"}
{"log":"INFO [03-25|01:35:31.834] Imported new chain segment               blocks=1     txs=2     mgas=0.989   elapsed=13.302ms  mgasps=74.345  number=2404562 hash=cc81ad…4b8e34 dirty=684.04MiB\n","stream":"stderr","time":"2020-03-25T01:35:31.834372664Z"}
{"log":"INFO [03-25|01:35:46.350] Imported new chain segment               blocks=1     txs=5     mgas=0.902   elapsed=13.681ms  mgasps=65.934  number=2404563 hash=61b8d3…f55659 dirty=684.09MiB\n","stream":"stderr","time":"2020-03-25T01:35:46.350310101Z"}
{"log":"INFO [03-25|01:35:48.652] Chain reorg detected                     number=2404562 hash=cc81ad…4b8e34 drop=1 dropfrom=61b8d3…f55659 add=1 addfrom=5c7b8a…396650\n","stream":"stderr","time":"2020-03-25T01:35:48.652272148Z"}
{"log":"INFO [03-25|01:35:48.652] Imported new chain segment               blocks=1     txs=5     mgas=0.902   elapsed=9.875ms   mgasps=91.341  number=2404563 hash=5c7b8a…396650 dirty=684.09MiB\n","stream":"stderr","time":"2020-03-25T01:35:48.652441979Z"}
{"log":"INFO [03-25|01:35:53.230] Regenerated local transaction journal    transactions=0 accounts=0\n","stream":"stderr","time":"2020-03-25T01:35:53.230843558Z"}
{"log":"INFO [03-25|01:36:01.145] Imported new chain segment               blocks=1     txs=2     mgas=0.454   elapsed=20.153ms  mgasps=22.538  number=2404564 hash=1c3dc0…71c624 dirty=684.12MiB\n","stream":"stderr","time":"2020-03-25T01:36:01.145397114Z"}
{"log":"INFO [03-25|01:36:03.128] Imported new chain segment               blocks=1     txs=2     mgas=0.454   elapsed=24.705ms  mgasps=18.385  number=2404564 hash=130cf5…f74458 dirty=684.12MiB\n","stream":"stderr","time":"2020-03-25T01:36:03.128506897Z"}
{"log":"INFO [03-25|01:36:05.192] Deep froze chain segment                 blocks=4     elapsed=32.411ms  number=2314563 hash=865247…8e6b68\n","stream":"stderr","time":"2020-03-25T01:36:05.193168726Z"}
{"log":"INFO [03-25|01:36:16.755] Imported new chain segment               blocks=1     txs=0     mgas=0.000   elapsed=1.165ms   mgasps=0.000   number=2404565 hash=595dfb…244742 dirty=684.09MiB\n","stream":"stderr","time":"2020-03-25T01:36:16.75626807Z"}
{"log":"INFO [03-25|01:36:19.750] Imported new chain segment               blocks=1     txs=0     mgas=0.000   elapsed=410.586µs mgasps=0.000   number=2404565 hash=44d617…b8b589 dirty=684.09MiB\n","stream":"stderr","time":"2020-03-25T01:36:19.750538003Z"}
{"log":"INFO [03-25|01:36:31.053] Chain reorg detected                     number=2404564 hash=1c3dc0…71c624 drop=1 dropfrom=595dfb…244742 add=2 addfrom=e68dd9…fbbe22\n","stream":"stderr","time":"2020-03-25T01:36:31.05372488Z"}
{"log":"INFO [03-25|01:36:31.053] Imported new chain segment               blocks=1     txs=0     mgas=0.000   elapsed=1.259ms   mgasps=0.000   number=2404566 hash=e68dd9…fbbe22 dirty=684.06MiB\n","stream":"stderr","time":"2020-03-25T01:36:31.054011403Z"}
{"log":"INFO [03-25|01:36:33.276] Imported new chain segment               blocks=1     txs=0     mgas=0.000   elapsed=347.037µs mgasps=0.000   number=2404566 hash=b28f40…9e8e6c dirty=684.06MiB\n","stream":"stderr","time":"2020-03-25T01:36:33.276472288Z"}
{"log":"INFO [03-25|01:36:46.092] Imported new chain segment               blocks=1     txs=1     mgas=0.433   elapsed=17.894ms  mgasps=24.210  number=2404567 hash=a23890…cf90d2 dirty=684.06MiB\n","stream":"stderr","time":"2020-03-25T01:36:46.093169618Z"}
{"log":"INFO [03-25|01:36:52.458] Imported new chain segment               blocks=1     txs=3     mgas=1.077   elapsed=13.924ms  mgasps=77.336  number=2404567 hash=4314b2…35cdaf dirty=684.08MiB\n","stream":"stderr","time":"2020-03-25T01:36:52.458238471Z"}
{"log":"INFO [03-25|01:37:01.171] Imported new chain segment               blocks=1     txs=2     mgas=0.644   elapsed=2.622ms   mgasps=245.414 number=2404568 hash=c343d1…a5f661 dirty=684.04MiB\n","stream":"stderr","time":"2020-03-25T01:37:01.172116183Z"}
{"log":"INFO [03-25|01:37:05.224] Deep froze chain segment                 blocks=4     elapsed=31.465ms  number=2314567 hash=3cc69e…7d99c6\n","stream":"stderr","time":"2020-03-25T01:37:05.224902667Z"}
{"log":"INFO [03-25|01:37:17.264] Imported new chain segment               blocks=1     txs=1     mgas=0.433   elapsed=18.697ms  mgasps=23.172  number=2404569 hash=df4b82…dfaa14 dirty=683.96MiB\n","stream":"stderr","time":"2020-03-25T01:37:17.265027996Z"}
{"log":"INFO [03-25|01:37:24.005] Chain reorg detected                     number=2404568 hash=c343d1…a5f661 drop=1 dropfrom=df4b82…dfaa14 add=1 addfrom=841b24…048de9\n","stream":"stderr","time":"2020-03-25T01:37:24.005210475Z"}
{"log":"INFO [03-25|01:37:24.005] Imported new chain segment               blocks=1     txs=1     mgas=0.433   elapsed=17.419ms  mgasps=24.871  number=2404569 hash=841b24…048de9 dirty=683.97MiB\n","stream":"stderr","time":"2020-03-25T01:37:24.005537014Z"}
{"log":"INFO [03-25|01:37:32.144] Chain reorg detected                     number=2404568 hash=c343d1…a5f661 drop=1 dropfrom=841b24…048de9 add=2 addfrom=345db4…34f869\n","stream":"stderr","time":"2020-03-25T01:37:32.144759953Z"}
{"log":"INFO [03-25|01:37:32.145] Imported new chain segment               blocks=1     txs=0     mgas=0.000   elapsed=1.014ms   mgasps=0.000   number=2404570 hash=345db4…34f869 dirty=683.97MiB\n","stream":"stderr","time":"2020-03-25T01:37:32.145191877Z"}
{"log":"INFO [03-25|01:37:32.227] Imported new chain segment               blocks=1     txs=2     mgas=0.117   elapsed=2.001ms   mgasps=58.410  number=2404570 hash=f8ee79…e475ba dirty=683.99MiB\n","stream":"stderr","time":"2020-03-25T01:37:32.227462369Z"}
{"log":"INFO [03-25|01:37:48.049] Imported new chain segment               blocks=1     txs=2     mgas=0.117   elapsed=3.318ms   mgasps=35.235  number=2404571 hash=8f54ae…e15495 dirty=683.97MiB\n","stream":"stderr","time":"2020-03-25T01:37:48.049277152Z"}
{"log":"INFO [03-25|01:37:48.064] Imported new chain segment               blocks=1     txs=2     mgas=0.117   elapsed=2.759ms   mgasps=42.371  number=2404571 hash=87f60c…80f254 dirty=683.97MiB\n","stream":"stderr","time":"2020-03-25T01:37:48.064330213Z"}
{"log":"INFO [03-25|01:37:51.843] Chain reorg detected                     number=2404570 hash=345db4…34f869 drop=1 dropfrom=8f54ae…e15495 add=1 addfrom=801bdc…526af9\n","stream":"stderr","time":"2020-03-25T01:37:51.843644661Z"}
{"log":"INFO [03-25|01:37:51.843] Imported new chain segment               blocks=1     txs=3     mgas=0.550   elapsed=19.539ms  mgasps=28.156  number=2404571 hash=801bdc…526af9 dirty=683.99MiB\n","stream":"stderr","time":"2020-03-25T01:37:51.843901693Z"}
{"log":"INFO [03-25|01:38:02.826] Imported new chain segment               blocks=1     txs=6     mgas=2.082   elapsed=31.140ms  mgasps=66.852  number=2404572 hash=0c7dcf…1cb78b dirty=684.13MiB\n","stream":"stderr","time":"2020-03-25T01:38:02.826682716Z"}
{"log":"INFO [03-25|01:38:02.952] Chain reorg detected                     number=2404571 hash=801bdc…526af9 drop=1 dropfrom=0c7dcf…1cb78b add=1 addfrom=ac1580…9d8be5\n","stream":"stderr","time":"2020-03-25T01:38:02.953106438Z"}
{"log":"INFO [03-25|01:38:02.953] Imported new chain segment               blocks=1     txs=1     mgas=0.493   elapsed=8.242ms   mgasps=59.833  number=2404572 hash=ac1580…9d8be5 dirty=684.17MiB\n","stream":"stderr","time":"2020-03-25T01:38:02.953500976Z"}
{"log":"INFO [03-25|01:38:05.235] Imported new chain segment               blocks=1     txs=5     mgas=1.986   elapsed=19.772ms  mgasps=100.435 number=2404572 hash=8ccd72…102934 dirty=684.17MiB\n","stream":"stderr","time":"2020-03-25T01:38:05.237544824Z"}
{"log":"INFO [03-25|01:38:05.257] Deep froze chain segment                 blocks=4     elapsed=32.291ms  number=2314571 hash=2591b2…ba5ef6\n","stream":"stderr","time":"2020-03-25T01:38:05.257630266Z"}
{"log":"INFO [03-25|01:38:18.060] Imported new chain segment               blocks=1     txs=5     mgas=1.589   elapsed=12.898ms  mgasps=123.161 number=2404573 hash=4a939c…5d7252 dirty=684.18MiB\n","stream":"stderr","time":"2020-03-25T01:38:18.060333821Z"}
{"log":"INFO [03-25|01:38:32.129] Imported new chain segment               blocks=1     txs=2     mgas=0.077   elapsed=5.068ms   mgasps=15.139  number=2404574 hash=a057f1…439ade dirty=684.13MiB\n","stream":"stderr","time":"2020-03-25T01:38:32.129620469Z"}
{"log":"INFO [03-25|01:38:32.171] Imported new chain segment               blocks=1     txs=2     mgas=0.077   elapsed=1.539ms   mgasps=49.847  number=2404574 hash=e307ca…fb79ca dirty=684.14MiB\n","stream":"stderr","time":"2020-03-25T01:38:32.171911529Z"}
{"log":"INFO [03-25|01:38:49.009] Imported new chain segment               blocks=1     txs=0     mgas=0.000   elapsed=439.836µs mgasps=0.000   number=2404575 hash=bb497b…27e89a dirty=684.14MiB\n","stream":"stderr","time":"2020-03-25T01:38:49.010015411Z"}
{"log":"INFO [03-25|01:38:49.161] Imported new chain segment               blocks=1     txs=0     mgas=0.000   elapsed=395.724µs mgasps=0.000   number=2404575 hash=d9882f…b5abd7 dirty=684.14MiB\n","stream":"stderr","time":"2020-03-25T01:38:49.161968019Z"}
{"log":"INFO [03-25|01:39:02.174] Chain reorg detected                     number=2404574 hash=a057f1…439ade drop=1 dropfrom=bb497b…27e89a add=2 addfrom=5dfcf6…daa15b\n","stream":"stderr","time":"2020-03-25T01:39:02.174576915Z"}
{"log":"INFO [03-25|01:39:02.174] Imported new chain segment               blocks=1     txs=2     mgas=4.984   elapsed=4.548ms   mgasps=1095.660 number=2404576 hash=5dfcf6…daa15b dirty=684.15MiB\n","stream":"stderr","time":"2020-03-25T01:39:02.175465463Z"}
{"log":"INFO [03-25|01:39:04.661] Imported new chain segment               blocks=1     txs=1     mgas=0.021   elapsed=1.906ms   mgasps=11.018   number=2404576 hash=c8c2be…d49a74 dirty=684.15MiB\n","stream":"stderr","time":"2020-03-25T01:39:04.661626733Z"}
{"log":"INFO [03-25|01:39:05.290] Deep froze chain segment                 blocks=4     elapsed=32.701ms  number=2314575 hash=71c4e3…8b0b90\n","stream":"stderr","time":"2020-03-25T01:39:05.29076169Z"}
{"log":"INFO [03-25|01:39:17.143] Imported new chain segment               blocks=1     txs=1     mgas=1.135   elapsed=4.274ms   mgasps=265.416  number=2404577 hash=51c96e…7a1d31 dirty=684.12MiB\n","stream":"stderr","time":"2020-03-25T01:39:17.143367092Z"}
{"log":"INFO [03-25|01:39:18.453] Imported new chain segment               blocks=1     txs=1     mgas=1.135   elapsed=2.906ms   mgasps=390.298  number=2404577 hash=ac6983…903b31 dirty=684.12MiB\n","stream":"stderr","time":"2020-03-25T01:39:18.453993118Z"}
{"log":"INFO [03-25|01:39:33.392] Imported new chain segment               blocks=1     txs=1     mgas=0.096   elapsed=2.154ms   mgasps=44.506   number=2404578 hash=944d89…4225be dirty=684.12MiB\n","stream":"stderr","time":"2020-03-25T01:39:33.392168237Z"}
{"log":"INFO [03-25|01:39:34.967] Chain reorg detected                     number=2404577 hash=51c96e…7a1d31 drop=1 dropfrom=944d89…4225be add=1 addfrom=cb023e…2fe5df\n","stream":"stderr","time":"2020-03-25T01:39:34.968089434Z"}
{"log":"INFO [03-25|01:39:34.968] Imported new chain segment               blocks=1     txs=1     mgas=0.096   elapsed=2.222ms   mgasps=43.145   number=2404578 hash=cb023e…2fe5df dirty=684.12MiB\n","stream":"stderr","time":"2020-03-25T01:39:34.96841824Z"}
{"log":"INFO [03-25|01:39:37.858] Imported new chain segment               blocks=1     txs=2     mgas=0.583   elapsed=13.148ms  mgasps=44.305   number=2404578 hash=c43a81…804357 dirty=684.15MiB\n","stream":"stderr","time":"2020-03-25T01:39:37.858729811Z"}
{"log":"INFO [03-25|01:39:48.043] Chain reorg detected                     number=2404577 hash=51c96e…7a1d31 drop=1 dropfrom=cb023e…2fe5df add=2 addfrom=f8234d…6352cc\n","stream":"stderr","time":"2020-03-25T01:39:48.043703098Z"}
{"log":"INFO [03-25|01:39:48.043] Imported new chain segment               blocks=1     txs=1     mgas=0.487   elapsed=15.576ms  mgasps=31.242   number=2404579 hash=f8234d…6352cc dirty=684.03MiB\n","stream":"stderr","time":"2020-03-25T01:39:48.044010292Z"}
{"log":"INFO [03-25|01:39:48.652] Imported new chain segment               blocks=1     txs=1     mgas=0.487   elapsed=12.589ms  mgasps=38.654   number=2404579 hash=7760ee…ad134e dirty=684.03MiB\n","stream":"stderr","time":"2020-03-25T01:39:48.652470614Z"}
{"log":"INFO [03-25|01:39:53.584] Imported new chain segment               blocks=1     txs=2     mgas=0.508   elapsed=17.780ms  mgasps=28.551   number=2404579 hash=85e9be…af35f2 dirty=684.04MiB\n","stream":"stderr","time":"2020-03-25T01:39:53.584414081Z"}
{"log":"INFO [03-25|01:40:02.073] Imported new chain segment               blocks=1     txs=1     mgas=0.021   elapsed=1.149ms   mgasps=18.270   number=2404580 hash=c1e686…443e02 dirty=684.04MiB\n","stream":"stderr","time":"2020-03-25T01:40:02.073897758Z"}
{"log":"INFO [03-25|01:40:05.324] Deep froze chain segment                 blocks=4     elapsed=33.775ms  number=2314579 hash=d499a5…a67023\n","stream":"stderr","time":"2020-03-25T01:40:05.324848852Z"}
{"log":"INFO [03-25|01:40:17.716] Imported new chain segment               blocks=1     txs=1     mgas=0.433   elapsed=25.377ms  mgasps=17.072   number=2404581 hash=fa54f6…342545 dirty=684.07MiB\n","stream":"stderr","time":"2020-03-25T01:40:17.717189458Z"}
{"log":"INFO [03-25|01:40:22.576] Chain reorg detected                     number=2404580 hash=c1e686…443e02 drop=1 dropfrom=fa54f6…342545 add=1 addfrom=80e9a2…ffe648\n","stream":"stderr","time":"2020-03-25T01:40:22.57641314Z"}
{"log":"INFO [03-25|01:40:22.576] Imported new chain segment               blocks=1     txs=1     mgas=0.433   elapsed=16.889ms  mgasps=25.651   number=2404581 hash=80e9a2…ffe648 dirty=684.07MiB\n","stream":"stderr","time":"2020-03-25T01:40:22.576690576Z"}
{"log":"INFO [03-25|01:40:32.972] Imported new chain segment               blocks=1     txs=3     mgas=1.223   elapsed=11.958ms  mgasps=102.280  number=2404582 hash=81b3c3…6b4586 dirty=684.16MiB\n","stream":"stderr","time":"2020-03-25T01:40:32.97270763Z"}
{"log":"INFO [03-25|01:40:33.018] Imported new chain segment               blocks=1     txs=8     mgas=6.558   elapsed=21.441ms  mgasps=305.866  number=2404582 hash=3e366a…befb07 dirty=684.36MiB\n","stream":"stderr","time":"2020-03-25T01:40:33.018855183Z"}
{"log":"INFO [03-25|01:40:47.495] Imported new chain segment               blocks=1     txs=7     mgas=6.271   elapsed=37.950ms  mgasps=165.256  number=2404583 hash=28070a…8e98bb dirty=684.39MiB\n","stream":"stderr","time":"2020-03-25T01:40:47.495460818Z"}
{"log":"INFO [03-25|01:41:02.125] Imported new chain segment               blocks=1     txs=0     mgas=0.000   elapsed=931.039µs mgasps=0.000    number=2404584 hash=9e26dd…de0d1e dirty=684.37MiB\n","stream":"stderr","time":"2020-03-25T01:41:02.125870619Z"}
{"log":"INFO [03-25|01:41:05.352] Deep froze chain segment                 blocks=4     elapsed=27.237ms  number=2314583 hash=b02901…45aa05\n","stream":"stderr","time":"2020-03-25T01:41:05.352487163Z"}
{"log":"INFO [03-25|01:41:18.210] Imported new chain segment               blocks=1     txs=4     mgas=0.307   elapsed=4.122ms   mgasps=74.381   number=2404585 hash=141f98…ef6841 dirty=684.37MiB\n","stream":"stderr","time":"2020-03-25T01:41:18.210995836Z"}
{"log":"INFO [03-25|01:41:32.085] Imported new chain segment               blocks=1     txs=2     mgas=0.454   elapsed=17.662ms  mgasps=25.718   number=2404586 hash=e6ae22…305a9a dirty=684.39MiB\n","stream":"stderr","time":"2020-03-25T01:41:32.085688106Z"}
{"log":"INFO [03-25|01:41:33.914] Imported new chain segment               blocks=1     txs=2     mgas=0.454   elapsed=25.689ms  mgasps=17.683   number=2404586 hash=95ebc1…9129fa dirty=684.39MiB\n","stream":"stderr","time":"2020-03-25T01:41:33.914591888Z"}
{"log":"INFO [03-25|01:41:47.063] Imported new chain segment               blocks=1     txs=1     mgas=0.056   elapsed=1.729ms   mgasps=32.232   number=2404587 hash=b97108…0789e9 dirty=684.40MiB\n","stream":"stderr","time":"2020-03-25T01:41:47.063870962Z"}
{"log":"INFO [03-25|01:41:47.451] Imported new chain segment               blocks=1     txs=2     mgas=0.158   elapsed=2.858ms   mgasps=55.372   number=2404587 hash=c13aa5…7b83b6 dirty=684.42MiB\n","stream":"stderr","time":"2020-03-25T01:41:47.451898595Z"}
{"log":"INFO [03-25|01:42:02.342] Imported new chain segment               blocks=1     txs=1     mgas=0.103   elapsed=2.869ms   mgasps=35.731   number=2404588 hash=e670a5…eacca1 dirty=684.40MiB\n","stream":"stderr","time":"2020-03-25T01:42:02.342834485Z"}
{"log":"INFO [03-25|01:42:02.411] Imported new chain segment               blocks=1     txs=1     mgas=0.103   elapsed=1.312ms   mgasps=78.109   number=2404587 hash=9631f3…4c7b5f dirty=684.40MiB\n","stream":"stderr","time":"2020-03-25T01:42:02.411709219Z"}
{"log":"INFO [03-25|01:42:05.386] Deep froze chain segment                 blocks=4     elapsed=33.909ms  number=2314587 hash=1c1f00…16952a\n","stream":"stderr","time":"2020-03-25T01:42:05.386728374Z"}
{"log":"INFO [03-25|01:42:17.283] Imported new chain segment               blocks=1     txs=7     mgas=0.559   elapsed=18.361ms  mgasps=30.455   number=2404589 hash=268053…b89884 dirty=684.20MiB\n","stream":"stderr","time":"2020-03-25T01:42:17.283881163Z"}
{"log":"INFO [03-25|01:42:32.153] Imported new chain segment               blocks=1     txs=10    mgas=0.766   elapsed=6.729ms   mgasps=113.886  number=2404590 hash=e069a7…b88aab dirty=684.20MiB\n","stream":"stderr","time":"2020-03-25T01:42:32.153889463Z"}
{"log":"INFO [03-25|01:42:48.950] Imported new chain segment               blocks=1     txs=2     mgas=1.236   elapsed=4.769ms   mgasps=259.101  number=2404591 hash=ea360d…ff5797 dirty=684.18MiB\n","stream":"stderr","time":"2020-03-25T01:42:48.950661161Z"}
{"log":"INFO [03-25|01:42:49.035] Chain reorg detected                     number=2404590 hash=e069a7…b88aab drop=1 dropfrom=ea360d…ff5797 add=1 addfrom=e5dd9b…b59446\n","stream":"stderr","time":"2020-03-25T01:42:49.035871045Z"}
{"log":"INFO [03-25|01:42:49.035] Imported new chain segment               blocks=1     txs=3     mgas=1.257   elapsed=3.071ms   mgasps=409.221  number=2404591 hash=e5dd9b…b59446 dirty=684.18MiB\n","stream":"stderr","time":"2020-03-25T01:42:49.036057876Z"}
{"log":"INFO [03-25|01:42:51.878] Chain reorg detected                     number=2404590 hash=e069a7…b88aab drop=1 dropfrom=e5dd9b…b59446 add=1 addfrom=3683d6…ef8efb\n","stream":"stderr","time":"2020-03-25T01:42:51.879163371Z"}
{"log":"INFO [03-25|01:42:51.879] Imported new chain segment               blocks=1     txs=4     mgas=1.690   elapsed=23.791ms  mgasps=71.031   number=2404591 hash=3683d6…ef8efb dirty=684.21MiB\n","stream":"stderr","time":"2020-03-25T01:42:51.879444036Z"}
{"log":"INFO [03-25|01:43:02.260] Imported new chain segment               blocks=1     txs=1     mgas=0.054   elapsed=2.393ms   mgasps=22.706   number=2404592 hash=16a041…7a9abe dirty=684.20MiB\n","stream":"stderr","time":"2020-03-25T01:43:02.261010448Z"}
{"log":"INFO [03-25|01:43:04.462] Chain reorg detected                     number=2404591 hash=3683d6…ef8efb drop=1 dropfrom=16a041…7a9abe add=1 addfrom=0c1321…3ca329\n","stream":"stderr","time":"2020-03-25T01:43:04.462798787Z"}
{"log":"INFO [03-25|01:43:04.463] Imported new chain segment               blocks=1     txs=0     mgas=0.000   elapsed=1.299ms   mgasps=0.000    number=2404592 hash=0c1321…3ca329 dirty=684.20MiB\n","stream":"stderr","time":"2020-03-25T01:43:04.463273065Z"}
{"log":"INFO [03-25|01:43:05.411] Deep froze chain segment                 blocks=4     elapsed=24.156ms  number=2314591 hash=61d0db…f3df5e\n","stream":"stderr","time":"2020-03-25T01:43:05.411453246Z"}
{"log":"INFO [03-25|01:43:18.454] Imported new chain segment               blocks=1     txs=1     mgas=0.054   elapsed=2.425ms   mgasps=22.408   number=2404593 hash=e3db1c…7244f6 dirty=684.19MiB\n","stream":"stderr","time":"2020-03-25T01:43:18.454481741Z"}
{"log":"INFO [03-25|01:43:18.714] Chain reorg detected                     number=2404591 hash=3683d6…ef8efb drop=2 dropfrom=e3db1c…7244f6 add=2 addfrom=e4514c…1ab293\n","stream":"stderr","time":"2020-03-25T01:43:18.714496568Z"}
{"log":"INFO [03-25|01:43:18.714] Imported new chain segment               blocks=1     txs=0     mgas=0.000   elapsed=930.898µs mgasps=0.000    number=2404593 hash=e4514c…1ab293 dirty=684.19MiB\n","stream":"stderr","time":"2020-03-25T01:43:18.714914312Z"}
{"log":"INFO [03-25|01:43:19.082] Imported new chain segment               blocks=1     txs=1     mgas=0.054   elapsed=1.896ms   mgasps=28.652   number=2404592 hash=4a3314…fe21a8 dirty=684.19MiB\n","stream":"stderr","time":"2020-03-25T01:43:19.082612363Z"}
{"log":"INFO [03-25|01:43:32.117] Imported new chain segment               blocks=1     txs=1     mgas=0.021   elapsed=2.244ms   mgasps=9.357    number=2404594 hash=e31af3…0d54fc dirty=684.16MiB\n","stream":"stderr","time":"2020-03-25T01:43:32.117881256Z"}
{"log":"INFO [03-25|01:43:32.155] Imported new chain segment               blocks=1     txs=1     mgas=0.021   elapsed=857.106µs mgasps=24.506   number=2404594 hash=0353bb…2273e7 dirty=684.16MiB\n","stream":"stderr","time":"2020-03-25T01:43:32.155941062Z"}
{"log":"INFO [03-25|01:43:34.161] Imported new chain segment               blocks=1     txs=1     mgas=0.044   elapsed=1.565ms   mgasps=28.140   number=2404594 hash=01fa8f…b17137 dirty=684.17MiB\n","stream":"stderr","time":"2020-03-25T01:43:34.16140728Z"}
{"log":"INFO [03-25|01:43:47.064] Imported new chain segment               blocks=1     txs=3     mgas=0.249   elapsed=7.593ms   mgasps=32.814   number=2404595 hash=8f8fa7…dc6189 dirty=684.17MiB\n","stream":"stderr","time":"2020-03-25T01:43:47.064450253Z"}
{"log":"INFO [03-25|01:43:47.119] Imported new chain segment               blocks=1     txs=6     mgas=0.557   elapsed=5.375ms   mgasps=103.592  number=2404595 hash=11f9d1…780ad2 dirty=684.20MiB\n","stream":"stderr","time":"2020-03-25T01:43:47.119758087Z"}
{"log":"INFO [03-25|01:44:02.602] Imported new chain segment               blocks=1     txs=3     mgas=3.738   elapsed=9.354ms   mgasps=399.653  number=2404596 hash=acb080…517c78 dirty=684.19MiB\n","stream":"stderr","time":"2020-03-25T01:44:02.603120526Z"}
{"log":"INFO [03-25|01:44:05.440] Deep froze chain segment                 blocks=4     elapsed=28.953ms  number=2314595 hash=b9a55d…c8801e\n","stream":"stderr","time":"2020-03-25T01:44:05.44069538Z"}
{"log":"INFO [03-25|01:44:17.109] Imported new chain segment               blocks=1     txs=1     mgas=1.024   elapsed=3.719ms   mgasps=275.283  number=2404597 hash=469bde…083b4f dirty=684.17MiB\n","stream":"stderr","time":"2020-03-25T01:44:17.109731058Z"}
{"log":"INFO [03-25|01:44:17.760] New local node record                    seq=18 id=8252fae760b7940d ip=31.147.195.74 udp=30303 tcp=30303\n","stream":"stderr","time":"2020-03-25T01:44:17.760696722Z"}
{"log":"INFO [03-25|01:44:26.206] New local node record                    seq=19 id=8252fae760b7940d ip=31.147.195.74 udp=1024  tcp=30303\n","stream":"stderr","time":"2020-03-25T01:44:26.206575769Z"}
{"log":"INFO [03-25|01:44:26.251] New local node record                    seq=20 id=8252fae760b7940d ip=31.147.195.74 udp=30303 tcp=30303\n","stream":"stderr","time":"2020-03-25T01:44:26.252104049Z"}
{"log":"INFO [03-25|01:44:32.641] Imported new chain segment               blocks=1     txs=4     mgas=0.658   elapsed=20.623ms  mgasps=31.894   number=2404598 hash=57098e…a88803 dirty=684.16MiB\n","stream":"stderr","time":"2020-03-25T01:44:32.641627562Z"}
{"log":"INFO [03-25|01:44:38.473] Chain reorg detected                     number=2404597 hash=469bde…083b4f drop=1 dropfrom=57098e…a88803 add=1 addfrom=02eebd…a4d12b\n","stream":"stderr","time":"2020-03-25T01:44:38.474044954Z"}
{"log":"INFO [03-25|01:44:38.474] Imported new chain segment               blocks=1     txs=8     mgas=1.061   elapsed=16.532ms  mgasps=64.198   number=2404598 hash=02eebd…a4d12b dirty=684.19MiB\n","stream":"stderr","time":"2020-03-25T01:44:38.474262674Z"}
{"log":"INFO [03-25|01:44:47.610] Chain reorg detected                     number=2404597 hash=469bde…083b4f drop=1 dropfrom=02eebd…a4d12b add=2 addfrom=3e1739…2b88a1\n","stream":"stderr","time":"2020-03-25T01:44:47.610960172Z"}
{"log":"INFO [03-25|01:44:47.611] Imported new chain segment               blocks=1     txs=4     mgas=0.404   elapsed=5.071ms   mgasps=79.571   number=2404599 hash=3e1739…2b88a1 dirty=684.19MiB\n","stream":"stderr","time":"2020-03-25T01:44:47.611539589Z"}
{"log":"INFO [03-25|01:44:48.092] Chain reorg detected                     number=2404598 hash=57098e…a88803 drop=1 dropfrom=3e1739…2b88a1 add=1 addfrom=fcfd3d…21d69e\n","stream":"stderr","time":"2020-03-25T01:44:48.092714861Z"}
{"log":"INFO [03-25|01:44:48.093] Imported new chain segment               blocks=1     txs=3     mgas=0.308   elapsed=4.848ms   mgasps=63.460   number=2404599 hash=fcfd3d…21d69e dirty=684.19MiB\n","stream":"stderr","time":"2020-03-25T01:44:48.096044293Z"}
{"log":"INFO [03-25|01:44:48.191] Imported new chain segment               blocks=1     txs=4     mgas=0.404   elapsed=5.180ms   mgasps=77.910   number=2404599 hash=6abb36…54acb3 dirty=684.20MiB\n","stream":"stderr","time":"2020-03-25T01:44:48.191771433Z"}
{"log":"INFO [03-25|01:45:02.156] Imported new chain segment               blocks=1     txs=1     mgas=0.056   elapsed=2.251ms   mgasps=24.755   number=2404600 hash=86c921…909710 dirty=684.20MiB\n","stream":"stderr","time":"2020-03-25T01:45:02.156369526Z"}
{"log":"INFO [03-25|01:45:04.500] Imported new chain segment               blocks=1     txs=1     mgas=0.056   elapsed=2.770ms   mgasps=20.119   number=2404600 hash=6148fc…fa1d9d dirty=684.20MiB\n","stream":"stderr","time":"2020-03-25T01:45:04.500741435Z"}
{"log":"INFO [03-25|01:45:05.467] Deep froze chain segment                 blocks=4     elapsed=26.331ms  number=2314599 hash=753bd3…764e4e\n","stream":"stderr","time":"2020-03-25T01:45:05.467627683Z"}
{"log":"INFO [03-25|01:45:19.267] Imported new chain segment               blocks=1     txs=3     mgas=0.550   elapsed=17.190ms  mgasps=32.003   number=2404601 hash=15015c…97a577 dirty=684.23MiB\n","stream":"stderr","time":"2020-03-25T01:45:19.267774481Z"}
{"log":"INFO [03-25|01:45:19.885] Chain reorg detected                     number=2404600 hash=86c921…909710 drop=1 dropfrom=15015c…97a577 add=1 addfrom=c34b43…f7a401\n","stream":"stderr","time":"2020-03-25T01:45:19.885488869Z"}
{"log":"INFO [03-25|01:45:19.885] Imported new chain segment               blocks=1     txs=5     mgas=4.385   elapsed=43.564ms  mgasps=100.658  number=2404601 hash=c34b43…f7a401 dirty=684.64MiB\n","stream":"stderr","time":"2020-03-25T01:45:19.885854377Z"}
{"log":"INFO [03-25|01:45:21.623] Chain reorg detected                     number=2404600 hash=86c921…909710 drop=1 dropfrom=c34b43…f7a401 add=1 addfrom=5f9181…942ec5\n","stream":"stderr","time":"2020-03-25T01:45:21.623652943Z"}
{"log":"INFO [03-25|01:45:21.623] Imported new chain segment               blocks=1     txs=6     mgas=0.723   elapsed=14.794ms  mgasps=48.894   number=2404601 hash=5f9181…942ec5 dirty=684.65MiB\n","stream":"stderr","time":"2020-03-25T01:45:21.623865938Z"}
{"log":"INFO [03-25|01:45:32.302] Imported new chain segment               blocks=1     txs=4     mgas=3.923   elapsed=21.035ms  mgasps=186.500  number=2404602 hash=faec27…e78a51 dirty=684.65MiB\n","stream":"stderr","time":"2020-03-25T01:45:32.302442365Z"}
{"log":"INFO [03-25|01:45:32.395] Imported new chain segment               blocks=1     txs=1     mgas=3.750   elapsed=11.584ms  mgasps=323.692  number=2404602 hash=867833…979394 dirty=684.65MiB\n","stream":"stderr","time":"2020-03-25T01:45:32.395959753Z"}
{"log":"INFO [03-25|01:45:33.218] Imported new chain segment               blocks=1     txs=3     mgas=0.550   elapsed=19.687ms  mgasps=27.945   number=2404601 hash=99ae32…31a2dc dirty=684.65MiB\n","stream":"stderr","time":"2020-03-25T01:45:33.218675091Z"}
{"log":"INFO [03-25|01:45:47.415] Imported new chain segment               blocks=1     txs=1     mgas=0.931   elapsed=14.083ms  mgasps=66.123   number=2404603 hash=c35855…9fedcd dirty=684.74MiB\n","stream":"stderr","time":"2020-03-25T01:45:47.415250728Z"}
{"log":"INFO [03-25|01:45:47.479] Chain reorg detected                     number=2404602 hash=867833…979394 drop=1 dropfrom=c35855…9fedcd add=1 addfrom=a62a0e…ab42bd\n","stream":"stderr","time":"2020-03-25T01:45:47.479780135Z"}
{"log":"INFO [03-25|01:45:47.479] Imported new chain segment               blocks=1     txs=5     mgas=1.557   elapsed=11.893ms  mgasps=130.895  number=2404603 hash=a62a0e…ab42bd dirty=684.77MiB\n","stream":"stderr","time":"2020-03-25T01:45:47.479930102Z"}
{"log":"INFO [03-25|01:46:02.143] Imported new chain segment               blocks=1     txs=2     mgas=0.635   elapsed=20.850ms  mgasps=30.443   number=2404604 hash=1ad93f…0dc0a5 dirty=684.79MiB\n","stream":"stderr","time":"2020-03-25T01:46:02.143817632Z"}
{"log":"INFO [03-25|01:46:05.503] Deep froze chain segment                 blocks=4     elapsed=35.421ms  number=2314603 hash=e87c7a…6627f1\n","stream":"stderr","time":"2020-03-25T01:46:05.503430099Z"}
{"log":"INFO [03-25|01:46:18.434] Imported new chain segment               blocks=1     txs=0     mgas=0.000   elapsed=1.308ms   mgasps=0.000    number=2404605 hash=de3775…f5e624 dirty=684.77MiB\n","stream":"stderr","time":"2020-03-25T01:46:18.434607716Z"}
{"log":"INFO [03-25|01:46:20.221] Chain reorg detected                     number=2404604 hash=1ad93f…0dc0a5 drop=1 dropfrom=de3775…f5e624 add=1 addfrom=3a157e…3e0482\n","stream":"stderr","time":"2020-03-25T01:46:20.222164294Z"}
{"log":"INFO [03-25|01:46:20.222] Imported new chain segment               blocks=1     txs=0     mgas=0.000   elapsed=669.636µs mgasps=0.000    number=2404605 hash=3a157e…3e0482 dirty=684.77MiB\n","stream":"stderr","time":"2020-03-25T01:46:20.222361294Z"}
{"log":"INFO [03-25|01:46:33.309] Chain reorg detected                     number=2404604 hash=1ad93f…0dc0a5 drop=1 dropfrom=3a157e…3e0482 add=2 addfrom=6d5434…433632\n","stream":"stderr","time":"2020-03-25T01:46:33.309366498Z"}
{"log":"INFO [03-25|01:46:33.309] Imported new chain segment               blocks=1     txs=2     mgas=0.088   elapsed=3.189ms   mgasps=27.630   number=2404606 hash=6d5434…433632 dirty=684.75MiB\n","stream":"stderr","time":"2020-03-25T01:46:33.309675562Z"}
{"log":"INFO [03-25|01:46:33.741] Chain reorg detected                     number=2404605 hash=de3775…f5e624 drop=1 dropfrom=6d5434…433632 add=1 addfrom=71c00c…51ac4c\n","stream":"stderr","time":"2020-03-25T01:46:33.741631229Z"}
{"log":"INFO [03-25|01:46:33.741] Imported new chain segment               blocks=1     txs=2     mgas=0.088   elapsed=2.842ms   mgasps=31.007   number=2404606 hash=71c00c…51ac4c dirty=684.75MiB\n","stream":"stderr","time":"2020-03-25T01:46:33.741932003Z"}
{"log":"INFO [03-25|01:46:47.065] Chain reorg detected                     number=2404605 hash=de3775…f5e624 drop=1 dropfrom=71c00c…51ac4c add=2 addfrom=51249d…480ccb\n","stream":"stderr","time":"2020-03-25T01:46:47.065271287Z"}
{"log":"INFO [03-25|01:46:47.065] Imported new chain segment               blocks=1     txs=2     mgas=0.454   elapsed=14.202ms  mgasps=31.983   number=2404607 hash=51249d…480ccb dirty=684.77MiB\n","stream":"stderr","time":"2020-03-25T01:46:47.065831879Z"}
{"log":"INFO [03-25|01:46:49.880] Imported new chain segment               blocks=1     txs=2     mgas=0.454   elapsed=14.010ms  mgasps=32.421   number=2404607 hash=80642e…7057d9 dirty=684.77MiB\n","stream":"stderr","time":"2020-03-25T01:46:49.880870384Z"}
{"log":"INFO [03-25|01:47:02.146] Imported new chain segment               blocks=1     txs=2     mgas=0.170   elapsed=3.678ms   mgasps=46.260   number=2404608 hash=738dfc…6d7f3d dirty=684.77MiB\n","stream":"stderr","time":"2020-03-25T01:47:02.146744182Z"}
{"log":"INFO [03-25|01:47:04.717] Imported new chain segment               blocks=1     txs=2     mgas=0.170   elapsed=3.017ms   mgasps=56.392   number=2404608 hash=8c9be0…de8ea3 dirty=684.77MiB\n","stream":"stderr","time":"2020-03-25T01:47:04.717510112Z"}
{"log":"INFO [03-25|01:47:05.536] Deep froze chain segment                 blocks=4     elapsed=32.507ms  number=2314607 hash=da8676…a92430\n","stream":"stderr","time":"2020-03-25T01:47:05.536646484Z"}
{"log":"INFO [03-25|01:47:17.716] Chain reorg detected                     number=2404607 hash=51249d…480ccb drop=1 dropfrom=738dfc…6d7f3d add=2 addfrom=b766b9…c101aa\n","stream":"stderr","time":"2020-03-25T01:47:17.716309187Z"}
{"log":"INFO [03-25|01:47:17.716] Imported new chain segment               blocks=1     txs=2     mgas=0.454   elapsed=23.670ms  mgasps=19.190   number=2404609 hash=b766b9…c101aa dirty=684.43MiB\n","stream":"stderr","time":"2020-03-25T01:47:17.716824515Z"}
{"log":"INFO [03-25|01:47:18.120] Chain reorg detected                     number=2404607 hash=51249d…480ccb drop=2 dropfrom=b766b9…c101aa add=2 addfrom=0b0bc4…78cc4a\n","stream":"stderr","time":"2020-03-25T01:47:18.120748816Z"}
{"log":"INFO [03-25|01:47:18.121] Imported new chain segment               blocks=1     txs=1     mgas=0.070   elapsed=3.236ms   mgasps=21.490   number=2404609 hash=0b0bc4…78cc4a dirty=684.44MiB\n","stream":"stderr","time":"2020-03-25T01:47:18.121336005Z"}
{"log":"INFO [03-25|01:47:23.295] Imported new chain segment               blocks=1     txs=3     mgas=0.524   elapsed=18.074ms  mgasps=28.979   number=2404609 hash=1ded5a…faba03 dirty=684.45MiB\n","stream":"stderr","time":"2020-03-25T01:47:23.295952328Z"}
{"log":"INFO [03-25|01:47:32.418] Imported new chain segment               blocks=1     txs=1     mgas=0.070   elapsed=4.025ms   mgasps=17.278   number=2404610 hash=21f185…f9d5ab dirty=684.36MiB\n","stream":"stderr","time":"2020-03-25T01:47:32.419087748Z"}
{"log":"INFO [03-25|01:47:33.423] Imported new chain segment               blocks=1     txs=0     mgas=0.000   elapsed=707.706µs mgasps=0.000    number=2404610 hash=56bf08…52ac23 dirty=684.36MiB\n","stream":"stderr","time":"2020-03-25T01:47:33.423453328Z"}
{"log":"INFO [03-25|01:47:33.451] Chain reorg detected                     number=2404609 hash=0b0bc4…78cc4a drop=1 dropfrom=56bf08…52ac23 add=1 addfrom=07aa26…932dcc\n","stream":"stderr","time":"2020-03-25T01:47:33.45188986Z"}
{"log":"INFO [03-25|01:47:33.452] Imported new chain segment               blocks=1     txs=2     mgas=0.454   elapsed=25.566ms  mgasps=17.767   number=2404610 hash=07aa26…932dcc dirty=684.36MiB\n","stream":"stderr","time":"2020-03-25T01:47:33.452665091Z"}
{"log":"INFO [03-25|01:47:38.571] Imported new chain segment               blocks=1     txs=2     mgas=0.454   elapsed=15.772ms  mgasps=28.799   number=2404610 hash=07ca8a…42aeae dirty=684.37MiB\n","stream":"stderr","time":"2020-03-25T01:47:38.572042083Z"}
{"log":"INFO [03-25|01:47:47.117] Imported new chain segment               blocks=1     txs=0     mgas=0.000   elapsed=966.94µs  mgasps=0.000    number=2404611 hash=62274c…322912 dirty=684.34MiB\n","stream":"stderr","time":"2020-03-25T01:47:47.117722215Z"}
{"log":"INFO [03-25|01:48:02.213] Imported new chain segment               blocks=1     txs=7     mgas=2.121   elapsed=22.692ms  mgasps=93.483   number=2404612 hash=cf265b…e873e8 dirty=684.45MiB\n","stream":"stderr","time":"2020-03-25T01:48:02.213261444Z"}
{"log":"INFO [03-25|01:48:02.310] Chain reorg detected                     number=2404611 hash=62274c…322912 drop=1 dropfrom=cf265b…e873e8 add=1 addfrom=da711b…78e474\n","stream":"stderr","time":"2020-03-25T01:48:02.310645635Z"}
{"log":"INFO [03-25|01:48:02.310] Imported new chain segment               blocks=1     txs=1     mgas=0.493   elapsed=7.738ms   mgasps=63.736   number=2404612 hash=da711b…78e474 dirty=684.48MiB\n","stream":"stderr","time":"2020-03-25T01:48:02.311081991Z"}
{"log":"INFO [03-25|01:48:05.577] Deep froze chain segment                 blocks=4     elapsed=40.534ms  number=2314611 hash=604ee7…321b5f\n","stream":"stderr","time":"2020-03-25T01:48:05.577520667Z"}
{"log":"INFO [03-25|01:48:17.748] Imported new chain segment               blocks=1     txs=8     mgas=1.705   elapsed=15.718ms  mgasps=108.461  number=2404613 hash=18a44f…303adc dirty=684.47MiB\n","stream":"stderr","time":"2020-03-25T01:48:17.748661349Z"}
{"log":"INFO [03-25|01:48:34.466] Imported new chain segment               blocks=1     txs=3     mgas=0.199   elapsed=4.443ms   mgasps=44.835   number=2404614 hash=b3cd56…8bfb17 dirty=684.47MiB\n","stream":"stderr","time":"2020-03-25T01:48:34.46634478Z"}
{"log":"INFO [03-25|01:48:34.680] Imported new chain segment               blocks=1     txs=3     mgas=0.199   elapsed=3.127ms   mgasps=63.704   number=2404614 hash=95accc…251d73 dirty=684.48MiB\n","stream":"stderr","time":"2020-03-25T01:48:34.680261519Z"}
{"log":"INFO [03-25|01:48:47.398] Imported new chain segment               blocks=1     txs=2     mgas=0.419   elapsed=6.016ms   mgasps=69.646   number=2404615 hash=e1ed62…2b57d6 dirty=684.49MiB\n","stream":"stderr","time":"2020-03-25T01:48:47.402043189Z"}
{"log":"INFO [03-25|01:48:48.515] Chain reorg detected                     number=2404614 hash=b3cd56…8bfb17 drop=1 dropfrom=e1ed62…2b57d6 add=1 addfrom=992641…1b871b\n","stream":"stderr","time":"2020-03-25T01:48:48.51606022Z"}
{"log":"INFO [03-25|01:48:48.516] Imported new chain segment               blocks=1     txs=1     mgas=0.398   elapsed=4.760ms   mgasps=83.616   number=2404615 hash=992641…1b871b dirty=684.49MiB\n","stream":"stderr","time":"2020-03-25T01:48:48.516230669Z"}
{"log":"INFO [03-25|01:48:48.556] Chain reorg detected                     number=2404614 hash=b3cd56…8bfb17 drop=1 dropfrom=992641…1b871b add=1 addfrom=edac52…6b7778\n","stream":"stderr","time":"2020-03-25T01:48:48.556906102Z"}
{"log":"INFO [03-25|01:48:48.557] Imported new chain segment               blocks=1     txs=2     mgas=0.419   elapsed=3.983ms   mgasps=105.204  number=2404615 hash=edac52…6b7778 dirty=684.50MiB\n","stream":"stderr","time":"2020-03-25T01:48:48.557156833Z"}
{"log":"INFO [03-25|01:49:02.801] Chain reorg detected                     number=2404614 hash=b3cd56…8bfb17 drop=1 dropfrom=edac52…6b7778 add=2 addfrom=7079d2…35b07e\n","stream":"stderr","time":"2020-03-25T01:49:02.801600549Z"}
{"log":"INFO [03-25|01:49:02.801] Imported new chain segment               blocks=1     txs=2     mgas=0.073   elapsed=3.157ms   mgasps=22.984   number=2404616 hash=7079d2…35b07e dirty=684.49MiB\n","stream":"stderr","time":"2020-03-25T01:49:02.801992618Z"}
{"log":"INFO [03-25|01:49:04.395] Imported new chain segment               blocks=1     txs=1     mgas=0.052   elapsed=1.138ms   mgasps=45.309   number=2404616 hash=81f1fb…8b8ca3 dirty=684.49MiB\n","stream":"stderr","time":"2020-03-25T01:49:04.395840827Z"}
{"log":"INFO [03-25|01:49:05.602] Deep froze chain segment                 blocks=4     elapsed=24.705ms  number=2314615 hash=8be201…ad95b6\n","stream":"stderr","time":"2020-03-25T01:49:05.602476593Z"}
{"log":"INFO [03-25|01:49:05.754] Imported new chain segment               blocks=1     txs=0     mgas=0.000   elapsed=351.49µs  mgasps=0.000    number=2404616 hash=b14b29…e01833 dirty=684.49MiB\n","stream":"stderr","time":"2020-03-25T01:49:05.754350722Z"}
{"log":"INFO [03-25|01:49:17.091] Chain reorg detected                     number=2404614 hash=b3cd56…8bfb17 drop=2 dropfrom=7079d2…35b07e add=3 addfrom=34f06d…bb3cec\n","stream":"stderr","time":"2020-03-25T01:49:17.091939332Z"}
{"log":"INFO [03-25|01:49:17.092] Imported new chain segment               blocks=1     txs=3     mgas=0.124   elapsed=3.493ms   mgasps=35.541   number=2404617 hash=34f06d…bb3cec dirty=684.47MiB\n","stream":"stderr","time":"2020-03-25T01:49:17.092508114Z"}
{"log":"INFO [03-25|01:49:17.974] Imported new chain segment               blocks=1     txs=1     mgas=0.021   elapsed=1.436ms   mgasps=14.625   number=2404617 hash=20ea91…a176aa dirty=684.47MiB\n","stream":"stderr","time":"2020-03-25T01:49:17.974932361Z"}
{"log":"INFO [03-25|01:49:32.102] Imported new chain segment               blocks=1     txs=1     mgas=0.487   elapsed=15.570ms  mgasps=31.255   number=2404618 hash=348add…e21489 dirty=684.48MiB\n","stream":"stderr","time":"2020-03-25T01:49:32.102266475Z"}
{"log":"INFO [03-25|01:49:32.306] Imported new chain segment               blocks=1     txs=1     mgas=0.487   elapsed=14.996ms  mgasps=32.451   number=2404618 hash=4269a3…5428bf dirty=684.48MiB\n","stream":"stderr","time":"2020-03-25T01:49:32.30707392Z"}
{"log":"INFO [03-25|01:49:38.678] Imported new chain segment               blocks=1     txs=1     mgas=0.487   elapsed=16.977ms  mgasps=28.663   number=2404618 hash=200bb2…705eac dirty=684.48MiB\n","stream":"stderr","time":"2020-03-25T01:49:38.67897585Z"}
{"log":"INFO [03-25|01:49:47.837] Imported new chain segment               blocks=1     txs=1     mgas=0.021   elapsed=2.304ms   mgasps=9.115    number=2404619 hash=990342…73306a dirty=684.49MiB\n","stream":"stderr","time":"2020-03-25T01:49:47.838280701Z"}
{"log":"INFO [03-25|01:50:02.091] Imported new chain segment               blocks=1     txs=1     mgas=0.087   elapsed=8.628ms   mgasps=10.124   number=2404620 hash=d7ffc1…fc97b4 dirty=684.37MiB\n","stream":"stderr","time":"2020-03-25T01:50:02.091385785Z"}
{"log":"INFO [03-25|01:50:05.631] Deep froze chain segment                 blocks=4     elapsed=28.869ms  number=2314619 hash=89265f…dfa869\n","stream":"stderr","time":"2020-03-25T01:50:05.631703744Z"}
{"log":"INFO [03-25|01:50:18.495] Imported new chain segment               blocks=1     txs=4     mgas=0.602   elapsed=19.104ms  mgasps=31.496   number=2404621 hash=4f9a98…9364bb dirty=684.42MiB\n","stream":"stderr","time":"2020-03-25T01:50:18.496244766Z"}
{"log":"INFO [03-25|01:50:23.231] Chain reorg detected                     number=2404620 hash=d7ffc1…fc97b4 drop=1 dropfrom=4f9a98…9364bb add=1 addfrom=9ea9bd…8e391a\n","stream":"stderr","time":"2020-03-25T01:50:23.231250052Z"}
{"log":"INFO [03-25|01:50:23.231] Imported new chain segment               blocks=1     txs=5     mgas=0.687   elapsed=27.366ms  mgasps=25.096   number=2404621 hash=9ea9bd…8e391a dirty=684.44MiB\n","stream":"stderr","time":"2020-03-25T01:50:23.231619543Z"}
{"log":"INFO [03-25|01:50:32.180] Imported new chain segment               blocks=1     txs=5     mgas=3.415   elapsed=24.815ms  mgasps=137.619  number=2404622 hash=a3f1e3…c274ee dirty=684.70MiB\n","stream":"stderr","time":"2020-03-25T01:50:32.180363313Z"}
{"log":"INFO [03-25|01:50:32.404] Chain reorg detected                     number=2404621 hash=9ea9bd…8e391a drop=1 dropfrom=a3f1e3…c274ee add=1 addfrom=a70dab…8139f2\n","stream":"stderr","time":"2020-03-25T01:50:32.405133489Z"}
{"log":"INFO [03-25|01:50:32.405] Imported new chain segment               blocks=1     txs=2     mgas=1.233   elapsed=9.513ms   mgasps=129.580  number=2404622 hash=a70dab…8139f2 dirty=684.74MiB\n","stream":"stderr","time":"2020-03-25T01:50:32.405434374Z"}
{"log":"INFO [03-25|01:50:33.536] Imported new chain segment               blocks=1     txs=1     mgas=0.085   elapsed=3.057ms   mgasps=27.824   number=2404622 hash=f4ff76…2bb9ad dirty=684.75MiB\n","stream":"stderr","time":"2020-03-25T01:50:33.53696801Z"}
{"log":"INFO [03-25|01:50:33.579] Imported new chain segment               blocks=1     txs=5     mgas=3.603   elapsed=17.097ms  mgasps=210.726  number=2404622 hash=df8a09…b96956 dirty=684.78MiB\n","stream":"stderr","time":"2020-03-25T01:50:33.580084232Z"}
{"log":"INFO [03-25|01:50:34.868] Imported new chain segment               blocks=1     txs=5     mgas=3.569   elapsed=19.779ms  mgasps=180.461  number=2404622 hash=0ed49e…e2998d dirty=684.78MiB\n","stream":"stderr","time":"2020-03-25T01:50:34.868654902Z"}
{"log":"INFO [03-25|01:50:47.713] Imported new chain segment               blocks=1     txs=6     mgas=5.009   elapsed=24.208ms  mgasps=206.906  number=2404623 hash=3ec57b…8b4d5f dirty=684.79MiB\n","stream":"stderr","time":"2020-03-25T01:50:47.714210481Z"}
{"log":"INFO [03-25|01:50:47.827] Chain reorg detected                     number=2404622 hash=a70dab…8139f2 drop=1 dropfrom=3ec57b…8b4d5f add=1 addfrom=3adba2…0c3a28\n","stream":"stderr","time":"2020-03-25T01:50:47.827403756Z"}
{"log":"INFO [03-25|01:50:47.827] Imported new chain segment               blocks=1     txs=6     mgas=5.263   elapsed=17.211ms  mgasps=305.782  number=2404623 hash=3adba2…0c3a28 dirty=684.80MiB\n","stream":"stderr","time":"2020-03-25T01:50:47.827715664Z"}
{"log":"INFO [03-25|01:50:49.133] Imported new chain segment               blocks=1     txs=1     mgas=0.389   elapsed=5.855ms   mgasps=66.392   number=2404623 hash=98ff52…d99560 dirty=684.81MiB\n","stream":"stderr","time":"2020-03-25T01:50:49.133449754Z"}
{"log":"INFO [03-25|01:51:03.800] Chain reorg detected                     number=2404622 hash=a70dab…8139f2 drop=1 dropfrom=3adba2…0c3a28 add=2 addfrom=d13315…b8950a\n","stream":"stderr","time":"2020-03-25T01:51:03.800260978Z"}
{"log":"INFO [03-25|01:51:03.801] Imported new chain segment               blocks=1     txs=7     mgas=1.562   elapsed=25.931ms  mgasps=60.237   number=2404624 hash=d13315…b8950a dirty=684.86MiB\n","stream":"stderr","time":"2020-03-25T01:51:03.801588819Z"}
{"log":"INFO [03-25|01:51:03.863] Imported new chain segment               blocks=1     txs=7     mgas=1.562   elapsed=13.364ms  mgasps=116.879  number=2404624 hash=30a87d…649721 dirty=684.87MiB\n","stream":"stderr","time":"2020-03-25T01:51:03.863180171Z"}
{"log":"INFO [03-25|01:51:05.223] Imported new chain segment               blocks=1     txs=0     mgas=0.000   elapsed=333.46µs  mgasps=0.000    number=2404624 hash=8b262a…041211 dirty=684.87MiB\n","stream":"stderr","time":"2020-03-25T01:51:05.223969398Z"}
{"log":"INFO [03-25|01:51:05.661] Deep froze chain segment                 blocks=4     elapsed=29.824ms  number=2314623 hash=e7a740…ab18e9\n","stream":"stderr","time":"2020-03-25T01:51:05.664695079Z"}
{"log":"INFO [03-25|01:51:17.074] Imported new chain segment               blocks=1     txs=1     mgas=0.021   elapsed=1.947ms   mgasps=10.785   number=2404625 hash=5b1e4e…439cc3 dirty=684.85MiB\n","stream":"stderr","time":"2020-03-25T01:51:17.075105201Z"}
{"log":"INFO [03-25|01:51:18.746] Imported new chain segment               blocks=1     txs=0     mgas=0.000   elapsed=439.127µs mgasps=0.000    number=2404625 hash=59ef8f…9f6844 dirty=684.85MiB\n","stream":"stderr","time":"2020-03-25T01:51:18.746950599Z"}
{"log":"INFO [03-25|01:51:32.082] Imported new chain segment               blocks=1     txs=5     mgas=0.740   elapsed=17.858ms  mgasps=41.422   number=2404626 hash=f382fe…e06f2f dirty=684.90MiB\n","stream":"stderr","time":"2020-03-25T01:51:32.082440515Z"}
{"log":"INFO [03-25|01:51:34.107] Imported new chain segment               blocks=1     txs=1     mgas=0.045   elapsed=1.481ms   mgasps=30.418   number=2404626 hash=798a95…0cb278 dirty=684.90MiB\n","stream":"stderr","time":"2020-03-25T01:51:34.10763453Z"}
{"log":"INFO [03-25|01:51:34.156] Imported new chain segment               blocks=1     txs=3     mgas=0.211   elapsed=2.360ms   mgasps=89.213   number=2404626 hash=921d0c…c69f60 dirty=684.90MiB\n","stream":"stderr","time":"2020-03-25T01:51:34.156188213Z"}
{"log":"INFO [03-25|01:51:47.076] Imported new chain segment               blocks=1     txs=2     mgas=0.304   elapsed=4.428ms   mgasps=68.742   number=2404627 hash=66b32e…8efead dirty=684.93MiB\n","stream":"stderr","time":"2020-03-25T01:51:47.076914256Z"}
{"log":"INFO [03-25|01:51:50.428] Imported new chain segment               blocks=1     txs=0     mgas=0.000   elapsed=331.252µs mgasps=0.000    number=2404627 hash=7021b0…6735df dirty=684.93MiB\n","stream":"stderr","time":"2020-03-25T01:51:50.429229344Z"}
{"log":"INFO [03-25|01:52:02.641] Imported new chain segment               blocks=1     txs=5     mgas=0.152   elapsed=3.002ms   mgasps=50.704   number=2404628 hash=b45abf…e49dd0 dirty=684.92MiB\n","stream":"stderr","time":"2020-03-25T01:52:02.641685586Z"}
{"log":"INFO [03-25|01:52:04.541] Chain reorg detected                     number=2404627 hash=66b32e…8efead drop=1 dropfrom=b45abf…e49dd0 add=1 addfrom=583ffa…2540ea\n","stream":"stderr","time":"2020-03-25T01:52:04.541538676Z"}
{"log":"INFO [03-25|01:52:04.541] Imported new chain segment               blocks=1     txs=5     mgas=0.152   elapsed=3.391ms   mgasps=44.893   number=2404628 hash=583ffa…2540ea dirty=684.92MiB\n","stream":"stderr","time":"2020-03-25T01:52:04.541905579Z"}
{"log":"INFO [03-25|01:52:05.690] Deep froze chain segment                 blocks=4     elapsed=28.519ms  number=2314627 hash=c658fa…85ec0a\n","stream":"stderr","time":"2020-03-25T01:52:05.690691843Z"}
{"log":"INFO [03-25|01:52:18.617] Chain reorg detected                     number=2404627 hash=66b32e…8efead drop=1 dropfrom=583ffa…2540ea add=2 addfrom=78d5fd…e058cc\n","stream":"stderr","time":"2020-03-25T01:52:18.617790939Z"}
{"log":"INFO [03-25|01:52:18.618] Imported new chain segment               blocks=1     txs=2     mgas=0.537   elapsed=23.746ms  mgasps=22.605   number=2404629 hash=78d5fd…e058cc dirty=684.70MiB\n","stream":"stderr","time":"2020-03-25T01:52:18.618326416Z"}
{"log":"INFO [03-25|01:52:19.040] Chain reorg detected                     number=2404628 hash=b45abf…e49dd0 drop=1 dropfrom=78d5fd…e058cc add=1 addfrom=06dc82…022822\n","stream":"stderr","time":"2020-03-25T01:52:19.040781112Z"}
{"log":"INFO [03-25|01:52:19.040] Imported new chain segment               blocks=1     txs=2     mgas=0.537   elapsed=14.041ms  mgasps=38.228   number=2404629 hash=06dc82…022822 dirty=684.70MiB\n","stream":"stderr","time":"2020-03-25T01:52:19.041009366Z"}
{"log":"INFO [03-25|01:52:23.212] Imported new chain segment               blocks=1     txs=2     mgas=0.537   elapsed=18.414ms  mgasps=29.150   number=2404629 hash=e6ed68…c36d27 dirty=684.70MiB\n","stream":"stderr","time":"2020-03-25T01:52:23.212566115Z"}
{"log":"INFO [03-25|01:52:32.118] Imported new chain segment               blocks=1     txs=0     mgas=0.000   elapsed=1.473ms   mgasps=0.000    number=2404630 hash=de6997…66e60d dirty=684.65MiB\n","stream":"stderr","time":"2020-03-25T01:52:32.118853952Z"}
{"log":"INFO [03-25|01:52:33.520] Imported new chain segment               blocks=1     txs=0     mgas=0.000   elapsed=791.978µs mgasps=0.000    number=2404630 hash=4f1d34…d73274 dirty=684.65MiB\n","stream":"stderr","time":"2020-03-25T01:52:33.520524437Z"}
{"log":"INFO [03-25|01:52:47.112] Imported new chain segment               blocks=1     txs=2     mgas=0.386   elapsed=4.356ms   mgasps=88.544   number=2404631 hash=c8652f…ea7a10 dirty=684.64MiB\n","stream":"stderr","time":"2020-03-25T01:52:47.11303573Z"}
{"log":"INFO [03-25|01:52:48.767] Imported new chain segment               blocks=1     txs=2     mgas=0.386   elapsed=4.137ms   mgasps=93.237   number=2404631 hash=0af152…548927 dirty=684.64MiB\n","stream":"stderr","time":"2020-03-25T01:52:48.767596901Z"}
{"log":"INFO [03-25|01:53:02.523] Imported new chain segment               blocks=1     txs=1     mgas=0.039   elapsed=1.496ms   mgasps=26.320   number=2404632 hash=ef6eca…37dd30 dirty=684.65MiB\n","stream":"stderr","time":"2020-03-25T01:53:02.524160448Z"}
{"log":"INFO [03-25|01:53:02.533] Imported new chain segment               blocks=1     txs=2     mgas=0.143   elapsed=2.813ms   mgasps=50.803   number=2404632 hash=bdaaef…a4842f dirty=684.66MiB\n","stream":"stderr","time":"2020-03-25T01:53:02.534088045Z"}
{"log":"INFO [03-25|01:53:05.727] Deep froze chain segment                 blocks=4     elapsed=36.094ms  number=2314631 hash=92c65f…5464ec\n","stream":"stderr","time":"2020-03-25T01:53:05.727561529Z"}
{"log":"INFO [03-25|01:53:18.446] Chain reorg detected                     number=2404631 hash=c8652f…ea7a10 drop=1 dropfrom=ef6eca…37dd30 add=2 addfrom=049613…d0aada\n","stream":"stderr","time":"2020-03-25T01:53:18.446837742Z"}
{"log":"INFO [03-25|01:53:18.447] Imported new chain segment               blocks=1     txs=1     mgas=0.021   elapsed=2.764ms   mgasps=7.597    number=2404633 hash=049613…d0aada dirty=684.63MiB\n","stream":"stderr","time":"2020-03-25T01:53:18.447506215Z"}
{"log":"INFO [03-25|01:53:32.133] Imported new chain segment               blocks=1     txs=1     mgas=0.208   elapsed=3.568ms   mgasps=58.191   number=2404634 hash=17ac87…159f9c dirty=684.64MiB\n","stream":"stderr","time":"2020-03-25T01:53:32.13376788Z"}
{"log":"INFO [03-25|01:53:33.358] Imported new chain segment               blocks=1     txs=5     mgas=0.369   elapsed=3.995ms   mgasps=92.453   number=2404634 hash=21ff07…4330f7 dirty=684.67MiB\n","stream":"stderr","time":"2020-03-25T01:53:33.358948624Z"}
{"log":"INFO [03-25|01:53:47.080] Imported new chain segment               blocks=1     txs=5     mgas=0.369   elapsed=6.189ms   mgasps=59.678   number=2404635 hash=ff5efb…e2b748 dirty=684.68MiB\n","stream":"stderr","time":"2020-03-25T01:53:47.080741411Z"}
{"log":"INFO [03-25|01:53:50.061] Imported new chain segment               blocks=1     txs=5     mgas=0.369   elapsed=8.167ms   mgasps=45.227   number=2404635 hash=db5a29…e8a6d5 dirty=684.68MiB\n","stream":"stderr","time":"2020-03-25T01:53:50.061409591Z"}
{"log":"INFO [03-25|01:54:02.883] Imported new chain segment               blocks=1     txs=2     mgas=0.125   elapsed=3.934ms   mgasps=31.660   number=2404636 hash=545883…2f9188 dirty=684.66MiB\n","stream":"stderr","time":"2020-03-25T01:54:02.883621536Z"}
{"log":"INFO [03-25|01:54:02.944] Imported new chain segment               blocks=1     txs=2     mgas=0.125   elapsed=1.860ms   mgasps=66.942   number=2404636 hash=e60fa4…22b5ee dirty=684.66MiB\n","stream":"stderr","time":"2020-03-25T01:54:02.944497329Z"}
{"log":"INFO [03-25|01:54:05.759] Deep froze chain segment                 blocks=4     elapsed=32.185ms  number=2314635 hash=127e9b…b92796\n","stream":"stderr","time":"2020-03-25T01:54:05.759986182Z"}
{"log":"INFO [03-25|01:54:17.073] Chain reorg detected                     number=2404635 hash=ff5efb…e2b748 drop=1 dropfrom=545883…2f9188 add=2 addfrom=9a57c0…5b4492\n","stream":"stderr","time":"2020-03-25T01:54:17.073471625Z"}
{"log":"INFO [03-25|01:54:17.073] Imported new chain segment               blocks=1     txs=1     mgas=0.096   elapsed=3.313ms   mgasps=28.945   number=2404637 hash=9a57c0…5b4492 dirty=684.65MiB\n","stream":"stderr","time":"2020-03-25T01:54:17.073957801Z"}
{"log":"INFO [03-25|01:54:19.898] Imported new chain segment               blocks=1     txs=1     mgas=0.096   elapsed=1.923ms   mgasps=49.853   number=2404637 hash=33a2ae…e6bc13 dirty=684.65MiB\n","stream":"stderr","time":"2020-03-25T01:54:19.898612105Z"}
{"log":"INFO [03-25|01:54:32.372] Imported new chain segment               blocks=1     txs=0     mgas=0.000   elapsed=1.248ms   mgasps=0.000    number=2404638 hash=4736b2…0147d5 dirty=684.63MiB\n","stream":"stderr","time":"2020-03-25T01:54:32.372940451Z"}
{"log":"INFO [03-25|01:54:45.533] New local node record                    seq=21 id=8252fae760b7940d ip=31.147.195.74 udp=30303 tcp=30303\n","stream":"stderr","time":"2020-03-25T01:54:45.534617088Z"}
{"log":"INFO [03-25|01:54:46.165] New local node record                    seq=22 id=8252fae760b7940d ip=31.147.195.74 udp=1024  tcp=30303\n","stream":"stderr","time":"2020-03-25T01:54:46.166462943Z"}
{"log":"INFO [03-25|01:54:47.348] Imported new chain segment               blocks=1     txs=3     mgas=0.563   elapsed=18.536ms  mgasps=30.393   number=2404639 hash=b683e9…c0c08a dirty=684.66MiB\n","stream":"stderr","time":"2020-03-25T01:54:47.348372368Z"}
{"log":"INFO [03-25|01:54:52.216] Chain reorg detected                     number=2404638 hash=4736b2…0147d5 drop=1 dropfrom=b683e9…c0c08a add=1 addfrom=3b10d8…ce7580\n","stream":"stderr","time":"2020-03-25T01:54:52.216488242Z"}
{"log":"INFO [03-25|01:54:52.224] Imported new chain segment               blocks=1     txs=3     mgas=0.563   elapsed=22.237ms  mgasps=25.334   number=2404639 hash=3b10d8…ce7580 dirty=684.66MiB\n","stream":"stderr","time":"2020-03-25T01:54:52.224611134Z"}
{"log":"INFO [03-25|01:55:02.663] Chain reorg detected                     number=2404638 hash=4736b2…0147d5 drop=1 dropfrom=3b10d8…ce7580 add=2 addfrom=52d75d…f5c8c1\n","stream":"stderr","time":"2020-03-25T01:55:02.663408903Z"}
{"log":"INFO [03-25|01:55:02.663] Imported new chain segment               blocks=1     txs=0     mgas=0.000   elapsed=1.423ms   mgasps=0.000    number=2404640 hash=52d75d…f5c8c1 dirty=684.63MiB\n","stream":"stderr","time":"2020-03-25T01:55:02.663857037Z"}
{"log":"INFO [03-25|01:55:05.796] Deep froze chain segment                 blocks=4     elapsed=35.986ms  number=2314639 hash=9928dd…96e72c\n","stream":"stderr","time":"2020-03-25T01:55:05.796381859Z"}
{"log":"INFO [03-25|01:55:17.419] Imported new chain segment               blocks=1     txs=1     mgas=0.085   elapsed=3.111ms   mgasps=27.346   number=2404641 hash=39d6d8…d97f8d dirty=684.64MiB\n","stream":"stderr","time":"2020-03-25T01:55:17.419965982Z"}
{"log":"INFO [03-25|01:55:32.773] Imported new chain segment               blocks=1     txs=2     mgas=0.454   elapsed=18.690ms  mgasps=24.302   number=2404642 hash=423a2c…259848 dirty=684.65MiB\n","stream":"stderr","time":"2020-03-25T01:55:32.773534321Z"}
{"log":"INFO [03-25|01:55:32.849] Imported new chain segment               blocks=1     txs=7     mgas=2.192   elapsed=31.413ms  mgasps=69.766   number=2404642 hash=74ec19…13582d dirty=684.75MiB\n","stream":"stderr","time":"2020-03-25T01:55:32.849353523Z"}
{"log":"INFO [03-25|01:55:35.601] Imported new chain segment               blocks=1     txs=2     mgas=0.454   elapsed=17.306ms  mgasps=26.245   number=2404642 hash=389649…87e61b dirty=684.76MiB\n","stream":"stderr","time":"2020-03-25T01:55:35.601462368Z"}
{"log":"INFO [03-25|01:55:47.486] Imported new chain segment               blocks=1     txs=5     mgas=1.737   elapsed=19.726ms  mgasps=88.072   number=2404643 hash=daf5ab…629c91 dirty=684.74MiB\n","stream":"stderr","time":"2020-03-25T01:55:47.486262121Z"}
{"log":"INFO [03-25|01:55:49.427] Imported new chain segment               blocks=1     txs=5     mgas=1.737   elapsed=19.483ms  mgasps=89.171   number=2404643 hash=6af5dd…50f255 dirty=684.74MiB\n","stream":"stderr","time":"2020-03-25T01:55:49.427376803Z"}
{"log":"INFO [03-25|01:56:02.120] Imported new chain segment               blocks=1     txs=1     mgas=0.021   elapsed=1.461ms   mgasps=14.367   number=2404644 hash=c8ce1b…42b9f0 dirty=684.75MiB\n","stream":"stderr","time":"2020-03-25T01:56:02.120398795Z"}
{"log":"INFO [03-25|01:56:05.685] Imported new chain segment               blocks=1     txs=0     mgas=0.000   elapsed=460.168µs mgasps=0.000    number=2404644 hash=790f95…c43440 dirty=684.75MiB\n","stream":"stderr","time":"2020-03-25T01:56:05.685543797Z"}
{"log":"INFO [03-25|01:56:05.832] Deep froze chain segment                 blocks=4     elapsed=36.263ms  number=2314643 hash=0bb3e4…9c66bd\n","stream":"stderr","time":"2020-03-25T01:56:05.832996307Z"}
{"log":"INFO [03-25|01:56:18.312] Imported new chain segment               blocks=1     txs=1     mgas=0.433   elapsed=17.537ms  mgasps=24.702   number=2404645 hash=64d14f…80fd7b dirty=684.74MiB\n","stream":"stderr","time":"2020-03-25T01:56:18.312578729Z"}
{"log":"INFO [03-25|01:56:33.694] Imported new chain segment               blocks=1     txs=1     mgas=0.021   elapsed=2.637ms   mgasps=7.963    number=2404646 hash=840a8c…beeae7 dirty=684.75MiB\n","stream":"stderr","time":"2020-03-25T01:56:33.695289268Z"}
{"log":"INFO [03-25|01:56:33.777] Imported new chain segment               blocks=1     txs=1     mgas=0.021   elapsed=2.174ms   mgasps=9.660    number=2404646 hash=7f070a…67988d dirty=684.75MiB\n","stream":"stderr","time":"2020-03-25T01:56:33.777980039Z"}
{"log":"INFO [03-25|01:56:47.118] Chain reorg detected                     number=2404645 hash=64d14f…80fd7b drop=1 dropfrom=840a8c…beeae7 add=2 addfrom=941817…12db53\n","stream":"stderr","time":"2020-03-25T01:56:47.11918556Z"}
{"log":"INFO [03-25|01:56:47.119] Imported new chain segment               blocks=1     txs=1     mgas=0.433   elapsed=18.081ms  mgasps=23.960   number=2404647 hash=941817…12db53 dirty=684.73MiB\n","stream":"stderr","time":"2020-03-25T01:56:47.119542732Z"}
{"log":"INFO [03-25|01:56:48.075] Imported new chain segment               blocks=1     txs=1     mgas=0.433   elapsed=15.324ms  mgasps=28.271   number=2404647 hash=ea7ffb…d87185 dirty=684.74MiB\n","stream":"stderr","time":"2020-03-25T01:56:48.075587694Z"}
{"log":"INFO [03-25|01:57:04.486] Imported new chain segment               blocks=1     txs=1     mgas=0.096   elapsed=2.481ms   mgasps=38.647   number=2404648 hash=87b636…0b7215 dirty=684.76MiB\n","stream":"stderr","time":"2020-03-25T01:57:04.488296185Z"}
{"log":"INFO [03-25|01:57:04.864] Chain reorg detected                     number=2404647 hash=941817…12db53 drop=1 dropfrom=87b636…0b7215 add=1 addfrom=77fc77…4a4752\n","stream":"stderr","time":"2020-03-25T01:57:04.865171265Z"}
{"log":"INFO [03-25|01:57:04.865] Imported new chain segment               blocks=1     txs=1     mgas=0.096   elapsed=2.282ms   mgasps=42.025   number=2404648 hash=77fc77…4a4752 dirty=684.76MiB\n","stream":"stderr","time":"2020-03-25T01:57:04.865425478Z"}
{"log":"INFO [03-25|01:57:05.860] Deep froze chain segment                 blocks=4     elapsed=26.918ms  number=2314647 hash=7bf50a…3b6074\n","stream":"stderr","time":"2020-03-25T01:57:05.860287336Z"}
{"log":"INFO [03-25|01:57:18.426] Chain reorg detected                     number=2404647 hash=941817…12db53 drop=1 dropfrom=77fc77…4a4752 add=2 addfrom=63befc…83639a\n","stream":"stderr","time":"2020-03-25T01:57:18.426336049Z"}
{"log":"INFO [03-25|01:57:18.426] Imported new chain segment               blocks=1     txs=1     mgas=0.021   elapsed=2.037ms   mgasps=10.310   number=2404649 hash=63befc…83639a dirty=684.77MiB\n","stream":"stderr","time":"2020-03-25T01:57:18.426734323Z"}
{"log":"INFO [03-25|01:57:19.298] Imported new chain segment               blocks=1     txs=1     mgas=0.021   elapsed=1.866ms   mgasps=11.252   number=2404649 hash=11f4b7…f061d2 dirty=684.77MiB\n","stream":"stderr","time":"2020-03-25T01:57:19.300532943Z"}
{"log":"INFO [03-25|01:57:32.718] Chain reorg detected                     number=2404648 hash=87b636…0b7215 drop=1 dropfrom=63befc…83639a add=2 addfrom=3e278b…0e6b30\n","stream":"stderr","time":"2020-03-25T01:57:32.719010491Z"}
{"log":"INFO [03-25|01:57:32.719] Imported new chain segment               blocks=1     txs=1     mgas=0.433   elapsed=21.145ms  mgasps=20.489   number=2404650 hash=3e278b…0e6b30 dirty=684.67MiB\n","stream":"stderr","time":"2020-03-25T01:57:32.719452247Z"}
{"log":"INFO [03-25|01:57:32.835] Chain reorg detected                     number=2404648 hash=87b636…0b7215 drop=2 dropfrom=3e278b…0e6b30 add=2 addfrom=8762ce…61b7d9\n","stream":"stderr","time":"2020-03-25T01:57:32.83537769Z"}
{"log":"INFO [03-25|01:57:32.835] Imported new chain segment               blocks=1     txs=1     mgas=0.433   elapsed=11.555ms  mgasps=37.492   number=2404650 hash=8762ce…61b7d9 dirty=684.67MiB\n","stream":"stderr","time":"2020-03-25T01:57:32.835738681Z"}
{"log":"INFO [03-25|01:57:39.976] Chain reorg detected                     number=2404649 hash=63befc…83639a drop=1 dropfrom=8762ce…61b7d9 add=1 addfrom=9de0bc…3a1ed9\n","stream":"stderr","time":"2020-03-25T01:57:39.976210915Z"}
{"log":"INFO [03-25|01:57:39.984] Imported new chain segment               blocks=1     txs=2     mgas=0.538   elapsed=24.287ms  mgasps=22.141   number=2404650 hash=9de0bc…3a1ed9 dirty=684.68MiB\n","stream":"stderr","time":"2020-03-25T01:57:39.984270683Z"}
{"log":"INFO [03-25|01:57:47.125] Chain reorg detected                     number=2404648 hash=87b636…0b7215 drop=2 dropfrom=9de0bc…3a1ed9 add=3 addfrom=3e8e1b…f69d10\n","stream":"stderr","time":"2020-03-25T01:57:47.125914565Z"}
{"log":"INFO [03-25|01:57:47.126] Imported new chain segment               blocks=1     txs=2     mgas=0.126   elapsed=3.921ms   mgasps=32.006   number=2404651 hash=3e8e1b…f69d10 dirty=684.66MiB\n","stream":"stderr","time":"2020-03-25T01:57:47.126556601Z"}
{"log":"INFO [03-25|01:57:50.105] Imported new chain segment               blocks=1     txs=0     mgas=0.000   elapsed=301.764µs mgasps=0.000    number=2404651 hash=9b641b…29935e dirty=684.66MiB\n","stream":"stderr","time":"2020-03-25T01:57:50.105544583Z"}
{"log":"INFO [03-25|01:57:50.144] Imported new chain segment               blocks=1     txs=2     mgas=0.126   elapsed=1.677ms   mgasps=74.819   number=2404651 hash=f73ae1…3a6dc6 dirty=684.67MiB\n","stream":"stderr","time":"2020-03-25T01:57:50.145143149Z"}
{"log":"INFO [03-25|01:58:02.500] Imported new chain segment               blocks=1     txs=7     mgas=2.138   elapsed=39.102ms  mgasps=54.670   number=2404652 hash=7674e1…b0e34a dirty=684.81MiB\n","stream":"stderr","time":"2020-03-25T01:58:02.500295961Z"}
{"log":"INFO [03-25|01:58:02.585] Chain reorg detected                     number=2404651 hash=3e8e1b…f69d10 drop=1 dropfrom=7674e1…b0e34a add=1 addfrom=e8fe4a…efc33f\n","stream":"stderr","time":"2020-03-25T01:58:02.58906768Z"}
{"log":"INFO [03-25|01:58:02.585] Imported new chain segment               blocks=1     txs=0     mgas=0.000   elapsed=976.287µs mgasps=0.000    number=2404652 hash=e8fe4a…efc33f dirty=684.81MiB\n","stream":"stderr","time":"2020-03-25T01:58:02.589096048Z"}
{"log":"INFO [03-25|01:58:05.170] Imported new chain segment               blocks=1     txs=0     mgas=0.000   elapsed=500.143µs mgasps=0.000    number=2404652 hash=e8b662…9cfd85 dirty=684.81MiB\n","stream":"stderr","time":"2020-03-25T01:58:05.171106409Z"}
{"log":"INFO [03-25|01:58:05.205] Imported new chain segment               blocks=1     txs=6     mgas=2.042   elapsed=28.580ms  mgasps=71.440   number=2404652 hash=561178…deb0b0 dirty=684.82MiB\n","stream":"stderr","time":"2020-03-25T01:58:05.205358642Z"}
{"log":"INFO [03-25|01:58:05.896] Deep froze chain segment                 blocks=4     elapsed=36.143ms  number=2314651 hash=f32dfa…1b2109\n","stream":"stderr","time":"2020-03-25T01:58:05.896996702Z"}
{"log":"INFO [03-25|01:58:11.375] New local node record                    seq=23 id=8252fae760b7940d ip=31.147.195.65 udp=30303 tcp=30303\n","stream":"stderr","time":"2020-03-25T01:58:11.376109492Z"}
{"log":"INFO [03-25|01:58:17.450] Imported new chain segment               blocks=1     txs=8     mgas=2.177   elapsed=20.608ms  mgasps=105.639  number=2404653 hash=f77c26…3f16ae dirty=684.82MiB\n","stream":"stderr","time":"2020-03-25T01:58:17.450276488Z"}
{"log":"INFO [03-25|01:58:18.544] New local node record                    seq=24 id=8252fae760b7940d ip=31.147.195.74 udp=1024  tcp=30303\n","stream":"stderr","time":"2020-03-25T01:58:18.544739984Z"}
{"log":"INFO [03-25|01:58:18.583] New local node record                    seq=25 id=8252fae760b7940d ip=31.147.195.65 udp=30303 tcp=30303\n","stream":"stderr","time":"2020-03-25T01:58:18.58330025Z"}
{"log":"INFO [03-25|01:58:19.436] Chain reorg detected                     number=2404652 hash=e8fe4a…efc33f drop=1 dropfrom=f77c26…3f16ae add=1 addfrom=34e00e…e3c5d9\n","stream":"stderr","time":"2020-03-25T01:58:19.436360727Z"}
{"log":"INFO [03-25|01:58:19.436] Imported new chain segment               blocks=1     txs=8     mgas=2.177   elapsed=22.751ms  mgasps=95.691   number=2404653 hash=34e00e…e3c5d9 dirty=684.82MiB\n","stream":"stderr","time":"2020-03-25T01:58:19.436829666Z"}
{"log":"INFO [03-25|01:58:20.276] Imported new chain segment               blocks=1     txs=1     mgas=0.039   elapsed=1.574ms   mgasps=25.026   number=2404653 hash=3691b5…7efb64 dirty=684.82MiB\n","stream":"stderr","time":"2020-03-25T01:58:20.276287108Z"}
{"log":"INFO [03-25|01:58:32.221] Chain reorg detected                     number=2404652 hash=e8fe4a…efc33f drop=1 dropfrom=34e00e…e3c5d9 add=2 addfrom=fa29fc…39a3bb\n","stream":"stderr","time":"2020-03-25T01:58:32.221804838Z"}
{"log":"INFO [03-25|01:58:32.222] Imported new chain segment               blocks=1     txs=0     mgas=0.000   elapsed=1.895ms   mgasps=0.000    number=2404654 hash=fa29fc…39a3bb dirty=684.80MiB\n","stream":"stderr","time":"2020-03-25T01:58:32.222593131Z"}
{"log":"INFO [03-25|01:58:47.511] Imported new chain segment               blocks=1     txs=0     mgas=0.000   elapsed=1.646ms   mgasps=0.000    number=2404655 hash=8e77f0…fa60c6 dirty=684.77MiB\n","stream":"stderr","time":"2020-03-25T01:58:47.512165389Z"}
{"log":"INFO [03-25|01:58:48.244] Chain reorg detected                     number=2404654 hash=fa29fc…39a3bb drop=1 dropfrom=8e77f0…fa60c6 add=1 addfrom=3e58e1…865882\n","stream":"stderr","time":"2020-03-25T01:58:48.244950802Z"}
{"log":"INFO [03-25|01:58:48.245] Imported new chain segment               blocks=1     txs=0     mgas=0.000   elapsed=569.26µs  mgasps=0.000    number=2404655 hash=3e58e1…865882 dirty=684.77MiB\n","stream":"stderr","time":"2020-03-25T01:58:48.245108733Z"}
{"log":"INFO [03-25|01:59:02.067] Imported new chain segment               blocks=1     txs=0     mgas=0.000   elapsed=835.186µs mgasps=0.000    number=2404656 hash=827801…700461 dirty=684.75MiB\n","stream":"stderr","time":"2020-03-25T01:59:02.068188646Z"}
{"log":"INFO [03-25|01:59:04.827] Imported new chain segment               blocks=1     txs=1     mgas=0.058   elapsed=2.343ms   mgasps=24.652   number=2404656 hash=97aace…80ec2f dirty=684.77MiB\n","stream":"stderr","time":"2020-03-25T01:59:04.827883846Z"}
{"log":"INFO [03-25|01:59:05.925] Deep froze chain segment                 blocks=4     elapsed=28.568ms  number=2314655 hash=ee6213…62f700\n","stream":"stderr","time":"2020-03-25T01:59:05.925843267Z"}
{"log":"INFO [03-25|01:59:06.347] Imported new chain segment               blocks=1     txs=0     mgas=0.000   elapsed=283.112µs mgasps=0.000    number=2404656 hash=5f42b8…985087 dirty=684.77MiB\n","stream":"stderr","time":"2020-03-25T01:59:06.348043944Z"}
{"log":"INFO [03-25|01:59:17.964] Imported new chain segment               blocks=1     txs=2     mgas=0.083   elapsed=3.946ms   mgasps=21.113   number=2404657 hash=7ce083…f85f30 dirty=684.76MiB\n","stream":"stderr","time":"2020-03-25T01:59:17.965102184Z"}
{"log":"INFO [03-25|01:59:32.111] Imported new chain segment               blocks=1     txs=2     mgas=0.545   elapsed=14.210ms  mgasps=38.362   number=2404658 hash=b387f8…ec7fdd dirty=684.76MiB\n","stream":"stderr","time":"2020-03-25T01:59:32.111898621Z"}
{"log":"INFO [03-25|01:59:47.351] Imported new chain segment               blocks=1     txs=1     mgas=0.110   elapsed=3.848ms   mgasps=28.683   number=2404659 hash=6a124f…a28aa5 dirty=684.73MiB\n","stream":"stderr","time":"2020-03-25T01:59:47.351789838Z"}
{"log":"INFO [03-25|02:00:02.115] Imported new chain segment               blocks=1     txs=0     mgas=0.000   elapsed=2.528ms   mgasps=0.000    number=2404660 hash=1216c4…badf8f dirty=684.63MiB\n","stream":"stderr","time":"2020-03-25T02:00:02.115927669Z"}
{"log":"INFO [03-25|02:00:05.958] Deep froze chain segment                 blocks=4     elapsed=32.867ms  number=2314659 hash=563c7e…7f820b\n","stream":"stderr","time":"2020-03-25T02:00:05.959059163Z"}
{"log":"INFO [03-25|02:00:18.939] Imported new chain segment               blocks=1     txs=2     mgas=0.454   elapsed=17.537ms  mgasps=25.900   number=2404661 hash=794c0e…d34ba0 dirty=684.64MiB\n","stream":"stderr","time":"2020-03-25T02:00:18.939441147Z"}
{"log":"INFO [03-25|02:00:20.070] Imported new chain segment               blocks=1     txs=1     mgas=0.433   elapsed=16.629ms  mgasps=26.051   number=2404661 hash=cd7e36…84b723 dirty=684.65MiB\n","stream":"stderr","time":"2020-03-25T02:00:20.071042119Z"}
{"log":"INFO [03-25|02:00:20.174] Chain reorg detected                     number=2404660 hash=1216c4…badf8f drop=1 dropfrom=794c0e…d34ba0 add=1 addfrom=a4f6da…caabf2\n","stream":"stderr","time":"2020-03-25T02:00:20.174332761Z"}
{"log":"INFO [03-25|02:00:20.174] Imported new chain segment               blocks=1     txs=3     mgas=4.246   elapsed=27.131ms  mgasps=156.501  number=2404661 hash=a4f6da…caabf2 dirty=685.06MiB\n","stream":"stderr","time":"2020-03-25T02:00:20.17460224Z"}
{"log":"INFO [03-25|02:00:32.370] Imported new chain segment               blocks=1     txs=4     mgas=3.204   elapsed=25.174ms  mgasps=127.264  number=2404662 hash=8568df…d3e447 dirty=685.32MiB\n","stream":"stderr","time":"2020-03-25T02:00:32.373438804Z"}
{"log":"INFO [03-25|02:00:33.432] Chain reorg detected                     number=2404660 hash=1216c4…badf8f drop=2 dropfrom=8568df…d3e447 add=2 addfrom=27145e…23acab\n","stream":"stderr","time":"2020-03-25T02:00:33.433127469Z"}
{"log":"INFO [03-25|02:00:33.433] Imported new chain segment               blocks=1     txs=1     mgas=3.792   elapsed=19.991ms  mgasps=189.675  number=2404662 hash=27145e…23acab dirty=685.32MiB\n","stream":"stderr","time":"2020-03-25T02:00:33.433919534Z"}
{"log":"INFO [03-25|02:00:33.592] Imported new chain segment               blocks=1     txs=5     mgas=7.155   elapsed=29.413ms  mgasps=243.268  number=2404662 hash=1809e9…93b577 dirty=685.33MiB\n","stream":"stderr","time":"2020-03-25T02:00:33.592966357Z"}
{"log":"INFO [03-25|02:00:33.684] Imported new chain segment               blocks=1     txs=1     mgas=3.792   elapsed=11.517ms  mgasps=329.224  number=2404662 hash=528978…a7ef52 dirty=685.33MiB\n","stream":"stderr","time":"2020-03-25T02:00:33.68465003Z"}
{"log":"INFO [03-25|02:00:48.108] Imported new chain segment               blocks=1     txs=2     mgas=0.520   elapsed=10.604ms  mgasps=49.040   number=2404663 hash=faf39d…019106 dirty=685.36MiB\n","stream":"stderr","time":"2020-03-25T02:00:48.109171726Z"}
{"log":"INFO [03-25|02:00:48.145] Imported new chain segment               blocks=1     txs=2     mgas=1.313   elapsed=15.790ms  mgasps=83.119   number=2404663 hash=4cb41f…0e01e0 dirty=685.39MiB\n","stream":"stderr","time":"2020-03-25T02:00:48.145460348Z"}
{"log":"INFO [03-25|02:00:50.256] Chain reorg detected                     number=2404662 hash=27145e…23acab drop=1 dropfrom=4cb41f…0e01e0 add=1 addfrom=56f6c1…c5599b\n","stream":"stderr","time":"2020-03-25T02:00:50.256383622Z"}
{"log":"INFO [03-25|02:00:50.256] Imported new chain segment               blocks=1     txs=5     mgas=3.335   elapsed=18.815ms  mgasps=177.251  number=2404663 hash=56f6c1…c5599b dirty=685.40MiB\n","stream":"stderr","time":"2020-03-25T02:00:50.256791002Z"}
{"log":"INFO [03-25|02:00:50.323] Imported new chain segment               blocks=1     txs=6     mgas=3.356   elapsed=19.415ms  mgasps=172.861  number=2404663 hash=71d718…6a9fd6 dirty=685.40MiB\n","stream":"stderr","time":"2020-03-25T02:00:50.324033135Z"}
{"log":"INFO [03-25|02:01:02.647] Chain reorg detected                     number=2404662 hash=27145e…23acab drop=1 dropfrom=56f6c1…c5599b add=2 addfrom=bd6156…fa0ecc\n","stream":"stderr","time":"2020-03-25T02:01:02.648085505Z"}
{"log":"INFO [03-25|02:01:02.648] Imported new chain segment               blocks=1     txs=2     mgas=0.822   elapsed=22.672ms  mgasps=36.253   number=2404664 hash=bd6156…fa0ecc dirty=685.42MiB\n","stream":"stderr","time":"2020-03-25T02:01:02.6488857Z"}
{"log":"INFO [03-25|02:01:04.466] Chain reorg detected                     number=2404662 hash=27145e…23acab drop=2 dropfrom=bd6156…fa0ecc add=2 addfrom=a73bc0…44aeef\n","stream":"stderr","time":"2020-03-25T02:01:04.466917194Z"}
{"log":"INFO [03-25|02:01:04.467] Imported new chain segment               blocks=1     txs=6     mgas=3.152   elapsed=37.783ms  mgasps=83.433   number=2404664 hash=a73bc0…44aeef dirty=685.45MiB\n","stream":"stderr","time":"2020-03-25T02:01:04.467507173Z"}
{"log":"INFO [03-25|02:01:05.998] Deep froze chain segment                 blocks=4     elapsed=38.803ms  number=2314663 hash=5ff3cc…15025d\n","stream":"stderr","time":"2020-03-25T02:01:05.998292972Z"}
{"log":"INFO [03-25|02:01:17.078] Chain reorg detected                     number=2404662 hash=27145e…23acab drop=2 dropfrom=a73bc0…44aeef add=3 addfrom=aa5720…d72345\n","stream":"stderr","time":"2020-03-25T02:01:17.079133306Z"}
{"log":"INFO [03-25|02:01:17.079] Imported new chain segment               blocks=1     txs=1     mgas=0.056   elapsed=5.946ms   mgasps=9.372    number=2404665 hash=aa5720…d72345 dirty=685.43MiB\n","stream":"stderr","time":"2020-03-25T02:01:17.080176179Z"}
{"log":"INFO [03-25|02:01:32.054] Imported new chain segment               blocks=1     txs=2     mgas=0.117   elapsed=2.721ms   mgasps=42.955   number=2404666 hash=24eaa2…f096d5 dirty=685.41MiB\n","stream":"stderr","time":"2020-03-25T02:01:32.054914321Z"}
{"log":"INFO [03-25|02:01:47.092] Imported new chain segment               blocks=1     txs=5     mgas=0.517   elapsed=21.068ms  mgasps=24.550   number=2404667 hash=d4ff25…863693 dirty=685.43MiB\n","stream":"stderr","time":"2020-03-25T02:01:47.092941674Z"}
{"log":"INFO [03-25|02:01:53.504] Imported new chain segment               blocks=1     txs=13    mgas=1.130   elapsed=24.884ms  mgasps=45.423   number=2404667 hash=4b0a69…f54df6 dirty=685.46MiB\n","stream":"stderr","time":"2020-03-25T02:01:53.505260748Z"}
{"log":"INFO [03-25|02:02:02.689] Imported new chain segment               blocks=1     txs=8     mgas=0.613   elapsed=8.402ms   mgasps=72.967   number=2404668 hash=04b028…292f1d dirty=685.46MiB\n","stream":"stderr","time":"2020-03-25T02:02:02.690201582Z"}
{"log":"INFO [03-25|02:02:06.026] Deep froze chain segment                 blocks=4     elapsed=27.572ms  number=2314667 hash=25ee1e…6859ff\n","stream":"stderr","time":"2020-03-25T02:02:06.026736897Z"}
{"log":"INFO [03-25|02:02:18.067] Imported new chain segment               blocks=1     txs=1     mgas=0.115   elapsed=2.119ms   mgasps=54.411   number=2404669 hash=817186…72a20f dirty=685.44MiB\n","stream":"stderr","time":"2020-03-25T02:02:18.068633982Z"}
{"log":"INFO [03-25|02:02:18.096] Imported new chain segment               blocks=1     txs=3     mgas=0.570   elapsed=15.867ms  mgasps=35.896   number=2404669 hash=2b2698…639328 dirty=685.47MiB\n","stream":"stderr","time":"2020-03-25T02:02:18.096744281Z"}
{"log":"INFO [03-25|02:02:33.013] Imported new chain segment               blocks=1     txs=0     mgas=0.000   elapsed=10.200ms  mgasps=0.000    number=2404670 hash=f790ea…4db693 dirty=684.82MiB\n","stream":"stderr","time":"2020-03-25T02:02:33.013347546Z"}
{"log":"INFO [03-25|02:02:47.654] Imported new chain segment               blocks=1     txs=5     mgas=0.762   elapsed=18.615ms  mgasps=40.927   number=2404671 hash=22b388…4c2713 dirty=684.77MiB\n","stream":"stderr","time":"2020-03-25T02:02:47.655059287Z"}
{"log":"INFO [03-25|02:02:52.610] Chain reorg detected                     number=2404670 hash=f790ea…4db693 drop=1 dropfrom=22b388…4c2713 add=1 addfrom=b1c148…498be4\n","stream":"stderr","time":"2020-03-25T02:02:52.610611137Z"}
{"log":"INFO [03-25|02:02:52.610] Imported new chain segment               blocks=1     txs=5     mgas=0.762   elapsed=18.422ms  mgasps=41.355   number=2404671 hash=b1c148…498be4 dirty=684.78MiB\n","stream":"stderr","time":"2020-03-25T02:02:52.610911671Z"}
{"log":"INFO [03-25|02:03:02.603] Imported new chain segment               blocks=1     txs=1     mgas=0.096   elapsed=1.841ms   mgasps=52.093   number=2404672 hash=c44916…2cbc63 dirty=684.80MiB\n","stream":"stderr","time":"2020-03-25T02:03:02.603208857Z"}
{"log":"INFO [03-25|02:03:02.643] Imported new chain segment               blocks=1     txs=1     mgas=0.096   elapsed=1.262ms   mgasps=75.975   number=2404672 hash=caca16…0e3c7c dirty=684.81MiB\n","stream":"stderr","time":"2020-03-25T02:03:02.64354771Z"}
{"log":"INFO [03-25|02:03:04.420] Imported new chain segment               blocks=1     txs=1     mgas=0.096   elapsed=2.203ms   mgasps=43.531   number=2404672 hash=f693cf…815819 dirty=684.81MiB\n","stream":"stderr","time":"2020-03-25T02:03:04.42116719Z"}
{"log":"INFO [03-25|02:03:06.066] Deep froze chain segment                 blocks=4     elapsed=40.041ms  number=2314671 hash=a49b14…ed5b4d\n","stream":"stderr","time":"2020-03-25T02:03:06.067107936Z"}
{"log":"INFO [03-25|02:03:17.105] Imported new chain segment               blocks=1     txs=0     mgas=0.000   elapsed=1.663ms   mgasps=0.000    number=2404673 hash=de4a66…c48e09 dirty=684.77MiB\n","stream":"stderr","time":"2020-03-25T02:03:17.105820763Z"}
{"log":"INFO [03-25|02:03:32.290] Imported new chain segment               blocks=1     txs=0     mgas=0.000   elapsed=1.300ms   mgasps=0.000    number=2404674 hash=fdbf0d…81de18 dirty=684.73MiB\n","stream":"stderr","time":"2020-03-25T02:03:32.291090497Z"}
{"log":"INFO [03-25|02:03:47.091] Imported new chain segment               blocks=1     txs=1     mgas=0.083   elapsed=3.489ms   mgasps=23.929   number=2404675 hash=ba8875…4cbdea dirty=684.72MiB\n","stream":"stderr","time":"2020-03-25T02:03:47.091826842Z"}
{"log":"INFO [03-25|02:03:50.704] Imported new chain segment               blocks=1     txs=0     mgas=0.000   elapsed=283.612µs mgasps=0.000    number=2404675 hash=364c30…4588ca dirty=684.72MiB\n","stream":"stderr","time":"2020-03-25T02:03:50.704982481Z"}
{"log":"INFO [03-25|02:03:50.770] Imported new chain segment               blocks=1     txs=1     mgas=0.083   elapsed=1.850ms   mgasps=45.118   number=2404675 hash=80beab…11caa4 dirty=684.72MiB\n","stream":"stderr","time":"2020-03-25T02:03:50.770515675Z"}
{"log":"INFO [03-25|02:04:02.098] Imported new chain segment               blocks=1     txs=0     mgas=0.000   elapsed=587.519µs mgasps=0.000    number=2404676 hash=0c8db5…9af225 dirty=684.72MiB\n","stream":"stderr","time":"2020-03-25T02:04:02.100163089Z"}
{"log":"INFO [03-25|02:04:04.208] Imported new chain segment               blocks=1     txs=0     mgas=0.000   elapsed=414.012µs mgasps=0.000    number=2404676 hash=d7fb93…e70755 dirty=684.72MiB\n","stream":"stderr","time":"2020-03-25T02:04:04.208320502Z"}
{"log":"INFO [03-25|02:04:06.098] Deep froze chain segment                 blocks=4     elapsed=30.999ms  number=2314675 hash=05ac5e…5e43d8\n","stream":"stderr","time":"2020-03-25T02:04:06.09837695Z"}
{"log":"INFO [03-25|02:04:18.003] Imported new chain segment               blocks=1     txs=4     mgas=0.188   elapsed=3.629ms   mgasps=51.780   number=2404677 hash=ff485c…ad69f4 dirty=684.73MiB\n","stream":"stderr","time":"2020-03-25T02:04:18.003482889Z"}
{"log":"INFO [03-25|02:04:20.016] Imported new chain segment               blocks=1     txs=0     mgas=0.000   elapsed=419.499µs mgasps=0.000    number=2404677 hash=e4c291…2b0c07 dirty=684.73MiB\n","stream":"stderr","time":"2020-03-25T02:04:20.016951795Z"}
{"log":"INFO [03-25|02:04:32.224] Chain reorg detected                     number=2404676 hash=0c8db5…9af225 drop=1 dropfrom=ff485c…ad69f4 add=2 addfrom=366990…7ab663\n","stream":"stderr","time":"2020-03-25T02:04:32.224496279Z"}
{"log":"INFO [03-25|02:04:32.224] Imported new chain segment               blocks=1     txs=3     mgas=0.563   elapsed=17.650ms  mgasps=31.918   number=2404678 hash=366990…7ab663 dirty=684.75MiB\n","stream":"stderr","time":"2020-03-25T02:04:32.224861777Z"}
{"log":"INFO [03-25|02:04:33.200] Chain reorg detected                     number=2404676 hash=0c8db5…9af225 drop=2 dropfrom=366990…7ab663 add=2 addfrom=0b2428…69871d\n","stream":"stderr","time":"2020-03-25T02:04:33.200495165Z"}
{"log":"INFO [03-25|02:04:33.201] Imported new chain segment               blocks=1     txs=0     mgas=0.000   elapsed=1.499ms   mgasps=0.000    number=2404678 hash=0b2428…69871d dirty=684.75MiB\n","stream":"stderr","time":"2020-03-25T02:04:33.201170386Z"}
{"log":"INFO [03-25|02:04:48.525] Chain reorg detected                     number=2404676 hash=0c8db5…9af225 drop=2 dropfrom=0b2428…69871d add=3 addfrom=0348ac…a10676\n","stream":"stderr","time":"2020-03-25T02:04:48.525797518Z"}
{"log":"INFO [03-25|02:04:48.526] Imported new chain segment               blocks=1     txs=0     mgas=0.000   elapsed=816.142µs mgasps=0.000    number=2404679 hash=0348ac…a10676 dirty=684.75MiB\n","stream":"stderr","time":"2020-03-25T02:04:48.526194018Z"}
{"log":"INFO [03-25|02:05:02.063] Imported new chain segment               blocks=1     txs=4     mgas=0.228   elapsed=4.482ms   mgasps=50.884   number=2404680 hash=548ab4…4ecc6a dirty=684.72MiB\n","stream":"stderr","time":"2020-03-25T02:05:02.063858671Z"}
{"log":"INFO [03-25|02:05:06.128] Deep froze chain segment                 blocks=4     elapsed=29.948ms  number=2314679 hash=27d4b9…f05589\n","stream":"stderr","time":"2020-03-25T02:05:06.128747043Z"}
{"log":"INFO [03-25|02:05:17.785] New local node record                    seq=26 id=8252fae760b7940d ip=31.147.195.65 udp=1024  tcp=30303\n","stream":"stderr","time":"2020-03-25T02:05:17.785239568Z"}
{"log":"INFO [03-25|02:05:18.058] New local node record                    seq=27 id=8252fae760b7940d ip=31.147.195.65 udp=1024  tcp=30303\n","stream":"stderr","time":"2020-03-25T02:05:18.058297784Z"}
{"log":"INFO [03-25|02:05:18.210] Imported new chain segment               blocks=1     txs=2     mgas=0.454   elapsed=12.495ms  mgasps=36.353   number=2404681 hash=bdc1a3…089697 dirty=684.75MiB\n","stream":"stderr","time":"2020-03-25T02:05:18.211135795Z"}
{"log":"INFO [03-25|02:05:18.579] Chain reorg detected                     number=2404680 hash=548ab4…4ecc6a drop=1 dropfrom=bdc1a3…089697 add=1 addfrom=f683ae…7cbdf3\n","stream":"stderr","time":"2020-03-25T02:05:18.579608332Z"}
{"log":"INFO [03-25|02:05:18.579] Imported new chain segment               blocks=1     txs=2     mgas=0.454   elapsed=14.103ms  mgasps=32.208   number=2404681 hash=f683ae…7cbdf3 dirty=684.75MiB\n","stream":"stderr","time":"2020-03-25T02:05:18.579714576Z"}
{"log":"INFO [03-25|02:05:23.193] Chain reorg detected                     number=2404680 hash=548ab4…4ecc6a drop=1 dropfrom=f683ae…7cbdf3 add=1 addfrom=680673…6dad6a\n","stream":"stderr","time":"2020-03-25T02:05:23.193882383Z"}
{"log":"INFO [03-25|02:05:23.193] Imported new chain segment               blocks=1     txs=2     mgas=0.454   elapsed=13.000ms  mgasps=34.942   number=2404681 hash=680673…6dad6a dirty=684.75MiB\n","stream":"stderr","time":"2020-03-25T02:05:23.19407449Z"}
{"log":"INFO [03-25|02:05:32.555] Imported new chain segment               blocks=1     txs=5     mgas=1.733   elapsed=25.027ms  mgasps=69.251   number=2404682 hash=07293e…6b6b63 dirty=684.86MiB\n","stream":"stderr","time":"2020-03-25T02:05:32.555543937Z"}
{"log":"INFO [03-25|02:05:33.751] Chain reorg detected                     number=2404681 hash=680673…6dad6a drop=1 dropfrom=07293e…6b6b63 add=1 addfrom=2456ed…66ec4e\n","stream":"stderr","time":"2020-03-25T02:05:33.751280588Z"}
{"log":"INFO [03-25|02:05:33.751] Imported new chain segment               blocks=1     txs=5     mgas=1.733   elapsed=20.484ms  mgasps=84.609   number=2404682 hash=2456ed…66ec4e dirty=684.87MiB\n","stream":"stderr","time":"2020-03-25T02:05:33.751699538Z"}
{"log":"INFO [03-25|02:05:47.621] Chain reorg detected                     number=2404681 hash=680673…6dad6a drop=1 dropfrom=2456ed…66ec4e add=2 addfrom=5adbc4…20abbc\n","stream":"stderr","time":"2020-03-25T02:05:47.621910552Z"}
{"log":"INFO [03-25|02:05:47.622] Imported new chain segment               blocks=1     txs=1     mgas=0.021   elapsed=2.339ms   mgasps=8.976    number=2404683 hash=5adbc4…20abbc dirty=684.87MiB\n","stream":"stderr","time":"2020-03-25T02:05:47.622543598Z"}
{"log":"INFO [03-25|02:05:49.771] Chain reorg detected                     number=2404682 hash=07293e…6b6b63 drop=1 dropfrom=5adbc4…20abbc add=1 addfrom=5d8dbc…b912da\n","stream":"stderr","time":"2020-03-25T02:05:49.771682497Z"}
{"log":"INFO [03-25|02:05:49.771] Imported new chain segment               blocks=1     txs=0     mgas=0.000   elapsed=653.484µs mgasps=0.000    number=2404683 hash=5d8dbc…b912da dirty=684.87MiB\n","stream":"stderr","time":"2020-03-25T02:05:49.771962541Z"}
{"log":"INFO [03-25|02:06:02.137] Chain reorg detected                     number=2404682 hash=07293e…6b6b63 drop=1 dropfrom=5d8dbc…b912da add=2 addfrom=e40465…7c8ae0\n","stream":"stderr","time":"2020-03-25T02:06:02.137496231Z"}
{"log":"INFO [03-25|02:06:02.137] Imported new chain segment               blocks=1     txs=1     mgas=0.433   elapsed=13.493ms  mgasps=32.108   number=2404684 hash=e40465…7c8ae0 dirty=684.89MiB\n","stream":"stderr","time":"2020-03-25T02:06:02.13783281Z"}
{"log":"INFO [03-25|02:06:04.543] Imported new chain segment               blocks=1     txs=1     mgas=0.433   elapsed=15.547ms  mgasps=27.865   number=2404684 hash=0a04e3…a7184f dirty=684.90MiB\n","stream":"stderr","time":"2020-03-25T02:06:04.543738913Z"}
{"log":"INFO [03-25|02:06:06.169] Deep froze chain segment                 blocks=4     elapsed=40.428ms  number=2314683 hash=e27a64…4d32c3\n","stream":"stderr","time":"2020-03-25T02:06:06.169645892Z"}
{"log":"INFO [03-25|02:06:17.849] Imported new chain segment               blocks=1     txs=0     mgas=0.000   elapsed=881.214µs mgasps=0.000    number=2404685 hash=379bc4…b87373 dirty=684.88MiB\n","stream":"stderr","time":"2020-03-25T02:06:17.850030157Z"}
{"log":"INFO [03-25|02:06:18.555] Chain reorg detected                     number=2404684 hash=e40465…7c8ae0 drop=1 dropfrom=379bc4…b87373 add=1 addfrom=2b5fb5…aed175\n","stream":"stderr","time":"2020-03-25T02:06:18.555366483Z"}
{"log":"INFO [03-25|02:06:18.555] Imported new chain segment               blocks=1     txs=0     mgas=0.000   elapsed=617.603µs mgasps=0.000    number=2404685 hash=2b5fb5…aed175 dirty=684.88MiB\n","stream":"stderr","time":"2020-03-25T02:06:18.555619881Z"}
{"log":"INFO [03-25|02:06:33.053] Chain reorg detected                     number=2404684 hash=e40465…7c8ae0 drop=1 dropfrom=2b5fb5…aed175 add=2 addfrom=864873…26c2c0\n","stream":"stderr","time":"2020-03-25T02:06:33.053946452Z"}
{"log":"INFO [03-25|02:06:33.054] Imported new chain segment               blocks=1     txs=0     mgas=0.000   elapsed=1.358ms   mgasps=0.000    number=2404686 hash=864873…26c2c0 dirty=684.85MiB\n","stream":"stderr","time":"2020-03-25T02:06:33.054453207Z"}
{"log":"INFO [03-25|02:06:34.217] Imported new chain segment               blocks=1     txs=0     mgas=0.000   elapsed=349.282µs mgasps=0.000    number=2404686 hash=5d24fc…53ae99 dirty=684.85MiB\n","stream":"stderr","time":"2020-03-25T02:06:34.217990269Z"}
{"log":"INFO [03-25|02:06:34.227] Imported new chain segment               blocks=1     txs=1     mgas=0.085   elapsed=2.380ms   mgasps=35.738   number=2404686 hash=d18f5b…c7862d dirty=684.87MiB\n","stream":"stderr","time":"2020-03-25T02:06:34.227387135Z"}
{"log":"INFO [03-25|02:06:47.104] Chain reorg detected                     number=2404685 hash=379bc4…b87373 drop=1 dropfrom=864873…26c2c0 add=2 addfrom=139001…b30dc0\n","stream":"stderr","time":"2020-03-25T02:06:47.104841242Z"}
{"log":"INFO [03-25|02:06:47.105] Imported new chain segment               blocks=1     txs=2     mgas=0.454   elapsed=15.589ms  mgasps=29.138   number=2404687 hash=139001…b30dc0 dirty=684.89MiB\n","stream":"stderr","time":"2020-03-25T02:06:47.105879672Z"}
{"log":"INFO [03-25|02:06:49.354] Imported new chain segment               blocks=1     txs=4     mgas=0.688   elapsed=20.423ms  mgasps=33.709   number=2404687 hash=517159…f88973 dirty=684.92MiB\n","stream":"stderr","time":"2020-03-25T02:06:49.354511728Z"}
{"log":"INFO [03-25|02:06:52.879] Imported new chain segment               blocks=1     txs=5     mgas=0.709   elapsed=19.730ms  mgasps=35.958   number=2404687 hash=f885fd…37b071 dirty=684.92MiB\n","stream":"stderr","time":"2020-03-25T02:06:52.880229335Z"}
{"log":"INFO [03-25|02:07:02.097] Imported new chain segment               blocks=1     txs=0     mgas=0.000   elapsed=970.832µs mgasps=0.000    number=2404688 hash=d1f466…9a8fc9 dirty=684.89MiB\n","stream":"stderr","time":"2020-03-25T02:07:02.097621903Z"}
{"log":"INFO [03-25|02:07:06.205] Deep froze chain segment                 blocks=4     elapsed=36.037ms  number=2314687 hash=609bb3…2e024d\n","stream":"stderr","time":"2020-03-25T02:07:06.206031015Z"}
{"log":"INFO [03-25|02:07:18.808] Imported new chain segment               blocks=1     txs=0     mgas=0.000   elapsed=3.718ms   mgasps=0.000    number=2404689 hash=d8eef3…814d3a dirty=684.79MiB\n","stream":"stderr","time":"2020-03-25T02:07:18.80874352Z"}
{"log":"INFO [03-25|02:07:19.256] Chain reorg detected                     number=2404688 hash=d1f466…9a8fc9 drop=1 dropfrom=d8eef3…814d3a add=1 addfrom=e93184…7b7036\n","stream":"stderr","time":"2020-03-25T02:07:19.256271788Z"}
{"log":"INFO [03-25|02:07:19.256] Imported new chain segment               blocks=1     txs=2     mgas=0.170   elapsed=6.079ms   mgasps=27.985   number=2404689 hash=e93184…7b7036 dirty=684.79MiB\n","stream":"stderr","time":"2020-03-25T02:07:19.25662475Z"}
{"log":"INFO [03-25|02:07:32.448] Chain reorg detected                     number=2404688 hash=d1f466…9a8fc9 drop=1 dropfrom=e93184…7b7036 add=2 addfrom=c59608…ce70da\n","stream":"stderr","time":"2020-03-25T02:07:32.448966237Z"}
{"log":"INFO [03-25|02:07:32.449] Imported new chain segment               blocks=1     txs=4     mgas=0.659   elapsed=20.043ms  mgasps=32.883   number=2404690 hash=c59608…ce70da dirty=684.79MiB\n","stream":"stderr","time":"2020-03-25T02:07:32.449543709Z"}
{"log":"INFO [03-25|02:07:32.709] Imported new chain segment               blocks=1     txs=4     mgas=0.659   elapsed=18.172ms  mgasps=36.269   number=2404690 hash=cc7bc2…3ede2f dirty=684.79MiB\n","stream":"stderr","time":"2020-03-25T02:07:32.70980237Z"}
{"log":"INFO [03-25|02:07:38.010] Imported new chain segment               blocks=1     txs=4     mgas=0.659   elapsed=23.016ms  mgasps=28.636   number=2404690 hash=0cbd31…3e1732 dirty=684.79MiB\n","stream":"stderr","time":"2020-03-25T02:07:38.010963445Z"}
{"log":"INFO [03-25|02:07:47.100] Imported new chain segment               blocks=1     txs=1     mgas=0.021   elapsed=1.852ms   mgasps=11.340   number=2404691 hash=c2b595…16a864 dirty=684.77MiB\n","stream":"stderr","time":"2020-03-25T02:07:47.1004989Z"}
{"log":"INFO [03-25|02:07:49.189] Imported new chain segment               blocks=1     txs=1     mgas=0.021   elapsed=1.294ms   mgasps=16.221   number=2404691 hash=4eba23…85740f dirty=684.78MiB\n","stream":"stderr","time":"2020-03-25T02:07:49.190164638Z"}
{"log":"INFO [03-25|02:08:02.416] Imported new chain segment               blocks=1     txs=6     mgas=2.294   elapsed=24.690ms  mgasps=92.928   number=2404692 hash=8aa756…452673 dirty=684.91MiB\n","stream":"stderr","time":"2020-03-25T02:08:02.417047406Z"}
{"log":"INFO [03-25|02:08:05.266] Imported new chain segment               blocks=1     txs=0     mgas=0.000   elapsed=464.935µs mgasps=0.000    number=2404692 hash=87bb89…c8626a dirty=684.91MiB\n","stream":"stderr","time":"2020-03-25T02:08:05.26646352Z"}
{"log":"INFO [03-25|02:08:05.383] Chain reorg detected                     number=2404691 hash=c2b595…16a864 drop=1 dropfrom=8aa756…452673 add=1 addfrom=3676e6…35e03d\n","stream":"stderr","time":"2020-03-25T02:08:05.38363847Z"}
{"log":"INFO [03-25|02:08:05.383] Imported new chain segment               blocks=1     txs=6     mgas=2.294   elapsed=16.602ms  mgasps=138.195  number=2404692 hash=3676e6…35e03d dirty=684.92MiB\n","stream":"stderr","time":"2020-03-25T02:08:05.38391699Z"}
{"log":"INFO [03-25|02:08:06.242] Deep froze chain segment                 blocks=4     elapsed=36.174ms  number=2314691 hash=30627e…b33133\n","stream":"stderr","time":"2020-03-25T02:08:06.242518161Z"}
{"log":"INFO [03-25|02:08:17.389] Chain reorg detected                     number=2404691 hash=c2b595…16a864 drop=1 dropfrom=3676e6…35e03d add=2 addfrom=8acc75…489450\n","stream":"stderr","time":"2020-03-25T02:08:17.391200402Z"}
{"log":"INFO [03-25|02:08:17.389] Imported new chain segment               blocks=1     txs=7     mgas=2.334   elapsed=25.096ms  mgasps=92.992   number=2404693 hash=8acc75…489450 dirty=684.93MiB\n","stream":"stderr","time":"2020-03-25T02:08:17.391229406Z"}
{"log":"INFO [03-25|02:08:19.543] Chain reorg detected                     number=2404691 hash=c2b595…16a864 drop=2 dropfrom=8acc75…489450 add=2 addfrom=1b68c3…733801\n","stream":"stderr","time":"2020-03-25T02:08:19.544187477Z"}
{"log":"INFO [03-25|02:08:19.544] Imported new chain segment               blocks=1     txs=1     mgas=0.039   elapsed=2.546ms   mgasps=15.464   number=2404693 hash=1b68c3…733801 dirty=684.93MiB\n","stream":"stderr","time":"2020-03-25T02:08:19.54491248Z"}
{"log":"INFO [03-25|02:08:32.129] Imported new chain segment               blocks=1     txs=1     mgas=0.021   elapsed=1.772ms   mgasps=11.853   number=2404694 hash=b8aaca…1a15f1 dirty=684.92MiB\n","stream":"stderr","time":"2020-03-25T02:08:32.129493971Z"}
{"log":"INFO [03-25|02:08:32.139] Imported new chain segment               blocks=1     txs=1     mgas=0.021   elapsed=1.098ms   mgasps=19.124   number=2404694 hash=6975a4…e4ea71 dirty=684.92MiB\n","stream":"stderr","time":"2020-03-25T02:08:32.139206662Z"}
{"log":"INFO [03-25|02:08:47.386] Imported new chain segment               blocks=1     txs=0     mgas=0.000   elapsed=715.33µs  mgasps=0.000    number=2404695 hash=eed094…059ab8 dirty=684.90MiB\n","stream":"stderr","time":"2020-03-25T02:08:47.386917932Z"}
{"log":"INFO [03-25|02:09:02.520] Imported new chain segment               blocks=1     txs=1     mgas=0.021   elapsed=2.417ms   mgasps=8.687    number=2404696 hash=9a1c84…444201 dirty=684.89MiB\n","stream":"stderr","time":"2020-03-25T02:09:02.520629374Z"}
{"log":"INFO [03-25|02:09:06.288] Deep froze chain segment                 blocks=4     elapsed=45.236ms  number=2314695 hash=82a4d1…fbb443\n","stream":"stderr","time":"2020-03-25T02:09:06.288392906Z"}
{"log":"INFO [03-25|02:09:18.885] Imported new chain segment               blocks=1     txs=0     mgas=0.000   elapsed=778.843µs mgasps=0.000    number=2404697 hash=4ffffe…d1fb44 dirty=684.89MiB\n","stream":"stderr","time":"2020-03-25T02:09:18.885577593Z"}
{"log":"INFO [03-25|02:09:33.136] Imported new chain segment               blocks=1     txs=0     mgas=0.000   elapsed=839.355µs mgasps=0.000    number=2404698 hash=d85a68…24e1fc dirty=684.87MiB\n","stream":"stderr","time":"2020-03-25T02:09:33.136646801Z"}
{"log":"INFO [03-25|02:09:34.722] Imported new chain segment               blocks=1     txs=1     mgas=0.021   elapsed=1.628ms   mgasps=12.895   number=2404698 hash=c0d5b5…0260ce dirty=684.87MiB\n","stream":"stderr","time":"2020-03-25T02:09:34.722388472Z"}
{"log":"INFO [03-25|02:09:48.038] Imported new chain segment               blocks=1     txs=2     mgas=0.508   elapsed=16.955ms  mgasps=29.938   number=2404699 hash=599d59…cef50d dirty=684.83MiB\n","stream":"stderr","time":"2020-03-25T02:09:48.038839424Z"}
{"log":"INFO [03-25|02:09:48.134] Chain reorg detected                     number=2404698 hash=d85a68…24e1fc drop=1 dropfrom=599d59…cef50d add=1 addfrom=da3c51…c3e3e5\n","stream":"stderr","time":"2020-03-25T02:09:48.135759078Z"}
{"log":"INFO [03-25|02:09:48.135] Imported new chain segment               blocks=1     txs=2     mgas=0.508   elapsed=16.570ms  mgasps=30.634   number=2404699 hash=da3c51…c3e3e5 dirty=684.83MiB\n","stream":"stderr","time":"2020-03-25T02:09:48.13580033Z"}
{"log":"INFO [03-25|02:09:49.367] Imported new chain segment               blocks=1     txs=2     mgas=0.508   elapsed=12.570ms  mgasps=40.382   number=2404699 hash=3cc63f…177982 dirty=684.83MiB\n","stream":"stderr","time":"2020-03-25T02:09:49.367482997Z"}
{"log":"INFO [03-25|02:09:54.465] Imported new chain segment               blocks=1     txs=18    mgas=1.430   elapsed=23.550ms  mgasps=60.722   number=2404699 hash=c5dc28…905c32 dirty=684.89MiB\n","stream":"stderr","time":"2020-03-25T02:09:54.465334865Z"}
{"log":"INFO [03-25|02:10:02.160] Imported new chain segment               blocks=1     txs=16    mgas=0.922   elapsed=7.551ms   mgasps=122.142  number=2404700 hash=b57ad8…4c05fa dirty=684.77MiB\n","stream":"stderr","time":"2020-03-25T02:10:02.160732661Z"}
{"log":"INFO [03-25|02:10:04.563] Imported new chain segment               blocks=1     txs=17    mgas=1.018   elapsed=14.031ms  mgasps=72.574   number=2404700 hash=50b700…adb206 dirty=684.79MiB\n","stream":"stderr","time":"2020-03-25T02:10:04.564124931Z"}
{"log":"INFO [03-25|02:10:04.610] Imported new chain segment               blocks=1     txs=16    mgas=0.922   elapsed=10.002ms  mgasps=92.219   number=2404700 hash=51e88f…c7e2fa dirty=684.79MiB\n","stream":"stderr","time":"2020-03-25T02:10:04.61084146Z"}
{"log":"INFO [03-25|02:10:04.922] Imported new chain segment               blocks=1     txs=16    mgas=0.922   elapsed=8.926ms   mgasps=103.330  number=2404700 hash=923738…5dcdbe dirty=684.79MiB\n","stream":"stderr","time":"2020-03-25T02:10:04.923133668Z"}
{"log":"INFO [03-25|02:10:05.539] Imported new chain segment               blocks=1     txs=16    mgas=0.922   elapsed=7.146ms   mgasps=129.067  number=2404700 hash=daa95e…6aebfa dirty=684.79MiB\n","stream":"stderr","time":"2020-03-25T02:10:05.539816283Z"}
{"log":"INFO [03-25|02:10:06.317] Deep froze chain segment                 blocks=4     elapsed=29.295ms  number=2314699 hash=8060ee…b21364\n","stream":"stderr","time":"2020-03-25T02:10:06.318019909Z"}
{"log":"INFO [03-25|02:10:17.881] Imported new chain segment               blocks=1     txs=2     mgas=0.529   elapsed=18.244ms  mgasps=29.003   number=2404701 hash=459bd4…90aeac dirty=684.80MiB\n","stream":"stderr","time":"2020-03-25T02:10:17.881239585Z"}
{"log":"INFO [03-25|02:10:18.933] Imported new chain segment               blocks=1     txs=1     mgas=0.096   elapsed=2.006ms   mgasps=47.786   number=2404701 hash=170340…1fb24f dirty=684.81MiB\n","stream":"stderr","time":"2020-03-25T02:10:18.933298002Z"}
{"log":"INFO [03-25|02:10:22.851] Chain reorg detected                     number=2404700 hash=b57ad8…4c05fa drop=1 dropfrom=459bd4…90aeac add=1 addfrom=54a5fd…3efdd3\n","stream":"stderr","time":"2020-03-25T02:10:22.851929001Z"}
{"log":"INFO [03-25|02:10:22.852] Imported new chain segment               blocks=1     txs=2     mgas=0.529   elapsed=20.694ms  mgasps=25.568   number=2404701 hash=54a5fd…3efdd3 dirty=684.81MiB\n","stream":"stderr","time":"2020-03-25T02:10:22.852158746Z"}
{"log":"INFO [03-25|02:10:32.598] Imported new chain segment               blocks=1     txs=4     mgas=3.472   elapsed=22.056ms  mgasps=157.407  number=2404702 hash=1485e2…47edcf dirty=685.09MiB\n","stream":"stderr","time":"2020-03-25T02:10:32.598820009Z"}
{"log":"INFO [03-25|02:10:32.803] Imported new chain segment               blocks=1     txs=4     mgas=3.574   elapsed=19.091ms  mgasps=187.185  number=2404702 hash=879d02…a9b1a5 dirty=685.12MiB\n","stream":"stderr","time":"2020-03-25T02:10:32.80413291Z"}
{"log":"INFO [03-25|02:10:34.095] Imported new chain segment               blocks=1     txs=4     mgas=3.574   elapsed=19.246ms  mgasps=185.672  number=2404702 hash=604f87…e28f09 dirty=685.12MiB\n","stream":"stderr","time":"2020-03-25T02:10:34.096154739Z"}
{"log":"INFO [03-25|02:10:47.317] Imported new chain segment               blocks=1     txs=3     mgas=0.820   elapsed=27.659ms  mgasps=29.639   number=2404703 hash=a2b875…c3d87e dirty=685.16MiB\n","stream":"stderr","time":"2020-03-25T02:10:47.317814855Z"}
{"log":"INFO [03-25|02:10:49.008] Imported new chain segment               blocks=1     txs=2     mgas=0.517   elapsed=18.655ms  mgasps=27.687   number=2404703 hash=39d529…ea5770 dirty=685.16MiB\n","stream":"stderr","time":"2020-03-25T02:10:49.008481046Z"}
{"log":"INFO [03-25|02:11:02.188] Chain reorg detected                     number=2404702 hash=1485e2…47edcf drop=1 dropfrom=a2b875…c3d87e add=2 addfrom=59f356…721a76\n","stream":"stderr","time":"2020-03-25T02:11:02.188861715Z"}
{"log":"INFO [03-25|02:11:02.189] Imported new chain segment               blocks=1     txs=4     mgas=0.862   elapsed=26.904ms  mgasps=32.042   number=2404704 hash=59f356…721a76 dirty=685.18MiB\n","stream":"stderr","time":"2020-03-25T02:11:02.189297243Z"}
{"log":"INFO [03-25|02:11:04.390] Imported new chain segment               blocks=1     txs=8     mgas=1.072   elapsed=16.394ms  mgasps=65.357   number=2404704 hash=8f933a…22842d dirty=685.22MiB\n","stream":"stderr","time":"2020-03-25T02:11:04.390258255Z"}
{"log":"INFO [03-25|02:11:04.396] Imported new chain segment               blocks=1     txs=3     mgas=0.228   elapsed=3.286ms   mgasps=69.400   number=2404704 hash=fd4236…df75fa dirty=685.23MiB\n","stream":"stderr","time":"2020-03-25T02:11:04.396609087Z"}
{"log":"INFO [03-25|02:11:06.356] Deep froze chain segment                 blocks=4     elapsed=38.251ms  number=2314703 hash=c88835…81cf6c\n","stream":"stderr","time":"2020-03-25T02:11:06.356558256Z"}
{"log":"INFO [03-25|02:11:18.071] Imported new chain segment               blocks=1     txs=1     mgas=0.096   elapsed=2.617ms   mgasps=36.647   number=2404705 hash=dd433b…02dc03 dirty=685.23MiB\n","stream":"stderr","time":"2020-03-25T02:11:18.071636457Z"}
{"log":"INFO [03-25|02:11:18.160] Imported new chain segment               blocks=1     txs=1     mgas=0.096   elapsed=1.172ms   mgasps=81.807   number=2404705 hash=1e44e0…9fbca0 dirty=685.23MiB\n","stream":"stderr","time":"2020-03-25T02:11:18.160295978Z"}
{"log":"INFO [03-25|02:11:19.421] Chain reorg detected                     number=2404704 hash=59f356…721a76 drop=1 dropfrom=dd433b…02dc03 add=1 addfrom=1060be…ca213a\n","stream":"stderr","time":"2020-03-25T02:11:19.421911463Z"}
{"log":"INFO [03-25|02:11:19.422] Imported new chain segment               blocks=1     txs=5     mgas=0.513   elapsed=4.808ms   mgasps=106.632  number=2404705 hash=1060be…ca213a dirty=685.23MiB\n","stream":"stderr","time":"2020-03-25T02:11:19.422181809Z"}
{"log":"INFO [03-25|02:11:19.535] Chain reorg detected                     number=2404704 hash=59f356…721a76 drop=1 dropfrom=1060be…ca213a add=1 addfrom=78d04d…14992d\n","stream":"stderr","time":"2020-03-25T02:11:19.535541669Z"}
{"log":"INFO [03-25|02:11:19.535] Imported new chain segment               blocks=1     txs=6     mgas=0.609   elapsed=5.284ms   mgasps=115.187  number=2404705 hash=78d04d…14992d dirty=685.24MiB\n","stream":"stderr","time":"2020-03-25T02:11:19.535896285Z"}
{"log":"INFO [03-25|02:11:32.251] Chain reorg detected                     number=2404704 hash=59f356…721a76 drop=1 dropfrom=78d04d…14992d add=2 addfrom=f7ac42…64afa4\n","stream":"stderr","time":"2020-03-25T02:11:32.251604804Z"}
{"log":"INFO [03-25|02:11:32.251] Imported new chain segment               blocks=1     txs=5     mgas=0.513   elapsed=5.978ms   mgasps=85.763   number=2404706 hash=f7ac42…64afa4 dirty=685.21MiB\n","stream":"stderr","time":"2020-03-25T02:11:32.252057115Z"}
{"log":"INFO [03-25|02:11:32.303] Chain reorg detected                     number=2404704 hash=59f356…721a76 drop=2 dropfrom=f7ac42…64afa4 add=2 addfrom=f00dd6…182933\n","stream":"stderr","time":"2020-03-25T02:11:32.304024181Z"}
{"log":"INFO [03-25|02:11:32.304] Imported new chain segment               blocks=1     txs=3     mgas=0.550   elapsed=19.098ms  mgasps=28.805   number=2404706 hash=f00dd6…182933 dirty=685.25MiB\n","stream":"stderr","time":"2020-03-25T02:11:32.304637782Z"}
{"log":"INFO [03-25|02:11:35.868] Imported new chain segment               blocks=1     txs=5     mgas=0.513   elapsed=4.444ms   mgasps=115.373  number=2404706 hash=e83667…45980b dirty=685.25MiB\n","stream":"stderr","time":"2020-03-25T02:11:35.868922122Z"}
{"log":"INFO [03-25|02:11:50.103] Chain reorg detected                     number=2404704 hash=59f356…721a76 drop=2 dropfrom=f00dd6…182933 add=3 addfrom=5deb66…ed021a\n","stream":"stderr","time":"2020-03-25T02:11:50.104065179Z"}
{"log":"INFO [03-25|02:11:50.105] Imported new chain segment               blocks=1     txs=3     mgas=0.550   elapsed=19.170ms  mgasps=28.697   number=2404707 hash=5deb66…ed021a dirty=685.24MiB\n","stream":"stderr","time":"2020-03-25T02:11:50.105348707Z"}
{"log":"INFO [03-25|02:11:50.403] Chain reorg detected                     number=2404705 hash=dd433b…02dc03 drop=2 dropfrom=5deb66…ed021a add=2 addfrom=c06a28…2f810e\n","stream":"stderr","time":"2020-03-25T02:11:50.404214448Z"}
{"log":"INFO [03-25|02:11:50.404] Imported new chain segment               blocks=1     txs=3     mgas=0.550   elapsed=17.802ms  mgasps=30.902   number=2404707 hash=c06a28…2f810e dirty=685.24MiB\n","stream":"stderr","time":"2020-03-25T02:11:50.404772529Z"}
{"log":"INFO [03-25|02:11:55.246] Imported new chain segment               blocks=1     txs=3     mgas=0.550   elapsed=17.757ms  mgasps=30.982   number=2404707 hash=c0e82f…af6aeb dirty=685.24MiB\n","stream":"stderr","time":"2020-03-25T02:11:55.247081235Z"}
{"log":"INFO [03-25|02:12:02.103] Imported new chain segment               blocks=1     txs=1     mgas=0.433   elapsed=17.244ms  mgasps=25.122   number=2404708 hash=77d3f9…0eaf9d dirty=685.24MiB\n","stream":"stderr","time":"2020-03-25T02:12:02.103328204Z"}
{"log":"INFO [03-25|02:12:06.381] Deep froze chain segment                 blocks=4     elapsed=25.270ms  number=2314707 hash=d39c5d…a3ded1\n","stream":"stderr","time":"2020-03-25T02:12:06.382031793Z"}
{"log":"INFO [03-25|02:12:09.310] Imported new chain segment               blocks=1     txs=1     mgas=0.433   elapsed=20.742ms  mgasps=20.885   number=2404708 hash=a3d0fe…c165d8 dirty=685.25MiB\n","stream":"stderr","time":"2020-03-25T02:12:09.311035689Z"}
{"log":"INFO [03-25|02:12:17.556] Imported new chain segment               blocks=1     txs=1     mgas=0.021   elapsed=4.103ms   mgasps=5.118    number=2404709 hash=9f8c3e…ab0cd5 dirty=685.14MiB\n","stream":"stderr","time":"2020-03-25T02:12:17.556833784Z"}
{"log":"INFO [03-25|02:12:18.995] Imported new chain segment               blocks=1     txs=1     mgas=0.021   elapsed=1.188ms   mgasps=17.676   number=2404709 hash=168fef…f8199d dirty=685.14MiB\n","stream":"stderr","time":"2020-03-25T02:12:18.995669587Z"}
{"log":"INFO [03-25|02:12:32.206] Imported new chain segment               blocks=1     txs=0     mgas=0.000   elapsed=4.290ms   mgasps=0.000    number=2404710 hash=3d99da…c1bbaa dirty=684.92MiB\n","stream":"stderr","time":"2020-03-25T02:12:32.20693157Z"}
{"log":"INFO [03-25|02:12:49.124] Imported new chain segment               blocks=1     txs=2     mgas=0.454   elapsed=21.550ms  mgasps=21.077   number=2404711 hash=7e6a20…f2336c dirty=684.95MiB\n","stream":"stderr","time":"2020-03-25T02:12:49.125007091Z"}
{"log":"INFO [03-25|02:12:49.274] Chain reorg detected                     number=2404710 hash=3d99da…c1bbaa drop=1 dropfrom=7e6a20…f2336c add=1 addfrom=74e15e…b575fd\n","stream":"stderr","time":"2020-03-25T02:12:49.274546261Z"}
{"log":"INFO [03-25|02:12:49.274] Imported new chain segment               blocks=1     txs=1     mgas=0.433   elapsed=35.661ms  mgasps=12.148   number=2404711 hash=74e15e…b575fd dirty=684.95MiB\n","stream":"stderr","time":"2020-03-25T02:12:49.275056253Z"}
{"log":"INFO [03-25|02:13:02.343] Chain reorg detected                     number=2404710 hash=3d99da…c1bbaa drop=1 dropfrom=74e15e…b575fd add=2 addfrom=bd18d1…44199a\n","stream":"stderr","time":"2020-03-25T02:13:02.343956028Z"}
{"log":"INFO [03-25|02:13:02.344] Imported new chain segment               blocks=1     txs=0     mgas=0.000   elapsed=2.600ms   mgasps=0.000    number=2404712 hash=bd18d1…44199a dirty=684.92MiB\n","stream":"stderr","time":"2020-03-25T02:13:02.344453239Z"}
{"log":"INFO [03-25|02:13:02.515] Chain reorg detected                     number=2404711 hash=7e6a20…f2336c drop=1 dropfrom=bd18d1…44199a add=1 addfrom=d6eadc…a0259d\n","stream":"stderr","time":"2020-03-25T02:13:02.515964128Z"}
{"log":"INFO [03-25|02:13:02.516] Imported new chain segment               blocks=1     txs=2     mgas=0.088   elapsed=3.065ms   mgasps=28.750   number=2404712 hash=d6eadc…a0259d dirty=684.94MiB\n","stream":"stderr","time":"2020-03-25T02:13:02.516631035Z"}
{"log":"INFO [03-25|02:13:06.414] Deep froze chain segment                 blocks=4     elapsed=31.951ms  number=2314711 hash=8211c2…869f76\n","stream":"stderr","time":"2020-03-25T02:13:06.414417897Z"}
{"log":"INFO [03-25|02:13:18.797] Chain reorg detected                     number=2404711 hash=7e6a20…f2336c drop=1 dropfrom=d6eadc…a0259d add=2 addfrom=feb576…3c2646\n","stream":"stderr","time":"2020-03-25T02:13:18.797501239Z"}
{"log":"INFO [03-25|02:13:18.797] Imported new chain segment               blocks=1     txs=4     mgas=0.176   elapsed=4.076ms   mgasps=43.234   number=2404713 hash=feb576…3c2646 dirty=684.93MiB\n","stream":"stderr","time":"2020-03-25T02:13:18.797883735Z"}
{"log":"INFO [03-25|02:13:21.020] Chain reorg detected                     number=2404712 hash=bd18d1…44199a drop=1 dropfrom=feb576…3c2646 add=1 addfrom=edba7e…8854f1\n","stream":"stderr","time":"2020-03-25T02:13:21.020446766Z"}
{"log":"INFO [03-25|02:13:21.020] Imported new chain segment               blocks=1     txs=4     mgas=0.176   elapsed=5.173ms   mgasps=34.071   number=2404713 hash=edba7e…8854f1 dirty=684.93MiB\n","stream":"stderr","time":"2020-03-25T02:13:21.021123568Z"}
{"log":"INFO [03-25|02:13:33.557] Chain reorg detected                     number=2404712 hash=bd18d1…44199a drop=1 dropfrom=edba7e…8854f1 add=2 addfrom=c985dc…a8a411\n","stream":"stderr","time":"2020-03-25T02:13:33.557854865Z"}
{"log":"INFO [03-25|02:13:33.558] Imported new chain segment               blocks=1     txs=1     mgas=0.021   elapsed=2.583ms   mgasps=8.129    number=2404714 hash=c985dc…a8a411 dirty=684.93MiB\n","stream":"stderr","time":"2020-03-25T02:13:33.558979994Z"}
{"log":"INFO [03-25|02:13:34.948] Imported new chain segment               blocks=1     txs=1     mgas=0.021   elapsed=1.422ms   mgasps=14.763   number=2404714 hash=0ae4d3…b08ae2 dirty=684.93MiB\n","stream":"stderr","time":"2020-03-25T02:13:34.948493275Z"}
{"log":"INFO [03-25|02:13:47.516] Chain reorg detected                     number=2404713 hash=feb576…3c2646 drop=1 dropfrom=c985dc…a8a411 add=2 addfrom=b99d40…ccf60a\n","stream":"stderr","time":"2020-03-25T02:13:47.516521831Z"}
{"log":"INFO [03-25|02:13:47.516] Imported new chain segment               blocks=1     txs=0     mgas=0.000   elapsed=2.830ms   mgasps=0.000    number=2404715 hash=b99d40…ccf60a dirty=684.91MiB\n","stream":"stderr","time":"2020-03-25T02:13:47.517000406Z"}
{"log":"INFO [03-25|02:13:48.395] Chain reorg detected                     number=2404713 hash=feb576…3c2646 drop=2 dropfrom=b99d40…ccf60a add=2 addfrom=323ab6…10a01e\n","stream":"stderr","time":"2020-03-25T02:13:48.395418708Z"}
{"log":"INFO [03-25|02:13:48.395] Imported new chain segment               blocks=1     txs=0     mgas=0.000   elapsed=779.557µs mgasps=0.000    number=2404715 hash=323ab6…10a01e dirty=684.91MiB\n","stream":"stderr","time":"2020-03-25T02:13:48.395762387Z"}
{"log":"INFO [03-25|02:14:02.081] Chain reorg detected                     number=2404713 hash=feb576…3c2646 drop=2 dropfrom=323ab6…10a01e add=3 addfrom=812141…4b3c51\n","stream":"stderr","time":"2020-03-25T02:14:02.082154625Z"}
{"log":"INFO [03-25|02:14:02.082] Imported new chain segment               blocks=1     txs=2     mgas=0.077   elapsed=3.718ms   mgasps=20.637   number=2404716 hash=812141…4b3c51 dirty=684.89MiB\n","stream":"stderr","time":"2020-03-25T02:14:02.082645359Z"}
{"log":"INFO [03-25|02:14:06.450] Deep froze chain segment                 blocks=4     elapsed=36.114ms  number=2314715 hash=dedfe3…c1e00d\n","stream":"stderr","time":"2020-03-25T02:14:06.451144394Z"}
{"log":"INFO [03-25|02:14:17.301] Imported new chain segment               blocks=1     txs=0     mgas=0.000   elapsed=1.137ms   mgasps=0.000    number=2404717 hash=2103b7…4d8334 dirty=684.85MiB\n","stream":"stderr","time":"2020-03-25T02:14:17.301783282Z"}
{"log":"INFO [03-25|02:14:32.213] Imported new chain segment               blocks=1     txs=3     mgas=0.588   elapsed=14.317ms  mgasps=41.044   number=2404718 hash=1d61e0…4dcf25 dirty=684.87MiB\n","stream":"stderr","time":"2020-03-25T02:14:32.21360958Z"}
{"log":"INFO [03-25|02:14:32.921] Imported new chain segment               blocks=1     txs=3     mgas=0.588   elapsed=24.186ms  mgasps=24.296   number=2404718 hash=094d46…8768fc dirty=684.88MiB\n","stream":"stderr","time":"2020-03-25T02:14:32.921859638Z"}
{"log":"INFO [03-25|02:14:37.128] Imported new chain segment               blocks=1     txs=3     mgas=0.588   elapsed=19.172ms  mgasps=30.651   number=2404718 hash=d85fdb…3492a6 dirty=684.88MiB\n","stream":"stderr","time":"2020-03-25T02:14:37.129117106Z"}
{"log":"INFO [03-25|02:14:48.023] Imported new chain segment               blocks=1     txs=5     mgas=0.369   elapsed=5.883ms   mgasps=62.783   number=2404719 hash=249c23…fe2eb2 dirty=684.88MiB\n","stream":"stderr","time":"2020-03-25T02:14:48.02426074Z"}
{"log":"INFO [03-25|02:14:48.297] Imported new chain segment               blocks=1     txs=5     mgas=0.369   elapsed=5.105ms   mgasps=72.353   number=2404719 hash=ff1c9a…c5c990 dirty=684.89MiB\n","stream":"stderr","time":"2020-03-25T02:14:48.297815175Z"}
{"log":"INFO [03-25|02:15:03.240] Imported new chain segment               blocks=1     txs=0     mgas=0.000   elapsed=617.961µs mgasps=0.000    number=2404720 hash=ced99d…0d6459 dirty=684.88MiB\n","stream":"stderr","time":"2020-03-25T02:15:03.24065134Z"}
{"log":"INFO [03-25|02:15:03.698] Imported new chain segment               blocks=1     txs=1     mgas=0.021   elapsed=1.328ms   mgasps=15.815   number=2404720 hash=71d087…5365c9 dirty=684.89MiB\n","stream":"stderr","time":"2020-03-25T02:15:03.698775662Z"}
{"log":"INFO [03-25|02:15:06.476] Deep froze chain segment                 blocks=4     elapsed=25.314ms  number=2314719 hash=27885f…c6302e\n","stream":"stderr","time":"2020-03-25T02:15:06.477051874Z"}
{"log":"INFO [03-25|02:15:17.460] Imported new chain segment               blocks=1     txs=3     mgas=0.587   elapsed=16.195ms  mgasps=36.271   number=2404721 hash=e7114d…415bb8 dirty=684.91MiB\n","stream":"stderr","time":"2020-03-25T02:15:17.46035648Z"}
{"log":"INFO [03-25|02:15:19.546] Imported new chain segment               blocks=1     txs=4     mgas=4.447   elapsed=38.067ms  mgasps=116.806  number=2404721 hash=a5a45c…fadfb6 dirty=685.34MiB\n","stream":"stderr","time":"2020-03-25T02:15:19.546207066Z"}
{"log":"INFO [03-25|02:15:19.581] Imported new chain segment               blocks=1     txs=3     mgas=0.587   elapsed=12.223ms  mgasps=48.055   number=2404721 hash=cc6743…b500b8 dirty=685.35MiB\n","stream":"stderr","time":"2020-03-25T02:15:19.581433025Z"}
{"log":"INFO [03-25|02:15:32.524] Chain reorg detected                     number=2404720 hash=ced99d…0d6459 drop=1 dropfrom=e7114d…415bb8 add=2 addfrom=6a2a39…6e8974\n","stream":"stderr","time":"2020-03-25T02:15:32.525025978Z"}
{"log":"INFO [03-25|02:15:32.525] Imported new chain segment               blocks=1     txs=5     mgas=1.737   elapsed=22.655ms  mgasps=76.688   number=2404722 hash=6a2a39…6e8974 dirty=685.41MiB\n","stream":"stderr","time":"2020-03-25T02:15:32.525646551Z"}
{"log":"INFO [03-25|02:15:33.037] Imported new chain segment               blocks=1     txs=1     mgas=3.859   elapsed=19.233ms  mgasps=200.645  number=2404722 hash=4637d3…7d0843 dirty=685.41MiB\n","stream":"stderr","time":"2020-03-25T02:15:33.038222017Z"}
{"log":"INFO [03-25|02:15:47.557] Imported new chain segment               blocks=1     txs=3     mgas=0.550   elapsed=22.250ms  mgasps=24.724   number=2404723 hash=3659ae…3f3795 dirty=685.43MiB\n","stream":"stderr","time":"2020-03-25T02:15:47.557645753Z"}
{"log":"INFO [03-25|02:16:02.130] Imported new chain segment               blocks=1     txs=0     mgas=0.000   elapsed=685.571µs mgasps=0.000    number=2404724 hash=4ebf78…2d34a8 dirty=685.42MiB\n","stream":"stderr","time":"2020-03-25T02:16:02.130680653Z"}
{"log":"INFO [03-25|02:16:06.513] Deep froze chain segment                 blocks=4     elapsed=36.090ms  number=2314723 hash=d8f7f9…aa50f7\n","stream":"stderr","time":"2020-03-25T02:16:06.513388552Z"}
{"log":"INFO [03-25|02:16:17.188] Imported new chain segment               blocks=1     txs=1     mgas=3.859   elapsed=27.646ms  mgasps=139.585  number=2404725 hash=e0c2b8…687e3a dirty=685.38MiB\n","stream":"stderr","time":"2020-03-25T02:16:17.189131112Z"}
{"log":"INFO [03-25|02:16:32.376] Imported new chain segment               blocks=1     txs=2     mgas=0.454   elapsed=18.392ms  mgasps=24.697   number=2404726 hash=97531a…6c57dc dirty=685.37MiB\n","stream":"stderr","time":"2020-03-25T02:16:32.377024379Z"}
{"log":"INFO [03-25|02:16:34.809] Chain reorg detected                     number=2404725 hash=e0c2b8…687e3a drop=1 dropfrom=97531a…6c57dc add=1 addfrom=b73cf0…4743fb\n","stream":"stderr","time":"2020-03-25T02:16:34.809671156Z"}
{"log":"INFO [03-25|02:16:34.809] Imported new chain segment               blocks=1     txs=3     mgas=0.539   elapsed=19.863ms  mgasps=27.150   number=2404726 hash=b73cf0…4743fb dirty=685.39MiB\n","stream":"stderr","time":"2020-03-25T02:16:34.809983795Z"}
{"log":"INFO [03-25|02:16:39.394] Chain reorg detected                     number=2404725 hash=e0c2b8…687e3a drop=1 dropfrom=b73cf0…4743fb add=1 addfrom=f8d553…ca89bd\n","stream":"stderr","time":"2020-03-25T02:16:39.394775204Z"}
{"log":"INFO [03-25|02:16:39.394] Imported new chain segment               blocks=1     txs=3     mgas=0.539   elapsed=15.427ms  mgasps=34.958   number=2404726 hash=f8d553…ca89bd dirty=685.39MiB\n","stream":"stderr","time":"2020-03-25T02:16:39.395605065Z"}
{"log":"INFO [03-25|02:16:47.552] Chain reorg detected                     number=2404725 hash=e0c2b8…687e3a drop=1 dropfrom=f8d553…ca89bd add=2 addfrom=601feb…fd2b13\n","stream":"stderr","time":"2020-03-25T02:16:47.552498076Z"}
{"log":"INFO [03-25|02:16:47.552] Imported new chain segment               blocks=1     txs=1     mgas=0.085   elapsed=3.127ms   mgasps=27.202   number=2404727 hash=601feb…fd2b13 dirty=685.38MiB\n","stream":"stderr","time":"2020-03-25T02:16:47.553381732Z"}
{"log":"INFO [03-25|02:16:48.662] Chain reorg detected                     number=2404726 hash=97531a…6c57dc drop=1 dropfrom=601feb…fd2b13 add=1 addfrom=16f4a8…afa844\n","stream":"stderr","time":"2020-03-25T02:16:48.662892307Z"}
{"log":"INFO [03-25|02:16:48.663] Imported new chain segment               blocks=1     txs=1     mgas=0.085   elapsed=2.846ms   mgasps=29.884   number=2404727 hash=16f4a8…afa844 dirty=685.38MiB\n","stream":"stderr","time":"2020-03-25T02:16:48.663243015Z"}
{"log":"INFO [03-25|02:16:49.768] Imported new chain segment               blocks=1     txs=1     mgas=0.085   elapsed=1.551ms   mgasps=54.820   number=2404727 hash=5e1bb6…27c19a dirty=685.38MiB\n","stream":"stderr","time":"2020-03-25T02:16:49.768789561Z"}
{"log":"INFO [03-25|02:17:03.975] Chain reorg detected                     number=2404726 hash=97531a…6c57dc drop=1 dropfrom=16f4a8…afa844 add=2 addfrom=7ab457…38c343\n","stream":"stderr","time":"2020-03-25T02:17:03.976076163Z"}
{"log":"INFO [03-25|02:17:03.976] Imported new chain segment               blocks=1     txs=1     mgas=0.433   elapsed=11.529ms  mgasps=37.576   number=2404728 hash=7ab457…38c343 dirty=685.36MiB\n","stream":"stderr","time":"2020-03-25T02:17:03.977384175Z"}
{"log":"INFO [03-25|02:17:04.846] Imported new chain segment               blocks=1     txs=1     mgas=0.433   elapsed=15.592ms  mgasps=27.783   number=2404728 hash=7f91b0…faae4a dirty=685.37MiB\n","stream":"stderr","time":"2020-03-25T02:17:04.846785355Z"}
{"log":"INFO [03-25|02:17:05.615] Chain reorg detected                     number=2404726 hash=97531a…6c57dc drop=2 dropfrom=7ab457…38c343 add=2 addfrom=fe6c77…0a2c77\n","stream":"stderr","time":"2020-03-25T02:17:05.615967409Z"}
{"log":"INFO [03-25|02:17:05.616] Imported new chain segment               blocks=1     txs=0     mgas=0.000   elapsed=1.029ms   mgasps=0.000    number=2404728 hash=fe6c77…0a2c77 dirty=685.37MiB\n","stream":"stderr","time":"2020-03-25T02:17:05.616344002Z"}
{"log":"INFO [03-25|02:17:06.536] Deep froze chain segment                 blocks=4     elapsed=22.917ms  number=2314727 hash=158e42…a462c0\n","stream":"stderr","time":"2020-03-25T02:17:06.536852703Z"}
{"log":"INFO [03-25|02:17:17.298] Chain reorg detected                     number=2404726 hash=97531a…6c57dc drop=2 dropfrom=fe6c77…0a2c77 add=3 addfrom=53974b…c238e8\n","stream":"stderr","time":"2020-03-25T02:17:17.298845557Z"}
{"log":"INFO [03-25|02:17:17.299] Imported new chain segment               blocks=1     txs=1     mgas=0.056   elapsed=8.560ms   mgasps=6.509    number=2404729 hash=53974b…c238e8 dirty=685.00MiB\n","stream":"stderr","time":"2020-03-25T02:17:17.299396048Z"}
{"log":"INFO [03-25|02:17:32.329] Imported new chain segment               blocks=1     txs=2     mgas=0.117   elapsed=4.489ms   mgasps=26.044   number=2404730 hash=9c3248…d21e7e dirty=684.94MiB\n","stream":"stderr","time":"2020-03-25T02:17:32.329309245Z"}
{"log":"INFO [03-25|02:17:47.295] Imported new chain segment               blocks=1     txs=1     mgas=0.433   elapsed=16.197ms  mgasps=26.747   number=2404731 hash=96cf30…8ff03e dirty=684.91MiB\n","stream":"stderr","time":"2020-03-25T02:17:47.295826619Z"}
{"log":"INFO [03-25|02:17:47.341] Imported new chain segment               blocks=1     txs=1     mgas=0.433   elapsed=12.771ms  mgasps=33.923   number=2404731 hash=fccb89…c7191f dirty=684.91MiB\n","stream":"stderr","time":"2020-03-25T02:17:47.342170072Z"}
{"log":"INFO [03-25|02:17:52.410] Chain reorg detected                     number=2404730 hash=9c3248…d21e7e drop=1 dropfrom=96cf30…8ff03e add=1 addfrom=1d021a…40c4dd\n","stream":"stderr","time":"2020-03-25T02:17:52.410647375Z"}
{"log":"INFO [03-25|02:17:52.410] Imported new chain segment               blocks=1     txs=1     mgas=0.433   elapsed=17.283ms  mgasps=25.067   number=2404731 hash=1d021a…40c4dd dirty=684.91MiB\n","stream":"stderr","time":"2020-03-25T02:17:52.410928593Z"}
{"log":"INFO [03-25|02:18:02.578] Imported new chain segment               blocks=1     txs=1     mgas=0.493   elapsed=6.308ms   mgasps=78.181   number=2404732 hash=28749e…dd961b dirty=684.96MiB\n","stream":"stderr","time":"2020-03-25T02:18:02.578185375Z"}
{"log":"INFO [03-25|02:18:06.569] Deep froze chain segment                 blocks=4     elapsed=32.770ms  number=2314731 hash=aa27df…aa92d2\n","stream":"stderr","time":"2020-03-25T02:18:06.570046513Z"}
{"log":"INFO [03-25|02:18:17.468] Imported new chain segment               blocks=1     txs=6     mgas=1.610   elapsed=21.097ms  mgasps=76.300   number=2404733 hash=659fc1…dd5c29 dirty=685.07MiB\n","stream":"stderr","time":"2020-03-25T02:18:17.468862083Z"}
{"log":"INFO [03-25|02:18:17.562] Imported new chain segment               blocks=1     txs=6     mgas=1.610   elapsed=15.163ms  mgasps=106.157  number=2404733 hash=a82622…86e5f3 dirty=685.07MiB\n","stream":"stderr","time":"2020-03-25T02:18:17.562461365Z"}
{"log":"INFO [03-25|02:18:19.707] Chain reorg detected                     number=2404732 hash=28749e…dd961b drop=1 dropfrom=659fc1…dd5c29 add=1 addfrom=8a692e…eab377\n","stream":"stderr","time":"2020-03-25T02:18:19.707756202Z"}
{"log":"INFO [03-25|02:18:19.745] Imported new chain segment               blocks=1     txs=6     mgas=1.610   elapsed=62.035ms  mgasps=25.949   number=2404733 hash=8a692e…eab377 dirty=685.08MiB\n","stream":"stderr","time":"2020-03-25T02:18:19.745449906Z"}
{"log":"INFO [03-25|02:18:32.113] Imported new chain segment               blocks=1     txs=0     mgas=0.000   elapsed=982.429µs mgasps=0.000    number=2404734 hash=5a2e53…b01393 dirty=685.05MiB\n","stream":"stderr","time":"2020-03-25T02:18:32.114061482Z"}
{"log":"INFO [03-25|02:18:34.322] Imported new chain segment               blocks=1     txs=0     mgas=0.000   elapsed=316.645µs mgasps=0.000    number=2404734 hash=156323…191796 dirty=685.05MiB\n","stream":"stderr","time":"2020-03-25T02:18:34.322697753Z"}
{"log":"INFO [03-25|02:18:47.062] Imported new chain segment               blocks=1     txs=1     mgas=0.021   elapsed=1.952ms   mgasps=10.756   number=2404735 hash=a848b9…fe72d7 dirty=685.03MiB\n","stream":"stderr","time":"2020-03-25T02:18:47.06301962Z"}
{"log":"INFO [03-25|02:19:02.055] Imported new chain segment               blocks=1     txs=4     mgas=0.084   elapsed=2.945ms   mgasps=28.520   number=2404736 hash=24489a…bd92a8 dirty=685.04MiB\n","stream":"stderr","time":"2020-03-25T02:19:02.05601801Z"}
{"log":"INFO [03-25|02:19:06.595] Deep froze chain segment                 blocks=4     elapsed=25.062ms  number=2314735 hash=2963fa…612b47\n","stream":"stderr","time":"2020-03-25T02:19:06.595636974Z"}
{"log":"INFO [03-25|02:19:17.056] Imported new chain segment               blocks=1     txs=0     mgas=0.000   elapsed=783.29µs  mgasps=0.000    number=2404737 hash=6692f9…32fd94 dirty=685.02MiB\n","stream":"stderr","time":"2020-03-25T02:19:17.05669637Z"}
{"log":"INFO [03-25|02:19:32.113] Imported new chain segment               blocks=1     txs=2     mgas=0.508   elapsed=22.859ms  mgasps=22.206   number=2404738 hash=5dae8c…0504a3 dirty=685.01MiB\n","stream":"stderr","time":"2020-03-25T02:19:32.113805915Z"}
{"log":"INFO [03-25|02:19:37.545] Imported new chain segment               blocks=1     txs=10    mgas=1.121   elapsed=22.338ms  mgasps=50.172   number=2404738 hash=6621a3…d2a9ea dirty=685.05MiB\n","stream":"stderr","time":"2020-03-25T02:19:37.545515771Z"}
{"log":"INFO [03-25|02:19:47.319] Imported new chain segment               blocks=1     txs=8     mgas=0.613   elapsed=5.485ms   mgasps=111.771  number=2404739 hash=320c66…8b8b8f dirty=685.01MiB\n","stream":"stderr","time":"2020-03-25T02:19:47.319424025Z"}
{"log":"INFO [03-25|02:19:48.172] Chain reorg detected                     number=2404738 hash=5dae8c…0504a3 drop=1 dropfrom=320c66…8b8b8f add=1 addfrom=2aaead…e578a7\n","stream":"stderr","time":"2020-03-25T02:19:48.173119735Z"}
{"log":"INFO [03-25|02:19:48.173] Imported new chain segment               blocks=1     txs=8     mgas=0.613   elapsed=6.171ms   mgasps=99.358   number=2404739 hash=2aaead…e578a7 dirty=685.01MiB\n","stream":"stderr","time":"2020-03-25T02:19:48.173629886Z"}
{"log":"INFO [03-25|02:20:02.101] Imported new chain segment               blocks=1     txs=0     mgas=0.000   elapsed=2.810ms   mgasps=0.000    number=2404740 hash=973b74…1963dc dirty=684.87MiB\n","stream":"stderr","time":"2020-03-25T02:20:02.101918061Z"}
{"log":"INFO [03-25|02:20:05.597] Imported new chain segment               blocks=1     txs=0     mgas=0.000   elapsed=266.479µs mgasps=0.000    number=2404740 hash=a75223…4c1f2b dirty=684.87MiB\n","stream":"stderr","time":"2020-03-25T02:20:05.598162021Z"}
{"log":"INFO [03-25|02:20:06.632] Deep froze chain segment                 blocks=4     elapsed=36.918ms  number=2314739 hash=7cf242…46c50b\n","stream":"stderr","time":"2020-03-25T02:20:06.632783998Z"}
{"log":"INFO [03-25|02:20:17.903] Imported new chain segment               blocks=1     txs=4     mgas=0.329   elapsed=4.601ms   mgasps=71.419   number=2404741 hash=adec33…ed1d8a dirty=684.89MiB\n","stream":"stderr","time":"2020-03-25T02:20:17.903232818Z"}
{"log":"INFO [03-25|02:20:18.172] Imported new chain segment               blocks=1     txs=4     mgas=0.329   elapsed=3.759ms   mgasps=87.415   number=2404741 hash=7f7047…3ec0f7 dirty=684.89MiB\n","stream":"stderr","time":"2020-03-25T02:20:18.172654756Z"}
{"log":"INFO [03-25|02:20:18.229] Chain reorg detected                     number=2404740 hash=973b74…1963dc drop=1 dropfrom=adec33…ed1d8a add=1 addfrom=6c4d31…30ad37\n","stream":"stderr","time":"2020-03-25T02:20:18.229231028Z"}
{"log":"INFO [03-25|02:20:18.229] Imported new chain segment               blocks=1     txs=5     mgas=0.762   elapsed=12.202ms  mgasps=62.435   number=2404741 hash=6c4d31…30ad37 dirty=684.91MiB\n","stream":"stderr","time":"2020-03-25T02:20:18.229383934Z"}
{"log":"INFO [03-25|02:20:21.967] Chain reorg detected                     number=2404740 hash=973b74…1963dc drop=1 dropfrom=6c4d31…30ad37 add=1 addfrom=9787ec…9b508e\n","stream":"stderr","time":"2020-03-25T02:20:21.967568707Z"}
{"log":"INFO [03-25|02:20:21.967] Imported new chain segment               blocks=1     txs=5     mgas=0.762   elapsed=19.986ms  mgasps=38.120   number=2404741 hash=9787ec…9b508e dirty=684.92MiB\n","stream":"stderr","time":"2020-03-25T02:20:21.967881485Z"}
{"log":"INFO [03-25|02:20:32.206] Imported new chain segment               blocks=1     txs=1     mgas=0.056   elapsed=2.153ms   mgasps=25.871   number=2404742 hash=53cdf0…8de664 dirty=684.89MiB\n","stream":"stderr","time":"2020-03-25T02:20:32.206225995Z"}
{"log":"INFO [03-25|02:20:33.127] Imported new chain segment               blocks=1     txs=2     mgas=0.489   elapsed=16.886ms  mgasps=28.954   number=2404742 hash=97c418…89aabc dirty=684.90MiB\n","stream":"stderr","time":"2020-03-25T02:20:33.127306124Z"}
{"log":"INFO [03-25|02:20:33.167] Imported new chain segment               blocks=1     txs=4     mgas=3.081   elapsed=39.924ms  mgasps=77.167   number=2404742 hash=a2b366…dcb2dd dirty=685.12MiB\n","stream":"stderr","time":"2020-03-25T02:20:33.167361374Z"}
{"log":"INFO [03-25|02:20:33.661] Imported new chain segment               blocks=1     txs=4     mgas=3.523   elapsed=19.927ms  mgasps=176.778  number=2404742 hash=01f69f…9b9665 dirty=685.21MiB\n","stream":"stderr","time":"2020-03-25T02:20:33.662189312Z"}
{"log":"INFO [03-25|02:20:47.295] Imported new chain segment               blocks=1     txs=5     mgas=3.021   elapsed=25.944ms  mgasps=116.444  number=2404743 hash=f154ce…a53dfc dirty=685.24MiB\n","stream":"stderr","time":"2020-03-25T02:20:47.295990599Z"}
{"log":"INFO [03-25|02:21:02.151] Imported new chain segment               blocks=1     txs=2     mgas=1.186   elapsed=16.032ms  mgasps=73.951   number=2404744 hash=f69727…3f787a dirty=685.24MiB\n","stream":"stderr","time":"2020-03-25T02:21:02.152133868Z"}
{"log":"INFO [03-25|02:21:02.922] Imported new chain segment               blocks=1     txs=2     mgas=1.186   elapsed=10.807ms  mgasps=109.701  number=2404744 hash=40c4d6…e4a27b dirty=685.25MiB\n","stream":"stderr","time":"2020-03-25T02:21:02.923251192Z"}
{"log":"INFO [03-25|02:21:03.120] Imported new chain segment               blocks=1     txs=4     mgas=3.523   elapsed=18.228ms  mgasps=193.252  number=2404743 hash=f8723f…16f154 dirty=685.25MiB\n","stream":"stderr","time":"2020-03-25T02:21:03.120863924Z"}
{"log":"INFO [03-25|02:21:06.661] Deep froze chain segment                 blocks=4     elapsed=28.875ms  number=2314743 hash=b4f40d…d76480\n","stream":"stderr","time":"2020-03-25T02:21:06.661978329Z"}
{"log":"INFO [03-25|02:21:17.094] Imported new chain segment               blocks=1     txs=1     mgas=0.433   elapsed=17.569ms  mgasps=24.658   number=2404745 hash=670f38…c07c38 dirty=685.23MiB\n","stream":"stderr","time":"2020-03-25T02:21:17.0948188Z"}
{"log":"INFO [03-25|02:21:19.650] Imported new chain segment               blocks=1     txs=0     mgas=0.000   elapsed=392.539µs mgasps=0.000    number=2404745 hash=154549…066d51 dirty=685.23MiB\n","stream":"stderr","time":"2020-03-25T02:21:19.6507958Z"}
{"log":"INFO [03-25|02:21:32.061] Imported new chain segment               blocks=1     txs=0     mgas=0.000   elapsed=694.451µs mgasps=0.000    number=2404746 hash=f752be…5fc7b4 dirty=685.22MiB\n","stream":"stderr","time":"2020-03-25T02:21:32.061835565Z"}
{"log":"INFO [03-25|02:21:35.075] Chain reorg detected                     number=2404745 hash=670f38…c07c38 drop=1 dropfrom=f752be…5fc7b4 add=1 addfrom=aa29f1…59c321\n","stream":"stderr","time":"2020-03-25T02:21:35.075887261Z"}
{"log":"INFO [03-25|02:21:35.075] Imported new chain segment               blocks=1     txs=0     mgas=0.000   elapsed=619.059µs mgasps=0.000    number=2404746 hash=aa29f1…59c321 dirty=685.22MiB\n","stream":"stderr","time":"2020-03-25T02:21:35.07606556Z"}
{"log":"INFO [03-25|02:21:48.490] Chain reorg detected                     number=2404745 hash=670f38…c07c38 drop=1 dropfrom=aa29f1…59c321 add=2 addfrom=d9b19e…5516bf\n","stream":"stderr","time":"2020-03-25T02:21:48.490821483Z"}
{"log":"INFO [03-25|02:21:48.490] Imported new chain segment               blocks=1     txs=0     mgas=0.000   elapsed=973.166µs mgasps=0.000    number=2404747 hash=d9b19e…5516bf dirty=685.21MiB\n","stream":"stderr","time":"2020-03-25T02:21:48.491153869Z"}
{"log":"INFO [03-25|02:21:48.593] Chain reorg detected                     number=2404746 hash=f752be…5fc7b4 drop=1 dropfrom=d9b19e…5516bf add=1 addfrom=ccb76a…b77a97\n","stream":"stderr","time":"2020-03-25T02:21:48.593479929Z"}
{"log":"INFO [03-25|02:21:48.593] Imported new chain segment               blocks=1     txs=1     mgas=0.433   elapsed=12.147ms  mgasps=35.660   number=2404747 hash=ccb76a…b77a97 dirty=685.23MiB\n","stream":"stderr","time":"2020-03-25T02:21:48.593701563Z"}
{"log":"INFO [03-25|02:21:50.815] Imported new chain segment               blocks=1     txs=0     mgas=0.000   elapsed=353.885µs mgasps=0.000    number=2404747 hash=9ffa40…989d44 dirty=685.23MiB\n","stream":"stderr","time":"2020-03-25T02:21:50.815530573Z"}
{"log":"INFO [03-25|02:22:02.110] Chain reorg detected                     number=2404746 hash=f752be…5fc7b4 drop=1 dropfrom=ccb76a…b77a97 add=2 addfrom=52c093…05c048\n","stream":"stderr","time":"2020-03-25T02:22:02.110793703Z"}
{"log":"INFO [03-25|02:22:02.110] Imported new chain segment               blocks=1     txs=2     mgas=0.454   elapsed=18.299ms  mgasps=24.820   number=2404748 hash=52c093…05c048 dirty=685.19MiB\n","stream":"stderr","time":"2020-03-25T02:22:02.11111006Z"}
{"log":"INFO [03-25|02:22:03.548] Imported new chain segment               blocks=1     txs=4     mgas=0.565   elapsed=16.760ms  mgasps=33.733   number=2404748 hash=00a7f7…aa9f59 dirty=685.21MiB\n","stream":"stderr","time":"2020-03-25T02:22:03.548554886Z"}
{"log":"INFO [03-25|02:22:06.700] Deep froze chain segment                 blocks=4     elapsed=38.671ms  number=2314747 hash=f120e5…c0abe8\n","stream":"stderr","time":"2020-03-25T02:22:06.701034576Z"}
{"log":"INFO [03-25|02:22:07.627] Imported new chain segment               blocks=1     txs=5     mgas=0.586   elapsed=14.217ms  mgasps=41.243   number=2404748 hash=497530…2519dd dirty=685.21MiB\n","stream":"stderr","time":"2020-03-25T02:22:07.628033277Z"}
{"log":"INFO [03-25|02:22:17.947] Imported new chain segment               blocks=1     txs=3     mgas=0.132   elapsed=2.595ms   mgasps=50.925   number=2404749 hash=83e3b4…01272e dirty=685.20MiB\n","stream":"stderr","time":"2020-03-25T02:22:17.947388664Z"}
{"log":"INFO [03-25|02:22:32.901] Imported new chain segment               blocks=1     txs=2     mgas=0.454   elapsed=27.893ms  mgasps=16.284   number=2404750 hash=4408d9…a47dde dirty=684.92MiB\n","stream":"stderr","time":"2020-03-25T02:22:32.901866453Z"}
{"log":"INFO [03-25|02:22:38.891] Imported new chain segment               blocks=1     txs=2     mgas=0.454   elapsed=14.312ms  mgasps=31.737   number=2404750 hash=a78164…7b945e dirty=684.92MiB\n","stream":"stderr","time":"2020-03-25T02:22:38.892002883Z"}
{"log":"INFO [03-25|02:22:47.107] Imported new chain segment               blocks=1     txs=0     mgas=0.000   elapsed=1.053ms   mgasps=0.000    number=2404751 hash=ddd929…4e3a16 dirty=684.87MiB\n","stream":"stderr","time":"2020-03-25T02:22:47.10753258Z"}
{"log":"INFO [03-25|02:23:02.326] Imported new chain segment               blocks=1     txs=0     mgas=0.000   elapsed=1.504ms   mgasps=0.000    number=2404752 hash=af5376…030ece dirty=684.81MiB\n","stream":"stderr","time":"2020-03-25T02:23:02.326541763Z"}
{"log":"INFO [03-25|02:23:04.135] Imported new chain segment               blocks=1     txs=1     mgas=0.021   elapsed=1.368ms   mgasps=15.350   number=2404752 hash=dfa074…6bfc61 dirty=684.82MiB\n","stream":"stderr","time":"2020-03-25T02:23:04.135731317Z"}
{"log":"INFO [03-25|02:23:06.726] Deep froze chain segment                 blocks=4     elapsed=25.236ms  number=2314751 hash=c4ad6a…1f57fb\n","stream":"stderr","time":"2020-03-25T02:23:06.726441126Z"}
{"log":"INFO [03-25|02:23:17.256] Imported new chain segment               blocks=1     txs=1     mgas=0.021   elapsed=1.722ms   mgasps=12.191   number=2404753 hash=58cd3d…3f54f5 dirty=684.81MiB\n","stream":"stderr","time":"2020-03-25T02:23:17.256668894Z"}
{"log":"INFO [03-25|02:23:18.217] Chain reorg detected                     number=2404752 hash=af5376…030ece drop=1 dropfrom=58cd3d…3f54f5 add=1 addfrom=c140af…48332b\n","stream":"stderr","time":"2020-03-25T02:23:18.21940547Z"}
{"log":"INFO [03-25|02:23:18.217] Imported new chain segment               blocks=1     txs=1     mgas=0.021   elapsed=2.351ms   mgasps=8.932    number=2404753 hash=c140af…48332b dirty=684.81MiB\n","stream":"stderr","time":"2020-03-25T02:23:18.219439471Z"}
{"log":"INFO [03-25|02:23:19.994] Imported new chain segment               blocks=1     txs=1     mgas=0.021   elapsed=1.199ms   mgasps=17.518   number=2404753 hash=3beb9d…5a180f dirty=684.81MiB\n","stream":"stderr","time":"2020-03-25T02:23:19.99462882Z"}
{"log":"INFO [03-25|02:23:32.618] Chain reorg detected                     number=2404752 hash=af5376…030ece drop=1 dropfrom=c140af…48332b add=2 addfrom=8dbdf0…d1f40a\n","stream":"stderr","time":"2020-03-25T02:23:32.618562846Z"}
{"log":"INFO [03-25|02:23:32.618] Imported new chain segment               blocks=1     txs=1     mgas=0.312   elapsed=5.703ms   mgasps=54.655   number=2404754 hash=8dbdf0…d1f40a dirty=684.78MiB\n","stream":"stderr","time":"2020-03-25T02:23:32.618960235Z"}
{"log":"INFO [03-25|02:23:33.255] Imported new chain segment               blocks=1     txs=1     mgas=0.312   elapsed=4.067ms   mgasps=76.634   number=2404754 hash=dd2b0a…4eb497 dirty=684.79MiB\n","stream":"stderr","time":"2020-03-25T02:23:33.255393221Z"}
{"log":"INFO [03-25|02:23:34.686] Imported new chain segment               blocks=1     txs=0     mgas=0.000   elapsed=409.196µs mgasps=0.000    number=2404754 hash=a67f06…09d783 dirty=684.79MiB\n","stream":"stderr","time":"2020-03-25T02:23:34.686716395Z"}
{"log":"INFO [03-25|02:23:47.308] Imported new chain segment               blocks=1     txs=1     mgas=0.056   elapsed=3.458ms   mgasps=16.116   number=2404755 hash=ce0810…07fdcc dirty=684.76MiB\n","stream":"stderr","time":"2020-03-25T02:23:47.308343907Z"}
{"log":"INFO [03-25|02:23:47.383] Chain reorg detected                     number=2404754 hash=8dbdf0…d1f40a drop=1 dropfrom=ce0810…07fdcc add=1 addfrom=18959c…0a62ce\n","stream":"stderr","time":"2020-03-25T02:23:47.384012077Z"}
{"log":"INFO [03-25|02:23:47.384] Imported new chain segment               blocks=1     txs=1     mgas=0.056   elapsed=2.418ms   mgasps=23.046   number=2404755 hash=18959c…0a62ce dirty=684.76MiB\n","stream":"stderr","time":"2020-03-25T02:23:47.384341692Z"}
{"log":"INFO [03-25|02:23:48.391] Imported new chain segment               blocks=1     txs=1     mgas=0.056   elapsed=1.803ms   mgasps=30.908   number=2404755 hash=962feb…422bf6 dirty=684.76MiB\n","stream":"stderr","time":"2020-03-25T02:23:48.391500735Z"}
{"log":"INFO [03-25|02:24:02.234] Imported new chain segment               blocks=1     txs=1     mgas=0.021   elapsed=2.137ms   mgasps=9.824    number=2404756 hash=911f22…111030 dirty=684.74MiB\n","stream":"stderr","time":"2020-03-25T02:24:02.239818126Z"}
{"log":"INFO [03-25|02:24:04.163] Chain reorg detected                     number=2404754 hash=8dbdf0…d1f40a drop=2 dropfrom=911f22…111030 add=2 addfrom=8bbae5…e84024\n","stream":"stderr","time":"2020-03-25T02:24:04.164198682Z"}
{"log":"INFO [03-25|02:24:04.164] Imported new chain segment               blocks=1     txs=3     mgas=0.255   elapsed=4.741ms   mgasps=53.827   number=2404756 hash=8bbae5…e84024 dirty=684.77MiB\n","stream":"stderr","time":"2020-03-25T02:24:04.164485109Z"}
{"log":"INFO [03-25|02:24:06.773] Deep froze chain segment                 blocks=4     elapsed=46.605ms  number=2314755 hash=11b82f…a4886a\n","stream":"stderr","time":"2020-03-25T02:24:06.77358106Z"}
{"log":"INFO [03-25|02:24:17.095] Imported new chain segment               blocks=1     txs=2     mgas=0.117   elapsed=3.072ms   mgasps=38.047   number=2404757 hash=f7e921…dd6cf6 dirty=684.78MiB\n","stream":"stderr","time":"2020-03-25T02:24:17.095826359Z"}
{"log":"INFO [03-25|02:24:19.504] Imported new chain segment               blocks=1     txs=4     mgas=0.351   elapsed=4.963ms   mgasps=70.752   number=2404757 hash=011474…3fa55d dirty=684.79MiB\n","stream":"stderr","time":"2020-03-25T02:24:19.504522233Z"}
{"log":"INFO [03-25|02:24:32.658] Imported new chain segment               blocks=1     txs=3     mgas=0.641   elapsed=19.175ms  mgasps=33.431   number=2404758 hash=7bb1c3…39bb24 dirty=684.81MiB\n","stream":"stderr","time":"2020-03-25T02:24:32.659512116Z"}
{"log":"INFO [03-25|02:24:37.909] Imported new chain segment               blocks=1     txs=3     mgas=0.641   elapsed=24.011ms  mgasps=26.697   number=2404758 hash=84ab6e…dafa2e dirty=684.82MiB\n","stream":"stderr","time":"2020-03-25T02:24:37.909516594Z"}
{"log":"INFO [03-25|02:24:47.283] Imported new chain segment               blocks=1     txs=1     mgas=0.096   elapsed=2.481ms   mgasps=38.644   number=2404759 hash=7ea470…91e0ec dirty=684.83MiB\n","stream":"stderr","time":"2020-03-25T02:24:47.283901827Z"}
{"log":"INFO [03-25|02:24:49.189] Imported new chain segment               blocks=1     txs=1     mgas=0.096   elapsed=2.031ms   mgasps=47.216   number=2404759 hash=49badb…9046c5 dirty=684.83MiB\n","stream":"stderr","time":"2020-03-25T02:24:49.189469795Z"}
{"log":"INFO [03-25|02:25:02.123] Imported new chain segment               blocks=1     txs=0     mgas=0.000   elapsed=1.364ms   mgasps=0.000    number=2404760 hash=50dc1d…eda408 dirty=684.81MiB\n","stream":"stderr","time":"2020-03-25T02:25:02.12374187Z"}
{"log":"INFO [03-25|02:25:04.683] Imported new chain segment               blocks=1     txs=1     mgas=0.433   elapsed=17.710ms  mgasps=24.462   number=2404760 hash=c43450…eab6a0 dirty=684.83MiB\n","stream":"stderr","time":"2020-03-25T02:25:04.683943103Z"}
{"log":"INFO [03-25|02:25:06.800] Deep froze chain segment                 blocks=4     elapsed=26.427ms  number=2314759 hash=3fee6e…e9e056\n","stream":"stderr","time":"2020-03-25T02:25:06.800494201Z"}
{"log":"INFO [03-25|02:25:17.750] Imported new chain segment               blocks=1     txs=1     mgas=0.433   elapsed=27.620ms  mgasps=15.685   number=2404761 hash=7471e8…70e348 dirty=684.83MiB\n","stream":"stderr","time":"2020-03-25T02:25:17.750555733Z"}
{"log":"INFO [03-25|02:25:18.720] Imported new chain segment               blocks=1     txs=1     mgas=0.433   elapsed=12.131ms  mgasps=35.711   number=2404761 hash=1554e3…699f40 dirty=684.83MiB\n","stream":"stderr","time":"2020-03-25T02:25:18.720864187Z"}
{"log":"INFO [03-25|02:25:33.516] Imported new chain segment               blocks=1     txs=1     mgas=0.021   elapsed=3.386ms   mgasps=6.202    number=2404762 hash=5958a2…0e4b76 dirty=684.79MiB\n","stream":"stderr","time":"2020-03-25T02:25:33.516248761Z"}
{"log":"INFO [03-25|02:25:33.845] Chain reorg detected                     number=2404761 hash=7471e8…70e348 drop=1 dropfrom=5958a2…0e4b76 add=1 addfrom=81c40f…1d4377\n","stream":"stderr","time":"2020-03-25T02:25:33.84614827Z"}
{"log":"INFO [03-25|02:25:33.846] Imported new chain segment               blocks=1     txs=1     mgas=0.021   elapsed=1.352ms   mgasps=15.529   number=2404762 hash=81c40f…1d4377 dirty=684.79MiB\n","stream":"stderr","time":"2020-03-25T02:25:33.846304094Z"}
{"log":"INFO [03-25|02:25:47.390] Imported new chain segment               blocks=1     txs=6     mgas=2.171   elapsed=37.159ms  mgasps=58.414   number=2404763 hash=74a928…5de441 dirty=684.89MiB\n","stream":"stderr","time":"2020-03-25T02:25:47.390595183Z"}
{"log":"INFO [03-25|02:25:49.368] Imported new chain segment               blocks=1     txs=6     mgas=1.781   elapsed=28.607ms  mgasps=62.273   number=2404763 hash=1fa278…30f137 dirty=684.91MiB\n","stream":"stderr","time":"2020-03-25T02:25:49.369190491Z"}
{"log":"INFO [03-25|02:26:02.165] Chain reorg detected                     number=2404761 hash=7471e8…70e348 drop=2 dropfrom=74a928…5de441 add=3 addfrom=631d1c…2a5887\n","stream":"stderr","time":"2020-03-25T02:26:02.165711003Z"}
{"log":"INFO [03-25|02:26:02.166] Imported new chain segment               blocks=1     txs=1     mgas=0.433   elapsed=18.402ms  mgasps=23.543   number=2404764 hash=631d1c…2a5887 dirty=684.89MiB\n","stream":"stderr","time":"2020-03-25T02:26:02.166677875Z"}
{"log":"INFO [03-25|02:26:03.207] Imported new chain segment               blocks=1     txs=1     mgas=0.044   elapsed=1.478ms   mgasps=29.811   number=2404764 hash=24dff6…86b40d dirty=684.90MiB\n","stream":"stderr","time":"2020-03-25T02:26:03.207443754Z"}
{"log":"INFO [03-25|02:26:06.829] Deep froze chain segment                 blocks=4     elapsed=28.460ms  number=2314763 hash=d650a9…af8159\n","stream":"stderr","time":"2020-03-25T02:26:06.829369646Z"}
{"log":"INFO [03-25|02:26:17.211] Imported new chain segment               blocks=1     txs=1     mgas=0.433   elapsed=14.732ms  mgasps=29.406   number=2404765 hash=354830…b8b61b dirty=684.91MiB\n","stream":"stderr","time":"2020-03-25T02:26:17.212069898Z"}
{"log":"INFO [03-25|02:26:33.058] Imported new chain segment               blocks=1     txs=0     mgas=0.000   elapsed=1.077ms   mgasps=0.000    number=2404766 hash=397f11…d780a4 dirty=684.88MiB\n","stream":"stderr","time":"2020-03-25T02:26:33.058720657Z"}
{"log":"INFO [03-25|02:26:47.053] Imported new chain segment               blocks=1     txs=0     mgas=0.000   elapsed=595.214µs mgasps=0.000    number=2404767 hash=36366e…980fc0 dirty=684.87MiB\n","stream":"stderr","time":"2020-03-25T02:26:47.053767329Z"}
{"log":"INFO [03-25|02:27:02.177] Imported new chain segment               blocks=1     txs=2     mgas=0.489   elapsed=14.197ms  mgasps=34.437   number=2404768 hash=5a78e8…5cd484 dirty=684.89MiB\n","stream":"stderr","time":"2020-03-25T02:27:02.177385247Z"}
{"log":"INFO [03-25|02:27:03.472] Imported new chain segment               blocks=1     txs=1     mgas=0.056   elapsed=1.735ms   mgasps=32.113   number=2404768 hash=cef743…bc2f29 dirty=684.89MiB\n","stream":"stderr","time":"2020-03-25T02:27:03.472366762Z"}
{"log":"INFO [03-25|02:27:06.862] Deep froze chain segment                 blocks=4     elapsed=32.843ms  number=2314767 hash=4da375…1a50ae\n","stream":"stderr","time":"2020-03-25T02:27:06.862517214Z"}
{"log":"INFO [03-25|02:27:17.578] Imported new chain segment               blocks=1     txs=1     mgas=0.085   elapsed=2.611ms   mgasps=32.571   number=2404769 hash=5f62bb…3737ca dirty=684.89MiB\n","stream":"stderr","time":"2020-03-25T02:27:17.578998184Z"}
{"log":"INFO [03-25|02:27:18.068] Chain reorg detected                     number=2404768 hash=5a78e8…5cd484 drop=1 dropfrom=5f62bb…3737ca add=1 addfrom=fd7a1b…3eb623\n","stream":"stderr","time":"2020-03-25T02:27:18.069159762Z"}
{"log":"INFO [03-25|02:27:18.069] Imported new chain segment               blocks=1     txs=0     mgas=0.000   elapsed=991.439µs mgasps=0.000    number=2404769 hash=fd7a1b…3eb623 dirty=684.89MiB\n","stream":"stderr","time":"2020-03-25T02:27:18.069425627Z"}
{"log":"INFO [03-25|02:27:18.100] Imported new chain segment               blocks=1     txs=1     mgas=0.085   elapsed=2.285ms   mgasps=37.218   number=2404769 hash=50d055…df5643 dirty=684.89MiB\n","stream":"stderr","time":"2020-03-25T02:27:18.100533236Z"}
{"log":"INFO [03-25|02:27:32.079] Imported new chain segment               blocks=1     txs=0     mgas=0.000   elapsed=1.961ms   mgasps=0.000    number=2404770 hash=8a5be0…d52c01 dirty=684.80MiB\n","stream":"stderr","time":"2020-03-25T02:27:32.079294895Z"}
{"log":"INFO [03-25|02:27:32.609] Imported new chain segment               blocks=1     txs=1     mgas=0.085   elapsed=2.108ms   mgasps=40.345   number=2404770 hash=28ce8d…a4c40c dirty=684.80MiB\n","stream":"stderr","time":"2020-03-25T02:27:32.610014778Z"}
{"log":"INFO [03-25|02:27:36.252] Imported new chain segment               blocks=1     txs=0     mgas=0.000   elapsed=367.675µs mgasps=0.000    number=2404770 hash=3564d6…517632 dirty=684.80MiB\n","stream":"stderr","time":"2020-03-25T02:27:36.252788697Z"}
{"log":"INFO [03-25|02:27:47.402] Imported new chain segment               blocks=1     txs=2     mgas=0.518   elapsed=21.470ms  mgasps=24.141   number=2404771 hash=389e17…ac811e dirty=684.81MiB\n","stream":"stderr","time":"2020-03-25T02:27:47.403218866Z"}
{"log":"INFO [03-25|02:28:02.527] Imported new chain segment               blocks=1     txs=1     mgas=0.493   elapsed=11.354ms  mgasps=43.435   number=2404772 hash=91039e…7ff69a dirty=684.83MiB\n","stream":"stderr","time":"2020-03-25T02:28:02.527765831Z"}
{"log":"INFO [03-25|02:28:06.888] Deep froze chain segment                 blocks=4     elapsed=25.497ms  number=2314771 hash=cb9987…ac218d\n","stream":"stderr","time":"2020-03-25T02:28:06.888570762Z"}
{"log":"INFO [03-25|02:28:18.454] Imported new chain segment               blocks=1     txs=4     mgas=1.493   elapsed=20.148ms  mgasps=74.085   number=2404773 hash=335c7a…4c15b9 dirty=684.93MiB\n","stream":"stderr","time":"2020-03-25T02:28:18.45447691Z"}
{"log":"INFO [03-25|02:28:32.108] Imported new chain segment               blocks=1     txs=1     mgas=0.096   elapsed=2.976ms   mgasps=32.217   number=2404774 hash=3ad5d2…6b039e dirty=684.93MiB\n","stream":"stderr","time":"2020-03-25T02:28:32.111141603Z"}
{"log":"INFO [03-25|02:28:32.149] Chain reorg detected                     number=2404773 hash=335c7a…4c15b9 drop=1 dropfrom=3ad5d2…6b039e add=1 addfrom=a5c196…700465\n","stream":"stderr","time":"2020-03-25T02:28:32.149822153Z"}
{"log":"INFO [03-25|02:28:32.149] Imported new chain segment               blocks=1     txs=1     mgas=0.096   elapsed=4.002ms   mgasps=23.962   number=2404774 hash=a5c196…700465 dirty=684.93MiB\n","stream":"stderr","time":"2020-03-25T02:28:32.150098271Z"}
{"log":"INFO [03-25|02:28:48.753] Imported new chain segment               blocks=1     txs=0     mgas=0.000   elapsed=967.826µs mgasps=0.000    number=2404775 hash=a61668…53dd43 dirty=684.91MiB\n","stream":"stderr","time":"2020-03-25T02:28:48.754097511Z"}
{"log":"INFO [03-25|02:28:48.839] Imported new chain segment               blocks=1     txs=0     mgas=0.000   elapsed=224.123µs mgasps=0.000    number=2404775 hash=93696e…7886ba dirty=684.91MiB\n","stream":"stderr","time":"2020-03-25T02:28:48.839382573Z"}
{"log":"INFO [03-25|02:28:49.705] Chain reorg detected                     number=2404774 hash=a5c196…700465 drop=1 dropfrom=a61668…53dd43 add=1 addfrom=e86c68…26d59e\n","stream":"stderr","time":"2020-03-25T02:28:49.705832542Z"}
{"log":"INFO [03-25|02:28:49.705] Imported new chain segment               blocks=1     txs=0     mgas=0.000   elapsed=461.593µs mgasps=0.000    number=2404775 hash=e86c68…26d59e dirty=684.91MiB\n","stream":"stderr","time":"2020-03-25T02:28:49.70594281Z"}
{"log":"INFO [03-25|02:29:02.038] Imported new chain segment               blocks=1     txs=0     mgas=0.000   elapsed=646.146µs mgasps=0.000    number=2404776 hash=c9c72c…d02ec9 dirty=684.90MiB\n","stream":"stderr","time":"2020-03-25T02:29:02.039038575Z"}
{"log":"INFO [03-25|02:29:05.619] Imported new chain segment               blocks=1     txs=0     mgas=0.000   elapsed=811.82µs  mgasps=0.000    number=2404776 hash=c11f8c…181288 dirty=684.90MiB\n","stream":"stderr","time":"2020-03-25T02:29:05.619459157Z"}
{"log":"INFO [03-25|02:29:06.962] Deep froze chain segment                 blocks=4     elapsed=55.535ms  number=2314775 hash=c2e060…b2537d\n","stream":"stderr","time":"2020-03-25T02:29:06.964811865Z"}
{"log":"INFO [03-25|02:29:17.068] Imported new chain segment               blocks=1     txs=0     mgas=0.000   elapsed=1.341ms   mgasps=0.000    number=2404777 hash=5772fe…724435 dirty=684.88MiB\n","stream":"stderr","time":"2020-03-25T02:29:17.069265365Z"}
{"log":"INFO [03-25|02:29:32.088] Imported new chain segment               blocks=1     txs=1     mgas=0.487   elapsed=13.860ms  mgasps=35.110   number=2404778 hash=4cb5e8…bc3286 dirty=684.89MiB\n","stream":"stderr","time":"2020-03-25T02:29:32.088879681Z"}
{"log":"INFO [03-25|02:29:33.019] Imported new chain segment               blocks=1     txs=2     mgas=0.058   elapsed=2.387ms   mgasps=24.346   number=2404778 hash=832f91…e1bdc0 dirty=684.90MiB\n","stream":"stderr","time":"2020-03-25T02:29:33.019415249Z"}
{"log":"INFO [03-25|02:29:47.843] Imported new chain segment               blocks=1     txs=2     mgas=0.058   elapsed=2.491ms   mgasps=23.334   number=2404779 hash=51a164…736ca8 dirty=684.89MiB\n","stream":"stderr","time":"2020-03-25T02:29:47.843460947Z"}
{"log":"INFO [03-25|02:29:48.728] Imported new chain segment               blocks=1     txs=2     mgas=0.058   elapsed=2.083ms   mgasps=27.897   number=2404779 hash=c06d6f…5670d4 dirty=684.89MiB\n","stream":"stderr","time":"2020-03-25T02:29:48.728391289Z"}
{"log":"INFO [03-25|02:30:02.146] Imported new chain segment               blocks=1     txs=0     mgas=0.000   elapsed=3.722ms   mgasps=0.000    number=2404780 hash=c06c08…0184c8 dirty=684.75MiB\n","stream":"stderr","time":"2020-03-25T02:30:02.146325173Z"}
{"log":"INFO [03-25|02:30:03.348] Imported new chain segment               blocks=1     txs=1     mgas=0.433   elapsed=17.222ms  mgasps=25.155   number=2404780 hash=822c53…ab6d43 dirty=684.77MiB\n","stream":"stderr","time":"2020-03-25T02:30:03.348763696Z"}
{"log":"INFO [03-25|02:30:06.983] Deep froze chain segment                 blocks=4     elapsed=20.805ms  number=2314779 hash=7c2e7d…a4e0f5\n","stream":"stderr","time":"2020-03-25T02:30:06.983800448Z"}
{"log":"INFO [03-25|02:30:18.345] Imported new chain segment               blocks=1     txs=3     mgas=4.403   elapsed=44.447ms  mgasps=99.053   number=2404781 hash=35b05d…11304e dirty=685.23MiB\n","stream":"stderr","time":"2020-03-25T02:30:18.346042169Z"}
{"log":"INFO [03-25|02:30:19.040] Imported new chain segment               blocks=1     txs=1     mgas=0.433   elapsed=16.556ms  mgasps=26.167   number=2404781 hash=f99a0c…b65045 dirty=685.24MiB\n","stream":"stderr","time":"2020-03-25T02:30:19.040882821Z"}
{"log":"INFO [03-25|02:30:19.696] Chain reorg detected                     number=2404780 hash=c06c08…0184c8 drop=1 dropfrom=35b05d…11304e add=1 addfrom=c9f9e6…6d9438\n","stream":"stderr","time":"2020-03-25T02:30:19.696213954Z"}
{"log":"INFO [03-25|02:30:19.696] Imported new chain segment               blocks=1     txs=3     mgas=4.403   elapsed=26.600ms  mgasps=165.508  number=2404781 hash=c9f9e6…6d9438 dirty=685.24MiB\n","stream":"stderr","time":"2020-03-25T02:30:19.696378935Z"}
{"log":"INFO [03-25|02:30:19.707] Imported new chain segment               blocks=1     txs=1     mgas=0.433   elapsed=11.551ms  mgasps=37.504   number=2404781 hash=3fe14e…5d23a6 dirty=685.24MiB\n","stream":"stderr","time":"2020-03-25T02:30:19.708108126Z"}
{"log":"INFO [03-25|02:30:28.527] Chain reorg detected                     number=2404780 hash=c06c08…0184c8 drop=1 dropfrom=c9f9e6…6d9438 add=1 addfrom=f9c818…c887cc\n","stream":"stderr","time":"2020-03-25T02:30:28.527410473Z"}
{"log":"INFO [03-25|02:30:28.527] Imported new chain segment               blocks=1     txs=2     mgas=0.489   elapsed=17.827ms  mgasps=27.428   number=2404781 hash=f9c818…c887cc dirty=685.24MiB\n","stream":"stderr","time":"2020-03-25T02:30:28.528044603Z"}
{"log":"INFO [03-25|02:30:32.238] Imported new chain segment               blocks=1     txs=5     mgas=3.409   elapsed=22.941ms  mgasps=148.587  number=2404782 hash=504a36…85b368 dirty=685.54MiB\n","stream":"stderr","time":"2020-03-25T02:30:32.238571379Z"}
{"log":"INFO [03-25|02:30:33.778] Chain reorg detected                     number=2404781 hash=f9c818…c887cc drop=1 dropfrom=504a36…85b368 add=1 addfrom=3fa8d2…7b87ce\n","stream":"stderr","time":"2020-03-25T02:30:33.778708504Z"}
{"log":"INFO [03-25|02:30:33.778] Imported new chain segment               blocks=1     txs=5     mgas=7.316   elapsed=36.377ms  mgasps=201.110  number=2404782 hash=3fa8d2…7b87ce dirty=685.56MiB\n","stream":"stderr","time":"2020-03-25T02:30:33.779041272Z"}
{"log":"INFO [03-25|02:30:33.921] Imported new chain segment               blocks=1     txs=5     mgas=7.316   elapsed=41.443ms  mgasps=176.524  number=2404782 hash=7b5bf4…be3b37 dirty=685.56MiB\n","stream":"stderr","time":"2020-03-25T02:30:33.921675446Z"}
{"log":"INFO [03-25|02:30:35.112] Chain reorg detected                     number=2404781 hash=f9c818…c887cc drop=1 dropfrom=3fa8d2…7b87ce add=1 addfrom=ae44f7…7113bf\n","stream":"stderr","time":"2020-03-25T02:30:35.11284999Z"}
{"log":"INFO [03-25|02:30:35.113] Imported new chain segment               blocks=1     txs=5     mgas=7.316   elapsed=36.778ms  mgasps=198.913  number=2404782 hash=ae44f7…7113bf dirty=685.56MiB\n","stream":"stderr","time":"2020-03-25T02:30:35.113290827Z"}
{"log":"INFO [03-25|02:30:47.700] Imported new chain segment               blocks=1     txs=3     mgas=1.026   elapsed=30.904ms  mgasps=33.190   number=2404783 hash=f05c89…d706c8 dirty=685.61MiB\n","stream":"stderr","time":"2020-03-25T02:30:47.700271689Z"}
{"log":"INFO [03-25|02:30:48.267] Imported new chain segment               blocks=1     txs=2     mgas=4.353   elapsed=30.153ms  mgasps=144.372  number=2404783 hash=336e83…6ff125 dirty=685.62MiB\n","stream":"stderr","time":"2020-03-25T02:30:48.267451422Z"}
{"log":"INFO [03-25|02:30:49.557] Chain reorg detected                     number=2404781 hash=f9c818…c887cc drop=2 dropfrom=f05c89…d706c8 add=2 addfrom=6afb9c…00697f\n","stream":"stderr","time":"2020-03-25T02:30:49.557502098Z"}
{"log":"INFO [03-25|02:30:49.558] Imported new chain segment               blocks=1     txs=2     mgas=4.353   elapsed=21.808ms  mgasps=199.609  number=2404783 hash=6afb9c…00697f dirty=685.62MiB\n","stream":"stderr","time":"2020-03-25T02:30:49.558586284Z"}
{"log":"INFO [03-25|02:31:02.163] Imported new chain segment               blocks=1     txs=2     mgas=0.529   elapsed=18.865ms  mgasps=28.048   number=2404784 hash=220d8c…d53a94 dirty=685.61MiB\n","stream":"stderr","time":"2020-03-25T02:31:02.163451642Z"}
{"log":"INFO [03-25|02:31:02.210] Imported new chain segment               blocks=1     txs=2     mgas=0.529   elapsed=10.734ms  mgasps=49.295   number=2404784 hash=34e71e…63692b dirty=685.61MiB\n","stream":"stderr","time":"2020-03-25T02:31:02.210428349Z"}
{"log":"INFO [03-25|02:31:02.467] Chain reorg detected                     number=2404781 hash=f9c818…c887cc drop=3 dropfrom=220d8c…d53a94 add=3 addfrom=539434…9bae70\n","stream":"stderr","time":"2020-03-25T02:31:02.467264797Z"}
{"log":"INFO [03-25|02:31:02.467] Imported new chain segment               blocks=1     txs=1     mgas=0.096   elapsed=3.430ms   mgasps=27.964   number=2404784 hash=539434…9bae70 dirty=685.62MiB\n","stream":"stderr","time":"2020-03-25T02:31:02.468142639Z"}
{"log":"INFO [03-25|02:31:07.011] Deep froze chain segment                 blocks=4     elapsed=27.390ms  number=2314783 hash=90f50c…19a1f0\n","stream":"stderr","time":"2020-03-25T02:31:07.0115755Z"}
{"log":"INFO [03-25|02:31:17.089] Chain reorg detected                     number=2404781 hash=f9c818…c887cc drop=3 dropfrom=539434…9bae70 add=4 addfrom=1a5740…8bf46a\n","stream":"stderr","time":"2020-03-25T02:31:17.089986723Z"}
{"log":"INFO [03-25|02:31:17.090] Imported new chain segment               blocks=1     txs=2     mgas=0.170   elapsed=5.805ms   mgasps=29.310   number=2404785 hash=1a5740…8bf46a dirty=685.61MiB\n","stream":"stderr","time":"2020-03-25T02:31:17.09114852Z"}
{"log":"INFO [03-25|02:31:32.091] Imported new chain segment               blocks=1     txs=2     mgas=0.529   elapsed=24.219ms  mgasps=21.847   number=2404786 hash=137291…999fd0 dirty=685.63MiB\n","stream":"stderr","time":"2020-03-25T02:31:32.091728364Z"}
{"log":"INFO [03-25|02:31:47.911] Imported new chain segment               blocks=1     txs=1     mgas=0.038   elapsed=1.944ms   mgasps=19.471   number=2404787 hash=874784…92009d dirty=685.64MiB\n","stream":"stderr","time":"2020-03-25T02:31:47.911776246Z"}
{"log":"INFO [03-25|02:32:04.502] Imported new chain segment               blocks=1     txs=0     mgas=0.000   elapsed=1.109ms   mgasps=0.000    number=2404788 hash=1d606a…0bb476 dirty=685.62MiB\n","stream":"stderr","time":"2020-03-25T02:32:04.502731878Z"}
{"log":"INFO [03-25|02:32:04.559] Chain reorg detected                     number=2404787 hash=874784…92009d drop=1 dropfrom=1d606a…0bb476 add=1 addfrom=10b792…5e31de\n","stream":"stderr","time":"2020-03-25T02:32:04.562412274Z"}
{"log":"INFO [03-25|02:32:04.559] Imported new chain segment               blocks=1     txs=0     mgas=0.000   elapsed=539.42µs  mgasps=0.000    number=2404788 hash=10b792…5e31de dirty=685.62MiB\n","stream":"stderr","time":"2020-03-25T02:32:04.562453347Z"}
{"log":"INFO [03-25|02:32:07.032] Deep froze chain segment                 blocks=4     elapsed=21.108ms  number=2314787 hash=2c8c77…5760f6\n","stream":"stderr","time":"2020-03-25T02:32:07.033154866Z"}
{"log":"INFO [03-25|02:32:18.048] Chain reorg detected                     number=2404787 hash=874784…92009d drop=1 dropfrom=10b792…5e31de add=2 addfrom=dcea4a…f431a0\n","stream":"stderr","time":"2020-03-25T02:32:18.049044792Z"}
{"log":"INFO [03-25|02:32:18.049] Imported new chain segment               blocks=1     txs=1     mgas=0.433   elapsed=29.023ms  mgasps=14.927   number=2404789 hash=dcea4a…f431a0 dirty=685.28MiB\n","stream":"stderr","time":"2020-03-25T02:32:18.049385136Z"}
{"log":"INFO [03-25|02:32:18.140] Chain reorg detected                     number=2404788 hash=1d606a…0bb476 drop=1 dropfrom=dcea4a…f431a0 add=1 addfrom=57702c…ce6979\n","stream":"stderr","time":"2020-03-25T02:32:18.140832605Z"}
{"log":"INFO [03-25|02:32:18.141] Imported new chain segment               blocks=1     txs=1     mgas=0.433   elapsed=21.713ms  mgasps=19.952   number=2404789 hash=57702c…ce6979 dirty=685.28MiB\n","stream":"stderr","time":"2020-03-25T02:32:18.141162843Z"}
{"log":"INFO [03-25|02:32:24.356] Imported new chain segment               blocks=1     txs=1     mgas=0.433   elapsed=16.552ms  mgasps=26.174   number=2404789 hash=f44b97…9bd210 dirty=685.29MiB\n","stream":"stderr","time":"2020-03-25T02:32:24.356876309Z"}
{"log":"INFO [03-25|02:32:32.107] Imported new chain segment               blocks=1     txs=0     mgas=0.000   elapsed=2.684ms   mgasps=0.000    number=2404790 hash=968a95…c4ccaf dirty=685.16MiB\n","stream":"stderr","time":"2020-03-25T02:32:32.107737692Z"}
{"log":"INFO [03-25|02:32:34.450] Imported new chain segment               blocks=1     txs=0     mgas=0.000   elapsed=296.959µs mgasps=0.000    number=2404790 hash=e36a13…55713f dirty=685.16MiB\n","stream":"stderr","time":"2020-03-25T02:32:34.450441305Z"}
{"log":"INFO [03-25|02:32:47.104] Imported new chain segment               blocks=1     txs=0     mgas=0.000   elapsed=5.898ms   mgasps=0.000    number=2404791 hash=5c00f0…860df9 dirty=684.95MiB\n","stream":"stderr","time":"2020-03-25T02:32:47.104624762Z"}
{"log":"INFO [03-25|02:33:03.434] Imported new chain segment               blocks=1     txs=1     mgas=0.039   elapsed=2.393ms   mgasps=16.440   number=2404792 hash=2648a1…8f2b65 dirty=684.90MiB\n","stream":"stderr","time":"2020-03-25T02:33:03.43447408Z"}
{"log":"INFO [03-25|02:33:04.414] Imported new chain segment               blocks=1     txs=1     mgas=0.039   elapsed=1.515ms   mgasps=25.966   number=2404792 hash=5d4691…88fa98 dirty=684.91MiB\n","stream":"stderr","time":"2020-03-25T02:33:04.415000024Z"}
{"log":"INFO [03-25|02:33:07.064] Deep froze chain segment                 blocks=4     elapsed=31.383ms  number=2314791 hash=fa5e09…a49913\n","stream":"stderr","time":"2020-03-25T02:33:07.064788623Z"}
{"log":"INFO [03-25|02:33:17.841] Imported new chain segment               blocks=1     txs=1     mgas=0.021   elapsed=1.945ms   mgasps=10.793   number=2404793 hash=1890a6…56de2f dirty=684.89MiB\n","stream":"stderr","time":"2020-03-25T02:33:17.841966299Z"}
{"log":"INFO [03-25|02:33:32.842] Imported new chain segment               blocks=1     txs=1     mgas=0.056   elapsed=2.990ms   mgasps=18.635   number=2404794 hash=06ff1f…485390 dirty=684.87MiB\n","stream":"stderr","time":"2020-03-25T02:33:32.84258151Z"}
{"log":"INFO [03-25|02:33:48.176] Imported new chain segment               blocks=1     txs=0     mgas=0.000   elapsed=1.177ms   mgasps=0.000    number=2404795 hash=443ffa…075511 dirty=684.83MiB\n","stream":"stderr","time":"2020-03-25T02:33:48.177030508Z"}
{"log":"INFO [03-25|02:33:49.990] Imported new chain segment               blocks=1     txs=0     mgas=0.000   elapsed=313.569µs mgasps=0.000    number=2404795 hash=394494…2f8093 dirty=684.83MiB\n","stream":"stderr","time":"2020-03-25T02:33:49.990695958Z"}
{"log":"INFO [03-25|02:34:02.064] Chain reorg detected                     number=2404794 hash=06ff1f…485390 drop=1 dropfrom=443ffa…075511 add=2 addfrom=381af0…977d27\n","stream":"stderr","time":"2020-03-25T02:34:02.064699136Z"}
{"log":"INFO [03-25|02:34:02.065] Imported new chain segment               blocks=1     txs=5     mgas=0.105   elapsed=5.465ms   mgasps=19.212   number=2404796 hash=381af0…977d27 dirty=684.84MiB\n","stream":"stderr","time":"2020-03-25T02:34:02.065641733Z"}
{"log":"INFO [03-25|02:34:05.411] Imported new chain segment               blocks=1     txs=0     mgas=0.000   elapsed=422.989µs mgasps=0.000    number=2404796 hash=246eb3…ba03f7 dirty=684.84MiB\n","stream":"stderr","time":"2020-03-25T02:34:05.411763443Z"}
{"log":"INFO [03-25|02:34:07.098] Deep froze chain segment                 blocks=4     elapsed=33.500ms  number=2314795 hash=8fef45…531e03\n","stream":"stderr","time":"2020-03-25T02:34:07.09909903Z"}
{"log":"INFO [03-25|02:34:17.069] Imported new chain segment               blocks=1     txs=0     mgas=0.000   elapsed=603.078µs mgasps=0.000    number=2404797 hash=a22ed0…843093 dirty=684.84MiB\n","stream":"stderr","time":"2020-03-25T02:34:17.069585666Z"}
{"log":"INFO [03-25|02:34:33.165] Imported new chain segment               blocks=1     txs=10    mgas=0.766   elapsed=5.483ms   mgasps=139.760  number=2404798 hash=bdee89…debb47 dirty=684.83MiB\n","stream":"stderr","time":"2020-03-25T02:34:33.165872744Z"}
{"log":"INFO [03-25|02:34:47.284] Imported new chain segment               blocks=1     txs=2     mgas=0.522   elapsed=21.851ms  mgasps=23.873   number=2404799 hash=735830…0b07ba dirty=684.83MiB\n","stream":"stderr","time":"2020-03-25T02:34:47.285019538Z"}
{"log":"INFO [03-25|02:34:49.901] Imported new chain segment               blocks=1     txs=2     mgas=0.522   elapsed=16.335ms  mgasps=31.936   number=2404799 hash=67adce…ff05fd dirty=684.84MiB\n","stream":"stderr","time":"2020-03-25T02:34:49.901519219Z"}
{"log":"INFO [03-25|02:34:53.692] Imported new chain segment               blocks=1     txs=2     mgas=0.522   elapsed=17.404ms  mgasps=29.974   number=2404799 hash=f7c30f…ea5917 dirty=684.84MiB\n","stream":"stderr","time":"2020-03-25T02:34:53.692554391Z"}
{"log":"INFO [03-25|02:35:04.676] Imported new chain segment               blocks=1     txs=0     mgas=0.000   elapsed=686.335µs mgasps=0.000    number=2404800 hash=a2afd7…129c4a dirty=684.83MiB\n","stream":"stderr","time":"2020-03-25T02:35:04.676998325Z"}
{"log":"INFO [03-25|02:35:04.697] Imported new chain segment               blocks=1     txs=3     mgas=0.308   elapsed=4.253ms   mgasps=72.336   number=2404800 hash=b55d30…f5b76f dirty=684.86MiB\n","stream":"stderr","time":"2020-03-25T02:35:04.698006534Z"}
{"log":"INFO [03-25|02:35:04.718] Imported new chain segment               blocks=1     txs=0     mgas=0.000   elapsed=249.095µs mgasps=0.000    number=2404800 hash=661356…6ea5b2 dirty=684.86MiB\n","stream":"stderr","time":"2020-03-25T02:35:04.718279165Z"}
{"log":"INFO [03-25|02:35:05.493] Chain reorg detected                     number=2404799 hash=735830…0b07ba drop=1 dropfrom=a2afd7…129c4a add=1 addfrom=bc033e…94790f\n","stream":"stderr","time":"2020-03-25T02:35:05.494181729Z"}
{"log":"INFO [03-25|02:35:05.494] Imported new chain segment               blocks=1     txs=5     mgas=0.513   elapsed=5.303ms   mgasps=96.677   number=2404800 hash=bc033e…94790f dirty=684.89MiB\n","stream":"stderr","time":"2020-03-25T02:35:05.494463151Z"}
{"log":"INFO [03-25|02:35:07.129] Deep froze chain segment                 blocks=4     elapsed=30.755ms  number=2314799 hash=e9f435…1cfe5e\n","stream":"stderr","time":"2020-03-25T02:35:07.130132425Z"}
{"log":"INFO [03-25|02:35:17.624] Chain reorg detected                     number=2404798 hash=bdee89…debb47 drop=2 dropfrom=bc033e…94790f add=3 addfrom=5b831a…ee2073\n","stream":"stderr","time":"2020-03-25T02:35:17.624225475Z"}
{"log":"INFO [03-25|02:35:17.624] Imported new chain segment               blocks=1     txs=2     mgas=0.454   elapsed=14.687ms  mgasps=30.926   number=2404801 hash=5b831a…ee2073 dirty=684.91MiB\n","stream":"stderr","time":"2020-03-25T02:35:17.624613638Z"}
{"log":"INFO [03-25|02:35:19.399] Imported new chain segment               blocks=1     txs=2     mgas=0.205   elapsed=2.903ms   mgasps=70.633   number=2404801 hash=34dec0…af9059 dirty=684.92MiB\n","stream":"stderr","time":"2020-03-25T02:35:19.399946558Z"}
{"log":"INFO [03-25|02:35:32.707] Imported new chain segment               blocks=1     txs=5     mgas=0.513   elapsed=5.387ms   mgasps=95.183   number=2404802 hash=dadc24…7f9182 dirty=684.93MiB\n","stream":"stderr","time":"2020-03-25T02:35:32.708124102Z"}
{"log":"INFO [03-25|02:35:32.946] Imported new chain segment               blocks=1     txs=7     mgas=2.192   elapsed=35.639ms  mgasps=61.494   number=2404802 hash=8e0a9f…574a35 dirty=685.03MiB\n","stream":"stderr","time":"2020-03-25T02:35:32.947202591Z"}
{"log":"INFO [03-25|02:35:33.407] Imported new chain segment               blocks=1     txs=8     mgas=1.847   elapsed=18.420ms  mgasps=100.276  number=2404802 hash=3b51ee…5aea47 dirty=685.05MiB\n","stream":"stderr","time":"2020-03-25T02:35:33.407977441Z"}
{"log":"INFO [03-25|02:35:33.572] Imported new chain segment               blocks=1     txs=5     mgas=0.513   elapsed=4.051ms   mgasps=126.557  number=2404802 hash=d9ba2f…e64c1f dirty=685.06MiB\n","stream":"stderr","time":"2020-03-25T02:35:33.572262832Z"}
{"log":"INFO [03-25|02:35:47.878] Imported new chain segment               blocks=1     txs=7     mgas=2.192   elapsed=35.888ms  mgasps=61.068   number=2404803 hash=c022a7…0235f9 dirty=685.07MiB\n","stream":"stderr","time":"2020-03-25T02:35:47.878642387Z"}
{"log":"INFO [03-25|02:35:48.556] Imported new chain segment               blocks=1     txs=5     mgas=0.513   elapsed=6.810ms   mgasps=75.289   number=2404802 hash=0520ef…421fe3 dirty=685.07MiB\n","stream":"stderr","time":"2020-03-25T02:35:48.557166378Z"}
{"log":"INFO [03-25|02:35:49.714] Imported new chain segment               blocks=1     txs=5     mgas=1.737   elapsed=15.788ms  mgasps=110.041  number=2404803 hash=5730a4…0bb5a4 dirty=685.08MiB\n","stream":"stderr","time":"2020-03-25T02:35:49.715032251Z"}
{"log":"INFO [03-25|02:35:49.949] Imported new chain segment               blocks=1     txs=5     mgas=1.737   elapsed=21.611ms  mgasps=80.394   number=2404803 hash=d7c6e0…245c98 dirty=685.08MiB\n","stream":"stderr","time":"2020-03-25T02:35:49.950127071Z"}
{"log":"INFO [03-25|02:35:53.227] Regenerated local transaction journal    transactions=0 accounts=0\n","stream":"stderr","time":"2020-03-25T02:35:53.227633884Z"}
{"log":"INFO [03-25|02:36:02.196] Chain reorg detected                     number=2404802 hash=dadc24…7f9182 drop=1 dropfrom=c022a7…0235f9 add=2 addfrom=ed32f1…4e6685\n","stream":"stderr","time":"2020-03-25T02:36:02.196752841Z"}
{"log":"INFO [03-25|02:36:02.197] Imported new chain segment               blocks=1     txs=2     mgas=0.454   elapsed=24.006ms  mgasps=18.922   number=2404804 hash=ed32f1…4e6685 dirty=685.08MiB\n","stream":"stderr","time":"2020-03-25T02:36:02.197710873Z"}
{"log":"INFO [03-25|02:36:05.503] Chain reorg detected                     number=2404802 hash=dadc24…7f9182 drop=2 dropfrom=ed32f1…4e6685 add=2 addfrom=c54367…4197cd\n","stream":"stderr","time":"2020-03-25T02:36:05.503509881Z"}
{"log":"INFO [03-25|02:36:05.504] Imported new chain segment               blocks=1     txs=0     mgas=0.000   elapsed=1.772ms   mgasps=0.000    number=2404804 hash=c54367…4197cd dirty=685.08MiB\n","stream":"stderr","time":"2020-03-25T02:36:05.504440486Z"}
{"log":"INFO [03-25|02:36:07.155] Deep froze chain segment                 blocks=4     elapsed=25.428ms  number=2314803 hash=7c6939…d6bb7f\n","stream":"stderr","time":"2020-03-25T02:36:07.155889073Z"}
{"log":"INFO [03-25|02:36:17.182] Chain reorg detected                     number=2404802 hash=dadc24…7f9182 drop=2 dropfrom=c54367…4197cd add=3 addfrom=28b77d…b15d01\n","stream":"stderr","time":"2020-03-25T02:36:17.182339599Z"}
{"log":"INFO [03-25|02:36:17.183] Imported new chain segment               blocks=1     txs=0     mgas=0.000   elapsed=1.826ms   mgasps=0.000    number=2404805 hash=28b77d…b15d01 dirty=685.07MiB\n","stream":"stderr","time":"2020-03-25T02:36:17.183236695Z"}
{"log":"INFO [03-25|02:36:18.589] Chain reorg detected                     number=2404804 hash=ed32f1…4e6685 drop=1 dropfrom=28b77d…b15d01 add=1 addfrom=8d1f8c…2515a6\n","stream":"stderr","time":"2020-03-25T02:36:18.590134707Z"}
{"log":"INFO [03-25|02:36:18.590] Imported new chain segment               blocks=1     txs=0     mgas=0.000   elapsed=672.709µs mgasps=0.000    number=2404805 hash=8d1f8c…2515a6 dirty=685.07MiB\n","stream":"stderr","time":"2020-03-25T02:36:18.590293776Z"}
{"log":"INFO [03-25|02:36:32.398] Chain reorg detected                     number=2404804 hash=ed32f1…4e6685 drop=1 dropfrom=8d1f8c…2515a6 add=2 addfrom=65edc7…19178c\n","stream":"stderr","time":"2020-03-25T02:36:32.398315058Z"}
{"log":"INFO [03-25|02:36:32.398] Imported new chain segment               blocks=1     txs=1     mgas=0.433   elapsed=17.619ms  mgasps=24.587   number=2404806 hash=65edc7…19178c dirty=685.07MiB\n","stream":"stderr","time":"2020-03-25T02:36:32.39863691Z"}
{"log":"INFO [03-25|02:36:34.746] Imported new chain segment               blocks=1     txs=1     mgas=0.433   elapsed=16.863ms  mgasps=25.689   number=2404806 hash=a13218…fde26d dirty=685.07MiB\n","stream":"stderr","time":"2020-03-25T02:36:34.746945042Z"}
{"log":"INFO [03-25|02:36:40.371] Imported new chain segment               blocks=1     txs=1     mgas=0.433   elapsed=12.265ms  mgasps=35.317   number=2404806 hash=67c45a…928c57 dirty=685.07MiB\n","stream":"stderr","time":"2020-03-25T02:36:40.372156262Z"}
{"log":"INFO [03-25|02:36:47.118] Chain reorg detected                     number=2404805 hash=28b77d…b15d01 drop=1 dropfrom=65edc7…19178c add=2 addfrom=f36322…029da2\n","stream":"stderr","time":"2020-03-25T02:36:47.118905461Z"}
{"log":"INFO [03-25|02:36:47.119] Imported new chain segment               blocks=1     txs=1     mgas=0.056   elapsed=3.181ms   mgasps=17.516   number=2404807 hash=f36322…029da2 dirty=685.05MiB\n","stream":"stderr","time":"2020-03-25T02:36:47.119372747Z"}
{"log":"INFO [03-25|02:36:49.533] Imported new chain segment               blocks=1     txs=0     mgas=0.000   elapsed=317.266µs mgasps=0.000    number=2404807 hash=5e99c9…cefec7 dirty=685.05MiB\n","stream":"stderr","time":"2020-03-25T02:36:49.533736337Z"}
{"log":"INFO [03-25|02:36:49.580] Imported new chain segment               blocks=1     txs=1     mgas=0.056   elapsed=1.807ms   mgasps=30.837   number=2404807 hash=88cfc7…14f206 dirty=685.05MiB\n","stream":"stderr","time":"2020-03-25T02:36:49.580939441Z"}
{"log":"INFO [03-25|02:36:56.955] New local node record                    seq=28 id=8252fae760b7940d ip=31.147.195.65 udp=30303 tcp=30303\n","stream":"stderr","time":"2020-03-25T02:36:56.955765027Z"}
{"log":"INFO [03-25|02:37:02.103] Imported new chain segment               blocks=1     txs=0     mgas=0.000   elapsed=690.591µs mgasps=0.000    number=2404808 hash=0be5b6…5c76ec dirty=685.03MiB\n","stream":"stderr","time":"2020-03-25T02:37:02.104115861Z"}
{"log":"INFO [03-25|02:37:03.475] Imported new chain segment               blocks=1     txs=0     mgas=0.000   elapsed=389.833µs mgasps=0.000    number=2404808 hash=d6dae3…4874ef dirty=685.03MiB\n","stream":"stderr","time":"2020-03-25T02:37:03.475671653Z"}
{"log":"INFO [03-25|02:37:03.861] New local node record                    seq=29 id=8252fae760b7940d ip=31.147.195.65 udp=1024  tcp=30303\n","stream":"stderr","time":"2020-03-25T02:37:03.862000846Z"}
{"log":"INFO [03-25|02:37:05.106] New local node record                    seq=30 id=8252fae760b7940d ip=31.147.195.65 udp=30303 tcp=30303\n","stream":"stderr","time":"2020-03-25T02:37:05.106869812Z"}
{"log":"INFO [03-25|02:37:07.192] Deep froze chain segment                 blocks=4     elapsed=36.377ms  number=2314807 hash=a03cb1…7bab0e\n","stream":"stderr","time":"2020-03-25T02:37:07.192875064Z"}
{"log":"INFO [03-25|02:37:17.750] Imported new chain segment               blocks=1     txs=1     mgas=0.433   elapsed=13.488ms  mgasps=32.120   number=2404809 hash=f42436…522c33 dirty=684.96MiB\n","stream":"stderr","time":"2020-03-25T02:37:17.750699616Z"}
{"log":"INFO [03-25|02:37:18.235] Imported new chain segment               blocks=1     txs=4     mgas=0.176   elapsed=2.162ms   mgasps=81.507   number=2404809 hash=fb11b1…f96057 dirty=684.98MiB\n","stream":"stderr","time":"2020-03-25T02:37:18.236103786Z"}
{"log":"INFO [03-25|02:37:18.293] Imported new chain segment               blocks=1     txs=5     mgas=0.609   elapsed=14.342ms  mgasps=42.494   number=2404809 hash=7c91e8…7ed683 dirty=684.98MiB\n","stream":"stderr","time":"2020-03-25T02:37:18.294015962Z"}
{"log":"INFO [03-25|02:37:19.072] Chain reorg detected                     number=2404808 hash=0be5b6…5c76ec drop=1 dropfrom=f42436…522c33 add=1 addfrom=d7825f…a2747e\n","stream":"stderr","time":"2020-03-25T02:37:19.072962584Z"}
{"log":"INFO [03-25|02:37:19.073] Imported new chain segment               blocks=1     txs=4     mgas=0.176   elapsed=6.534ms   mgasps=26.971   number=2404809 hash=d7825f…a2747e dirty=684.99MiB\n","stream":"stderr","time":"2020-03-25T02:37:19.073730019Z"}
{"log":"INFO [03-25|02:37:32.227] Imported new chain segment               blocks=1     txs=2     mgas=0.529   elapsed=18.329ms  mgasps=28.868   number=2404810 hash=0ca0e6…7dc3df dirty=685.00MiB\n","stream":"stderr","time":"2020-03-25T02:37:32.227633563Z"}
{"log":"INFO [03-25|02:37:32.359] Imported new chain segment               blocks=1     txs=4     mgas=0.176   elapsed=2.281ms   mgasps=77.255   number=2404810 hash=ef8b3c…6d7cf9 dirty=685.00MiB\n","stream":"stderr","time":"2020-03-25T02:37:32.359709219Z"}
{"log":"INFO [03-25|02:37:33.966] Chain reorg detected                     number=2404809 hash=d7825f…a2747e drop=1 dropfrom=0ca0e6…7dc3df add=1 addfrom=54e4d0…7aeada\n","stream":"stderr","time":"2020-03-25T02:37:33.967004358Z"}
{"log":"INFO [03-25|02:37:33.967] Imported new chain segment               blocks=1     txs=2     mgas=0.529   elapsed=18.243ms  mgasps=29.005   number=2404810 hash=54e4d0…7aeada dirty=685.00MiB\n","stream":"stderr","time":"2020-03-25T02:37:33.96724747Z"}
{"log":"INFO [03-25|02:37:33.983] Imported new chain segment               blocks=1     txs=1     mgas=0.433   elapsed=16.478ms  mgasps=26.291   number=2404810 hash=736344…b8b720 dirty=685.00MiB\n","stream":"stderr","time":"2020-03-25T02:37:33.983964432Z"}
{"log":"INFO [03-25|02:37:34.068] Imported new chain segment               blocks=1     txs=4     mgas=0.176   elapsed=1.767ms   mgasps=99.735   number=2404810 hash=1aaab6…d8bc27 dirty=685.00MiB\n","stream":"stderr","time":"2020-03-25T02:37:34.069129669Z"}
{"log":"INFO [03-25|02:37:47.358] Imported new chain segment               blocks=1     txs=1     mgas=0.433   elapsed=17.345ms  mgasps=24.975   number=2404811 hash=939b2e…7b1c46 dirty=685.00MiB\n","stream":"stderr","time":"2020-03-25T02:37:47.35886515Z"}
{"log":"INFO [03-25|02:37:47.986] Imported new chain segment               blocks=1     txs=1     mgas=0.433   elapsed=16.803ms  mgasps=25.781   number=2404811 hash=305fde…e7272b dirty=685.00MiB\n","stream":"stderr","time":"2020-03-25T02:37:47.98719921Z"}
{"log":"INFO [03-25|02:38:02.276] Imported new chain segment               blocks=1     txs=5     mgas=1.986   elapsed=21.501ms  mgasps=92.372   number=2404812 hash=473d39…6e1e8a dirty=685.12MiB\n","stream":"stderr","time":"2020-03-25T02:38:02.276664948Z"}
{"log":"INFO [03-25|02:38:07.213] Deep froze chain segment                 blocks=4     elapsed=20.368ms  number=2314811 hash=235836…988037\n","stream":"stderr","time":"2020-03-25T02:38:07.213450879Z"}
{"log":"INFO [03-25|02:38:18.102] Imported new chain segment               blocks=1     txs=0     mgas=0.000   elapsed=557.442µs mgasps=0.000    number=2404813 hash=f48091…857c11 dirty=685.12MiB\n","stream":"stderr","time":"2020-03-25T02:38:18.10293433Z"}
{"log":"INFO [03-25|02:38:34.297] Imported new chain segment               blocks=1     txs=0     mgas=0.000   elapsed=1.153ms   mgasps=0.000    number=2404814 hash=65923a…01217b dirty=685.08MiB\n","stream":"stderr","time":"2020-03-25T02:38:34.297505339Z"}
{"log":"INFO [03-25|02:38:34.364] Imported new chain segment               blocks=1     txs=0     mgas=0.000   elapsed=238.83µs  mgasps=0.000    number=2404814 hash=a002d4…435fbc dirty=685.08MiB\n","stream":"stderr","time":"2020-03-25T02:38:34.364227685Z"}
{"log":"INFO [03-25|02:38:47.225] Imported new chain segment               blocks=1     txs=0     mgas=0.000   elapsed=1.399ms   mgasps=0.000    number=2404815 hash=3d923a…76a613 dirty=685.07MiB\n","stream":"stderr","time":"2020-03-25T02:38:47.226115319Z"}
{"log":"INFO [03-25|02:38:49.314] Imported new chain segment               blocks=1     txs=0     mgas=0.000   elapsed=330.609µs mgasps=0.000    number=2404815 hash=8c7a8f…ad2468 dirty=685.07MiB\n","stream":"stderr","time":"2020-03-25T02:38:49.316559422Z"}
{"log":"INFO [03-25|02:38:49.406] Chain reorg detected                     number=2404814 hash=65923a…01217b drop=1 dropfrom=3d923a…76a613 add=1 addfrom=e8ec69…1aa675\n","stream":"stderr","time":"2020-03-25T02:38:49.407192991Z"}
{"log":"INFO [03-25|02:38:49.407] Imported new chain segment               blocks=1     txs=5     mgas=0.369   elapsed=8.423ms   mgasps=43.851   number=2404815 hash=e8ec69…1aa675 dirty=685.10MiB\n","stream":"stderr","time":"2020-03-25T02:38:49.407596553Z"}
{"log":"INFO [03-25|02:39:02.188] Chain reorg detected                     number=2404814 hash=65923a…01217b drop=1 dropfrom=e8ec69…1aa675 add=2 addfrom=b8044d…8589f1\n","stream":"stderr","time":"2020-03-25T02:39:02.18914757Z"}
{"log":"INFO [03-25|02:39:02.189] Imported new chain segment               blocks=1     txs=5     mgas=0.369   elapsed=5.832ms   mgasps=63.333   number=2404816 hash=b8044d…8589f1 dirty=685.10MiB\n","stream":"stderr","time":"2020-03-25T02:39:02.189585244Z"}
{"log":"INFO [03-25|02:39:05.271] Chain reorg detected                     number=2404815 hash=3d923a…76a613 drop=1 dropfrom=b8044d…8589f1 add=1 addfrom=f683d1…217ca2\n","stream":"stderr","time":"2020-03-25T02:39:05.271941552Z"}
{"log":"INFO [03-25|02:39:05.272] Imported new chain segment               blocks=1     txs=5     mgas=0.369   elapsed=5.011ms   mgasps=73.707   number=2404816 hash=f683d1…217ca2 dirty=685.10MiB\n","stream":"stderr","time":"2020-03-25T02:39:05.272242509Z"}
{"log":"INFO [03-25|02:39:07.247] Deep froze chain segment                 blocks=4     elapsed=34.135ms  number=2314815 hash=7cf169…30eb0f\n","stream":"stderr","time":"2020-03-25T02:39:07.247877304Z"}
{"log":"INFO [03-25|02:39:17.060] Imported new chain segment               blocks=1     txs=0     mgas=0.000   elapsed=1.332ms   mgasps=0.000    number=2404817 hash=bf0af3…9d8571 dirty=685.05MiB\n","stream":"stderr","time":"2020-03-25T02:39:17.06037501Z"}
{"log":"INFO [03-25|02:39:18.611] Imported new chain segment               blocks=1     txs=0     mgas=0.000   elapsed=564.49µs  mgasps=0.000    number=2404817 hash=569b90…e791be dirty=685.05MiB\n","stream":"stderr","time":"2020-03-25T02:39:18.612228661Z"}
{"log":"INFO [03-25|02:39:34.214] Imported new chain segment               blocks=1     txs=1     mgas=0.487   elapsed=14.056ms  mgasps=34.617   number=2404818 hash=5a6c62…bf1cd8 dirty=685.06MiB\n","stream":"stderr","time":"2020-03-25T02:39:34.214675209Z"}
{"log":"INFO [03-25|02:39:34.533] Imported new chain segment               blocks=1     txs=1     mgas=0.487   elapsed=17.120ms  mgasps=28.422   number=2404818 hash=c357c3…91e350 dirty=685.07MiB\n","stream":"stderr","time":"2020-03-25T02:39:34.533538791Z"}
{"log":"INFO [03-25|02:39:39.298] Imported new chain segment               blocks=1     txs=1     mgas=0.487   elapsed=13.501ms  mgasps=36.040   number=2404818 hash=c62248…6910a1 dirty=685.07MiB\n","stream":"stderr","time":"2020-03-25T02:39:39.298952309Z"}
{"log":"INFO [03-25|02:39:48.961] Chain reorg detected                     number=2404817 hash=bf0af3…9d8571 drop=1 dropfrom=5a6c62…bf1cd8 add=2 addfrom=b38efb…463bd0\n","stream":"stderr","time":"2020-03-25T02:39:48.961827426Z"}
{"log":"INFO [03-25|02:39:48.962] Imported new chain segment               blocks=1     txs=0     mgas=0.000   elapsed=961.358µs mgasps=0.000    number=2404819 hash=b38efb…463bd0 dirty=685.07MiB\n","stream":"stderr","time":"2020-03-25T02:39:48.962116114Z"}
{"log":"INFO [03-25|02:39:49.941] Chain reorg detected                     number=2404818 hash=c357c3…91e350 drop=1 dropfrom=b38efb…463bd0 add=1 addfrom=e7e219…45f02c\n","stream":"stderr","time":"2020-03-25T02:39:49.941763872Z"}
{"log":"INFO [03-25|02:39:49.941] Imported new chain segment               blocks=1     txs=1     mgas=0.056   elapsed=2.352ms   mgasps=23.688   number=2404819 hash=e7e219…45f02c dirty=685.08MiB\n","stream":"stderr","time":"2020-03-25T02:39:49.942035868Z"}
{"log":"INFO [03-25|02:40:03.044] Chain reorg detected                     number=2404818 hash=c357c3…91e350 drop=1 dropfrom=e7e219…45f02c add=2 addfrom=0b3868…c40712\n","stream":"stderr","time":"2020-03-25T02:40:03.044284669Z"}
{"log":"INFO [03-25|02:40:03.044] Imported new chain segment               blocks=1     txs=1     mgas=0.056   elapsed=4.482ms   mgasps=12.431   number=2404820 hash=0b3868…c40712 dirty=684.94MiB\n","stream":"stderr","time":"2020-03-25T02:40:03.044797035Z"}
{"log":"INFO [03-25|02:40:07.274] Deep froze chain segment                 blocks=4     elapsed=26.348ms  number=2314819 hash=059093…534379\n","stream":"stderr","time":"2020-03-25T02:40:07.274594076Z"}
{"log":"INFO [03-25|02:40:17.729] Imported new chain segment               blocks=1     txs=2     mgas=0.529   elapsed=19.620ms  mgasps=26.970   number=2404821 hash=eb56e9…db4243 dirty=684.96MiB\n","stream":"stderr","time":"2020-03-25T02:40:17.729211033Z"}
{"log":"INFO [03-25|02:40:22.925] Chain reorg detected                     number=2404820 hash=0b3868…c40712 drop=1 dropfrom=eb56e9…db4243 add=1 addfrom=f1e414…0396c0\n","stream":"stderr","time":"2020-03-25T02:40:22.925420708Z"}
{"log":"INFO [03-25|02:40:22.925] Imported new chain segment               blocks=1     txs=2     mgas=0.529   elapsed=25.380ms  mgasps=20.849   number=2404821 hash=f1e414…0396c0 dirty=684.96MiB\n","stream":"stderr","time":"2020-03-25T02:40:22.925927814Z"}
{"log":"INFO [03-25|02:40:32.957] Imported new chain segment               blocks=1     txs=2     mgas=1.266   elapsed=11.959ms  mgasps=105.885  number=2404822 hash=2c4c82…ee579c dirty=685.09MiB\n","stream":"stderr","time":"2020-03-25T02:40:32.957607513Z"}
{"log":"INFO [03-25|02:40:34.087] Imported new chain segment               blocks=1     txs=5     mgas=3.705   elapsed=22.319ms  mgasps=165.989  number=2404822 hash=c6e58a…161b38 dirty=685.28MiB\n","stream":"stderr","time":"2020-03-25T02:40:34.087516374Z"}
{"log":"INFO [03-25|02:40:35.431] Imported new chain segment               blocks=1     txs=4     mgas=3.620   elapsed=26.437ms  mgasps=136.911  number=2404822 hash=1a7eff…287855 dirty=685.28MiB\n","stream":"stderr","time":"2020-03-25T02:40:35.432106498Z"}
{"log":"INFO [03-25|02:40:35.616] Imported new chain segment               blocks=1     txs=0     mgas=0.000   elapsed=194.826µs mgasps=0.000    number=2404822 hash=bbbbe3…76fd01 dirty=685.28MiB\n","stream":"stderr","time":"2020-03-25T02:40:35.616464703Z"}
{"log":"INFO [03-25|02:40:47.628] Imported new chain segment               blocks=1     txs=4     mgas=2.730   elapsed=21.250ms  mgasps=128.479  number=2404823 hash=a23923…fa7da1 dirty=685.31MiB\n","stream":"stderr","time":"2020-03-25T02:40:47.628383193Z"}
{"log":"INFO [03-25|02:40:47.673] Chain reorg detected                     number=2404822 hash=2c4c82…ee579c drop=1 dropfrom=a23923…fa7da1 add=1 addfrom=69c02c…b862e9\n","stream":"stderr","time":"2020-03-25T02:40:47.673918971Z"}
{"log":"INFO [03-25|02:40:47.673] Imported new chain segment               blocks=1     txs=4     mgas=2.629   elapsed=12.999ms  mgasps=202.201  number=2404823 hash=69c02c…b862e9 dirty=685.32MiB\n","stream":"stderr","time":"2020-03-25T02:40:47.67411096Z"}
{"log":"INFO [03-25|02:40:49.342] Chain reorg detected                     number=2404822 hash=2c4c82…ee579c drop=1 dropfrom=69c02c…b862e9 add=1 addfrom=14ea92…c6c32f\n","stream":"stderr","time":"2020-03-25T02:40:49.342348884Z"}
{"log":"INFO [03-25|02:40:49.342] Imported new chain segment               blocks=1     txs=4     mgas=2.760   elapsed=22.087ms  mgasps=124.951  number=2404823 hash=14ea92…c6c32f dirty=685.33MiB\n","stream":"stderr","time":"2020-03-25T02:40:49.342619445Z"}
{"log":"INFO [03-25|02:41:02.149] Imported new chain segment               blocks=1     txs=1     mgas=0.433   elapsed=17.088ms  mgasps=25.351   number=2404824 hash=26eaec…27e8d3 dirty=685.35MiB\n","stream":"stderr","time":"2020-03-25T02:41:02.150001035Z"}
{"log":"INFO [03-25|02:41:04.538] Imported new chain segment               blocks=1     txs=1     mgas=0.433   elapsed=11.527ms  mgasps=37.582   number=2404824 hash=0e55ce…0c9540 dirty=685.35MiB\n","stream":"stderr","time":"2020-03-25T02:41:04.53905171Z"}
{"log":"INFO [03-25|02:41:07.307] Deep froze chain segment                 blocks=4     elapsed=32.928ms  number=2314823 hash=d48ed8…c338e5\n","stream":"stderr","time":"2020-03-25T02:41:07.307914665Z"}
{"log":"INFO [03-25|02:41:17.258] Imported new chain segment               blocks=1     txs=1     mgas=0.096   elapsed=2.336ms   mgasps=41.051   number=2404825 hash=e0b4fa…4941ab dirty=685.37MiB\n","stream":"stderr","time":"2020-03-25T02:41:17.259170183Z"}
{"log":"INFO [03-25|02:41:32.413] Imported new chain segment               blocks=1     txs=1     mgas=0.433   elapsed=17.160ms  mgasps=25.245   number=2404826 hash=a1785d…95dc2b dirty=685.37MiB\n","stream":"stderr","time":"2020-03-25T02:41:32.413988055Z"}
{"log":"INFO [03-25|02:41:34.071] Chain reorg detected                     number=2404825 hash=e0b4fa…4941ab drop=1 dropfrom=a1785d…95dc2b add=1 addfrom=eda9a1…64219b\n","stream":"stderr","time":"2020-03-25T02:41:34.072036875Z"}
{"log":"INFO [03-25|02:41:34.072] Imported new chain segment               blocks=1     txs=1     mgas=0.433   elapsed=19.917ms  mgasps=21.751   number=2404826 hash=eda9a1…64219b dirty=685.37MiB\n","stream":"stderr","time":"2020-03-25T02:41:34.072344993Z"}
{"log":"INFO [03-25|02:41:47.079] Chain reorg detected                     number=2404825 hash=e0b4fa…4941ab drop=1 dropfrom=eda9a1…64219b add=2 addfrom=5e725b…382c4b\n","stream":"stderr","time":"2020-03-25T02:41:47.079549395Z"}
{"log":"INFO [03-25|02:41:47.079] Imported new chain segment               blocks=1     txs=0     mgas=0.000   elapsed=1.847ms   mgasps=0.000    number=2404827 hash=5e725b…382c4b dirty=685.31MiB\n","stream":"stderr","time":"2020-03-25T02:41:47.079898785Z"}
{"log":"INFO [03-25|02:42:02.108] Imported new chain segment               blocks=1     txs=4     mgas=0.131   elapsed=3.608ms   mgasps=36.376   number=2404828 hash=4139fc…329c4a dirty=685.30MiB\n","stream":"stderr","time":"2020-03-25T02:42:02.108719566Z"}
{"log":"INFO [03-25|02:42:07.341] Deep froze chain segment                 blocks=4     elapsed=33.515ms  number=2314827 hash=3aa308…f7dabc\n","stream":"stderr","time":"2020-03-25T02:42:07.342142252Z"}
{"log":"INFO [03-25|02:42:17.788] Imported new chain segment               blocks=1     txs=1     mgas=0.433   elapsed=21.521ms  mgasps=20.130   number=2404829 hash=0e8ec3…d8b85f dirty=685.06MiB\n","stream":"stderr","time":"2020-03-25T02:42:17.788766567Z"}
{"log":"INFO [03-25|02:42:18.096] Chain reorg detected                     number=2404828 hash=4139fc…329c4a drop=1 dropfrom=0e8ec3…d8b85f add=1 addfrom=b602e8…aef066\n","stream":"stderr","time":"2020-03-25T02:42:18.096894199Z"}
{"log":"INFO [03-25|02:42:18.096] Imported new chain segment               blocks=1     txs=1     mgas=0.433   elapsed=16.832ms  mgasps=25.737   number=2404829 hash=b602e8…aef066 dirty=685.06MiB\n","stream":"stderr","time":"2020-03-25T02:42:18.097020042Z"}
{"log":"INFO [03-25|02:42:22.771] Imported new chain segment               blocks=1     txs=2     mgas=0.529   elapsed=16.103ms  mgasps=32.859   number=2404829 hash=41d02f…d408d6 dirty=685.08MiB\n","stream":"stderr","time":"2020-03-25T02:42:22.771754453Z"}
{"log":"INFO [03-25|02:42:32.084] Imported new chain segment               blocks=1     txs=1     mgas=0.096   elapsed=3.134ms   mgasps=30.601   number=2404830 hash=4f4292…8b35cd dirty=685.02MiB\n","stream":"stderr","time":"2020-03-25T02:42:32.084360893Z"}
{"log":"INFO [03-25|02:42:33.120] Imported new chain segment               blocks=1     txs=1     mgas=0.096   elapsed=2.656ms   mgasps=36.100   number=2404830 hash=ae8d77…7a0901 dirty=685.02MiB\n","stream":"stderr","time":"2020-03-25T02:42:33.120653662Z"}
{"log":"INFO [03-25|02:42:48.164] Imported new chain segment               blocks=1     txs=1     mgas=0.433   elapsed=14.055ms  mgasps=30.821   number=2404831 hash=b9fad4…820ea0 dirty=685.01MiB\n","stream":"stderr","time":"2020-03-25T02:42:48.16510543Z"}
{"log":"INFO [03-25|02:42:52.961] Chain reorg detected                     number=2404830 hash=4f4292…8b35cd drop=1 dropfrom=b9fad4…820ea0 add=1 addfrom=5d907d…2980cf\n","stream":"stderr","time":"2020-03-25T02:42:52.961557449Z"}
{"log":"INFO [03-25|02:42:52.961] Imported new chain segment               blocks=1     txs=1     mgas=0.433   elapsed=17.229ms  mgasps=25.143   number=2404831 hash=5d907d…2980cf dirty=685.01MiB\n","stream":"stderr","time":"2020-03-25T02:42:52.961793224Z"}
{"log":"INFO [03-25|02:43:02.919] Imported new chain segment               blocks=1     txs=0     mgas=0.000   elapsed=1.559ms   mgasps=0.000    number=2404832 hash=6bf705…4de5cc dirty=684.98MiB\n","stream":"stderr","time":"2020-03-25T02:43:02.919814054Z"}
{"log":"INFO [03-25|02:43:07.369] Deep froze chain segment                 blocks=4     elapsed=27.066ms  number=2314831 hash=491a05…e54f6d\n","stream":"stderr","time":"2020-03-25T02:43:07.369636346Z"}
{"log":"INFO [03-25|02:43:17.191] Imported new chain segment               blocks=1     txs=2     mgas=0.077   elapsed=3.699ms   mgasps=20.740   number=2404833 hash=2e6f1e…a7dca7 dirty=684.94MiB\n","stream":"stderr","time":"2020-03-25T02:43:17.192047624Z"}
{"log":"INFO [03-25|02:43:32.125] Imported new chain segment               blocks=1     txs=1     mgas=0.096   elapsed=2.486ms   mgasps=38.570   number=2404834 hash=1875ce…7b4102 dirty=684.92MiB\n","stream":"stderr","time":"2020-03-25T02:43:32.125411162Z"}
{"log":"INFO [03-25|02:43:32.984] Imported new chain segment               blocks=1     txs=5     mgas=0.369   elapsed=5.152ms   mgasps=71.688   number=2404834 hash=813220…9455a0 dirty=684.95MiB\n","stream":"stderr","time":"2020-03-25T02:43:32.985186059Z"}
{"log":"INFO [03-25|02:43:47.086] Imported new chain segment               blocks=1     txs=5     mgas=0.369   elapsed=7.630ms   mgasps=48.409   number=2404835 hash=9cc7b7…498789 dirty=684.92MiB\n","stream":"stderr","time":"2020-03-25T02:43:47.088111365Z"}
{"log":"INFO [03-25|02:43:49.397] Imported new chain segment               blocks=1     txs=5     mgas=0.369   elapsed=5.089ms   mgasps=72.572   number=2404835 hash=537533…052b18 dirty=684.93MiB\n","stream":"stderr","time":"2020-03-25T02:43:49.39747672Z"}
{"log":"INFO [03-25|02:44:02.606] Imported new chain segment               blocks=1     txs=0     mgas=0.000   elapsed=597.523µs mgasps=0.000    number=2404836 hash=457d9f…6ab178 dirty=684.91MiB\n","stream":"stderr","time":"2020-03-25T02:44:02.607372654Z"}
{"log":"INFO [03-25|02:44:05.320] Chain reorg detected                     number=2404835 hash=9cc7b7…498789 drop=1 dropfrom=457d9f…6ab178 add=1 addfrom=143c67…f67f82\n","stream":"stderr","time":"2020-03-25T02:44:05.320440582Z"}
{"log":"INFO [03-25|02:44:05.320] Imported new chain segment               blocks=1     txs=0     mgas=0.000   elapsed=587.212µs mgasps=0.000    number=2404836 hash=143c67…f67f82 dirty=684.91MiB\n","stream":"stderr","time":"2020-03-25T02:44:05.320671043Z"}
{"log":"INFO [03-25|02:44:07.390] Deep froze chain segment                 blocks=4     elapsed=20.588ms  number=2314835 hash=3f5727…6952b5\n","stream":"stderr","time":"2020-03-25T02:44:07.390603704Z"}
{"log":"INFO [03-25|02:44:17.072] Imported new chain segment               blocks=1     txs=0     mgas=0.000   elapsed=611.605µs mgasps=0.000    number=2404837 hash=38f065…3bcb12 dirty=684.91MiB\n","stream":"stderr","time":"2020-03-25T02:44:17.07233466Z"}
{"log":"INFO [03-25|02:44:17.922] Imported new chain segment               blocks=1     txs=0     mgas=0.000   elapsed=391.821µs mgasps=0.000    number=2404837 hash=fafac9…93ab06 dirty=684.91MiB\n","stream":"stderr","time":"2020-03-25T02:44:17.922296372Z"}
{"log":"INFO [03-25|02:44:19.989] Imported new chain segment               blocks=1     txs=0     mgas=0.000   elapsed=318.208µs mgasps=0.000    number=2404837 hash=ea5191…20cf78 dirty=684.91MiB\n","stream":"stderr","time":"2020-03-25T02:44:19.989890326Z"}
{"log":"INFO [03-25|02:44:32.098] Imported new chain segment               blocks=1     txs=1     mgas=0.487   elapsed=13.024ms  mgasps=37.362   number=2404838 hash=8440b0…9a9fc6 dirty=684.91MiB\n","stream":"stderr","time":"2020-03-25T02:44:32.09836774Z"}
{"log":"INFO [03-25|02:44:38.116] Imported new chain segment               blocks=1     txs=1     mgas=0.487   elapsed=20.638ms  mgasps=23.578   number=2404838 hash=ec2136…a9b96e dirty=684.91MiB\n","stream":"stderr","time":"2020-03-25T02:44:38.116416303Z"}
{"log":"INFO [03-25|02:44:47.162] Imported new chain segment               blocks=1     txs=0     mgas=0.000   elapsed=583.786µs mgasps=0.000    number=2404839 hash=74cdf6…e5db3f dirty=684.91MiB\n","stream":"stderr","time":"2020-03-25T02:44:47.162693731Z"}
{"log":"INFO [03-25|02:45:02.139] Imported new chain segment               blocks=1     txs=0     mgas=0.000   elapsed=1.668ms   mgasps=0.000    number=2404840 hash=a039bd…532985 dirty=684.88MiB\n","stream":"stderr","time":"2020-03-25T02:45:02.139843607Z"}
{"log":"INFO [03-25|02:45:07.427] Deep froze chain segment                 blocks=4     elapsed=36.501ms  number=2314839 hash=8db3c6…cccad7\n","stream":"stderr","time":"2020-03-25T02:45:07.427431192Z"}
{"log":"INFO [03-25|02:45:18.448] Imported new chain segment               blocks=1     txs=2     mgas=0.454   elapsed=23.473ms  mgasps=19.352   number=2404841 hash=f59396…8ca913 dirty=684.90MiB\n","stream":"stderr","time":"2020-03-25T02:45:18.448961444Z"}
{"log":"INFO [03-25|02:45:18.553] Chain reorg detected                     number=2404840 hash=a039bd…532985 drop=1 dropfrom=f59396…8ca913 add=1 addfrom=e994d5…de8f2e\n","stream":"stderr","time":"2020-03-25T02:45:18.553678689Z"}
{"log":"INFO [03-25|02:45:18.553] Imported new chain segment               blocks=1     txs=4     mgas=4.453   elapsed=47.282ms  mgasps=94.179   number=2404841 hash=e994d5…de8f2e dirty=685.37MiB\n","stream":"stderr","time":"2020-03-25T02:45:18.554041256Z"}
{"log":"INFO [03-25|02:45:33.106] Chain reorg detected                     number=2404840 hash=a039bd…532985 drop=1 dropfrom=e994d5…de8f2e add=2 addfrom=f4b577…1c3934\n","stream":"stderr","time":"2020-03-25T02:45:33.10681872Z"}
{"log":"INFO [03-25|02:45:33.107] Imported new chain segment               blocks=1     txs=2     mgas=3.999   elapsed=17.631ms  mgasps=226.793  number=2404842 hash=f4b577…1c3934 dirty=685.38MiB\n","stream":"stderr","time":"2020-03-25T02:45:33.107226634Z"}
{"log":"INFO [03-25|02:45:35.795] Imported new chain segment               blocks=1     txs=2     mgas=3.999   elapsed=16.798ms  mgasps=238.047  number=2404842 hash=56c971…a1ee8f dirty=685.38MiB\n","stream":"stderr","time":"2020-03-25T02:45:35.796158038Z"}
{"log":"INFO [03-25|02:45:47.146] Imported new chain segment               blocks=1     txs=6     mgas=1.817   elapsed=22.130ms  mgasps=82.123   number=2404843 hash=4224b5…6f25f8 dirty=685.47MiB\n","stream":"stderr","time":"2020-03-25T02:45:47.147117235Z"}
{"log":"INFO [03-25|02:45:48.472] Chain reorg detected                     number=2404842 hash=f4b577…1c3934 drop=1 dropfrom=4224b5…6f25f8 add=1 addfrom=39edfb…b335c6\n","stream":"stderr","time":"2020-03-25T02:45:48.472811866Z"}
{"log":"INFO [03-25|02:45:48.472] Imported new chain segment               blocks=1     txs=6     mgas=1.817   elapsed=21.113ms  mgasps=86.076   number=2404843 hash=39edfb…b335c6 dirty=685.48MiB\n","stream":"stderr","time":"2020-03-25T02:45:48.473147923Z"}
{"log":"INFO [03-25|02:46:02.142] Imported new chain segment               blocks=1     txs=1     mgas=0.433   elapsed=13.577ms  mgasps=31.905   number=2404844 hash=d5251f…4ee425 dirty=685.50MiB\n","stream":"stderr","time":"2020-03-25T02:46:02.142818213Z"}
{"log":"INFO [03-25|02:46:04.279] Imported new chain segment               blocks=1     txs=1     mgas=0.433   elapsed=17.012ms  mgasps=25.464   number=2404844 hash=37ba3b…e54701 dirty=685.50MiB\n","stream":"stderr","time":"2020-03-25T02:46:04.280120733Z"}
{"log":"INFO [03-25|02:46:07.453] Deep froze chain segment                 blocks=4     elapsed=26.069ms  number=2314843 hash=ae519e…917f74\n","stream":"stderr","time":"2020-03-25T02:46:07.453852909Z"}
{"log":"INFO [03-25|02:46:17.267] Imported new chain segment               blocks=1     txs=0     mgas=0.000   elapsed=1.098ms   mgasps=0.000    number=2404845 hash=859779…ca9b1f dirty=685.47MiB\n","stream":"stderr","time":"2020-03-25T02:46:17.267470815Z"}
{"log":"INFO [03-25|02:46:17.309] Chain reorg detected                     number=2404844 hash=d5251f…4ee425 drop=1 dropfrom=859779…ca9b1f add=1 addfrom=4875f2…c7e522\n","stream":"stderr","time":"2020-03-25T02:46:17.309307597Z"}
{"log":"INFO [03-25|02:46:17.309] Imported new chain segment               blocks=1     txs=0     mgas=0.000   elapsed=653.122µs mgasps=0.000    number=2404845 hash=4875f2…c7e522 dirty=685.47MiB\n","stream":"stderr","time":"2020-03-25T02:46:17.309674498Z"}
{"log":"INFO [03-25|02:46:32.101] Imported new chain segment               blocks=1     txs=2     mgas=0.489   elapsed=17.187ms  mgasps=28.449   number=2404846 hash=86dfcd…52fce3 dirty=685.45MiB\n","stream":"stderr","time":"2020-03-25T02:46:32.101584605Z"}
{"log":"INFO [03-25|02:46:39.300] Imported new chain segment               blocks=1     txs=3     mgas=0.622   elapsed=14.339ms  mgasps=43.387   number=2404846 hash=57e9e1…624865 dirty=685.46MiB\n","stream":"stderr","time":"2020-03-25T02:46:39.300532844Z"}
{"log":"INFO [03-25|02:46:47.525] Imported new chain segment               blocks=1     txs=1     mgas=0.133   elapsed=1.999ms   mgasps=66.608   number=2404847 hash=edd76a…9123b5 dirty=685.46MiB\n","stream":"stderr","time":"2020-03-25T02:46:47.525209849Z"}
{"log":"INFO [03-25|02:46:47.641] Chain reorg detected                     number=2404846 hash=86dfcd…52fce3 drop=1 dropfrom=edd76a…9123b5 add=1 addfrom=6e6b43…7cfc50\n","stream":"stderr","time":"2020-03-25T02:46:47.641678012Z"}
{"log":"INFO [03-25|02:46:47.641] Imported new chain segment               blocks=1     txs=1     mgas=0.133   elapsed=1.537ms   mgasps=86.592   number=2404847 hash=6e6b43…7cfc50 dirty=685.46MiB\n","stream":"stderr","time":"2020-03-25T02:46:47.641854852Z"}
{"log":"INFO [03-25|02:47:03.083] Chain reorg detected                     number=2404846 hash=86dfcd…52fce3 drop=1 dropfrom=6e6b43…7cfc50 add=2 addfrom=9f762b…b95e46\n","stream":"stderr","time":"2020-03-25T02:47:03.083862538Z"}
{"log":"INFO [03-25|02:47:03.084] Imported new chain segment               blocks=1     txs=0     mgas=0.000   elapsed=1.501ms   mgasps=0.000    number=2404848 hash=9f762b…b95e46 dirty=685.43MiB\n","stream":"stderr","time":"2020-03-25T02:47:03.084300757Z"}
{"log":"INFO [03-25|02:47:07.477] Deep froze chain segment                 blocks=4     elapsed=23.349ms  number=2314847 hash=042db5…a16d8a\n","stream":"stderr","time":"2020-03-25T02:47:07.477388869Z"}
{"log":"INFO [03-25|02:47:18.115] Imported new chain segment               blocks=1     txs=1     mgas=0.433   elapsed=15.455ms  mgasps=28.032   number=2404849 hash=b2c3cd…64f6d8 dirty=685.44MiB\n","stream":"stderr","time":"2020-03-25T02:47:18.115313075Z"}
{"log":"INFO [03-25|02:47:24.741] Imported new chain segment               blocks=1     txs=1     mgas=0.433   elapsed=12.122ms  mgasps=35.740   number=2404849 hash=410383…7238c1 dirty=685.45MiB\n","stream":"stderr","time":"2020-03-25T02:47:24.741535263Z"}
{"log":"INFO [03-25|02:47:34.364] Imported new chain segment               blocks=1     txs=1     mgas=0.089   elapsed=5.197ms   mgasps=17.051   number=2404850 hash=20fd2a…6491a8 dirty=685.33MiB\n","stream":"stderr","time":"2020-03-25T02:47:34.364742588Z"}
{"log":"INFO [03-25|02:47:47.405] Imported new chain segment               blocks=1     txs=1     mgas=0.433   elapsed=19.265ms  mgasps=22.489   number=2404851 hash=25f38e…b80999 dirty=685.35MiB\n","stream":"stderr","time":"2020-03-25T02:47:47.405490829Z"}
{"log":"INFO [03-25|02:48:03.089] Imported new chain segment               blocks=1     txs=0     mgas=0.000   elapsed=8.116ms   mgasps=0.000    number=2404852 hash=aa8c60…497c89 dirty=684.97MiB\n","stream":"stderr","time":"2020-03-25T02:48:03.089639106Z"}
{"log":"INFO [03-25|02:48:07.505] Deep froze chain segment                 blocks=4     elapsed=27.645ms  number=2314851 hash=5cf2a5…46c2ee\n","stream":"stderr","time":"2020-03-25T02:48:07.505516989Z"}
{"log":"INFO [03-25|02:48:18.623] Imported new chain segment               blocks=1     txs=5     mgas=1.986   elapsed=30.749ms  mgasps=64.581   number=2404853 hash=5e2a44…93da64 dirty=685.07MiB\n","stream":"stderr","time":"2020-03-25T02:48:18.623800091Z"}
{"log":"INFO [03-25|02:48:18.654] Imported new chain segment               blocks=1     txs=5     mgas=1.986   elapsed=22.712ms  mgasps=87.434   number=2404853 hash=48c5b9…f0e10b dirty=685.08MiB\n","stream":"stderr","time":"2020-03-25T02:48:18.655160244Z"}
{"log":"INFO [03-25|02:48:18.750] Imported new chain segment               blocks=1     txs=5     mgas=1.986   elapsed=19.362ms  mgasps=102.557  number=2404853 hash=a15ef1…c60ab2 dirty=685.08MiB\n","stream":"stderr","time":"2020-03-25T02:48:18.750317726Z"}
{"log":"INFO [03-25|02:48:19.505] Imported new chain segment               blocks=1     txs=5     mgas=1.986   elapsed=19.827ms  mgasps=100.153  number=2404853 hash=994246…30891b dirty=685.09MiB\n","stream":"stderr","time":"2020-03-25T02:48:19.505281623Z"}
{"log":"INFO [03-25|02:48:33.182] Imported new chain segment               blocks=1     txs=0     mgas=0.000   elapsed=927.689µs mgasps=0.000    number=2404854 hash=09fdf0…ae2412 dirty=685.06MiB\n","stream":"stderr","time":"2020-03-25T02:48:33.18253483Z"}
{"log":"INFO [03-25|02:48:47.089] Imported new chain segment               blocks=1     txs=1     mgas=0.096   elapsed=2.405ms   mgasps=39.876   number=2404855 hash=74f351…5c0314 dirty=685.08MiB\n","stream":"stderr","time":"2020-03-25T02:48:47.089571697Z"}
{"log":"INFO [03-25|02:48:48.293] Imported new chain segment               blocks=1     txs=0     mgas=0.000   elapsed=302.849µs mgasps=0.000    number=2404855 hash=7f8e36…dbb5bb dirty=685.08MiB\n","stream":"stderr","time":"2020-03-25T02:48:48.293849335Z"}
{"log":"INFO [03-25|02:49:02.375] Imported new chain segment               blocks=1     txs=0     mgas=0.000   elapsed=1.173ms   mgasps=0.000    number=2404856 hash=69d049…c805e1 dirty=685.04MiB\n","stream":"stderr","time":"2020-03-25T02:49:02.375296965Z"}
{"log":"INFO [03-25|02:49:05.863] Chain reorg detected                     number=2404855 hash=74f351…5c0314 drop=1 dropfrom=69d049…c805e1 add=1 addfrom=1b01ef…efa16d\n","stream":"stderr","time":"2020-03-25T02:49:05.863346537Z"}
{"log":"INFO [03-25|02:49:05.863] Imported new chain segment               blocks=1     txs=0     mgas=0.000   elapsed=902.505µs mgasps=0.000    number=2404856 hash=1b01ef…efa16d dirty=685.04MiB\n","stream":"stderr","time":"2020-03-25T02:49:05.863862138Z"}
{"log":"INFO [03-25|02:49:07.544] Deep froze chain segment                 blocks=4     elapsed=38.052ms  number=2314855 hash=33f8eb…cd57f4\n","stream":"stderr","time":"2020-03-25T02:49:07.544433119Z"}
{"log":"INFO [03-25|02:49:17.563] Chain reorg detected                     number=2404855 hash=74f351…5c0314 drop=1 dropfrom=1b01ef…efa16d add=2 addfrom=1b20ef…9310b5\n","stream":"stderr","time":"2020-03-25T02:49:17.563445128Z"}
{"log":"INFO [03-25|02:49:17.565] Imported new chain segment               blocks=1     txs=1     mgas=0.096   elapsed=5.612ms   mgasps=17.087   number=2404857 hash=1b20ef…9310b5 dirty=685.03MiB\n","stream":"stderr","time":"2020-03-25T02:49:17.565457449Z"}
{"log":"INFO [03-25|02:49:19.659] Chain reorg detected                     number=2404856 hash=69d049…c805e1 drop=1 dropfrom=1b20ef…9310b5 add=1 addfrom=ab22a2…795b46\n","stream":"stderr","time":"2020-03-25T02:49:19.659611349Z"}
{"log":"INFO [03-25|02:49:19.659] Imported new chain segment               blocks=1     txs=0     mgas=0.000   elapsed=631.299µs mgasps=0.000    number=2404857 hash=ab22a2…795b46 dirty=685.03MiB\n","stream":"stderr","time":"2020-03-25T02:49:19.659844074Z"}
{"log":"INFO [03-25|02:49:33.562] Chain reorg detected                     number=2404856 hash=69d049…c805e1 drop=1 dropfrom=ab22a2…795b46 add=2 addfrom=eea152…d85084\n","stream":"stderr","time":"2020-03-25T02:49:33.56619199Z"}
{"log":"INFO [03-25|02:49:33.562] Imported new chain segment               blocks=1     txs=0     mgas=0.000   elapsed=1.586ms   mgasps=0.000    number=2404858 hash=eea152…d85084 dirty=685.02MiB\n","stream":"stderr","time":"2020-03-25T02:49:33.566233636Z"}
{"log":"INFO [03-25|02:49:35.045] Imported new chain segment               blocks=1     txs=0     mgas=0.000   elapsed=322.369µs mgasps=0.000    number=2404858 hash=159a98…213475 dirty=685.02MiB\n","stream":"stderr","time":"2020-03-25T02:49:35.045695358Z"}
{"log":"INFO [03-25|02:49:48.121] Imported new chain segment               blocks=1     txs=3     mgas=0.601   elapsed=20.320ms  mgasps=29.569   number=2404859 hash=ef1e5a…78eb7e dirty=685.00MiB\n","stream":"stderr","time":"2020-03-25T02:49:48.121582855Z"}
{"log":"INFO [03-25|02:49:53.167] Imported new chain segment               blocks=1     txs=3     mgas=0.601   elapsed=17.986ms  mgasps=33.405   number=2404859 hash=11a6e7…39f901 dirty=685.00MiB\n","stream":"stderr","time":"2020-03-25T02:49:53.168190258Z"}
{"log":"INFO [03-25|02:50:02.339] Imported new chain segment               blocks=1     txs=0     mgas=0.000   elapsed=2.512ms   mgasps=0.000    number=2404860 hash=b56440…eca9ab dirty=684.89MiB\n","stream":"stderr","time":"2020-03-25T02:50:02.339568893Z"}
{"log":"INFO [03-25|02:50:07.576] Deep froze chain segment                 blocks=4     elapsed=31.887ms  number=2314859 hash=a9e634…e14219\n","stream":"stderr","time":"2020-03-25T02:50:07.576647165Z"}
{"log":"INFO [03-25|02:50:17.089] Imported new chain segment               blocks=1     txs=0     mgas=0.000   elapsed=587.805µs mgasps=0.000    number=2404861 hash=bdba4c…1289c7 dirty=684.89MiB\n","stream":"stderr","time":"2020-03-25T02:50:17.089968338Z"}
{"log":"INFO [03-25|02:50:33.284] Imported new chain segment               blocks=1     txs=4     mgas=3.214   elapsed=28.496ms  mgasps=112.772  number=2404862 hash=5ba386…5d6cb3 dirty=685.12MiB\n","stream":"stderr","time":"2020-03-25T02:50:33.284623314Z"}
{"log":"INFO [03-25|02:50:47.869] Imported new chain segment               blocks=1     txs=2     mgas=1.249   elapsed=19.108ms  mgasps=65.378   number=2404863 hash=503858…153122 dirty=685.19MiB\n","stream":"stderr","time":"2020-03-25T02:50:47.869519932Z"}
{"log":"INFO [03-25|02:51:02.143] Imported new chain segment               blocks=1     txs=0     mgas=0.000   elapsed=464.647µs mgasps=0.000    number=2404864 hash=6ce3d9…1605f0 dirty=685.19MiB\n","stream":"stderr","time":"2020-03-25T02:51:02.143639401Z"}
{"log":"INFO [03-25|02:51:07.612] Deep froze chain segment                 blocks=4     elapsed=35.961ms  number=2314863 hash=943ab9…39e2a6\n","stream":"stderr","time":"2020-03-25T02:51:07.612903946Z"}
{"log":"INFO [03-25|02:51:17.351] Imported new chain segment               blocks=1     txs=2     mgas=0.454   elapsed=17.808ms  mgasps=25.506   number=2404865 hash=b36ed3…4ea129 dirty=685.19MiB\n","stream":"stderr","time":"2020-03-25T02:51:17.351868954Z"}
{"log":"INFO [03-25|02:51:20.234] Chain reorg detected                     number=2404864 hash=6ce3d9…1605f0 drop=1 dropfrom=b36ed3…4ea129 add=1 addfrom=13a788…178c0c\n","stream":"stderr","time":"2020-03-25T02:51:20.234971487Z"}
{"log":"INFO [03-25|02:51:20.235] Imported new chain segment               blocks=1     txs=1     mgas=0.433   elapsed=17.087ms  mgasps=25.354   number=2404865 hash=13a788…178c0c dirty=685.19MiB\n","stream":"stderr","time":"2020-03-25T02:51:20.235218157Z"}
{"log":"INFO [03-25|02:51:20.261] Chain reorg detected                     number=2404864 hash=6ce3d9…1605f0 drop=1 dropfrom=13a788…178c0c add=1 addfrom=93968d…bcf696\n","stream":"stderr","time":"2020-03-25T02:51:20.261281941Z"}
{"log":"INFO [03-25|02:51:20.261] Imported new chain segment               blocks=1     txs=2     mgas=0.454   elapsed=17.492ms  mgasps=25.967   number=2404865 hash=93968d…bcf696 dirty=685.20MiB\n","stream":"stderr","time":"2020-03-25T02:51:20.261541392Z"}
{"log":"INFO [03-25|02:51:32.318] Chain reorg detected                     number=2404864 hash=6ce3d9…1605f0 drop=1 dropfrom=93968d…bcf696 add=2 addfrom=d57ca0…3f5f11\n","stream":"stderr","time":"2020-03-25T02:51:32.318304209Z"}
{"log":"INFO [03-25|02:51:32.319] Imported new chain segment               blocks=1     txs=0     mgas=0.000   elapsed=3.457ms   mgasps=0.000    number=2404866 hash=d57ca0…3f5f11 dirty=685.16MiB\n","stream":"stderr","time":"2020-03-25T02:51:32.320007681Z"}
{"log":"INFO [03-25|02:51:33.491] Imported new chain segment               blocks=1     txs=0     mgas=0.000   elapsed=539.179µs mgasps=0.000    number=2404866 hash=281617…7663b0 dirty=685.16MiB\n","stream":"stderr","time":"2020-03-25T02:51:33.491779978Z"}
{"log":"INFO [03-25|02:51:47.840] Imported new chain segment               blocks=1     txs=1     mgas=0.096   elapsed=2.387ms   mgasps=40.179   number=2404867 hash=92923d…e23b3f dirty=685.18MiB\n","stream":"stderr","time":"2020-03-25T02:51:47.841001884Z"}
{"log":"INFO [03-25|02:51:49.546] Chain reorg detected                     number=2404866 hash=d57ca0…3f5f11 drop=1 dropfrom=92923d…e23b3f add=1 addfrom=f6cb88…dbdd6c\n","stream":"stderr","time":"2020-03-25T02:51:49.546908878Z"}
{"log":"INFO [03-25|02:51:49.547] Imported new chain segment               blocks=1     txs=0     mgas=0.000   elapsed=547.051µs mgasps=0.000    number=2404867 hash=f6cb88…dbdd6c dirty=685.18MiB\n","stream":"stderr","time":"2020-03-25T02:51:49.547108515Z"}
{"log":"INFO [03-25|02:52:02.436] Chain reorg detected                     number=2404866 hash=d57ca0…3f5f11 drop=1 dropfrom=f6cb88…dbdd6c add=2 addfrom=967f32…7dd917\n","stream":"stderr","time":"2020-03-25T02:52:02.437174715Z"}
{"log":"INFO [03-25|02:52:02.437] Imported new chain segment               blocks=1     txs=1     mgas=0.433   elapsed=16.885ms  mgasps=25.656   number=2404868 hash=967f32…7dd917 dirty=685.16MiB\n","stream":"stderr","time":"2020-03-25T02:52:02.437641928Z"}
{"log":"INFO [03-25|02:52:04.012] Imported new chain segment               blocks=1     txs=1     mgas=0.433   elapsed=18.124ms  mgasps=23.903   number=2404868 hash=b7d387…7fcb90 dirty=685.17MiB\n","stream":"stderr","time":"2020-03-25T02:52:04.012654384Z"}
{"log":"INFO [03-25|02:52:04.028] Chain reorg detected                     number=2404867 hash=92923d…e23b3f drop=1 dropfrom=967f32…7dd917 add=1 addfrom=b22492…df6d5f\n","stream":"stderr","time":"2020-03-25T02:52:04.028970571Z"}
{"log":"INFO [03-25|02:52:04.029] Imported new chain segment               blocks=1     txs=0     mgas=0.000   elapsed=688.909µs mgasps=0.000    number=2404868 hash=b22492…df6d5f dirty=685.17MiB\n","stream":"stderr","time":"2020-03-25T02:52:04.029186299Z"}
{"log":"INFO [03-25|02:52:07.635] Deep froze chain segment                 blocks=4     elapsed=22.907ms  number=2314867 hash=b6d49e…f0ee4a\n","stream":"stderr","time":"2020-03-25T02:52:07.636216167Z"}
{"log":"INFO [03-25|02:52:18.052] Imported new chain segment               blocks=1     txs=2     mgas=0.454   elapsed=17.675ms  mgasps=25.697   number=2404869 hash=4c831d…38ecaa dirty=685.15MiB\n","stream":"stderr","time":"2020-03-25T02:52:18.052907245Z"}
{"log":"INFO [03-25|02:52:18.987] Chain reorg detected                     number=2404867 hash=92923d…e23b3f drop=2 dropfrom=4c831d…38ecaa add=2 addfrom=eb073f…25c810\n","stream":"stderr","time":"2020-03-25T02:52:18.987236586Z"}
{"log":"INFO [03-25|02:52:18.987] Imported new chain segment               blocks=1     txs=1     mgas=0.021   elapsed=1.866ms   mgasps=11.250   number=2404869 hash=eb073f…25c810 dirty=685.15MiB\n","stream":"stderr","time":"2020-03-25T02:52:18.987679193Z"}
{"log":"INFO [03-25|02:52:32.090] Imported new chain segment               blocks=1     txs=0     mgas=0.000   elapsed=4.454ms   mgasps=0.000    number=2404870 hash=d81c8b…65b743 dirty=684.92MiB\n","stream":"stderr","time":"2020-03-25T02:52:32.090419102Z"}
{"log":"INFO [03-25|02:52:47.350] Imported new chain segment               blocks=1     txs=1     mgas=0.433   elapsed=20.497ms  mgasps=21.135   number=2404871 hash=3aaa23…647052 dirty=684.81MiB\n","stream":"stderr","time":"2020-03-25T02:52:47.350720626Z"}
{"log":"INFO [03-25|02:53:02.212] Imported new chain segment               blocks=1     txs=0     mgas=0.000   elapsed=646.589µs mgasps=0.000    number=2404872 hash=977e40…669883 dirty=684.81MiB\n","stream":"stderr","time":"2020-03-25T02:53:02.213158038Z"}
{"log":"INFO [03-25|02:53:02.280] Imported new chain segment               blocks=1     txs=1     mgas=0.056   elapsed=1.558ms   mgasps=35.763   number=2404872 hash=128478…1330da dirty=684.82MiB\n","stream":"stderr","time":"2020-03-25T02:53:02.281063598Z"}
{"log":"INFO [03-25|02:53:07.668] Deep froze chain segment                 blocks=4     elapsed=31.674ms  number=2314871 hash=3e104a…ab84ec\n","stream":"stderr","time":"2020-03-25T02:53:07.668571132Z"}
{"log":"INFO [03-25|02:53:18.582] Imported new chain segment               blocks=1     txs=1     mgas=0.056   elapsed=2.174ms   mgasps=25.635   number=2404873 hash=73c3d7…055338 dirty=684.80MiB\n","stream":"stderr","time":"2020-03-25T02:53:18.582325088Z"}
{"log":"INFO [03-25|02:53:32.109] Imported new chain segment               blocks=1     txs=0     mgas=0.000   elapsed=589.096µs mgasps=0.000    number=2404874 hash=4d47d5…37e9ed dirty=684.80MiB\n","stream":"stderr","time":"2020-03-25T02:53:32.109570852Z"}
{"log":"INFO [03-25|02:53:47.332] Imported new chain segment               blocks=1     txs=0     mgas=0.000   elapsed=938.801µs mgasps=0.000    number=2404875 hash=89a935…b01a75 dirty=684.78MiB\n","stream":"stderr","time":"2020-03-25T02:53:47.333076773Z"}
{"log":"INFO [03-25|02:53:49.702] Chain reorg detected                     number=2404874 hash=4d47d5…37e9ed drop=1 dropfrom=89a935…b01a75 add=1 addfrom=63ab08…82bedb\n","stream":"stderr","time":"2020-03-25T02:53:49.703229165Z"}
{"log":"INFO [03-25|02:53:49.703] Imported new chain segment               blocks=1     txs=0     mgas=0.000   elapsed=554.025µs mgasps=0.000    number=2404875 hash=63ab08…82bedb dirty=684.78MiB\n","stream":"stderr","time":"2020-03-25T02:53:49.703336136Z"}
{"log":"INFO [03-25|02:54:03.119] Chain reorg detected                     number=2404874 hash=4d47d5…37e9ed drop=1 dropfrom=63ab08…82bedb add=2 addfrom=291c7c…19d24e\n","stream":"stderr","time":"2020-03-25T02:54:03.119587468Z"}
{"log":"INFO [03-25|02:54:03.119] Imported new chain segment               blocks=1     txs=0     mgas=0.000   elapsed=1.262ms   mgasps=0.000    number=2404876 hash=291c7c…19d24e dirty=684.75MiB\n","stream":"stderr","time":"2020-03-25T02:54:03.11992666Z"}
{"log":"INFO [03-25|02:54:03.151] Chain reorg detected                     number=2404874 hash=4d47d5…37e9ed drop=2 dropfrom=291c7c…19d24e add=2 addfrom=bc5093…0730d6\n","stream":"stderr","time":"2020-03-25T02:54:03.151884818Z"}
{"log":"INFO [03-25|02:54:03.152] Imported new chain segment               blocks=1     txs=1     mgas=0.096   elapsed=2.637ms   mgasps=36.359   number=2404876 hash=bc5093…0730d6 dirty=684.77MiB\n","stream":"stderr","time":"2020-03-25T02:54:03.152321359Z"}
{"log":"INFO [03-25|02:54:04.339] Imported new chain segment               blocks=1     txs=0     mgas=0.000   elapsed=516.531µs mgasps=0.000    number=2404876 hash=dd14ea…0a03ee dirty=684.77MiB\n","stream":"stderr","time":"2020-03-25T02:54:04.340333376Z"}
{"log":"INFO [03-25|02:54:04.686] Chain reorg detected                     number=2404874 hash=4d47d5…37e9ed drop=2 dropfrom=bc5093…0730d6 add=2 addfrom=f805f5…b57360\n","stream":"stderr","time":"2020-03-25T02:54:04.686545836Z"}
{"log":"INFO [03-25|02:54:04.686] Imported new chain segment               blocks=1     txs=1     mgas=0.096   elapsed=2.437ms   mgasps=39.354   number=2404876 hash=f805f5…b57360 dirty=684.77MiB\n","stream":"stderr","time":"2020-03-25T02:54:04.686836134Z"}
{"log":"INFO [03-25|02:54:07.701] Deep froze chain segment                 blocks=4     elapsed=33.117ms  number=2314875 hash=bfcaef…d61c98\n","stream":"stderr","time":"2020-03-25T02:54:07.702077248Z"}
{"log":"INFO [03-25|02:54:17.073] Chain reorg detected                     number=2404874 hash=4d47d5…37e9ed drop=2 dropfrom=f805f5…b57360 add=3 addfrom=b06f7a…cb07b7\n","stream":"stderr","time":"2020-03-25T02:54:17.074152391Z"}
{"log":"INFO [03-25|02:54:17.074] Imported new chain segment               blocks=1     txs=0     mgas=0.000   elapsed=1.359ms   mgasps=0.000    number=2404877 hash=b06f7a…cb07b7 dirty=684.75MiB\n","stream":"stderr","time":"2020-03-25T02:54:17.074587822Z"}
{"log":"INFO [03-25|02:54:17.237] Imported new chain segment               blocks=1     txs=0     mgas=0.000   elapsed=320.055µs mgasps=0.000    number=2404877 hash=160258…e965d6 dirty=684.75MiB\n","stream":"stderr","time":"2020-03-25T02:54:17.237728951Z"}
{"log":"INFO [03-25|02:54:33.033] Imported new chain segment               blocks=1     txs=0     mgas=0.000   elapsed=580.714µs mgasps=0.000    number=2404878 hash=6e8e9a…5b6463 dirty=684.74MiB\n","stream":"stderr","time":"2020-03-25T02:54:33.03415021Z"}
{"log":"INFO [03-25|02:54:35.022] Imported new chain segment               blocks=1     txs=1     mgas=0.487   elapsed=17.092ms  mgasps=28.468   number=2404878 hash=2f9568…635f26 dirty=684.77MiB\n","stream":"stderr","time":"2020-03-25T02:54:35.02261421Z"}
{"log":"INFO [03-25|02:54:47.198] Chain reorg detected                     number=2404877 hash=b06f7a…cb07b7 drop=1 dropfrom=6e8e9a…5b6463 add=2 addfrom=eb0500…cd4674\n","stream":"stderr","time":"2020-03-25T02:54:47.198747176Z"}
{"log":"INFO [03-25|02:54:47.199] Imported new chain segment               blocks=1     txs=0     mgas=0.000   elapsed=974.631µs mgasps=0.000    number=2404879 hash=eb0500…cd4674 dirty=684.77MiB\n","stream":"stderr","time":"2020-03-25T02:54:47.199182155Z"}
{"log":"INFO [03-25|02:54:49.126] Chain reorg detected                     number=2404877 hash=b06f7a…cb07b7 drop=2 dropfrom=eb0500…cd4674 add=2 addfrom=1acdaf…bc44a3\n","stream":"stderr","time":"2020-03-25T02:54:49.126704702Z"}
{"log":"INFO [03-25|02:54:49.126] Imported new chain segment               blocks=1     txs=1     mgas=0.487   elapsed=17.419ms  mgasps=27.935   number=2404879 hash=1acdaf…bc44a3 dirty=684.77MiB\n","stream":"stderr","time":"2020-03-25T02:54:49.127122921Z"}
{"log":"INFO [03-25|02:55:02.125] Chain reorg detected                     number=2404877 hash=b06f7a…cb07b7 drop=2 dropfrom=1acdaf…bc44a3 add=3 addfrom=2d028a…18224a\n","stream":"stderr","time":"2020-03-25T02:55:02.125975409Z"}
{"log":"INFO [03-25|02:55:02.126] Imported new chain segment               blocks=1     txs=0     mgas=0.000   elapsed=990.545µs mgasps=0.000    number=2404880 hash=2d028a…18224a dirty=684.76MiB\n","stream":"stderr","time":"2020-03-25T02:55:02.126376308Z"}
{"log":"INFO [03-25|02:55:07.736] Deep froze chain segment                 blocks=4     elapsed=34.119ms  number=2314879 hash=264003…3f4cf9\n","stream":"stderr","time":"2020-03-25T02:55:07.736813608Z"}
{"log":"INFO [03-25|02:55:18.348] Imported new chain segment               blocks=1     txs=2     mgas=0.529   elapsed=14.855ms  mgasps=35.618   number=2404881 hash=7b7738…fe4aaa dirty=684.79MiB\n","stream":"stderr","time":"2020-03-25T02:55:18.348485742Z"}
{"log":"INFO [03-25|02:55:19.521] Chain reorg detected                     number=2404880 hash=2d028a…18224a drop=1 dropfrom=7b7738…fe4aaa add=1 addfrom=a97005…a17ba4\n","stream":"stderr","time":"2020-03-25T02:55:19.521956003Z"}
{"log":"INFO [03-25|02:55:19.522] Imported new chain segment               blocks=1     txs=1     mgas=0.096   elapsed=3.163ms   mgasps=30.321   number=2404881 hash=a97005…a17ba4 dirty=684.79MiB\n","stream":"stderr","time":"2020-03-25T02:55:19.522260137Z"}
{"log":"INFO [03-25|02:55:19.576] Chain reorg detected                     number=2404880 hash=2d028a…18224a drop=1 dropfrom=a97005…a17ba4 add=1 addfrom=ff3d56…ffcc29\n","stream":"stderr","time":"2020-03-25T02:55:19.578602475Z"}
{"log":"INFO [03-25|02:55:19.577] Imported new chain segment               blocks=1     txs=2     mgas=0.529   elapsed=18.499ms  mgasps=28.603   number=2404881 hash=ff3d56…ffcc29 dirty=684.80MiB\n","stream":"stderr","time":"2020-03-25T02:55:19.578629598Z"}
{"log":"INFO [03-25|02:55:26.265] Chain reorg detected                     number=2404880 hash=2d028a…18224a drop=1 dropfrom=ff3d56…ffcc29 add=1 addfrom=324d3b…db0952\n","stream":"stderr","time":"2020-03-25T02:55:26.265848174Z"}
{"log":"INFO [03-25|02:55:26.265] Imported new chain segment               blocks=1     txs=2     mgas=0.529   elapsed=14.285ms  mgasps=37.041   number=2404881 hash=324d3b…db0952 dirty=684.80MiB\n","stream":"stderr","time":"2020-03-25T02:55:26.266005807Z"}
{"log":"INFO [03-25|02:55:32.376] Imported new chain segment               blocks=1     txs=1     mgas=0.931   elapsed=13.170ms  mgasps=70.707   number=2404882 hash=3f489e…266b4e dirty=684.84MiB\n","stream":"stderr","time":"2020-03-25T02:55:32.376963306Z"}
{"log":"INFO [03-25|02:55:35.118] Imported new chain segment               blocks=1     txs=0     mgas=0.000   elapsed=495.887µs mgasps=0.000    number=2404882 hash=b1cd25…06ce72 dirty=684.84MiB\n","stream":"stderr","time":"2020-03-25T02:55:35.118489072Z"}
{"log":"INFO [03-25|02:55:35.700] Imported new chain segment               blocks=1     txs=5     mgas=1.737   elapsed=56.769ms  mgasps=30.604   number=2404882 hash=6389bf…cc01f0 dirty=684.87MiB\n","stream":"stderr","time":"2020-03-25T02:55:35.700477208Z"}
{"log":"INFO [03-25|02:55:36.318] Imported new chain segment               blocks=1     txs=5     mgas=1.737   elapsed=60.088ms  mgasps=28.914   number=2404882 hash=1b1f71…294c60 dirty=684.87MiB\n","stream":"stderr","time":"2020-03-25T02:55:36.318896497Z"}
{"log":"INFO [03-25|02:55:49.023] Imported new chain segment               blocks=1     txs=4     mgas=0.806   elapsed=15.815ms  mgasps=50.972   number=2404883 hash=e1387f…9ae2f7 dirty=684.87MiB\n","stream":"stderr","time":"2020-03-25T02:55:49.023559752Z"}
{"log":"INFO [03-25|02:55:50.858] Imported new chain segment               blocks=1     txs=4     mgas=0.806   elapsed=15.784ms  mgasps=51.072   number=2404883 hash=3074d5…c28941 dirty=684.87MiB\n","stream":"stderr","time":"2020-03-25T02:55:50.859012452Z"}
{"log":"INFO [03-25|02:56:02.182] Chain reorg detected                     number=2404882 hash=3f489e…266b4e drop=1 dropfrom=e1387f…9ae2f7 add=2 addfrom=078d47…1efef3\n","stream":"stderr","time":"2020-03-25T02:56:02.182261605Z"}
{"log":"INFO [03-25|02:56:02.182] Imported new chain segment               blocks=1     txs=1     mgas=0.433   elapsed=22.732ms  mgasps=19.058   number=2404884 hash=078d47…1efef3 dirty=684.85MiB\n","stream":"stderr","time":"2020-03-25T02:56:02.18314711Z"}
{"log":"INFO [03-25|02:56:02.704] Imported new chain segment               blocks=1     txs=1     mgas=0.433   elapsed=16.068ms  mgasps=26.962   number=2404884 hash=a01ce9…3b96e4 dirty=684.85MiB\n","stream":"stderr","time":"2020-03-25T02:56:02.704760157Z"}
{"log":"INFO [03-25|02:56:03.490] Imported new chain segment               blocks=1     txs=1     mgas=0.433   elapsed=16.605ms  mgasps=26.090   number=2404884 hash=72082b…8fd876 dirty=684.85MiB\n","stream":"stderr","time":"2020-03-25T02:56:03.491143608Z"}
{"log":"INFO [03-25|02:56:07.772] Deep froze chain segment                 blocks=4     elapsed=35.556ms  number=2314883 hash=621ba2…f8ec3c\n","stream":"stderr","time":"2020-03-25T02:56:07.772671196Z"}
{"log":"INFO [03-25|02:56:17.098] Imported new chain segment               blocks=1     txs=1     mgas=0.056   elapsed=2.943ms   mgasps=18.933   number=2404885 hash=f124dd…0a6d76 dirty=684.81MiB\n","stream":"stderr","time":"2020-03-25T02:56:17.09909229Z"}
{"log":"INFO [03-25|02:56:32.075] Imported new chain segment               blocks=1     txs=0     mgas=0.000   elapsed=833.817µs mgasps=0.000    number=2404886 hash=c7b8c7…64d692 dirty=684.79MiB\n","stream":"stderr","time":"2020-03-25T02:56:32.0761022Z"}
{"log":"INFO [03-25|02:56:47.069] Imported new chain segment               blocks=1     txs=1     mgas=0.433   elapsed=15.084ms  mgasps=28.722   number=2404887 hash=b472f1…e89683 dirty=684.81MiB\n","stream":"stderr","time":"2020-03-25T02:56:47.070065887Z"}
{"log":"INFO [03-25|02:56:52.466] Imported new chain segment               blocks=1     txs=1     mgas=0.433   elapsed=15.040ms  mgasps=28.805   number=2404887 hash=78d52a…b5ae00 dirty=684.81MiB\n","stream":"stderr","time":"2020-03-25T02:56:52.466303572Z"}
{"log":"INFO [03-25|02:57:02.079] Imported new chain segment               blocks=1     txs=1     mgas=0.096   elapsed=2.750ms   mgasps=34.870   number=2404888 hash=527197…2de22a dirty=684.81MiB\n","stream":"stderr","time":"2020-03-25T02:57:02.079846444Z"}
{"log":"INFO [03-25|02:57:07.807] Deep froze chain segment                 blocks=4     elapsed=34.626ms  number=2314887 hash=0daf71…f3935f\n","stream":"stderr","time":"2020-03-25T02:57:07.807561182Z"}
{"log":"INFO [03-25|02:57:18.129] Imported new chain segment               blocks=1     txs=0     mgas=0.000   elapsed=856.498µs mgasps=0.000    number=2404889 hash=a92d06…eebec0 dirty=684.80MiB\n","stream":"stderr","time":"2020-03-25T02:57:18.12950847Z"}
{"log":"INFO [03-25|02:57:32.382] Imported new chain segment               blocks=1     txs=1     mgas=0.433   elapsed=23.290ms  mgasps=18.601   number=2404890 hash=783a4d…0064bb dirty=684.73MiB\n","stream":"stderr","time":"2020-03-25T02:57:32.382646407Z"}
{"log":"INFO [03-25|02:57:47.091] Imported new chain segment               blocks=1     txs=0     mgas=0.000   elapsed=1.149ms   mgasps=0.000    number=2404891 hash=e273e4…b4ad4b dirty=684.71MiB\n","stream":"stderr","time":"2020-03-25T02:57:47.091322329Z"}
{"log":"INFO [03-25|02:58:02.346] Imported new chain segment               blocks=1     txs=0     mgas=0.000   elapsed=1.348ms   mgasps=0.000    number=2404892 hash=cce852…938706 dirty=684.67MiB\n","stream":"stderr","time":"2020-03-25T02:58:02.346431886Z"}
{"log":"INFO [03-25|02:58:05.063] Imported new chain segment               blocks=1     txs=5     mgas=1.986   elapsed=32.409ms  mgasps=61.281   number=2404892 hash=48825c…854427 dirty=684.79MiB\n","stream":"stderr","time":"2020-03-25T02:58:05.063315336Z"}
{"log":"INFO [03-25|02:58:07.833] Deep froze chain segment                 blocks=4     elapsed=26.149ms  number=2314891 hash=b7198d…68008a\n","stream":"stderr","time":"2020-03-25T02:58:07.834067093Z"}
{"log":"INFO [03-25|02:58:17.527] Imported new chain segment               blocks=1     txs=6     mgas=2.025   elapsed=20.772ms  mgasps=97.506   number=2404893 hash=625ea0…58772d dirty=684.80MiB\n","stream":"stderr","time":"2020-03-25T02:58:17.527627011Z"}
{"log":"INFO [03-25|02:58:18.696] Imported new chain segment               blocks=1     txs=6     mgas=2.025   elapsed=20.142ms  mgasps=100.557  number=2404893 hash=ab53f5…367de9 dirty=684.81MiB\n","stream":"stderr","time":"2020-03-25T02:58:18.696678821Z"}
{"log":"INFO [03-25|02:58:32.131] Imported new chain segment               blocks=1     txs=0     mgas=0.000   elapsed=427.49µs  mgasps=0.000    number=2404894 hash=a672c0…db77c1 dirty=684.81MiB\n","stream":"stderr","time":"2020-03-25T02:58:32.131290139Z"}
{"log":"INFO [03-25|02:58:47.375] Imported new chain segment               blocks=1     txs=0     mgas=0.000   elapsed=681.025µs mgasps=0.000    number=2404895 hash=98fbd4…335d73 dirty=684.80MiB\n","stream":"stderr","time":"2020-03-25T02:58:47.375486913Z"}
{"log":"INFO [03-25|02:58:48.332] Chain reorg detected                     number=2404894 hash=a672c0…db77c1 drop=1 dropfrom=98fbd4…335d73 add=1 addfrom=072f14…1e0db7\n","stream":"stderr","time":"2020-03-25T02:58:48.332927176Z"}
{"log":"INFO [03-25|02:58:48.333] Imported new chain segment               blocks=1     txs=0     mgas=0.000   elapsed=725.533µs mgasps=0.000    number=2404895 hash=072f14…1e0db7 dirty=684.80MiB\n","stream":"stderr","time":"2020-03-25T02:58:48.333225337Z"}
{"log":"INFO [03-25|02:59:03.048] Imported new chain segment               blocks=1     txs=0     mgas=0.000   elapsed=1.171ms   mgasps=0.000    number=2404896 hash=207374…29d033 dirty=684.77MiB\n","stream":"stderr","time":"2020-03-25T02:59:03.04879971Z"}
{"log":"INFO [03-25|02:59:04.647] Chain reorg detected                     number=2404894 hash=a672c0…db77c1 drop=2 dropfrom=207374…29d033 add=2 addfrom=b1e1f5…cea7b7\n","stream":"stderr","time":"2020-03-25T02:59:04.647975899Z"}
{"log":"INFO [03-25|02:59:04.648] Imported new chain segment               blocks=1     txs=0     mgas=0.000   elapsed=646.075µs mgasps=0.000    number=2404896 hash=b1e1f5…cea7b7 dirty=684.77MiB\n","stream":"stderr","time":"2020-03-25T02:59:04.648193309Z"}
{"log":"INFO [03-25|02:59:07.874] Deep froze chain segment                 blocks=4     elapsed=39.782ms  number=2314895 hash=ec430b…6bed9f\n","stream":"stderr","time":"2020-03-25T02:59:07.87420211Z"}
{"log":"INFO [03-25|02:59:12.714] New local node record                    seq=31 id=8252fae760b7940d ip=31.147.195.65 udp=1024  tcp=30303\n","stream":"stderr","time":"2020-03-25T02:59:12.714761816Z"}
{"log":"INFO [03-25|02:59:17.044] Chain reorg detected                     number=2404894 hash=a672c0…db77c1 drop=2 dropfrom=b1e1f5…cea7b7 add=3 addfrom=ea5f6b…f09f00\n","stream":"stderr","time":"2020-03-25T02:59:17.044358504Z"}
{"log":"INFO [03-25|02:59:17.044] Imported new chain segment               blocks=1     txs=0     mgas=0.000   elapsed=885.775µs mgasps=0.000    number=2404897 hash=ea5f6b…f09f00 dirty=684.77MiB\n","stream":"stderr","time":"2020-03-25T02:59:17.044744149Z"}
{"log":"INFO [03-25|02:59:32.557] Imported new chain segment               blocks=1     txs=0     mgas=0.000   elapsed=2.101ms   mgasps=0.000    number=2404898 hash=4581ea…78ad72 dirty=684.73MiB\n","stream":"stderr","time":"2020-03-25T02:59:32.557923134Z"}
{"log":"INFO [03-25|02:59:33.811] Imported new chain segment               blocks=1     txs=1     mgas=0.056   elapsed=1.414ms   mgasps=39.398   number=2404898 hash=0f584c…66fe54 dirty=684.74MiB\n","stream":"stderr","time":"2020-03-25T02:59:33.81191069Z"}
{"log":"INFO [03-25|02:59:48.589] Imported new chain segment               blocks=1     txs=2     mgas=0.542   elapsed=23.535ms  mgasps=23.045   number=2404899 hash=2a7d3f…fb5405 dirty=684.72MiB\n","stream":"stderr","time":"2020-03-25T02:59:48.589665311Z"}
{"log":"INFO [03-25|02:59:49.042] Chain reorg detected                     number=2404898 hash=4581ea…78ad72 drop=1 dropfrom=2a7d3f…fb5405 add=1 addfrom=189e6b…5d9d29\n","stream":"stderr","time":"2020-03-25T02:59:49.043167082Z"}
{"log":"INFO [03-25|02:59:49.043] Imported new chain segment               blocks=1     txs=2     mgas=0.542   elapsed=22.455ms  mgasps=24.153   number=2404899 hash=189e6b…5d9d29 dirty=684.72MiB\n","stream":"stderr","time":"2020-03-25T02:59:49.043587997Z"}
{"log":"INFO [03-25|02:59:53.826] Imported new chain segment               blocks=1     txs=2     mgas=0.542   elapsed=13.494ms  mgasps=40.192   number=2404899 hash=f3f335…d928e8 dirty=684.73MiB\n","stream":"stderr","time":"2020-03-25T02:59:53.826259371Z"}
{"log":"INFO [03-25|03:00:02.330] Chain reorg detected                     number=2404898 hash=4581ea…78ad72 drop=1 dropfrom=189e6b…5d9d29 add=2 addfrom=13bc6a…589ac9\n","stream":"stderr","time":"2020-03-25T03:00:02.330972153Z"}
{"log":"INFO [03-25|03:00:02.331] Imported new chain segment               blocks=1     txs=0     mgas=0.000   elapsed=3.805ms   mgasps=0.000    number=2404900 hash=13bc6a…589ac9 dirty=684.62MiB\n","stream":"stderr","time":"2020-03-25T03:00:02.331882268Z"}
{"log":"INFO [03-25|03:00:07.906] Deep froze chain segment                 blocks=4     elapsed=31.694ms  number=2314899 hash=74ecde…329fd8\n","stream":"stderr","time":"2020-03-25T03:00:07.906377744Z"}
{"log":"INFO [03-25|03:00:17.574] Imported new chain segment               blocks=1     txs=1     mgas=0.433   elapsed=17.574ms  mgasps=24.651   number=2404901 hash=611481…7b5b80 dirty=684.63MiB\n","stream":"stderr","time":"2020-03-25T03:00:17.574262872Z"}
{"log":"INFO [03-25|03:00:18.355] Chain reorg detected                     number=2404900 hash=13bc6a…589ac9 drop=1 dropfrom=611481…7b5b80 add=1 addfrom=eff593…9be11d\n","stream":"stderr","time":"2020-03-25T03:00:18.355279812Z"}
{"log":"INFO [03-25|03:00:18.355] Imported new chain segment               blocks=1     txs=1     mgas=3.901   elapsed=35.687ms  mgasps=109.314  number=2404901 hash=eff593…9be11d dirty=685.09MiB\n","stream":"stderr","time":"2020-03-25T03:00:18.356014163Z"}
{"log":"INFO [03-25|03:00:20.461] Imported new chain segment               blocks=1     txs=1     mgas=3.901   elapsed=17.301ms  mgasps=225.483  number=2404901 hash=894e08…4025c9 dirty=685.09MiB\n","stream":"stderr","time":"2020-03-25T03:00:20.46187464Z"}
{"log":"INFO [03-25|03:00:33.142] Chain reorg detected                     number=2404900 hash=13bc6a…589ac9 drop=1 dropfrom=eff593…9be11d add=2 addfrom=5f5182…498686\n","stream":"stderr","time":"2020-03-25T03:00:33.142366983Z"}
{"log":"INFO [03-25|03:00:33.142] Imported new chain segment               blocks=1     txs=5     mgas=7.276   elapsed=37.639ms  mgasps=193.310  number=2404902 hash=5f5182…498686 dirty=685.36MiB\n","stream":"stderr","time":"2020-03-25T03:00:33.142710302Z"}
{"log":"INFO [03-25|03:00:34.438] Imported new chain segment               blocks=1     txs=1     mgas=3.901   elapsed=19.548ms  mgasps=199.564  number=2404902 hash=fb69b2…19fceb dirty=685.36MiB\n","stream":"stderr","time":"2020-03-25T03:00:34.438393187Z"}
{"log":"INFO [03-25|03:00:34.502] Chain reorg detected                     number=2404901 hash=611481…7b5b80 drop=1 dropfrom=5f5182…498686 add=1 addfrom=c93041…92f222\n","stream":"stderr","time":"2020-03-25T03:00:34.502195357Z"}
{"log":"INFO [03-25|03:00:34.502] Imported new chain segment               blocks=1     txs=5     mgas=7.276   elapsed=27.545ms  mgasps=264.144  number=2404902 hash=c93041…92f222 dirty=685.36MiB\n","stream":"stderr","time":"2020-03-25T03:00:34.502420855Z"}
{"log":"INFO [03-25|03:00:34.712] Imported new chain segment               blocks=1     txs=0     mgas=0.000   elapsed=314.856µs mgasps=0.000    number=2404901 hash=02444f…6f9a9f dirty=685.36MiB\n","stream":"stderr","time":"2020-03-25T03:00:34.712735351Z"}
{"log":"INFO [03-25|03:00:47.548] Imported new chain segment               blocks=1     txs=4     mgas=0.987   elapsed=23.138ms  mgasps=42.638   number=2404903 hash=9344f2…e3d940 dirty=685.41MiB\n","stream":"stderr","time":"2020-03-25T03:00:47.548317219Z"}
{"log":"INFO [03-25|03:00:48.321] Imported new chain segment               blocks=1     txs=1     mgas=3.901   elapsed=15.069ms  mgasps=258.881  number=2404902 hash=451868…4e114c dirty=685.41MiB\n","stream":"stderr","time":"2020-03-25T03:00:48.321861056Z"}
{"log":"INFO [03-25|03:00:49.619] Imported new chain segment               blocks=1     txs=1     mgas=0.361   elapsed=4.248ms   mgasps=85.082   number=2404903 hash=3f0f8a…1816cc dirty=685.42MiB\n","stream":"stderr","time":"2020-03-25T03:00:49.619770059Z"}
{"log":"INFO [03-25|03:00:49.634] Chain reorg detected                     number=2404901 hash=611481…7b5b80 drop=2 dropfrom=9344f2…e3d940 add=2 addfrom=eb1203…f5b41d\n","stream":"stderr","time":"2020-03-25T03:00:49.634438397Z"}
{"log":"INFO [03-25|03:00:49.635] Imported new chain segment               blocks=1     txs=2     mgas=0.457   elapsed=7.998ms   mgasps=57.188   number=2404903 hash=eb1203…f5b41d dirty=685.43MiB\n","stream":"stderr","time":"2020-03-25T03:00:49.635634859Z"}
{"log":"INFO [03-25|03:01:02.176] Chain reorg detected                     number=2404902 hash=5f5182…498686 drop=1 dropfrom=eb1203…f5b41d add=2 addfrom=0fcfeb…07d77b\n","stream":"stderr","time":"2020-03-25T03:01:02.177059447Z"}
{"log":"INFO [03-25|03:01:02.177] Imported new chain segment               blocks=1     txs=3     mgas=0.625   elapsed=16.131ms  mgasps=38.749   number=2404904 hash=0fcfeb…07d77b dirty=685.43MiB\n","stream":"stderr","time":"2020-03-25T03:01:02.177840441Z"}
{"log":"INFO [03-25|03:01:02.736] Imported new chain segment               blocks=1     txs=0     mgas=0.000   elapsed=441.43µs  mgasps=0.000    number=2404904 hash=dcdf4c…cb1a79 dirty=685.43MiB\n","stream":"stderr","time":"2020-03-25T03:01:02.738250295Z"}
{"log":"INFO [03-25|03:01:07.945] Deep froze chain segment                 blocks=4     elapsed=38.406ms  number=2314903 hash=bc09f2…2ca4f8\n","stream":"stderr","time":"2020-03-25T03:01:07.945495214Z"}
{"log":"INFO [03-25|03:01:17.737] Imported new chain segment               blocks=1     txs=1     mgas=0.433   elapsed=13.368ms  mgasps=32.406   number=2404905 hash=f669fb…aec170 dirty=685.45MiB\n","stream":"stderr","time":"2020-03-25T03:01:17.737675547Z"}
{"log":"INFO [03-25|03:01:17.771] Imported new chain segment               blocks=1     txs=1     mgas=0.433   elapsed=19.340ms  mgasps=22.399   number=2404905 hash=5ffe89…dc22ae dirty=685.45MiB\n","stream":"stderr","time":"2020-03-25T03:01:17.771189749Z"}
{"log":"INFO [03-25|03:01:32.228] Imported new chain segment               blocks=1     txs=0     mgas=0.000   elapsed=1.254ms   mgasps=0.000    number=2404906 hash=3069d3…42963e dirty=685.42MiB\n","stream":"stderr","time":"2020-03-25T03:01:32.228404478Z"}
{"log":"INFO [03-25|03:01:47.159] Imported new chain segment               blocks=1     txs=0     mgas=0.000   elapsed=581.442µs mgasps=0.000    number=2404907 hash=b3572d…7f77f9 dirty=685.41MiB\n","stream":"stderr","time":"2020-03-25T03:01:47.159885161Z"}
{"log":"INFO [03-25|03:02:03.095] Imported new chain segment               blocks=1     txs=1     mgas=0.433   elapsed=12.570ms  mgasps=34.462   number=2404908 hash=cade46…35bb2d dirty=685.42MiB\n","stream":"stderr","time":"2020-03-25T03:02:03.095931659Z"}
{"log":"INFO [03-25|03:02:03.302] Imported new chain segment               blocks=1     txs=1     mgas=0.433   elapsed=16.681ms  mgasps=25.971   number=2404908 hash=0c21ed…77592e dirty=685.42MiB\n","stream":"stderr","time":"2020-03-25T03:02:03.302540364Z"}
{"log":"INFO [03-25|03:02:03.584] Imported new chain segment               blocks=1     txs=1     mgas=0.433   elapsed=16.722ms  mgasps=25.907   number=2404908 hash=792944…78e666 dirty=685.42MiB\n","stream":"stderr","time":"2020-03-25T03:02:03.584707634Z"}
{"log":"INFO [03-25|03:02:07.982] Deep froze chain segment                 blocks=4     elapsed=36.881ms  number=2314907 hash=af8e68…f135a6\n","stream":"stderr","time":"2020-03-25T03:02:07.982743705Z"}
{"log":"INFO [03-25|03:02:18.103] Imported new chain segment               blocks=1     txs=0     mgas=0.000   elapsed=5.570ms   mgasps=0.000    number=2404909 hash=e9079e…29c293 dirty=685.18MiB\n","stream":"stderr","time":"2020-03-25T03:02:18.103438624Z"}
{"log":"INFO [03-25|03:02:32.081] Imported new chain segment               blocks=1     txs=0     mgas=0.000   elapsed=8.186ms   mgasps=0.000    number=2404910 hash=58243b…0fb55a dirty=684.69MiB\n","stream":"stderr","time":"2020-03-25T03:02:32.08208351Z"}
{"log":"INFO [03-25|03:02:47.936] Imported new chain segment               blocks=1     txs=0     mgas=0.000   elapsed=1.175ms   mgasps=0.000    number=2404911 hash=0b7f1c…7778c5 dirty=684.65MiB\n","stream":"stderr","time":"2020-03-25T03:02:47.936283084Z"}
{"log":"INFO [03-25|03:03:02.730] Imported new chain segment               blocks=1     txs=2     mgas=0.095   elapsed=3.893ms   mgasps=24.431   number=2404912 hash=8a931e…84dc32 dirty=684.61MiB\n","stream":"stderr","time":"2020-03-25T03:03:02.731036197Z"}
{"log":"INFO [03-25|03:03:08.008] Deep froze chain segment                 blocks=4     elapsed=25.702ms  number=2314911 hash=486ca0…3e2ffe\n","stream":"stderr","time":"2020-03-25T03:03:08.008762435Z"}
{"log":"INFO [03-25|03:03:17.142] Imported new chain segment               blocks=1     txs=1     mgas=0.056   elapsed=2.513ms   mgasps=22.171   number=2404913 hash=c1a09c…61f648 dirty=684.59MiB\n","stream":"stderr","time":"2020-03-25T03:03:17.142301251Z"}
{"log":"INFO [03-25|03:03:32.726] Imported new chain segment               blocks=1     txs=0     mgas=0.000   elapsed=824.751µs mgasps=0.000    number=2404914 hash=ecc5fc…4654b9 dirty=684.57MiB\n","stream":"stderr","time":"2020-03-25T03:03:32.726709206Z"}
{"log":"INFO [03-25|03:03:49.302] Imported new chain segment               blocks=1     txs=0     mgas=0.000   elapsed=653.809µs mgasps=0.000    number=2404915 hash=6db6b3…2bca7b dirty=684.57MiB\n","stream":"stderr","time":"2020-03-25T03:03:49.302695324Z"}
{"log":"INFO [03-25|03:03:49.904] Chain reorg detected                     number=2404914 hash=ecc5fc…4654b9 drop=1 dropfrom=6db6b3…2bca7b add=1 addfrom=dfcaf4…659987\n","stream":"stderr","time":"2020-03-25T03:03:49.904394707Z"}
{"log":"INFO [03-25|03:03:49.904] Imported new chain segment               blocks=1     txs=0     mgas=0.000   elapsed=594.784µs mgasps=0.000    number=2404915 hash=dfcaf4…659987 dirty=684.57MiB\n","stream":"stderr","time":"2020-03-25T03:03:49.904639467Z"}
{"log":"INFO [03-25|03:03:50.195] Chain reorg detected                     number=2404914 hash=ecc5fc…4654b9 drop=1 dropfrom=dfcaf4…659987 add=1 addfrom=a2759f…656ed7\n","stream":"stderr","time":"2020-03-25T03:03:50.19538895Z"}
{"log":"INFO [03-25|03:03:50.195] Imported new chain segment               blocks=1     txs=0     mgas=0.000   elapsed=598.998µs mgasps=0.000    number=2404915 hash=a2759f…656ed7 dirty=684.57MiB\n","stream":"stderr","time":"2020-03-25T03:03:50.195581329Z"}
{"log":"INFO [03-25|03:04:02.753] Chain reorg detected                     number=2404914 hash=ecc5fc…4654b9 drop=1 dropfrom=a2759f…656ed7 add=2 addfrom=87060c…78ff7b\n","stream":"stderr","time":"2020-03-25T03:04:02.753544945Z"}
{"log":"INFO [03-25|03:04:02.753] Imported new chain segment               blocks=1     txs=0     mgas=0.000   elapsed=1.111ms   mgasps=0.000    number=2404916 hash=87060c…78ff7b dirty=684.56MiB\n","stream":"stderr","time":"2020-03-25T03:04:02.753863493Z"}
{"log":"INFO [03-25|03:04:03.090] Chain reorg detected                     number=2404915 hash=6db6b3…2bca7b drop=1 dropfrom=87060c…78ff7b add=1 addfrom=1b245d…cd3808\n","stream":"stderr","time":"2020-03-25T03:04:03.09091985Z"}
{"log":"INFO [03-25|03:04:03.091] Imported new chain segment               blocks=1     txs=0     mgas=0.000   elapsed=705.452µs mgasps=0.000    number=2404916 hash=1b245d…cd3808 dirty=684.56MiB\n","stream":"stderr","time":"2020-03-25T03:04:03.09121021Z"}
{"log":"INFO [03-25|03:04:08.044] Deep froze chain segment                 blocks=4     elapsed=35.461ms  number=2314915 hash=573b1d…158357\n","stream":"stderr","time":"2020-03-25T03:04:08.044560837Z"}
{"log":"INFO [03-25|03:04:18.714] Chain reorg detected                     number=2404915 hash=6db6b3…2bca7b drop=1 dropfrom=1b245d…cd3808 add=2 addfrom=c4e2ac…4775b5\n","stream":"stderr","time":"2020-03-25T03:04:18.714582646Z"}
{"log":"INFO [03-25|03:04:18.714] Imported new chain segment               blocks=1     txs=0     mgas=0.000   elapsed=776.123µs mgasps=0.000    number=2404917 hash=c4e2ac…4775b5 dirty=684.55MiB\n","stream":"stderr","time":"2020-03-25T03:04:18.714903056Z"}
{"log":"INFO [03-25|03:04:20.407] Chain reorg detected                     number=2404916 hash=87060c…78ff7b drop=1 dropfrom=c4e2ac…4775b5 add=1 addfrom=1c8bd9…14662c\n","stream":"stderr","time":"2020-03-25T03:04:20.407400087Z"}
{"log":"INFO [03-25|03:04:20.407] Imported new chain segment               blocks=1     txs=0     mgas=0.000   elapsed=790.779µs mgasps=0.000    number=2404917 hash=1c8bd9…14662c dirty=684.55MiB\n","stream":"stderr","time":"2020-03-25T03:04:20.407697791Z"}
{"log":"INFO [03-25|03:04:32.101] Imported new chain segment               blocks=1     txs=1     mgas=0.487   elapsed=13.332ms  mgasps=36.501   number=2404918 hash=d31c8e…dcf044 dirty=684.57MiB\n","stream":"stderr","time":"2020-03-25T03:04:32.101323472Z"}
{"log":"INFO [03-25|03:04:33.316] Imported new chain segment               blocks=1     txs=0     mgas=0.000   elapsed=473.155µs mgasps=0.000    number=2404918 hash=9cbc41…71080f dirty=684.57MiB\n","stream":"stderr","time":"2020-03-25T03:04:33.318994984Z"}
{"log":"INFO [03-25|03:04:48.243] Imported new chain segment               blocks=1     txs=0     mgas=0.000   elapsed=599.332µs mgasps=0.000    number=2404919 hash=aef830…a237ca dirty=684.57MiB\n","stream":"stderr","time":"2020-03-25T03:04:48.243417784Z"}
{"log":"INFO [03-25|03:05:02.245] Imported new chain segment               blocks=1     txs=1     mgas=0.433   elapsed=15.837ms  mgasps=27.355   number=2404920 hash=1ba838…1a1735 dirty=684.58MiB\n","stream":"stderr","time":"2020-03-25T03:05:02.245375437Z"}
{"log":"INFO [03-25|03:05:02.920] Imported new chain segment               blocks=1     txs=1     mgas=0.433   elapsed=19.991ms  mgasps=21.671   number=2404920 hash=32367b…661b1e dirty=684.58MiB\n","stream":"stderr","time":"2020-03-25T03:05:02.920742954Z"}
{"log":"INFO [03-25|03:05:08.082] Deep froze chain segment                 blocks=4     elapsed=37.443ms  number=2314919 hash=30c73b…7d3d81\n","stream":"stderr","time":"2020-03-25T03:05:08.082361885Z"}
{"log":"INFO [03-25|03:05:08.800] Chain reorg detected                     number=2404919 hash=aef830…a237ca drop=1 dropfrom=1ba838…1a1735 add=1 addfrom=f7bd53…a0f7b0\n","stream":"stderr","time":"2020-03-25T03:05:08.80098492Z"}
{"log":"INFO [03-25|03:05:08.801] Imported new chain segment               blocks=1     txs=1     mgas=0.433   elapsed=16.885ms  mgasps=25.658   number=2404920 hash=f7bd53…a0f7b0 dirty=684.58MiB\n","stream":"stderr","time":"2020-03-25T03:05:08.801194692Z"}
{"log":"INFO [03-25|03:05:17.095] Chain reorg detected                     number=2404919 hash=aef830…a237ca drop=1 dropfrom=f7bd53…a0f7b0 add=2 addfrom=2ba663…2cf4e9\n","stream":"stderr","time":"2020-03-25T03:05:17.095726875Z"}
{"log":"INFO [03-25|03:05:17.095] Imported new chain segment               blocks=1     txs=0     mgas=0.000   elapsed=1.071ms   mgasps=0.000    number=2404921 hash=2ba663…2cf4e9 dirty=684.57MiB\n","stream":"stderr","time":"2020-03-25T03:05:17.096047121Z"}
{"log":"INFO [03-25|03:05:32.616] Imported new chain segment               blocks=1     txs=0     mgas=0.000   elapsed=467.181µs mgasps=0.000    number=2404922 hash=07d9e9…3b8a7a dirty=684.57MiB\n","stream":"stderr","time":"2020-03-25T03:05:32.616518558Z"}
{"log":"INFO [03-25|03:05:33.180] Imported new chain segment               blocks=1     txs=4     mgas=1.536   elapsed=14.795ms  mgasps=103.806  number=2404922 hash=2ed4b0…5dc832 dirty=684.67MiB\n","stream":"stderr","time":"2020-03-25T03:05:33.180976491Z"}
{"log":"INFO [03-25|03:05:48.037] Imported new chain segment               blocks=1     txs=6     mgas=2.171   elapsed=64.203ms  mgasps=33.808   number=2404923 hash=2c0f09…10000d dirty=684.70MiB\n","stream":"stderr","time":"2020-03-25T03:05:48.038200168Z"}
{"log":"INFO [03-25|03:05:49.241] Imported new chain segment               blocks=1     txs=6     mgas=2.171   elapsed=34.751ms  mgasps=62.461   number=2404923 hash=4edfea…9a0873 dirty=684.71MiB\n","stream":"stderr","time":"2020-03-25T03:05:49.241897964Z"}
{"log":"INFO [03-25|03:05:49.882] Imported new chain segment               blocks=1     txs=6     mgas=2.171   elapsed=31.666ms  mgasps=68.548   number=2404923 hash=7d707a…717edd dirty=684.71MiB\n","stream":"stderr","time":"2020-03-25T03:05:49.882427607Z"}
{"log":"INFO [03-25|03:06:02.787] Chain reorg detected                     number=2404922 hash=07d9e9…3b8a7a drop=1 dropfrom=2c0f09…10000d add=2 addfrom=f62bea…bf3243\n","stream":"stderr","time":"2020-03-25T03:06:02.787280477Z"}
{"log":"INFO [03-25|03:06:02.787] Imported new chain segment               blocks=1     txs=0     mgas=0.000   elapsed=1.834ms   mgasps=0.000    number=2404924 hash=f62bea…bf3243 dirty=684.70MiB\n","stream":"stderr","time":"2020-03-25T03:06:02.78813271Z"}
{"log":"INFO [03-25|03:06:04.552] Imported new chain segment               blocks=1     txs=0     mgas=0.000   elapsed=398.777µs mgasps=0.000    number=2404924 hash=1c53ed…cbf0a7 dirty=684.70MiB\n","stream":"stderr","time":"2020-03-25T03:06:04.552930817Z"}
{"log":"INFO [03-25|03:06:08.127] Deep froze chain segment                 blocks=4     elapsed=44.942ms  number=2314923 hash=a1ce61…98b40d\n","stream":"stderr","time":"2020-03-25T03:06:08.127692604Z"}
{"log":"INFO [03-25|03:06:17.242] Imported new chain segment               blocks=1     txs=0     mgas=0.000   elapsed=1.665ms   mgasps=0.000    number=2404925 hash=494226…4730ee dirty=684.66MiB\n","stream":"stderr","time":"2020-03-25T03:06:17.242757382Z"}
{"log":"INFO [03-25|03:06:18.487] Imported new chain segment               blocks=1     txs=0     mgas=0.000   elapsed=319.895µs mgasps=0.000    number=2404925 hash=185b48…0ca510 dirty=684.66MiB\n","stream":"stderr","time":"2020-03-25T03:06:18.487765807Z"}
{"log":"INFO [03-25|03:06:32.082] Imported new chain segment               blocks=1     txs=4     mgas=0.681   elapsed=17.817ms  mgasps=38.210   number=2404926 hash=9d46d7…40ef15 dirty=684.69MiB\n","stream":"stderr","time":"2020-03-25T03:06:32.082689304Z"}
{"log":"INFO [03-25|03:06:33.364] Imported new chain segment               blocks=1     txs=2     mgas=0.529   elapsed=17.162ms  mgasps=30.831   number=2404926 hash=2d89ec…17027e dirty=684.70MiB\n","stream":"stderr","time":"2020-03-25T03:06:33.364759347Z"}
{"log":"INFO [03-25|03:06:47.071] Imported new chain segment               blocks=1     txs=1     mgas=0.096   elapsed=2.298ms   mgasps=41.726   number=2404927 hash=33380c…1b4c18 dirty=684.71MiB\n","stream":"stderr","time":"2020-03-25T03:06:47.07144278Z"}
{"log":"INFO [03-25|03:06:50.319] Imported new chain segment               blocks=1     txs=0     mgas=0.000   elapsed=319.389µs mgasps=0.000    number=2404927 hash=f7359e…a3d76a dirty=684.71MiB\n","stream":"stderr","time":"2020-03-25T03:06:50.319860951Z"}
{"log":"INFO [03-25|03:07:02.884] Imported new chain segment               blocks=1     txs=1     mgas=0.433   elapsed=17.340ms  mgasps=24.983   number=2404928 hash=46f75c…3c7919 dirty=684.71MiB\n","stream":"stderr","time":"2020-03-25T03:07:02.885230872Z"}
{"log":"INFO [03-25|03:07:05.540] Imported new chain segment               blocks=1     txs=0     mgas=0.000   elapsed=313.48µs  mgasps=0.000    number=2404928 hash=5729e9…81b5fc dirty=684.71MiB\n","stream":"stderr","time":"2020-03-25T03:07:05.540445062Z"}
{"log":"INFO [03-25|03:07:07.582] Imported new chain segment               blocks=1     txs=1     mgas=0.433   elapsed=22.592ms  mgasps=19.175   number=2404928 hash=f6475f…6bd707 dirty=684.72MiB\n","stream":"stderr","time":"2020-03-25T03:07:07.583196545Z"}
{"log":"INFO [03-25|03:07:08.152] Deep froze chain segment                 blocks=4     elapsed=24.128ms  number=2314927 hash=ccc71d…3868fe\n","stream":"stderr","time":"2020-03-25T03:07:08.152326843Z"}
{"log":"INFO [03-25|03:07:18.001] Imported new chain segment               blocks=1     txs=0     mgas=0.000   elapsed=1.224ms   mgasps=0.000    number=2404929 hash=6a782e…234fea dirty=684.66MiB\n","stream":"stderr","time":"2020-03-25T03:07:18.001816367Z"}
{"log":"INFO [03-25|03:07:18.301] Chain reorg detected                     number=2404928 hash=46f75c…3c7919 drop=1 dropfrom=6a782e…234fea add=1 addfrom=d19500…c3d583\n","stream":"stderr","time":"2020-03-25T03:07:18.301547435Z"}
{"log":"INFO [03-25|03:07:18.301] Imported new chain segment               blocks=1     txs=0     mgas=0.000   elapsed=585.914µs mgasps=0.000    number=2404929 hash=d19500…c3d583 dirty=684.66MiB\n","stream":"stderr","time":"2020-03-25T03:07:18.301832791Z"}
{"log":"INFO [03-25|03:07:33.095] Imported new chain segment               blocks=1     txs=0     mgas=0.000   elapsed=2.624ms   mgasps=0.000    number=2404930 hash=4b3712…ab3591 dirty=684.52MiB\n","stream":"stderr","time":"2020-03-25T03:07:33.095250774Z"}
{"log":"INFO [03-25|03:07:35.449] Imported new chain segment               blocks=1     txs=0     mgas=0.000   elapsed=249.327µs mgasps=0.000    number=2404930 hash=d2bcd5…d6fe32 dirty=684.52MiB\n","stream":"stderr","time":"2020-03-25T03:07:35.449744279Z"}
{"log":"INFO [03-25|03:07:47.551] Imported new chain segment               blocks=1     txs=1     mgas=0.433   elapsed=24.420ms  mgasps=17.741   number=2404931 hash=8715aa…e61faf dirty=684.52MiB\n","stream":"stderr","time":"2020-03-25T03:07:47.552465822Z"}
{"log":"INFO [03-25|03:07:49.200] Chain reorg detected                     number=2404930 hash=4b3712…ab3591 drop=1 dropfrom=8715aa…e61faf add=1 addfrom=1f2fd8…325177\n","stream":"stderr","time":"2020-03-25T03:07:49.200736472Z"}
{"log":"INFO [03-25|03:07:49.201] Imported new chain segment               blocks=1     txs=1     mgas=0.433   elapsed=35.668ms  mgasps=12.146   number=2404931 hash=1f2fd8…325177 dirty=684.52MiB\n","stream":"stderr","time":"2020-03-25T03:07:49.201406102Z"}
{"log":"INFO [03-25|03:07:52.604] Chain reorg detected                     number=2404930 hash=4b3712…ab3591 drop=1 dropfrom=1f2fd8…325177 add=1 addfrom=8dae93…5b63f7\n","stream":"stderr","time":"2020-03-25T03:07:52.604433324Z"}
{"log":"INFO [03-25|03:07:52.604] Imported new chain segment               blocks=1     txs=1     mgas=0.433   elapsed=14.380ms  mgasps=30.127   number=2404931 hash=8dae93…5b63f7 dirty=684.53MiB\n","stream":"stderr","time":"2020-03-25T03:07:52.607335264Z"}
{"log":"INFO [03-25|03:08:02.119] Imported new chain segment               blocks=1     txs=5     mgas=1.986   elapsed=22.195ms  mgasps=89.482   number=2404932 hash=515c68…c04ca6 dirty=684.64MiB\n","stream":"stderr","time":"2020-03-25T03:08:02.120077387Z"}
{"log":"INFO [03-25|03:08:04.048] Imported new chain segment               blocks=1     txs=5     mgas=1.986   elapsed=20.074ms  mgasps=98.933   number=2404932 hash=a04a85…73930a dirty=684.64MiB\n","stream":"stderr","time":"2020-03-25T03:08:04.049247867Z"}
{"log":"INFO [03-25|03:08:08.183] Deep froze chain segment                 blocks=4     elapsed=30.710ms  number=2314931 hash=11faf7…dbed6f\n","stream":"stderr","time":"2020-03-25T03:08:08.183647306Z"}
{"log":"INFO [03-25|03:08:17.464] Imported new chain segment               blocks=1     txs=1     mgas=0.096   elapsed=2.589ms   mgasps=37.044   number=2404933 hash=1e9fec…c33bf4 dirty=684.64MiB\n","stream":"stderr","time":"2020-03-25T03:08:17.464516649Z"}
{"log":"INFO [03-25|03:08:32.123] Imported new chain segment               blocks=1     txs=0     mgas=0.000   elapsed=677.562µs mgasps=0.000    number=2404934 hash=e406a9…903798 dirty=684.63MiB\n","stream":"stderr","time":"2020-03-25T03:08:32.123487302Z"}
{"log":"INFO [03-25|03:08:47.489] Imported new chain segment               blocks=1     txs=0     mgas=0.000   elapsed=791.331µs mgasps=0.000    number=2404935 hash=718061…9c2a6a dirty=684.62MiB\n","stream":"stderr","time":"2020-03-25T03:08:47.489776955Z"}
{"log":"INFO [03-25|03:08:48.268] Chain reorg detected                     number=2404934 hash=e406a9…903798 drop=1 dropfrom=718061…9c2a6a add=1 addfrom=a3346f…0cb829\n","stream":"stderr","time":"2020-03-25T03:08:48.26842657Z"}
{"log":"INFO [03-25|03:08:48.268] Imported new chain segment               blocks=1     txs=0     mgas=0.000   elapsed=535.607µs mgasps=0.000    number=2404935 hash=a3346f…0cb829 dirty=684.62MiB\n","stream":"stderr","time":"2020-03-25T03:08:48.268617432Z"}
{"log":"INFO [03-25|03:09:03.047] Chain reorg detected                     number=2404934 hash=e406a9…903798 drop=1 dropfrom=a3346f…0cb829 add=2 addfrom=71e32e…f3a147\n","stream":"stderr","time":"2020-03-25T03:09:03.047632365Z"}
{"log":"INFO [03-25|03:09:03.047] Imported new chain segment               blocks=1     txs=0     mgas=0.000   elapsed=813.03µs  mgasps=0.000    number=2404936 hash=71e32e…f3a147 dirty=684.62MiB\n","stream":"stderr","time":"2020-03-25T03:09:03.048356771Z"}
{"log":"INFO [03-25|03:09:08.225] Deep froze chain segment                 blocks=4     elapsed=41.407ms  number=2314935 hash=3eaa3e…fb10f3\n","stream":"stderr","time":"2020-03-25T03:09:08.225545154Z"}
{"log":"INFO [03-25|03:09:17.077] Imported new chain segment               blocks=1     txs=0     mgas=0.000   elapsed=1.248ms   mgasps=0.000    number=2404937 hash=bfbba0…9367de dirty=684.58MiB\n","stream":"stderr","time":"2020-03-25T03:09:17.077653246Z"}
{"log":"INFO [03-25|03:09:32.106] Imported new chain segment               blocks=1     txs=2     mgas=0.583   elapsed=14.843ms  mgasps=39.244   number=2404938 hash=b159f1…0f971f dirty=684.57MiB\n","stream":"stderr","time":"2020-03-25T03:09:32.106266754Z"}
{"log":"INFO [03-25|03:09:32.573] Imported new chain segment               blocks=1     txs=1     mgas=0.096   elapsed=2.026ms   mgasps=47.315   number=2404938 hash=d208a7…1a0f2c dirty=684.57MiB\n","stream":"stderr","time":"2020-03-25T03:09:32.573830794Z"}
{"log":"INFO [03-25|03:09:39.110] Imported new chain segment               blocks=1     txs=3     mgas=0.638   elapsed=27.542ms  mgasps=23.173   number=2404938 hash=3aa429…10ed0e dirty=684.58MiB\n","stream":"stderr","time":"2020-03-25T03:09:39.110464885Z"}
{"log":"INFO [03-25|03:09:47.781] Imported new chain segment               blocks=1     txs=1     mgas=0.056   elapsed=4.102ms   mgasps=13.583   number=2404939 hash=899a96…99c851 dirty=684.47MiB\n","stream":"stderr","time":"2020-03-25T03:09:47.782180362Z"}
{"log":"INFO [03-25|03:09:49.980] Imported new chain segment               blocks=1     txs=1     mgas=0.056   elapsed=3.443ms   mgasps=16.183   number=2404939 hash=5933f3…9e96a9 dirty=684.47MiB\n","stream":"stderr","time":"2020-03-25T03:09:49.981195352Z"}
{"log":"INFO [03-25|03:10:02.096] Imported new chain segment               blocks=1     txs=0     mgas=0.000   elapsed=459.858µs mgasps=0.000    number=2404940 hash=149da9…45486d dirty=684.47MiB\n","stream":"stderr","time":"2020-03-25T03:10:02.096777575Z"}
{"log":"INFO [03-25|03:10:08.260] Deep froze chain segment                 blocks=4     elapsed=34.816ms  number=2314939 hash=842669…35951c\n","stream":"stderr","time":"2020-03-25T03:10:08.260647847Z"}
{"log":"INFO [03-25|03:10:17.878] Imported new chain segment               blocks=1     txs=1     mgas=0.433   elapsed=12.751ms  mgasps=33.976   number=2404941 hash=1609cb…820f68 dirty=684.49MiB\n","stream":"stderr","time":"2020-03-25T03:10:17.878378242Z"}
{"log":"INFO [03-25|03:10:19.856] Chain reorg detected                     number=2404940 hash=149da9…45486d drop=1 dropfrom=1609cb…820f68 add=1 addfrom=f7296a…cfd84f\n","stream":"stderr","time":"2020-03-25T03:10:19.856430986Z"}
{"log":"INFO [03-25|03:10:19.856] Imported new chain segment               blocks=1     txs=1     mgas=0.433   elapsed=17.128ms  mgasps=25.293   number=2404941 hash=f7296a…cfd84f dirty=684.49MiB\n","stream":"stderr","time":"2020-03-25T03:10:19.856618985Z"}
{"log":"INFO [03-25|03:10:32.965] Chain reorg detected                     number=2404940 hash=149da9…45486d drop=1 dropfrom=f7296a…cfd84f add=2 addfrom=caa10a…4585d1\n","stream":"stderr","time":"2020-03-25T03:10:32.965818575Z"}
{"log":"INFO [03-25|03:10:32.966] Imported new chain segment               blocks=1     txs=0     mgas=0.000   elapsed=857.985µs mgasps=0.000    number=2404942 hash=caa10a…4585d1 dirty=684.49MiB\n","stream":"stderr","time":"2020-03-25T03:10:32.966204723Z"}
{"log":"INFO [03-25|03:10:33.751] Imported new chain segment               blocks=1     txs=4     mgas=3.426   elapsed=22.037ms  mgasps=155.454  number=2404942 hash=5c6cc1…6af3e9 dirty=684.77MiB\n","stream":"stderr","time":"2020-03-25T03:10:33.751759835Z"}
{"log":"INFO [03-25|03:10:35.452] Imported new chain segment               blocks=1     txs=0     mgas=0.000   elapsed=445.462µs mgasps=0.000    number=2404942 hash=f42a0d…3feb84 dirty=684.77MiB\n","stream":"stderr","time":"2020-03-25T03:10:35.452877322Z"}
{"log":"INFO [03-25|03:10:35.513] Imported new chain segment               blocks=1     txs=4     mgas=3.242   elapsed=17.106ms  mgasps=189.535  number=2404942 hash=8994dc…c0fee1 dirty=684.80MiB\n","stream":"stderr","time":"2020-03-25T03:10:35.513236084Z"}
{"log":"INFO [03-25|03:10:47.759] Imported new chain segment               blocks=1     txs=1     mgas=1.181   elapsed=10.709ms  mgasps=110.296  number=2404943 hash=24a34f…33e799 dirty=684.81MiB\n","stream":"stderr","time":"2020-03-25T03:10:47.759597593Z"}
{"log":"INFO [03-25|03:10:49.214] Imported new chain segment               blocks=1     txs=4     mgas=3.426   elapsed=14.637ms  mgasps=234.043  number=2404943 hash=440f29…001c95 dirty=684.81MiB\n","stream":"stderr","time":"2020-03-25T03:10:49.21449638Z"}
{"log":"INFO [03-25|03:10:50.845] Chain reorg detected                     number=2404942 hash=caa10a…4585d1 drop=1 dropfrom=24a34f…33e799 add=1 addfrom=6228ed…e07ebc\n","stream":"stderr","time":"2020-03-25T03:10:50.846206467Z"}
{"log":"INFO [03-25|03:10:50.846] Imported new chain segment               blocks=1     txs=4     mgas=3.242   elapsed=26.945ms  mgasps=120.327  number=2404943 hash=6228ed…e07ebc dirty=684.81MiB\n","stream":"stderr","time":"2020-03-25T03:10:50.846627863Z"}
{"log":"INFO [03-25|03:11:03.407] Chain reorg detected                     number=2404942 hash=caa10a…4585d1 drop=1 dropfrom=6228ed…e07ebc add=2 addfrom=022c8a…cac4ff\n","stream":"stderr","time":"2020-03-25T03:11:03.40770178Z"}
{"log":"INFO [03-25|03:11:03.407] Imported new chain segment               blocks=1     txs=5     mgas=3.282   elapsed=34.527ms  mgasps=95.042   number=2404944 hash=022c8a…cac4ff dirty=684.84MiB\n","stream":"stderr","time":"2020-03-25T03:11:03.408043179Z"}
{"log":"INFO [03-25|03:11:05.379] Chain reorg detected                     number=2404943 hash=24a34f…33e799 drop=1 dropfrom=022c8a…cac4ff add=1 addfrom=577424…9703df\n","stream":"stderr","time":"2020-03-25T03:11:05.379594709Z"}
{"log":"INFO [03-25|03:11:05.379] Imported new chain segment               blocks=1     txs=5     mgas=3.282   elapsed=35.835ms  mgasps=91.574   number=2404944 hash=577424…9703df dirty=684.85MiB\n","stream":"stderr","time":"2020-03-25T03:11:05.379831921Z"}
{"log":"INFO [03-25|03:11:08.295] Deep froze chain segment                 blocks=4     elapsed=34.735ms  number=2314943 hash=a7765a…45c7b7\n","stream":"stderr","time":"2020-03-25T03:11:08.29579271Z"}
{"log":"INFO [03-25|03:11:17.128] Chain reorg detected                     number=2404943 hash=24a34f…33e799 drop=1 dropfrom=577424…9703df add=2 addfrom=bc8e7d…73961b\n","stream":"stderr","time":"2020-03-25T03:11:17.128786897Z"}
{"log":"INFO [03-25|03:11:17.128] Imported new chain segment               blocks=1     txs=0     mgas=0.000   elapsed=1.729ms   mgasps=0.000    number=2404945 hash=bc8e7d…73961b dirty=684.82MiB\n","stream":"stderr","time":"2020-03-25T03:11:17.129053092Z"}
{"log":"INFO [03-25|03:11:18.318] Chain reorg detected                     number=2404944 hash=022c8a…cac4ff drop=1 dropfrom=bc8e7d…73961b add=1 addfrom=6c5f48…8dcf90\n","stream":"stderr","time":"2020-03-25T03:11:18.318757378Z"}
{"log":"INFO [03-25|03:11:18.318] Imported new chain segment               blocks=1     txs=0     mgas=0.000   elapsed=556.437µs mgasps=0.000    number=2404945 hash=6c5f48…8dcf90 dirty=684.82MiB\n","stream":"stderr","time":"2020-03-25T03:11:18.318956465Z"}
{"log":"INFO [03-25|03:11:32.054] Chain reorg detected                     number=2404944 hash=022c8a…cac4ff drop=1 dropfrom=6c5f48…8dcf90 add=2 addfrom=9fe5a2…5c1368\n","stream":"stderr","time":"2020-03-25T03:11:32.054920628Z"}
{"log":"INFO [03-25|03:11:32.055] Imported new chain segment               blocks=1     txs=0     mgas=0.000   elapsed=906.235µs mgasps=0.000    number=2404946 hash=9fe5a2…5c1368 dirty=684.81MiB\n","stream":"stderr","time":"2020-03-25T03:11:32.055243608Z"}
{"log":"INFO [03-25|03:11:33.241] Imported new chain segment               blocks=1     txs=0     mgas=0.000   elapsed=456.99µs  mgasps=0.000    number=2404946 hash=db1a5b…f87c5f dirty=684.81MiB\n","stream":"stderr","time":"2020-03-25T03:11:33.241337716Z"}
{"log":"INFO [03-25|03:11:48.918] Imported new chain segment               blocks=1     txs=1     mgas=0.433   elapsed=15.822ms  mgasps=27.380   number=2404947 hash=f34c2b…6e4750 dirty=684.82MiB\n","stream":"stderr","time":"2020-03-25T03:11:48.918605581Z"}
{"log":"INFO [03-25|03:11:50.448] Chain reorg detected                     number=2404946 hash=9fe5a2…5c1368 drop=1 dropfrom=f34c2b…6e4750 add=1 addfrom=3ef3e0…128338\n","stream":"stderr","time":"2020-03-25T03:11:50.448190013Z"}
{"log":"INFO [03-25|03:11:50.448] Imported new chain segment               blocks=1     txs=1     mgas=0.433   elapsed=12.629ms  mgasps=34.303   number=2404947 hash=3ef3e0…128338 dirty=684.82MiB\n","stream":"stderr","time":"2020-03-25T03:11:50.448327288Z"}
{"log":"INFO [03-25|03:11:56.361] Chain reorg detected                     number=2404946 hash=9fe5a2…5c1368 drop=1 dropfrom=3ef3e0…128338 add=1 addfrom=de2fb7…ccfcc2\n","stream":"stderr","time":"2020-03-25T03:11:56.361265146Z"}
{"log":"INFO [03-25|03:11:56.361] Imported new chain segment               blocks=1     txs=1     mgas=0.433   elapsed=15.033ms  mgasps=28.817   number=2404947 hash=de2fb7…ccfcc2 dirty=684.83MiB\n","stream":"stderr","time":"2020-03-25T03:11:56.361963698Z"}
{"log":"INFO [03-25|03:12:02.089] Imported new chain segment               blocks=1     txs=0     mgas=0.000   elapsed=1.037ms   mgasps=0.000    number=2404948 hash=d0f371…b79035 dirty=684.79MiB\n","stream":"stderr","time":"2020-03-25T03:12:02.089690235Z"}
{"log":"INFO [03-25|03:12:03.673] Imported new chain segment               blocks=1     txs=0     mgas=0.000   elapsed=336.359µs mgasps=0.000    number=2404948 hash=968b3a…5caf26 dirty=684.79MiB\n","stream":"stderr","time":"2020-03-25T03:12:03.67361302Z"}
{"log":"INFO [03-25|03:12:08.332] Deep froze chain segment                 blocks=4     elapsed=36.620ms  number=2314947 hash=461d57…0d06da\n","stream":"stderr","time":"2020-03-25T03:12:08.333062295Z"}
{"log":"INFO [03-25|03:12:17.893] Imported new chain segment               blocks=1     txs=0     mgas=0.000   elapsed=501.894µs mgasps=0.000    number=2404949 hash=4c6cef…d78b4c dirty=684.79MiB\n","stream":"stderr","time":"2020-03-25T03:12:17.893438512Z"}
{"log":"INFO [03-25|03:12:18.068] Chain reorg detected                     number=2404948 hash=d0f371…b79035 drop=1 dropfrom=4c6cef…d78b4c add=1 addfrom=390dd3…f93bbb\n","stream":"stderr","time":"2020-03-25T03:12:18.069184969Z"}
{"log":"INFO [03-25|03:12:18.069] Imported new chain segment               blocks=1     txs=0     mgas=0.000   elapsed=547.31µs  mgasps=0.000    number=2404949 hash=390dd3…f93bbb dirty=684.79MiB\n","stream":"stderr","time":"2020-03-25T03:12:18.06936036Z"}
{"log":"INFO [03-25|03:12:32.186] Imported new chain segment               blocks=1     txs=0     mgas=0.000   elapsed=5.662ms   mgasps=0.000    number=2404950 hash=808143…aafb40 dirty=684.46MiB\n","stream":"stderr","time":"2020-03-25T03:12:32.186747718Z"}
{"log":"INFO [03-25|03:12:33.560] Imported new chain segment               blocks=1     txs=0     mgas=0.000   elapsed=295.052µs mgasps=0.000    number=2404950 hash=0f51da…d8eee6 dirty=684.46MiB\n","stream":"stderr","time":"2020-03-25T03:12:33.560543648Z"}
{"log":"INFO [03-25|03:12:34.592] Imported new chain segment               blocks=1     txs=1     mgas=0.433   elapsed=19.720ms  mgasps=21.969   number=2404950 hash=3ffc45…27ba76 dirty=684.48MiB\n","stream":"stderr","time":"2020-03-25T03:12:34.592930093Z"}
{"log":"INFO [03-25|03:12:47.761] Imported new chain segment               blocks=1     txs=1     mgas=0.433   elapsed=18.314ms  mgasps=23.656   number=2404951 hash=925d65…59eadb dirty=684.45MiB\n","stream":"stderr","time":"2020-03-25T03:12:47.761356167Z"}
{"log":"INFO [03-25|03:13:02.856] Imported new chain segment               blocks=1     txs=2     mgas=0.152   elapsed=3.770ms   mgasps=40.221   number=2404952 hash=940883…633eae dirty=684.45MiB\n","stream":"stderr","time":"2020-03-25T03:13:02.856570418Z"}
{"log":"INFO [03-25|03:13:08.363] Deep froze chain segment                 blocks=4     elapsed=30.497ms  number=2314951 hash=61d335…8018bf\n","stream":"stderr","time":"2020-03-25T03:13:08.36407718Z"}
{"log":"INFO [03-25|03:13:17.243] Imported new chain segment               blocks=1     txs=0     mgas=0.000   elapsed=999.422µs mgasps=0.000    number=2404953 hash=e183d8…6b232b dirty=684.43MiB\n","stream":"stderr","time":"2020-03-25T03:13:17.24378823Z"}
{"log":"INFO [03-25|03:13:32.114] Imported new chain segment               blocks=1     txs=0     mgas=0.000   elapsed=560.668µs mgasps=0.000    number=2404954 hash=6233f5…cc7578 dirty=684.42MiB\n","stream":"stderr","time":"2020-03-25T03:13:32.115075362Z"}
{"log":"INFO [03-25|03:13:32.153] Imported new chain segment               blocks=1     txs=0     mgas=0.000   elapsed=362.828µs mgasps=0.000    number=2404954 hash=0217fc…46faf8 dirty=684.42MiB\n","stream":"stderr","time":"2020-03-25T03:13:32.153220138Z"}
{"log":"INFO [03-25|03:13:47.555] Imported new chain segment               blocks=1     txs=0     mgas=0.000   elapsed=750.277µs mgasps=0.000    number=2404955 hash=3e68ab…ec0112 dirty=684.41MiB\n","stream":"stderr","time":"2020-03-25T03:13:47.555376041Z"}
{"log":"INFO [03-25|03:13:49.301] Chain reorg detected                     number=2404954 hash=6233f5…cc7578 drop=1 dropfrom=3e68ab…ec0112 add=1 addfrom=df62ed…de8a13\n","stream":"stderr","time":"2020-03-25T03:13:49.30139041Z"}
{"log":"INFO [03-25|03:13:49.301] Imported new chain segment               blocks=1     txs=0     mgas=0.000   elapsed=597.837µs mgasps=0.000    number=2404955 hash=df62ed…de8a13 dirty=684.41MiB\n","stream":"stderr","time":"2020-03-25T03:13:49.301641923Z"}
{"log":"INFO [03-25|03:14:02.388] Chain reorg detected                     number=2404954 hash=6233f5…cc7578 drop=1 dropfrom=df62ed…de8a13 add=2 addfrom=de8c7f…5cd27d\n","stream":"stderr","time":"2020-03-25T03:14:02.388365679Z"}
{"log":"INFO [03-25|03:14:02.388] Imported new chain segment               blocks=1     txs=0     mgas=0.000   elapsed=1.028ms   mgasps=0.000    number=2404956 hash=de8c7f…5cd27d dirty=684.39MiB\n","stream":"stderr","time":"2020-03-25T03:14:02.388569784Z"}
{"log":"INFO [03-25|03:14:05.863] Chain reorg detected                     number=2404955 hash=3e68ab…ec0112 drop=1 dropfrom=de8c7f…5cd27d add=1 addfrom=8e24d5…d6f2db\n","stream":"stderr","time":"2020-03-25T03:14:05.863226492Z"}
{"log":"INFO [03-25|03:14:05.863] Imported new chain segment               blocks=1     txs=0     mgas=0.000   elapsed=589.634µs mgasps=0.000    number=2404956 hash=8e24d5…d6f2db dirty=684.39MiB\n","stream":"stderr","time":"2020-03-25T03:14:05.863572555Z"}
{"log":"INFO [03-25|03:14:08.403] Deep froze chain segment                 blocks=4     elapsed=39.154ms  number=2314955 hash=cf34f8…b623b7\n","stream":"stderr","time":"2020-03-25T03:14:08.403812932Z"}
{"log":"INFO [03-25|03:14:17.045] Imported new chain segment               blocks=1     txs=0     mgas=0.000   elapsed=892.365µs mgasps=0.000    number=2404957 hash=39da5a…83d3a5 dirty=684.36MiB\n","stream":"stderr","time":"2020-03-25T03:14:17.045821945Z"}
{"log":"INFO [03-25|03:14:20.573] Imported new chain segment               blocks=1     txs=0     mgas=0.000   elapsed=349.283µs mgasps=0.000    number=2404957 hash=ea67cf…f289ed dirty=684.36MiB\n","stream":"stderr","time":"2020-03-25T03:14:20.574522035Z"}
{"log":"INFO [03-25|03:14:32.115] Imported new chain segment               blocks=1     txs=1     mgas=0.524   elapsed=17.850ms  mgasps=29.363   number=2404958 hash=d0666f…349f56 dirty=684.37MiB\n","stream":"stderr","time":"2020-03-25T03:14:32.11556562Z"}
{"log":"INFO [03-25|03:14:34.973] Imported new chain segment               blocks=1     txs=1     mgas=0.524   elapsed=17.123ms  mgasps=30.610   number=2404958 hash=81be4f…be9463 dirty=684.37MiB\n","stream":"stderr","time":"2020-03-25T03:14:34.973734256Z"}
{"log":"INFO [03-25|03:14:47.971] Imported new chain segment               blocks=1     txs=0     mgas=0.000   elapsed=567.179µs mgasps=0.000    number=2404959 hash=ee6644…47e914 dirty=684.36MiB\n","stream":"stderr","time":"2020-03-25T03:14:47.9719086Z"}
{"log":"INFO [03-25|03:15:02.145] Imported new chain segment               blocks=1     txs=0     mgas=0.000   elapsed=730.094µs mgasps=0.000    number=2404960 hash=a94eb7…bfefa7 dirty=684.35MiB\n","stream":"stderr","time":"2020-03-25T03:15:02.145918111Z"}
{"log":"INFO [03-25|03:15:03.336] Imported new chain segment               blocks=1     txs=1     mgas=0.433   elapsed=14.803ms  mgasps=29.267   number=2404960 hash=e6d1de…42e979 dirty=684.37MiB\n","stream":"stderr","time":"2020-03-25T03:15:03.336454303Z"}
{"log":"INFO [03-25|03:15:08.433] Deep froze chain segment                 blocks=4     elapsed=29.099ms  number=2314959 hash=7c3b5b…d87a5c\n","stream":"stderr","time":"2020-03-25T03:15:08.433399033Z"}
{"log":"INFO [03-25|03:15:17.494] Imported new chain segment               blocks=1     txs=1     mgas=0.433   elapsed=13.566ms  mgasps=31.934   number=2404961 hash=56556f…0ab7fd dirty=684.37MiB\n","stream":"stderr","time":"2020-03-25T03:15:17.494477345Z"}
{"log":"INFO [03-25|03:15:18.085] Chain reorg detected                     number=2404960 hash=a94eb7…bfefa7 drop=1 dropfrom=56556f…0ab7fd add=1 addfrom=cac1c9…050fe3\n","stream":"stderr","time":"2020-03-25T03:15:18.085383967Z"}
{"log":"INFO [03-25|03:15:18.085] Imported new chain segment               blocks=1     txs=2     mgas=4.267   elapsed=30.035ms  mgasps=142.068  number=2404961 hash=cac1c9…050fe3 dirty=684.81MiB\n","stream":"stderr","time":"2020-03-25T03:15:18.085590784Z"}
{"log":"INFO [03-25|03:15:22.667] Chain reorg detected                     number=2404960 hash=a94eb7…bfefa7 drop=1 dropfrom=cac1c9…050fe3 add=1 addfrom=351253…f9e0f0\n","stream":"stderr","time":"2020-03-25T03:15:22.667407902Z"}
{"log":"INFO [03-25|03:15:22.667] Imported new chain segment               blocks=1     txs=1     mgas=0.433   elapsed=17.396ms  mgasps=24.905   number=2404961 hash=351253…f9e0f0 dirty=684.81MiB\n","stream":"stderr","time":"2020-03-25T03:15:22.667673835Z"}
{"log":"INFO [03-25|03:15:32.177] Imported new chain segment               blocks=1     txs=1     mgas=3.834   elapsed=22.825ms  mgasps=167.964  number=2404962 hash=5c554a…394ebb dirty=684.76MiB\n","stream":"stderr","time":"2020-03-25T03:15:32.178233049Z"}
{"log":"INFO [03-25|03:15:33.914] Imported new chain segment               blocks=1     txs=1     mgas=3.834   elapsed=22.222ms  mgasps=172.526  number=2404962 hash=c8c0e1…34ff1b dirty=684.77MiB\n","stream":"stderr","time":"2020-03-25T03:15:33.91459819Z"}
{"log":"INFO [03-25|03:15:33.966] Imported new chain segment               blocks=1     txs=5     mgas=1.737   elapsed=12.832ms  mgasps=135.386  number=2404962 hash=d82d7c…c68b56 dirty=684.87MiB\n","stream":"stderr","time":"2020-03-25T03:15:33.966284496Z"}
{"log":"INFO [03-25|03:15:35.053] Imported new chain segment               blocks=1     txs=4     mgas=5.168   elapsed=43.894ms  mgasps=117.742  number=2404962 hash=f45866…c2ba53 dirty=684.88MiB\n","stream":"stderr","time":"2020-03-25T03:15:35.053669824Z"}
{"log":"INFO [03-25|03:15:35.142] Chain reorg detected                     number=2404961 hash=351253…f9e0f0 drop=1 dropfrom=d82d7c…c68b56 add=1 addfrom=b0e46a…16e35c\n","stream":"stderr","time":"2020-03-25T03:15:35.142655804Z"}
{"log":"INFO [03-25|03:15:35.143] Imported new chain segment               blocks=1     txs=6     mgas=5.571   elapsed=46.787ms  mgasps=119.077  number=2404962 hash=b0e46a…16e35c dirty=684.89MiB\n","stream":"stderr","time":"2020-03-25T03:15:35.143139177Z"}
{"log":"INFO [03-25|03:15:35.992] Chain reorg detected                     number=2404961 hash=351253…f9e0f0 drop=1 dropfrom=b0e46a…16e35c add=1 addfrom=e759a0…b1a163\n","stream":"stderr","time":"2020-03-25T03:15:35.99296518Z"}
{"log":"INFO [03-25|03:15:35.993] Imported new chain segment               blocks=1     txs=4     mgas=5.168   elapsed=34.351ms  mgasps=150.450  number=2404962 hash=e759a0…b1a163 dirty=684.89MiB\n","stream":"stderr","time":"2020-03-25T03:15:35.99324267Z"}
{"log":"INFO [03-25|03:15:36.398] Imported new chain segment               blocks=1     txs=1     mgas=0.433   elapsed=16.507ms  mgasps=26.245   number=2404961 hash=3afd82…8ef822 dirty=684.89MiB\n","stream":"stderr","time":"2020-03-25T03:15:36.398274345Z"}
{"log":"INFO [03-25|03:15:36.672] Imported new chain segment               blocks=1     txs=6     mgas=5.571   elapsed=36.432ms  mgasps=152.922  number=2404962 hash=c93a87…0ac6d5 dirty=684.89MiB\n","stream":"stderr","time":"2020-03-25T03:15:36.67250698Z"}
{"log":"INFO [03-25|03:15:47.296] Imported new chain segment               blocks=1     txs=2     mgas=0.403   elapsed=14.799ms  mgasps=27.235   number=2404963 hash=c98ee7…a05bf2 dirty=684.89MiB\n","stream":"stderr","time":"2020-03-25T03:15:47.297014987Z"}
{"log":"INFO [03-25|03:15:49.230] Chain reorg detected                     number=2404961 hash=351253…f9e0f0 drop=2 dropfrom=c98ee7…a05bf2 add=2 addfrom=11d6bc…b9cebf\n","stream":"stderr","time":"2020-03-25T03:15:49.230610674Z"}
{"log":"INFO [03-25|03:15:49.231] Imported new chain segment               blocks=1     txs=1     mgas=3.834   elapsed=22.010ms  mgasps=174.188  number=2404963 hash=11d6bc…b9cebf dirty=684.89MiB\n","stream":"stderr","time":"2020-03-25T03:15:49.231578603Z"}
{"log":"INFO [03-25|03:15:50.104] Imported new chain segment               blocks=1     txs=1     mgas=3.834   elapsed=19.468ms  mgasps=196.923  number=2404963 hash=2ededb…cd436f dirty=684.89MiB\n","stream":"stderr","time":"2020-03-25T03:15:50.10484214Z"}
{"log":"INFO [03-25|03:16:02.140] Chain reorg detected                     number=2404961 hash=351253…f9e0f0 drop=2 dropfrom=11d6bc…b9cebf add=3 addfrom=939a5c…da952a\n","stream":"stderr","time":"2020-03-25T03:16:02.140942217Z"}
{"log":"INFO [03-25|03:16:02.141] Imported new chain segment               blocks=1     txs=1     mgas=0.433   elapsed=22.771ms  mgasps=19.026   number=2404964 hash=939a5c…da952a dirty=684.91MiB\n","stream":"stderr","time":"2020-03-25T03:16:02.141857503Z"}
{"log":"INFO [03-25|03:16:04.958] Imported new chain segment               blocks=1     txs=1     mgas=0.433   elapsed=16.785ms  mgasps=25.811   number=2404964 hash=2be063…25b5ff dirty=684.92MiB\n","stream":"stderr","time":"2020-03-25T03:16:04.958436739Z"}
{"log":"INFO [03-25|03:16:08.459] Deep froze chain segment                 blocks=4     elapsed=25.573ms  number=2314963 hash=46cf19…b85e77\n","stream":"stderr","time":"2020-03-25T03:16:08.459382685Z"}
{"log":"INFO [03-25|03:16:17.067] Imported new chain segment               blocks=1     txs=1     mgas=0.056   elapsed=2.400ms   mgasps=23.218   number=2404965 hash=3ab10a…6ef237 dirty=684.90MiB\n","stream":"stderr","time":"2020-03-25T03:16:17.067432752Z"}
{"log":"INFO [03-25|03:16:32.058] Imported new chain segment               blocks=1     txs=0     mgas=0.000   elapsed=551.199µs mgasps=0.000    number=2404966 hash=744e14…4285a0 dirty=684.90MiB\n","stream":"stderr","time":"2020-03-25T03:16:32.058468746Z"}
{"log":"INFO [03-25|03:16:47.844] Imported new chain segment               blocks=1     txs=1     mgas=0.433   elapsed=18.286ms  mgasps=23.690   number=2404967 hash=e5977a…cc5694 dirty=684.92MiB\n","stream":"stderr","time":"2020-03-25T03:16:47.844704385Z"}
{"log":"INFO [03-25|03:16:54.153] Chain reorg detected                     number=2404966 hash=744e14…4285a0 drop=1 dropfrom=e5977a…cc5694 add=1 addfrom=d9e101…b6a244\n","stream":"stderr","time":"2020-03-25T03:16:54.154122024Z"}
{"log":"INFO [03-25|03:16:54.154] Imported new chain segment               blocks=1     txs=1     mgas=0.433   elapsed=12.455ms  mgasps=34.780   number=2404967 hash=d9e101…b6a244 dirty=684.92MiB\n","stream":"stderr","time":"2020-03-25T03:16:54.154347774Z"}
{"log":"INFO [03-25|03:17:02.097] Imported new chain segment               blocks=1     txs=1     mgas=0.080   elapsed=1.698ms   mgasps=47.099   number=2404968 hash=43b23c…4b81a2 dirty=684.91MiB\n","stream":"stderr","time":"2020-03-25T03:17:02.09723973Z"}
{"log":"INFO [03-25|03:17:04.588] Imported new chain segment               blocks=1     txs=0     mgas=0.000   elapsed=329.638µs mgasps=0.000    number=2404968 hash=300a58…df8438 dirty=684.91MiB\n","stream":"stderr","time":"2020-03-25T03:17:04.588705851Z"}
{"log":"INFO [03-25|03:17:08.495] Deep froze chain segment                 blocks=4     elapsed=36.447ms  number=2314967 hash=036928…a04c4d\n","stream":"stderr","time":"2020-03-25T03:17:08.49610613Z"}
{"log":"INFO [03-25|03:17:18.083] Imported new chain segment               blocks=1     txs=0     mgas=0.000   elapsed=7.437ms   mgasps=0.000    number=2404969 hash=16d205…507f49 dirty=684.49MiB\n","stream":"stderr","time":"2020-03-25T03:17:18.083815214Z"}
{"log":"INFO [03-25|03:17:32.588] Imported new chain segment               blocks=1     txs=1     mgas=0.433   elapsed=20.032ms  mgasps=21.626   number=2404970 hash=124e9f…5e90c7 dirty=684.41MiB\n","stream":"stderr","time":"2020-03-25T03:17:32.588955594Z"}
{"log":"INFO [03-25|03:17:48.226] Imported new chain segment               blocks=1     txs=2     mgas=0.229   elapsed=5.181ms   mgasps=44.206   number=2404971 hash=8d278a…89533a dirty=684.42MiB\n","stream":"stderr","time":"2020-03-25T03:17:48.226845455Z"}
{"log":"INFO [03-25|03:17:48.286] Imported new chain segment               blocks=1     txs=1     mgas=0.133   elapsed=2.544ms   mgasps=52.341   number=2404971 hash=da5458…1a5379 dirty=684.42MiB\n","stream":"stderr","time":"2020-03-25T03:17:48.287080818Z"}
{"log":"INFO [03-25|03:18:02.981] Imported new chain segment               blocks=1     txs=0     mgas=0.000   elapsed=700.528µs mgasps=0.000    number=2404972 hash=c298cc…cb80fa dirty=684.41MiB\n","stream":"stderr","time":"2020-03-25T03:18:02.981337394Z"}
{"log":"INFO [03-25|03:18:08.517] Deep froze chain segment                 blocks=4     elapsed=21.094ms  number=2314971 hash=af82cd…6710de\n","stream":"stderr","time":"2020-03-25T03:18:08.517561339Z"}
{"log":"INFO [03-25|03:18:17.735] Imported new chain segment               blocks=1     txs=6     mgas=2.026   elapsed=23.046ms  mgasps=87.890   number=2404973 hash=ae5497…27b83d dirty=684.50MiB\n","stream":"stderr","time":"2020-03-25T03:18:17.736141279Z"}
{"log":"INFO [03-25|03:18:19.336] Chain reorg detected                     number=2404972 hash=c298cc…cb80fa drop=1 dropfrom=ae5497…27b83d add=1 addfrom=3ae664…79f458\n","stream":"stderr","time":"2020-03-25T03:18:19.336745312Z"}
{"log":"INFO [03-25|03:18:19.336] Imported new chain segment               blocks=1     txs=6     mgas=2.026   elapsed=20.409ms  mgasps=99.244   number=2404973 hash=3ae664…79f458 dirty=684.51MiB\n","stream":"stderr","time":"2020-03-25T03:18:19.33711518Z"}
{"log":"INFO [03-25|03:18:32.378] Chain reorg detected                     number=2404972 hash=c298cc…cb80fa drop=1 dropfrom=3ae664…79f458 add=2 addfrom=99792f…176165\n","stream":"stderr","time":"2020-03-25T03:18:32.378220172Z"}
{"log":"INFO [03-25|03:18:32.378] Imported new chain segment               blocks=1     txs=1     mgas=0.096   elapsed=2.614ms   mgasps=36.681   number=2404974 hash=99792f…176165 dirty=684.51MiB\n","stream":"stderr","time":"2020-03-25T03:18:32.378701668Z"}
{"log":"INFO [03-25|03:18:33.835] Chain reorg detected                     number=2404973 hash=ae5497…27b83d drop=1 dropfrom=99792f…176165 add=1 addfrom=656329…486696\n","stream":"stderr","time":"2020-03-25T03:18:33.83544709Z"}
{"log":"INFO [03-25|03:18:33.835] Imported new chain segment               blocks=1     txs=1     mgas=0.096   elapsed=2.697ms   mgasps=35.553   number=2404974 hash=656329…486696 dirty=684.51MiB\n","stream":"stderr","time":"2020-03-25T03:18:33.835735817Z"}
{"log":"INFO [03-25|03:18:49.883] Imported new chain segment               blocks=1     txs=0     mgas=0.000   elapsed=653.419µs mgasps=0.000    number=2404975 hash=662900…e0c0ac dirty=684.51MiB\n","stream":"stderr","time":"2020-03-25T03:18:49.883491835Z"}
{"log":"INFO [03-25|03:18:50.504] Chain reorg detected                     number=2404973 hash=ae5497…27b83d drop=2 dropfrom=662900…e0c0ac add=2 addfrom=ad7705…06eea8\n","stream":"stderr","time":"2020-03-25T03:18:50.504458012Z"}
{"log":"INFO [03-25|03:18:50.504] Imported new chain segment               blocks=1     txs=0     mgas=0.000   elapsed=883.207µs mgasps=0.000    number=2404975 hash=ad7705…06eea8 dirty=684.51MiB\n","stream":"stderr","time":"2020-03-25T03:18:50.504970271Z"}
{"log":"INFO [03-25|03:19:02.576] Chain reorg detected                     number=2404973 hash=ae5497…27b83d drop=2 dropfrom=ad7705…06eea8 add=3 addfrom=a30316…206688\n","stream":"stderr","time":"2020-03-25T03:19:02.576255171Z"}
{"log":"INFO [03-25|03:19:02.576] Imported new chain segment               blocks=1     txs=0     mgas=0.000   elapsed=1.687ms   mgasps=0.000    number=2404976 hash=a30316…206688 dirty=684.49MiB\n","stream":"stderr","time":"2020-03-25T03:19:02.576823416Z"}
{"log":"INFO [03-25|03:19:04.766] Chain reorg detected                     number=2404975 hash=662900…e0c0ac drop=1 dropfrom=a30316…206688 add=1 addfrom=1c169d…b338b2\n","stream":"stderr","time":"2020-03-25T03:19:04.766333362Z"}
{"log":"INFO [03-25|03:19:04.766] Imported new chain segment               blocks=1     txs=0     mgas=0.000   elapsed=553.55µs  mgasps=0.000    number=2404976 hash=1c169d…b338b2 dirty=684.49MiB\n","stream":"stderr","time":"2020-03-25T03:19:04.766549115Z"}
{"log":"INFO [03-25|03:19:08.546] Deep froze chain segment                 blocks=4     elapsed=28.181ms  number=2314975 hash=7d0afe…b836db\n","stream":"stderr","time":"2020-03-25T03:19:08.546441706Z"}
{"log":"INFO [03-25|03:19:17.059] Chain reorg detected                     number=2404975 hash=662900…e0c0ac drop=1 dropfrom=1c169d…b338b2 add=2 addfrom=40ad71…b29411\n","stream":"stderr","time":"2020-03-25T03:19:17.059654518Z"}
{"log":"INFO [03-25|03:19:17.059] Imported new chain segment               blocks=1     txs=0     mgas=0.000   elapsed=1.009ms   mgasps=0.000    number=2404977 hash=40ad71…b29411 dirty=684.47MiB\n","stream":"stderr","time":"2020-03-25T03:19:17.060013866Z"}
{"log":"INFO [03-25|03:19:19.212] Imported new chain segment               blocks=1     txs=0     mgas=0.000   elapsed=430.617µs mgasps=0.000    number=2404977 hash=e551e3…15cd7c dirty=684.47MiB\n","stream":"stderr","time":"2020-03-25T03:19:19.212399401Z"}
{"log":"INFO [03-25|03:19:33.298] Imported new chain segment               blocks=1     txs=0     mgas=0.000   elapsed=896.79µs  mgasps=0.000    number=2404978 hash=d12008…d21100 dirty=684.45MiB\n","stream":"stderr","time":"2020-03-25T03:19:33.298552162Z"}
{"log":"INFO [03-25|03:19:33.336] Imported new chain segment               blocks=1     txs=1     mgas=0.056   elapsed=1.320ms   mgasps=42.208   number=2404978 hash=c06e2e…7b2fcc dirty=684.46MiB\n","stream":"stderr","time":"2020-03-25T03:19:33.336221128Z"}
{"log":"INFO [03-25|03:19:47.098] Imported new chain segment               blocks=1     txs=3     mgas=0.638   elapsed=19.640ms  mgasps=32.499   number=2404979 hash=d0c81e…491e20 dirty=684.50MiB\n","stream":"stderr","time":"2020-03-25T03:19:47.098720484Z"}
{"log":"INFO [03-25|03:20:02.086] Imported new chain segment               blocks=1     txs=0     mgas=0.000   elapsed=3.605ms   mgasps=0.000    number=2404980 hash=10a776…1cfea1 dirty=684.38MiB\n","stream":"stderr","time":"2020-03-25T03:20:02.086886841Z"}
{"log":"INFO [03-25|03:20:08.574] Deep froze chain segment                 blocks=4     elapsed=28.200ms  number=2314979 hash=3d40cd…142ab0\n","stream":"stderr","time":"2020-03-25T03:20:08.574989051Z"}
{"log":"INFO [03-25|03:20:17.309] Imported new chain segment               blocks=1     txs=1     mgas=0.433   elapsed=17.358ms  mgasps=24.958   number=2404981 hash=126606…c8b2a4 dirty=684.39MiB\n","stream":"stderr","time":"2020-03-25T03:20:17.310211877Z"}
{"log":"INFO [03-25|03:20:17.388] Imported new chain segment               blocks=1     txs=1     mgas=0.433   elapsed=10.261ms  mgasps=42.218   number=2404981 hash=8a1ff6…b88a65 dirty=684.39MiB\n","stream":"stderr","time":"2020-03-25T03:20:17.388669904Z"}
{"log":"INFO [03-25|03:20:19.767] Chain reorg detected                     number=2404980 hash=10a776…1cfea1 drop=1 dropfrom=126606…c8b2a4 add=1 addfrom=61c9f4…246abc\n","stream":"stderr","time":"2020-03-25T03:20:19.768019341Z"}
{"log":"INFO [03-25|03:20:19.768] Imported new chain segment               blocks=1     txs=1     mgas=0.433   elapsed=21.256ms  mgasps=20.381   number=2404981 hash=61c9f4…246abc dirty=684.39MiB\n","stream":"stderr","time":"2020-03-25T03:20:19.768374333Z"}
{"log":"INFO [03-25|03:20:32.542] Chain reorg detected                     number=2404980 hash=10a776…1cfea1 drop=1 dropfrom=61c9f4…246abc add=2 addfrom=d31ffc…d87014\n","stream":"stderr","time":"2020-03-25T03:20:32.543012801Z"}
{"log":"INFO [03-25|03:20:32.543] Imported new chain segment               blocks=1     txs=4     mgas=3.445   elapsed=24.707ms  mgasps=139.410  number=2404982 hash=d31ffc…d87014 dirty=684.67MiB\n","stream":"stderr","time":"2020-03-25T03:20:32.543540542Z"}
{"log":"INFO [03-25|03:20:34.498] Chain reorg detected                     number=2404981 hash=126606…c8b2a4 drop=1 dropfrom=d31ffc…d87014 add=1 addfrom=bfb471…7d12fe\n","stream":"stderr","time":"2020-03-25T03:20:34.498945727Z"}
{"log":"INFO [03-25|03:20:34.499] Imported new chain segment               blocks=1     txs=4     mgas=3.258   elapsed=16.247ms  mgasps=200.548  number=2404982 hash=bfb471…7d12fe dirty=684.70MiB\n","stream":"stderr","time":"2020-03-25T03:20:34.499268895Z"}
{"log":"INFO [03-25|03:20:48.101] Imported new chain segment               blocks=1     txs=1     mgas=0.414   elapsed=6.958ms   mgasps=59.517   number=2404983 hash=0cbe0f…eab174 dirty=684.70MiB\n","stream":"stderr","time":"2020-03-25T03:20:48.101524913Z"}
{"log":"INFO [03-25|03:20:49.671] Imported new chain segment               blocks=1     txs=1     mgas=0.497   elapsed=7.353ms   mgasps=67.533   number=2404983 hash=56939d…5a09e7 dirty=684.72MiB\n","stream":"stderr","time":"2020-03-25T03:20:49.671689387Z"}
{"log":"INFO [03-25|03:21:03.742] Imported new chain segment               blocks=1     txs=1     mgas=0.433   elapsed=17.175ms  mgasps=25.223   number=2404984 hash=a0ecf3…9e9299 dirty=684.74MiB\n","stream":"stderr","time":"2020-03-25T03:21:03.742338912Z"}
{"log":"INFO [03-25|03:21:08.615] Deep froze chain segment                 blocks=4     elapsed=39.892ms  number=2314983 hash=3d19a0…6a22d2\n","stream":"stderr","time":"2020-03-25T03:21:08.615547571Z"}
{"log":"INFO [03-25|03:21:08.944] Imported new chain segment               blocks=1     txs=1     mgas=0.433   elapsed=16.906ms  mgasps=25.625   number=2404984 hash=6c2514…e73352 dirty=684.74MiB\n","stream":"stderr","time":"2020-03-25T03:21:08.944293465Z"}
{"log":"INFO [03-25|03:21:17.568] Imported new chain segment               blocks=1     txs=1     mgas=0.096   elapsed=2.773ms   mgasps=34.586   number=2404985 hash=de79cb…56c3d2 dirty=684.74MiB\n","stream":"stderr","time":"2020-03-25T03:21:17.568496273Z"}
{"log":"INFO [03-25|03:21:32.066] Imported new chain segment               blocks=1     txs=0     mgas=0.000   elapsed=1.115ms   mgasps=0.000    number=2404986 hash=7ca515…762e24 dirty=684.71MiB\n","stream":"stderr","time":"2020-03-25T03:21:32.067322355Z"}
{"log":"INFO [03-25|03:21:47.669] Imported new chain segment               blocks=1     txs=2     mgas=0.533   elapsed=18.910ms  mgasps=28.187   number=2404987 hash=d34f97…e0cbd7 dirty=684.73MiB\n","stream":"stderr","time":"2020-03-25T03:21:47.669532142Z"}
{"log":"INFO [03-25|03:21:47.823] Imported new chain segment               blocks=1     txs=1     mgas=0.433   elapsed=12.023ms  mgasps=36.034   number=2404987 hash=525a3c…33722a dirty=684.73MiB\n","stream":"stderr","time":"2020-03-25T03:21:47.823557128Z"}
{"log":"INFO [03-25|03:22:02.102] Imported new chain segment               blocks=1     txs=0     mgas=0.000   elapsed=432.775µs mgasps=0.000    number=2404988 hash=5bebcc…3bc8e2 dirty=684.73MiB\n","stream":"stderr","time":"2020-03-25T03:22:02.102253102Z"}
{"log":"INFO [03-25|03:22:08.643] Deep froze chain segment                 blocks=4     elapsed=28.150ms  number=2314987 hash=22cd69…0db583\n","stream":"stderr","time":"2020-03-25T03:22:08.643918898Z"}
{"log":"INFO [03-25|03:22:17.409] Imported new chain segment               blocks=1     txs=1     mgas=0.433   elapsed=25.104ms  mgasps=17.257   number=2404989 hash=1358a1…a0122d dirty=684.54MiB\n","stream":"stderr","time":"2020-03-25T03:22:17.409562972Z"}
{"log":"INFO [03-25|03:22:32.122] Imported new chain segment               blocks=1     txs=0     mgas=0.000   elapsed=2.353ms   mgasps=0.000    number=2404990 hash=f1d090…fd8a6c dirty=684.46MiB\n","stream":"stderr","time":"2020-03-25T03:22:32.122874289Z"}
{"log":"INFO [03-25|03:22:35.717] Imported new chain segment               blocks=1     txs=0     mgas=0.000   elapsed=324.35µs  mgasps=0.000    number=2404990 hash=8c42a9…05f1cb dirty=684.46MiB\n","stream":"stderr","time":"2020-03-25T03:22:35.717421211Z"}
{"log":"INFO [03-25|03:22:47.101] Imported new chain segment               blocks=1     txs=1     mgas=0.056   elapsed=1.646ms   mgasps=33.852   number=2404991 hash=e81916…8419ff dirty=684.48MiB\n","stream":"stderr","time":"2020-03-25T03:22:47.101886075Z"}
{"log":"INFO [03-25|03:22:49.324] Imported new chain segment               blocks=1     txs=0     mgas=0.000   elapsed=307.033µs mgasps=0.000    number=2404991 hash=ba2f0e…0183a4 dirty=684.48MiB\n","stream":"stderr","time":"2020-03-25T03:22:49.324793127Z"}
{"log":"INFO [03-25|03:22:49.388] Imported new chain segment               blocks=1     txs=1     mgas=0.056   elapsed=1.071ms   mgasps=52.026   number=2404991 hash=8ebe46…54b049 dirty=684.48MiB\n","stream":"stderr","time":"2020-03-25T03:22:49.388497972Z"}
{"log":"INFO [03-25|03:23:02.158] Imported new chain segment               blocks=1     txs=0     mgas=0.000   elapsed=646.517µs mgasps=0.000    number=2404992 hash=74ab09…4f154f dirty=684.46MiB\n","stream":"stderr","time":"2020-03-25T03:23:02.15835937Z"}
{"log":"INFO [03-25|03:23:04.750] Imported new chain segment               blocks=1     txs=0     mgas=0.000   elapsed=415.374µs mgasps=0.000    number=2404992 hash=3f0ac7…0558fa dirty=684.46MiB\n","stream":"stderr","time":"2020-03-25T03:23:04.752128828Z"}
{"log":"INFO [03-25|03:23:04.840] Imported new chain segment               blocks=1     txs=1     mgas=0.039   elapsed=1.043ms   mgasps=37.726   number=2404992 hash=a4d0dc…d9832a dirty=684.46MiB\n","stream":"stderr","time":"2020-03-25T03:23:04.840815793Z"}
{"log":"INFO [03-25|03:23:08.674] Deep froze chain segment                 blocks=4     elapsed=30.460ms  number=2314991 hash=43045e…d93658\n","stream":"stderr","time":"2020-03-25T03:23:08.675002307Z"}
{"log":"INFO [03-25|03:23:17.519] Imported new chain segment               blocks=1     txs=1     mgas=0.039   elapsed=1.744ms   mgasps=22.575   number=2404993 hash=e6ca8c…dcb949 dirty=684.45MiB\n","stream":"stderr","time":"2020-03-25T03:23:17.519930266Z"}
{"log":"INFO [03-25|03:23:20.768] Chain reorg detected                     number=2404992 hash=74ab09…4f154f drop=1 dropfrom=e6ca8c…dcb949 add=1 addfrom=a37524…78d0b9\n","stream":"stderr","time":"2020-03-25T03:23:20.768997598Z"}
{"log":"INFO [03-25|03:23:20.769] Imported new chain segment               blocks=1     txs=1     mgas=0.039   elapsed=2.513ms   mgasps=15.669   number=2404993 hash=a37524…78d0b9 dirty=684.45MiB\n","stream":"stderr","time":"2020-03-25T03:23:20.769315459Z"}
{"log":"INFO [03-25|03:23:32.466] Chain reorg detected                     number=2404992 hash=74ab09…4f154f drop=1 dropfrom=a37524…78d0b9 add=2 addfrom=6cb2cf…4f2115\n","stream":"stderr","time":"2020-03-25T03:23:32.466212687Z"}
{"log":"INFO [03-25|03:23:32.466] Imported new chain segment               blocks=1     txs=0     mgas=0.000   elapsed=707.915µs mgasps=0.000    number=2404994 hash=6cb2cf…4f2115 dirty=684.45MiB\n","stream":"stderr","time":"2020-03-25T03:23:32.46656524Z"}
{"log":"INFO [03-25|03:23:35.011] Chain reorg detected                     number=2404993 hash=e6ca8c…dcb949 drop=1 dropfrom=6cb2cf…4f2115 add=1 addfrom=075d48…913e32\n","stream":"stderr","time":"2020-03-25T03:23:35.011696048Z"}
{"log":"INFO [03-25|03:23:35.011] Imported new chain segment               blocks=1     txs=0     mgas=0.000   elapsed=444.587µs mgasps=0.000    number=2404994 hash=075d48…913e32 dirty=684.45MiB\n","stream":"stderr","time":"2020-03-25T03:23:35.011872223Z"}
{"log":"INFO [03-25|03:23:47.074] Chain reorg detected                     number=2404993 hash=e6ca8c…dcb949 drop=1 dropfrom=075d48…913e32 add=2 addfrom=bf587d…2d671b\n","stream":"stderr","time":"2020-03-25T03:23:47.07500588Z"}
{"log":"INFO [03-25|03:23:47.075] Imported new chain segment               blocks=1     txs=1     mgas=0.096   elapsed=3.960ms   mgasps=24.218   number=2404995 hash=bf587d…2d671b dirty=684.46MiB\n","stream":"stderr","time":"2020-03-25T03:23:47.075509979Z"}
{"log":"INFO [03-25|03:23:50.384] Imported new chain segment               blocks=1     txs=0     mgas=0.000   elapsed=364.335µs mgasps=0.000    number=2404995 hash=6239c3…b3432a dirty=684.46MiB\n","stream":"stderr","time":"2020-03-25T03:23:50.384342981Z"}
{"log":"INFO [03-25|03:23:50.404] Imported new chain segment               blocks=1     txs=1     mgas=0.096   elapsed=2.032ms   mgasps=47.194   number=2404995 hash=a3b19d…2ff002 dirty=684.46MiB\n","stream":"stderr","time":"2020-03-25T03:23:50.40438839Z"}
{"log":"INFO [03-25|03:24:02.119] Imported new chain segment               blocks=1     txs=0     mgas=0.000   elapsed=866.295µs mgasps=0.000    number=2404996 hash=a4f0ba…7283c2 dirty=684.43MiB\n","stream":"stderr","time":"2020-03-25T03:24:02.120068286Z"}
{"log":"INFO [03-25|03:24:03.373] Imported new chain segment               blocks=1     txs=0     mgas=0.000   elapsed=335.2µs   mgasps=0.000    number=2404996 hash=1f1cde…f45184 dirty=684.43MiB\n","stream":"stderr","time":"2020-03-25T03:24:03.373643702Z"}
{"log":"INFO [03-25|03:24:08.695] Deep froze chain segment                 blocks=4     elapsed=20.853ms  number=2314995 hash=3b0130…c3852f\n","stream":"stderr","time":"2020-03-25T03:24:08.696230624Z"}
{"log":"INFO [03-25|03:24:17.063] Imported new chain segment               blocks=1     txs=0     mgas=0.000   elapsed=631.959µs mgasps=0.000    number=2404997 hash=e9426a…7f519b dirty=684.43MiB\n","stream":"stderr","time":"2020-03-25T03:24:17.064144171Z"}
{"log":"INFO [03-25|03:24:20.246] Imported new chain segment               blocks=1     txs=0     mgas=0.000   elapsed=399.803µs mgasps=0.000    number=2404997 hash=b02c44…98f948 dirty=684.43MiB\n","stream":"stderr","time":"2020-03-25T03:24:20.246822619Z"}
{"log":"INFO [03-25|03:24:32.623] Imported new chain segment               blocks=1     txs=0     mgas=0.000   elapsed=906.421µs mgasps=0.000    number=2404998 hash=99f37b…cb636e dirty=684.41MiB\n","stream":"stderr","time":"2020-03-25T03:24:32.623304666Z"}
{"log":"INFO [03-25|03:24:32.627] Imported new chain segment               blocks=1     txs=0     mgas=0.000   elapsed=251.043µs mgasps=0.000    number=2404998 hash=c61ee3…2ace65 dirty=684.41MiB\n","stream":"stderr","time":"2020-03-25T03:24:32.628015655Z"}
{"log":"INFO [03-25|03:24:33.375] Chain reorg detected                     number=2404997 hash=e9426a…7f519b drop=1 dropfrom=99f37b…cb636e add=1 addfrom=b27920…6c27ce\n","stream":"stderr","time":"2020-03-25T03:24:33.375469379Z"}
{"log":"INFO [03-25|03:24:33.375] Imported new chain segment               blocks=1     txs=0     mgas=0.000   elapsed=588.714µs mgasps=0.000    number=2404998 hash=b27920…6c27ce dirty=684.41MiB\n","stream":"stderr","time":"2020-03-25T03:24:33.37568715Z"}
{"log":"INFO [03-25|03:24:48.065] Chain reorg detected                     number=2404997 hash=e9426a…7f519b drop=1 dropfrom=b27920…6c27ce add=2 addfrom=c71d2a…30238f\n","stream":"stderr","time":"2020-03-25T03:24:48.065550633Z"}
{"log":"INFO [03-25|03:24:48.065] Imported new chain segment               blocks=1     txs=2     mgas=0.583   elapsed=18.379ms  mgasps=31.695   number=2404999 hash=c71d2a…30238f dirty=684.44MiB\n","stream":"stderr","time":"2020-03-25T03:24:48.065981291Z"}
{"log":"INFO [03-25|03:24:48.151] Chain reorg detected                     number=2404998 hash=99f37b…cb636e drop=1 dropfrom=c71d2a…30238f add=1 addfrom=9ae036…0bac0d\n","stream":"stderr","time":"2020-03-25T03:24:48.151960277Z"}
{"log":"INFO [03-25|03:24:48.152] Imported new chain segment               blocks=1     txs=2     mgas=0.583   elapsed=15.616ms  mgasps=37.304   number=2404999 hash=9ae036…0bac0d dirty=684.45MiB\n","stream":"stderr","time":"2020-03-25T03:24:48.154153247Z"}
{"log":"INFO [03-25|03:24:54.299] Imported new chain segment               blocks=1     txs=2     mgas=0.583   elapsed=21.582ms  mgasps=26.992   number=2404999 hash=0263ae…57cdbe dirty=684.45MiB\n","stream":"stderr","time":"2020-03-25T03:24:54.30012856Z"}
{"log":"INFO [03-25|03:25:02.471] Imported new chain segment               blocks=1     txs=0     mgas=0.000   elapsed=763.666µs mgasps=0.000    number=2405000 hash=f57f38…86af24 dirty=684.44MiB\n","stream":"stderr","time":"2020-03-25T03:25:02.47152904Z"}
{"log":"INFO [03-25|03:25:05.460] Imported new chain segment               blocks=1     txs=0     mgas=0.000   elapsed=367.148µs mgasps=0.000    number=2405000 hash=f725d5…772bbd dirty=684.44MiB\n","stream":"stderr","time":"2020-03-25T03:25:05.460295001Z"}
{"log":"INFO [03-25|03:25:08.716] Deep froze chain segment                 blocks=4     elapsed=20.463ms  number=2314999 hash=2fc636…ecc8fd\n","stream":"stderr","time":"2020-03-25T03:25:08.716922654Z"}
{"log":"INFO [03-25|03:25:17.091] Imported new chain segment               blocks=1     txs=0     mgas=0.000   elapsed=438.512µs mgasps=0.000    number=2405001 hash=c8740f…ead91b dirty=684.44MiB\n","stream":"stderr","time":"2020-03-25T03:25:17.091799821Z"}
{"log":"INFO [03-25|03:25:32.216] Imported new chain segment               blocks=1     txs=0     mgas=0.000   elapsed=451.534µs mgasps=0.000    number=2405002 hash=e5be60…eac2a5 dirty=684.44MiB\n","stream":"stderr","time":"2020-03-25T03:25:32.216711882Z"}
{"log":"INFO [03-25|03:25:32.827] Imported new chain segment               blocks=1     txs=1     mgas=0.433   elapsed=17.279ms  mgasps=25.073   number=2405002 hash=d4bf5d…f556d8 dirty=684.46MiB\n","stream":"stderr","time":"2020-03-25T03:25:32.828055576Z"}
{"log":"INFO [03-25|03:25:47.825] Imported new chain segment               blocks=1     txs=6     mgas=2.171   elapsed=28.638ms  mgasps=75.793   number=2405003 hash=27022b…e7f2ab dirty=684.57MiB\n","stream":"stderr","time":"2020-03-25T03:25:47.825417404Z"}
{"log":"INFO [03-25|03:25:48.622] Imported new chain segment               blocks=1     txs=6     mgas=2.171   elapsed=29.118ms  mgasps=74.544   number=2405003 hash=75165d…004e36 dirty=684.57MiB\n","stream":"stderr","time":"2020-03-25T03:25:48.622796724Z"}
{"log":"INFO [03-25|03:26:02.424] Chain reorg detected                     number=2405002 hash=e5be60…eac2a5 drop=1 dropfrom=27022b…e7f2ab add=2 addfrom=6331d5…d1aac2\n","stream":"stderr","time":"2020-03-25T03:26:02.424544613Z"}
{"log":"INFO [03-25|03:26:02.425] Imported new chain segment               blocks=1     txs=1     mgas=0.056   elapsed=3.701ms   mgasps=15.056   number=2405004 hash=6331d5…d1aac2 dirty=684.56MiB\n","stream":"stderr","time":"2020-03-25T03:26:02.425862593Z"}
{"log":"INFO [03-25|03:26:04.883] Imported new chain segment               blocks=1     txs=1     mgas=0.056   elapsed=1.827ms   mgasps=30.493   number=2405004 hash=0c4804…97d52e dirty=684.57MiB\n","stream":"stderr","time":"2020-03-25T03:26:04.883361092Z"}
{"log":"INFO [03-25|03:26:08.769] Deep froze chain segment                 blocks=4     elapsed=51.942ms  number=2315003 hash=470831…f469ef\n","stream":"stderr","time":"2020-03-25T03:26:08.769611207Z"}
{"log":"INFO [03-25|03:26:17.315] Imported new chain segment               blocks=1     txs=0     mgas=0.000   elapsed=492.127µs mgasps=0.000    number=2405005 hash=d2d121…581070 dirty=684.57MiB\n","stream":"stderr","time":"2020-03-25T03:26:17.315711128Z"}
{"log":"INFO [03-25|03:26:20.350] Imported new chain segment               blocks=1     txs=0     mgas=0.000   elapsed=334.681µs mgasps=0.000    number=2405005 hash=7c94ed…34f774 dirty=684.57MiB\n","stream":"stderr","time":"2020-03-25T03:26:20.350297761Z"}
{"log":"INFO [03-25|03:26:34.174] Chain reorg detected                     number=2405004 hash=6331d5…d1aac2 drop=1 dropfrom=d2d121…581070 add=2 addfrom=cbcd10…83f9d3\n","stream":"stderr","time":"2020-03-25T03:26:34.174725557Z"}
{"log":"INFO [03-25|03:26:34.174] Imported new chain segment               blocks=1     txs=1     mgas=0.433   elapsed=17.560ms  mgasps=24.669   number=2405006 hash=cbcd10…83f9d3 dirty=684.57MiB\n","stream":"stderr","time":"2020-03-25T03:26:34.17502182Z"}
{"log":"INFO [03-25|03:26:34.216] Chain reorg detected                     number=2405005 hash=7c94ed…34f774 drop=1 dropfrom=cbcd10…83f9d3 add=1 addfrom=4e8cd8…ee32d7\n","stream":"stderr","time":"2020-03-25T03:26:34.216716387Z"}
{"log":"INFO [03-25|03:26:34.216] Imported new chain segment               blocks=1     txs=1     mgas=0.433   elapsed=15.719ms  mgasps=27.559   number=2405006 hash=4e8cd8…ee32d7 dirty=684.57MiB\n","stream":"stderr","time":"2020-03-25T03:26:34.216941145Z"}
{"log":"INFO [03-25|03:26:34.260] Chain reorg detected                     number=2405005 hash=7c94ed…34f774 drop=1 dropfrom=4e8cd8…ee32d7 add=1 addfrom=d44cd9…cf0828\n","stream":"stderr","time":"2020-03-25T03:26:34.261122146Z"}
{"log":"INFO [03-25|03:26:34.261] Imported new chain segment               blocks=1     txs=1     mgas=0.433   elapsed=10.069ms  mgasps=43.023   number=2405006 hash=d44cd9…cf0828 dirty=684.57MiB\n","stream":"stderr","time":"2020-03-25T03:26:34.261270996Z"}
{"log":"INFO [03-25|03:26:35.313] Imported new chain segment               blocks=1     txs=0     mgas=0.000   elapsed=727.936µs mgasps=0.000    number=2405006 hash=99b64a…20a2c3 dirty=684.57MiB\n","stream":"stderr","time":"2020-03-25T03:26:35.314254774Z"}
{"log":"INFO [03-25|03:26:35.371] Chain reorg detected                     number=2405004 hash=6331d5…d1aac2 drop=2 dropfrom=d44cd9…cf0828 add=2 addfrom=ab9700…e0cafd\n","stream":"stderr","time":"2020-03-25T03:26:35.371834791Z"}
{"log":"INFO [03-25|03:26:35.372] Imported new chain segment               blocks=1     txs=1     mgas=0.433   elapsed=20.345ms  mgasps=21.293   number=2405006 hash=ab9700…e0cafd dirty=684.57MiB\n","stream":"stderr","time":"2020-03-25T03:26:35.37214843Z"}
{"log":"INFO [03-25|03:26:47.086] Imported new chain segment               blocks=1     txs=0     mgas=0.000   elapsed=441.438µs mgasps=0.000    number=2405007 hash=aa8928…734b69 dirty=684.57MiB\n","stream":"stderr","time":"2020-03-25T03:26:47.086350752Z"}
{"log":"INFO [03-25|03:27:02.095] Imported new chain segment               blocks=1     txs=0     mgas=0.000   elapsed=1.175ms   mgasps=0.000    number=2405008 hash=79d811…80cda4 dirty=684.56MiB\n","stream":"stderr","time":"2020-03-25T03:27:02.096027446Z"}
{"log":"INFO [03-25|03:27:08.792] Deep froze chain segment                 blocks=4     elapsed=22.169ms  number=2315007 hash=3c6d3d…1b89e1\n","stream":"stderr","time":"2020-03-25T03:27:08.79229235Z"}
{"log":"INFO [03-25|03:27:17.933] Imported new chain segment               blocks=1     txs=1     mgas=0.433   elapsed=17.306ms  mgasps=25.033   number=2405009 hash=e19849…19080c dirty=684.56MiB\n","stream":"stderr","time":"2020-03-25T03:27:17.933292405Z"}
{"log":"INFO [03-25|03:27:18.991] Imported new chain segment               blocks=1     txs=1     mgas=0.433   elapsed=17.389ms  mgasps=24.913   number=2405009 hash=58327a…6b96da dirty=684.56MiB\n","stream":"stderr","time":"2020-03-25T03:27:18.992091784Z"}
{"log":"INFO [03-25|03:27:23.556] Imported new chain segment               blocks=1     txs=2     mgas=0.529   elapsed=13.003ms  mgasps=40.691   number=2405009 hash=9cbd93…2ec068 dirty=684.58MiB\n","stream":"stderr","time":"2020-03-25T03:27:23.557149817Z"}
{"log":"INFO [03-25|03:27:32.869] Imported new chain segment               blocks=1     txs=1     mgas=0.096   elapsed=4.261ms   mgasps=22.506   number=2405010 hash=c0b9c4…df4ee7 dirty=684.48MiB\n","stream":"stderr","time":"2020-03-25T03:27:32.870059238Z"}
{"log":"INFO [03-25|03:27:33.738] Chain reorg detected                     number=2405009 hash=e19849…19080c drop=1 dropfrom=c0b9c4…df4ee7 add=1 addfrom=c8e877…e1ba28\n","stream":"stderr","time":"2020-03-25T03:27:33.738310624Z"}
{"log":"INFO [03-25|03:27:33.738] Imported new chain segment               blocks=1     txs=1     mgas=0.096   elapsed=2.674ms   mgasps=35.854   number=2405010 hash=c8e877…e1ba28 dirty=684.48MiB\n","stream":"stderr","time":"2020-03-25T03:27:33.738624891Z"}
{"log":"INFO [03-25|03:27:47.398] Chain reorg detected                     number=2405009 hash=e19849…19080c drop=1 dropfrom=c8e877…e1ba28 add=2 addfrom=cd7308…480438\n","stream":"stderr","time":"2020-03-25T03:27:47.398570754Z"}
{"log":"INFO [03-25|03:27:47.398] Imported new chain segment               blocks=1     txs=0     mgas=0.000   elapsed=1.427ms   mgasps=0.000    number=2405011 hash=cd7308…480438 dirty=684.46MiB\n","stream":"stderr","time":"2020-03-25T03:27:47.398986921Z"}
{"log":"INFO [03-25|03:27:47.515] Chain reorg detected                     number=2405010 hash=c0b9c4…df4ee7 drop=1 dropfrom=cd7308…480438 add=1 addfrom=b3fdd3…3bfb23\n","stream":"stderr","time":"2020-03-25T03:27:47.515233477Z"}
{"log":"INFO [03-25|03:27:47.515] Imported new chain segment               blocks=1     txs=1     mgas=0.433   elapsed=18.208ms  mgasps=23.794   number=2405011 hash=b3fdd3…3bfb23 dirty=684.48MiB\n","stream":"stderr","time":"2020-03-25T03:27:47.515499526Z"}
{"log":"INFO [03-25|03:28:02.258] Chain reorg detected                     number=2405010 hash=c0b9c4…df4ee7 drop=1 dropfrom=b3fdd3…3bfb23 add=2 addfrom=ed9e92…cd8631\n","stream":"stderr","time":"2020-03-25T03:28:02.258791024Z"}
{"log":"INFO [03-25|03:28:02.258] Imported new chain segment               blocks=1     txs=1     mgas=0.039   elapsed=2.090ms   mgasps=18.848   number=2405012 hash=ed9e92…cd8631 dirty=684.47MiB\n","stream":"stderr","time":"2020-03-25T03:28:02.25906501Z"}
{"log":"INFO [03-25|03:28:02.307] Imported new chain segment               blocks=1     txs=6     mgas=2.025   elapsed=14.862ms  mgasps=136.272  number=2405012 hash=610eb0…3bcd58 dirty=684.58MiB\n","stream":"stderr","time":"2020-03-25T03:28:02.308071027Z"}
{"log":"INFO [03-25|03:28:03.818] Imported new chain segment               blocks=1     txs=1     mgas=0.039   elapsed=1.442ms   mgasps=27.301   number=2405012 hash=feaa99…38e398 dirty=684.59MiB\n","stream":"stderr","time":"2020-03-25T03:28:03.8190267Z"}
{"log":"INFO [03-25|03:28:08.822] Deep froze chain segment                 blocks=4     elapsed=29.688ms  number=2315011 hash=53adc4…ec5011\n","stream":"stderr","time":"2020-03-25T03:28:08.822337365Z"}
{"log":"INFO [03-25|03:28:17.993] Imported new chain segment               blocks=1     txs=2     mgas=0.589   elapsed=7.906ms   mgasps=74.507   number=2405013 hash=dd5ec6…9b6ecf dirty=684.64MiB\n","stream":"stderr","time":"2020-03-25T03:28:17.993597253Z"}
{"log":"INFO [03-25|03:28:19.908] Chain reorg detected                     number=2405012 hash=ed9e92…cd8631 drop=1 dropfrom=dd5ec6…9b6ecf add=1 addfrom=9d0f11…08209f\n","stream":"stderr","time":"2020-03-25T03:28:19.908409249Z"}
{"log":"INFO [03-25|03:28:19.908] Imported new chain segment               blocks=1     txs=6     mgas=2.082   elapsed=22.009ms  mgasps=94.594   number=2405013 hash=9d0f11…08209f dirty=684.64MiB\n","stream":"stderr","time":"2020-03-25T03:28:19.908854034Z"}
{"log":"INFO [03-25|03:28:32.132] Chain reorg detected                     number=2405012 hash=ed9e92…cd8631 drop=1 dropfrom=9d0f11…08209f add=2 addfrom=89c6e6…c77701\n","stream":"stderr","time":"2020-03-25T03:28:32.132310057Z"}
{"log":"INFO [03-25|03:28:32.132] Imported new chain segment               blocks=1     txs=4     mgas=1.493   elapsed=17.817ms  mgasps=83.782   number=2405014 hash=89c6e6…c77701 dirty=684.63MiB\n","stream":"stderr","time":"2020-03-25T03:28:32.132960652Z"}
{"log":"INFO [03-25|03:28:35.691] Imported new chain segment               blocks=1     txs=4     mgas=1.493   elapsed=23.021ms  mgasps=64.845   number=2405014 hash=052d9a…a75c8c dirty=684.63MiB\n","stream":"stderr","time":"2020-03-25T03:28:35.692154212Z"}
{"log":"INFO [03-25|03:28:47.869] Imported new chain segment               blocks=1     txs=0     mgas=0.000   elapsed=859.366µs mgasps=0.000    number=2405015 hash=c6baa0…185f51 dirty=684.61MiB\n","stream":"stderr","time":"2020-03-25T03:28:47.869989585Z"}
{"log":"INFO [03-25|03:28:48.870] Imported new chain segment               blocks=1     txs=0     mgas=0.000   elapsed=344.492µs mgasps=0.000    number=2405015 hash=914fed…2c7dbe dirty=684.61MiB\n","stream":"stderr","time":"2020-03-25T03:28:48.870591467Z"}
{"log":"INFO [03-25|03:29:02.622] Chain reorg detected                     number=2405014 hash=89c6e6…c77701 drop=1 dropfrom=c6baa0…185f51 add=2 addfrom=cfea79…f2d428\n","stream":"stderr","time":"2020-03-25T03:29:02.623091178Z"}
{"log":"INFO [03-25|03:29:02.623] Imported new chain segment               blocks=1     txs=0     mgas=0.000   elapsed=670.19µs  mgasps=0.000    number=2405016 hash=cfea79…f2d428 dirty=684.61MiB\n","stream":"stderr","time":"2020-03-25T03:29:02.62342291Z"}
{"log":"INFO [03-25|03:29:04.632] Imported new chain segment               blocks=1     txs=0     mgas=0.000   elapsed=438.634µs mgasps=0.000    number=2405016 hash=a42ccf…d8c6ae dirty=684.61MiB\n","stream":"stderr","time":"2020-03-25T03:29:04.633022374Z"}
{"log":"INFO [03-25|03:29:08.858] Deep froze chain segment                 blocks=4     elapsed=35.962ms  number=2315015 hash=b2410e…845db8\n","stream":"stderr","time":"2020-03-25T03:29:08.858709901Z"}
{"log":"INFO [03-25|03:29:18.135] Imported new chain segment               blocks=1     txs=1     mgas=0.056   elapsed=2.947ms   mgasps=18.908   number=2405017 hash=42fc81…c1e1ec dirty=684.60MiB\n","stream":"stderr","time":"2020-03-25T03:29:18.135787659Z"}
{"log":"INFO [03-25|03:29:33.534] Imported new chain segment               blocks=1     txs=1     mgas=0.487   elapsed=22.056ms  mgasps=22.063   number=2405018 hash=544312…087818 dirty=684.61MiB\n","stream":"stderr","time":"2020-03-25T03:29:33.534839147Z"}
{"log":"INFO [03-25|03:29:34.156] Chain reorg detected                     number=2405017 hash=42fc81…c1e1ec drop=1 dropfrom=544312…087818 add=1 addfrom=d343bb…775918\n","stream":"stderr","time":"2020-03-25T03:29:34.156348988Z"}
{"log":"INFO [03-25|03:29:34.156] Imported new chain segment               blocks=1     txs=1     mgas=0.487   elapsed=15.993ms  mgasps=30.426   number=2405018 hash=d343bb…775918 dirty=684.62MiB\n","stream":"stderr","time":"2020-03-25T03:29:34.156560171Z"}
{"log":"INFO [03-25|03:29:39.673] Chain reorg detected                     number=2405017 hash=42fc81…c1e1ec drop=1 dropfrom=d343bb…775918 add=1 addfrom=bb8a00…6f4986\n","stream":"stderr","time":"2020-03-25T03:29:39.673256618Z"}
{"log":"INFO [03-25|03:29:39.673] Imported new chain segment               blocks=1     txs=1     mgas=0.487   elapsed=17.147ms  mgasps=28.379   number=2405018 hash=bb8a00…6f4986 dirty=684.62MiB\n","stream":"stderr","time":"2020-03-25T03:29:39.673482805Z"}
{"log":"INFO [03-25|03:29:47.700] Chain reorg detected                     number=2405017 hash=42fc81…c1e1ec drop=1 dropfrom=bb8a00…6f4986 add=2 addfrom=b4fc75…c0d983\n","stream":"stderr","time":"2020-03-25T03:29:47.701183671Z"}
{"log":"INFO [03-25|03:29:47.701] Imported new chain segment               blocks=1     txs=0     mgas=0.000   elapsed=909.591µs mgasps=0.000    number=2405019 hash=b4fc75…c0d983 dirty=684.62MiB\n","stream":"stderr","time":"2020-03-25T03:29:47.701615647Z"}
{"log":"INFO [03-25|03:30:02.572] Imported new chain segment               blocks=1     txs=0     mgas=0.000   elapsed=3.548ms   mgasps=0.000    number=2405020 hash=1aaa66…bf16be dirty=684.50MiB\n","stream":"stderr","time":"2020-03-25T03:30:02.572300828Z"}
{"log":"INFO [03-25|03:30:03.453] Chain reorg detected                     number=2405019 hash=b4fc75…c0d983 drop=1 dropfrom=1aaa66…bf16be add=1 addfrom=e20828…f6469f\n","stream":"stderr","time":"2020-03-25T03:30:03.454037819Z"}
{"log":"INFO [03-25|03:30:03.454] Imported new chain segment               blocks=1     txs=1     mgas=0.433   elapsed=16.984ms  mgasps=25.508   number=2405020 hash=e20828…f6469f dirty=684.52MiB\n","stream":"stderr","time":"2020-03-25T03:30:03.454250244Z"}
{"log":"INFO [03-25|03:30:08.881] Deep froze chain segment                 blocks=4     elapsed=22.873ms  number=2315019 hash=7ca1cf…a05bc4\n","stream":"stderr","time":"2020-03-25T03:30:08.881862094Z"}
{"log":"INFO [03-25|03:30:17.950] Chain reorg detected                     number=2405019 hash=b4fc75…c0d983 drop=1 dropfrom=e20828…f6469f add=2 addfrom=42e969…9d26f0\n","stream":"stderr","time":"2020-03-25T03:30:17.950382553Z"}
{"log":"INFO [03-25|03:30:17.950] Imported new chain segment               blocks=1     txs=2     mgas=4.259   elapsed=34.168ms  mgasps=124.639  number=2405021 hash=42e969…9d26f0 dirty=684.95MiB\n","stream":"stderr","time":"2020-03-25T03:30:17.950805445Z"}
{"log":"INFO [03-25|03:30:17.968] Imported new chain segment               blocks=1     txs=1     mgas=0.433   elapsed=10.735ms  mgasps=40.355   number=2405021 hash=51eb3f…6542bb dirty=684.95MiB\n","stream":"stderr","time":"2020-03-25T03:30:17.968486875Z"}
{"log":"INFO [03-25|03:30:19.879] Imported new chain segment               blocks=1     txs=1     mgas=0.433   elapsed=20.771ms  mgasps=20.857   number=2405021 hash=be06a8…907f26 dirty=684.95MiB\n","stream":"stderr","time":"2020-03-25T03:30:19.879622772Z"}
{"log":"INFO [03-25|03:30:19.963] Chain reorg detected                     number=2405020 hash=1aaa66…bf16be drop=1 dropfrom=42e969…9d26f0 add=1 addfrom=556d86…afbc6d\n","stream":"stderr","time":"2020-03-25T03:30:19.963303174Z"}
{"log":"INFO [03-25|03:30:19.963] Imported new chain segment               blocks=1     txs=2     mgas=4.259   elapsed=21.757ms  mgasps=195.739  number=2405021 hash=556d86…afbc6d dirty=684.95MiB\n","stream":"stderr","time":"2020-03-25T03:30:19.963478507Z"}
{"log":"INFO [03-25|03:30:27.568] Chain reorg detected                     number=2405020 hash=1aaa66…bf16be drop=1 dropfrom=556d86…afbc6d add=1 addfrom=4e0746…f7d5a9\n","stream":"stderr","time":"2020-03-25T03:30:27.568309802Z"}
{"log":"INFO [03-25|03:30:27.568] Imported new chain segment               blocks=1     txs=1     mgas=0.433   elapsed=17.249ms  mgasps=25.117   number=2405021 hash=4e0746…f7d5a9 dirty=684.96MiB\n","stream":"stderr","time":"2020-03-25T03:30:27.568561761Z"}
{"log":"INFO [03-25|03:30:32.375] Imported new chain segment               blocks=1     txs=1     mgas=1.181   elapsed=14.175ms  mgasps=83.332   number=2405022 hash=ca7aaf…224643 dirty=685.08MiB\n","stream":"stderr","time":"2020-03-25T03:30:32.380770418Z"}
{"log":"INFO [03-25|03:30:33.282] Imported new chain segment               blocks=1     txs=4     mgas=3.364   elapsed=20.099ms  mgasps=167.349  number=2405022 hash=e661f2…953f20 dirty=685.27MiB\n","stream":"stderr","time":"2020-03-25T03:30:33.283150764Z"}
{"log":"INFO [03-25|03:30:33.614] Imported new chain segment               blocks=1     txs=5     mgas=7.189   elapsed=34.263ms  mgasps=209.819  number=2405022 hash=4b618e…e6d6f0 dirty=685.27MiB\n","stream":"stderr","time":"2020-03-25T03:30:33.614195287Z"}
{"log":"INFO [03-25|03:30:36.178] Imported new chain segment               blocks=1     txs=5     mgas=7.189   elapsed=27.582ms  mgasps=260.639  number=2405022 hash=58e0aa…60f045 dirty=685.27MiB\n","stream":"stderr","time":"2020-03-25T03:30:36.178590131Z"}
{"log":"INFO [03-25|03:30:47.500] Imported new chain segment               blocks=1     txs=5     mgas=3.070   elapsed=27.575ms  mgasps=111.338  number=2405023 hash=5832a9…f6d8ad dirty=685.31MiB\n","stream":"stderr","time":"2020-03-25T03:30:47.500412644Z"}
{"log":"INFO [03-25|03:30:48.066] Chain reorg detected                     number=2405022 hash=ca7aaf…224643 drop=1 dropfrom=5832a9…f6d8ad add=1 addfrom=af5bbb…46abc3\n","stream":"stderr","time":"2020-03-25T03:30:48.066187604Z"}
{"log":"INFO [03-25|03:30:48.066] Imported new chain segment               blocks=1     txs=6     mgas=6.845   elapsed=49.352ms  mgasps=138.694  number=2405023 hash=af5bbb…46abc3 dirty=685.32MiB\n","stream":"stderr","time":"2020-03-25T03:30:48.066480792Z"}
{"log":"INFO [03-25|03:30:48.686] Chain reorg detected                     number=2405022 hash=ca7aaf…224643 drop=1 dropfrom=af5bbb…46abc3 add=1 addfrom=2c2f0e…86fe7b\n","stream":"stderr","time":"2020-03-25T03:30:48.686442278Z"}
{"log":"INFO [03-25|03:30:48.686] Imported new chain segment               blocks=1     txs=5     mgas=6.412   elapsed=37.828ms  mgasps=169.493  number=2405023 hash=2c2f0e…86fe7b dirty=685.33MiB\n","stream":"stderr","time":"2020-03-25T03:30:48.6870283Z"}
{"log":"INFO [03-25|03:31:03.017] Imported new chain segment               blocks=1     txs=1     mgas=0.433   elapsed=13.637ms  mgasps=31.768   number=2405024 hash=6d50d9…b132fc dirty=685.33MiB\n","stream":"stderr","time":"2020-03-25T03:31:03.017434235Z"}
{"log":"INFO [03-25|03:31:03.041] Chain reorg detected                     number=2405022 hash=ca7aaf…224643 drop=2 dropfrom=6d50d9…b132fc add=2 addfrom=80183e…dfac13\n","stream":"stderr","time":"2020-03-25T03:31:03.041421963Z"}
{"log":"INFO [03-25|03:31:03.041] Imported new chain segment               blocks=1     txs=1     mgas=3.825   elapsed=14.953ms  mgasps=255.831  number=2405024 hash=80183e…dfac13 dirty=685.33MiB\n","stream":"stderr","time":"2020-03-25T03:31:03.041886544Z"}
{"log":"INFO [03-25|03:31:03.186] Imported new chain segment               blocks=1     txs=5     mgas=6.412   elapsed=27.754ms  mgasps=231.017  number=2405023 hash=84266d…61272f dirty=685.33MiB\n","stream":"stderr","time":"2020-03-25T03:31:03.18696839Z"}
{"log":"INFO [03-25|03:31:04.334] Chain reorg detected                     number=2405023 hash=5832a9…f6d8ad drop=1 dropfrom=80183e…dfac13 add=1 addfrom=a6a9f4…1d1c2c\n","stream":"stderr","time":"2020-03-25T03:31:04.334604521Z"}
{"log":"INFO [03-25|03:31:04.334] Imported new chain segment               blocks=1     txs=1     mgas=3.825   elapsed=31.544ms  mgasps=121.274  number=2405024 hash=a6a9f4…1d1c2c dirty=685.34MiB\n","stream":"stderr","time":"2020-03-25T03:31:04.334982716Z"}
{"log":"INFO [03-25|03:31:08.906] Deep froze chain segment                 blocks=4     elapsed=24.693ms  number=2315023 hash=0d709c…bfb257\n","stream":"stderr","time":"2020-03-25T03:31:08.906808974Z"}
{"log":"INFO [03-25|03:31:17.102] Chain reorg detected                     number=2405022 hash=ca7aaf…224643 drop=2 dropfrom=a6a9f4…1d1c2c add=3 addfrom=6b8717…9af347\n","stream":"stderr","time":"2020-03-25T03:31:17.103245467Z"}
{"log":"INFO [03-25|03:31:17.103] Imported new chain segment               blocks=1     txs=1     mgas=0.433   elapsed=17.919ms  mgasps=24.174   number=2405025 hash=6b8717…9af347 dirty=685.36MiB\n","stream":"stderr","time":"2020-03-25T03:31:17.104052987Z"}
{"log":"INFO [03-25|03:31:32.085] Imported new chain segment               blocks=1     txs=0     mgas=0.000   elapsed=1.110ms   mgasps=0.000    number=2405026 hash=5a2172…b32844 dirty=685.33MiB\n","stream":"stderr","time":"2020-03-25T03:31:32.085517996Z"}
{"log":"INFO [03-25|03:31:47.075] Imported new chain segment               blocks=1     txs=0     mgas=0.000   elapsed=782.026µs mgasps=0.000    number=2405027 hash=4ec9d6…b7a309 dirty=685.32MiB\n","stream":"stderr","time":"2020-03-25T03:31:47.075844934Z"}
{"log":"INFO [03-25|03:32:03.399] Imported new chain segment               blocks=1     txs=1     mgas=0.433   elapsed=20.101ms  mgasps=21.552   number=2405028 hash=70d208…22ae08 dirty=685.34MiB\n","stream":"stderr","time":"2020-03-25T03:32:03.399757267Z"}
{"log":"INFO [03-25|03:32:08.693] Chain reorg detected                     number=2405027 hash=4ec9d6…b7a309 drop=1 dropfrom=70d208…22ae08 add=1 addfrom=dc6512…492282\n","stream":"stderr","time":"2020-03-25T03:32:08.693229241Z"}
{"log":"INFO [03-25|03:32:08.693] Imported new chain segment               blocks=1     txs=1     mgas=0.433   elapsed=17.016ms  mgasps=25.459   number=2405028 hash=dc6512…492282 dirty=685.34MiB\n","stream":"stderr","time":"2020-03-25T03:32:08.693449923Z"}
{"log":"INFO [03-25|03:32:08.953] Deep froze chain segment                 blocks=4     elapsed=46.257ms  number=2315027 hash=25bbf4…96bdec\n","stream":"stderr","time":"2020-03-25T03:32:08.953672563Z"}
{"log":"INFO [03-25|03:32:18.020] Chain reorg detected                     number=2405027 hash=4ec9d6…b7a309 drop=1 dropfrom=dc6512…492282 add=2 addfrom=131534…a315d1\n","stream":"stderr","time":"2020-03-25T03:32:18.020328817Z"}
{"log":"INFO [03-25|03:32:18.020] Imported new chain segment               blocks=1     txs=6     mgas=0.357   elapsed=11.978ms  mgasps=29.808   number=2405029 hash=131534…a315d1 dirty=684.96MiB\n","stream":"stderr","time":"2020-03-25T03:32:18.020880468Z"}
{"log":"INFO [03-25|03:32:18.155] Chain reorg detected                     number=2405028 hash=70d208…22ae08 drop=1 dropfrom=131534…a315d1 add=1 addfrom=ba9b8f…848a30\n","stream":"stderr","time":"2020-03-25T03:32:18.15611866Z"}
{"log":"INFO [03-25|03:32:18.156] Imported new chain segment               blocks=1     txs=1     mgas=0.096   elapsed=2.237ms   mgasps=42.872   number=2405029 hash=ba9b8f…848a30 dirty=684.96MiB\n","stream":"stderr","time":"2020-03-25T03:32:18.156448538Z"}
{"log":"INFO [03-25|03:32:18.159] Chain reorg detected                     number=2405028 hash=70d208…22ae08 drop=1 dropfrom=ba9b8f…848a30 add=1 addfrom=0f5192…aa6f97\n","stream":"stderr","time":"2020-03-25T03:32:18.159270217Z"}
{"log":"INFO [03-25|03:32:18.159] Imported new chain segment               blocks=1     txs=0     mgas=0.000   elapsed=648.038µs mgasps=0.000    number=2405029 hash=0f5192…aa6f97 dirty=684.96MiB\n","stream":"stderr","time":"2020-03-25T03:32:18.15961752Z"}
{"log":"INFO [03-25|03:32:34.104] Imported new chain segment               blocks=1     txs=0     mgas=0.000   elapsed=4.022ms   mgasps=0.000    number=2405030 hash=a176d2…b03467 dirty=684.72MiB\n","stream":"stderr","time":"2020-03-25T03:32:34.104433305Z"}
{"log":"INFO [03-25|03:32:34.727] Chain reorg detected                     number=2405028 hash=70d208…22ae08 drop=1 dropfrom=0f5192…aa6f97 add=2 addfrom=5e6a38…06205f\n","stream":"stderr","time":"2020-03-25T03:32:34.727233697Z"}
{"log":"INFO [03-25|03:32:34.727] Imported new chain segment               blocks=1     txs=14    mgas=1.039   elapsed=20.769ms  mgasps=50.040   number=2405030 hash=5e6a38…06205f dirty=684.76MiB\n","stream":"stderr","time":"2020-03-25T03:32:34.72786548Z"}
{"log":"INFO [03-25|03:32:40.106] Chain reorg detected                     number=2405028 hash=70d208…22ae08 drop=2 dropfrom=5e6a38…06205f add=2 addfrom=201dbe…70feb2\n","stream":"stderr","time":"2020-03-25T03:32:40.106404695Z"}
{"log":"INFO [03-25|03:32:40.106] Imported new chain segment               blocks=1     txs=16    mgas=1.177   elapsed=22.267ms  mgasps=52.835   number=2405030 hash=201dbe…70feb2 dirty=684.77MiB\n","stream":"stderr","time":"2020-03-25T03:32:40.107122476Z"}
{"log":"INFO [03-25|03:32:48.103] Chain reorg detected                     number=2405028 hash=70d208…22ae08 drop=2 dropfrom=201dbe…70feb2 add=3 addfrom=33bdef…75586e\n","stream":"stderr","time":"2020-03-25T03:32:48.103930566Z"}
{"log":"INFO [03-25|03:32:48.104] Imported new chain segment               blocks=1     txs=7     mgas=0.289   elapsed=8.916ms   mgasps=32.432   number=2405031 hash=33bdef…75586e dirty=684.75MiB\n","stream":"stderr","time":"2020-03-25T03:32:48.104966125Z"}
{"log":"INFO [03-25|03:32:49.449] Imported new chain segment               blocks=1     txs=1     mgas=0.041   elapsed=1.763ms   mgasps=23.429   number=2405031 hash=253f61…52b61d dirty=684.75MiB\n","stream":"stderr","time":"2020-03-25T03:32:49.450104849Z"}
{"log":"INFO [03-25|03:33:03.525] Imported new chain segment               blocks=1     txs=0     mgas=0.000   elapsed=984.737µs mgasps=0.000    number=2405032 hash=9ff8a4…1b2001 dirty=684.72MiB\n","stream":"stderr","time":"2020-03-25T03:33:03.525403811Z"}
{"log":"INFO [03-25|03:33:04.375] Imported new chain segment               blocks=1     txs=2     mgas=0.083   elapsed=1.741ms   mgasps=47.430   number=2405032 hash=9fcd28…9564e1 dirty=684.73MiB\n","stream":"stderr","time":"2020-03-25T03:33:04.375679069Z"}
{"log":"INFO [03-25|03:33:04.424] Imported new chain segment               blocks=1     txs=3     mgas=0.124   elapsed=2.523ms   mgasps=49.104   number=2405031 hash=71176f…488296 dirty=684.74MiB\n","stream":"stderr","time":"2020-03-25T03:33:04.425139715Z"}
{"log":"INFO [03-25|03:33:08.981] Deep froze chain segment                 blocks=4     elapsed=27.175ms  number=2315031 hash=b76d0a…c6e2eb\n","stream":"stderr","time":"2020-03-25T03:33:08.98134747Z"}
{"log":"INFO [03-25|03:33:18.664] Imported new chain segment               blocks=1     txs=11    mgas=0.507   elapsed=4.871ms   mgasps=104.098  number=2405033 hash=d3c464…a4f199 dirty=684.77MiB\n","stream":"stderr","time":"2020-03-25T03:33:18.665135771Z"}
{"log":"INFO [03-25|03:33:18.725] Chain reorg detected                     number=2405032 hash=9ff8a4…1b2001 drop=1 dropfrom=d3c464…a4f199 add=1 addfrom=2e31fe…87c948\n","stream":"stderr","time":"2020-03-25T03:33:18.72604113Z"}
{"log":"INFO [03-25|03:33:18.726] Imported new chain segment               blocks=1     txs=10    mgas=0.466   elapsed=3.520ms   mgasps=132.293  number=2405033 hash=2e31fe…87c948 dirty=684.78MiB\n","stream":"stderr","time":"2020-03-25T03:33:18.726358282Z"}
{"log":"INFO [03-25|03:33:33.156] Chain reorg detected                     number=2405032 hash=9ff8a4…1b2001 drop=1 dropfrom=2e31fe…87c948 add=2 addfrom=e9c9d9…7bba14\n","stream":"stderr","time":"2020-03-25T03:33:33.156838831Z"}
{"log":"INFO [03-25|03:33:33.157] Imported new chain segment               blocks=1     txs=12    mgas=0.496   elapsed=5.718ms   mgasps=86.695   number=2405034 hash=e9c9d9…7bba14 dirty=684.81MiB\n","stream":"stderr","time":"2020-03-25T03:33:33.157619866Z"}
{"log":"INFO [03-25|03:33:33.284] Imported new chain segment               blocks=1     txs=13    mgas=0.537   elapsed=4.860ms   mgasps=110.494  number=2405034 hash=f9ef70…fdafcd dirty=684.82MiB\n","stream":"stderr","time":"2020-03-25T03:33:33.284703653Z"}
{"log":"INFO [03-25|03:33:49.468] Imported new chain segment               blocks=1     txs=0     mgas=0.000   elapsed=1.139ms   mgasps=0.000    number=2405035 hash=47d80d…0827da dirty=684.80MiB\n","stream":"stderr","time":"2020-03-25T03:33:49.4691369Z"}
{"log":"INFO [03-25|03:33:51.351] Imported new chain segment               blocks=1     txs=0     mgas=0.000   elapsed=370.201µs mgasps=0.000    number=2405035 hash=26bc34…ad8eb8 dirty=684.80MiB\n","stream":"stderr","time":"2020-03-25T03:33:51.352063939Z"}
{"log":"INFO [03-25|03:34:03.069] Chain reorg detected                     number=2405034 hash=e9c9d9…7bba14 drop=1 dropfrom=47d80d…0827da add=2 addfrom=aa4b6d…0874db\n","stream":"stderr","time":"2020-03-25T03:34:03.069799893Z"}
{"log":"INFO [03-25|03:34:03.070] Imported new chain segment               blocks=1     txs=0     mgas=0.000   elapsed=1.314ms   mgasps=0.000    number=2405036 hash=aa4b6d…0874db dirty=684.79MiB\n","stream":"stderr","time":"2020-03-25T03:34:03.070402178Z"}
{"log":"INFO [03-25|03:34:06.646] Imported new chain segment               blocks=1     txs=0     mgas=0.000   elapsed=402.542µs mgasps=0.000    number=2405036 hash=42b10e…e740cc dirty=684.79MiB\n","stream":"stderr","time":"2020-03-25T03:34:06.646485696Z"}
{"log":"INFO [03-25|03:34:09.010] Deep froze chain segment                 blocks=4     elapsed=28.725ms  number=2315035 hash=f5aa07…00507c\n","stream":"stderr","time":"2020-03-25T03:34:09.010511165Z"}
{"log":"INFO [03-25|03:34:18.050] Imported new chain segment               blocks=1     txs=0     mgas=0.000   elapsed=9.398ms   mgasps=0.000    number=2405037 hash=d43ff7…707bbb dirty=684.79MiB\n","stream":"stderr","time":"2020-03-25T03:34:18.051325327Z"}
{"log":"INFO [03-25|03:34:33.111] Imported new chain segment               blocks=1     txs=1     mgas=0.487   elapsed=17.434ms  mgasps=27.912   number=2405038 hash=36d5db…39505c dirty=684.82MiB\n","stream":"stderr","time":"2020-03-25T03:34:33.111648201Z"}
{"log":"INFO [03-25|03:34:33.148] Imported new chain segment               blocks=1     txs=0     mgas=0.000   elapsed=218.518µs mgasps=0.000    number=2405038 hash=a57b03…c343e0 dirty=684.82MiB\n","stream":"stderr","time":"2020-03-25T03:34:33.14908745Z"}
{"log":"INFO [03-25|03:34:38.702] Imported new chain segment               blocks=1     txs=1     mgas=0.487   elapsed=13.120ms  mgasps=37.091   number=2405038 hash=94231e…c00514 dirty=684.82MiB\n","stream":"stderr","time":"2020-03-25T03:34:38.703057106Z"}
{"log":"INFO [03-25|03:34:48.328] Imported new chain segment               blocks=1     txs=0     mgas=0.000   elapsed=668.873µs mgasps=0.000    number=2405039 hash=5ed6a9…22ba43 dirty=684.81MiB\n","stream":"stderr","time":"2020-03-25T03:34:48.328414837Z"}
{"log":"INFO [03-25|03:35:03.136] Imported new chain segment               blocks=1     txs=0     mgas=0.000   elapsed=738.956µs mgasps=0.000    number=2405040 hash=fc15c3…a9fce2 dirty=684.80MiB\n","stream":"stderr","time":"2020-03-25T03:35:03.137087503Z"}
{"log":"INFO [03-25|03:35:04.904] Imported new chain segment               blocks=1     txs=1     mgas=0.433   elapsed=15.921ms  mgasps=27.211   number=2405040 hash=04e1a1…5388e8 dirty=684.82MiB\n","stream":"stderr","time":"2020-03-25T03:35:04.904398173Z"}
{"log":"INFO [03-25|03:35:09.037] Deep froze chain segment                 blocks=4     elapsed=26.446ms  number=2315039 hash=99f50d…75985d\n","stream":"stderr","time":"2020-03-25T03:35:09.037197519Z"}
{"log":"INFO [03-25|03:35:18.469] Imported new chain segment               blocks=1     txs=1     mgas=0.433   elapsed=13.518ms  mgasps=32.047   number=2405041 hash=b0b0a6…c65366 dirty=684.82MiB\n","stream":"stderr","time":"2020-03-25T03:35:18.469534276Z"}
{"log":"INFO [03-25|03:35:20.586] Chain reorg detected                     number=2405040 hash=fc15c3…a9fce2 drop=1 dropfrom=b0b0a6…c65366 add=1 addfrom=ac324a…ee84fb\n","stream":"stderr","time":"2020-03-25T03:35:20.58700925Z"}
{"log":"INFO [03-25|03:35:20.587] Imported new chain segment               blocks=1     txs=1     mgas=0.433   elapsed=17.013ms  mgasps=25.463   number=2405041 hash=ac324a…ee84fb dirty=684.82MiB\n","stream":"stderr","time":"2020-03-25T03:35:20.587177634Z"}
{"log":"INFO [03-25|03:35:33.487] Chain reorg detected                     number=2405040 hash=fc15c3…a9fce2 drop=1 dropfrom=ac324a…ee84fb add=2 addfrom=ae5ca8…54fc38\n","stream":"stderr","time":"2020-03-25T03:35:33.487835468Z"}
{"log":"INFO [03-25|03:35:33.488] Imported new chain segment               blocks=1     txs=0     mgas=0.000   elapsed=830.512µs mgasps=0.000    number=2405042 hash=ae5ca8…54fc38 dirty=684.82MiB\n","stream":"stderr","time":"2020-03-25T03:35:33.48828438Z"}
{"log":"INFO [03-25|03:35:35.769] Imported new chain segment               blocks=1     txs=0     mgas=0.000   elapsed=364.84µs  mgasps=0.000    number=2405042 hash=ad800d…8d1d61 dirty=684.82MiB\n","stream":"stderr","time":"2020-03-25T03:35:35.769769453Z"}
{"log":"INFO [03-25|03:35:39.309] New local node record                    seq=32 id=8252fae760b7940d ip=31.147.195.65 udp=30303 tcp=30303\n","stream":"stderr","time":"2020-03-25T03:35:39.309410772Z"}
{"log":"INFO [03-25|03:35:49.757] Imported new chain segment               blocks=1     txs=6     mgas=1.793   elapsed=21.605ms  mgasps=82.994   number=2405043 hash=7c1fa9…93c78c dirty=684.93MiB\n","stream":"stderr","time":"2020-03-25T03:35:49.757941374Z"}
{"log":"INFO [03-25|03:35:49.871] Imported new chain segment               blocks=1     txs=5     mgas=1.737   elapsed=13.579ms  mgasps=127.937  number=2405043 hash=c2c87e…ac5580 dirty=684.93MiB\n","stream":"stderr","time":"2020-03-25T03:35:49.871302978Z"}
{"log":"INFO [03-25|03:35:53.227] Regenerated local transaction journal    transactions=0 accounts=0\n","stream":"stderr","time":"2020-03-25T03:35:53.227535787Z"}
{"log":"INFO [03-25|03:36:03.150] Chain reorg detected                     number=2405042 hash=ae5ca8…54fc38 drop=1 dropfrom=7c1fa9…93c78c add=2 addfrom=2589dd…c6d914\n","stream":"stderr","time":"2020-03-25T03:36:03.150758273Z"}
{"log":"INFO [03-25|03:36:03.151] Imported new chain segment               blocks=1     txs=3     mgas=0.585   elapsed=19.978ms  mgasps=29.275   number=2405044 hash=2589dd…c6d914 dirty=684.97MiB\n","stream":"stderr","time":"2020-03-25T03:36:03.151701561Z"}
{"log":"INFO [03-25|03:36:09.076] Deep froze chain segment                 blocks=4     elapsed=38.650ms  number=2315043 hash=865b90…bb1f13\n","stream":"stderr","time":"2020-03-25T03:36:09.076281816Z"}
{"log":"INFO [03-25|03:36:18.931] Imported new chain segment               blocks=1     txs=0     mgas=0.000   elapsed=833.873µs mgasps=0.000    number=2405045 hash=51de9d…ce9bea dirty=684.97MiB\n","stream":"stderr","time":"2020-03-25T03:36:18.93199102Z"}
{"log":"INFO [03-25|03:36:33.253] Imported new chain segment               blocks=1     txs=0     mgas=0.000   elapsed=807.444µs mgasps=0.000    number=2405046 hash=b1a257…66da3b dirty=684.95MiB\n","stream":"stderr","time":"2020-03-25T03:36:33.253745924Z"}
{"log":"INFO [03-25|03:36:48.086] Imported new chain segment               blocks=1     txs=1     mgas=0.433   elapsed=17.470ms  mgasps=24.799   number=2405047 hash=fc06aa…7366c6 dirty=684.95MiB\n","stream":"stderr","time":"2020-03-25T03:36:48.086980927Z"}
{"log":"INFO [03-25|03:36:50.597] Imported new chain segment               blocks=1     txs=1     mgas=0.433   elapsed=16.379ms  mgasps=26.451   number=2405047 hash=0b433c…71b78a dirty=684.95MiB\n","stream":"stderr","time":"2020-03-25T03:36:50.597438121Z"}
{"log":"INFO [03-25|03:36:54.629] Imported new chain segment               blocks=1     txs=1     mgas=0.433   elapsed=17.161ms  mgasps=25.246   number=2405047 hash=6be351…c507ae dirty=684.95MiB\n","stream":"stderr","time":"2020-03-25T03:36:54.630049664Z"}
{"log":"INFO [03-25|03:37:04.588] Imported new chain segment               blocks=1     txs=0     mgas=0.000   elapsed=605.771µs mgasps=0.000    number=2405048 hash=d95e2a…9acaed dirty=684.95MiB\n","stream":"stderr","time":"2020-03-25T03:37:04.588673101Z"}
{"log":"INFO [03-25|03:37:09.103] Deep froze chain segment                 blocks=4     elapsed=26.942ms  number=2315047 hash=e927fe…8aae58\n","stream":"stderr","time":"2020-03-25T03:37:09.103643278Z"}
{"log":"INFO [03-25|03:37:19.273] Imported new chain segment               blocks=1     txs=0     mgas=0.000   elapsed=611.996µs mgasps=0.000    number=2405049 hash=9201b0…aa6187 dirty=684.95MiB\n","stream":"stderr","time":"2020-03-25T03:37:19.273513991Z"}
{"log":"INFO [03-25|03:37:19.863] Imported new chain segment               blocks=1     txs=1     mgas=0.433   elapsed=16.856ms  mgasps=25.700   number=2405049 hash=ea1662…86411f dirty=684.97MiB\n","stream":"stderr","time":"2020-03-25T03:37:19.86417755Z"}
{"log":"INFO [03-25|03:37:35.273] Imported new chain segment               blocks=1     txs=1     mgas=0.433   elapsed=25.122ms  mgasps=17.244   number=2405050 hash=ecffad…4cf7e0 dirty=684.86MiB\n","stream":"stderr","time":"2020-03-25T03:37:35.273563196Z"}
{"log":"INFO [03-25|03:37:35.559] Imported new chain segment               blocks=1     txs=1     mgas=0.433   elapsed=15.975ms  mgasps=27.117   number=2405050 hash=daf851…675e3c dirty=684.86MiB\n","stream":"stderr","time":"2020-03-25T03:37:35.559574182Z"}
{"log":"INFO [03-25|03:37:39.366] Chain reorg detected                     number=2405049 hash=9201b0…aa6187 drop=1 dropfrom=ecffad…4cf7e0 add=1 addfrom=48ec51…e9501a\n","stream":"stderr","time":"2020-03-25T03:37:39.366642018Z"}
{"log":"INFO [03-25|03:37:39.366] Imported new chain segment               blocks=1     txs=1     mgas=0.433   elapsed=17.007ms  mgasps=25.472   number=2405050 hash=48ec51…e9501a dirty=684.86MiB\n","stream":"stderr","time":"2020-03-25T03:37:39.366917112Z"}
{"log":"INFO [03-25|03:37:48.095] Chain reorg detected                     number=2405049 hash=9201b0…aa6187 drop=1 dropfrom=48ec51…e9501a add=2 addfrom=5f09a8…cb0f8c\n","stream":"stderr","time":"2020-03-25T03:37:48.096105457Z"}
{"log":"INFO [03-25|03:37:48.096] Imported new chain segment               blocks=1     txs=0     mgas=0.000   elapsed=973.863µs mgasps=0.000    number=2405051 hash=5f09a8…cb0f8c dirty=684.86MiB\n","stream":"stderr","time":"2020-03-25T03:37:48.096620221Z"}
{"log":"INFO [03-25|03:38:03.633] Imported new chain segment               blocks=1     txs=0     mgas=0.000   elapsed=540.338µs mgasps=0.000    number=2405052 hash=b6e8c3…f9c5ca dirty=684.85MiB\n","stream":"stderr","time":"2020-03-25T03:38:03.633818136Z"}
{"log":"INFO [03-25|03:38:05.323] Imported new chain segment               blocks=1     txs=5     mgas=1.986   elapsed=21.204ms  mgasps=93.667   number=2405052 hash=46bb3b…ef4cb0 dirty=684.98MiB\n","stream":"stderr","time":"2020-03-25T03:38:05.323767478Z"}
{"log":"INFO [03-25|03:38:09.133] Deep froze chain segment                 blocks=4     elapsed=29.082ms  number=2315051 hash=2d7881…5ddc3e\n","stream":"stderr","time":"2020-03-25T03:38:09.133457506Z"}
{"log":"INFO [03-25|03:38:18.831] Imported new chain segment               blocks=1     txs=6     mgas=2.026   elapsed=16.621ms  mgasps=121.863  number=2405053 hash=4a72a1…3df2da dirty=684.95MiB\n","stream":"stderr","time":"2020-03-25T03:38:18.831832377Z"}
{"log":"INFO [03-25|03:38:34.103] Imported new chain segment               blocks=1     txs=0     mgas=0.000   elapsed=1.068ms   mgasps=0.000    number=2405054 hash=fe90a2…2a2e8f dirty=684.92MiB\n","stream":"stderr","time":"2020-03-25T03:38:34.103756317Z"}
{"log":"INFO [03-25|03:38:48.690] Imported new chain segment               blocks=1     txs=2     mgas=0.192   elapsed=3.843ms   mgasps=49.916   number=2405055 hash=665dc6…c60670 dirty=684.93MiB\n","stream":"stderr","time":"2020-03-25T03:38:48.690728567Z"}
{"log":"INFO [03-25|03:38:51.629] Imported new chain segment               blocks=1     txs=0     mgas=0.000   elapsed=387.761µs mgasps=0.000    number=2405055 hash=a69a0f…a7d901 dirty=684.93MiB\n","stream":"stderr","time":"2020-03-25T03:38:51.629537049Z"}
{"log":"INFO [03-25|03:38:51.683] Imported new chain segment               blocks=1     txs=1     mgas=0.096   elapsed=1.266ms   mgasps=75.708   number=2405055 hash=a1f731…d76923 dirty=684.94MiB\n","stream":"stderr","time":"2020-03-25T03:38:51.683508416Z"}
{"log":"INFO [03-25|03:39:03.248] Chain reorg detected                     number=2405054 hash=fe90a2…2a2e8f drop=1 dropfrom=665dc6…c60670 add=2 addfrom=23c833…2b5804\n","stream":"stderr","time":"2020-03-25T03:39:03.249078353Z"}
{"log":"INFO [03-25|03:39:03.249] Imported new chain segment               blocks=1     txs=2     mgas=0.152   elapsed=5.544ms   mgasps=27.352   number=2405056 hash=23c833…2b5804 dirty=684.93MiB\n","stream":"stderr","time":"2020-03-25T03:39:03.249562369Z"}
{"log":"INFO [03-25|03:39:04.335] Imported new chain segment               blocks=1     txs=0     mgas=0.000   elapsed=386.934µs mgasps=0.000    number=2405056 hash=77058a…951a4c dirty=684.93MiB\n","stream":"stderr","time":"2020-03-25T03:39:04.336111383Z"}
{"log":"INFO [03-25|03:39:04.378] Imported new chain segment               blocks=1     txs=1     mgas=0.056   elapsed=2.398ms   mgasps=23.234   number=2405056 hash=6e2eb7…edd317 dirty=684.93MiB\n","stream":"stderr","time":"2020-03-25T03:39:04.378316307Z"}
{"log":"INFO [03-25|03:39:09.164] Deep froze chain segment                 blocks=4     elapsed=30.167ms  number=2315055 hash=af9029…f3895c\n","stream":"stderr","time":"2020-03-25T03:39:09.164370729Z"}
{"log":"INFO [03-25|03:39:18.896] Imported new chain segment               blocks=1     txs=0     mgas=0.000   elapsed=503.587µs mgasps=0.000    number=2405057 hash=a68c58…2252aa dirty=684.93MiB\n","stream":"stderr","time":"2020-03-25T03:39:18.896745839Z"}
{"log":"INFO [03-25|03:39:18.927] Chain reorg detected                     number=2405054 hash=fe90a2…2a2e8f drop=3 dropfrom=a68c58…2252aa add=3 addfrom=3c4f61…16c68f\n","stream":"stderr","time":"2020-03-25T03:39:18.927869488Z"}
{"log":"INFO [03-25|03:39:18.928] Imported new chain segment               blocks=1     txs=0     mgas=0.000   elapsed=1.083ms   mgasps=0.000    number=2405057 hash=3c4f61…16c68f dirty=684.93MiB\n","stream":"stderr","time":"2020-03-25T03:39:18.928441547Z"}
{"log":"INFO [03-25|03:39:34.801] Chain reorg detected                     number=2405054 hash=fe90a2…2a2e8f drop=3 dropfrom=3c4f61…16c68f add=4 addfrom=cf77d2…44c6fc\n","stream":"stderr","time":"2020-03-25T03:39:34.801622347Z"}
{"log":"INFO [03-25|03:39:34.803] Imported new chain segment               blocks=1     txs=1     mgas=0.524   elapsed=23.151ms  mgasps=22.639   number=2405058 hash=cf77d2…44c6fc dirty=684.94MiB\n","stream":"stderr","time":"2020-03-25T03:39:34.803451348Z"}
{"log":"INFO [03-25|03:39:49.030] Imported new chain segment               blocks=1     txs=0     mgas=0.000   elapsed=2.649ms   mgasps=0.000    number=2405059 hash=810ca8…0a0067 dirty=684.81MiB\n","stream":"stderr","time":"2020-03-25T03:39:49.030788656Z"}
{"log":"INFO [03-25|03:40:03.084] Imported new chain segment               blocks=1     txs=0     mgas=0.000   elapsed=953.604µs mgasps=0.000    number=2405060 hash=11f8d7…fd8d2c dirty=684.79MiB\n","stream":"stderr","time":"2020-03-25T03:40:03.08497897Z"}
{"log":"INFO [03-25|03:40:09.196] Deep froze chain segment                 blocks=4     elapsed=31.996ms  number=2315059 hash=6b099d…cd168d\n","stream":"stderr","time":"2020-03-25T03:40:09.196663193Z"}
{"log":"INFO [03-25|03:40:18.165] Imported new chain segment               blocks=1     txs=2     mgas=0.469   elapsed=14.142ms  mgasps=33.179   number=2405061 hash=40fb29…1a9244 dirty=684.82MiB\n","stream":"stderr","time":"2020-03-25T03:40:18.165198103Z"}
{"log":"INFO [03-25|03:40:21.411] Chain reorg detected                     number=2405060 hash=11f8d7…fd8d2c drop=1 dropfrom=40fb29…1a9244 add=1 addfrom=0a9740…ce3987\n","stream":"stderr","time":"2020-03-25T03:40:21.41166493Z"}
{"log":"INFO [03-25|03:40:21.411] Imported new chain segment               blocks=1     txs=0     mgas=0.000   elapsed=738.227µs mgasps=0.000    number=2405061 hash=0a9740…ce3987 dirty=684.82MiB\n","stream":"stderr","time":"2020-03-25T03:40:21.411934629Z"}
{"log":"INFO [03-25|03:40:33.260] Chain reorg detected                     number=2405060 hash=11f8d7…fd8d2c drop=1 dropfrom=0a9740…ce3987 add=2 addfrom=9bad82…bdb099\n","stream":"stderr","time":"2020-03-25T03:40:33.265367052Z"}
{"log":"INFO [03-25|03:40:33.261] Imported new chain segment               blocks=1     txs=4     mgas=3.584   elapsed=23.000ms  mgasps=155.813  number=2405062 hash=9bad82…bdb099 dirty=685.10MiB\n","stream":"stderr","time":"2020-03-25T03:40:33.265403466Z"}
{"log":"INFO [03-25|03:40:33.284] Imported new chain segment               blocks=1     txs=4     mgas=3.309   elapsed=19.409ms  mgasps=170.492  number=2405062 hash=b974c2…83f0d6 dirty=685.14MiB\n","stream":"stderr","time":"2020-03-25T03:40:33.285034525Z"}
{"log":"INFO [03-25|03:40:36.202] Chain reorg detected                     number=2405061 hash=40fb29…1a9244 drop=1 dropfrom=9bad82…bdb099 add=1 addfrom=9cb872…2cde42\n","stream":"stderr","time":"2020-03-25T03:40:36.202454061Z"}
{"log":"INFO [03-25|03:40:36.202] Imported new chain segment               blocks=1     txs=4     mgas=3.309   elapsed=26.662ms  mgasps=124.114  number=2405062 hash=9cb872…2cde42 dirty=685.15MiB\n","stream":"stderr","time":"2020-03-25T03:40:36.202941627Z"}
{"log":"INFO [03-25|03:40:36.229] Imported new chain segment               blocks=1     txs=0     mgas=0.000   elapsed=458.698µs mgasps=0.000    number=2405062 hash=17df8b…f9a11b dirty=685.15MiB\n","stream":"stderr","time":"2020-03-25T03:40:36.229306548Z"}
{"log":"INFO [03-25|03:40:49.394] Chain reorg detected                     number=2405061 hash=40fb29…1a9244 drop=1 dropfrom=9cb872…2cde42 add=2 addfrom=95042b…805024\n","stream":"stderr","time":"2020-03-25T03:40:49.394390351Z"}
{"log":"INFO [03-25|03:40:49.394] Imported new chain segment               blocks=1     txs=1     mgas=0.497   elapsed=8.428ms   mgasps=58.915   number=2405063 hash=95042b…805024 dirty=685.17MiB\n","stream":"stderr","time":"2020-03-25T03:40:49.395002733Z"}
{"log":"INFO [03-25|03:40:49.594] Imported new chain segment               blocks=1     txs=1     mgas=0.497   elapsed=9.280ms   mgasps=53.507   number=2405063 hash=f379d2…3513e7 dirty=685.17MiB\n","stream":"stderr","time":"2020-03-25T03:40:49.595012539Z"}
{"log":"INFO [03-25|03:41:04.129] Chain reorg detected                     number=2405062 hash=9bad82…bdb099 drop=1 dropfrom=95042b…805024 add=2 addfrom=27c79d…b936d3\n","stream":"stderr","time":"2020-03-25T03:41:04.129685396Z"}
{"log":"INFO [03-25|03:41:04.129] Imported new chain segment               blocks=1     txs=1     mgas=0.433   elapsed=14.543ms  mgasps=29.789   number=2405064 hash=27c79d…b936d3 dirty=685.19MiB\n","stream":"stderr","time":"2020-03-25T03:41:04.130109302Z"}
{"log":"INFO [03-25|03:41:04.196] Chain reorg detected                     number=2405062 hash=9bad82…bdb099 drop=2 dropfrom=27c79d…b936d3 add=2 addfrom=7ddd95…0c1528\n","stream":"stderr","time":"2020-03-25T03:41:04.196671279Z"}
{"log":"INFO [03-25|03:41:04.196] Imported new chain segment               blocks=1     txs=1     mgas=0.433   elapsed=10.993ms  mgasps=39.407   number=2405064 hash=7ddd95…0c1528 dirty=685.20MiB\n","stream":"stderr","time":"2020-03-25T03:41:04.197013644Z"}
{"log":"INFO [03-25|03:41:05.313] Chain reorg detected                     number=2405063 hash=95042b…805024 drop=1 dropfrom=7ddd95…0c1528 add=1 addfrom=0ef18c…b50429\n","stream":"stderr","time":"2020-03-25T03:41:05.313828144Z"}
{"log":"INFO [03-25|03:41:05.313] Imported new chain segment               blocks=1     txs=1     mgas=0.433   elapsed=20.967ms  mgasps=20.662   number=2405064 hash=0ef18c…b50429 dirty=685.20MiB\n","stream":"stderr","time":"2020-03-25T03:41:05.314112562Z"}
{"log":"INFO [03-25|03:41:09.226] Deep froze chain segment                 blocks=4     elapsed=29.384ms  number=2315063 hash=687d85…1189b7\n","stream":"stderr","time":"2020-03-25T03:41:09.226293359Z"}
{"log":"INFO [03-25|03:41:10.898] Imported new chain segment               blocks=1     txs=1     mgas=0.433   elapsed=21.018ms  mgasps=20.612   number=2405064 hash=3fdf2e…74e61e dirty=685.20MiB\n","stream":"stderr","time":"2020-03-25T03:41:10.898772589Z"}
{"log":"INFO [03-25|03:41:18.792] Chain reorg detected                     number=2405062 hash=9bad82…bdb099 drop=2 dropfrom=0ef18c…b50429 add=3 addfrom=362d98…1345fc\n","stream":"stderr","time":"2020-03-25T03:41:18.792955405Z"}
{"log":"INFO [03-25|03:41:18.793] Imported new chain segment               blocks=1     txs=0     mgas=0.000   elapsed=1.126ms   mgasps=0.000    number=2405065 hash=362d98…1345fc dirty=685.19MiB\n","stream":"stderr","time":"2020-03-25T03:41:18.793382842Z"}
{"log":"INFO [03-25|03:41:33.081] Imported new chain segment               blocks=1     txs=1     mgas=0.051   elapsed=2.396ms   mgasps=21.263   number=2405066 hash=778276…57eb05 dirty=685.16MiB\n","stream":"stderr","time":"2020-03-25T03:41:33.081851652Z"}
{"log":"INFO [03-25|03:41:48.096] Imported new chain segment               blocks=1     txs=1     mgas=0.433   elapsed=28.287ms  mgasps=15.315   number=2405067 hash=005bf8…98ce3a dirty=685.18MiB\n","stream":"stderr","time":"2020-03-25T03:41:48.097679117Z"}
{"log":"INFO [03-25|03:42:03.073] Imported new chain segment               blocks=1     txs=0     mgas=0.000   elapsed=820.867µs mgasps=0.000    number=2405068 hash=14c3fc…5e3e09 dirty=685.16MiB\n","stream":"stderr","time":"2020-03-25T03:42:03.074024413Z"}
{"log":"INFO [03-25|03:42:09.264] Deep froze chain segment                 blocks=4     elapsed=38.509ms  number=2315067 hash=2bd834…4bc18c\n","stream":"stderr","time":"2020-03-25T03:42:09.265166893Z"}
{"log":"INFO [03-25|03:42:18.681] Imported new chain segment               blocks=1     txs=0     mgas=0.000   elapsed=572.742µs mgasps=0.000    number=2405069 hash=b50810…5d7540 dirty=685.16MiB\n","stream":"stderr","time":"2020-03-25T03:42:18.681307895Z"}
{"log":"INFO [03-25|03:42:19.076] Chain reorg detected                     number=2405068 hash=14c3fc…5e3e09 drop=1 dropfrom=b50810…5d7540 add=1 addfrom=139d95…597141\n","stream":"stderr","time":"2020-03-25T03:42:19.076767178Z"}
{"log":"INFO [03-25|03:42:19.076] Imported new chain segment               blocks=1     txs=1     mgas=0.056   elapsed=2.325ms   mgasps=23.970   number=2405069 hash=139d95…597141 dirty=685.17MiB\n","stream":"stderr","time":"2020-03-25T03:42:19.077785827Z"}
{"log":"INFO [03-25|03:42:19.138] Imported new chain segment               blocks=1     txs=0     mgas=0.000   elapsed=339.497µs mgasps=0.000    number=2405069 hash=98f0f9…12d325 dirty=685.17MiB\n","stream":"stderr","time":"2020-03-25T03:42:19.138485089Z"}
{"log":"INFO [03-25|03:42:33.298] Imported new chain segment               blocks=1     txs=2     mgas=0.737   elapsed=31.875ms  mgasps=23.106   number=2405070 hash=d84fb1…605ad5 dirty=685.10MiB\n","stream":"stderr","time":"2020-03-25T03:42:33.298677625Z"}
{"log":"INFO [03-25|03:42:33.529] Chain reorg detected                     number=2405069 hash=139d95…597141 drop=1 dropfrom=d84fb1…605ad5 add=1 addfrom=467b5f…609775\n","stream":"stderr","time":"2020-03-25T03:42:33.529582508Z"}
{"log":"INFO [03-25|03:42:33.529] Imported new chain segment               blocks=1     txs=1     mgas=0.433   elapsed=15.928ms  mgasps=27.199   number=2405070 hash=467b5f…609775 dirty=685.11MiB\n","stream":"stderr","time":"2020-03-25T03:42:33.530018948Z"}
{"log":"INFO [03-25|03:42:35.494] Imported new chain segment               blocks=1     txs=2     mgas=0.489   elapsed=18.239ms  mgasps=26.809   number=2405070 hash=d38542…1b7ba0 dirty=685.11MiB\n","stream":"stderr","time":"2020-03-25T03:42:35.495030869Z"}
{"log":"INFO [03-25|03:42:48.384] Chain reorg detected                     number=2405069 hash=139d95…597141 drop=1 dropfrom=467b5f…609775 add=2 addfrom=04d0a1…43c83f\n","stream":"stderr","time":"2020-03-25T03:42:48.384912237Z"}
{"log":"INFO [03-25|03:42:48.385] Imported new chain segment               blocks=1     txs=0     mgas=0.000   elapsed=5.473ms   mgasps=0.000    number=2405071 hash=04d0a1…43c83f dirty=684.88MiB\n","stream":"stderr","time":"2020-03-25T03:42:48.385549881Z"}
{"log":"INFO [03-25|03:43:03.733] Imported new chain segment               blocks=1     txs=0     mgas=0.000   elapsed=633.888µs mgasps=0.000    number=2405072 hash=e16c97…5ed3b0 dirty=684.87MiB\n","stream":"stderr","time":"2020-03-25T03:43:03.733495914Z"}
{"log":"INFO [03-25|03:43:03.852] Imported new chain segment               blocks=1     txs=1     mgas=0.039   elapsed=1.348ms   mgasps=29.179   number=2405072 hash=bdb9c6…b68325 dirty=684.88MiB\n","stream":"stderr","time":"2020-03-25T03:43:03.852840054Z"}
{"log":"INFO [03-25|03:43:09.284] Deep froze chain segment                 blocks=4     elapsed=19.094ms  number=2315071 hash=906aed…e9a7d1\n","stream":"stderr","time":"2020-03-25T03:43:09.284512376Z"}
{"log":"INFO [03-25|03:43:18.106] Imported new chain segment               blocks=1     txs=1     mgas=0.039   elapsed=3.125ms   mgasps=12.594   number=2405073 hash=ed1dd9…753003 dirty=684.88MiB\n","stream":"stderr","time":"2020-03-25T03:43:18.106737964Z"}
{"log":"INFO [03-25|03:43:18.986] Imported new chain segment               blocks=1     txs=1     mgas=0.039   elapsed=1.638ms   mgasps=24.024   number=2405073 hash=bae71b…092c97 dirty=684.88MiB\n","stream":"stderr","time":"2020-03-25T03:43:18.98684523Z"}
{"log":"INFO [03-25|03:43:33.123] Imported new chain segment               blocks=1     txs=0     mgas=0.000   elapsed=850.334µs mgasps=0.000    number=2405074 hash=d23e13…44500f dirty=684.86MiB\n","stream":"stderr","time":"2020-03-25T03:43:33.123946677Z"}
{"log":"INFO [03-25|03:43:49.490] Imported new chain segment               blocks=1     txs=0     mgas=0.000   elapsed=715.862µs mgasps=0.000    number=2405075 hash=afb353…6a31c1 dirty=684.86MiB\n","stream":"stderr","time":"2020-03-25T03:43:49.490990319Z"}
{"log":"INFO [03-25|03:43:51.812] Chain reorg detected                     number=2405074 hash=d23e13…44500f drop=1 dropfrom=afb353…6a31c1 add=1 addfrom=04db3b…d699a7\n","stream":"stderr","time":"2020-03-25T03:43:51.812851932Z"}
{"log":"INFO [03-25|03:43:51.820] Imported new chain segment               blocks=1     txs=0     mgas=0.000   elapsed=8.619ms   mgasps=0.000    number=2405075 hash=04db3b…d699a7 dirty=684.86MiB\n","stream":"stderr","time":"2020-03-25T03:43:51.82110258Z"}
{"log":"INFO [03-25|03:44:04.447] Chain reorg detected                     number=2405074 hash=d23e13…44500f drop=1 dropfrom=04db3b…d699a7 add=2 addfrom=3cf5f9…0ddc24\n","stream":"stderr","time":"2020-03-25T03:44:04.447238823Z"}
{"log":"INFO [03-25|03:44:04.447] Imported new chain segment               blocks=1     txs=0     mgas=0.000   elapsed=805.761µs mgasps=0.000    number=2405076 hash=3cf5f9…0ddc24 dirty=684.86MiB\n","stream":"stderr","time":"2020-03-25T03:44:04.447609314Z"}
{"log":"INFO [03-25|03:44:04.462] Chain reorg detected                     number=2405075 hash=afb353…6a31c1 drop=1 dropfrom=3cf5f9…0ddc24 add=1 addfrom=9e424d…d53e3c\n","stream":"stderr","time":"2020-03-25T03:44:04.462682193Z"}
{"log":"INFO [03-25|03:44:04.462] Imported new chain segment               blocks=1     txs=0     mgas=0.000   elapsed=679.004µs mgasps=0.000    number=2405076 hash=9e424d…d53e3c dirty=684.86MiB\n","stream":"stderr","time":"2020-03-25T03:44:04.462973655Z"}
{"log":"INFO [03-25|03:44:09.324] Deep froze chain segment                 blocks=4     elapsed=39.826ms  number=2315075 hash=f6d4a3…9d8a06\n","stream":"stderr","time":"2020-03-25T03:44:09.324746236Z"}
{"log":"INFO [03-25|03:44:20.493] Imported new chain segment               blocks=1     txs=0     mgas=0.000   elapsed=550.016µs mgasps=0.000    number=2405077 hash=5c78ce…6c6b01 dirty=684.86MiB\n","stream":"stderr","time":"2020-03-25T03:44:20.493667774Z"}
{"log":"INFO [03-25|03:44:21.182] Imported new chain segment               blocks=1     txs=0     mgas=0.000   elapsed=364.082µs mgasps=0.000    number=2405077 hash=3325e5…ded817 dirty=684.86MiB\n","stream":"stderr","time":"2020-03-25T03:44:21.182492541Z"}
{"log":"INFO [03-25|03:44:33.164] Chain reorg detected                     number=2405075 hash=afb353…6a31c1 drop=2 dropfrom=5c78ce…6c6b01 add=3 addfrom=c314ca…c8dadc\n","stream":"stderr","time":"2020-03-25T03:44:33.164508022Z"}
{"log":"INFO [03-25|03:44:33.164] Imported new chain segment               blocks=1     txs=1     mgas=0.487   elapsed=15.523ms  mgasps=31.347   number=2405078 hash=c314ca…c8dadc dirty=684.86MiB\n","stream":"stderr","time":"2020-03-25T03:44:33.164914423Z"}
{"log":"INFO [03-25|03:44:34.431] Chain reorg detected                     number=2405075 hash=afb353…6a31c1 drop=3 dropfrom=c314ca…c8dadc add=3 addfrom=8be7f2…389db2\n","stream":"stderr","time":"2020-03-25T03:44:34.431792541Z"}
{"log":"INFO [03-25|03:44:34.432] Imported new chain segment               blocks=1     txs=0     mgas=0.000   elapsed=843.14µs  mgasps=0.000    number=2405078 hash=8be7f2…389db2 dirty=684.86MiB\n","stream":"stderr","time":"2020-03-25T03:44:34.432162421Z"}
{"log":"INFO [03-25|03:44:35.489] Imported new chain segment               blocks=1     txs=1     mgas=0.487   elapsed=13.732ms  mgasps=35.435   number=2405078 hash=93f44d…5e25e0 dirty=684.86MiB\n","stream":"stderr","time":"2020-03-25T03:44:35.490066668Z"}
{"log":"INFO [03-25|03:44:40.265] Chain reorg detected                     number=2405077 hash=5c78ce…6c6b01 drop=1 dropfrom=8be7f2…389db2 add=1 addfrom=fe7a76…ebd323\n","stream":"stderr","time":"2020-03-25T03:44:40.265454841Z"}
{"log":"INFO [03-25|03:44:40.265] Imported new chain segment               blocks=1     txs=1     mgas=0.487   elapsed=13.196ms  mgasps=36.876   number=2405078 hash=fe7a76…ebd323 dirty=684.87MiB\n","stream":"stderr","time":"2020-03-25T03:44:40.265652869Z"}
{"log":"INFO [03-25|03:44:50.428] Chain reorg detected                     number=2405077 hash=5c78ce…6c6b01 drop=1 dropfrom=fe7a76…ebd323 add=2 addfrom=aa4edb…615765\n","stream":"stderr","time":"2020-03-25T03:44:50.428710698Z"}
{"log":"INFO [03-25|03:44:50.428] Imported new chain segment               blocks=1     txs=0     mgas=0.000   elapsed=1.259ms   mgasps=0.000    number=2405079 hash=aa4edb…615765 dirty=684.84MiB\n","stream":"stderr","time":"2020-03-25T03:44:50.429090023Z"}
{"log":"INFO [03-25|03:45:04.549] Imported new chain segment               blocks=1     txs=0     mgas=0.000   elapsed=509.179µs mgasps=0.000    number=2405080 hash=9ecc4c…8bb037 dirty=684.84MiB\n","stream":"stderr","time":"2020-03-25T03:45:04.54923691Z"}
{"log":"INFO [03-25|03:45:06.629] Chain reorg detected                     number=2405079 hash=aa4edb…615765 drop=1 dropfrom=9ecc4c…8bb037 add=1 addfrom=ae6649…cc9aa5\n","stream":"stderr","time":"2020-03-25T03:45:06.629770538Z"}
{"log":"INFO [03-25|03:45:06.629] Imported new chain segment               blocks=1     txs=0     mgas=0.000   elapsed=596.272µs mgasps=0.000    number=2405080 hash=ae6649…cc9aa5 dirty=684.84MiB\n","stream":"stderr","time":"2020-03-25T03:45:06.630513517Z"}
{"log":"INFO [03-25|03:45:09.356] Deep froze chain segment                 blocks=4     elapsed=31.898ms  number=2315079 hash=9d35ec…95f2a7\n","stream":"stderr","time":"2020-03-25T03:45:09.357157359Z"}
{"log":"INFO [03-25|03:45:20.490] Chain reorg detected                     number=2405079 hash=aa4edb…615765 drop=1 dropfrom=ae6649…cc9aa5 add=2 addfrom=565012…fc6760\n","stream":"stderr","time":"2020-03-25T03:45:20.490457526Z"}
{"log":"INFO [03-25|03:45:20.490] Imported new chain segment               blocks=1     txs=4     mgas=4.467   elapsed=41.721ms  mgasps=107.076  number=2405081 hash=565012…fc6760 dirty=685.32MiB\n","stream":"stderr","time":"2020-03-25T03:45:20.490754567Z"}
{"log":"INFO [03-25|03:45:21.860] Chain reorg detected                     number=2405080 hash=9ecc4c…8bb037 drop=1 dropfrom=565012…fc6760 add=1 addfrom=1e42d2…d1bd97\n","stream":"stderr","time":"2020-03-25T03:45:21.861193929Z"}
{"log":"INFO [03-25|03:45:21.861] Imported new chain segment               blocks=1     txs=4     mgas=4.467   elapsed=35.589ms  mgasps=125.525  number=2405081 hash=1e42d2…d1bd97 dirty=685.32MiB\n","stream":"stderr","time":"2020-03-25T03:45:21.861425824Z"}
{"log":"INFO [03-25|03:45:22.464] Chain reorg detected                     number=2405080 hash=9ecc4c…8bb037 drop=1 dropfrom=1e42d2…d1bd97 add=1 addfrom=2bd49e…905f12\n","stream":"stderr","time":"2020-03-25T03:45:22.464198327Z"}
{"log":"INFO [03-25|03:45:22.464] Imported new chain segment               blocks=1     txs=3     mgas=0.625   elapsed=14.937ms  mgasps=41.844   number=2405081 hash=2bd49e…905f12 dirty=685.33MiB\n","stream":"stderr","time":"2020-03-25T03:45:22.464402908Z"}
{"log":"INFO [03-25|03:45:33.854] Imported new chain segment               blocks=1     txs=7     mgas=1.889   elapsed=18.752ms  mgasps=100.733  number=2405082 hash=a0d493…2096a9 dirty=685.45MiB\n","stream":"stderr","time":"2020-03-25T03:45:33.855181399Z"}
{"log":"INFO [03-25|03:45:34.621] Chain reorg detected                     number=2405081 hash=2bd49e…905f12 drop=1 dropfrom=a0d493…2096a9 add=1 addfrom=054bf5…d5f2f8\n","stream":"stderr","time":"2020-03-25T03:45:34.621346769Z"}
{"log":"INFO [03-25|03:45:34.621] Imported new chain segment               blocks=1     txs=2     mgas=3.898   elapsed=27.743ms  mgasps=140.504  number=2405082 hash=054bf5…d5f2f8 dirty=685.45MiB\n","stream":"stderr","time":"2020-03-25T03:45:34.621897484Z"}
{"log":"INFO [03-25|03:45:36.073] Imported new chain segment               blocks=1     txs=1     mgas=0.056   elapsed=1.531ms   mgasps=36.381   number=2405082 hash=db7e31…99fe29 dirty=685.45MiB\n","stream":"stderr","time":"2020-03-25T03:45:36.074292365Z"}
{"log":"INFO [03-25|03:45:49.696] Imported new chain segment               blocks=1     txs=6     mgas=1.833   elapsed=25.402ms  mgasps=72.171   number=2405083 hash=e9a110…b49c85 dirty=685.46MiB\n","stream":"stderr","time":"2020-03-25T03:45:49.696795231Z"}
{"log":"INFO [03-25|03:46:03.151] Imported new chain segment               blocks=1     txs=1     mgas=0.433   elapsed=22.785ms  mgasps=19.013   number=2405084 hash=f26b6e…dd8a58 dirty=685.48MiB\n","stream":"stderr","time":"2020-03-25T03:46:03.151787693Z"}
{"log":"INFO [03-25|03:46:03.261] Imported new chain segment               blocks=1     txs=1     mgas=0.433   elapsed=16.854ms  mgasps=25.704   number=2405084 hash=956be8…69efae dirty=685.49MiB\n","stream":"stderr","time":"2020-03-25T03:46:03.261502147Z"}
{"log":"INFO [03-25|03:46:09.389] Deep froze chain segment                 blocks=4     elapsed=32.459ms  number=2315083 hash=6995cc…0b74cb\n","stream":"stderr","time":"2020-03-25T03:46:09.390101715Z"}
{"log":"INFO [03-25|03:46:19.083] Imported new chain segment               blocks=1     txs=0     mgas=0.000   elapsed=1.153ms   mgasps=0.000    number=2405085 hash=977713…0d32f7 dirty=685.47MiB\n","stream":"stderr","time":"2020-03-25T03:46:19.084080011Z"}
{"log":"INFO [03-25|03:46:33.064] Imported new chain segment               blocks=1     txs=0     mgas=0.000   elapsed=761.84µs  mgasps=0.000    number=2405086 hash=456830…3afba8 dirty=685.46MiB\n","stream":"stderr","time":"2020-03-25T03:46:33.068738843Z"}
{"log":"INFO [03-25|03:46:48.090] Imported new chain segment               blocks=1     txs=1     mgas=0.433   elapsed=16.146ms  mgasps=26.831   number=2405087 hash=9ae109…26947c dirty=685.48MiB\n","stream":"stderr","time":"2020-03-25T03:46:48.090638307Z"}
{"log":"INFO [03-25|03:46:48.713] Imported new chain segment               blocks=1     txs=1     mgas=0.433   elapsed=15.588ms  mgasps=27.791   number=2405087 hash=37852a…651492 dirty=685.48MiB\n","stream":"stderr","time":"2020-03-25T03:46:48.713527352Z"}
{"log":"INFO [03-25|03:46:53.365] Imported new chain segment               blocks=1     txs=1     mgas=0.433   elapsed=16.750ms  mgasps=25.864   number=2405087 hash=e62091…7ed6af dirty=685.49MiB\n","stream":"stderr","time":"2020-03-25T03:46:53.366181365Z"}
{"log":"INFO [03-25|03:47:03.600] Imported new chain segment               blocks=1     txs=0     mgas=0.000   elapsed=856.05µs  mgasps=0.000    number=2405088 hash=98f43f…fe817a dirty=685.47MiB\n","stream":"stderr","time":"2020-03-25T03:47:03.60037886Z"}
{"log":"INFO [03-25|03:47:04.987] Imported new chain segment               blocks=1     txs=0     mgas=0.000   elapsed=474.121µs mgasps=0.000    number=2405088 hash=ab36ab…ffb6f2 dirty=685.47MiB\n","stream":"stderr","time":"2020-03-25T03:47:04.987417907Z"}
{"log":"INFO [03-25|03:47:09.420] Deep froze chain segment                 blocks=4     elapsed=30.116ms  number=2315087 hash=361cec…eb918d\n","stream":"stderr","time":"2020-03-25T03:47:09.420702123Z"}
{"log":"INFO [03-25|03:47:18.877] Imported new chain segment               blocks=1     txs=0     mgas=0.000   elapsed=743.504µs mgasps=0.000    number=2405089 hash=6d97ac…4428f4 dirty=685.46MiB\n","stream":"stderr","time":"2020-03-25T03:47:18.87753517Z"}
{"log":"INFO [03-25|03:47:20.154] Imported new chain segment               blocks=1     txs=1     mgas=0.433   elapsed=18.028ms  mgasps=24.031   number=2405089 hash=ed5b9e…2a743e dirty=685.48MiB\n","stream":"stderr","time":"2020-03-25T03:47:20.15470212Z"}
{"log":"INFO [03-25|03:47:33.538] Imported new chain segment               blocks=1     txs=1     mgas=0.433   elapsed=24.658ms  mgasps=17.570   number=2405090 hash=c62603…4e2f1f dirty=684.99MiB\n","stream":"stderr","time":"2020-03-25T03:47:33.538262531Z"}
{"log":"INFO [03-25|03:47:34.801] Chain reorg detected                     number=2405089 hash=6d97ac…4428f4 drop=1 dropfrom=c62603…4e2f1f add=1 addfrom=e898e6…bb160e\n","stream":"stderr","time":"2020-03-25T03:47:34.801755553Z"}
{"log":"INFO [03-25|03:47:34.801] Imported new chain segment               blocks=1     txs=1     mgas=0.433   elapsed=17.019ms  mgasps=25.455   number=2405090 hash=e898e6…bb160e dirty=684.99MiB\n","stream":"stderr","time":"2020-03-25T03:47:34.801997762Z"}
{"log":"INFO [03-25|03:47:48.451] Chain reorg detected                     number=2405089 hash=6d97ac…4428f4 drop=1 dropfrom=e898e6…bb160e add=2 addfrom=75ae12…d01515\n","stream":"stderr","time":"2020-03-25T03:47:48.451646325Z"}
{"log":"INFO [03-25|03:47:48.451] Imported new chain segment               blocks=1     txs=0     mgas=0.000   elapsed=1.489ms   mgasps=0.000    number=2405091 hash=75ae12…d01515 dirty=684.96MiB\n","stream":"stderr","time":"2020-03-25T03:47:48.452057999Z"}
{"log":"INFO [03-25|03:48:03.737] Imported new chain segment               blocks=1     txs=7     mgas=2.105   elapsed=34.968ms  mgasps=60.201   number=2405092 hash=8382ad…88b89b dirty=685.07MiB\n","stream":"stderr","time":"2020-03-25T03:48:03.737549408Z"}
{"log":"INFO [03-25|03:48:05.487] Chain reorg detected                     number=2405091 hash=75ae12…d01515 drop=1 dropfrom=8382ad…88b89b add=1 addfrom=9cbf42…da1a5a\n","stream":"stderr","time":"2020-03-25T03:48:05.488164402Z"}
{"log":"INFO [03-25|03:48:05.488] Imported new chain segment               blocks=1     txs=5     mgas=1.986   elapsed=20.777ms  mgasps=95.572   number=2405092 hash=9cbf42…da1a5a dirty=685.08MiB\n","stream":"stderr","time":"2020-03-25T03:48:05.488451455Z"}
{"log":"INFO [03-25|03:48:09.459] Deep froze chain segment                 blocks=4     elapsed=38.410ms  number=2315091 hash=4168c9…39ff18\n","stream":"stderr","time":"2020-03-25T03:48:09.459759915Z"}
{"log":"INFO [03-25|03:48:19.111] Imported new chain segment               blocks=1     txs=2     mgas=0.119   elapsed=3.382ms   mgasps=35.288   number=2405093 hash=2550d7…1d019f dirty=685.09MiB\n","stream":"stderr","time":"2020-03-25T03:48:19.111803987Z"}
{"log":"INFO [03-25|03:48:31.291] New local node record                    seq=33 id=8252fae760b7940d ip=31.147.195.65 udp=1024  tcp=30303\n","stream":"stderr","time":"2020-03-25T03:48:31.291546326Z"}
{"log":"INFO [03-25|03:48:34.563] Imported new chain segment               blocks=1     txs=1     mgas=0.133   elapsed=1.513ms   mgasps=88.015   number=2405094 hash=cc9117…eabff4 dirty=685.08MiB\n","stream":"stderr","time":"2020-03-25T03:48:34.56371146Z"}
{"log":"INFO [03-25|03:48:49.244] Imported new chain segment               blocks=1     txs=2     mgas=0.182   elapsed=7.331ms   mgasps=24.791   number=2405095 hash=16dd15…c805c2 dirty=685.10MiB\n","stream":"stderr","time":"2020-03-25T03:48:49.244512618Z"}
{"log":"INFO [03-25|03:48:50.415] Imported new chain segment               blocks=1     txs=1     mgas=0.056   elapsed=1.850ms   mgasps=30.121   number=2405095 hash=f22235…02097d dirty=685.10MiB\n","stream":"stderr","time":"2020-03-25T03:48:50.415309545Z"}
{"log":"INFO [03-25|03:49:04.058] Chain reorg detected                     number=2405094 hash=cc9117…eabff4 drop=1 dropfrom=16dd15…c805c2 add=2 addfrom=4bc114…3d0bd1\n","stream":"stderr","time":"2020-03-25T03:49:04.058487579Z"}
{"log":"INFO [03-25|03:49:04.058] Imported new chain segment               blocks=1     txs=1     mgas=0.126   elapsed=3.305ms   mgasps=38.120   number=2405096 hash=4bc114…3d0bd1 dirty=685.09MiB\n","stream":"stderr","time":"2020-03-25T03:49:04.058781413Z"}
{"log":"INFO [03-25|03:49:07.557] Imported new chain segment               blocks=1     txs=0     mgas=0.000   elapsed=319.142µs mgasps=0.000    number=2405096 hash=65d973…183d83 dirty=685.09MiB\n","stream":"stderr","time":"2020-03-25T03:49:07.55798661Z"}
{"log":"INFO [03-25|03:49:09.486] Deep froze chain segment                 blocks=4     elapsed=26.529ms  number=2315095 hash=e4fcf9…6f2e87\n","stream":"stderr","time":"2020-03-25T03:49:09.486683667Z"}
{"log":"INFO [03-25|03:49:19.125] Imported new chain segment               blocks=1     txs=0     mgas=0.000   elapsed=837.382µs mgasps=0.000    number=2405097 hash=5e29ff…48261f dirty=685.07MiB\n","stream":"stderr","time":"2020-03-25T03:49:19.125977604Z"}
{"log":"INFO [03-25|03:49:34.115] Imported new chain segment               blocks=1     txs=1     mgas=0.487   elapsed=18.655ms  mgasps=26.085   number=2405098 hash=a4b387…e7b34f dirty=685.09MiB\n","stream":"stderr","time":"2020-03-25T03:49:34.115764235Z"}
{"log":"INFO [03-25|03:49:35.423] New local node record                    seq=34 id=8252fae760b7940d ip=31.147.195.65 udp=30303 tcp=30303\n","stream":"stderr","time":"2020-03-25T03:49:35.423448214Z"}
{"log":"INFO [03-25|03:49:35.763] Imported new chain segment               blocks=1     txs=1     mgas=0.487   elapsed=17.138ms  mgasps=28.393   number=2405098 hash=9305e8…969d8a dirty=685.09MiB\n","stream":"stderr","time":"2020-03-25T03:49:35.76332507Z"}
{"log":"INFO [03-25|03:49:39.382] Imported new chain segment               blocks=1     txs=1     mgas=0.487   elapsed=15.965ms  mgasps=30.481   number=2405098 hash=1099b3…10f800 dirty=685.09MiB\n","stream":"stderr","time":"2020-03-25T03:49:39.382418121Z"}
{"log":"INFO [03-25|03:49:50.467] Imported new chain segment               blocks=1     txs=0     mgas=0.000   elapsed=863.721µs mgasps=0.000    number=2405099 hash=dbe1f2…16ab87 dirty=685.08MiB\n","stream":"stderr","time":"2020-03-25T03:49:50.468120143Z"}
{"log":"INFO [03-25|03:50:06.462] Imported new chain segment               blocks=1     txs=2     mgas=0.529   elapsed=20.026ms  mgasps=26.423   number=2405100 hash=ffc500…1cbeda dirty=685.00MiB\n","stream":"stderr","time":"2020-03-25T03:50:06.462716958Z"}
{"log":"INFO [03-25|03:50:06.954] Chain reorg detected                     number=2405099 hash=dbe1f2…16ab87 drop=1 dropfrom=ffc500…1cbeda add=1 addfrom=4eae80…bb34b9\n","stream":"stderr","time":"2020-03-25T03:50:06.954406834Z"}
{"log":"INFO [03-25|03:50:06.954] Imported new chain segment               blocks=1     txs=1     mgas=0.096   elapsed=2.600ms   mgasps=36.884   number=2405100 hash=4eae80…bb34b9 dirty=685.00MiB\n","stream":"stderr","time":"2020-03-25T03:50:06.95469115Z"}
{"log":"INFO [03-25|03:50:09.524] Deep froze chain segment                 blocks=4     elapsed=37.561ms  number=2315099 hash=e76629…99228c\n","stream":"stderr","time":"2020-03-25T03:50:09.524578877Z"}
{"log":"INFO [03-25|03:50:12.339] Chain reorg detected                     number=2405099 hash=dbe1f2…16ab87 drop=1 dropfrom=4eae80…bb34b9 add=1 addfrom=ee887e…e15725\n","stream":"stderr","time":"2020-03-25T03:50:12.33986905Z"}
{"log":"INFO [03-25|03:50:12.339] Imported new chain segment               blocks=1     txs=2     mgas=0.529   elapsed=15.033ms  mgasps=35.199   number=2405100 hash=ee887e…e15725 dirty=685.00MiB\n","stream":"stderr","time":"2020-03-25T03:50:12.339989278Z"}
{"log":"INFO [03-25|03:50:19.132] Chain reorg detected                     number=2405099 hash=dbe1f2…16ab87 drop=1 dropfrom=ee887e…e15725 add=2 addfrom=546928…6c6d51\n","stream":"stderr","time":"2020-03-25T03:50:19.132629404Z"}
{"log":"INFO [03-25|03:50:19.133] Imported new chain segment               blocks=1     txs=0     mgas=0.000   elapsed=2.048ms   mgasps=0.000    number=2405101 hash=546928…6c6d51 dirty=684.98MiB\n","stream":"stderr","time":"2020-03-25T03:50:19.133360593Z"}
{"log":"INFO [03-25|03:50:21.355] Imported new chain segment               blocks=1     txs=0     mgas=0.000   elapsed=317.51µs  mgasps=0.000    number=2405101 hash=2b3b08…0b571c dirty=684.98MiB\n","stream":"stderr","time":"2020-03-25T03:50:21.355297486Z"}
{"log":"INFO [03-25|03:50:35.025] Imported new chain segment               blocks=1     txs=0     mgas=0.000   elapsed=954.053µs mgasps=0.000    number=2405102 hash=df3e9c…6a4322 dirty=684.98MiB\n","stream":"stderr","time":"2020-03-25T03:50:35.025454757Z"}
{"log":"INFO [03-25|03:50:36.084] Imported new chain segment               blocks=1     txs=4     mgas=3.023   elapsed=55.877ms  mgasps=54.100   number=2405102 hash=827b10…458a38 dirty=685.22MiB\n","stream":"stderr","time":"2020-03-25T03:50:36.084773814Z"}
{"log":"INFO [03-25|03:50:36.905] Imported new chain segment               blocks=1     txs=4     mgas=3.569   elapsed=15.659ms  mgasps=227.886  number=2405102 hash=111b1b…4c925f dirty=685.30MiB\n","stream":"stderr","time":"2020-03-25T03:50:36.906007613Z"}
{"log":"INFO [03-25|03:50:37.095] Imported new chain segment               blocks=1     txs=0     mgas=0.000   elapsed=319.49µs  mgasps=0.000    number=2405102 hash=b3d888…28a4bf dirty=685.30MiB\n","stream":"stderr","time":"2020-03-25T03:50:37.095718239Z"}
{"log":"INFO [03-25|03:50:49.885] Imported new chain segment               blocks=1     txs=5     mgas=3.405   elapsed=24.200ms  mgasps=140.720  number=2405103 hash=71bfa5…803828 dirty=685.34MiB\n","stream":"stderr","time":"2020-03-25T03:50:49.885626436Z"}
{"log":"INFO [03-25|03:50:50.849] Chain reorg detected                     number=2405102 hash=df3e9c…6a4322 drop=1 dropfrom=71bfa5…803828 add=1 addfrom=1d1372…cbbaec\n","stream":"stderr","time":"2020-03-25T03:50:50.850109617Z"}
{"log":"INFO [03-25|03:50:50.850] Imported new chain segment               blocks=1     txs=5     mgas=3.456   elapsed=23.608ms  mgasps=146.398  number=2405103 hash=1d1372…cbbaec dirty=685.34MiB\n","stream":"stderr","time":"2020-03-25T03:50:50.850314875Z"}
{"log":"INFO [03-25|03:50:52.038] Chain reorg detected                     number=2405102 hash=df3e9c…6a4322 drop=1 dropfrom=1d1372…cbbaec add=1 addfrom=bcdc6f…c62ce0\n","stream":"stderr","time":"2020-03-25T03:50:52.038897836Z"}
{"log":"INFO [03-25|03:50:52.039] Imported new chain segment               blocks=1     txs=5     mgas=3.456   elapsed=37.781ms  mgasps=91.480   number=2405103 hash=bcdc6f…c62ce0 dirty=685.34MiB\n","stream":"stderr","time":"2020-03-25T03:50:52.039209521Z"}
{"log":"INFO [03-25|03:51:04.875] Chain reorg detected                     number=2405102 hash=df3e9c…6a4322 drop=1 dropfrom=bcdc6f…c62ce0 add=2 addfrom=b48713…d21044\n","stream":"stderr","time":"2020-03-25T03:51:04.875813612Z"}
{"log":"INFO [03-25|03:51:04.876] Imported new chain segment               blocks=1     txs=3     mgas=1.345   elapsed=15.840ms  mgasps=84.916   number=2405104 hash=b48713…d21044 dirty=685.38MiB\n","stream":"stderr","time":"2020-03-25T03:51:04.876251879Z"}
{"log":"INFO [03-25|03:51:05.383] Imported new chain segment               blocks=1     txs=2     mgas=1.152   elapsed=11.528ms  mgasps=99.953   number=2405104 hash=12943a…516d49 dirty=685.39MiB\n","stream":"stderr","time":"2020-03-25T03:51:05.383371907Z"}
{"log":"INFO [03-25|03:51:05.395] Chain reorg detected                     number=2405102 hash=df3e9c…6a4322 drop=2 dropfrom=b48713…d21044 add=2 addfrom=d2d5c1…702c0b\n","stream":"stderr","time":"2020-03-25T03:51:05.395380089Z"}
{"log":"INFO [03-25|03:51:05.395] Imported new chain segment               blocks=1     txs=2     mgas=1.152   elapsed=12.597ms  mgasps=91.467   number=2405104 hash=d2d5c1…702c0b dirty=685.40MiB\n","stream":"stderr","time":"2020-03-25T03:51:05.396203773Z"}
{"log":"INFO [03-25|03:51:09.553] Deep froze chain segment                 blocks=4     elapsed=28.126ms  number=2315103 hash=d8c18f…0e1af1\n","stream":"stderr","time":"2020-03-25T03:51:09.55356336Z"}
{"log":"INFO [03-25|03:51:19.124] Chain reorg detected                     number=2405102 hash=df3e9c…6a4322 drop=2 dropfrom=d2d5c1…702c0b add=3 addfrom=b4b061…75f708\n","stream":"stderr","time":"2020-03-25T03:51:19.124696663Z"}
{"log":"INFO [03-25|03:51:19.125] Imported new chain segment               blocks=1     txs=1     mgas=0.433   elapsed=18.082ms  mgasps=23.957   number=2405105 hash=b4b061…75f708 dirty=685.42MiB\n","stream":"stderr","time":"2020-03-25T03:51:19.125433492Z"}
{"log":"INFO [03-25|03:51:35.510] Imported new chain segment               blocks=1     txs=1     mgas=0.126   elapsed=5.716ms   mgasps=22.047   number=2405106 hash=82cd7b…f1f0e1 dirty=685.39MiB\n","stream":"stderr","time":"2020-03-25T03:51:35.511248378Z"}
{"log":"INFO [03-25|03:51:49.066] Imported new chain segment               blocks=1     txs=2     mgas=0.529   elapsed=20.241ms  mgasps=26.142   number=2405107 hash=8b9e96…189d7f dirty=685.43MiB\n","stream":"stderr","time":"2020-03-25T03:51:49.066531452Z"}
{"log":"INFO [03-25|03:51:56.048] Imported new chain segment               blocks=1     txs=3     mgas=0.585   elapsed=18.941ms  mgasps=30.878   number=2405107 hash=fc9399…ad510f dirty=685.44MiB\n","stream":"stderr","time":"2020-03-25T03:51:56.04889164Z"}
{"log":"INFO [03-25|03:52:04.101] Imported new chain segment               blocks=1     txs=1     mgas=0.056   elapsed=2.218ms   mgasps=25.120   number=2405108 hash=0cf170…97bef7 dirty=685.42MiB\n","stream":"stderr","time":"2020-03-25T03:52:04.101820749Z"}
{"log":"INFO [03-25|03:52:09.592] Deep froze chain segment                 blocks=4     elapsed=39.103ms  number=2315107 hash=6550f2…08a211\n","stream":"stderr","time":"2020-03-25T03:52:09.593100934Z"}
{"log":"INFO [03-25|03:52:19.909] Imported new chain segment               blocks=1     txs=0     mgas=0.000   elapsed=4.542ms   mgasps=0.000    number=2405109 hash=cfb017…a2300c dirty=685.18MiB\n","stream":"stderr","time":"2020-03-25T03:52:19.910129447Z"}
{"log":"INFO [03-25|03:52:34.507] Imported new chain segment               blocks=1     txs=2     mgas=0.484   elapsed=18.274ms  mgasps=26.494   number=2405110 hash=c0b1c9…3a6cde dirty=685.17MiB\n","stream":"stderr","time":"2020-03-25T03:52:34.507812289Z"}
{"log":"INFO [03-25|03:52:35.296] Chain reorg detected                     number=2405109 hash=cfb017…a2300c drop=1 dropfrom=c0b1c9…3a6cde add=1 addfrom=573a10…46505c\n","stream":"stderr","time":"2020-03-25T03:52:35.296953047Z"}
{"log":"INFO [03-25|03:52:35.297] Imported new chain segment               blocks=1     txs=1     mgas=0.433   elapsed=18.978ms  mgasps=22.826   number=2405110 hash=573a10…46505c dirty=685.18MiB\n","stream":"stderr","time":"2020-03-25T03:52:35.29749157Z"}
{"log":"INFO [03-25|03:52:39.326] Imported new chain segment               blocks=1     txs=2     mgas=0.484   elapsed=17.205ms  mgasps=28.141   number=2405110 hash=89bfb5…c7d3c3 dirty=685.18MiB\n","stream":"stderr","time":"2020-03-25T03:52:39.326914489Z"}
{"log":"INFO [03-25|03:52:49.374] Chain reorg detected                     number=2405109 hash=cfb017…a2300c drop=1 dropfrom=573a10…46505c add=2 addfrom=ab0378…aae6d1\n","stream":"stderr","time":"2020-03-25T03:52:49.374804485Z"}
{"log":"INFO [03-25|03:52:49.375] Imported new chain segment               blocks=1     txs=0     mgas=0.000   elapsed=1.847ms   mgasps=0.000    number=2405111 hash=ab0378…aae6d1 dirty=685.13MiB\n","stream":"stderr","time":"2020-03-25T03:52:49.375265016Z"}
{"log":"INFO [03-25|03:52:50.503] Chain reorg detected                     number=2405109 hash=cfb017…a2300c drop=2 dropfrom=ab0378…aae6d1 add=2 addfrom=269f13…fec260\n","stream":"stderr","time":"2020-03-25T03:52:50.503321429Z"}
{"log":"INFO [03-25|03:52:50.503] Imported new chain segment               blocks=1     txs=1     mgas=0.051   elapsed=2.383ms   mgasps=21.381   number=2405111 hash=269f13…fec260 dirty=685.13MiB\n","stream":"stderr","time":"2020-03-25T03:52:50.5037669Z"}
{"log":"INFO [03-25|03:53:04.543] Chain reorg detected                     number=2405109 hash=cfb017…a2300c drop=2 dropfrom=269f13…fec260 add=3 addfrom=655f66…24a7b2\n","stream":"stderr","time":"2020-03-25T03:53:04.543255178Z"}
{"log":"INFO [03-25|03:53:04.543] Imported new chain segment               blocks=1     txs=1     mgas=0.039   elapsed=3.085ms   mgasps=12.765   number=2405112 hash=655f66…24a7b2 dirty=685.11MiB\n","stream":"stderr","time":"2020-03-25T03:53:04.543854554Z"}
{"log":"INFO [03-25|03:53:09.620] Deep froze chain segment                 blocks=4     elapsed=27.641ms  number=2315111 hash=e4e48a…b51aad\n","stream":"stderr","time":"2020-03-25T03:53:09.620936025Z"}
{"log":"INFO [03-25|03:53:19.351] Imported new chain segment               blocks=1     txs=1     mgas=0.025   elapsed=1.195ms   mgasps=20.806   number=2405113 hash=63519b…60525a dirty=685.12MiB\n","stream":"stderr","time":"2020-03-25T03:53:19.35178136Z"}
{"log":"INFO [03-25|03:53:35.287] Imported new chain segment               blocks=1     txs=0     mgas=0.000   elapsed=859.622µs mgasps=0.000    number=2405114 hash=778cd9…947a79 dirty=685.10MiB\n","stream":"stderr","time":"2020-03-25T03:53:35.287359748Z"}
{"log":"INFO [03-25|03:53:49.343] Imported new chain segment               blocks=1     txs=1     mgas=0.303   elapsed=4.959ms   mgasps=61.144   number=2405115 hash=7b16fe…eac017 dirty=685.11MiB\n","stream":"stderr","time":"2020-03-25T03:53:49.343331735Z"}
{"log":"INFO [03-25|03:53:52.543] Imported new chain segment               blocks=1     txs=1     mgas=0.303   elapsed=11.602ms  mgasps=26.138   number=2405115 hash=4fe6d7…7a719f dirty=685.11MiB\n","stream":"stderr","time":"2020-03-25T03:53:52.54419063Z"}
{"log":"INFO [03-25|03:54:04.098] Imported new chain segment               blocks=1     txs=0     mgas=0.000   elapsed=951.933µs mgasps=0.000    number=2405116 hash=e0c466…be9501 dirty=685.09MiB\n","stream":"stderr","time":"2020-03-25T03:54:04.098339683Z"}
{"log":"INFO [03-25|03:54:06.651] Imported new chain segment               blocks=1     txs=0     mgas=0.000   elapsed=305.197µs mgasps=0.000    number=2405116 hash=d4569a…cb9fec dirty=685.09MiB\n","stream":"stderr","time":"2020-03-25T03:54:06.652173079Z"}
{"log":"INFO [03-25|03:54:09.659] Deep froze chain segment                 blocks=4     elapsed=38.755ms  number=2315115 hash=4ed667…97f974\n","stream":"stderr","time":"2020-03-25T03:54:09.660244006Z"}
{"log":"INFO [03-25|03:54:19.043] Imported new chain segment               blocks=1     txs=1     mgas=0.025   elapsed=2.152ms   mgasps=11.560   number=2405117 hash=1b38c8…e9b527 dirty=685.10MiB\n","stream":"stderr","time":"2020-03-25T03:54:19.044836179Z"}
{"log":"INFO [03-25|03:54:19.927] Imported new chain segment               blocks=1     txs=1     mgas=0.025   elapsed=1.405ms   mgasps=17.699   number=2405117 hash=69470d…ab5e16 dirty=685.10MiB\n","stream":"stderr","time":"2020-03-25T03:54:19.927623477Z"}
{"log":"INFO [03-25|03:54:34.161] Imported new chain segment               blocks=1     txs=1     mgas=0.487   elapsed=12.854ms  mgasps=37.855   number=2405118 hash=401af5…4040c2 dirty=685.12MiB\n","stream":"stderr","time":"2020-03-25T03:54:34.16175238Z"}
{"log":"INFO [03-25|03:54:37.483] Chain reorg detected                     number=2405117 hash=1b38c8…e9b527 drop=1 dropfrom=401af5…4040c2 add=1 addfrom=52a7b4…eb1b2d\n","stream":"stderr","time":"2020-03-25T03:54:37.483876156Z"}
{"log":"INFO [03-25|03:54:37.484] Imported new chain segment               blocks=1     txs=0     mgas=0.000   elapsed=945.793µs mgasps=0.000    number=2405118 hash=52a7b4…eb1b2d dirty=685.12MiB\n","stream":"stderr","time":"2020-03-25T03:54:37.484218844Z"}
{"log":"INFO [03-25|03:54:49.435] Chain reorg detected                     number=2405117 hash=1b38c8…e9b527 drop=1 dropfrom=52a7b4…eb1b2d add=2 addfrom=e36af4…06ad28\n","stream":"stderr","time":"2020-03-25T03:54:49.435719376Z"}
{"log":"INFO [03-25|03:54:49.435] Imported new chain segment               blocks=1     txs=0     mgas=0.000   elapsed=1.082ms   mgasps=0.000    number=2405119 hash=e36af4…06ad28 dirty=685.11MiB\n","stream":"stderr","time":"2020-03-25T03:54:49.436092347Z"}
{"log":"INFO [03-25|03:54:49.884] Chain reorg detected                     number=2405118 hash=401af5…4040c2 drop=1 dropfrom=e36af4…06ad28 add=1 addfrom=20dd26…1e3ab7\n","stream":"stderr","time":"2020-03-25T03:54:49.884422674Z"}
{"log":"INFO [03-25|03:54:49.884] Imported new chain segment               blocks=1     txs=0     mgas=0.000   elapsed=462.367µs mgasps=0.000    number=2405119 hash=20dd26…1e3ab7 dirty=685.11MiB\n","stream":"stderr","time":"2020-03-25T03:54:49.884563318Z"}
{"log":"INFO [03-25|03:55:04.160] Imported new chain segment               blocks=1     txs=0     mgas=0.000   elapsed=575.803µs mgasps=0.000    number=2405120 hash=717394…5deee1 dirty=685.11MiB\n","stream":"stderr","time":"2020-03-25T03:55:04.160889257Z"}
{"log":"INFO [03-25|03:55:04.887] Imported new chain segment               blocks=1     txs=0     mgas=0.000   elapsed=291.249µs mgasps=0.000    number=2405120 hash=5057fa…bfcd42 dirty=685.11MiB\n","stream":"stderr","time":"2020-03-25T03:55:04.888101519Z"}
{"log":"INFO [03-25|03:55:09.693] Deep froze chain segment                 blocks=4     elapsed=33.206ms  number=2315119 hash=272d2b…d17e0c\n","stream":"stderr","time":"2020-03-25T03:55:09.694147768Z"}
{"log":"INFO [03-25|03:55:19.909] Imported new chain segment               blocks=1     txs=2     mgas=0.489   elapsed=14.163ms  mgasps=34.522   number=2405121 hash=99474d…acbaf3 dirty=685.13MiB\n","stream":"stderr","time":"2020-03-25T03:55:19.90975244Z"}
{"log":"INFO [03-25|03:55:25.001] Chain reorg detected                     number=2405120 hash=717394…5deee1 drop=1 dropfrom=99474d…acbaf3 add=1 addfrom=dd7873…47a9b8\n","stream":"stderr","time":"2020-03-25T03:55:25.00180299Z"}
{"log":"INFO [03-25|03:55:25.002] Imported new chain segment               blocks=1     txs=2     mgas=0.489   elapsed=19.076ms  mgasps=25.631   number=2405121 hash=dd7873…47a9b8 dirty=685.13MiB\n","stream":"stderr","time":"2020-03-25T03:55:25.002237876Z"}
{"log":"INFO [03-25|03:55:34.264] Imported new chain segment               blocks=1     txs=1     mgas=0.931   elapsed=13.144ms  mgasps=70.847   number=2405122 hash=136551…b1bf10 dirty=685.22MiB\n","stream":"stderr","time":"2020-03-25T03:55:34.265390581Z"}
{"log":"INFO [03-25|03:55:49.300] Imported new chain segment               blocks=1     txs=5     mgas=1.239   elapsed=28.531ms  mgasps=43.439   number=2405123 hash=889b38…8ace6f dirty=685.25MiB\n","stream":"stderr","time":"2020-03-25T03:55:49.3008872Z"}
{"log":"INFO [03-25|03:56:04.130] Imported new chain segment               blocks=1     txs=0     mgas=0.000   elapsed=465.106µs mgasps=0.000    number=2405124 hash=c32e26…b2f070 dirty=685.25MiB\n","stream":"stderr","time":"2020-03-25T03:56:04.130286953Z"}
{"log":"INFO [03-25|03:56:09.730] Deep froze chain segment                 blocks=4     elapsed=36.324ms  number=2315123 hash=76662e…8091d2\n","stream":"stderr","time":"2020-03-25T03:56:09.731044284Z"}
{"log":"INFO [03-25|03:56:19.138] Imported new chain segment               blocks=1     txs=0     mgas=0.000   elapsed=418.797µs mgasps=0.000    number=2405125 hash=30bc64…56df5a dirty=685.25MiB\n","stream":"stderr","time":"2020-03-25T03:56:19.138677547Z"}
{"log":"INFO [03-25|03:56:20.055] Imported new chain segment               blocks=1     txs=0     mgas=0.000   elapsed=340.883µs mgasps=0.000    number=2405125 hash=659347…2a7c78 dirty=685.25MiB\n","stream":"stderr","time":"2020-03-25T03:56:20.056106088Z"}
{"log":"INFO [03-25|03:56:34.829] Chain reorg detected                     number=2405124 hash=c32e26…b2f070 drop=1 dropfrom=30bc64…56df5a add=2 addfrom=5eeefd…719e54\n","stream":"stderr","time":"2020-03-25T03:56:34.82929606Z"}
{"log":"INFO [03-25|03:56:34.829] Imported new chain segment               blocks=1     txs=2     mgas=0.469   elapsed=22.981ms  mgasps=20.417   number=2405126 hash=5eeefd…719e54 dirty=685.24MiB\n","stream":"stderr","time":"2020-03-25T03:56:34.830857755Z"}
{"log":"INFO [03-25|03:56:35.571] Chain reorg detected                     number=2405124 hash=c32e26…b2f070 drop=2 dropfrom=5eeefd…719e54 add=2 addfrom=cafc23…d67b52\n","stream":"stderr","time":"2020-03-25T03:56:35.571566724Z"}
{"log":"INFO [03-25|03:56:35.571] Imported new chain segment               blocks=1     txs=1     mgas=0.433   elapsed=22.685ms  mgasps=19.097   number=2405126 hash=cafc23…d67b52 dirty=685.24MiB\n","stream":"stderr","time":"2020-03-25T03:56:35.572092385Z"}
{"log":"INFO [03-25|03:56:36.282] Imported new chain segment               blocks=1     txs=2     mgas=0.469   elapsed=13.886ms  mgasps=33.789   number=2405126 hash=e6b4f5…5da77a dirty=685.25MiB\n","stream":"stderr","time":"2020-03-25T03:56:36.282753133Z"}
{"log":"INFO [03-25|03:56:37.228] Chain reorg detected                     number=2405125 hash=30bc64…56df5a drop=1 dropfrom=cafc23…d67b52 add=1 addfrom=2307d8…459c90\n","stream":"stderr","time":"2020-03-25T03:56:37.228629104Z"}
{"log":"INFO [03-25|03:56:37.228] Imported new chain segment               blocks=1     txs=1     mgas=0.433   elapsed=17.365ms  mgasps=24.948   number=2405126 hash=2307d8…459c90 dirty=685.25MiB\n","stream":"stderr","time":"2020-03-25T03:56:37.228859461Z"}
{"log":"INFO [03-25|03:56:49.137] Chain reorg detected                     number=2405124 hash=c32e26…b2f070 drop=2 dropfrom=2307d8…459c90 add=3 addfrom=49ed42…ba1413\n","stream":"stderr","time":"2020-03-25T03:56:49.13787871Z"}
{"log":"INFO [03-25|03:56:49.138] Imported new chain segment               blocks=1     txs=0     mgas=0.000   elapsed=1.658ms   mgasps=0.000    number=2405127 hash=49ed42…ba1413 dirty=685.25MiB\n","stream":"stderr","time":"2020-03-25T03:56:49.138585477Z"}
{"log":"INFO [03-25|03:57:04.621] Imported new chain segment               blocks=1     txs=0     mgas=0.000   elapsed=902.166µs mgasps=0.000    number=2405128 hash=ab3f89…1e87f7 dirty=685.24MiB\n","stream":"stderr","time":"2020-03-25T03:57:04.628761799Z"}
{"log":"INFO [03-25|03:57:09.762] Deep froze chain segment                 blocks=4     elapsed=31.584ms  number=2315127 hash=8812cc…847a4f\n","stream":"stderr","time":"2020-03-25T03:57:09.762883896Z"}
{"log":"INFO [03-25|03:57:19.140] Imported new chain segment               blocks=1     txs=1     mgas=0.433   elapsed=17.234ms  mgasps=25.137   number=2405129 hash=399207…09f5e8 dirty=685.26MiB\n","stream":"stderr","time":"2020-03-25T03:57:19.140418496Z"}
{"log":"INFO [03-25|03:57:25.145] Chain reorg detected                     number=2405128 hash=ab3f89…1e87f7 drop=1 dropfrom=399207…09f5e8 add=1 addfrom=c4b1f5…53852d\n","stream":"stderr","time":"2020-03-25T03:57:25.145715483Z"}
{"log":"INFO [03-25|03:57:25.145] Imported new chain segment               blocks=1     txs=1     mgas=0.433   elapsed=18.385ms  mgasps=23.563   number=2405129 hash=c4b1f5…53852d dirty=685.27MiB\n","stream":"stderr","time":"2020-03-25T03:57:25.146092414Z"}
{"log":"INFO [03-25|03:57:34.956] Chain reorg detected                     number=2405128 hash=ab3f89…1e87f7 drop=1 dropfrom=c4b1f5…53852d add=2 addfrom=39d669…46f5b9\n","stream":"stderr","time":"2020-03-25T03:57:34.956900521Z"}
{"log":"INFO [03-25|03:57:34.957] Imported new chain segment               blocks=1     txs=0     mgas=0.000   elapsed=2.705ms   mgasps=0.000    number=2405130 hash=39d669…46f5b9 dirty=685.16MiB\n","stream":"stderr","time":"2020-03-25T03:57:34.957774556Z"}
{"log":"INFO [03-25|03:57:35.601] New local node record                    seq=35 id=8252fae760b7940d ip=31.147.195.65 udp=1024  tcp=30303\n","stream":"stderr","time":"2020-03-25T03:57:35.601501263Z"}
{"log":"INFO [03-25|03:57:36.372] New local node record                    seq=36 id=8252fae760b7940d ip=31.147.195.65 udp=30303 tcp=30303\n","stream":"stderr","time":"2020-03-25T03:57:36.37299139Z"}
{"log":"INFO [03-25|03:57:46.925] New local node record                    seq=37 id=8252fae760b7940d ip=31.147.195.65 udp=1024  tcp=30303\n","stream":"stderr","time":"2020-03-25T03:57:46.925301542Z"}
{"log":"INFO [03-25|03:57:49.098] Imported new chain segment               blocks=1     txs=2     mgas=0.192   elapsed=2.630ms   mgasps=72.931   number=2405131 hash=4aa575…f9175e dirty=685.17MiB\n","stream":"stderr","time":"2020-03-25T03:57:49.098683249Z"}
{"log":"INFO [03-25|03:57:51.671] Imported new chain segment               blocks=1     txs=1     mgas=0.096   elapsed=1.934ms   mgasps=49.572   number=2405131 hash=6f72eb…b1fb1f dirty=685.18MiB\n","stream":"stderr","time":"2020-03-25T03:57:51.672133399Z"}
{"log":"INFO [03-25|03:57:51.732] Imported new chain segment               blocks=1     txs=0     mgas=0.000   elapsed=347.722µs mgasps=0.000    number=2405131 hash=0f31f5…1be3cd dirty=685.18MiB\n","stream":"stderr","time":"2020-03-25T03:57:51.733086302Z"}
{"log":"INFO [03-25|03:58:04.448] Imported new chain segment               blocks=1     txs=6     mgas=2.025   elapsed=17.863ms  mgasps=113.380  number=2405132 hash=1c7794…449ca3 dirty=685.29MiB\n","stream":"stderr","time":"2020-03-25T03:58:04.448387506Z"}
{"log":"INFO [03-25|03:58:06.147] Imported new chain segment               blocks=1     txs=0     mgas=0.000   elapsed=287.788µs mgasps=0.000    number=2405132 hash=4b8a9e…5da6b4 dirty=685.29MiB\n","stream":"stderr","time":"2020-03-25T03:58:06.147647027Z"}
{"log":"INFO [03-25|03:58:06.186] Imported new chain segment               blocks=1     txs=6     mgas=2.025   elapsed=20.396ms  mgasps=99.302   number=2405132 hash=38160c…9e7dc5 dirty=685.30MiB\n","stream":"stderr","time":"2020-03-25T03:58:06.186202662Z"}
{"log":"INFO [03-25|03:58:09.795] Deep froze chain segment                 blocks=4     elapsed=32.422ms  number=2315131 hash=942773…8a3081\n","stream":"stderr","time":"2020-03-25T03:58:09.795959777Z"}
{"log":"INFO [03-25|03:58:19.292] Chain reorg detected                     number=2405131 hash=4aa575…f9175e drop=1 dropfrom=1c7794…449ca3 add=2 addfrom=45faf7…349ea1\n","stream":"stderr","time":"2020-03-25T03:58:19.292480084Z"}
{"log":"INFO [03-25|03:58:19.292] Imported new chain segment               blocks=1     txs=7     mgas=2.121   elapsed=21.746ms  mgasps=97.546   number=2405133 hash=45faf7…349ea1 dirty=685.32MiB\n","stream":"stderr","time":"2020-03-25T03:58:19.292946852Z"}
{"log":"INFO [03-25|03:58:20.106] Chain reorg detected                     number=2405131 hash=4aa575…f9175e drop=2 dropfrom=45faf7…349ea1 add=2 addfrom=db1871…30fb32\n","stream":"stderr","time":"2020-03-25T03:58:20.106445945Z"}
{"log":"INFO [03-25|03:58:20.106] Imported new chain segment               blocks=1     txs=0     mgas=0.000   elapsed=961.222µs mgasps=0.000    number=2405133 hash=db1871…30fb32 dirty=685.32MiB\n","stream":"stderr","time":"2020-03-25T03:58:20.106932195Z"}
{"log":"INFO [03-25|03:58:21.198] Imported new chain segment               blocks=1     txs=1     mgas=0.096   elapsed=2.232ms   mgasps=42.962   number=2405133 hash=aa64fe…c3d2ea dirty=685.32MiB\n","stream":"stderr","time":"2020-03-25T03:58:21.199093965Z"}
{"log":"INFO [03-25|03:58:34.070] Chain reorg detected                     number=2405131 hash=4aa575…f9175e drop=2 dropfrom=db1871…30fb32 add=3 addfrom=4069c2…4c944a\n","stream":"stderr","time":"2020-03-25T03:58:34.070477131Z"}
{"log":"INFO [03-25|03:58:34.070] Imported new chain segment               blocks=1     txs=1     mgas=0.056   elapsed=2.737ms   mgasps=20.357   number=2405134 hash=4069c2…4c944a dirty=685.30MiB\n","stream":"stderr","time":"2020-03-25T03:58:34.071079911Z"}
{"log":"INFO [03-25|03:58:34.117] Chain reorg detected                     number=2405131 hash=4aa575…f9175e drop=3 dropfrom=4069c2…4c944a add=3 addfrom=1abeba…c551bc\n","stream":"stderr","time":"2020-03-25T03:58:34.118141217Z"}
{"log":"INFO [03-25|03:58:34.118] Imported new chain segment               blocks=1     txs=2     mgas=0.152   elapsed=5.262ms   mgasps=28.813   number=2405134 hash=1abeba…c551bc dirty=685.30MiB\n","stream":"stderr","time":"2020-03-25T03:58:34.118845563Z"}
{"log":"INFO [03-25|03:58:49.505] Imported new chain segment               blocks=1     txs=0     mgas=0.000   elapsed=440.385µs mgasps=0.000    number=2405135 hash=7a04ca…f3c2dc dirty=685.30MiB\n","stream":"stderr","time":"2020-03-25T03:58:49.505577Z"}
{"log":"INFO [03-25|03:59:04.078] Imported new chain segment               blocks=1     txs=0     mgas=0.000   elapsed=1.030ms   mgasps=0.000    number=2405136 hash=9602a5…7041a8 dirty=685.29MiB\n","stream":"stderr","time":"2020-03-25T03:59:04.079238109Z"}
{"log":"INFO [03-25|03:59:06.205] Imported new chain segment               blocks=1     txs=1     mgas=0.036   elapsed=1.833ms   mgasps=19.606   number=2405136 hash=459be0…ee1163 dirty=685.30MiB\n","stream":"stderr","time":"2020-03-25T03:59:06.205924257Z"}
{"log":"INFO [03-25|03:59:09.824] Deep froze chain segment                 blocks=4     elapsed=28.813ms  number=2315135 hash=defe8e…515c0b\n","stream":"stderr","time":"2020-03-25T03:59:09.825110387Z"}
{"log":"INFO [03-25|03:59:19.089] Imported new chain segment               blocks=1     txs=2     mgas=0.132   elapsed=3.569ms   mgasps=36.937   number=2405137 hash=0441ff…37d479 dirty=685.29MiB\n","stream":"stderr","time":"2020-03-25T03:59:19.08968485Z"}
{"log":"INFO [03-25|03:59:20.119] Imported new chain segment               blocks=1     txs=1     mgas=0.036   elapsed=2.256ms   mgasps=15.938   number=2405137 hash=ad10d1…e49f95 dirty=685.29MiB\n","stream":"stderr","time":"2020-03-25T03:59:20.121082393Z"}
{"log":"INFO [03-25|03:59:34.101] Imported new chain segment               blocks=1     txs=1     mgas=0.487   elapsed=17.345ms  mgasps=28.056   number=2405138 hash=2aa24b…11c95c dirty=685.31MiB\n","stream":"stderr","time":"2020-03-25T03:59:34.101392428Z"}
{"log":"INFO [03-25|03:59:36.327] Imported new chain segment               blocks=1     txs=1     mgas=0.487   elapsed=20.792ms  mgasps=23.404   number=2405138 hash=474a2e…8cf462 dirty=685.31MiB\n","stream":"stderr","time":"2020-03-25T03:59:36.327593713Z"}
{"log":"INFO [03-25|03:59:49.868] Imported new chain segment               blocks=1     txs=0     mgas=0.000   elapsed=655.33µs  mgasps=0.000    number=2405139 hash=71c111…69db01 dirty=685.30MiB\n","stream":"stderr","time":"2020-03-25T03:59:49.868833872Z"}
{"log":"INFO [03-25|04:00:05.245] Imported new chain segment               blocks=1     txs=2     mgas=4.238   elapsed=68.270ms  mgasps=62.073   number=2405140 hash=a35de1…067ad1 dirty=685.67MiB\n","stream":"stderr","time":"2020-03-25T04:00:05.2454166Z"}
{"log":"INFO [03-25|04:00:05.361] Chain reorg detected                     number=2405139 hash=71c111…69db01 drop=1 dropfrom=a35de1…067ad1 add=1 addfrom=1e4ac5…012566\n","stream":"stderr","time":"2020-03-25T04:00:05.362123737Z"}
{"log":"INFO [03-25|04:00:05.362] Imported new chain segment               blocks=1     txs=1     mgas=0.433   elapsed=13.841ms  mgasps=31.301   number=2405140 hash=1e4ac5…012566 dirty=685.68MiB\n","stream":"stderr","time":"2020-03-25T04:00:05.362338235Z"}
{"log":"INFO [03-25|04:00:09.865] Deep froze chain segment                 blocks=4     elapsed=40.139ms  number=2315139 hash=587a43…9bbf7b\n","stream":"stderr","time":"2020-03-25T04:00:09.865569728Z"}
{"log":"INFO [03-25|04:00:10.204] Imported new chain segment               blocks=1     txs=1     mgas=0.433   elapsed=15.408ms  mgasps=28.116   number=2405140 hash=6a06c7…07d1a3 dirty=685.68MiB\n","stream":"stderr","time":"2020-03-25T04:00:10.204584643Z"}
{"log":"INFO [03-25|04:00:19.103] Chain reorg detected                     number=2405139 hash=71c111…69db01 drop=1 dropfrom=1e4ac5…012566 add=2 addfrom=61b088…a4c75e\n","stream":"stderr","time":"2020-03-25T04:00:19.10361129Z"}
{"log":"INFO [03-25|04:00:19.104] Imported new chain segment               blocks=1     txs=0     mgas=0.000   elapsed=2.866ms   mgasps=0.000    number=2405141 hash=61b088…a4c75e dirty=685.57MiB\n","stream":"stderr","time":"2020-03-25T04:00:19.104165585Z"}
{"log":"INFO [03-25|04:00:34.309] Imported new chain segment               blocks=1     txs=0     mgas=0.000   elapsed=603.191µs mgasps=0.000    number=2405142 hash=647154…5ae797 dirty=685.57MiB\n","stream":"stderr","time":"2020-03-25T04:00:34.309698495Z"}
{"log":"INFO [03-25|04:00:51.447] Imported new chain segment               blocks=1     txs=1     mgas=1.143   elapsed=10.166ms  mgasps=112.409  number=2405143 hash=0ea2ce…ef6b51 dirty=685.69MiB\n","stream":"stderr","time":"2020-03-25T04:00:51.447310738Z"}
{"log":"INFO [03-25|04:01:04.199] Imported new chain segment               blocks=1     txs=5     mgas=2.938   elapsed=42.589ms  mgasps=68.973   number=2405144 hash=51efe4…b9f931 dirty=685.88MiB\n","stream":"stderr","time":"2020-03-25T04:01:04.200614264Z"}
{"log":"INFO [03-25|04:01:09.896] Deep froze chain segment                 blocks=4     elapsed=30.349ms  number=2315143 hash=c6f38e…f0f28c\n","stream":"stderr","time":"2020-03-25T04:01:09.896388714Z"}
{"log":"INFO [03-25|04:01:20.187] Imported new chain segment               blocks=1     txs=0     mgas=0.000   elapsed=1.978ms   mgasps=0.000    number=2405145 hash=a516ad…f775d5 dirty=685.86MiB\n","stream":"stderr","time":"2020-03-25T04:01:20.188039165Z"}
{"log":"INFO [03-25|04:01:22.744] Chain reorg detected                     number=2405144 hash=51efe4…b9f931 drop=1 dropfrom=a516ad…f775d5 add=1 addfrom=79bfbe…707626\n","stream":"stderr","time":"2020-03-25T04:01:22.745149264Z"}
{"log":"INFO [03-25|04:01:22.745] Imported new chain segment               blocks=1     txs=0     mgas=0.000   elapsed=817.722µs mgasps=0.000    number=2405145 hash=79bfbe…707626 dirty=685.86MiB\n","stream":"stderr","time":"2020-03-25T04:01:22.745381919Z"}
{"log":"INFO [03-25|04:01:34.662] Chain reorg detected                     number=2405144 hash=51efe4…b9f931 drop=1 dropfrom=79bfbe…707626 add=2 addfrom=31f5ca…722abe\n","stream":"stderr","time":"2020-03-25T04:01:34.662607131Z"}
{"log":"INFO [03-25|04:01:34.662] Imported new chain segment               blocks=1     txs=2     mgas=0.489   elapsed=14.431ms  mgasps=33.881   number=2405146 hash=31f5ca…722abe dirty=685.88MiB\n","stream":"stderr","time":"2020-03-25T04:01:34.662890322Z"}
{"log":"INFO [03-25|04:01:35.578] Imported new chain segment               blocks=1     txs=0     mgas=0.000   elapsed=343.457µs mgasps=0.000    number=2405146 hash=811709…7c8b2e dirty=685.88MiB\n","stream":"stderr","time":"2020-03-25T04:01:35.578886866Z"}
{"log":"INFO [03-25|04:01:49.085] Chain reorg detected                     number=2405145 hash=a516ad…f775d5 drop=1 dropfrom=31f5ca…722abe add=2 addfrom=1f2fca…c99f00\n","stream":"stderr","time":"2020-03-25T04:01:49.085821367Z"}
{"log":"INFO [03-25|04:01:49.086] Imported new chain segment               blocks=1     txs=3     mgas=0.540   elapsed=17.782ms  mgasps=30.361   number=2405147 hash=1f2fca…c99f00 dirty=685.89MiB\n","stream":"stderr","time":"2020-03-25T04:01:49.086173883Z"}
{"log":"INFO [03-25|04:01:50.682] Imported new chain segment               blocks=1     txs=0     mgas=0.000   elapsed=335.39µs  mgasps=0.000    number=2405147 hash=86089d…9e76a9 dirty=685.89MiB\n","stream":"stderr","time":"2020-03-25T04:01:50.682249264Z"}
{"log":"INFO [03-25|04:01:52.049] Imported new chain segment               blocks=1     txs=1     mgas=0.051   elapsed=2.548ms   mgasps=19.997   number=2405147 hash=a97caf…1ed1c5 dirty=685.89MiB\n","stream":"stderr","time":"2020-03-25T04:01:52.049769396Z"}
{"log":"INFO [03-25|04:02:04.106] Imported new chain segment               blocks=1     txs=0     mgas=0.000   elapsed=801.938µs mgasps=0.000    number=2405148 hash=87ecec…342611 dirty=685.87MiB\n","stream":"stderr","time":"2020-03-25T04:02:04.106649771Z"}
{"log":"INFO [03-25|04:02:09.932] Deep froze chain segment                 blocks=4     elapsed=35.413ms  number=2315147 hash=8af26d…590b42\n","stream":"stderr","time":"2020-03-25T04:02:09.932428315Z"}
{"log":"INFO [03-25|04:02:20.611] Imported new chain segment               blocks=1     txs=1     mgas=0.433   elapsed=19.156ms  mgasps=22.616   number=2405149 hash=8c83aa…ec4715 dirty=685.78MiB\n","stream":"stderr","time":"2020-03-25T04:02:20.611578611Z"}
{"log":"INFO [03-25|04:02:21.166] Imported new chain segment               blocks=1     txs=1     mgas=0.433   elapsed=19.970ms  mgasps=21.694   number=2405149 hash=408ff2…409f27 dirty=685.78MiB\n","stream":"stderr","time":"2020-03-25T04:02:21.166899043Z"}
{"log":"INFO [03-25|04:02:25.652] Imported new chain segment               blocks=1     txs=1     mgas=0.433   elapsed=12.065ms  mgasps=35.907   number=2405149 hash=9eb163…c88361 dirty=685.78MiB\n","stream":"stderr","time":"2020-03-25T04:02:25.652210374Z"}
{"log":"INFO [03-25|04:02:34.306] Imported new chain segment               blocks=1     txs=0     mgas=0.000   elapsed=4.604ms   mgasps=0.000    number=2405150 hash=77e134…a51603 dirty=685.59MiB\n","stream":"stderr","time":"2020-03-25T04:02:34.307187351Z"}
{"log":"INFO [03-25|04:02:50.264] Imported new chain segment               blocks=1     txs=0     mgas=0.000   elapsed=22.554ms  mgasps=0.000    number=2405151 hash=a42641…9101ad dirty=685.18MiB\n","stream":"stderr","time":"2020-03-25T04:02:50.264783445Z"}
{"log":"INFO [03-25|04:02:53.914] Chain reorg detected                     number=2405150 hash=77e134…a51603 drop=1 dropfrom=a42641…9101ad add=1 addfrom=bbb9aa…9dbe98\n","stream":"stderr","time":"2020-03-25T04:02:53.914869403Z"}
{"log":"INFO [03-25|04:02:53.914] Imported new chain segment               blocks=1     txs=2     mgas=0.736   elapsed=21.457ms  mgasps=34.323   number=2405151 hash=bbb9aa…9dbe98 dirty=685.22MiB\n","stream":"stderr","time":"2020-03-25T04:02:53.915139064Z"}
{"log":"INFO [03-25|04:03:04.447] Imported new chain segment               blocks=1     txs=0     mgas=0.000   elapsed=1.301ms   mgasps=0.000    number=2405152 hash=d36959…e040a0 dirty=685.18MiB\n","stream":"stderr","time":"2020-03-25T04:03:04.447853228Z"}
{"log":"INFO [03-25|04:03:05.485] Imported new chain segment               blocks=1     txs=2     mgas=0.343   elapsed=4.673ms   mgasps=73.313   number=2405152 hash=3a30e4…d1d391 dirty=685.19MiB\n","stream":"stderr","time":"2020-03-25T04:03:05.485904174Z"}
{"log":"INFO [03-25|04:03:06.698] Imported new chain segment               blocks=1     txs=0     mgas=0.000   elapsed=438.109µs mgasps=0.000    number=2405152 hash=ef863e…72dca7 dirty=685.19MiB\n","stream":"stderr","time":"2020-03-25T04:03:06.699137064Z"}
{"log":"INFO [03-25|04:03:06.767] Imported new chain segment               blocks=1     txs=0     mgas=0.000   elapsed=440.074µs mgasps=0.000    number=2405152 hash=b5e9a9…a951da dirty=685.19MiB\n","stream":"stderr","time":"2020-03-25T04:03:06.768047243Z"}
{"log":"INFO [03-25|04:03:09.955] Deep froze chain segment                 blocks=4     elapsed=22.962ms  number=2315151 hash=7f06b1…5ebfa8\n","stream":"stderr","time":"2020-03-25T04:03:09.955730277Z"}
{"log":"INFO [03-25|04:03:20.739] Imported new chain segment               blocks=1     txs=0     mgas=0.000   elapsed=492.553µs mgasps=0.000    number=2405153 hash=2c01ff…f67511 dirty=685.19MiB\n","stream":"stderr","time":"2020-03-25T04:03:20.739344818Z"}
{"log":"INFO [03-25|04:03:36.056] Imported new chain segment               blocks=1     txs=1     mgas=0.021   elapsed=1.741ms   mgasps=12.061   number=2405154 hash=98a5a3…25b38e dirty=685.20MiB\n","stream":"stderr","time":"2020-03-25T04:03:36.056182266Z"}
{"log":"INFO [03-25|04:03:49.838] Imported new chain segment               blocks=1     txs=0     mgas=0.000   elapsed=1.075ms   mgasps=0.000    number=2405155 hash=3f8053…ef9c67 dirty=685.18MiB\n","stream":"stderr","time":"2020-03-25T04:03:49.838603128Z"}
{"log":"INFO [03-25|04:04:04.059] Imported new chain segment               blocks=1     txs=0     mgas=0.000   elapsed=587.589µs mgasps=0.000    number=2405156 hash=804d65…db37fa dirty=685.17MiB\n","stream":"stderr","time":"2020-03-25T04:04:04.06008468Z"}
{"log":"INFO [03-25|04:04:09.993] Deep froze chain segment                 blocks=4     elapsed=37.910ms  number=2315155 hash=578449…e41025\n","stream":"stderr","time":"2020-03-25T04:04:09.994200958Z"}
{"log":"INFO [03-25|04:04:19.727] Imported new chain segment               blocks=1     txs=0     mgas=0.000   elapsed=1.314ms   mgasps=0.000    number=2405157 hash=751b50…c9b4e1 dirty=685.13MiB\n","stream":"stderr","time":"2020-03-25T04:04:19.727849306Z"}
{"log":"INFO [03-25|04:04:34.136] Imported new chain segment               blocks=1     txs=2     mgas=0.620   elapsed=21.570ms  mgasps=28.745   number=2405158 hash=f2e6fd…afdedf dirty=685.10MiB\n","stream":"stderr","time":"2020-03-25T04:04:34.136703362Z"}
{"log":"INFO [03-25|04:04:35.722] Imported new chain segment               blocks=1     txs=0     mgas=0.000   elapsed=381.674µs mgasps=0.000    number=2405158 hash=f3f69e…a3463a dirty=685.10MiB\n","stream":"stderr","time":"2020-03-25T04:04:35.723007216Z"}
{"log":"INFO [03-25|04:04:49.465] Imported new chain segment               blocks=1     txs=1     mgas=0.056   elapsed=2.675ms   mgasps=20.834   number=2405159 hash=ca88ae…5f90fe dirty=685.08MiB\n","stream":"stderr","time":"2020-03-25T04:04:49.465372366Z"}
{"log":"INFO [03-25|04:04:49.920] Chain reorg detected                     number=2405158 hash=f2e6fd…afdedf drop=1 dropfrom=ca88ae…5f90fe add=1 addfrom=db2ebe…9c7799\n","stream":"stderr","time":"2020-03-25T04:04:49.920718512Z"}
{"log":"INFO [03-25|04:04:49.920] Imported new chain segment               blocks=1     txs=0     mgas=0.000   elapsed=755.651µs mgasps=0.000    number=2405159 hash=db2ebe…9c7799 dirty=685.08MiB\n","stream":"stderr","time":"2020-03-25T04:04:49.921032405Z"}
{"log":"INFO [03-25|04:04:49.960] Chain reorg detected                     number=2405158 hash=f2e6fd…afdedf drop=1 dropfrom=db2ebe…9c7799 add=1 addfrom=5ee168…446937\n","stream":"stderr","time":"2020-03-25T04:04:49.960183304Z"}
{"log":"INFO [03-25|04:04:49.960] Imported new chain segment               blocks=1     txs=1     mgas=0.056   elapsed=1.488ms   mgasps=37.434   number=2405159 hash=5ee168…446937 dirty=685.09MiB\n","stream":"stderr","time":"2020-03-25T04:04:49.960320861Z"}
{"log":"INFO [03-25|04:04:50.828] Imported new chain segment               blocks=1     txs=0     mgas=0.000   elapsed=553.954µs mgasps=0.000    number=2405159 hash=24902b…f1cf98 dirty=685.09MiB\n","stream":"stderr","time":"2020-03-25T04:04:50.828974581Z"}
{"log":"INFO [03-25|04:04:50.875] Imported new chain segment               blocks=1     txs=1     mgas=0.056   elapsed=3.498ms   mgasps=15.930   number=2405159 hash=f2994a…112827 dirty=685.09MiB\n","stream":"stderr","time":"2020-03-25T04:04:50.875858715Z"}
{"log":"INFO [03-25|04:05:04.072] Chain reorg detected                     number=2405158 hash=f2e6fd…afdedf drop=1 dropfrom=5ee168…446937 add=2 addfrom=fcdcf4…a33aa1\n","stream":"stderr","time":"2020-03-25T04:05:04.07286906Z"}
{"log":"INFO [03-25|04:05:04.073] Imported new chain segment               blocks=1     txs=1     mgas=0.056   elapsed=3.165ms   mgasps=17.605   number=2405160 hash=fcdcf4…a33aa1 dirty=685.05MiB\n","stream":"stderr","time":"2020-03-25T04:05:04.073293581Z"}
{"log":"INFO [03-25|04:05:04.989] Imported new chain segment               blocks=1     txs=0     mgas=0.000   elapsed=307.15µs  mgasps=0.000    number=2405160 hash=f0c3b9…dc088a dirty=685.05MiB\n","stream":"stderr","time":"2020-03-25T04:05:04.989468826Z"}
{"log":"INFO [03-25|04:05:05.768] Imported new chain segment               blocks=1     txs=1     mgas=0.056   elapsed=1.679ms   mgasps=33.194   number=2405160 hash=3020b3…4a49b7 dirty=685.05MiB\n","stream":"stderr","time":"2020-03-25T04:05:05.768928863Z"}
{"log":"INFO [03-25|04:05:10.020] Deep froze chain segment                 blocks=4     elapsed=26.200ms  number=2315159 hash=fe55a1…681889\n","stream":"stderr","time":"2020-03-25T04:05:10.020993572Z"}
{"log":"INFO [03-25|04:05:19.597] Imported new chain segment               blocks=1     txs=1     mgas=0.433   elapsed=17.198ms  mgasps=25.190   number=2405161 hash=b4f72b…d61a4e dirty=685.03MiB\n","stream":"stderr","time":"2020-03-25T04:05:19.597607662Z"}
{"log":"INFO [03-25|04:05:21.206] Chain reorg detected                     number=2405160 hash=fcdcf4…a33aa1 drop=1 dropfrom=b4f72b…d61a4e add=1 addfrom=3705f2…4ee4ff\n","stream":"stderr","time":"2020-03-25T04:05:21.206496664Z"}
{"log":"INFO [03-25|04:05:21.206] Imported new chain segment               blocks=1     txs=1     mgas=0.433   elapsed=13.254ms  mgasps=32.687   number=2405161 hash=3705f2…4ee4ff dirty=685.03MiB\n","stream":"stderr","time":"2020-03-25T04:05:21.206670623Z"}
{"log":"INFO [03-25|04:05:34.537] Chain reorg detected                     number=2405160 hash=fcdcf4…a33aa1 drop=1 dropfrom=3705f2…4ee4ff add=2 addfrom=bb3f84…176c0c\n","stream":"stderr","time":"2020-03-25T04:05:34.537894514Z"}
{"log":"INFO [03-25|04:05:34.538] Imported new chain segment               blocks=1     txs=0     mgas=0.000   elapsed=1.379ms   mgasps=0.000    number=2405162 hash=bb3f84…176c0c dirty=685.02MiB\n","stream":"stderr","time":"2020-03-25T04:05:34.538502288Z"}
{"log":"INFO [03-25|04:05:34.983] Imported new chain segment               blocks=1     txs=3     mgas=1.334   elapsed=13.924ms  mgasps=95.827   number=2405162 hash=1495bc…7ebce0 dirty=685.12MiB\n","stream":"stderr","time":"2020-03-25T04:05:34.983717887Z"}
{"log":"INFO [03-25|04:05:49.705] Imported new chain segment               blocks=1     txs=8     mgas=2.023   elapsed=24.768ms  mgasps=81.671   number=2405163 hash=6b6abd…d217b6 dirty=685.16MiB\n","stream":"stderr","time":"2020-03-25T04:05:49.705754481Z"}
{"log":"INFO [03-25|04:05:50.816] Chain reorg detected                     number=2405162 hash=bb3f84…176c0c drop=1 dropfrom=6b6abd…d217b6 add=1 addfrom=6d1cd1…69aeba\n","stream":"stderr","time":"2020-03-25T04:05:50.816528096Z"}
{"log":"INFO [03-25|04:05:50.816] Imported new chain segment               blocks=1     txs=6     mgas=1.833   elapsed=21.040ms  mgasps=87.133   number=2405163 hash=6d1cd1…69aeba dirty=685.16MiB\n","stream":"stderr","time":"2020-03-25T04:05:50.816934037Z"}
{"log":"INFO [03-25|04:06:05.027] Imported new chain segment               blocks=1     txs=4     mgas=0.719   elapsed=27.972ms  mgasps=25.692   number=2405164 hash=f803aa…7605ae dirty=685.20MiB\n","stream":"stderr","time":"2020-03-25T04:06:05.028133559Z"}
{"log":"INFO [03-25|04:06:05.234] Imported new chain segment               blocks=1     txs=1     mgas=0.433   elapsed=12.029ms  mgasps=36.013   number=2405164 hash=29677b…a1a11d dirty=685.20MiB\n","stream":"stderr","time":"2020-03-25T04:06:05.234935742Z"}
{"log":"INFO [03-25|04:06:10.057] Deep froze chain segment                 blocks=4     elapsed=36.274ms  number=2315163 hash=e52556…72d8a6\n","stream":"stderr","time":"2020-03-25T04:06:10.057575343Z"}
{"log":"INFO [03-25|04:06:19.448] Chain reorg detected                     number=2405162 hash=bb3f84…176c0c drop=2 dropfrom=f803aa…7605ae add=3 addfrom=4ac1a9…9beafb\n","stream":"stderr","time":"2020-03-25T04:06:19.448698937Z"}
{"log":"INFO [03-25|04:06:19.449] Imported new chain segment               blocks=1     txs=1     mgas=0.096   elapsed=3.470ms   mgasps=27.632   number=2405165 hash=4ac1a9…9beafb dirty=685.20MiB\n","stream":"stderr","time":"2020-03-25T04:06:19.449699517Z"}
{"log":"INFO [03-25|04:06:19.758] Imported new chain segment               blocks=1     txs=1     mgas=0.096   elapsed=3.081ms   mgasps=31.119   number=2405165 hash=b80c4c…a430b5 dirty=685.21MiB\n","stream":"stderr","time":"2020-03-25T04:06:19.758573449Z"}
{"log":"INFO [03-25|04:06:20.220] Chain reorg detected                     number=2405162 hash=bb3f84…176c0c drop=3 dropfrom=4ac1a9…9beafb add=3 addfrom=b0e00c…adae76\n","stream":"stderr","time":"2020-03-25T04:06:20.220698674Z"}
{"log":"INFO [03-25|04:06:20.221] Imported new chain segment               blocks=1     txs=0     mgas=0.000   elapsed=2.006ms   mgasps=0.000    number=2405165 hash=b0e00c…adae76 dirty=685.21MiB\n","stream":"stderr","time":"2020-03-25T04:06:20.221823089Z"}
{"log":"INFO [03-25|04:06:34.092] Chain reorg detected                     number=2405162 hash=bb3f84…176c0c drop=3 dropfrom=b0e00c…adae76 add=4 addfrom=f60b82…19cd32\n","stream":"stderr","time":"2020-03-25T04:06:34.09290188Z"}
{"log":"INFO [03-25|04:06:34.094] Imported new chain segment               blocks=1     txs=0     mgas=0.000   elapsed=3.322ms   mgasps=0.000    number=2405166 hash=f60b82…19cd32 dirty=685.18MiB\n","stream":"stderr","time":"2020-03-25T04:06:34.094485318Z"}
{"log":"INFO [03-25|04:06:34.726] New local node record                    seq=38 id=8252fae760b7940d ip=31.147.195.65 udp=30303 tcp=30303\n","stream":"stderr","time":"2020-03-25T04:06:34.726804648Z"}
{"log":"INFO [03-25|04:06:35.185] Imported new chain segment               blocks=1     txs=0     mgas=0.000   elapsed=322.891µs mgasps=0.000    number=2405166 hash=5503cc…0b7057 dirty=685.18MiB\n","stream":"stderr","time":"2020-03-25T04:06:35.185980239Z"}
{"log":"INFO [03-25|04:06:50.414] Imported new chain segment               blocks=1     txs=1     mgas=0.433   elapsed=21.791ms  mgasps=19.881   number=2405167 hash=dce28c…2380b2 dirty=685.20MiB\n","stream":"stderr","time":"2020-03-25T04:06:50.414432058Z"}
{"log":"INFO [03-25|04:06:50.475] Chain reorg detected                     number=2405166 hash=f60b82…19cd32 drop=1 dropfrom=dce28c…2380b2 add=1 addfrom=e9fbef…585451\n","stream":"stderr","time":"2020-03-25T04:06:50.475855167Z"}
{"log":"INFO [03-25|04:06:50.475] Imported new chain segment               blocks=1     txs=1     mgas=0.433   elapsed=12.970ms  mgasps=33.400   number=2405167 hash=e9fbef…585451 dirty=685.20MiB\n","stream":"stderr","time":"2020-03-25T04:06:50.47602018Z"}
{"log":"INFO [03-25|04:06:50.810] Chain reorg detected                     number=2405166 hash=f60b82…19cd32 drop=1 dropfrom=e9fbef…585451 add=1 addfrom=95671c…54c2aa\n","stream":"stderr","time":"2020-03-25T04:06:50.810852002Z"}
{"log":"INFO [03-25|04:06:50.810] Imported new chain segment               blocks=1     txs=1     mgas=0.433   elapsed=16.906ms  mgasps=25.624   number=2405167 hash=95671c…54c2aa dirty=685.21MiB\n","stream":"stderr","time":"2020-03-25T04:06:50.811127984Z"}
{"log":"INFO [03-25|04:07:05.165] Imported new chain segment               blocks=1     txs=0     mgas=0.000   elapsed=837.194µs mgasps=0.000    number=2405168 hash=594197…540750 dirty=685.19MiB\n","stream":"stderr","time":"2020-03-25T04:07:05.166066698Z"}
{"log":"INFO [03-25|04:07:07.017] Imported new chain segment               blocks=1     txs=0     mgas=0.000   elapsed=313.083µs mgasps=0.000    number=2405168 hash=53a6fb…905c32 dirty=685.19MiB\n","stream":"stderr","time":"2020-03-25T04:07:07.01725115Z"}
{"log":"INFO [03-25|04:07:10.091] Deep froze chain segment                 blocks=4     elapsed=33.684ms  number=2315167 hash=a997a0…d9b396\n","stream":"stderr","time":"2020-03-25T04:07:10.092063271Z"}
{"log":"INFO [03-25|04:07:19.580] Imported new chain segment               blocks=1     txs=2     mgas=0.484   elapsed=17.924ms  mgasps=27.026   number=2405169 hash=2a6447…438e59 dirty=685.21MiB\n","stream":"stderr","time":"2020-03-25T04:07:19.580707596Z"}
{"log":"INFO [03-25|04:07:25.312] Chain reorg detected                     number=2405168 hash=594197…540750 drop=1 dropfrom=2a6447…438e59 add=1 addfrom=ffbaa0…871877\n","stream":"stderr","time":"2020-03-25T04:07:25.312845988Z"}
{"log":"INFO [03-25|04:07:25.312] Imported new chain segment               blocks=1     txs=2     mgas=0.484   elapsed=14.178ms  mgasps=34.165   number=2405169 hash=ffbaa0…871877 dirty=685.21MiB\n","stream":"stderr","time":"2020-03-25T04:07:25.313055223Z"}
{"log":"INFO [03-25|04:07:34.051] Chain reorg detected                     number=2405168 hash=594197…540750 drop=1 dropfrom=ffbaa0…871877 add=2 addfrom=05d149…9063c1\n","stream":"stderr","time":"2020-03-25T04:07:34.05196136Z"}
{"log":"INFO [03-25|04:07:34.052] Imported new chain segment               blocks=1     txs=0     mgas=0.000   elapsed=2.477ms   mgasps=0.000    number=2405170 hash=05d149…9063c1 dirty=685.13MiB\n","stream":"stderr","time":"2020-03-25T04:07:34.052344116Z"}
{"log":"INFO [03-25|04:07:50.553] Imported new chain segment               blocks=1     txs=1     mgas=0.126   elapsed=6.976ms   mgasps=18.065   number=2405171 hash=44db30…3f508b dirty=685.10MiB\n","stream":"stderr","time":"2020-03-25T04:07:50.554132107Z"}
{"log":"INFO [03-25|04:07:54.045] Chain reorg detected                     number=2405170 hash=05d149…9063c1 drop=1 dropfrom=44db30…3f508b add=1 addfrom=7ca47e…c37982\n","stream":"stderr","time":"2020-03-25T04:07:54.045331Z"}
{"log":"INFO [03-25|04:07:54.045] Imported new chain segment               blocks=1     txs=3     mgas=0.595   elapsed=26.468ms  mgasps=22.495   number=2405171 hash=7ca47e…c37982 dirty=685.13MiB\n","stream":"stderr","time":"2020-03-25T04:07:54.045667347Z"}
{"log":"INFO [03-25|04:08:04.583] Imported new chain segment               blocks=1     txs=2     mgas=0.152   elapsed=3.465ms   mgasps=43.759   number=2405172 hash=27bd3d…0e925d dirty=685.15MiB\n","stream":"stderr","time":"2020-03-25T04:08:04.584274749Z"}
{"log":"INFO [03-25|04:08:05.410] Imported new chain segment               blocks=1     txs=7     mgas=2.138   elapsed=23.137ms  mgasps=92.390   number=2405172 hash=25e5cb…5fed4f dirty=685.28MiB\n","stream":"stderr","time":"2020-03-25T04:08:05.410668667Z"}
{"log":"INFO [03-25|04:08:10.125] Deep froze chain segment                 blocks=4     elapsed=33.242ms  number=2315171 hash=186784…06ac23\n","stream":"stderr","time":"2020-03-25T04:08:10.125959459Z"}
{"log":"INFO [03-25|04:08:20.178] Imported new chain segment               blocks=1     txs=5     mgas=1.986   elapsed=31.086ms  mgasps=63.887   number=2405173 hash=08d99c…6052f9 dirty=685.28MiB\n","stream":"stderr","time":"2020-03-25T04:08:20.178755462Z"}
{"log":"INFO [03-25|04:08:20.918] Imported new chain segment               blocks=1     txs=5     mgas=1.986   elapsed=20.398ms  mgasps=97.360   number=2405173 hash=f86c3c…b9c9ea dirty=685.29MiB\n","stream":"stderr","time":"2020-03-25T04:08:20.919024846Z"}
{"log":"INFO [03-25|04:08:34.135] Imported new chain segment               blocks=1     txs=0     mgas=0.000   elapsed=773.401µs mgasps=0.000    number=2405174 hash=350382…dd8a8f dirty=685.27MiB\n","stream":"stderr","time":"2020-03-25T04:08:34.136002737Z"}
{"log":"INFO [03-25|04:08:49.204] Imported new chain segment               blocks=1     txs=0     mgas=0.000   elapsed=605.346µs mgasps=0.000    number=2405175 hash=5e343c…dde5ee dirty=685.26MiB\n","stream":"stderr","time":"2020-03-25T04:08:49.204947242Z"}
{"log":"INFO [03-25|04:09:04.073] Imported new chain segment               blocks=1     txs=0     mgas=0.000   elapsed=526.02µs  mgasps=0.000    number=2405176 hash=2c0446…28ee8f dirty=685.26MiB\n","stream":"stderr","time":"2020-03-25T04:09:04.074097723Z"}
{"log":"INFO [03-25|04:09:10.149] Deep froze chain segment                 blocks=4     elapsed=23.292ms  number=2315175 hash=4c9af5…7d0f30\n","stream":"stderr","time":"2020-03-25T04:09:10.149623074Z"}
{"log":"INFO [03-25|04:09:19.061] Imported new chain segment               blocks=1     txs=0     mgas=0.000   elapsed=835.547µs mgasps=0.000    number=2405177 hash=cb2c6f…018ad9 dirty=685.24MiB\n","stream":"stderr","time":"2020-03-25T04:09:19.061369841Z"}
{"log":"INFO [03-25|04:09:35.333] Imported new chain segment               blocks=1     txs=0     mgas=0.000   elapsed=708.48µs  mgasps=0.000    number=2405178 hash=f3fecd…e7942d dirty=685.23MiB\n","stream":"stderr","time":"2020-03-25T04:09:35.33371187Z"}
{"log":"INFO [03-25|04:09:36.251] Chain reorg detected                     number=2405177 hash=cb2c6f…018ad9 drop=1 dropfrom=f3fecd…e7942d add=1 addfrom=ebcf35…c659cc\n","stream":"stderr","time":"2020-03-25T04:09:36.252215197Z"}
{"log":"INFO [03-25|04:09:36.252] Imported new chain segment               blocks=1     txs=1     mgas=0.021   elapsed=2.298ms   mgasps=9.138    number=2405178 hash=ebcf35…c659cc dirty=685.24MiB\n","stream":"stderr","time":"2020-03-25T04:09:36.252498539Z"}
{"log":"INFO [03-25|04:09:49.879] Chain reorg detected                     number=2405177 hash=cb2c6f…018ad9 drop=1 dropfrom=ebcf35…c659cc add=2 addfrom=af1f8f…075a28\n","stream":"stderr","time":"2020-03-25T04:09:49.880085726Z"}
{"log":"INFO [03-25|04:09:49.880] Imported new chain segment               blocks=1     txs=2     mgas=0.508   elapsed=17.950ms  mgasps=28.277   number=2405179 hash=af1f8f…075a28 dirty=685.26MiB\n","stream":"stderr","time":"2020-03-25T04:09:49.880496477Z"}
{"log":"INFO [03-25|04:09:52.030] Imported new chain segment               blocks=1     txs=2     mgas=0.508   elapsed=13.239ms  mgasps=38.339   number=2405179 hash=c08e6f…ce46d4 dirty=685.27MiB\n","stream":"stderr","time":"2020-03-25T04:09:52.031170628Z"}
{"log":"INFO [03-25|04:09:56.219] Imported new chain segment               blocks=1     txs=2     mgas=0.508   elapsed=20.919ms  mgasps=24.265   number=2405179 hash=3f69d9…40b2af dirty=685.27MiB\n","stream":"stderr","time":"2020-03-25T04:09:56.219333773Z"}
{"log":"INFO [03-25|04:10:04.268] Imported new chain segment               blocks=1     txs=1     mgas=0.245   elapsed=4.440ms   mgasps=55.282   number=2405180 hash=7922f5…1b9221 dirty=685.16MiB\n","stream":"stderr","time":"2020-03-25T04:10:04.268606966Z"}
{"log":"INFO [03-25|04:10:04.438] Imported new chain segment               blocks=1     txs=1     mgas=0.245   elapsed=2.345ms   mgasps=104.644  number=2405180 hash=86b8c7…b3f87a dirty=685.16MiB\n","stream":"stderr","time":"2020-03-25T04:10:04.438818933Z"}
{"log":"INFO [03-25|04:10:10.186] Deep froze chain segment                 blocks=4     elapsed=36.605ms  number=2315179 hash=479c95…9ea4b2\n","stream":"stderr","time":"2020-03-25T04:10:10.186683618Z"}
{"log":"INFO [03-25|04:10:19.130] Chain reorg detected                     number=2405179 hash=af1f8f…075a28 drop=1 dropfrom=7922f5…1b9221 add=2 addfrom=694a86…66c59b\n","stream":"stderr","time":"2020-03-25T04:10:19.130615487Z"}
{"log":"INFO [03-25|04:10:19.130] Imported new chain segment               blocks=1     txs=2     mgas=0.341   elapsed=4.255ms   mgasps=80.223   number=2405181 hash=694a86…66c59b dirty=685.19MiB\n","stream":"stderr","time":"2020-03-25T04:10:19.130948079Z"}
{"log":"INFO [03-25|04:10:20.055] Chain reorg detected                     number=2405179 hash=af1f8f…075a28 drop=2 dropfrom=694a86…66c59b add=2 addfrom=80024c…ab652a\n","stream":"stderr","time":"2020-03-25T04:10:20.05583566Z"}
{"log":"INFO [03-25|04:10:20.056] Imported new chain segment               blocks=1     txs=2     mgas=0.341   elapsed=4.202ms   mgasps=81.237   number=2405181 hash=80024c…ab652a dirty=685.19MiB\n","stream":"stderr","time":"2020-03-25T04:10:20.056368766Z"}
{"log":"INFO [03-25|04:10:34.939] Chain reorg detected                     number=2405179 hash=af1f8f…075a28 drop=2 dropfrom=80024c…ab652a add=3 addfrom=86c8d0…fba3c8\n","stream":"stderr","time":"2020-03-25T04:10:34.940040811Z"}
{"log":"INFO [03-25|04:10:34.940] Imported new chain segment               blocks=1     txs=1     mgas=0.433   elapsed=19.799ms  mgasps=21.880   number=2405182 hash=86c8d0…fba3c8 dirty=685.21MiB\n","stream":"stderr","time":"2020-03-25T04:10:34.940609097Z"}
{"log":"INFO [03-25|04:10:41.188] Imported new chain segment               blocks=1     txs=6     mgas=3.723   elapsed=50.406ms  mgasps=73.862   number=2405182 hash=0c97a4…52660a dirty=685.49MiB\n","stream":"stderr","time":"2020-03-25T04:10:41.189152184Z"}
{"log":"INFO [03-25|04:10:50.298] Imported new chain segment               blocks=1     txs=5     mgas=3.395   elapsed=16.338ms  mgasps=207.802  number=2405183 hash=18e84c…c5f272 dirty=685.48MiB\n","stream":"stderr","time":"2020-03-25T04:10:50.298610197Z"}
{"log":"INFO [03-25|04:11:04.343] Imported new chain segment               blocks=1     txs=2     mgas=0.598   elapsed=9.132ms   mgasps=65.477   number=2405184 hash=8adabf…72e40f dirty=685.50MiB\n","stream":"stderr","time":"2020-03-25T04:11:04.344136316Z"}
{"log":"INFO [03-25|04:11:10.223] Deep froze chain segment                 blocks=4     elapsed=36.976ms  number=2315183 hash=abdeb1…41cc91\n","stream":"stderr","time":"2020-03-25T04:11:10.224035226Z"}
{"log":"INFO [03-25|04:11:21.084] Imported new chain segment               blocks=1     txs=4     mgas=0.665   elapsed=31.119ms  mgasps=21.358   number=2405185 hash=eb66c7…1d3b38 dirty=685.51MiB\n","stream":"stderr","time":"2020-03-25T04:11:21.084647165Z"}
{"log":"INFO [03-25|04:11:22.251] Chain reorg detected                     number=2405184 hash=8adabf…72e40f drop=1 dropfrom=eb66c7…1d3b38 add=1 addfrom=82ae2e…a2d544\n","stream":"stderr","time":"2020-03-25T04:11:22.251438681Z"}
{"log":"INFO [03-25|04:11:22.251] Imported new chain segment               blocks=1     txs=3     mgas=0.585   elapsed=19.340ms  mgasps=30.240   number=2405185 hash=82ae2e…a2d544 dirty=685.52MiB\n","stream":"stderr","time":"2020-03-25T04:11:22.251812463Z"}
{"log":"INFO [03-25|04:11:22.275] Chain reorg detected                     number=2405184 hash=8adabf…72e40f drop=1 dropfrom=82ae2e…a2d544 add=1 addfrom=7f27a6…b7059f\n","stream":"stderr","time":"2020-03-25T04:11:22.275429564Z"}
{"log":"INFO [03-25|04:11:22.275] Imported new chain segment               blocks=1     txs=0     mgas=0.000   elapsed=482.827µs mgasps=0.000    number=2405185 hash=7f27a6…b7059f dirty=685.52MiB\n","stream":"stderr","time":"2020-03-25T04:11:22.275541348Z"}
{"log":"INFO [03-25|04:11:29.117] Imported new chain segment               blocks=1     txs=4     mgas=0.665   elapsed=21.418ms  mgasps=31.032   number=2405185 hash=2a1c35…c52b11 dirty=685.52MiB\n","stream":"stderr","time":"2020-03-25T04:11:29.117775248Z"}
{"log":"INFO [03-25|04:11:34.228] Chain reorg detected                     number=2405184 hash=8adabf…72e40f drop=1 dropfrom=7f27a6…b7059f add=2 addfrom=7a4e26…c7d47e\n","stream":"stderr","time":"2020-03-25T04:11:34.228676637Z"}
{"log":"INFO [03-25|04:11:34.229] Imported new chain segment               blocks=1     txs=1     mgas=0.341   elapsed=13.235ms  mgasps=25.765   number=2405186 hash=7a4e26…c7d47e dirty=685.53MiB\n","stream":"stderr","time":"2020-03-25T04:11:34.229500151Z"}
{"log":"INFO [03-25|04:11:35.124] Imported new chain segment               blocks=1     txs=0     mgas=0.000   elapsed=389.88µs  mgasps=0.000    number=2405186 hash=fb3b58…95d611 dirty=685.53MiB\n","stream":"stderr","time":"2020-03-25T04:11:35.124779982Z"}
{"log":"INFO [03-25|04:11:50.458] Imported new chain segment               blocks=1     txs=2     mgas=0.513   elapsed=26.060ms  mgasps=19.687   number=2405187 hash=6e24f3…ab5c30 dirty=685.56MiB\n","stream":"stderr","time":"2020-03-25T04:11:50.458764105Z"}
{"log":"INFO [03-25|04:11:52.120] Chain reorg detected                     number=2405186 hash=7a4e26…c7d47e drop=1 dropfrom=6e24f3…ab5c30 add=1 addfrom=008ea7…8cbe1c\n","stream":"stderr","time":"2020-03-25T04:11:52.120322955Z"}
{"log":"INFO [03-25|04:11:52.120] Imported new chain segment               blocks=1     txs=0     mgas=0.000   elapsed=836.664µs mgasps=0.000    number=2405187 hash=008ea7…8cbe1c dirty=685.56MiB\n","stream":"stderr","time":"2020-03-25T04:11:52.120582968Z"}
{"log":"INFO [03-25|04:11:55.635] Imported new chain segment               blocks=1     txs=2     mgas=0.513   elapsed=25.043ms  mgasps=20.486   number=2405187 hash=5f641f…82dbf9 dirty=685.56MiB\n","stream":"stderr","time":"2020-03-25T04:11:55.635450387Z"}
{"log":"INFO [03-25|04:12:04.212] Chain reorg detected                     number=2405186 hash=7a4e26…c7d47e drop=1 dropfrom=008ea7…8cbe1c add=2 addfrom=0872d6…10f0f4\n","stream":"stderr","time":"2020-03-25T04:12:04.21261437Z"}
{"log":"INFO [03-25|04:12:04.212] Imported new chain segment               blocks=1     txs=1     mgas=0.184   elapsed=3.445ms   mgasps=53.388   number=2405188 hash=0872d6…10f0f4 dirty=685.57MiB\n","stream":"stderr","time":"2020-03-25T04:12:04.213099966Z"}
{"log":"INFO [03-25|04:12:07.092] Chain reorg detected                     number=2405187 hash=6e24f3…ab5c30 drop=1 dropfrom=0872d6…10f0f4 add=1 addfrom=efbc6d…f4a45d\n","stream":"stderr","time":"2020-03-25T04:12:07.09276928Z"}
{"log":"INFO [03-25|04:12:07.092] Imported new chain segment               blocks=1     txs=0     mgas=0.000   elapsed=654.652µs mgasps=0.000    number=2405188 hash=efbc6d…f4a45d dirty=685.57MiB\n","stream":"stderr","time":"2020-03-25T04:12:07.092999162Z"}
{"log":"INFO [03-25|04:12:10.264] Deep froze chain segment                 blocks=4     elapsed=39.367ms  number=2315187 hash=d486f5…35de60\n","stream":"stderr","time":"2020-03-25T04:12:10.264425279Z"}
{"log":"INFO [03-25|04:12:19.238] Imported new chain segment               blocks=1     txs=2     mgas=0.264   elapsed=3.786ms   mgasps=69.656   number=2405189 hash=540df4…d8fe62 dirty=685.55MiB\n","stream":"stderr","time":"2020-03-25T04:12:19.238335891Z"}
{"log":"INFO [03-25|04:12:19.935] Chain reorg detected                     number=2405187 hash=6e24f3…ab5c30 drop=2 dropfrom=540df4…d8fe62 add=2 addfrom=24bb79…019dce\n","stream":"stderr","time":"2020-03-25T04:12:19.936135094Z"}
{"log":"INFO [03-25|04:12:19.936] Imported new chain segment               blocks=1     txs=1     mgas=0.080   elapsed=2.898ms   mgasps=27.530   number=2405189 hash=24bb79…019dce dirty=685.55MiB\n","stream":"stderr","time":"2020-03-25T04:12:19.936635564Z"}
{"log":"INFO [03-25|04:12:19.985] Chain reorg detected                     number=2405188 hash=0872d6…10f0f4 drop=1 dropfrom=24bb79…019dce add=1 addfrom=87e81a…d39d4d\n","stream":"stderr","time":"2020-03-25T04:12:19.985861773Z"}
{"log":"INFO [03-25|04:12:19.985] Imported new chain segment               blocks=1     txs=0     mgas=0.000   elapsed=462.683µs mgasps=0.000    number=2405189 hash=87e81a…d39d4d dirty=685.55MiB\n","stream":"stderr","time":"2020-03-25T04:12:19.985960723Z"}
{"log":"INFO [03-25|04:12:34.464] Chain reorg detected                     number=2405188 hash=0872d6…10f0f4 drop=1 dropfrom=87e81a…d39d4d add=2 addfrom=39a515…9a3b63\n","stream":"stderr","time":"2020-03-25T04:12:34.464316717Z"}
{"log":"INFO [03-25|04:12:34.464] Imported new chain segment               blocks=1     txs=1     mgas=0.433   elapsed=21.453ms  mgasps=20.193   number=2405190 hash=39a515…9a3b63 dirty=685.27MiB\n","stream":"stderr","time":"2020-03-25T04:12:34.464755452Z"}
{"log":"INFO [03-25|04:12:49.359] Imported new chain segment               blocks=1     txs=0     mgas=0.000   elapsed=1.106ms   mgasps=0.000    number=2405191 hash=74630b…d37682 dirty=685.25MiB\n","stream":"stderr","time":"2020-03-25T04:12:49.359446222Z"}
{"log":"INFO [03-25|04:13:04.815] Imported new chain segment               blocks=1     txs=1     mgas=0.039   elapsed=2.638ms   mgasps=14.928   number=2405192 hash=9fc990…742a3e dirty=685.24MiB\n","stream":"stderr","time":"2020-03-25T04:13:04.815968754Z"}
{"log":"INFO [03-25|04:13:04.827] Chain reorg detected                     number=2405191 hash=74630b…d37682 drop=1 dropfrom=9fc990…742a3e add=1 addfrom=bc3976…f564b2\n","stream":"stderr","time":"2020-03-25T04:13:04.828411687Z"}
{"log":"INFO [03-25|04:13:04.828] Imported new chain segment               blocks=1     txs=0     mgas=0.000   elapsed=1.485ms   mgasps=0.000    number=2405192 hash=bc3976…f564b2 dirty=685.24MiB\n","stream":"stderr","time":"2020-03-25T04:13:04.829166285Z"}
{"log":"INFO [03-25|04:13:06.484] Imported new chain segment               blocks=1     txs=1     mgas=0.039   elapsed=1.237ms   mgasps=31.835   number=2405192 hash=69b06e…39ecb4 dirty=685.24MiB\n","stream":"stderr","time":"2020-03-25T04:13:06.484726692Z"}
{"log":"INFO [03-25|04:13:10.297] Deep froze chain segment                 blocks=4     elapsed=33.033ms  number=2315191 hash=a1ba49…4569db\n","stream":"stderr","time":"2020-03-25T04:13:10.297742157Z"}
{"log":"INFO [03-25|04:13:19.181] Imported new chain segment               blocks=1     txs=1     mgas=0.039   elapsed=1.973ms   mgasps=19.953   number=2405193 hash=efa7b6…56ba46 dirty=685.23MiB\n","stream":"stderr","time":"2020-03-25T04:13:19.182163121Z"}
{"log":"INFO [03-25|04:13:34.145] Imported new chain segment               blocks=1     txs=0     mgas=0.000   elapsed=839.358µs mgasps=0.000    number=2405194 hash=436928…a849a8 dirty=685.21MiB\n","stream":"stderr","time":"2020-03-25T04:13:34.145929615Z"}
{"log":"INFO [03-25|04:13:34.245] Imported new chain segment               blocks=1     txs=0     mgas=0.000   elapsed=490.15µs  mgasps=0.000    number=2405194 hash=96fe76…fa8b86 dirty=685.21MiB\n","stream":"stderr","time":"2020-03-25T04:13:34.245763754Z"}
{"log":"INFO [03-25|04:13:49.163] Imported new chain segment               blocks=1     txs=0     mgas=0.000   elapsed=536.886µs mgasps=0.000    number=2405195 hash=9060d0…8d1521 dirty=685.21MiB\n","stream":"stderr","time":"2020-03-25T04:13:49.16365114Z"}
{"log":"INFO [03-25|04:13:52.588] Imported new chain segment               blocks=1     txs=0     mgas=0.000   elapsed=607.144µs mgasps=0.000    number=2405195 hash=c58873…d910f0 dirty=685.21MiB\n","stream":"stderr","time":"2020-03-25T04:13:52.588307367Z"}
{"log":"INFO [03-25|04:14:04.475] Imported new chain segment               blocks=1     txs=0     mgas=0.000   elapsed=479.918µs mgasps=0.000    number=2405196 hash=ca93c1…e4056c dirty=685.21MiB\n","stream":"stderr","time":"2020-03-25T04:14:04.475440682Z"}
{"log":"INFO [03-25|04:14:07.390] Chain reorg detected                     number=2405195 hash=9060d0…8d1521 drop=1 dropfrom=ca93c1…e4056c add=1 addfrom=a38b74…f9f902\n","stream":"stderr","time":"2020-03-25T04:14:07.390510073Z"}
{"log":"INFO [03-25|04:14:07.390] Imported new chain segment               blocks=1     txs=0     mgas=0.000   elapsed=469.229µs mgasps=0.000    number=2405196 hash=a38b74…f9f902 dirty=685.21MiB\n","stream":"stderr","time":"2020-03-25T04:14:07.390709854Z"}
{"log":"INFO [03-25|04:14:10.325] Deep froze chain segment                 blocks=4     elapsed=27.762ms  number=2315195 hash=6c5c34…263aab\n","stream":"stderr","time":"2020-03-25T04:14:10.325718644Z"}
{"log":"INFO [03-25|04:14:19.561] Imported new chain segment               blocks=1     txs=0     mgas=0.000   elapsed=1.111ms   mgasps=0.000    number=2405197 hash=d9a09b…8ea9d5 dirty=685.18MiB\n","stream":"stderr","time":"2020-03-25T04:14:19.561864458Z"}
{"log":"INFO [03-25|04:14:22.021] Imported new chain segment               blocks=1     txs=0     mgas=0.000   elapsed=509.076µs mgasps=0.000    number=2405197 hash=faa147…12087c dirty=685.18MiB\n","stream":"stderr","time":"2020-03-25T04:14:22.021784094Z"}
{"log":"INFO [03-25|04:14:34.111] Chain reorg detected                     number=2405195 hash=9060d0…8d1521 drop=2 dropfrom=d9a09b…8ea9d5 add=3 addfrom=53e942…d6ba52\n","stream":"stderr","time":"2020-03-25T04:14:34.111677097Z"}
{"log":"INFO [03-25|04:14:34.111] Imported new chain segment               blocks=1     txs=2     mgas=0.542   elapsed=15.080ms  mgasps=35.965   number=2405198 hash=53e942…d6ba52 dirty=685.19MiB\n","stream":"stderr","time":"2020-03-25T04:14:34.111963671Z"}
{"log":"INFO [03-25|04:14:50.032] Imported new chain segment               blocks=1     txs=0     mgas=0.000   elapsed=541.941µs mgasps=0.000    number=2405199 hash=53bfa5…87cb3f dirty=685.19MiB\n","stream":"stderr","time":"2020-03-25T04:14:50.032531702Z"}
{"log":"INFO [03-25|04:14:50.049] Chain reorg detected                     number=2405198 hash=53e942…d6ba52 drop=1 dropfrom=53bfa5…87cb3f add=1 addfrom=1f4e48…6d8de2\n","stream":"stderr","time":"2020-03-25T04:14:50.049624971Z"}
{"log":"INFO [03-25|04:14:50.049] Imported new chain segment               blocks=1     txs=1     mgas=0.096   elapsed=3.298ms   mgasps=29.077   number=2405199 hash=1f4e48…6d8de2 dirty=685.21MiB\n","stream":"stderr","time":"2020-03-25T04:14:50.049968477Z"}
{"log":"INFO [03-25|04:15:04.567] Chain reorg detected                     number=2405198 hash=53e942…d6ba52 drop=1 dropfrom=1f4e48…6d8de2 add=2 addfrom=49b156…98320f\n","stream":"stderr","time":"2020-03-25T04:15:04.567763455Z"}
{"log":"INFO [03-25|04:15:04.568] Imported new chain segment               blocks=1     txs=2     mgas=0.529   elapsed=24.885ms  mgasps=21.262   number=2405200 hash=49b156…98320f dirty=685.23MiB\n","stream":"stderr","time":"2020-03-25T04:15:04.568339442Z"}
{"log":"INFO [03-25|04:15:10.355] Deep froze chain segment                 blocks=4     elapsed=29.909ms  number=2315199 hash=0c56ec…82395c\n","stream":"stderr","time":"2020-03-25T04:15:10.356196848Z"}
{"log":"INFO [03-25|04:15:19.649] Imported new chain segment               blocks=1     txs=1     mgas=0.087   elapsed=3.268ms   mgasps=26.504   number=2405201 hash=833835…6530b9 dirty=685.23MiB\n","stream":"stderr","time":"2020-03-25T04:15:19.649739564Z"}
{"log":"INFO [03-25|04:15:20.799] Chain reorg detected                     number=2405200 hash=49b156…98320f drop=1 dropfrom=833835…6530b9 add=1 addfrom=93da4b…40656f\n","stream":"stderr","time":"2020-03-25T04:15:20.800086414Z"}
{"log":"INFO [03-25|04:15:20.800] Imported new chain segment               blocks=1     txs=1     mgas=3.792   elapsed=34.671ms  mgasps=109.367  number=2405201 hash=93da4b…40656f dirty=685.64MiB\n","stream":"stderr","time":"2020-03-25T04:15:20.800925156Z"}
{"log":"INFO [03-25|04:15:34.894] Imported new chain segment               blocks=1     txs=6     mgas=1.824   elapsed=22.423ms  mgasps=81.345   number=2405202 hash=4ce91c…b98d8b dirty=685.74MiB\n","stream":"stderr","time":"2020-03-25T04:15:34.894593347Z"}
{"log":"INFO [03-25|04:15:35.066] Chain reorg detected                     number=2405200 hash=49b156…98320f drop=2 dropfrom=4ce91c…b98d8b add=2 addfrom=d4693e…9d7ad2\n","stream":"stderr","time":"2020-03-25T04:15:35.067004404Z"}
{"log":"INFO [03-25|04:15:35.067] Imported new chain segment               blocks=1     txs=1     mgas=3.792   elapsed=14.131ms  mgasps=268.331  number=2405202 hash=d4693e…9d7ad2 dirty=685.74MiB\n","stream":"stderr","time":"2020-03-25T04:15:35.067429194Z"}
{"log":"INFO [03-25|04:15:35.190] Imported new chain segment               blocks=1     txs=1     mgas=3.792   elapsed=13.362ms  mgasps=283.765  number=2405202 hash=e198b1…d78ff6 dirty=685.74MiB\n","stream":"stderr","time":"2020-03-25T04:15:35.19097576Z"}
{"log":"INFO [03-25|04:15:40.340] Imported new chain segment               blocks=1     txs=6     mgas=2.171   elapsed=34.972ms  mgasps=62.067   number=2405202 hash=6c0941…c607c9 dirty=685.77MiB\n","stream":"stderr","time":"2020-03-25T04:15:40.340424527Z"}
{"log":"INFO [03-25|04:15:50.358] Imported new chain segment               blocks=1     txs=7     mgas=2.239   elapsed=36.684ms  mgasps=61.030   number=2405203 hash=2007dc…b5ac17 dirty=685.78MiB\n","stream":"stderr","time":"2020-03-25T04:15:50.358999004Z"}
{"log":"INFO [03-25|04:15:51.520] Chain reorg detected                     number=2405202 hash=d4693e…9d7ad2 drop=1 dropfrom=2007dc…b5ac17 add=1 addfrom=aa048d…6d09d0\n","stream":"stderr","time":"2020-03-25T04:15:51.520316907Z"}
{"log":"INFO [03-25|04:15:51.520] Imported new chain segment               blocks=1     txs=6     mgas=2.171   elapsed=28.666ms  mgasps=75.720   number=2405203 hash=aa048d…6d09d0 dirty=685.79MiB\n","stream":"stderr","time":"2020-03-25T04:15:51.521784366Z"}
{"log":"INFO [03-25|04:15:51.535] Imported new chain segment               blocks=1     txs=5     mgas=1.737   elapsed=15.062ms  mgasps=115.345  number=2405203 hash=e4f465…85fe54 dirty=685.79MiB\n","stream":"stderr","time":"2020-03-25T04:15:51.536093591Z"}
{"log":"INFO [03-25|04:15:51.857] Imported new chain segment               blocks=1     txs=6     mgas=2.171   elapsed=29.057ms  mgasps=74.702   number=2405203 hash=2a1b52…529441 dirty=685.79MiB\n","stream":"stderr","time":"2020-03-25T04:15:51.85751877Z"}
{"log":"INFO [03-25|04:15:56.778] Chain reorg detected                     number=2405202 hash=d4693e…9d7ad2 drop=1 dropfrom=aa048d…6d09d0 add=1 addfrom=b75286…174e69\n","stream":"stderr","time":"2020-03-25T04:15:56.778567903Z"}
{"log":"INFO [03-25|04:15:56.778] Imported new chain segment               blocks=1     txs=7     mgas=2.239   elapsed=28.280ms  mgasps=79.165   number=2405203 hash=b75286…174e69 dirty=685.80MiB\n","stream":"stderr","time":"2020-03-25T04:15:56.778940113Z"}
{"log":"INFO [03-25|04:16:04.892] Chain reorg detected                     number=2405202 hash=d4693e…9d7ad2 drop=1 dropfrom=b75286…174e69 add=2 addfrom=a81051…8a4f54\n","stream":"stderr","time":"2020-03-25T04:16:04.893101422Z"}
{"log":"INFO [03-25|04:16:04.894] Imported new chain segment               blocks=1     txs=0     mgas=0.000   elapsed=4.264ms   mgasps=0.000    number=2405204 hash=a81051…8a4f54 dirty=685.80MiB\n","stream":"stderr","time":"2020-03-25T04:16:04.894360225Z"}
{"log":"INFO [03-25|04:16:04.922] Chain reorg detected                     number=2405203 hash=2007dc…b5ac17 drop=1 dropfrom=a81051…8a4f54 add=1 addfrom=bbefab…7e607b\n","stream":"stderr","time":"2020-03-25T04:16:04.922464977Z"}
{"log":"INFO [03-25|04:16:04.922] Imported new chain segment               blocks=1     txs=0     mgas=0.000   elapsed=429.283µs mgasps=0.000    number=2405204 hash=bbefab…7e607b dirty=685.80MiB\n","stream":"stderr","time":"2020-03-25T04:16:04.92265136Z"}
{"log":"INFO [03-25|04:16:05.786] Imported new chain segment               blocks=1     txs=0     mgas=0.000   elapsed=545.992µs mgasps=0.000    number=2405204 hash=1d392e…4abb22 dirty=685.80MiB\n","stream":"stderr","time":"2020-03-25T04:16:05.78660315Z"}
{"log":"INFO [03-25|04:16:10.392] Deep froze chain segment                 blocks=4     elapsed=36.060ms  number=2315203 hash=1b17bf…f8e84b\n","stream":"stderr","time":"2020-03-25T04:16:10.39246175Z"}
{"log":"INFO [03-25|04:16:19.066] Chain reorg detected                     number=2405203 hash=2007dc…b5ac17 drop=1 dropfrom=bbefab…7e607b add=2 addfrom=00d5a7…54fda7\n","stream":"stderr","time":"2020-03-25T04:16:19.066367579Z"}
{"log":"INFO [03-25|04:16:19.066] Imported new chain segment               blocks=1     txs=1     mgas=0.096   elapsed=3.969ms   mgasps=24.164   number=2405205 hash=00d5a7…54fda7 dirty=685.81MiB\n","stream":"stderr","time":"2020-03-25T04:16:19.066864462Z"}
{"log":"INFO [03-25|04:16:22.880] Imported new chain segment               blocks=1     txs=0     mgas=0.000   elapsed=357.026µs mgasps=0.000    number=2405205 hash=61ec5c…7d1f70 dirty=685.81MiB\n","stream":"stderr","time":"2020-03-25T04:16:22.880975115Z"}
{"log":"INFO [03-25|04:16:34.077] Imported new chain segment               blocks=1     txs=1     mgas=0.433   elapsed=15.997ms  mgasps=27.082   number=2405206 hash=4117a9…746b5f dirty=685.81MiB\n","stream":"stderr","time":"2020-03-25T04:16:34.077319237Z"}
{"log":"INFO [03-25|04:16:36.799] Imported new chain segment               blocks=1     txs=1     mgas=0.433   elapsed=16.136ms  mgasps=26.848   number=2405206 hash=c68276…7dffdb dirty=685.81MiB\n","stream":"stderr","time":"2020-03-25T04:16:36.799547463Z"}
{"log":"INFO [03-25|04:16:40.562] Imported new chain segment               blocks=1     txs=1     mgas=0.433   elapsed=17.319ms  mgasps=25.015   number=2405206 hash=e76e63…31bfea dirty=685.81MiB\n","stream":"stderr","time":"2020-03-25T04:16:40.562315928Z"}
{"log":"INFO [03-25|04:16:49.859] Imported new chain segment               blocks=1     txs=1     mgas=0.096   elapsed=2.499ms   mgasps=38.367   number=2405207 hash=edf658…160727 dirty=685.83MiB\n","stream":"stderr","time":"2020-03-25T04:16:49.859461122Z"}
{"log":"INFO [03-25|04:16:52.310] Chain reorg detected                     number=2405206 hash=4117a9…746b5f drop=1 dropfrom=edf658…160727 add=1 addfrom=db78b8…559e8b\n","stream":"stderr","time":"2020-03-25T04:16:52.310475409Z"}
{"log":"INFO [03-25|04:16:52.310] Imported new chain segment               blocks=1     txs=0     mgas=0.000   elapsed=740.434µs mgasps=0.000    number=2405207 hash=db78b8…559e8b dirty=685.83MiB\n","stream":"stderr","time":"2020-03-25T04:16:52.310711526Z"}
{"log":"INFO [03-25|04:17:05.074] Chain reorg detected                     number=2405206 hash=4117a9…746b5f drop=1 dropfrom=db78b8…559e8b add=2 addfrom=5e9b41…416ec4\n","stream":"stderr","time":"2020-03-25T04:17:05.074382109Z"}
{"log":"INFO [03-25|04:17:05.075] Imported new chain segment               blocks=1     txs=2     mgas=0.676   elapsed=65.850ms  mgasps=10.268   number=2405208 hash=5e9b41…416ec4 dirty=685.83MiB\n","stream":"stderr","time":"2020-03-25T04:17:05.075249813Z"}
{"log":"INFO [03-25|04:17:05.236] Imported new chain segment               blocks=1     txs=0     mgas=0.000   elapsed=550.632µs mgasps=0.000    number=2405208 hash=cfa85b…4fae68 dirty=685.83MiB\n","stream":"stderr","time":"2020-03-25T04:17:05.237229352Z"}
{"log":"INFO [03-25|04:17:10.421] Deep froze chain segment                 blocks=4     elapsed=28.426ms  number=2315207 hash=a361ee…730472\n","stream":"stderr","time":"2020-03-25T04:17:10.421694362Z"}
{"log":"INFO [03-25|04:17:19.215] Imported new chain segment               blocks=1     txs=0     mgas=0.000   elapsed=811.797µs mgasps=0.000    number=2405209 hash=d45174…33764e dirty=685.81MiB\n","stream":"stderr","time":"2020-03-25T04:17:19.215335835Z"}
{"log":"INFO [03-25|04:17:19.873] Chain reorg detected                     number=2405208 hash=5e9b41…416ec4 drop=1 dropfrom=d45174…33764e add=1 addfrom=fcb53b…872650\n","stream":"stderr","time":"2020-03-25T04:17:19.873198328Z"}
{"log":"INFO [03-25|04:17:19.873] Imported new chain segment               blocks=1     txs=0     mgas=0.000   elapsed=1.233ms   mgasps=0.000    number=2405209 hash=fcb53b…872650 dirty=685.81MiB\n","stream":"stderr","time":"2020-03-25T04:17:19.873388428Z"}
{"log":"INFO [03-25|04:17:34.086] Imported new chain segment               blocks=1     txs=0     mgas=0.000   elapsed=8.951ms   mgasps=0.000    number=2405210 hash=ddb59b…7667a5 dirty=685.31MiB\n","stream":"stderr","time":"2020-03-25T04:17:34.086920184Z"}
{"log":"INFO [03-25|04:17:37.055] Imported new chain segment               blocks=1     txs=0     mgas=0.000   elapsed=406.71µs  mgasps=0.000    number=2405210 hash=711ca3…a959f8 dirty=685.31MiB\n","stream":"stderr","time":"2020-03-25T04:17:37.055295067Z"}
{"log":"INFO [03-25|04:17:50.451] Imported new chain segment               blocks=1     txs=4     mgas=0.287   elapsed=6.741ms   mgasps=42.616   number=2405211 hash=25d541…775a4c dirty=685.33MiB\n","stream":"stderr","time":"2020-03-25T04:17:50.451668011Z"}
{"log":"INFO [03-25|04:17:50.508] Chain reorg detected                     number=2405210 hash=ddb59b…7667a5 drop=1 dropfrom=25d541…775a4c add=1 addfrom=11eedc…89b8b7\n","stream":"stderr","time":"2020-03-25T04:17:50.508351711Z"}
{"log":"INFO [03-25|04:17:50.508] Imported new chain segment               blocks=1     txs=4     mgas=0.287   elapsed=6.217ms   mgasps=46.206   number=2405211 hash=11eedc…89b8b7 dirty=685.33MiB\n","stream":"stderr","time":"2020-03-25T04:17:50.508614312Z"}
{"log":"INFO [03-25|04:17:50.575] Imported new chain segment               blocks=1     txs=3     mgas=0.232   elapsed=5.100ms   mgasps=45.399   number=2405211 hash=a02403…6aa896 dirty=685.34MiB\n","stream":"stderr","time":"2020-03-25T04:17:50.575348961Z"}
{"log":"INFO [03-25|04:17:50.607] Chain reorg detected                     number=2405210 hash=ddb59b…7667a5 drop=1 dropfrom=11eedc…89b8b7 add=1 addfrom=106a8a…4ad34b\n","stream":"stderr","time":"2020-03-25T04:17:50.608105862Z"}
{"log":"INFO [03-25|04:17:50.608] Imported new chain segment               blocks=1     txs=3     mgas=0.232   elapsed=5.475ms   mgasps=42.288   number=2405211 hash=106a8a…4ad34b dirty=685.34MiB\n","stream":"stderr","time":"2020-03-25T04:17:50.60828098Z"}
{"log":"INFO [03-25|04:18:04.530] Imported new chain segment               blocks=1     txs=8     mgas=2.132   elapsed=24.859ms  mgasps=85.770   number=2405212 hash=03877b…8c7e57 dirty=685.47MiB\n","stream":"stderr","time":"2020-03-25T04:18:04.531101131Z"}
{"log":"INFO [03-25|04:18:10.457] Deep froze chain segment                 blocks=4     elapsed=35.979ms  number=2315211 hash=3b0066…421617\n","stream":"stderr","time":"2020-03-25T04:18:10.458068115Z"}
{"log":"INFO [03-25|04:18:19.238] Imported new chain segment               blocks=1     txs=1     mgas=0.096   elapsed=3.708ms   mgasps=25.859   number=2405213 hash=2df10a…d59b17 dirty=685.48MiB\n","stream":"stderr","time":"2020-03-25T04:18:19.238891723Z"}
{"log":"INFO [03-25|04:18:19.596] Chain reorg detected                     number=2405212 hash=03877b…8c7e57 drop=1 dropfrom=2df10a…d59b17 add=1 addfrom=cb5de1…87351f\n","stream":"stderr","time":"2020-03-25T04:18:19.59637876Z"}
{"log":"INFO [03-25|04:18:19.596] Imported new chain segment               blocks=1     txs=1     mgas=0.096   elapsed=2.231ms   mgasps=42.978   number=2405213 hash=cb5de1…87351f dirty=685.49MiB\n","stream":"stderr","time":"2020-03-25T04:18:19.596630759Z"}
{"log":"INFO [03-25|04:18:34.186] Imported new chain segment               blocks=1     txs=0     mgas=0.000   elapsed=1.121ms   mgasps=0.000    number=2405214 hash=41d3bb…e652d0 dirty=685.47MiB\n","stream":"stderr","time":"2020-03-25T04:18:34.186922411Z"}
{"log":"INFO [03-25|04:18:49.781] Imported new chain segment               blocks=1     txs=1     mgas=0.080   elapsed=2.452ms   mgasps=32.625   number=2405215 hash=8e9c66…dcb693 dirty=685.47MiB\n","stream":"stderr","time":"2020-03-25T04:18:49.781333627Z"}
{"log":"INFO [03-25|04:18:51.459] Chain reorg detected                     number=2405214 hash=41d3bb…e652d0 drop=1 dropfrom=8e9c66…dcb693 add=1 addfrom=68cedb…c6d2d8\n","stream":"stderr","time":"2020-03-25T04:18:51.459729012Z"}
{"log":"INFO [03-25|04:18:51.459] Imported new chain segment               blocks=1     txs=0     mgas=0.000   elapsed=674.582µs mgasps=0.000    number=2405215 hash=68cedb…c6d2d8 dirty=685.47MiB\n","stream":"stderr","time":"2020-03-25T04:18:51.459992064Z"}
{"log":"INFO [03-25|04:19:04.072] Imported new chain segment               blocks=1     txs=2     mgas=0.383   elapsed=8.952ms   mgasps=42.816   number=2405216 hash=2c8f83…15037a dirty=685.50MiB\n","stream":"stderr","time":"2020-03-25T04:19:04.073018174Z"}
{"log":"INFO [03-25|04:19:05.395] Imported new chain segment               blocks=1     txs=0     mgas=0.000   elapsed=390.022µs mgasps=0.000    number=2405216 hash=5b53a8…9e19ba dirty=685.50MiB\n","stream":"stderr","time":"2020-03-25T04:19:05.396145919Z"}
{"log":"INFO [03-25|04:19:10.488] Deep froze chain segment                 blocks=4     elapsed=30.459ms  number=2315215 hash=594e71…ce68e1\n","stream":"stderr","time":"2020-03-25T04:19:10.489140069Z"}
{"log":"INFO [03-25|04:19:19.191] Imported new chain segment               blocks=1     txs=0     mgas=0.000   elapsed=860.48µs  mgasps=0.000    number=2405217 hash=cd8782…30c881 dirty=685.48MiB\n","stream":"stderr","time":"2020-03-25T04:19:19.191392311Z"}
{"log":"INFO [03-25|04:19:21.524] Chain reorg detected                     number=2405216 hash=2c8f83…15037a drop=1 dropfrom=cd8782…30c881 add=1 addfrom=e60739…e09984\n","stream":"stderr","time":"2020-03-25T04:19:21.525148721Z"}
{"log":"INFO [03-25|04:19:21.525] Imported new chain segment               blocks=1     txs=1     mgas=0.023   elapsed=1.918ms   mgasps=11.843   number=2405217 hash=e60739…e09984 dirty=685.49MiB\n","stream":"stderr","time":"2020-03-25T04:19:21.525349896Z"}
{"log":"INFO [03-25|04:19:34.111] Imported new chain segment               blocks=1     txs=1     mgas=0.487   elapsed=14.986ms  mgasps=32.470   number=2405218 hash=47c19f…78a9dc dirty=685.50MiB\n","stream":"stderr","time":"2020-03-25T04:19:34.111338338Z"}
{"log":"INFO [03-25|04:19:35.156] Imported new chain segment               blocks=1     txs=1     mgas=0.023   elapsed=1.472ms   mgasps=15.434   number=2405218 hash=acc0eb…12c391 dirty=685.50MiB\n","stream":"stderr","time":"2020-03-25T04:19:35.15713068Z"}
{"log":"INFO [03-25|04:19:40.019] Imported new chain segment               blocks=1     txs=2     mgas=0.509   elapsed=18.274ms  mgasps=27.871   number=2405218 hash=3296ec…ed1bb7 dirty=685.51MiB\n","stream":"stderr","time":"2020-03-25T04:19:40.019797975Z"}
{"log":"INFO [03-25|04:19:49.599] Imported new chain segment               blocks=1     txs=0     mgas=0.000   elapsed=2.701ms   mgasps=0.000    number=2405219 hash=735224…80ac68 dirty=685.40MiB\n","stream":"stderr","time":"2020-03-25T04:19:49.599362243Z"}
{"log":"INFO [03-25|04:20:04.604] Imported new chain segment               blocks=1     txs=2     mgas=0.156   elapsed=3.059ms   mgasps=50.961   number=2405220 hash=2802dc…7b10fd dirty=685.39MiB\n","stream":"stderr","time":"2020-03-25T04:20:04.60499827Z"}
{"log":"INFO [03-25|04:20:10.513] Deep froze chain segment                 blocks=4     elapsed=24.270ms  number=2315219 hash=d61e1a…513845\n","stream":"stderr","time":"2020-03-25T04:20:10.51369017Z"}
{"log":"INFO [03-25|04:20:20.340] Imported new chain segment               blocks=1     txs=1     mgas=0.433   elapsed=13.761ms  mgasps=31.481   number=2405221 hash=2d8670…ab6646 dirty=685.40MiB\n","stream":"stderr","time":"2020-03-25T04:20:20.340351439Z"}
{"log":"INFO [03-25|04:20:21.807] Imported new chain segment               blocks=1     txs=0     mgas=0.000   elapsed=374.715µs mgasps=0.000    number=2405221 hash=a279ab…72f5a1 dirty=685.40MiB\n","stream":"stderr","time":"2020-03-25T04:20:21.807971578Z"}
{"log":"INFO [03-25|04:20:25.814] Chain reorg detected                     number=2405220 hash=2802dc…7b10fd drop=1 dropfrom=2d8670…ab6646 add=1 addfrom=278963…daafb6\n","stream":"stderr","time":"2020-03-25T04:20:25.815184817Z"}
{"log":"INFO [03-25|04:20:25.815] Imported new chain segment               blocks=1     txs=1     mgas=0.433   elapsed=14.246ms  mgasps=30.409   number=2405221 hash=278963…daafb6 dirty=685.40MiB\n","stream":"stderr","time":"2020-03-25T04:20:25.815435907Z"}
{"log":"INFO [03-25|04:20:35.079] Imported new chain segment               blocks=1     txs=1     mgas=1.181   elapsed=12.636ms  mgasps=93.475   number=2405222 hash=e68b33…e57223 dirty=685.52MiB\n","stream":"stderr","time":"2020-03-25T04:20:35.080097044Z"}
{"log":"INFO [03-25|04:20:36.818] Imported new chain segment               blocks=1     txs=4     mgas=3.472   elapsed=21.063ms  mgasps=164.829  number=2405222 hash=b22c60…f91df5 dirty=685.71MiB\n","stream":"stderr","time":"2020-03-25T04:20:36.819143553Z"}
{"log":"INFO [03-25|04:20:37.942] Imported new chain segment               blocks=1     txs=4     mgas=3.472   elapsed=18.611ms  mgasps=186.551  number=2405222 hash=5808a9…aa82f0 dirty=685.71MiB\n","stream":"stderr","time":"2020-03-25T04:20:37.942402627Z"}
{"log":"INFO [03-25|04:20:38.461] Imported new chain segment               blocks=1     txs=4     mgas=3.472   elapsed=19.271ms  mgasps=180.162  number=2405222 hash=e26a89…e9361d dirty=685.71MiB\n","stream":"stderr","time":"2020-03-25T04:20:38.461660008Z"}
{"log":"INFO [03-25|04:20:49.313] Imported new chain segment               blocks=1     txs=5     mgas=3.136   elapsed=22.529ms  mgasps=139.210  number=2405223 hash=70be8c…3fe7d0 dirty=685.73MiB\n","stream":"stderr","time":"2020-03-25T04:20:49.313320894Z"}
{"log":"INFO [03-25|04:20:49.900] Chain reorg detected                     number=2405222 hash=e68b33…e57223 drop=1 dropfrom=70be8c…3fe7d0 add=1 addfrom=104905…72d60e\n","stream":"stderr","time":"2020-03-25T04:20:49.901133744Z"}
{"log":"INFO [03-25|04:20:49.901] Imported new chain segment               blocks=1     txs=4     mgas=2.652   elapsed=12.962ms  mgasps=204.613  number=2405223 hash=104905…72d60e dirty=685.73MiB\n","stream":"stderr","time":"2020-03-25T04:20:49.90134166Z"}
{"log":"INFO [03-25|04:20:51.196] Chain reorg detected                     number=2405222 hash=e68b33…e57223 drop=1 dropfrom=104905…72d60e add=1 addfrom=62ff1d…31d13d\n","stream":"stderr","time":"2020-03-25T04:20:51.200671322Z"}
{"log":"INFO [03-25|04:20:51.196] Imported new chain segment               blocks=1     txs=4     mgas=2.652   elapsed=19.960ms  mgasps=132.871  number=2405223 hash=62ff1d…31d13d dirty=685.73MiB\n","stream":"stderr","time":"2020-03-25T04:20:51.200720643Z"}
{"log":"INFO [03-25|04:21:05.038] Chain reorg detected                     number=2405222 hash=e68b33…e57223 drop=1 dropfrom=62ff1d…31d13d add=2 addfrom=ace7b0…bcfb86\n","stream":"stderr","time":"2020-03-25T04:21:05.03859972Z"}
{"log":"INFO [03-25|04:21:05.039] Imported new chain segment               blocks=1     txs=3     mgas=0.512   elapsed=20.039ms  mgasps=25.534   number=2405224 hash=ace7b0…bcfb86 dirty=685.74MiB\n","stream":"stderr","time":"2020-03-25T04:21:05.03925295Z"}
{"log":"INFO [03-25|04:21:05.427] Imported new chain segment               blocks=1     txs=1     mgas=0.023   elapsed=1.462ms   mgasps=15.540   number=2405224 hash=fe0dab…d6c92d dirty=685.74MiB\n","stream":"stderr","time":"2020-03-25T04:21:05.427696939Z"}
{"log":"INFO [03-25|04:21:06.871] Chain reorg detected                     number=2405222 hash=e68b33…e57223 drop=2 dropfrom=ace7b0…bcfb86 add=2 addfrom=e66589…ea6102\n","stream":"stderr","time":"2020-03-25T04:21:06.871442246Z"}
{"log":"INFO [03-25|04:21:06.872] Imported new chain segment               blocks=1     txs=0     mgas=0.000   elapsed=1.578ms   mgasps=0.000    number=2405224 hash=e66589…ea6102 dirty=685.74MiB\n","stream":"stderr","time":"2020-03-25T04:21:06.872539638Z"}
{"log":"INFO [03-25|04:21:10.554] Deep froze chain segment                 blocks=4     elapsed=40.882ms  number=2315223 hash=ee53b7…1775ac\n","stream":"stderr","time":"2020-03-25T04:21:10.555039791Z"}
{"log":"INFO [03-25|04:21:19.430] Chain reorg detected                     number=2405223 hash=70be8c…3fe7d0 drop=1 dropfrom=e66589…ea6102 add=2 addfrom=d2fe60…78df36\n","stream":"stderr","time":"2020-03-25T04:21:19.430494026Z"}
{"log":"INFO [03-25|04:21:19.430] Imported new chain segment               blocks=1     txs=2     mgas=0.489   elapsed=18.166ms  mgasps=26.916   number=2405225 hash=d2fe60…78df36 dirty=685.75MiB\n","stream":"stderr","time":"2020-03-25T04:21:19.430932611Z"}
{"log":"INFO [03-25|04:21:20.447] Imported new chain segment               blocks=1     txs=0     mgas=0.000   elapsed=303.89µs  mgasps=0.000    number=2405225 hash=ad6520…fcac15 dirty=685.75MiB\n","stream":"stderr","time":"2020-03-25T04:21:20.448077398Z"}
{"log":"INFO [03-25|04:21:34.046] Imported new chain segment               blocks=1     txs=0     mgas=0.000   elapsed=585.75µs  mgasps=0.000    number=2405226 hash=b673ee…816929 dirty=685.74MiB\n","stream":"stderr","time":"2020-03-25T04:21:34.046467424Z"}
{"log":"INFO [03-25|04:21:37.457] Imported new chain segment               blocks=1     txs=0     mgas=0.000   elapsed=395.221µs mgasps=0.000    number=2405226 hash=fdbd14…3395e7 dirty=685.74MiB\n","stream":"stderr","time":"2020-03-25T04:21:37.457564485Z"}
{"log":"INFO [03-25|04:21:49.114] Imported new chain segment               blocks=1     txs=0     mgas=0.000   elapsed=722.617µs mgasps=0.000    number=2405227 hash=54dc1f…e83782 dirty=685.72MiB\n","stream":"stderr","time":"2020-03-25T04:21:49.11493669Z"}
{"log":"INFO [03-25|04:21:52.622] Imported new chain segment               blocks=1     txs=0     mgas=0.000   elapsed=504.57µs  mgasps=0.000    number=2405227 hash=bcdddb…407c98 dirty=685.72MiB\n","stream":"stderr","time":"2020-03-25T04:21:52.622337813Z"}
{"log":"INFO [03-25|04:22:04.206] Imported new chain segment               blocks=1     txs=1     mgas=0.433   elapsed=17.669ms  mgasps=24.519   number=2405228 hash=f559b4…a60d1d dirty=685.72MiB\n","stream":"stderr","time":"2020-03-25T04:22:04.206810773Z"}
{"log":"INFO [03-25|04:22:07.807] Chain reorg detected                     number=2405227 hash=54dc1f…e83782 drop=1 dropfrom=f559b4…a60d1d add=1 addfrom=019647…08c797\n","stream":"stderr","time":"2020-03-25T04:22:07.808082076Z"}
{"log":"INFO [03-25|04:22:07.808] Imported new chain segment               blocks=1     txs=1     mgas=0.433   elapsed=17.254ms  mgasps=25.109   number=2405228 hash=019647…08c797 dirty=685.72MiB\n","stream":"stderr","time":"2020-03-25T04:22:07.808425083Z"}
{"log":"INFO [03-25|04:22:07.854] Chain reorg detected                     number=2405227 hash=54dc1f…e83782 drop=1 dropfrom=019647…08c797 add=1 addfrom=e80ac9…581c7b\n","stream":"stderr","time":"2020-03-25T04:22:07.854281468Z"}
{"log":"INFO [03-25|04:22:07.854] Imported new chain segment               blocks=1     txs=0     mgas=0.000   elapsed=528.981µs mgasps=0.000    number=2405228 hash=e80ac9…581c7b dirty=685.72MiB\n","stream":"stderr","time":"2020-03-25T04:22:07.854448394Z"}
{"log":"INFO [03-25|04:22:09.689] Chain reorg detected                     number=2405227 hash=54dc1f…e83782 drop=1 dropfrom=e80ac9…581c7b add=1 addfrom=270f1b…4a7164\n","stream":"stderr","time":"2020-03-25T04:22:09.689676386Z"}
{"log":"INFO [03-25|04:22:09.689] Imported new chain segment               blocks=1     txs=1     mgas=0.433   elapsed=17.160ms  mgasps=25.246   number=2405228 hash=270f1b…4a7164 dirty=685.73MiB\n","stream":"stderr","time":"2020-03-25T04:22:09.689896438Z"}
{"log":"INFO [03-25|04:22:10.582] Deep froze chain segment                 blocks=4     elapsed=27.500ms  number=2315227 hash=1079ca…3f6c09\n","stream":"stderr","time":"2020-03-25T04:22:10.582998727Z"}
{"log":"INFO [03-25|04:22:19.959] Chain reorg detected                     number=2405227 hash=54dc1f…e83782 drop=1 dropfrom=270f1b…4a7164 add=2 addfrom=94be74…b1352f\n","stream":"stderr","time":"2020-03-25T04:22:19.96123222Z"}
{"log":"INFO [03-25|04:22:19.959] Imported new chain segment               blocks=1     txs=0     mgas=0.000   elapsed=1.180ms   mgasps=0.000    number=2405229 hash=94be74…b1352f dirty=685.73MiB\n","stream":"stderr","time":"2020-03-25T04:22:19.961331496Z"}
{"log":"INFO [03-25|04:22:19.967] Imported new chain segment               blocks=1     txs=0     mgas=0.000   elapsed=389.306µs mgasps=0.000    number=2405229 hash=7d1e8f…9a1e3d dirty=685.73MiB\n","stream":"stderr","time":"2020-03-25T04:22:19.967904377Z"}
{"log":"INFO [03-25|04:22:34.416] Imported new chain segment               blocks=1     txs=1     mgas=0.433   elapsed=16.263ms  mgasps=26.639   number=2405230 hash=172bde…1d1c05 dirty=685.51MiB\n","stream":"stderr","time":"2020-03-25T04:22:34.416928773Z"}
{"log":"INFO [03-25|04:22:40.106] Imported new chain segment               blocks=1     txs=1     mgas=0.433   elapsed=16.738ms  mgasps=25.883   number=2405230 hash=56ebb3…fc17ad dirty=685.51MiB\n","stream":"stderr","time":"2020-03-25T04:22:40.106876201Z"}
{"log":"INFO [03-25|04:22:49.088] Imported new chain segment               blocks=1     txs=0     mgas=0.000   elapsed=2.139ms   mgasps=0.000    number=2405231 hash=ca509b…cb3db5 dirty=685.41MiB\n","stream":"stderr","time":"2020-03-25T04:22:49.089150403Z"}
{"log":"INFO [03-25|04:23:04.114] Imported new chain segment               blocks=1     txs=0     mgas=0.000   elapsed=1.368ms   mgasps=0.000    number=2405232 hash=d5c7a2…4e4c45 dirty=685.35MiB\n","stream":"stderr","time":"2020-03-25T04:23:04.11495986Z"}
{"log":"INFO [03-25|04:23:10.610] Deep froze chain segment                 blocks=4     elapsed=26.985ms  number=2315231 hash=3c810d…5044fa\n","stream":"stderr","time":"2020-03-25T04:23:10.61063802Z"}
{"log":"INFO [03-25|04:23:19.789] Imported new chain segment               blocks=1     txs=2     mgas=0.135   elapsed=4.114ms   mgasps=32.879   number=2405233 hash=bef800…81d76f dirty=685.35MiB\n","stream":"stderr","time":"2020-03-25T04:23:19.789863779Z"}
{"log":"INFO [03-25|04:23:34.121] Imported new chain segment               blocks=1     txs=0     mgas=0.000   elapsed=1.760ms   mgasps=0.000    number=2405234 hash=f324e3…9d9e35 dirty=685.32MiB\n","stream":"stderr","time":"2020-03-25T04:23:34.12171149Z"}
{"log":"INFO [03-25|04:23:49.304] Imported new chain segment               blocks=1     txs=0     mgas=0.000   elapsed=772.718µs mgasps=0.000    number=2405235 hash=22f2df…c7423d dirty=685.30MiB\n","stream":"stderr","time":"2020-03-25T04:23:49.305092368Z"}
{"log":"INFO [03-25|04:23:52.382] Imported new chain segment               blocks=1     txs=0     mgas=0.000   elapsed=348.726µs mgasps=0.000    number=2405235 hash=6fc508…5ad967 dirty=685.30MiB\n","stream":"stderr","time":"2020-03-25T04:23:52.383428462Z"}
{"log":"INFO [03-25|04:24:04.765] Imported new chain segment               blocks=1     txs=0     mgas=0.000   elapsed=517.521µs mgasps=0.000    number=2405236 hash=831f23…cc89e3 dirty=685.30MiB\n","stream":"stderr","time":"2020-03-25T04:24:04.765334228Z"}
{"log":"INFO [03-25|04:24:06.534] Chain reorg detected                     number=2405235 hash=22f2df…c7423d drop=1 dropfrom=831f23…cc89e3 add=1 addfrom=35fe49…dcaee6\n","stream":"stderr","time":"2020-03-25T04:24:06.53478455Z"}
{"log":"INFO [03-25|04:24:06.534] Imported new chain segment               blocks=1     txs=0     mgas=0.000   elapsed=680.635µs mgasps=0.000    number=2405236 hash=35fe49…dcaee6 dirty=685.30MiB\n","stream":"stderr","time":"2020-03-25T04:24:06.535009132Z"}
{"log":"INFO [03-25|04:24:10.649] Deep froze chain segment                 blocks=4     elapsed=38.163ms  number=2315235 hash=652c34…6f4846\n","stream":"stderr","time":"2020-03-25T04:24:10.649444677Z"}
{"log":"INFO [03-25|04:24:19.082] Chain reorg detected                     number=2405235 hash=22f2df…c7423d drop=1 dropfrom=35fe49…dcaee6 add=2 addfrom=c23042…71a0b9\n","stream":"stderr","time":"2020-03-25T04:24:19.082478924Z"}
{"log":"INFO [03-25|04:24:19.082] Imported new chain segment               blocks=1     txs=1     mgas=0.056   elapsed=2.859ms   mgasps=19.488   number=2405237 hash=c23042…71a0b9 dirty=685.30MiB\n","stream":"stderr","time":"2020-03-25T04:24:19.0828064Z"}
{"log":"INFO [03-25|04:24:20.099] Imported new chain segment               blocks=1     txs=1     mgas=0.056   elapsed=1.809ms   mgasps=30.799   number=2405237 hash=6fa61c…d1727c dirty=685.30MiB\n","stream":"stderr","time":"2020-03-25T04:24:20.099830771Z"}
{"log":"INFO [03-25|04:24:21.061] Imported new chain segment               blocks=1     txs=1     mgas=0.056   elapsed=1.773ms   mgasps=31.424   number=2405237 hash=55f8d1…db1083 dirty=685.30MiB\n","stream":"stderr","time":"2020-03-25T04:24:21.062122926Z"}
{"log":"INFO [03-25|04:24:21.075] Imported new chain segment               blocks=1     txs=0     mgas=0.000   elapsed=370.349µs mgasps=0.000    number=2405237 hash=a9104a…ae5d2b dirty=685.30MiB\n","stream":"stderr","time":"2020-03-25T04:24:21.075711309Z"}
{"log":"INFO [03-25|04:24:34.756] Imported new chain segment               blocks=1     txs=0     mgas=0.000   elapsed=1.357ms   mgasps=0.000    number=2405238 hash=2d7614…3824dd dirty=685.29MiB\n","stream":"stderr","time":"2020-03-25T04:24:34.757017954Z"}
{"log":"INFO [03-25|04:24:36.217] Chain reorg detected                     number=2405237 hash=c23042…71a0b9 drop=1 dropfrom=2d7614…3824dd add=1 addfrom=7b9ddf…ec081b\n","stream":"stderr","time":"2020-03-25T04:24:36.217213187Z"}
{"log":"INFO [03-25|04:24:36.217] Imported new chain segment               blocks=1     txs=1     mgas=0.487   elapsed=14.201ms  mgasps=34.267   number=2405238 hash=7b9ddf…ec081b dirty=685.31MiB\n","stream":"stderr","time":"2020-03-25T04:24:36.217352743Z"}
{"log":"INFO [03-25|04:24:36.759] Imported new chain segment               blocks=1     txs=0     mgas=0.000   elapsed=348.751µs mgasps=0.000    number=2405238 hash=4dbc62…0ed2e3 dirty=685.31MiB\n","stream":"stderr","time":"2020-03-25T04:24:36.759932304Z"}
{"log":"INFO [03-25|04:24:49.473] Chain reorg detected                     number=2405237 hash=c23042…71a0b9 drop=1 dropfrom=7b9ddf…ec081b add=2 addfrom=792bb0…0213a5\n","stream":"stderr","time":"2020-03-25T04:24:49.473699575Z"}
{"log":"INFO [03-25|04:24:49.473] Imported new chain segment               blocks=1     txs=1     mgas=0.487   elapsed=17.396ms  mgasps=27.974   number=2405239 hash=792bb0…0213a5 dirty=685.30MiB\n","stream":"stderr","time":"2020-03-25T04:24:49.473981783Z"}
{"log":"INFO [03-25|04:24:49.973] Chain reorg detected                     number=2405237 hash=c23042…71a0b9 drop=2 dropfrom=792bb0…0213a5 add=2 addfrom=2c83a2…d62fb2\n","stream":"stderr","time":"2020-03-25T04:24:49.973444195Z"}
{"log":"INFO [03-25|04:24:49.973] Imported new chain segment               blocks=1     txs=1     mgas=0.487   elapsed=17.331ms  mgasps=28.079   number=2405239 hash=2c83a2…d62fb2 dirty=685.31MiB\n","stream":"stderr","time":"2020-03-25T04:24:49.973738166Z"}
{"log":"INFO [03-25|04:24:52.048] Imported new chain segment               blocks=1     txs=1     mgas=0.487   elapsed=16.880ms  mgasps=28.829   number=2405239 hash=2f9f01…2be8c7 dirty=685.31MiB\n","stream":"stderr","time":"2020-03-25T04:24:52.048586627Z"}
{"log":"INFO [03-25|04:24:55.467] Imported new chain segment               blocks=1     txs=1     mgas=0.487   elapsed=13.405ms  mgasps=36.303   number=2405239 hash=0182e9…41da14 dirty=685.31MiB\n","stream":"stderr","time":"2020-03-25T04:24:55.467659148Z"}
{"log":"INFO [03-25|04:25:05.870] Imported new chain segment               blocks=1     txs=1     mgas=0.096   elapsed=2.494ms   mgasps=38.440   number=2405240 hash=0f86c3…3be9ce dirty=685.32MiB\n","stream":"stderr","time":"2020-03-25T04:25:05.87035516Z"}
{"log":"INFO [03-25|04:25:05.910] Imported new chain segment               blocks=1     txs=1     mgas=0.096   elapsed=2.086ms   mgasps=45.959   number=2405240 hash=5db3a7…49e416 dirty=685.33MiB\n","stream":"stderr","time":"2020-03-25T04:25:05.91074598Z"}
{"log":"INFO [03-25|04:25:06.963] Chain reorg detected                     number=2405239 hash=2c83a2…d62fb2 drop=1 dropfrom=0f86c3…3be9ce add=1 addfrom=5b5879…37d1aa\n","stream":"stderr","time":"2020-03-25T04:25:06.964168298Z"}
{"log":"INFO [03-25|04:25:06.965] Imported new chain segment               blocks=1     txs=1     mgas=0.096   elapsed=3.852ms   mgasps=24.892   number=2405240 hash=5b5879…37d1aa dirty=685.33MiB\n","stream":"stderr","time":"2020-03-25T04:25:06.965599456Z"}
{"log":"INFO [03-25|04:25:10.687] Deep froze chain segment                 blocks=4     elapsed=37.774ms  number=2315239 hash=22f28e…405158\n","stream":"stderr","time":"2020-03-25T04:25:10.687634375Z"}
{"log":"INFO [03-25|04:25:19.110] Chain reorg detected                     number=2405239 hash=2c83a2…d62fb2 drop=1 dropfrom=5b5879…37d1aa add=2 addfrom=42c411…a9f19d\n","stream":"stderr","time":"2020-03-25T04:25:19.110282685Z"}
{"log":"INFO [03-25|04:25:19.110] Imported new chain segment               blocks=1     txs=0     mgas=0.000   elapsed=855.076µs mgasps=0.000    number=2405241 hash=42c411…a9f19d dirty=685.33MiB\n","stream":"stderr","time":"2020-03-25T04:25:19.110709225Z"}
{"log":"INFO [03-25|04:25:34.495] Imported new chain segment               blocks=1     txs=6     mgas=2.171   elapsed=40.432ms  mgasps=53.684   number=2405242 hash=e077d1…df0c1e dirty=685.43MiB\n","stream":"stderr","time":"2020-03-25T04:25:34.497789394Z"}
{"log":"INFO [03-25|04:25:36.717] Imported new chain segment               blocks=1     txs=1     mgas=0.433   elapsed=15.737ms  mgasps=27.527   number=2405242 hash=c9a2b1…649022 dirty=685.44MiB\n","stream":"stderr","time":"2020-03-25T04:25:36.7174771Z"}
{"log":"INFO [03-25|04:25:49.376] Imported new chain segment               blocks=1     txs=0     mgas=0.000   elapsed=618.204µs mgasps=0.000    number=2405243 hash=69feae…0ba721 dirty=685.43MiB\n","stream":"stderr","time":"2020-03-25T04:25:49.376890728Z"}
{"log":"INFO [03-25|04:26:05.025] Imported new chain segment               blocks=1     txs=1     mgas=0.433   elapsed=15.213ms  mgasps=28.475   number=2405244 hash=36124f…828e39 dirty=685.45MiB\n","stream":"stderr","time":"2020-03-25T04:26:05.02610241Z"}
{"log":"INFO [03-25|04:26:05.456] Chain reorg detected                     number=2405243 hash=69feae…0ba721 drop=1 dropfrom=36124f…828e39 add=1 addfrom=620255…c88d0f\n","stream":"stderr","time":"2020-03-25T04:26:05.457004072Z"}
{"log":"INFO [03-25|04:26:05.457] Imported new chain segment               blocks=1     txs=1     mgas=0.433   elapsed=17.036ms  mgasps=25.428   number=2405244 hash=620255…c88d0f dirty=685.45MiB\n","stream":"stderr","time":"2020-03-25T04:26:05.457211616Z"}
{"log":"INFO [03-25|04:26:10.722] Deep froze chain segment                 blocks=4     elapsed=34.960ms  number=2315243 hash=c2a80d…3de476\n","stream":"stderr","time":"2020-03-25T04:26:10.722956466Z"}
{"log":"INFO [03-25|04:26:19.061] Chain reorg detected                     number=2405243 hash=69feae…0ba721 drop=1 dropfrom=620255…c88d0f add=2 addfrom=6c03a2…236cdb\n","stream":"stderr","time":"2020-03-25T04:26:19.0615719Z"}
{"log":"INFO [03-25|04:26:19.061] Imported new chain segment               blocks=1     txs=1     mgas=0.096   elapsed=3.684ms   mgasps=26.031   number=2405245 hash=6c03a2…236cdb dirty=685.47MiB\n","stream":"stderr","time":"2020-03-25T04:26:19.061974168Z"}
{"log":"INFO [03-25|04:26:20.198] Imported new chain segment               blocks=1     txs=0     mgas=0.000   elapsed=376.506µs mgasps=0.000    number=2405245 hash=5d6756…bd1cad dirty=685.47MiB\n","stream":"stderr","time":"2020-03-25T04:26:20.198921365Z"}
{"log":"INFO [03-25|04:26:35.937] Imported new chain segment               blocks=1     txs=0     mgas=0.000   elapsed=835.689µs mgasps=0.000    number=2405246 hash=9aa6df…c07e9b dirty=685.44MiB\n","stream":"stderr","time":"2020-03-25T04:26:35.937916215Z"}
{"log":"INFO [03-25|04:26:37.712] Imported new chain segment               blocks=1     txs=0     mgas=0.000   elapsed=285.721µs mgasps=0.000    number=2405246 hash=dd2d67…ccbb25 dirty=685.44MiB\n","stream":"stderr","time":"2020-03-25T04:26:37.712459649Z"}
{"log":"INFO [03-25|04:26:49.106] Imported new chain segment               blocks=1     txs=2     mgas=0.559   elapsed=20.099ms  mgasps=27.825   number=2405247 hash=212580…23b3f1 dirty=685.48MiB\n","stream":"stderr","time":"2020-03-25T04:26:49.106263838Z"}
{"log":"INFO [03-25|04:26:50.805] Imported new chain segment               blocks=1     txs=2     mgas=0.559   elapsed=18.256ms  mgasps=30.634   number=2405247 hash=815f02…b287b9 dirty=685.48MiB\n","stream":"stderr","time":"2020-03-25T04:26:50.805229564Z"}
{"log":"INFO [03-25|04:26:50.849] Imported new chain segment               blocks=1     txs=1     mgas=0.433   elapsed=18.084ms  mgasps=23.957   number=2405247 hash=937919…1890c8 dirty=685.49MiB\n","stream":"stderr","time":"2020-03-25T04:26:50.849325983Z"}
{"log":"INFO [03-25|04:27:04.077] Imported new chain segment               blocks=1     txs=0     mgas=0.000   elapsed=1.298ms   mgasps=0.000    number=2405248 hash=27be15…332f69 dirty=685.46MiB\n","stream":"stderr","time":"2020-03-25T04:27:04.077819945Z"}
{"log":"INFO [03-25|04:27:05.212] Imported new chain segment               blocks=1     txs=0     mgas=0.000   elapsed=349.335µs mgasps=0.000    number=2405248 hash=fbb95c…6894b7 dirty=685.46MiB\n","stream":"stderr","time":"2020-03-25T04:27:05.21231201Z"}
{"log":"INFO [03-25|04:27:10.763] Deep froze chain segment                 blocks=4     elapsed=40.323ms  number=2315247 hash=69be93…d2ce4c\n","stream":"stderr","time":"2020-03-25T04:27:10.763898446Z"}
{"log":"INFO [03-25|04:27:19.305] Imported new chain segment               blocks=1     txs=1     mgas=0.433   elapsed=18.910ms  mgasps=22.910   number=2405249 hash=194ffe…2634f7 dirty=685.40MiB\n","stream":"stderr","time":"2020-03-25T04:27:19.305961548Z"}
{"log":"INFO [03-25|04:27:19.962] Chain reorg detected                     number=2405248 hash=27be15…332f69 drop=1 dropfrom=194ffe…2634f7 add=1 addfrom=7c6333…e65042\n","stream":"stderr","time":"2020-03-25T04:27:19.962162559Z"}
{"log":"INFO [03-25|04:27:19.962] Imported new chain segment               blocks=1     txs=0     mgas=0.000   elapsed=693.14µs  mgasps=0.000    number=2405249 hash=7c6333…e65042 dirty=685.40MiB\n","stream":"stderr","time":"2020-03-25T04:27:19.962466933Z"}
{"log":"INFO [03-25|04:27:26.381] Imported new chain segment               blocks=1     txs=2     mgas=0.489   elapsed=22.242ms  mgasps=21.983   number=2405249 hash=a28a3e…3377a2 dirty=685.41MiB\n","stream":"stderr","time":"2020-03-25T04:27:26.381478558Z"}
{"log":"INFO [03-25|04:27:34.468] Imported new chain segment               blocks=1     txs=2     mgas=0.489   elapsed=22.637ms  mgasps=21.600   number=2405250 hash=0c9478…0095dc dirty=685.38MiB\n","stream":"stderr","time":"2020-03-25T04:27:34.468899546Z"}
{"log":"INFO [03-25|04:27:35.823] Imported new chain segment               blocks=1     txs=1     mgas=0.056   elapsed=1.436ms   mgasps=38.790   number=2405250 hash=ff52e7…2bbba2 dirty=685.38MiB\n","stream":"stderr","time":"2020-03-25T04:27:35.82417751Z"}
{"log":"INFO [03-25|04:27:40.544] Imported new chain segment               blocks=1     txs=2     mgas=0.489   elapsed=13.562ms  mgasps=36.052   number=2405250 hash=e5ea6d…e85674 dirty=685.38MiB\n","stream":"stderr","time":"2020-03-25T04:27:40.544507419Z"}
{"log":"INFO [03-25|04:27:49.567] Imported new chain segment               blocks=1     txs=1     mgas=0.433   elapsed=17.298ms  mgasps=25.046   number=2405251 hash=a0b5b5…997f64 dirty=685.40MiB\n","stream":"stderr","time":"2020-03-25T04:27:49.568163921Z"}
{"log":"INFO [03-25|04:27:49.693] Imported new chain segment               blocks=1     txs=1     mgas=0.433   elapsed=12.658ms  mgasps=34.226   number=2405251 hash=f3074d…15dc39 dirty=685.40MiB\n","stream":"stderr","time":"2020-03-25T04:27:49.69357158Z"}
{"log":"INFO [03-25|04:27:54.595] Chain reorg detected                     number=2405250 hash=0c9478…0095dc drop=1 dropfrom=a0b5b5…997f64 add=1 addfrom=69380f…72da40\n","stream":"stderr","time":"2020-03-25T04:27:54.595949534Z"}
{"log":"INFO [03-25|04:27:54.596] Imported new chain segment               blocks=1     txs=1     mgas=0.433   elapsed=14.271ms  mgasps=30.357   number=2405251 hash=69380f…72da40 dirty=685.40MiB\n","stream":"stderr","time":"2020-03-25T04:27:54.596200282Z"}
{"log":"INFO [03-25|04:28:04.341] Imported new chain segment               blocks=1     txs=5     mgas=1.986   elapsed=17.088ms  mgasps=116.217  number=2405252 hash=dd6651…6fb3fe dirty=685.53MiB\n","stream":"stderr","time":"2020-03-25T04:28:04.342107516Z"}
{"log":"INFO [03-25|04:28:04.477] Chain reorg detected                     number=2405251 hash=69380f…72da40 drop=1 dropfrom=dd6651…6fb3fe add=1 addfrom=3e652d…829543\n","stream":"stderr","time":"2020-03-25T04:28:04.478141547Z"}
{"log":"INFO [03-25|04:28:04.478] Imported new chain segment               blocks=1     txs=1     mgas=0.493   elapsed=6.108ms   mgasps=80.734   number=2405252 hash=3e652d…829543 dirty=685.56MiB\n","stream":"stderr","time":"2020-03-25T04:28:04.478454457Z"}
{"log":"INFO [03-25|04:28:06.175] Imported new chain segment               blocks=1     txs=5     mgas=1.986   elapsed=19.498ms  mgasps=101.852  number=2405252 hash=1f9bf1…3dbf96 dirty=685.57MiB\n","stream":"stderr","time":"2020-03-25T04:28:06.176149464Z"}
{"log":"INFO [03-25|04:28:07.094] Imported new chain segment               blocks=1     txs=5     mgas=1.986   elapsed=15.480ms  mgasps=128.283  number=2405252 hash=78a55b…68f57c dirty=685.57MiB\n","stream":"stderr","time":"2020-03-25T04:28:07.095156736Z"}
{"log":"INFO [03-25|04:28:10.785] Deep froze chain segment                 blocks=4     elapsed=21.307ms  number=2315251 hash=8bd757…fb75f6\n","stream":"stderr","time":"2020-03-25T04:28:10.785862535Z"}
{"log":"INFO [03-25|04:28:19.891] Imported new chain segment               blocks=1     txs=4     mgas=1.493   elapsed=17.090ms  mgasps=87.344   number=2405253 hash=e6eb07…375817 dirty=685.55MiB\n","stream":"stderr","time":"2020-03-25T04:28:19.891545509Z"}
{"log":"INFO [03-25|04:28:20.429] Imported new chain segment               blocks=1     txs=4     mgas=1.493   elapsed=12.782ms  mgasps=116.777  number=2405253 hash=875310…30d9d7 dirty=685.56MiB\n","stream":"stderr","time":"2020-03-25T04:28:20.430080668Z"}
{"log":"INFO [03-25|04:28:34.118] Imported new chain segment               blocks=1     txs=0     mgas=0.000   elapsed=817.065µs mgasps=0.000    number=2405254 hash=59585a…dfdf0b dirty=685.54MiB\n","stream":"stderr","time":"2020-03-25T04:28:34.118450632Z"}
{"log":"INFO [03-25|04:28:49.068] Imported new chain segment               blocks=1     txs=1     mgas=0.021   elapsed=1.542ms   mgasps=13.613   number=2405255 hash=4a90d8…af5b8f dirty=685.54MiB\n","stream":"stderr","time":"2020-03-25T04:28:49.068276721Z"}
{"log":"INFO [03-25|04:28:49.338] Imported new chain segment               blocks=1     txs=2     mgas=0.117   elapsed=2.512ms   mgasps=46.538   number=2405255 hash=99657a…899cdb dirty=685.56MiB\n","stream":"stderr","time":"2020-03-25T04:28:49.338641986Z"}
{"log":"INFO [03-25|04:28:52.861] Imported new chain segment               blocks=1     txs=1     mgas=0.021   elapsed=1.429ms   mgasps=14.690   number=2405255 hash=2e1780…af5625 dirty=685.57MiB\n","stream":"stderr","time":"2020-03-25T04:28:52.861916207Z"}
{"log":"INFO [03-25|04:28:52.896] Imported new chain segment               blocks=1     txs=0     mgas=0.000   elapsed=398.458µs mgasps=0.000    number=2405255 hash=07ef37…d9094d dirty=685.57MiB\n","stream":"stderr","time":"2020-03-25T04:28:52.896443172Z"}
{"log":"INFO [03-25|04:29:04.080] Imported new chain segment               blocks=1     txs=2     mgas=0.339   elapsed=6.006ms   mgasps=56.404   number=2405256 hash=db5ced…f923ce dirty=685.57MiB\n","stream":"stderr","time":"2020-03-25T04:29:04.081038174Z"}
{"log":"INFO [03-25|04:29:07.808] Imported new chain segment               blocks=1     txs=1     mgas=0.096   elapsed=1.992ms   mgasps=48.136   number=2405256 hash=5f07b9…bc9efa dirty=685.57MiB\n","stream":"stderr","time":"2020-03-25T04:29:07.808240884Z"}
{"log":"INFO [03-25|04:29:10.821] Deep froze chain segment                 blocks=4     elapsed=35.331ms  number=2315255 hash=c958e3…b5112f\n","stream":"stderr","time":"2020-03-25T04:29:10.82158274Z"}
{"log":"INFO [03-25|04:29:20.030] Imported new chain segment               blocks=1     txs=0     mgas=0.000   elapsed=992.114µs mgasps=0.000    number=2405257 hash=90703e…d0ee39 dirty=685.56MiB\n","stream":"stderr","time":"2020-03-25T04:29:20.031137849Z"}
{"log":"INFO [03-25|04:29:22.754] Imported new chain segment               blocks=1     txs=0     mgas=0.000   elapsed=321.294µs mgasps=0.000    number=2405257 hash=739cae…bf8d0f dirty=685.56MiB\n","stream":"stderr","time":"2020-03-25T04:29:22.754875771Z"}
{"log":"INFO [03-25|04:29:34.120] Imported new chain segment               blocks=1     txs=3     mgas=0.699   elapsed=20.561ms  mgasps=33.987   number=2405258 hash=4d3fb2…291ed9 dirty=685.61MiB\n","stream":"stderr","time":"2020-03-25T04:29:34.121106481Z"}
{"log":"INFO [03-25|04:29:37.059] Imported new chain segment               blocks=1     txs=0     mgas=0.000   elapsed=407.531µs mgasps=0.000    number=2405258 hash=5f060b…3e2e23 dirty=685.61MiB\n","stream":"stderr","time":"2020-03-25T04:29:37.059487837Z"}
{"log":"INFO [03-25|04:29:40.089] Imported new chain segment               blocks=1     txs=3     mgas=0.699   elapsed=20.316ms  mgasps=34.398   number=2405258 hash=46af5d…4d596d dirty=685.62MiB\n","stream":"stderr","time":"2020-03-25T04:29:40.089611503Z"}
{"log":"INFO [03-25|04:29:49.934] Imported new chain segment               blocks=1     txs=0     mgas=0.000   elapsed=1.221ms   mgasps=0.000    number=2405259 hash=26e047…490251 dirty=685.58MiB\n","stream":"stderr","time":"2020-03-25T04:29:49.93432956Z"}
{"log":"INFO [03-25|04:29:49.950] Imported new chain segment               blocks=1     txs=0     mgas=0.000   elapsed=452.293µs mgasps=0.000    number=2405259 hash=bd18d1…b15f7d dirty=685.58MiB\n","stream":"stderr","time":"2020-03-25T04:29:49.950996887Z"}
{"log":"INFO [03-25|04:30:04.908] Imported new chain segment               blocks=1     txs=0     mgas=0.000   elapsed=2.136ms   mgasps=0.000    number=2405260 hash=b71614…192055 dirty=685.46MiB\n","stream":"stderr","time":"2020-03-25T04:30:04.908269481Z"}
{"log":"INFO [03-25|04:30:05.225] Imported new chain segment               blocks=1     txs=0     mgas=0.000   elapsed=665.411µs mgasps=0.000    number=2405260 hash=0e1726…495720 dirty=685.46MiB\n","stream":"stderr","time":"2020-03-25T04:30:05.225914186Z"}
{"log":"INFO [03-25|04:30:10.853] Deep froze chain segment                 blocks=4     elapsed=31.727ms  number=2315259 hash=237370…bd3725\n","stream":"stderr","time":"2020-03-25T04:30:10.853680275Z"}
{"log":"INFO [03-25|04:30:21.437] Chain reorg detected                     number=2405259 hash=26e047…490251 drop=1 dropfrom=b71614…192055 add=2 addfrom=80f429…4a41c5\n","stream":"stderr","time":"2020-03-25T04:30:21.437963187Z"}
{"log":"INFO [03-25|04:30:21.438] Imported new chain segment               blocks=1     txs=2     mgas=4.238   elapsed=43.276ms  mgasps=97.922   number=2405261 hash=80f429…4a41c5 dirty=685.88MiB\n","stream":"stderr","time":"2020-03-25T04:30:21.438321477Z"}
{"log":"INFO [03-25|04:30:21.467] Imported new chain segment               blocks=1     txs=2     mgas=0.529   elapsed=16.951ms  mgasps=31.215   number=2405261 hash=73233a…ea6e72 dirty=685.90MiB\n","stream":"stderr","time":"2020-03-25T04:30:21.467585917Z"}
{"log":"INFO [03-25|04:30:22.109] Chain reorg detected                     number=2405260 hash=0e1726…495720 drop=1 dropfrom=80f429…4a41c5 add=1 addfrom=a29e79…2b3a03\n","stream":"stderr","time":"2020-03-25T04:30:22.109478669Z"}
{"log":"INFO [03-25|04:30:22.109] Imported new chain segment               blocks=1     txs=2     mgas=4.238   elapsed=20.904ms  mgasps=202.716  number=2405261 hash=a29e79…2b3a03 dirty=685.90MiB\n","stream":"stderr","time":"2020-03-25T04:30:22.109679921Z"}
{"log":"INFO [03-25|04:30:24.068] Chain reorg detected                     number=2405260 hash=0e1726…495720 drop=1 dropfrom=a29e79…2b3a03 add=1 addfrom=fb798a…8f313c\n","stream":"stderr","time":"2020-03-25T04:30:24.069069237Z"}
{"log":"INFO [03-25|04:30:24.069] Imported new chain segment               blocks=1     txs=2     mgas=0.529   elapsed=22.535ms  mgasps=23.480   number=2405261 hash=fb798a…8f313c dirty=685.90MiB\n","stream":"stderr","time":"2020-03-25T04:30:24.069396942Z"}
{"log":"INFO [03-25|04:30:34.113] Imported new chain segment               blocks=1     txs=4     mgas=3.364   elapsed=22.037ms  mgasps=152.630  number=2405262 hash=72ab22…a42c0b dirty=686.17MiB\n","stream":"stderr","time":"2020-03-25T04:30:34.113697367Z"}
{"log":"INFO [03-25|04:30:34.464] Chain reorg detected                     number=2405261 hash=fb798a…8f313c drop=1 dropfrom=72ab22…a42c0b add=1 addfrom=cfca96…73a84d\n","stream":"stderr","time":"2020-03-25T04:30:34.464800505Z"}
{"log":"INFO [03-25|04:30:34.465] Imported new chain segment               blocks=1     txs=5     mgas=7.234   elapsed=39.131ms  mgasps=184.858  number=2405262 hash=cfca96…73a84d dirty=686.19MiB\n","stream":"stderr","time":"2020-03-25T04:30:34.46513806Z"}
{"log":"INFO [03-25|04:30:35.413] Imported new chain segment               blocks=1     txs=1     mgas=0.096   elapsed=2.830ms   mgasps=33.879   number=2405262 hash=57496e…569585 dirty=686.19MiB\n","stream":"stderr","time":"2020-03-25T04:30:35.413703107Z"}
{"log":"INFO [03-25|04:30:49.318] Chain reorg detected                     number=2405261 hash=fb798a…8f313c drop=1 dropfrom=cfca96…73a84d add=2 addfrom=9be0df…715aa9\n","stream":"stderr","time":"2020-03-25T04:30:49.319018764Z"}
{"log":"INFO [03-25|04:30:49.319] Imported new chain segment               blocks=1     txs=1     mgas=3.804   elapsed=16.386ms  mgasps=232.169  number=2405263 hash=9be0df…715aa9 dirty=686.19MiB\n","stream":"stderr","time":"2020-03-25T04:30:49.319466429Z"}
{"log":"INFO [03-25|04:30:49.994] Imported new chain segment               blocks=1     txs=2     mgas=4.244   elapsed=24.775ms  mgasps=171.301  number=2405263 hash=e93e32…be9c94 dirty=686.22MiB\n","stream":"stderr","time":"2020-03-25T04:30:49.994894786Z"}
{"log":"INFO [03-25|04:31:04.177] Imported new chain segment               blocks=1     txs=5     mgas=1.031   elapsed=35.120ms  mgasps=29.363   number=2405264 hash=0b1b6e…1bdb19 dirty=686.26MiB\n","stream":"stderr","time":"2020-03-25T04:31:04.179544886Z"}
{"log":"INFO [03-25|04:31:04.676] Imported new chain segment               blocks=1     txs=3     mgas=4.286   elapsed=19.520ms  mgasps=219.548  number=2405263 hash=da071e…96e1b8 dirty=686.26MiB\n","stream":"stderr","time":"2020-03-25T04:31:04.676783805Z"}
{"log":"INFO [03-25|04:31:05.385] Imported new chain segment               blocks=1     txs=3     mgas=0.502   elapsed=6.862ms   mgasps=73.169   number=2405264 hash=753cf4…45ae67 dirty=686.27MiB\n","stream":"stderr","time":"2020-03-25T04:31:05.385184144Z"}
{"log":"INFO [03-25|04:31:05.413] Imported new chain segment               blocks=1     txs=2     mgas=0.481   elapsed=10.351ms  mgasps=46.475   number=2405264 hash=d44a7e…b08ed3 dirty=686.27MiB\n","stream":"stderr","time":"2020-03-25T04:31:05.413961077Z"}
{"log":"INFO [03-25|04:31:10.887] Deep froze chain segment                 blocks=4     elapsed=33.695ms  number=2315263 hash=5cc2f6…bb8f26\n","stream":"stderr","time":"2020-03-25T04:31:10.887746909Z"}
{"log":"INFO [03-25|04:31:19.286] Imported new chain segment               blocks=1     txs=0     mgas=0.000   elapsed=1.209ms   mgasps=0.000    number=2405265 hash=e67eee…cc26e0 dirty=686.23MiB\n","stream":"stderr","time":"2020-03-25T04:31:19.286557764Z"}
{"log":"INFO [03-25|04:31:20.795] Imported new chain segment               blocks=1     txs=0     mgas=0.000   elapsed=1.024ms   mgasps=0.000    number=2405265 hash=2f9632…04b8f8 dirty=686.23MiB\n","stream":"stderr","time":"2020-03-25T04:31:20.796330304Z"}
{"log":"INFO [03-25|04:31:34.128] Chain reorg detected                     number=2405264 hash=0b1b6e…1bdb19 drop=1 dropfrom=e67eee…cc26e0 add=2 addfrom=0f75d2…a97d8e\n","stream":"stderr","time":"2020-03-25T04:31:34.128467553Z"}
{"log":"INFO [03-25|04:31:34.128] Imported new chain segment               blocks=1     txs=1     mgas=0.433   elapsed=12.272ms  mgasps=35.301   number=2405266 hash=0f75d2…a97d8e dirty=686.24MiB\n","stream":"stderr","time":"2020-03-25T04:31:34.128565668Z"}
{"log":"INFO [03-25|04:31:34.980] Chain reorg detected                     number=2405264 hash=0b1b6e…1bdb19 drop=2 dropfrom=0f75d2…a97d8e add=2 addfrom=e36478…993c48\n","stream":"stderr","time":"2020-03-25T04:31:34.981109545Z"}
{"log":"INFO [03-25|04:31:34.981] Imported new chain segment               blocks=1     txs=1     mgas=0.433   elapsed=14.269ms  mgasps=30.361   number=2405266 hash=e36478…993c48 dirty=686.25MiB\n","stream":"stderr","time":"2020-03-25T04:31:34.981325256Z"}
{"log":"INFO [03-25|04:31:37.378] Imported new chain segment               blocks=1     txs=0     mgas=0.000   elapsed=389.029µs mgasps=0.000    number=2405266 hash=5a0b0b…7ad369 dirty=686.25MiB\n","stream":"stderr","time":"2020-03-25T04:31:37.378608676Z"}
{"log":"INFO [03-25|04:31:49.116] Chain reorg detected                     number=2405265 hash=e67eee…cc26e0 drop=1 dropfrom=e36478…993c48 add=2 addfrom=964b45…cd7513\n","stream":"stderr","time":"2020-03-25T04:31:49.117095573Z"}
{"log":"INFO [03-25|04:31:49.117] Imported new chain segment               blocks=1     txs=1     mgas=0.433   elapsed=21.016ms  mgasps=20.614   number=2405267 hash=964b45…cd7513 dirty=686.23MiB\n","stream":"stderr","time":"2020-03-25T04:31:49.117956199Z"}
{"log":"INFO [03-25|04:31:52.325] Imported new chain segment               blocks=1     txs=0     mgas=0.000   elapsed=363.521µs mgasps=0.000    number=2405267 hash=f3b2a5…34e0c1 dirty=686.23MiB\n","stream":"stderr","time":"2020-03-25T04:31:52.325717763Z"}
{"log":"INFO [03-25|04:32:05.040] Imported new chain segment               blocks=1     txs=0     mgas=0.000   elapsed=8.587ms   mgasps=0.000    number=2405268 hash=7f029c…924b42 dirty=685.85MiB\n","stream":"stderr","time":"2020-03-25T04:32:05.040976195Z"}
{"log":"INFO [03-25|04:32:05.479] Imported new chain segment               blocks=1     txs=1     mgas=0.433   elapsed=24.038ms  mgasps=18.022   number=2405268 hash=4c7b08…e199d5 dirty=685.87MiB\n","stream":"stderr","time":"2020-03-25T04:32:05.48007254Z"}
{"log":"INFO [03-25|04:32:10.915] Deep froze chain segment                 blocks=4     elapsed=27.141ms  number=2315267 hash=b308df…944b88\n","stream":"stderr","time":"2020-03-25T04:32:10.915236925Z"}
{"log":"INFO [03-25|04:32:19.659] Imported new chain segment               blocks=1     txs=1     mgas=0.433   elapsed=13.381ms  mgasps=32.374   number=2405269 hash=b9a8b1…6fff81 dirty=685.87MiB\n","stream":"stderr","time":"2020-03-25T04:32:19.659734516Z"}
{"log":"INFO [03-25|04:32:26.736] Chain reorg detected                     number=2405268 hash=7f029c…924b42 drop=1 dropfrom=b9a8b1…6fff81 add=1 addfrom=47fd83…029322\n","stream":"stderr","time":"2020-03-25T04:32:26.73721079Z"}
{"log":"INFO [03-25|04:32:26.737] Imported new chain segment               blocks=1     txs=1     mgas=0.433   elapsed=17.371ms  mgasps=24.938   number=2405269 hash=47fd83…029322 dirty=685.88MiB\n","stream":"stderr","time":"2020-03-25T04:32:26.737443247Z"}
{"log":"INFO [03-25|04:32:34.146] Chain reorg detected                     number=2405268 hash=7f029c…924b42 drop=1 dropfrom=47fd83…029322 add=2 addfrom=c0f613…90a581\n","stream":"stderr","time":"2020-03-25T04:32:34.146499388Z"}
{"log":"INFO [03-25|04:32:34.146] Imported new chain segment               blocks=1     txs=0     mgas=0.000   elapsed=3.764ms   mgasps=0.000    number=2405270 hash=c0f613…90a581 dirty=685.77MiB\n","stream":"stderr","time":"2020-03-25T04:32:34.146991221Z"}
{"log":"INFO [03-25|04:32:50.085] Imported new chain segment               blocks=1     txs=1     mgas=0.433   elapsed=20.983ms  mgasps=20.646   number=2405271 hash=f1b5c8…48906b dirty=685.62MiB\n","stream":"stderr","time":"2020-03-25T04:32:50.085977815Z"}
{"log":"INFO [03-25|04:32:54.979] Chain reorg detected                     number=2405270 hash=c0f613…90a581 drop=1 dropfrom=f1b5c8…48906b add=1 addfrom=707e92…a0054a\n","stream":"stderr","time":"2020-03-25T04:32:54.980125924Z"}
{"log":"INFO [03-25|04:32:54.980] Imported new chain segment               blocks=1     txs=1     mgas=0.433   elapsed=16.755ms  mgasps=25.856   number=2405271 hash=707e92…a0054a dirty=685.62MiB\n","stream":"stderr","time":"2020-03-25T04:32:54.980325267Z"}
{"log":"INFO [03-25|04:33:04.842] Imported new chain segment               blocks=1     txs=0     mgas=0.000   elapsed=537.856µs mgasps=0.000    number=2405272 hash=cb1ff7…f0f0e3 dirty=685.62MiB\n","stream":"stderr","time":"2020-03-25T04:33:04.842866118Z"}
{"log":"INFO [03-25|04:33:06.159] Imported new chain segment               blocks=1     txs=0     mgas=0.000   elapsed=262.725µs mgasps=0.000    number=2405272 hash=2a2429…f9c311 dirty=685.62MiB\n","stream":"stderr","time":"2020-03-25T04:33:06.159380203Z"}
{"log":"INFO [03-25|04:33:07.506] Chain reorg detected                     number=2405271 hash=707e92…a0054a drop=1 dropfrom=cb1ff7…f0f0e3 add=1 addfrom=fa239b…b6d985\n","stream":"stderr","time":"2020-03-25T04:33:07.507101585Z"}
{"log":"INFO [03-25|04:33:07.507] Imported new chain segment               blocks=1     txs=0     mgas=0.000   elapsed=585.643µs mgasps=0.000    number=2405272 hash=fa239b…b6d985 dirty=685.62MiB\n","stream":"stderr","time":"2020-03-25T04:33:07.507308797Z"}
{"log":"INFO [03-25|04:33:10.954] Deep froze chain segment                 blocks=4     elapsed=39.169ms  number=2315271 hash=1d011b…3ad570\n","stream":"stderr","time":"2020-03-25T04:33:10.954765116Z"}
{"log":"INFO [03-25|04:33:19.203] Chain reorg detected                     number=2405271 hash=707e92…a0054a drop=1 dropfrom=fa239b…b6d985 add=2 addfrom=b3cf8b…9f0364\n","stream":"stderr","time":"2020-03-25T04:33:19.204611497Z"}
{"log":"INFO [03-25|04:33:19.204] Imported new chain segment               blocks=1     txs=0     mgas=0.000   elapsed=812.262µs mgasps=0.000    number=2405273 hash=b3cf8b…9f0364 dirty=685.62MiB\n","stream":"stderr","time":"2020-03-25T04:33:19.204637565Z"}
{"log":"INFO [03-25|04:33:20.931] Chain reorg detected                     number=2405272 hash=cb1ff7…f0f0e3 drop=1 dropfrom=b3cf8b…9f0364 add=1 addfrom=4235ad…f80bec\n","stream":"stderr","time":"2020-03-25T04:33:20.932058143Z"}
{"log":"INFO [03-25|04:33:20.932] Imported new chain segment               blocks=1     txs=1     mgas=0.037   elapsed=1.937ms   mgasps=18.972   number=2405273 hash=4235ad…f80bec dirty=685.63MiB\n","stream":"stderr","time":"2020-03-25T04:33:20.932292002Z"}
{"log":"INFO [03-25|04:33:34.131] Imported new chain segment               blocks=1     txs=0     mgas=0.000   elapsed=1.083ms   mgasps=0.000    number=2405274 hash=228010…b82eb9 dirty=685.60MiB\n","stream":"stderr","time":"2020-03-25T04:33:34.131547726Z"}
{"log":"INFO [03-25|04:33:35.959] Imported new chain segment               blocks=1     txs=1     mgas=0.037   elapsed=1.668ms   mgasps=22.036   number=2405274 hash=3486eb…7a7892 dirty=685.60MiB\n","stream":"stderr","time":"2020-03-25T04:33:35.959781329Z"}
{"log":"INFO [03-25|04:33:50.226] Imported new chain segment               blocks=1     txs=0     mgas=0.000   elapsed=849.076µs mgasps=0.000    number=2405275 hash=6caaaa…e2fe10 dirty=685.59MiB\n","stream":"stderr","time":"2020-03-25T04:33:50.227107375Z"}
{"log":"INFO [03-25|04:34:04.055] Imported new chain segment               blocks=1     txs=0     mgas=0.000   elapsed=760.237µs mgasps=0.000    number=2405276 hash=4e83d3…86a592 dirty=685.57MiB\n","stream":"stderr","time":"2020-03-25T04:34:04.055308394Z"}
{"log":"INFO [03-25|04:34:10.983] Deep froze chain segment                 blocks=4     elapsed=27.880ms  number=2315275 hash=f84935…92d88e\n","stream":"stderr","time":"2020-03-25T04:34:10.983239358Z"}
{"log":"INFO [03-25|04:34:19.091] Imported new chain segment               blocks=1     txs=2     mgas=0.167   elapsed=3.219ms   mgasps=51.763   number=2405277 hash=833d73…4062a6 dirty=685.58MiB\n","stream":"stderr","time":"2020-03-25T04:34:19.091729425Z"}
{"log":"INFO [03-25|04:34:21.496] Imported new chain segment               blocks=1     txs=1     mgas=0.071   elapsed=1.736ms   mgasps=40.731   number=2405277 hash=2b3b2d…3e98ed dirty=685.59MiB\n","stream":"stderr","time":"2020-03-25T04:34:21.496835461Z"}
{"log":"INFO [03-25|04:34:34.099] Imported new chain segment               blocks=1     txs=1     mgas=0.487   elapsed=16.675ms  mgasps=29.181   number=2405278 hash=59ec6c…19b4c8 dirty=685.61MiB\n","stream":"stderr","time":"2020-03-25T04:34:34.099855514Z"}
{"log":"INFO [03-25|04:34:35.765] Imported new chain segment               blocks=1     txs=1     mgas=0.487   elapsed=14.860ms  mgasps=32.745   number=2405278 hash=6c1319…7b35e5 dirty=685.62MiB\n","stream":"stderr","time":"2020-03-25T04:34:35.765928994Z"}
{"log":"INFO [03-25|04:34:39.997] Imported new chain segment               blocks=1     txs=1     mgas=0.487   elapsed=11.987ms  mgasps=40.594   number=2405278 hash=2ebf89…2ca71d dirty=685.62MiB\n","stream":"stderr","time":"2020-03-25T04:34:39.997810212Z"}
{"log":"INFO [03-25|04:34:49.890] Imported new chain segment               blocks=1     txs=0     mgas=0.000   elapsed=793.035µs mgasps=0.000    number=2405279 hash=34d07f…ba392b dirty=685.60MiB\n","stream":"stderr","time":"2020-03-25T04:34:49.890910163Z"}
{"log":"INFO [03-25|04:34:50.333] Imported new chain segment               blocks=1     txs=0     mgas=0.000   elapsed=367.81µs  mgasps=0.000    number=2405279 hash=29c7d6…c04599 dirty=685.60MiB\n","stream":"stderr","time":"2020-03-25T04:34:50.333332244Z"}
{"log":"INFO [03-25|04:35:04.111] Imported new chain segment               blocks=1     txs=0     mgas=0.000   elapsed=936.834µs mgasps=0.000    number=2405280 hash=2efb70…69b675 dirty=685.58MiB\n","stream":"stderr","time":"2020-03-25T04:35:04.111636943Z"}
{"log":"INFO [03-25|04:35:05.765] Imported new chain segment               blocks=1     txs=0     mgas=0.000   elapsed=604.225µs mgasps=0.000    number=2405280 hash=87ebca…90d619 dirty=685.58MiB\n","stream":"stderr","time":"2020-03-25T04:35:05.766056139Z"}
{"log":"INFO [03-25|04:35:11.018] Deep froze chain segment                 blocks=4     elapsed=35.379ms  number=2315279 hash=5e83ff…2a9f3c\n","stream":"stderr","time":"2020-03-25T04:35:11.018950646Z"}
{"log":"INFO [03-25|04:35:20.343] Imported new chain segment               blocks=1     txs=1     mgas=0.433   elapsed=13.314ms  mgasps=32.539   number=2405281 hash=feed05…43e8ca dirty=685.59MiB\n","stream":"stderr","time":"2020-03-25T04:35:20.344152772Z"}
{"log":"INFO [03-25|04:35:20.417] Imported new chain segment               blocks=1     txs=1     mgas=0.433   elapsed=10.400ms  mgasps=41.657   number=2405281 hash=9ce324…f4dc3f dirty=685.59MiB\n","stream":"stderr","time":"2020-03-25T04:35:20.417644223Z"}
{"log":"INFO [03-25|04:35:25.262] Chain reorg detected                     number=2405280 hash=2efb70…69b675 drop=1 dropfrom=feed05…43e8ca add=1 addfrom=7ad6ab…3e1ed1\n","stream":"stderr","time":"2020-03-25T04:35:25.262708303Z"}
{"log":"INFO [03-25|04:35:25.262] Imported new chain segment               blocks=1     txs=1     mgas=0.433   elapsed=32.646ms  mgasps=13.271   number=2405281 hash=7ad6ab…3e1ed1 dirty=685.60MiB\n","stream":"stderr","time":"2020-03-25T04:35:25.263387645Z"}
{"log":"INFO [03-25|04:35:34.685] Imported new chain segment               blocks=1     txs=1     mgas=0.931   elapsed=9.346ms   mgasps=99.639   number=2405282 hash=826323…c17a63 dirty=685.68MiB\n","stream":"stderr","time":"2020-03-25T04:35:34.68553531Z"}
{"log":"INFO [03-25|04:35:35.136] Imported new chain segment               blocks=1     txs=5     mgas=1.737   elapsed=27.828ms  mgasps=62.431   number=2405282 hash=f0a9ab…126367 dirty=685.71MiB\n","stream":"stderr","time":"2020-03-25T04:35:35.137133743Z"}
{"log":"INFO [03-25|04:35:35.152] Imported new chain segment               blocks=1     txs=3     mgas=1.334   elapsed=15.324ms  mgasps=87.069   number=2405282 hash=0044b3…dc8366 dirty=685.72MiB\n","stream":"stderr","time":"2020-03-25T04:35:35.152668067Z"}
{"log":"INFO [03-25|04:35:50.162] Imported new chain segment               blocks=1     txs=4     mgas=0.806   elapsed=10.196ms  mgasps=79.060   number=2405283 hash=7699d9…62c8bc dirty=685.73MiB\n","stream":"stderr","time":"2020-03-25T04:35:50.163071218Z"}
{"log":"INFO [03-25|04:35:50.570] Imported new chain segment               blocks=1     txs=4     mgas=0.806   elapsed=12.293ms  mgasps=65.576   number=2405283 hash=b96f39…b01a36 dirty=685.73MiB\n","stream":"stderr","time":"2020-03-25T04:35:50.571218101Z"}
{"log":"INFO [03-25|04:35:53.227] Regenerated local transaction journal    transactions=0 accounts=0\n","stream":"stderr","time":"2020-03-25T04:35:53.227802911Z"}
{"log":"INFO [03-25|04:36:05.962] Imported new chain segment               blocks=1     txs=1     mgas=0.433   elapsed=13.644ms  mgasps=31.752   number=2405284 hash=e35181…b8eeb4 dirty=685.75MiB\n","stream":"stderr","time":"2020-03-25T04:36:05.963052992Z"}
{"log":"INFO [03-25|04:36:11.048] Deep froze chain segment                 blocks=4     elapsed=29.241ms  number=2315283 hash=0bbc3a…a3edfe\n","stream":"stderr","time":"2020-03-25T04:36:11.048667598Z"}
{"log":"INFO [03-25|04:36:19.198] Imported new chain segment               blocks=1     txs=2     mgas=0.147   elapsed=3.082ms   mgasps=47.650   number=2405285 hash=aa0175…b81869 dirty=685.78MiB\n","stream":"stderr","time":"2020-03-25T04:36:19.199069804Z"}
{"log":"INFO [03-25|04:36:22.861] Imported new chain segment               blocks=1     txs=1     mgas=0.096   elapsed=2.165ms   mgasps=44.289   number=2405285 hash=def2ae…9cd0c1 dirty=685.78MiB\n","stream":"stderr","time":"2020-03-25T04:36:22.8637459Z"}
{"log":"INFO [03-25|04:36:34.074] Imported new chain segment               blocks=1     txs=1     mgas=0.433   elapsed=17.768ms  mgasps=24.382   number=2405286 hash=de8a7c…7a41b6 dirty=685.76MiB\n","stream":"stderr","time":"2020-03-25T04:36:34.074808619Z"}
{"log":"INFO [03-25|04:36:37.395] Imported new chain segment               blocks=1     txs=0     mgas=0.000   elapsed=348.895µs mgasps=0.000    number=2405286 hash=bda530…8836bc dirty=685.76MiB\n","stream":"stderr","time":"2020-03-25T04:36:37.395822804Z"}
{"log":"INFO [03-25|04:36:49.686] Imported new chain segment               blocks=1     txs=0     mgas=0.000   elapsed=1.216ms   mgasps=0.000    number=2405287 hash=d879a2…291281 dirty=685.75MiB\n","stream":"stderr","time":"2020-03-25T04:36:49.687529752Z"}
{"log":"INFO [03-25|04:36:52.729] Imported new chain segment               blocks=1     txs=0     mgas=0.000   elapsed=325.069µs mgasps=0.000    number=2405287 hash=5d81d3…d26d80 dirty=685.75MiB\n","stream":"stderr","time":"2020-03-25T04:36:52.730124988Z"}
{"log":"INFO [03-25|04:37:04.103] Chain reorg detected                     number=2405286 hash=de8a7c…7a41b6 drop=1 dropfrom=d879a2…291281 add=2 addfrom=3a3541…7fc9f0\n","stream":"stderr","time":"2020-03-25T04:37:04.103853324Z"}
{"log":"INFO [03-25|04:37:04.104] Imported new chain segment               blocks=1     txs=1     mgas=0.096   elapsed=3.005ms   mgasps=31.909   number=2405288 hash=3a3541…7fc9f0 dirty=685.75MiB\n","stream":"stderr","time":"2020-03-25T04:37:04.104195647Z"}
{"log":"INFO [03-25|04:37:05.159] Imported new chain segment               blocks=1     txs=0     mgas=0.000   elapsed=368.744µs mgasps=0.000    number=2405288 hash=78e7ee…8551a7 dirty=685.75MiB\n","stream":"stderr","time":"2020-03-25T04:37:05.159858162Z"}
{"log":"INFO [03-25|04:37:11.079] Deep froze chain segment                 blocks=4     elapsed=30.533ms  number=2315287 hash=721250…a9b9c7\n","stream":"stderr","time":"2020-03-25T04:37:11.079649038Z"}
{"log":"INFO [03-25|04:37:21.732] Imported new chain segment               blocks=1     txs=2     mgas=0.737   elapsed=18.800ms  mgasps=39.176   number=2405289 hash=950950…0739b2 dirty=685.78MiB\n","stream":"stderr","time":"2020-03-25T04:37:21.733036008Z"}
{"log":"INFO [03-25|04:37:22.109] Imported new chain segment               blocks=1     txs=1     mgas=0.433   elapsed=17.185ms  mgasps=25.210   number=2405289 hash=8f7cfb…47d80c dirty=685.79MiB\n","stream":"stderr","time":"2020-03-25T04:37:22.11017758Z"}
{"log":"INFO [03-25|04:37:23.969] Chain reorg detected                     number=2405288 hash=3a3541…7fc9f0 drop=1 dropfrom=950950…0739b2 add=1 addfrom=03375a…82f1e4\n","stream":"stderr","time":"2020-03-25T04:37:23.969589839Z"}
{"log":"INFO [03-25|04:37:23.969] Imported new chain segment               blocks=1     txs=2     mgas=0.737   elapsed=18.624ms  mgasps=39.545   number=2405289 hash=03375a…82f1e4 dirty=685.79MiB\n","stream":"stderr","time":"2020-03-25T04:37:23.969915693Z"}
{"log":"INFO [03-25|04:37:34.953] Chain reorg detected                     number=2405288 hash=3a3541…7fc9f0 drop=1 dropfrom=03375a…82f1e4 add=2 addfrom=cf537a…416556\n","stream":"stderr","time":"2020-03-25T04:37:34.954148211Z"}
{"log":"INFO [03-25|04:37:34.954] Imported new chain segment               blocks=1     txs=1     mgas=0.056   elapsed=6.133ms   mgasps=9.087    number=2405290 hash=cf537a…416556 dirty=685.69MiB\n","stream":"stderr","time":"2020-03-25T04:37:34.954863264Z"}
{"log":"INFO [03-25|04:37:49.093] Imported new chain segment               blocks=1     txs=1     mgas=0.051   elapsed=2.275ms   mgasps=22.398   number=2405291 hash=b79613…72c1f4 dirty=685.68MiB\n","stream":"stderr","time":"2020-03-25T04:37:49.093448391Z"}
{"log":"INFO [03-25|04:38:04.677] Imported new chain segment               blocks=1     txs=0     mgas=0.000   elapsed=1.017ms   mgasps=0.000    number=2405292 hash=5127dd…b65ac4 dirty=685.66MiB\n","stream":"stderr","time":"2020-03-25T04:38:04.678010799Z"}
{"log":"INFO [03-25|04:38:11.104] Deep froze chain segment                 blocks=4     elapsed=24.628ms  number=2315291 hash=8db368…cb0ff9\n","stream":"stderr","time":"2020-03-25T04:38:11.104525709Z"}
{"log":"INFO [03-25|04:38:21.504] Imported new chain segment               blocks=1     txs=6     mgas=2.025   elapsed=14.791ms  mgasps=136.936  number=2405293 hash=4f568d…e7a304 dirty=685.76MiB\n","stream":"stderr","time":"2020-03-25T04:38:21.505162733Z"}
{"log":"INFO [03-25|04:38:22.865] Imported new chain segment               blocks=1     txs=6     mgas=2.025   elapsed=18.742ms  mgasps=108.069  number=2405293 hash=2a241d…4b24fc dirty=685.77MiB\n","stream":"stderr","time":"2020-03-25T04:38:22.86546292Z"}
{"log":"INFO [03-25|04:38:35.143] Imported new chain segment               blocks=1     txs=1     mgas=0.303   elapsed=3.843ms   mgasps=78.900   number=2405294 hash=186277…e398ec dirty=685.77MiB\n","stream":"stderr","time":"2020-03-25T04:38:35.143926976Z"}
{"log":"INFO [03-25|04:38:37.590] Imported new chain segment               blocks=1     txs=0     mgas=0.000   elapsed=294.164µs mgasps=0.000    number=2405294 hash=855e2c…7711dd dirty=685.77MiB\n","stream":"stderr","time":"2020-03-25T04:38:37.591083311Z"}
{"log":"INFO [03-25|04:38:49.186] Imported new chain segment               blocks=1     txs=0     mgas=0.000   elapsed=784.439µs mgasps=0.000    number=2405295 hash=e0c8ab…2cfea0 dirty=685.77MiB\n","stream":"stderr","time":"2020-03-25T04:38:49.187085295Z"}
{"log":"INFO [03-25|04:38:51.477] Imported new chain segment               blocks=1     txs=0     mgas=0.000   elapsed=423.998µs mgasps=0.000    number=2405295 hash=8bf8ef…46c4e6 dirty=685.77MiB\n","stream":"stderr","time":"2020-03-25T04:38:51.478299449Z"}
{"log":"INFO [03-25|04:39:04.513] Chain reorg detected                     number=2405294 hash=186277…e398ec drop=1 dropfrom=e0c8ab…2cfea0 add=2 addfrom=20adf8…a3840c\n","stream":"stderr","time":"2020-03-25T04:39:04.514140937Z"}
{"log":"INFO [03-25|04:39:04.514] Imported new chain segment               blocks=1     txs=0     mgas=0.000   elapsed=1.249ms   mgasps=0.000    number=2405296 hash=20adf8…a3840c dirty=685.74MiB\n","stream":"stderr","time":"2020-03-25T04:39:04.514533179Z"}
{"log":"INFO [03-25|04:39:07.185] Imported new chain segment               blocks=1     txs=0     mgas=0.000   elapsed=376.764µs mgasps=0.000    number=2405296 hash=cff9a8…169ca9 dirty=685.74MiB\n","stream":"stderr","time":"2020-03-25T04:39:07.185891759Z"}
{"log":"INFO [03-25|04:39:11.137] Deep froze chain segment                 blocks=4     elapsed=32.192ms  number=2315295 hash=41772a…c5553a\n","stream":"stderr","time":"2020-03-25T04:39:11.13744452Z"}
{"log":"INFO [03-25|04:39:19.296] Imported new chain segment               blocks=1     txs=0     mgas=0.000   elapsed=589.216µs mgasps=0.000    number=2405297 hash=60cee2…26e6d9 dirty=685.74MiB\n","stream":"stderr","time":"2020-03-25T04:39:19.296751305Z"}
{"log":"INFO [03-25|04:39:34.125] Imported new chain segment               blocks=1     txs=1     mgas=0.487   elapsed=17.390ms  mgasps=27.981   number=2405298 hash=cc0934…8ad7a6 dirty=685.75MiB\n","stream":"stderr","time":"2020-03-25T04:39:34.126031847Z"}
{"log":"INFO [03-25|04:39:36.898] Imported new chain segment               blocks=1     txs=1     mgas=0.487   elapsed=20.223ms  mgasps=24.062   number=2405298 hash=ed4fef…ae389e dirty=685.75MiB\n","stream":"stderr","time":"2020-03-25T04:39:36.89921311Z"}
{"log":"INFO [03-25|04:39:40.395] Imported new chain segment               blocks=1     txs=1     mgas=0.487   elapsed=21.147ms  mgasps=23.011   number=2405298 hash=4c49a1…140b05 dirty=685.75MiB\n","stream":"stderr","time":"2020-03-25T04:39:40.395415805Z"}
{"log":"INFO [03-25|04:39:49.946] Imported new chain segment               blocks=1     txs=0     mgas=0.000   elapsed=1.400ms   mgasps=0.000    number=2405299 hash=c239a3…0532e9 dirty=685.70MiB\n","stream":"stderr","time":"2020-03-25T04:39:49.946720848Z"}
{"log":"INFO [03-25|04:40:04.886] Imported new chain segment               blocks=1     txs=1     mgas=0.433   elapsed=19.232ms  mgasps=22.527   number=2405300 hash=883bae…8ab577 dirty=685.60MiB\n","stream":"stderr","time":"2020-03-25T04:40:04.88662664Z"}
{"log":"INFO [03-25|04:40:11.169] Deep froze chain segment                 blocks=4     elapsed=32.352ms  number=2315299 hash=104e87…ce991f\n","stream":"stderr","time":"2020-03-25T04:40:11.170239035Z"}
{"log":"INFO [03-25|04:40:19.480] Imported new chain segment               blocks=1     txs=0     mgas=0.000   elapsed=617.232µs mgasps=0.000    number=2405301 hash=f8066e…1aa8ef dirty=685.59MiB\n","stream":"stderr","time":"2020-03-25T04:40:19.480846791Z"}
{"log":"INFO [03-25|04:40:22.781] Imported new chain segment               blocks=1     txs=0     mgas=0.000   elapsed=554.83µs  mgasps=0.000    number=2405301 hash=8f2da7…b7bde2 dirty=685.59MiB\n","stream":"stderr","time":"2020-03-25T04:40:22.782054555Z"}
{"log":"INFO [03-25|04:40:34.390] Chain reorg detected                     number=2405300 hash=883bae…8ab577 drop=1 dropfrom=f8066e…1aa8ef add=2 addfrom=87e70b…ee8049\n","stream":"stderr","time":"2020-03-25T04:40:34.390968167Z"}
{"log":"INFO [03-25|04:40:34.391] Imported new chain segment               blocks=1     txs=5     mgas=3.541   elapsed=22.773ms  mgasps=155.467  number=2405302 hash=87e70b…ee8049 dirty=685.87MiB\n","stream":"stderr","time":"2020-03-25T04:40:34.391235215Z"}
{"log":"INFO [03-25|04:40:34.738] Chain reorg detected                     number=2405300 hash=883bae…8ab577 drop=2 dropfrom=87e70b…ee8049 add=2 addfrom=841741…0cc204\n","stream":"stderr","time":"2020-03-25T04:40:34.738666382Z"}
{"log":"INFO [03-25|04:40:34.738] Imported new chain segment               blocks=1     txs=0     mgas=0.000   elapsed=918.194µs mgasps=0.000    number=2405302 hash=841741…0cc204 dirty=685.87MiB\n","stream":"stderr","time":"2020-03-25T04:40:34.739096329Z"}
{"log":"INFO [03-25|04:40:37.620] Imported new chain segment               blocks=1     txs=4     mgas=3.588   elapsed=18.201ms  mgasps=197.152  number=2405302 hash=fd2128…b26835 dirty=685.91MiB\n","stream":"stderr","time":"2020-03-25T04:40:37.620882086Z"}
{"log":"INFO [03-25|04:40:37.648] Imported new chain segment               blocks=1     txs=0     mgas=0.000   elapsed=513.21µs  mgasps=0.000    number=2405302 hash=b38c43…1fc8ad dirty=685.91MiB\n","stream":"stderr","time":"2020-03-25T04:40:37.648431145Z"}
{"log":"INFO [03-25|04:40:49.308] Imported new chain segment               blocks=1     txs=6     mgas=3.311   elapsed=38.454ms  mgasps=86.112   number=2405303 hash=fbdf1a…cbfc0f dirty=685.96MiB\n","stream":"stderr","time":"2020-03-25T04:40:49.308738456Z"}
{"log":"INFO [03-25|04:40:52.682] Chain reorg detected                     number=2405302 hash=841741…0cc204 drop=1 dropfrom=fbdf1a…cbfc0f add=1 addfrom=d590ab…f5c7cf\n","stream":"stderr","time":"2020-03-25T04:40:52.682646149Z"}
{"log":"INFO [03-25|04:40:52.682] Imported new chain segment               blocks=1     txs=7     mgas=4.100   elapsed=28.075ms  mgasps=146.030  number=2405303 hash=d590ab…f5c7cf dirty=685.96MiB\n","stream":"stderr","time":"2020-03-25T04:40:52.682890203Z"}
{"log":"INFO [03-25|04:40:52.721] Chain reorg detected                     number=2405302 hash=841741…0cc204 drop=1 dropfrom=d590ab…f5c7cf add=1 addfrom=b5e6d5…e39f8b\n","stream":"stderr","time":"2020-03-25T04:40:52.722072603Z"}
{"log":"INFO [03-25|04:40:52.722] Imported new chain segment               blocks=1     txs=6     mgas=3.974   elapsed=23.637ms  mgasps=168.114  number=2405303 hash=b5e6d5…e39f8b dirty=685.97MiB\n","stream":"stderr","time":"2020-03-25T04:40:52.722299156Z"}
{"log":"INFO [03-25|04:41:04.194] Chain reorg detected                     number=2405302 hash=841741…0cc204 drop=1 dropfrom=b5e6d5…e39f8b add=2 addfrom=2820da…204497\n","stream":"stderr","time":"2020-03-25T04:41:04.194769439Z"}
{"log":"INFO [03-25|04:41:04.195] Imported new chain segment               blocks=1     txs=2     mgas=0.417   elapsed=7.922ms   mgasps=52.665   number=2405304 hash=2820da…204497 dirty=685.99MiB\n","stream":"stderr","time":"2020-03-25T04:41:04.195445744Z"}
{"log":"INFO [03-25|04:41:05.570] Imported new chain segment               blocks=1     txs=3     mgas=1.206   elapsed=11.341ms  mgasps=106.307  number=2405304 hash=21b751…abafc8 dirty=685.99MiB\n","stream":"stderr","time":"2020-03-25T04:41:05.570330575Z"}
{"log":"INFO [03-25|04:41:11.212] Deep froze chain segment                 blocks=4     elapsed=41.745ms  number=2315303 hash=c9b518…de7f70\n","stream":"stderr","time":"2020-03-25T04:41:11.212333842Z"}
{"log":"INFO [03-25|04:41:20.228] Imported new chain segment               blocks=1     txs=2     mgas=0.456   elapsed=23.963ms  mgasps=19.026   number=2405305 hash=192d2d…554d2f dirty=686.01MiB\n","stream":"stderr","time":"2020-03-25T04:41:20.22852363Z"}
{"log":"INFO [03-25|04:41:24.299] Imported new chain segment               blocks=1     txs=2     mgas=0.456   elapsed=17.162ms  mgasps=26.566   number=2405305 hash=613dec…ca220c dirty=686.02MiB\n","stream":"stderr","time":"2020-03-25T04:41:24.300050395Z"}
{"log":"INFO [03-25|04:41:34.212] Imported new chain segment               blocks=1     txs=0     mgas=0.000   elapsed=929.624µs mgasps=0.000    number=2405306 hash=c2a838…82d207 dirty=685.99MiB\n","stream":"stderr","time":"2020-03-25T04:41:34.21225944Z"}
{"log":"INFO [03-25|04:41:49.898] Imported new chain segment               blocks=1     txs=1     mgas=0.111   elapsed=4.282ms   mgasps=25.926   number=2405307 hash=da3201…a7ef00 dirty=685.99MiB\n","stream":"stderr","time":"2020-03-25T04:41:49.898445564Z"}
{"log":"INFO [03-25|04:42:04.106] Imported new chain segment               blocks=1     txs=1     mgas=0.433   elapsed=17.516ms  mgasps=24.732   number=2405308 hash=73c9ae…d5ec09 dirty=685.99MiB\n","stream":"stderr","time":"2020-03-25T04:42:04.10676635Z"}
{"log":"INFO [03-25|04:42:11.239] Deep froze chain segment                 blocks=4     elapsed=27.365ms  number=2315307 hash=ad422b…3a967c\n","stream":"stderr","time":"2020-03-25T04:42:11.240151727Z"}
{"log":"INFO [03-25|04:42:19.548] Imported new chain segment               blocks=1     txs=0     mgas=0.000   elapsed=1.044ms   mgasps=0.000    number=2405309 hash=000a95…f96d5f dirty=685.96MiB\n","stream":"stderr","time":"2020-03-25T04:42:19.549227441Z"}
{"log":"INFO [03-25|04:42:19.990] Chain reorg detected                     number=2405308 hash=73c9ae…d5ec09 drop=1 dropfrom=000a95…f96d5f add=1 addfrom=3f6260…9e6b28\n","stream":"stderr","time":"2020-03-25T04:42:19.993402141Z"}
{"log":"INFO [03-25|04:42:19.990] Imported new chain segment               blocks=1     txs=0     mgas=0.000   elapsed=1.118ms   mgasps=0.000    number=2405309 hash=3f6260…9e6b28 dirty=685.96MiB\n","stream":"stderr","time":"2020-03-25T04:42:19.993441028Z"}
{"log":"INFO [03-25|04:42:36.444] Imported new chain segment               blocks=1     txs=0     mgas=0.000   elapsed=4.827ms   mgasps=0.000    number=2405310 hash=c8d041…0eebd5 dirty=685.70MiB\n","stream":"stderr","time":"2020-03-25T04:42:36.444505329Z"}
{"log":"INFO [03-25|04:42:37.299] Imported new chain segment               blocks=1     txs=0     mgas=0.000   elapsed=390.145µs mgasps=0.000    number=2405310 hash=32a260…78738a dirty=685.70MiB\n","stream":"stderr","time":"2020-03-25T04:42:37.299400552Z"}
{"log":"INFO [03-25|04:42:49.382] Imported new chain segment               blocks=1     txs=3     mgas=0.772   elapsed=24.284ms  mgasps=31.793   number=2405311 hash=18064a…37f075 dirty=685.73MiB\n","stream":"stderr","time":"2020-03-25T04:42:49.38250393Z"}
{"log":"INFO [03-25|04:42:54.263] Chain reorg detected                     number=2405310 hash=c8d041…0eebd5 drop=1 dropfrom=18064a…37f075 add=1 addfrom=ea00ac…e21a81\n","stream":"stderr","time":"2020-03-25T04:42:54.263946431Z"}
{"log":"INFO [03-25|04:42:54.264] Imported new chain segment               blocks=1     txs=3     mgas=0.772   elapsed=18.349ms  mgasps=42.075   number=2405311 hash=ea00ac…e21a81 dirty=685.73MiB\n","stream":"stderr","time":"2020-03-25T04:42:54.264248124Z"}
{"log":"INFO [03-25|04:43:05.467] Imported new chain segment               blocks=1     txs=1     mgas=0.021   elapsed=2.584ms   mgasps=8.126    number=2405312 hash=0e775a…51f6a2 dirty=685.74MiB\n","stream":"stderr","time":"2020-03-25T04:43:05.468032238Z"}
{"log":"INFO [03-25|04:43:11.277] Deep froze chain segment                 blocks=4     elapsed=36.493ms  number=2315311 hash=81ca0e…083475\n","stream":"stderr","time":"2020-03-25T04:43:11.277253449Z"}
{"log":"INFO [03-25|04:43:20.685] Imported new chain segment               blocks=1     txs=1     mgas=0.245   elapsed=3.038ms   mgasps=80.775   number=2405313 hash=736626…4088cc dirty=685.70MiB\n","stream":"stderr","time":"2020-03-25T04:43:20.685830279Z"}
{"log":"INFO [03-25|04:43:35.122] Imported new chain segment               blocks=1     txs=1     mgas=0.245   elapsed=4.854ms   mgasps=50.561   number=2405314 hash=cc45f4…fbae91 dirty=685.70MiB\n","stream":"stderr","time":"2020-03-25T04:43:35.12227599Z"}
{"log":"INFO [03-25|04:43:51.201] Imported new chain segment               blocks=1     txs=2     mgas=0.182   elapsed=4.070ms   mgasps=44.699   number=2405315 hash=4c1640…cc9512 dirty=685.69MiB\n","stream":"stderr","time":"2020-03-25T04:43:51.201446507Z"}
{"log":"INFO [03-25|04:43:53.371] Chain reorg detected                     number=2405314 hash=cc45f4…fbae91 drop=1 dropfrom=4c1640…cc9512 add=1 addfrom=a089ac…7a84e1\n","stream":"stderr","time":"2020-03-25T04:43:53.371780458Z"}
{"log":"INFO [03-25|04:43:53.372] Imported new chain segment               blocks=1     txs=0     mgas=0.000   elapsed=944.437µs mgasps=0.000    number=2405315 hash=a089ac…7a84e1 dirty=685.69MiB\n","stream":"stderr","time":"2020-03-25T04:43:53.373833241Z"}
{"log":"INFO [03-25|04:43:53.417] Chain reorg detected                     number=2405314 hash=cc45f4…fbae91 drop=1 dropfrom=a089ac…7a84e1 add=1 addfrom=99ea4f…b5db75\n","stream":"stderr","time":"2020-03-25T04:43:53.417505666Z"}
{"log":"INFO [03-25|04:43:53.417] Imported new chain segment               blocks=1     txs=1     mgas=0.086   elapsed=3.019ms   mgasps=28.497   number=2405315 hash=99ea4f…b5db75 dirty=685.70MiB\n","stream":"stderr","time":"2020-03-25T04:43:53.417796158Z"}
{"log":"INFO [03-25|04:44:05.065] Chain reorg detected                     number=2405314 hash=cc45f4…fbae91 drop=1 dropfrom=99ea4f…b5db75 add=2 addfrom=804ebf…97d60e\n","stream":"stderr","time":"2020-03-25T04:44:05.066058553Z"}
{"log":"INFO [03-25|04:44:05.066] Imported new chain segment               blocks=1     txs=3     mgas=0.391   elapsed=5.409ms   mgasps=72.321   number=2405316 hash=804ebf…97d60e dirty=685.70MiB\n","stream":"stderr","time":"2020-03-25T04:44:05.06643017Z"}
{"log":"INFO [03-25|04:44:06.184] Imported new chain segment               blocks=1     txs=0     mgas=0.000   elapsed=333.839µs mgasps=0.000    number=2405316 hash=e2f774…47195a dirty=685.70MiB\n","stream":"stderr","time":"2020-03-25T04:44:06.184332181Z"}
{"log":"INFO [03-25|04:44:11.316] Deep froze chain segment                 blocks=4     elapsed=38.879ms  number=2315315 hash=6da1c4…5d3ef3\n","stream":"stderr","time":"2020-03-25T04:44:11.31647348Z"}
{"log":"INFO [03-25|04:44:20.085] Imported new chain segment               blocks=1     txs=2     mgas=0.136   elapsed=5.814ms   mgasps=23.311   number=2405317 hash=f73521…6c7d6d dirty=685.68MiB\n","stream":"stderr","time":"2020-03-25T04:44:20.085568276Z"}
{"log":"INFO [03-25|04:44:35.136] Imported new chain segment               blocks=1     txs=2     mgas=0.828   elapsed=19.005ms  mgasps=43.549   number=2405318 hash=a499c0…12e86f dirty=685.71MiB\n","stream":"stderr","time":"2020-03-25T04:44:35.136817948Z"}
{"log":"INFO [03-25|04:44:41.997] Imported new chain segment               blocks=1     txs=2     mgas=0.828   elapsed=17.218ms  mgasps=48.067   number=2405318 hash=c9a501…378a7d dirty=685.72MiB\n","stream":"stderr","time":"2020-03-25T04:44:41.997437316Z"}
{"log":"INFO [03-25|04:44:50.151] Imported new chain segment               blocks=1     txs=1     mgas=0.080   elapsed=2.542ms   mgasps=31.394   number=2405319 hash=25f518…01a62b dirty=685.73MiB\n","stream":"stderr","time":"2020-03-25T04:44:50.151503037Z"}
{"log":"INFO [03-25|04:45:05.069] Imported new chain segment               blocks=1     txs=0     mgas=0.000   elapsed=639.078µs mgasps=0.000    number=2405320 hash=c1d682…670c14 dirty=685.72MiB\n","stream":"stderr","time":"2020-03-25T04:45:05.070158181Z"}
{"log":"INFO [03-25|04:45:11.353] Deep froze chain segment                 blocks=4     elapsed=36.060ms  number=2315319 hash=6546b0…1abecc\n","stream":"stderr","time":"2020-03-25T04:45:11.35335577Z"}
{"log":"INFO [03-25|04:45:22.267] Imported new chain segment               blocks=1     txs=4     mgas=0.839   elapsed=22.890ms  mgasps=36.657   number=2405321 hash=d9fbce…ee526e dirty=685.78MiB\n","stream":"stderr","time":"2020-03-25T04:45:22.267408416Z"}
{"log":"INFO [03-25|04:45:22.982] Chain reorg detected                     number=2405320 hash=c1d682…670c14 drop=1 dropfrom=d9fbce…ee526e add=1 addfrom=6a2f66…c8b12e\n","stream":"stderr","time":"2020-03-25T04:45:22.98298326Z"}
{"log":"INFO [03-25|04:45:22.983] Imported new chain segment               blocks=1     txs=5     mgas=4.593   elapsed=43.567ms  mgasps=105.428  number=2405321 hash=6a2f66…c8b12e dirty=686.18MiB\n","stream":"stderr","time":"2020-03-25T04:45:22.983254308Z"}
{"log":"INFO [03-25|04:45:29.707] Chain reorg detected                     number=2405320 hash=c1d682…670c14 drop=1 dropfrom=6a2f66…c8b12e add=1 addfrom=07110f…af3fa9\n","stream":"stderr","time":"2020-03-25T04:45:29.70772478Z"}
{"log":"INFO [03-25|04:45:29.707] Imported new chain segment               blocks=1     txs=4     mgas=0.839   elapsed=22.555ms  mgasps=37.201   number=2405321 hash=07110f…af3fa9 dirty=686.18MiB\n","stream":"stderr","time":"2020-03-25T04:45:29.708114488Z"}
{"log":"INFO [03-25|04:45:35.121] Imported new chain segment               blocks=1     txs=7     mgas=1.913   elapsed=23.742ms  mgasps=80.578   number=2405322 hash=ea4cee…1ee82f dirty=686.31MiB\n","stream":"stderr","time":"2020-03-25T04:45:35.121470379Z"}
{"log":"INFO [03-25|04:45:37.551] Imported new chain segment               blocks=1     txs=1     mgas=3.754   elapsed=59.182ms  mgasps=63.433   number=2405322 hash=d4c6ae…327faf dirty=686.31MiB\n","stream":"stderr","time":"2020-03-25T04:45:37.552271949Z"}
{"log":"INFO [03-25|04:45:38.874] Chain reorg detected                     number=2405321 hash=07110f…af3fa9 drop=1 dropfrom=ea4cee…1ee82f add=1 addfrom=7e2ec9…cddf9f\n","stream":"stderr","time":"2020-03-25T04:45:38.874248632Z"}
{"log":"INFO [03-25|04:45:38.874] Imported new chain segment               blocks=1     txs=7     mgas=5.571   elapsed=38.124ms  mgasps=146.135  number=2405322 hash=7e2ec9…cddf9f dirty=686.32MiB\n","stream":"stderr","time":"2020-03-25T04:45:38.874601484Z"}
{"log":"INFO [03-25|04:45:39.162] Imported new chain segment               blocks=1     txs=8     mgas=5.667   elapsed=31.708ms  mgasps=178.731  number=2405322 hash=788410…36f03b dirty=686.32MiB\n","stream":"stderr","time":"2020-03-25T04:45:39.162971107Z"}
{"log":"INFO [03-25|04:45:52.643] Chain reorg detected                     number=2405321 hash=07110f…af3fa9 drop=1 dropfrom=7e2ec9…cddf9f add=2 addfrom=a588d5…92b9d4\n","stream":"stderr","time":"2020-03-25T04:45:52.643621975Z"}
{"log":"INFO [03-25|04:45:52.644] Imported new chain segment               blocks=1     txs=0     mgas=0.000   elapsed=1.984ms   mgasps=0.000    number=2405323 hash=a588d5…92b9d4 dirty=686.32MiB\n","stream":"stderr","time":"2020-03-25T04:45:52.644754037Z"}
{"log":"INFO [03-25|04:45:52.745] Chain reorg detected                     number=2405321 hash=07110f…af3fa9 drop=2 dropfrom=a588d5…92b9d4 add=2 addfrom=447ede…80d315\n","stream":"stderr","time":"2020-03-25T04:45:52.745679316Z"}
{"log":"INFO [03-25|04:45:52.746] Imported new chain segment               blocks=1     txs=1     mgas=3.754   elapsed=14.232ms  mgasps=263.770  number=2405323 hash=447ede…80d315 dirty=686.32MiB\n","stream":"stderr","time":"2020-03-25T04:45:52.746424206Z"}
{"log":"INFO [03-25|04:45:54.570] Chain reorg detected                     number=2405322 hash=ea4cee…1ee82f drop=1 dropfrom=447ede…80d315 add=1 addfrom=eea9df…3a7340\n","stream":"stderr","time":"2020-03-25T04:45:54.570974268Z"}
{"log":"INFO [03-25|04:45:54.571] Imported new chain segment               blocks=1     txs=1     mgas=3.754   elapsed=15.972ms  mgasps=235.035  number=2405323 hash=eea9df…3a7340 dirty=686.32MiB\n","stream":"stderr","time":"2020-03-25T04:45:54.571223678Z"}
{"log":"INFO [03-25|04:46:05.141] Imported new chain segment               blocks=1     txs=1     mgas=0.433   elapsed=17.203ms  mgasps=25.184   number=2405324 hash=b7280c…0d5128 dirty=686.35MiB\n","stream":"stderr","time":"2020-03-25T04:46:05.141406661Z"}
{"log":"INFO [03-25|04:46:11.390] Deep froze chain segment                 blocks=4     elapsed=37.138ms  number=2315323 hash=280f24…3824c3\n","stream":"stderr","time":"2020-03-25T04:46:11.390840808Z"}
{"log":"INFO [03-25|04:46:20.521] Imported new chain segment               blocks=1     txs=0     mgas=0.000   elapsed=1.082ms   mgasps=0.000    number=2405325 hash=39099d…91901e dirty=686.31MiB\n","stream":"stderr","time":"2020-03-25T04:46:20.521707525Z"}
{"log":"INFO [03-25|04:46:35.606] Imported new chain segment               blocks=1     txs=1     mgas=0.433   elapsed=19.740ms  mgasps=21.946   number=2405326 hash=96f58e…f5b2dc dirty=686.33MiB\n","stream":"stderr","time":"2020-03-25T04:46:35.606336861Z"}
{"log":"INFO [03-25|04:46:50.575] Imported new chain segment               blocks=1     txs=0     mgas=0.000   elapsed=1.076ms   mgasps=0.000    number=2405327 hash=7a2541…8339b4 dirty=686.30MiB\n","stream":"stderr","time":"2020-03-25T04:46:50.57616031Z"}
{"log":"INFO [03-25|04:47:05.535] Imported new chain segment               blocks=1     txs=0     mgas=0.000   elapsed=585.146µs mgasps=0.000    number=2405328 hash=f820e4…ba180d dirty=686.30MiB\n","stream":"stderr","time":"2020-03-25T04:47:05.536080718Z"}
{"log":"INFO [03-25|04:47:11.428] Deep froze chain segment                 blocks=4     elapsed=36.949ms  number=2315327 hash=24d030…aa5c24\n","stream":"stderr","time":"2020-03-25T04:47:11.428435064Z"}
{"log":"INFO [03-25|04:47:20.662] Imported new chain segment               blocks=1     txs=1     mgas=0.433   elapsed=15.747ms  mgasps=27.511   number=2405329 hash=510d65…0aff6c dirty=686.31MiB\n","stream":"stderr","time":"2020-03-25T04:47:20.662365527Z"}
{"log":"INFO [03-25|04:47:20.928] Chain reorg detected                     number=2405328 hash=f820e4…ba180d drop=1 dropfrom=510d65…0aff6c add=1 addfrom=2c2840…2ba1d9\n","stream":"stderr","time":"2020-03-25T04:47:20.928403039Z"}
{"log":"INFO [03-25|04:47:20.928] Imported new chain segment               blocks=1     txs=1     mgas=0.433   elapsed=15.759ms  mgasps=27.490   number=2405329 hash=2c2840…2ba1d9 dirty=686.31MiB\n","stream":"stderr","time":"2020-03-25T04:47:20.928677059Z"}
{"log":"INFO [03-25|04:47:25.732] Imported new chain segment               blocks=1     txs=2     mgas=0.489   elapsed=16.087ms  mgasps=30.393   number=2405329 hash=afdc88…aa3abe dirty=686.32MiB\n","stream":"stderr","time":"2020-03-25T04:47:25.73279997Z"}
{"log":"INFO [03-25|04:47:35.073] Imported new chain segment               blocks=1     txs=1     mgas=0.056   elapsed=9.573ms   mgasps=5.820    number=2405330 hash=f76a63…5e77b4 dirty=685.87MiB\n","stream":"stderr","time":"2020-03-25T04:47:35.073999669Z"}
{"log":"INFO [03-25|04:47:37.609] Imported new chain segment               blocks=1     txs=1     mgas=0.056   elapsed=1.886ms   mgasps=29.531   number=2405330 hash=fb2cc7…f89994 dirty=685.87MiB\n","stream":"stderr","time":"2020-03-25T04:47:37.60929635Z"}
{"log":"INFO [03-25|04:47:51.851] Imported new chain segment               blocks=1     txs=0     mgas=0.000   elapsed=1.307ms   mgasps=0.000    number=2405331 hash=baa468…669d73 dirty=685.82MiB\n","stream":"stderr","time":"2020-03-25T04:47:51.852104916Z"}
{"log":"INFO [03-25|04:47:54.848] Chain reorg detected                     number=2405330 hash=f76a63…5e77b4 drop=1 dropfrom=baa468…669d73 add=1 addfrom=6aa259…571bd6\n","stream":"stderr","time":"2020-03-25T04:47:54.848433646Z"}
{"log":"INFO [03-25|04:47:54.848] Imported new chain segment               blocks=1     txs=1     mgas=0.433   elapsed=12.744ms  mgasps=33.992   number=2405331 hash=6aa259…571bd6 dirty=685.85MiB\n","stream":"stderr","time":"2020-03-25T04:47:54.848558547Z"}
{"log":"INFO [03-25|04:48:06.003] Imported new chain segment               blocks=1     txs=1     mgas=0.493   elapsed=10.133ms  mgasps=48.672   number=2405332 hash=9cbc89…71adee dirty=685.89MiB\n","stream":"stderr","time":"2020-03-25T04:48:06.004091278Z"}
{"log":"INFO [03-25|04:48:11.459] Deep froze chain segment                 blocks=4     elapsed=30.974ms  number=2315331 hash=c9f685…50fb2e\n","stream":"stderr","time":"2020-03-25T04:48:11.459794125Z"}
{"log":"INFO [03-25|04:48:21.739] Imported new chain segment               blocks=1     txs=4     mgas=1.493   elapsed=20.147ms  mgasps=74.097   number=2405333 hash=4e91b7…73bad0 dirty=685.96MiB\n","stream":"stderr","time":"2020-03-25T04:48:21.739844923Z"}
{"log":"INFO [03-25|04:48:35.123] Imported new chain segment               blocks=1     txs=1     mgas=0.111   elapsed=4.664ms   mgasps=23.797   number=2405334 hash=0f9caf…052e96 dirty=685.97MiB\n","stream":"stderr","time":"2020-03-25T04:48:35.124372377Z"}
{"log":"INFO [03-25|04:48:50.424] Imported new chain segment               blocks=1     txs=0     mgas=0.000   elapsed=833.61µs  mgasps=0.000    number=2405335 hash=434b83…520c24 dirty=685.95MiB\n","stream":"stderr","time":"2020-03-25T04:48:50.424251272Z"}
{"log":"INFO [03-25|04:48:51.760] Imported new chain segment               blocks=1     txs=0     mgas=0.000   elapsed=340.812µs mgasps=0.000    number=2405335 hash=678328…6ee2ad dirty=685.95MiB\n","stream":"stderr","time":"2020-03-25T04:48:51.76026761Z"}
{"log":"INFO [03-25|04:49:05.061] Chain reorg detected                     number=2405334 hash=0f9caf…052e96 drop=1 dropfrom=434b83…520c24 add=2 addfrom=1f3e90…702989\n","stream":"stderr","time":"2020-03-25T04:49:05.061333235Z"}
{"log":"INFO [03-25|04:49:05.061] Imported new chain segment               blocks=1     txs=0     mgas=0.000   elapsed=1.416ms   mgasps=0.000    number=2405336 hash=1f3e90…702989 dirty=685.92MiB\n","stream":"stderr","time":"2020-03-25T04:49:05.061630489Z"}
{"log":"INFO [03-25|04:49:07.671] Imported new chain segment               blocks=1     txs=0     mgas=0.000   elapsed=319.928µs mgasps=0.000    number=2405336 hash=650313…482152 dirty=685.92MiB\n","stream":"stderr","time":"2020-03-25T04:49:07.671425399Z"}
{"log":"INFO [03-25|04:49:11.491] Deep froze chain segment                 blocks=4     elapsed=31.954ms  number=2315335 hash=5758e5…5b2094\n","stream":"stderr","time":"2020-03-25T04:49:11.492122775Z"}
{"log":"INFO [03-25|04:49:20.053] Imported new chain segment               blocks=1     txs=0     mgas=0.000   elapsed=389.269µs mgasps=0.000    number=2405337 hash=21fcf3…388bd9 dirty=685.92MiB\n","stream":"stderr","time":"2020-03-25T04:49:20.053567414Z"}
{"log":"INFO [03-25|04:49:35.088] Imported new chain segment               blocks=1     txs=1     mgas=0.487   elapsed=17.457ms  mgasps=27.874   number=2405338 hash=9e4783…77e38a dirty=685.92MiB\n","stream":"stderr","time":"2020-03-25T04:49:35.089075105Z"}
{"log":"INFO [03-25|04:49:39.891] Imported new chain segment               blocks=1     txs=1     mgas=0.487   elapsed=13.310ms  mgasps=36.559   number=2405338 hash=0ba1e7…4a3b50 dirty=685.92MiB\n","stream":"stderr","time":"2020-03-25T04:49:39.891901713Z"}
{"log":"INFO [03-25|04:49:50.495] Imported new chain segment               blocks=1     txs=1     mgas=0.096   elapsed=4.833ms   mgasps=19.844   number=2405339 hash=d198d0…53ff05 dirty=685.79MiB\n","stream":"stderr","time":"2020-03-25T04:49:50.495878273Z"}
{"log":"INFO [03-25|04:49:52.841] Imported new chain segment               blocks=1     txs=1     mgas=0.096   elapsed=3.778ms   mgasps=25.383   number=2405339 hash=61b66a…629e69 dirty=685.80MiB\n","stream":"stderr","time":"2020-03-25T04:49:52.841931091Z"}
{"log":"INFO [03-25|04:50:05.131] Imported new chain segment               blocks=1     txs=0     mgas=0.000   elapsed=883.044µs mgasps=0.000    number=2405340 hash=7ad01f…9f7759 dirty=685.78MiB\n","stream":"stderr","time":"2020-03-25T04:50:05.132219486Z"}
{"log":"INFO [03-25|04:50:06.997] Imported new chain segment               blocks=1     txs=1     mgas=0.433   elapsed=13.193ms  mgasps=32.838   number=2405340 hash=f5b794…b8a63c dirty=685.80MiB\n","stream":"stderr","time":"2020-03-25T04:50:06.998121145Z"}
{"log":"INFO [03-25|04:50:11.527] Deep froze chain segment                 blocks=4     elapsed=35.570ms  number=2315339 hash=4715ce…cef7a1\n","stream":"stderr","time":"2020-03-25T04:50:11.527963343Z"}
{"log":"INFO [03-25|04:50:20.487] Imported new chain segment               blocks=1     txs=1     mgas=0.433   elapsed=13.521ms  mgasps=32.040   number=2405341 hash=bb8855…4cdf97 dirty=685.80MiB\n","stream":"stderr","time":"2020-03-25T04:50:20.48734907Z"}
{"log":"INFO [03-25|04:50:22.855] Imported new chain segment               blocks=1     txs=1     mgas=0.433   elapsed=12.673ms  mgasps=34.184   number=2405341 hash=3ca2c0…865561 dirty=685.80MiB\n","stream":"stderr","time":"2020-03-25T04:50:22.855988871Z"}
{"log":"INFO [03-25|04:50:35.285] Chain reorg detected                     number=2405340 hash=7ad01f…9f7759 drop=1 dropfrom=bb8855…4cdf97 add=2 addfrom=143a8d…2c5a39\n","stream":"stderr","time":"2020-03-25T04:50:35.285628214Z"}
{"log":"INFO [03-25|04:50:35.286] Imported new chain segment               blocks=1     txs=6     mgas=3.500   elapsed=37.178ms  mgasps=94.144   number=2405342 hash=143a8d…2c5a39 dirty=686.11MiB\n","stream":"stderr","time":"2020-03-25T04:50:35.286582013Z"}
{"log":"INFO [03-25|04:50:37.568] Chain reorg detected                     number=2405340 hash=7ad01f…9f7759 drop=2 dropfrom=143a8d…2c5a39 add=2 addfrom=b88df8…15fbe7\n","stream":"stderr","time":"2020-03-25T04:50:37.568740503Z"}
{"log":"INFO [03-25|04:50:37.569] Imported new chain segment               blocks=1     txs=2     mgas=0.191   elapsed=4.585ms   mgasps=41.656   number=2405342 hash=b88df8…15fbe7 dirty=686.11MiB\n","stream":"stderr","time":"2020-03-25T04:50:37.569151243Z"}
{"log":"INFO [03-25|04:50:50.419] Chain reorg detected                     number=2405340 hash=7ad01f…9f7759 drop=2 dropfrom=b88df8…15fbe7 add=3 addfrom=2b34af…dc147c\n","stream":"stderr","time":"2020-03-25T04:50:50.419922852Z"}
{"log":"INFO [03-25|04:50:50.420] Imported new chain segment               blocks=1     txs=3     mgas=0.903   elapsed=17.285ms  mgasps=52.244   number=2405343 hash=2b34af…dc147c dirty=686.15MiB\n","stream":"stderr","time":"2020-03-25T04:50:50.420400328Z"}
{"log":"INFO [03-25|04:50:52.782] Chain reorg detected                     number=2405342 hash=143a8d…2c5a39 drop=1 dropfrom=2b34af…dc147c add=1 addfrom=50c8b8…6ce1aa\n","stream":"stderr","time":"2020-03-25T04:50:52.782554856Z"}
{"log":"INFO [03-25|04:50:52.782] Imported new chain segment               blocks=1     txs=2     mgas=0.470   elapsed=7.719ms   mgasps=60.868   number=2405343 hash=50c8b8…6ce1aa dirty=686.15MiB\n","stream":"stderr","time":"2020-03-25T04:50:52.782886603Z"}
{"log":"INFO [03-25|04:50:52.827] Chain reorg detected                     number=2405342 hash=143a8d…2c5a39 drop=1 dropfrom=50c8b8…6ce1aa add=1 addfrom=298139…f0e5cb\n","stream":"stderr","time":"2020-03-25T04:50:52.827559419Z"}
{"log":"INFO [03-25|04:50:52.827] Imported new chain segment               blocks=1     txs=1     mgas=0.414   elapsed=5.215ms   mgasps=79.410   number=2405343 hash=298139…f0e5cb dirty=686.16MiB\n","stream":"stderr","time":"2020-03-25T04:50:52.82775626Z"}
{"log":"INFO [03-25|04:51:06.760] Chain reorg detected                     number=2405342 hash=143a8d…2c5a39 drop=1 dropfrom=298139…f0e5cb add=2 addfrom=86af1e…fb6b77\n","stream":"stderr","time":"2020-03-25T04:51:06.760784072Z"}
{"log":"INFO [03-25|04:51:06.761] Imported new chain segment               blocks=1     txs=0     mgas=0.000   elapsed=1.861ms   mgasps=0.000    number=2405344 hash=86af1e…fb6b77 dirty=686.13MiB\n","stream":"stderr","time":"2020-03-25T04:51:06.761940879Z"}
{"log":"INFO [03-25|04:51:07.469] Chain reorg detected                     number=2405343 hash=2b34af…dc147c drop=1 dropfrom=86af1e…fb6b77 add=1 addfrom=f485d7…7463e3\n","stream":"stderr","time":"2020-03-25T04:51:07.469736664Z"}
{"log":"INFO [03-25|04:51:07.469] Imported new chain segment               blocks=1     txs=1     mgas=0.133   elapsed=2.040ms   mgasps=65.253   number=2405344 hash=f485d7…7463e3 dirty=686.14MiB\n","stream":"stderr","time":"2020-03-25T04:51:07.469895186Z"}
{"log":"INFO [03-25|04:51:11.562] Deep froze chain segment                 blocks=4     elapsed=33.714ms  number=2315343 hash=2ef4e6…4e06bd\n","stream":"stderr","time":"2020-03-25T04:51:11.562169594Z"}
{"log":"INFO [03-25|04:51:20.073] Chain reorg detected                     number=2405343 hash=2b34af…dc147c drop=1 dropfrom=f485d7…7463e3 add=2 addfrom=eb5278…75c490\n","stream":"stderr","time":"2020-03-25T04:51:20.073818544Z"}
{"log":"INFO [03-25|04:51:20.074] Imported new chain segment               blocks=1     txs=1     mgas=0.133   elapsed=2.724ms   mgasps=48.876   number=2405345 hash=eb5278…75c490 dirty=686.14MiB\n","stream":"stderr","time":"2020-03-25T04:51:20.0742739Z"}
{"log":"INFO [03-25|04:51:35.171] Imported new chain segment               blocks=1     txs=3     mgas=0.593   elapsed=18.404ms  mgasps=32.219   number=2405346 hash=6ef052…f3871d dirty=686.15MiB\n","stream":"stderr","time":"2020-03-25T04:51:35.17203779Z"}
{"log":"INFO [03-25|04:51:35.292] Imported new chain segment               blocks=1     txs=3     mgas=0.593   elapsed=14.116ms  mgasps=42.006   number=2405346 hash=bc95fc…cdbb53 dirty=686.15MiB\n","stream":"stderr","time":"2020-03-25T04:51:35.292531058Z"}
{"log":"INFO [03-25|04:51:50.059] Chain reorg detected                     number=2405345 hash=eb5278…75c490 drop=1 dropfrom=6ef052…f3871d add=2 addfrom=d361fd…5a5021\n","stream":"stderr","time":"2020-03-25T04:51:50.059437613Z"}
{"log":"INFO [03-25|04:51:50.059] Imported new chain segment               blocks=1     txs=0     mgas=0.000   elapsed=1.318ms   mgasps=0.000    number=2405347 hash=d361fd…5a5021 dirty=686.14MiB\n","stream":"stderr","time":"2020-03-25T04:51:50.059987552Z"}
{"log":"INFO [03-25|04:51:53.693] Imported new chain segment               blocks=1     txs=0     mgas=0.000   elapsed=402.146µs mgasps=0.000    number=2405347 hash=249768…05ee70 dirty=686.14MiB\n","stream":"stderr","time":"2020-03-25T04:51:53.69388099Z"}
{"log":"INFO [03-25|04:52:05.991] Imported new chain segment               blocks=1     txs=0     mgas=0.000   elapsed=1.018ms   mgasps=0.000    number=2405348 hash=cd1f96…c881f2 dirty=686.14MiB\n","stream":"stderr","time":"2020-03-25T04:52:05.992363764Z"}
{"log":"INFO [03-25|04:52:08.008] Imported new chain segment               blocks=1     txs=0     mgas=0.000   elapsed=461.488µs mgasps=0.000    number=2405348 hash=73b37a…a94e98 dirty=686.14MiB\n","stream":"stderr","time":"2020-03-25T04:52:08.008847175Z"}
{"log":"INFO [03-25|04:52:11.596] Deep froze chain segment                 blocks=4     elapsed=33.858ms  number=2315347 hash=291333…31f007\n","stream":"stderr","time":"2020-03-25T04:52:11.596705144Z"}
{"log":"INFO [03-25|04:52:20.877] Imported new chain segment               blocks=1     txs=1     mgas=0.433   elapsed=19.834ms  mgasps=21.843   number=2405349 hash=b3bd1d…6de94c dirty=686.03MiB\n","stream":"stderr","time":"2020-03-25T04:52:20.877621817Z"}
{"log":"INFO [03-25|04:52:20.918] Imported new chain segment               blocks=1     txs=0     mgas=0.000   elapsed=251.366µs mgasps=0.000    number=2405349 hash=5bfdc5…48309f dirty=686.03MiB\n","stream":"stderr","time":"2020-03-25T04:52:20.918992453Z"}
{"log":"INFO [03-25|04:52:27.457] Imported new chain segment               blocks=1     txs=1     mgas=0.433   elapsed=16.610ms  mgasps=26.082   number=2405349 hash=a5db47…d5d25e dirty=686.04MiB\n","stream":"stderr","time":"2020-03-25T04:52:27.458187904Z"}
{"log":"INFO [03-25|04:52:35.496] Imported new chain segment               blocks=1     txs=0     mgas=0.000   elapsed=3.625ms   mgasps=0.000    number=2405350 hash=abd754…498905 dirty=685.86MiB\n","stream":"stderr","time":"2020-03-25T04:52:35.496253587Z"}
{"log":"INFO [03-25|04:52:35.552] Chain reorg detected                     number=2405348 hash=cd1f96…c881f2 drop=2 dropfrom=abd754…498905 add=2 addfrom=e304d8…da7a1a\n","stream":"stderr","time":"2020-03-25T04:52:35.552739645Z"}
{"log":"INFO [03-25|04:52:35.553] Imported new chain segment               blocks=1     txs=1     mgas=0.433   elapsed=17.518ms  mgasps=24.731   number=2405350 hash=e304d8…da7a1a dirty=685.86MiB\n","stream":"stderr","time":"2020-03-25T04:52:35.553174078Z"}
{"log":"INFO [03-25|04:52:50.096] Chain reorg detected                     number=2405348 hash=cd1f96…c881f2 drop=2 dropfrom=e304d8…da7a1a add=3 addfrom=a1be4a…cb413a\n","stream":"stderr","time":"2020-03-25T04:52:50.096891943Z"}
{"log":"INFO [03-25|04:52:50.097] Imported new chain segment               blocks=1     txs=1     mgas=0.033   elapsed=2.494ms   mgasps=13.178   number=2405351 hash=a1be4a…cb413a dirty=685.84MiB\n","stream":"stderr","time":"2020-03-25T04:52:50.097346902Z"}
{"log":"INFO [03-25|04:52:52.377] Imported new chain segment               blocks=1     txs=1     mgas=0.033   elapsed=1.600ms   mgasps=20.547   number=2405351 hash=b8530d…ae6d81 dirty=685.84MiB\n","stream":"stderr","time":"2020-03-25T04:52:52.3777065Z"}
{"log":"INFO [03-25|04:53:05.268] Imported new chain segment               blocks=1     txs=2     mgas=0.135   elapsed=3.338ms   mgasps=40.526   number=2405352 hash=636e6a…a822ed dirty=685.84MiB\n","stream":"stderr","time":"2020-03-25T04:53:05.26884312Z"}
{"log":"INFO [03-25|04:53:05.618] Chain reorg detected                     number=2405351 hash=a1be4a…cb413a drop=1 dropfrom=636e6a…a822ed add=1 addfrom=b73d22…d056b3\n","stream":"stderr","time":"2020-03-25T04:53:05.61901626Z"}
{"log":"INFO [03-25|04:53:05.619] Imported new chain segment               blocks=1     txs=2     mgas=0.135   elapsed=2.371ms   mgasps=57.053   number=2405352 hash=b73d22…d056b3 dirty=685.85MiB\n","stream":"stderr","time":"2020-03-25T04:53:05.619222295Z"}
{"log":"INFO [03-25|04:53:07.590] Chain reorg detected                     number=2405351 hash=a1be4a…cb413a drop=1 dropfrom=b73d22…d056b3 add=1 addfrom=887f15…e2e96a\n","stream":"stderr","time":"2020-03-25T04:53:07.59027401Z"}
{"log":"INFO [03-25|04:53:07.598] Imported new chain segment               blocks=1     txs=1     mgas=0.096   elapsed=10.292ms  mgasps=9.319    number=2405352 hash=887f15…e2e96a dirty=685.85MiB\n","stream":"stderr","time":"2020-03-25T04:53:07.598520715Z"}
{"log":"INFO [03-25|04:53:11.634] Deep froze chain segment                 blocks=4     elapsed=37.757ms  number=2315351 hash=a442d5…0c9ee5\n","stream":"stderr","time":"2020-03-25T04:53:11.634803365Z"}
{"log":"INFO [03-25|04:53:20.420] Imported new chain segment               blocks=1     txs=1     mgas=0.039   elapsed=2.305ms   mgasps=17.081   number=2405353 hash=501c1d…921732 dirty=685.83MiB\n","stream":"stderr","time":"2020-03-25T04:53:20.421152864Z"}
{"log":"INFO [03-25|04:53:35.454] Imported new chain segment               blocks=1     txs=0     mgas=0.000   elapsed=632.752µs mgasps=0.000    number=2405354 hash=c64d86…7bcf2e dirty=685.83MiB\n","stream":"stderr","time":"2020-03-25T04:53:35.454957337Z"}
{"log":"INFO [03-25|04:53:50.253] Imported new chain segment               blocks=1     txs=0     mgas=0.000   elapsed=739.255µs mgasps=0.000    number=2405355 hash=c4e11a…582476 dirty=685.83MiB\n","stream":"stderr","time":"2020-03-25T04:53:50.253349523Z"}
{"log":"INFO [03-25|04:53:52.077] Chain reorg detected                     number=2405354 hash=c64d86…7bcf2e drop=1 dropfrom=c4e11a…582476 add=1 addfrom=2355df…275e31\n","stream":"stderr","time":"2020-03-25T04:53:52.078171482Z"}
{"log":"INFO [03-25|04:53:52.078] Imported new chain segment               blocks=1     txs=0     mgas=0.000   elapsed=1.020ms   mgasps=0.000    number=2405355 hash=2355df…275e31 dirty=685.83MiB\n","stream":"stderr","time":"2020-03-25T04:53:52.079867706Z"}
{"log":"INFO [03-25|04:54:06.486] Chain reorg detected                     number=2405354 hash=c64d86…7bcf2e drop=1 dropfrom=2355df…275e31 add=2 addfrom=5e6f10…e0a217\n","stream":"stderr","time":"2020-03-25T04:54:06.486816549Z"}
{"log":"INFO [03-25|04:54:06.486] Imported new chain segment               blocks=1     txs=0     mgas=0.000   elapsed=1.150ms   mgasps=0.000    number=2405356 hash=5e6f10…e0a217 dirty=685.80MiB\n","stream":"stderr","time":"2020-03-25T04:54:06.487082435Z"}
{"log":"INFO [03-25|04:54:07.819] Imported new chain segment               blocks=1     txs=0     mgas=0.000   elapsed=385.321µs mgasps=0.000    number=2405356 hash=6543e8…45a4d0 dirty=685.80MiB\n","stream":"stderr","time":"2020-03-25T04:54:07.819665559Z"}
{"log":"INFO [03-25|04:54:07.879] Imported new chain segment               blocks=1     txs=1     mgas=0.056   elapsed=2.320ms   mgasps=24.013   number=2405356 hash=ba48fb…3cc978 dirty=685.81MiB\n","stream":"stderr","time":"2020-03-25T04:54:07.879585655Z"}
{"log":"INFO [03-25|04:54:11.670] Deep froze chain segment                 blocks=4     elapsed=34.829ms  number=2315355 hash=0edf60…891618\n","stream":"stderr","time":"2020-03-25T04:54:11.670270343Z"}
{"log":"INFO [03-25|04:54:20.563] Chain reorg detected                     number=2405355 hash=c4e11a…582476 drop=1 dropfrom=5e6f10…e0a217 add=2 addfrom=b8810b…70f9b2\n","stream":"stderr","time":"2020-03-25T04:54:20.563553899Z"}
{"log":"INFO [03-25|04:54:20.564] Imported new chain segment               blocks=1     txs=0     mgas=0.000   elapsed=1.456ms   mgasps=0.000    number=2405357 hash=b8810b…70f9b2 dirty=685.79MiB\n","stream":"stderr","time":"2020-03-25T04:54:20.564261071Z"}
{"log":"INFO [03-25|04:54:22.813] Chain reorg detected                     number=2405355 hash=c4e11a…582476 drop=2 dropfrom=b8810b…70f9b2 add=2 addfrom=7c02ce…f49967\n","stream":"stderr","time":"2020-03-25T04:54:22.81341871Z"}
{"log":"INFO [03-25|04:54:22.813] Imported new chain segment               blocks=1     txs=1     mgas=0.056   elapsed=2.030ms   mgasps=27.450   number=2405357 hash=7c02ce…f49967 dirty=685.79MiB\n","stream":"stderr","time":"2020-03-25T04:54:22.813775592Z"}
{"log":"INFO [03-25|04:54:35.637] Chain reorg detected                     number=2405355 hash=c4e11a…582476 drop=2 dropfrom=7c02ce…f49967 add=3 addfrom=bfb82b…8273a1\n","stream":"stderr","time":"2020-03-25T04:54:35.637410353Z"}
{"log":"INFO [03-25|04:54:35.637] Imported new chain segment               blocks=1     txs=0     mgas=0.000   elapsed=839.717µs mgasps=0.000    number=2405358 hash=bfb82b…8273a1 dirty=685.79MiB\n","stream":"stderr","time":"2020-03-25T04:54:35.637802235Z"}
{"log":"INFO [03-25|04:54:35.766] Chain reorg detected                     number=2405357 hash=b8810b…70f9b2 drop=1 dropfrom=bfb82b…8273a1 add=1 addfrom=09ed1a…cad3c1\n","stream":"stderr","time":"2020-03-25T04:54:35.766740472Z"}
{"log":"INFO [03-25|04:54:35.766] Imported new chain segment               blocks=1     txs=0     mgas=0.000   elapsed=529.637µs mgasps=0.000    number=2405358 hash=09ed1a…cad3c1 dirty=685.79MiB\n","stream":"stderr","time":"2020-03-25T04:54:35.766891736Z"}
{"log":"INFO [03-25|04:54:36.586] Imported new chain segment               blocks=1     txs=1     mgas=0.524   elapsed=13.373ms  mgasps=39.190   number=2405358 hash=9c6cd9…3faee8 dirty=685.81MiB\n","stream":"stderr","time":"2020-03-25T04:54:36.58617233Z"}
{"log":"INFO [03-25|04:54:51.662] Chain reorg detected                     number=2405357 hash=b8810b…70f9b2 drop=1 dropfrom=09ed1a…cad3c1 add=2 addfrom=e1b2b0…aafdd6\n","stream":"stderr","time":"2020-03-25T04:54:51.662598732Z"}
{"log":"INFO [03-25|04:54:51.662] Imported new chain segment               blocks=1     txs=1     mgas=0.524   elapsed=13.822ms  mgasps=37.914   number=2405359 hash=e1b2b0…aafdd6 dirty=685.82MiB\n","stream":"stderr","time":"2020-03-25T04:54:51.662788241Z"}
{"log":"INFO [03-25|04:54:52.819] Chain reorg detected                     number=2405358 hash=bfb82b…8273a1 drop=1 dropfrom=e1b2b0…aafdd6 add=1 addfrom=1f89d9…af4a79\n","stream":"stderr","time":"2020-03-25T04:54:52.821651459Z"}
{"log":"INFO [03-25|04:54:52.819] Imported new chain segment               blocks=1     txs=1     mgas=0.524   elapsed=20.156ms  mgasps=26.001   number=2405359 hash=1f89d9…af4a79 dirty=685.82MiB\n","stream":"stderr","time":"2020-03-25T04:54:52.821683334Z"}
{"log":"INFO [03-25|04:54:56.809] Imported new chain segment               blocks=1     txs=1     mgas=0.524   elapsed=17.598ms  mgasps=29.780   number=2405359 hash=f11059…f4def0 dirty=685.82MiB\n","stream":"stderr","time":"2020-03-25T04:54:56.809541818Z"}
{"log":"INFO [03-25|04:55:05.415] Chain reorg detected                     number=2405358 hash=bfb82b…8273a1 drop=1 dropfrom=1f89d9…af4a79 add=2 addfrom=c898ee…927e0e\n","stream":"stderr","time":"2020-03-25T04:55:05.415277286Z"}
{"log":"INFO [03-25|04:55:05.415] Imported new chain segment               blocks=1     txs=0     mgas=0.000   elapsed=1.283ms   mgasps=0.000    number=2405360 hash=c898ee…927e0e dirty=685.80MiB\n","stream":"stderr","time":"2020-03-25T04:55:05.41576355Z"}
{"log":"INFO [03-25|04:55:06.150] Chain reorg detected                     number=2405359 hash=e1b2b0…aafdd6 drop=1 dropfrom=c898ee…927e0e add=1 addfrom=606f27…0d9f30\n","stream":"stderr","time":"2020-03-25T04:55:06.150604174Z"}
{"log":"INFO [03-25|04:55:06.150] Imported new chain segment               blocks=1     txs=1     mgas=0.433   elapsed=17.877ms  mgasps=24.234   number=2405360 hash=606f27…0d9f30 dirty=685.82MiB\n","stream":"stderr","time":"2020-03-25T04:55:06.150885247Z"}
{"log":"INFO [03-25|04:55:11.706] Deep froze chain segment                 blocks=4     elapsed=36.444ms  number=2315359 hash=8901e7…c582f2\n","stream":"stderr","time":"2020-03-25T04:55:11.70695526Z"}
{"log":"INFO [03-25|04:55:21.330] Chain reorg detected                     number=2405359 hash=e1b2b0…aafdd6 drop=1 dropfrom=606f27…0d9f30 add=2 addfrom=d9a211…3b77ee\n","stream":"stderr","time":"2020-03-25T04:55:21.330517828Z"}
{"log":"INFO [03-25|04:55:21.330] Imported new chain segment               blocks=1     txs=1     mgas=0.433   elapsed=17.470ms  mgasps=24.798   number=2405361 hash=d9a211…3b77ee dirty=685.82MiB\n","stream":"stderr","time":"2020-03-25T04:55:21.330932181Z"}
{"log":"INFO [03-25|04:55:26.100] Chain reorg detected                     number=2405360 hash=c898ee…927e0e drop=1 dropfrom=d9a211…3b77ee add=1 addfrom=9614f4…8704e1\n","stream":"stderr","time":"2020-03-25T04:55:26.10116029Z"}
{"log":"INFO [03-25|04:55:26.101] Imported new chain segment               blocks=1     txs=1     mgas=0.433   elapsed=17.759ms  mgasps=24.396   number=2405361 hash=9614f4…8704e1 dirty=685.83MiB\n","stream":"stderr","time":"2020-03-25T04:55:26.101429405Z"}
{"log":"INFO [03-25|04:55:35.226] Imported new chain segment               blocks=1     txs=5     mgas=1.737   elapsed=16.849ms  mgasps=103.113  number=2405362 hash=386056…cc133e dirty=685.93MiB\n","stream":"stderr","time":"2020-03-25T04:55:35.226577595Z"}
{"log":"INFO [03-25|04:55:36.861] Chain reorg detected                     number=2405361 hash=9614f4…8704e1 drop=1 dropfrom=386056…cc133e add=1 addfrom=6fc459…eff503\n","stream":"stderr","time":"2020-03-25T04:55:36.861660797Z"}
{"log":"INFO [03-25|04:55:36.861] Imported new chain segment               blocks=1     txs=2     mgas=1.133   elapsed=12.880ms  mgasps=87.947   number=2405362 hash=6fc459…eff503 dirty=685.94MiB\n","stream":"stderr","time":"2020-03-25T04:55:36.861984839Z"}
{"log":"INFO [03-25|04:55:36.894] Imported new chain segment               blocks=1     txs=5     mgas=1.737   elapsed=20.956ms  mgasps=82.903   number=2405362 hash=f2b6c3…63f4dd dirty=685.94MiB\n","stream":"stderr","time":"2020-03-25T04:55:36.894745672Z"}
{"log":"INFO [03-25|04:55:38.258] Imported new chain segment               blocks=1     txs=0     mgas=0.000   elapsed=613.437µs mgasps=0.000    number=2405362 hash=81c3af…023113 dirty=685.94MiB\n","stream":"stderr","time":"2020-03-25T04:55:38.258624399Z"}
{"log":"INFO [03-25|04:55:50.995] Chain reorg detected                     number=2405361 hash=9614f4…8704e1 drop=1 dropfrom=6fc459…eff503 add=2 addfrom=b02bc7…32ad21\n","stream":"stderr","time":"2020-03-25T04:55:50.995973542Z"}
{"log":"INFO [03-25|04:55:50.996] Imported new chain segment               blocks=1     txs=1     mgas=0.433   elapsed=18.062ms  mgasps=23.984   number=2405363 hash=b02bc7…32ad21 dirty=685.96MiB\n","stream":"stderr","time":"2020-03-25T04:55:50.996763707Z"}
{"log":"INFO [03-25|04:55:51.152] Chain reorg detected                     number=2405362 hash=386056…cc133e drop=1 dropfrom=b02bc7…32ad21 add=1 addfrom=b3fdc8…65504b\n","stream":"stderr","time":"2020-03-25T04:55:51.152671338Z"}
{"log":"INFO [03-25|04:55:51.152] Imported new chain segment               blocks=1     txs=0     mgas=0.000   elapsed=675.119µs mgasps=0.000    number=2405363 hash=b3fdc8…65504b dirty=685.96MiB\n","stream":"stderr","time":"2020-03-25T04:55:51.152887372Z"}
{"log":"INFO [03-25|04:55:51.238] Imported new chain segment               blocks=1     txs=2     mgas=1.133   elapsed=7.667ms   mgasps=147.743  number=2405362 hash=6d2847…6432a5 dirty=685.97MiB\n","stream":"stderr","time":"2020-03-25T04:55:51.239083763Z"}
{"log":"INFO [03-25|04:56:05.695] Chain reorg detected                     number=2405362 hash=386056…cc133e drop=1 dropfrom=b3fdc8…65504b add=2 addfrom=9e557f…47c5a9\n","stream":"stderr","time":"2020-03-25T04:56:05.695841996Z"}
{"log":"INFO [03-25|04:56:05.696] Imported new chain segment               blocks=1     txs=0     mgas=0.000   elapsed=819.103µs mgasps=0.000    number=2405364 hash=9e557f…47c5a9 dirty=685.97MiB\n","stream":"stderr","time":"2020-03-25T04:56:05.696243065Z"}
{"log":"INFO [03-25|04:56:05.748] Chain reorg detected                     number=2405362 hash=386056…cc133e drop=2 dropfrom=9e557f…47c5a9 add=2 addfrom=f5753a…d83da6\n","stream":"stderr","time":"2020-03-25T04:56:05.748628899Z"}
{"log":"INFO [03-25|04:56:05.748] Imported new chain segment               blocks=1     txs=1     mgas=0.433   elapsed=14.449ms  mgasps=29.982   number=2405364 hash=f5753a…d83da6 dirty=685.97MiB\n","stream":"stderr","time":"2020-03-25T04:56:05.748881182Z"}
{"log":"INFO [03-25|04:56:06.384] Imported new chain segment               blocks=1     txs=0     mgas=0.000   elapsed=375.799µs mgasps=0.000    number=2405364 hash=c51776…cb4b1f dirty=685.97MiB\n","stream":"stderr","time":"2020-03-25T04:56:06.384862244Z"}
{"log":"INFO [03-25|04:56:11.747] Deep froze chain segment                 blocks=4     elapsed=39.913ms  number=2315363 hash=c38874…a0aa49\n","stream":"stderr","time":"2020-03-25T04:56:11.747505333Z"}
{"log":"INFO [03-25|04:56:22.016] Chain reorg detected                     number=2405362 hash=386056…cc133e drop=2 dropfrom=f5753a…d83da6 add=3 addfrom=117431…70e0e3\n","stream":"stderr","time":"2020-03-25T04:56:22.016764608Z"}
{"log":"INFO [03-25|04:56:22.017] Imported new chain segment               blocks=1     txs=0     mgas=0.000   elapsed=1.379ms   mgasps=0.000    number=2405365 hash=117431…70e0e3 dirty=685.95MiB\n","stream":"stderr","time":"2020-03-25T04:56:22.017276224Z"}
{"log":"INFO [03-25|04:56:35.067] Imported new chain segment               blocks=1     txs=5     mgas=0.772   elapsed=16.263ms  mgasps=47.462   number=2405366 hash=d541b2…701ebc dirty=686.00MiB\n","stream":"stderr","time":"2020-03-25T04:56:35.067201204Z"}
{"log":"INFO [03-25|04:56:39.280] New local node record                    seq=39 id=8252fae760b7940d ip=31.147.195.65 udp=1024  tcp=30303\n","stream":"stderr","time":"2020-03-25T04:56:39.280993127Z"}
{"log":"INFO [03-25|04:56:50.622] Imported new chain segment               blocks=1     txs=0     mgas=0.000   elapsed=1.028ms   mgasps=0.000    number=2405367 hash=ddae30…998fdb dirty=685.97MiB\n","stream":"stderr","time":"2020-03-25T04:56:50.622848645Z"}
{"log":"INFO [03-25|04:57:05.152] Imported new chain segment               blocks=1     txs=1     mgas=0.433   elapsed=13.717ms  mgasps=31.581   number=2405368 hash=09ca44…2aab5c dirty=685.98MiB\n","stream":"stderr","time":"2020-03-25T04:57:05.153143663Z"}
{"log":"INFO [03-25|04:57:10.886] Imported new chain segment               blocks=1     txs=1     mgas=0.433   elapsed=17.000ms  mgasps=25.483   number=2405368 hash=3bc40b…2e7ecd dirty=685.99MiB\n","stream":"stderr","time":"2020-03-25T04:57:10.886808604Z"}
{"log":"INFO [03-25|04:57:11.786] Deep froze chain segment                 blocks=4     elapsed=38.728ms  number=2315367 hash=546946…bbd64e\n","stream":"stderr","time":"2020-03-25T04:57:11.786554292Z"}
{"log":"INFO [03-25|04:57:20.789] Imported new chain segment               blocks=1     txs=0     mgas=0.000   elapsed=628.966µs mgasps=0.000    number=2405369 hash=3ea3f5…9e06af dirty=685.97MiB\n","stream":"stderr","time":"2020-03-25T04:57:20.789539803Z"}
{"log":"INFO [03-25|04:57:35.072] Imported new chain segment               blocks=1     txs=0     mgas=0.000   elapsed=2.247ms   mgasps=0.000    number=2405370 hash=9dfbac…eb9589 dirty=685.88MiB\n","stream":"stderr","time":"2020-03-25T04:57:35.072392121Z"}
{"log":"INFO [03-25|04:57:37.657] Imported new chain segment               blocks=1     txs=1     mgas=0.056   elapsed=1.932ms   mgasps=28.842   number=2405370 hash=c7e97b…09cc00 dirty=685.89MiB\n","stream":"stderr","time":"2020-03-25T04:57:37.657438199Z"}
{"log":"INFO [03-25|04:57:51.478] Imported new chain segment               blocks=1     txs=3     mgas=0.792   elapsed=19.456ms  mgasps=40.717   number=2405371 hash=aa8090…85c2f8 dirty=685.91MiB\n","stream":"stderr","time":"2020-03-25T04:57:51.4786557Z"}
{"log":"INFO [03-25|04:57:53.397] Imported new chain segment               blocks=1     txs=3     mgas=0.792   elapsed=20.787ms  mgasps=38.111   number=2405371 hash=d42824…82e4cc dirty=685.92MiB\n","stream":"stderr","time":"2020-03-25T04:57:53.39756903Z"}
{"log":"INFO [03-25|04:57:58.736] Chain reorg detected                     number=2405370 hash=9dfbac…eb9589 drop=1 dropfrom=aa8090…85c2f8 add=1 addfrom=1d4c81…2b0b46\n","stream":"stderr","time":"2020-03-25T04:57:58.736358431Z"}
{"log":"INFO [03-25|04:57:58.736] Imported new chain segment               blocks=1     txs=3     mgas=0.792   elapsed=13.129ms  mgasps=60.340   number=2405371 hash=1d4c81…2b0b46 dirty=685.92MiB\n","stream":"stderr","time":"2020-03-25T04:57:58.736563927Z"}
{"log":"INFO [03-25|04:58:05.452] Imported new chain segment               blocks=1     txs=1     mgas=0.493   elapsed=6.929ms   mgasps=71.174   number=2405372 hash=f3a099…86839f dirty=685.96MiB\n","stream":"stderr","time":"2020-03-25T04:58:05.452519495Z"}
{"log":"INFO [03-25|04:58:06.983] Imported new chain segment               blocks=1     txs=5     mgas=1.986   elapsed=17.158ms  mgasps=115.749  number=2405372 hash=2221a5…7efb2e dirty=686.07MiB\n","stream":"stderr","time":"2020-03-25T04:58:06.983463222Z"}
{"log":"INFO [03-25|04:58:08.864] Imported new chain segment               blocks=1     txs=0     mgas=0.000   elapsed=313.206µs mgasps=0.000    number=2405372 hash=7d7eb6…a11b1e dirty=686.07MiB\n","stream":"stderr","time":"2020-03-25T04:58:08.864249985Z"}
{"log":"INFO [03-25|04:58:09.221] Imported new chain segment               blocks=1     txs=5     mgas=1.986   elapsed=19.383ms  mgasps=102.460  number=2405372 hash=e6b128…4bda5e dirty=686.07MiB\n","stream":"stderr","time":"2020-03-25T04:58:09.222044324Z"}
{"log":"INFO [03-25|04:58:11.820] Deep froze chain segment                 blocks=4     elapsed=34.178ms  number=2315371 hash=652a03…cb91d7\n","stream":"stderr","time":"2020-03-25T04:58:11.82114579Z"}
{"log":"INFO [03-25|04:58:21.222] Imported new chain segment               blocks=1     txs=4     mgas=1.493   elapsed=17.932ms  mgasps=83.250   number=2405373 hash=7e1cd4…14069d dirty=686.06MiB\n","stream":"stderr","time":"2020-03-25T04:58:21.222905503Z"}
{"log":"INFO [03-25|04:58:21.305] Imported new chain segment               blocks=1     txs=4     mgas=1.493   elapsed=10.058ms  mgasps=148.420  number=2405373 hash=b9eb5c…dd95a9 dirty=686.06MiB\n","stream":"stderr","time":"2020-03-25T04:58:21.305533904Z"}
{"log":"INFO [03-25|04:58:21.520] Imported new chain segment               blocks=1     txs=5     mgas=1.986   elapsed=18.641ms  mgasps=106.542  number=2405372 hash=3f49cb…17f931 dirty=686.07MiB\n","stream":"stderr","time":"2020-03-25T04:58:21.520383347Z"}
{"log":"INFO [03-25|04:58:22.495] Imported new chain segment               blocks=1     txs=4     mgas=1.493   elapsed=11.484ms  mgasps=129.986  number=2405373 hash=5df19c…538116 dirty=686.07MiB\n","stream":"stderr","time":"2020-03-25T04:58:22.495710025Z"}
{"log":"INFO [03-25|04:58:35.122] Chain reorg detected                     number=2405372 hash=f3a099…86839f drop=1 dropfrom=7e1cd4…14069d add=2 addfrom=f9228d…464fbb\n","stream":"stderr","time":"2020-03-25T04:58:35.122143614Z"}
{"log":"INFO [03-25|04:58:35.122] Imported new chain segment               blocks=1     txs=0     mgas=0.000   elapsed=1.182ms   mgasps=0.000    number=2405374 hash=f9228d…464fbb dirty=686.05MiB\n","stream":"stderr","time":"2020-03-25T04:58:35.122601961Z"}
{"log":"INFO [03-25|04:58:52.602] Imported new chain segment               blocks=1     txs=1     mgas=0.021   elapsed=2.958ms   mgasps=7.099    number=2405375 hash=ee603d…3c7778 dirty=686.04MiB\n","stream":"stderr","time":"2020-03-25T04:58:52.602886231Z"}
{"log":"INFO [03-25|04:58:52.643] Chain reorg detected                     number=2405374 hash=f9228d…464fbb drop=1 dropfrom=ee603d…3c7778 add=1 addfrom=1c8a96…2baa10\n","stream":"stderr","time":"2020-03-25T04:58:52.643566368Z"}
{"log":"INFO [03-25|04:58:52.643] Imported new chain segment               blocks=1     txs=1     mgas=0.021   elapsed=1.762ms   mgasps=11.914   number=2405375 hash=1c8a96…2baa10 dirty=686.04MiB\n","stream":"stderr","time":"2020-03-25T04:58:52.643889833Z"}
{"log":"INFO [03-25|04:58:52.649] Imported new chain segment               blocks=1     txs=1     mgas=0.021   elapsed=2.058ms   mgasps=10.204   number=2405375 hash=cc968b…29984c dirty=686.04MiB\n","stream":"stderr","time":"2020-03-25T04:58:52.649624628Z"}
{"log":"INFO [03-25|04:58:52.686] Chain reorg detected                     number=2405374 hash=f9228d…464fbb drop=1 dropfrom=1c8a96…2baa10 add=1 addfrom=b967ef…6ffcfc\n","stream":"stderr","time":"2020-03-25T04:58:52.686342611Z"}
{"log":"INFO [03-25|04:58:52.686] Imported new chain segment               blocks=1     txs=1     mgas=0.021   elapsed=1.429ms   mgasps=14.696   number=2405375 hash=b967ef…6ffcfc dirty=686.04MiB\n","stream":"stderr","time":"2020-03-25T04:58:52.686598287Z"}
{"log":"INFO [03-25|04:58:52.710] Chain reorg detected                     number=2405374 hash=f9228d…464fbb drop=1 dropfrom=b967ef…6ffcfc add=1 addfrom=911bd9…e88e67\n","stream":"stderr","time":"2020-03-25T04:58:52.711932631Z"}
{"log":"INFO [03-25|04:58:52.710] Imported new chain segment               blocks=1     txs=0     mgas=0.000   elapsed=681.307µs mgasps=0.000    number=2405375 hash=911bd9…e88e67 dirty=686.04MiB\n","stream":"stderr","time":"2020-03-25T04:58:52.711968105Z"}
{"log":"INFO [03-25|04:59:05.102] Chain reorg detected                     number=2405374 hash=f9228d…464fbb drop=1 dropfrom=911bd9…e88e67 add=2 addfrom=5527a1…4e222b\n","stream":"stderr","time":"2020-03-25T04:59:05.102952066Z"}
{"log":"INFO [03-25|04:59:05.103] Imported new chain segment               blocks=1     txs=0     mgas=0.000   elapsed=861.745µs mgasps=0.000    number=2405376 hash=5527a1…4e222b dirty=686.04MiB\n","stream":"stderr","time":"2020-03-25T04:59:05.103386075Z"}
{"log":"INFO [03-25|04:59:07.189] Imported new chain segment               blocks=1     txs=0     mgas=0.000   elapsed=424.717µs mgasps=0.000    number=2405376 hash=d706bc…8d572c dirty=686.04MiB\n","stream":"stderr","time":"2020-03-25T04:59:07.189543539Z"}
{"log":"INFO [03-25|04:59:11.860] Deep froze chain segment                 blocks=4     elapsed=39.328ms  number=2315375 hash=cb11bc…3e58eb\n","stream":"stderr","time":"2020-03-25T04:59:11.860996745Z"}
{"log":"INFO [03-25|04:59:20.069] Imported new chain segment               blocks=1     txs=0     mgas=0.000   elapsed=996.918µs mgasps=0.000    number=2405377 hash=e296fc…ae9fb6 dirty=686.02MiB\n","stream":"stderr","time":"2020-03-25T04:59:20.069772828Z"}
{"log":"INFO [03-25|04:59:35.118] Imported new chain segment               blocks=1     txs=1     mgas=0.487   elapsed=16.308ms  mgasps=29.838   number=2405378 hash=dac652…d504dd dirty=686.01MiB\n","stream":"stderr","time":"2020-03-25T04:59:35.119122359Z"}
{"log":"INFO [03-25|04:59:40.116] Imported new chain segment               blocks=1     txs=1     mgas=0.487   elapsed=14.989ms  mgasps=32.464   number=2405378 hash=745bc4…88d8b8 dirty=686.01MiB\n","stream":"stderr","time":"2020-03-25T04:59:40.117072573Z"}
{"log":"INFO [03-25|04:59:50.655] Imported new chain segment               blocks=1     txs=0     mgas=0.000   elapsed=1.372ms   mgasps=0.000    number=2405379 hash=fee33f…4bed20 dirty=685.97MiB\n","stream":"stderr","time":"2020-03-25T04:59:50.655879057Z"}
{"log":"INFO [03-25|05:00:05.759] Imported new chain segment               blocks=1     txs=1     mgas=0.433   elapsed=15.368ms  mgasps=28.191   number=2405380 hash=f32e5c…d93c7d dirty=685.87MiB\n","stream":"stderr","time":"2020-03-25T05:00:05.760012815Z"}
{"log":"INFO [03-25|05:00:07.507] Imported new chain segment               blocks=1     txs=1     mgas=0.433   elapsed=13.820ms  mgasps=31.349   number=2405380 hash=720f45…1dddb4 dirty=685.87MiB\n","stream":"stderr","time":"2020-03-25T05:00:07.507697833Z"}
{"log":"INFO [03-25|05:00:11.899] Deep froze chain segment                 blocks=4     elapsed=38.797ms  number=2315379 hash=7d90bc…52665d\n","stream":"stderr","time":"2020-03-25T05:00:11.900164911Z"}
{"log":"INFO [03-25|05:00:14.775] Chain reorg detected                     number=2405379 hash=fee33f…4bed20 drop=1 dropfrom=f32e5c…d93c7d add=1 addfrom=f6544f…c56c5e\n","stream":"stderr","time":"2020-03-25T05:00:14.775330954Z"}
{"log":"INFO [03-25|05:00:14.775] Imported new chain segment               blocks=1     txs=1     mgas=0.433   elapsed=17.562ms  mgasps=24.668   number=2405380 hash=f6544f…c56c5e dirty=685.87MiB\n","stream":"stderr","time":"2020-03-25T05:00:14.775535951Z"}
{"log":"INFO [03-25|05:00:20.121] Chain reorg detected                     number=2405379 hash=fee33f…4bed20 drop=1 dropfrom=f6544f…c56c5e add=2 addfrom=22e847…78f076\n","stream":"stderr","time":"2020-03-25T05:00:20.121911148Z"}
{"log":"INFO [03-25|05:00:20.122] Imported new chain segment               blocks=1     txs=0     mgas=0.000   elapsed=1.110ms   mgasps=0.000    number=2405381 hash=22e847…78f076 dirty=685.87MiB\n","stream":"stderr","time":"2020-03-25T05:00:20.122464849Z"}
{"log":"INFO [03-25|05:00:21.489] Imported new chain segment               blocks=1     txs=1     mgas=3.754   elapsed=21.360ms  mgasps=175.748  number=2405381 hash=2dbf32…a42aed dirty=686.27MiB\n","stream":"stderr","time":"2020-03-25T05:00:21.48944385Z"}
{"log":"INFO [03-25|05:00:22.903] Imported new chain segment               blocks=1     txs=1     mgas=3.754   elapsed=19.138ms  mgasps=196.158  number=2405381 hash=9a0ff4…e20936 dirty=686.27MiB\n","stream":"stderr","time":"2020-03-25T05:00:22.903504346Z"}
{"log":"INFO [03-25|05:00:35.341] Imported new chain segment               blocks=1     txs=6     mgas=3.264   elapsed=37.519ms  mgasps=86.982   number=2405382 hash=c893be…90c3f2 dirty=686.54MiB\n","stream":"stderr","time":"2020-03-25T05:00:35.341483725Z"}
{"log":"INFO [03-25|05:00:36.020] Chain reorg detected                     number=2405381 hash=22e847…78f076 drop=1 dropfrom=c893be…90c3f2 add=1 addfrom=9acf0f…86131d\n","stream":"stderr","time":"2020-03-25T05:00:36.020515223Z"}
{"log":"INFO [03-25|05:00:36.020] Imported new chain segment               blocks=1     txs=1     mgas=3.754   elapsed=26.202ms  mgasps=143.273  number=2405382 hash=9acf0f…86131d dirty=686.54MiB\n","stream":"stderr","time":"2020-03-25T05:00:36.02083773Z"}
{"log":"INFO [03-25|05:00:36.688] Imported new chain segment               blocks=1     txs=1     mgas=3.754   elapsed=19.576ms  mgasps=191.764  number=2405382 hash=48bca8…1b8826 dirty=686.54MiB\n","stream":"stderr","time":"2020-03-25T05:00:36.689183711Z"}
{"log":"INFO [03-25|05:00:37.991] Imported new chain segment               blocks=1     txs=5     mgas=7.063   elapsed=31.662ms  mgasps=223.079  number=2405382 hash=acc129…7c06cb dirty=686.62MiB\n","stream":"stderr","time":"2020-03-25T05:00:37.992121369Z"}
{"log":"INFO [03-25|05:00:50.328] Imported new chain segment               blocks=1     txs=2     mgas=1.961   elapsed=14.150ms  mgasps=138.556  number=2405383 hash=7fbe9c…06eae7 dirty=686.63MiB\n","stream":"stderr","time":"2020-03-25T05:00:50.328616288Z"}
{"log":"INFO [03-25|05:00:50.389] Imported new chain segment               blocks=1     txs=7     mgas=3.203   elapsed=37.789ms  mgasps=84.771   number=2405383 hash=01d391…b73402 dirty=686.67MiB\n","stream":"stderr","time":"2020-03-25T05:00:50.390148692Z"}
{"log":"INFO [03-25|05:00:50.423] Imported new chain segment               blocks=1     txs=6     mgas=7.159   elapsed=33.292ms  mgasps=215.038  number=2405382 hash=fbf413…7b34c3 dirty=686.67MiB\n","stream":"stderr","time":"2020-03-25T05:00:50.423594197Z"}
{"log":"INFO [03-25|05:00:51.479] Imported new chain segment               blocks=1     txs=3     mgas=4.834   elapsed=26.603ms  mgasps=181.719  number=2405383 hash=2bb6d6…15f3dc dirty=686.69MiB\n","stream":"stderr","time":"2020-03-25T05:00:51.479310752Z"}
{"log":"INFO [03-25|05:00:52.354] New local node record                    seq=40 id=8252fae760b7940d ip=31.147.195.65 udp=30303 tcp=30303\n","stream":"stderr","time":"2020-03-25T05:00:52.354715804Z"}
{"log":"INFO [03-25|05:00:53.035] Imported new chain segment               blocks=1     txs=1     mgas=3.754   elapsed=18.808ms  mgasps=199.595  number=2405382 hash=fa0842…76095c dirty=686.69MiB\n","stream":"stderr","time":"2020-03-25T05:00:53.035411871Z"}
{"log":"INFO [03-25|05:00:53.623] Imported new chain segment               blocks=1     txs=3     mgas=4.834   elapsed=26.920ms  mgasps=179.583  number=2405383 hash=f634cb…5223a2 dirty=686.70MiB\n","stream":"stderr","time":"2020-03-25T05:00:53.624087061Z"}
{"log":"INFO [03-25|05:01:05.368] Chain reorg detected                     number=2405382 hash=9acf0f…86131d drop=1 dropfrom=7fbe9c…06eae7 add=2 addfrom=ed8180…3771ee\n","stream":"stderr","time":"2020-03-25T05:01:05.368755303Z"}
{"log":"INFO [03-25|05:01:05.369] Imported new chain segment               blocks=1     txs=4     mgas=1.675   elapsed=30.003ms  mgasps=55.814   number=2405384 hash=ed8180…3771ee dirty=686.71MiB\n","stream":"stderr","time":"2020-03-25T05:01:05.369679008Z"}
{"log":"INFO [03-25|05:01:05.913] Chain reorg detected                     number=2405383 hash=01d391…b73402 drop=1 dropfrom=ed8180…3771ee add=1 addfrom=680f94…73865f\n","stream":"stderr","time":"2020-03-25T05:01:05.913397591Z"}
{"log":"INFO [03-25|05:01:05.913] Imported new chain segment               blocks=1     txs=2     mgas=0.802   elapsed=12.170ms  mgasps=65.878   number=2405384 hash=680f94…73865f dirty=686.73MiB\n","stream":"stderr","time":"2020-03-25T05:01:05.914573694Z"}
{"log":"INFO [03-25|05:01:11.937] Deep froze chain segment                 blocks=4     elapsed=36.905ms  number=2315383 hash=b66ce9…579e73\n","stream":"stderr","time":"2020-03-25T05:01:11.937479626Z"}
{"log":"INFO [03-25|05:01:20.425] Chain reorg detected                     number=2405383 hash=01d391…b73402 drop=1 dropfrom=680f94…73865f add=2 addfrom=c7de0d…611c38\n","stream":"stderr","time":"2020-03-25T05:01:20.425900782Z"}
{"log":"INFO [03-25|05:01:20.426] Imported new chain segment               blocks=1     txs=0     mgas=0.000   elapsed=1.163ms   mgasps=0.000    number=2405385 hash=c7de0d…611c38 dirty=686.73MiB\n","stream":"stderr","time":"2020-03-25T05:01:20.426509363Z"}
{"log":"INFO [03-25|05:01:21.205] Chain reorg detected                     number=2405383 hash=01d391…b73402 drop=2 dropfrom=c7de0d…611c38 add=2 addfrom=c33410…11d80d\n","stream":"stderr","time":"2020-03-25T05:01:21.205301812Z"}
{"log":"INFO [03-25|05:01:21.205] Imported new chain segment               blocks=1     txs=2     mgas=0.873   elapsed=21.661ms  mgasps=40.293   number=2405385 hash=c33410…11d80d dirty=686.73MiB\n","stream":"stderr","time":"2020-03-25T05:01:21.206864238Z"}
{"log":"INFO [03-25|05:01:23.497] Chain reorg detected                     number=2405383 hash=01d391…b73402 drop=2 dropfrom=c33410…11d80d add=2 addfrom=f5281c…da42c3\n","stream":"stderr","time":"2020-03-25T05:01:23.497572666Z"}
{"log":"INFO [03-25|05:01:23.497] Imported new chain segment               blocks=1     txs=0     mgas=0.000   elapsed=870.263µs mgasps=0.000    number=2405385 hash=f5281c…da42c3 dirty=686.73MiB\n","stream":"stderr","time":"2020-03-25T05:01:23.497951211Z"}
{"log":"INFO [03-25|05:01:35.105] Chain reorg detected                     number=2405383 hash=01d391…b73402 drop=2 dropfrom=f5281c…da42c3 add=3 addfrom=beffec…dc4e56\n","stream":"stderr","time":"2020-03-25T05:01:35.106203398Z"}
{"log":"INFO [03-25|05:01:35.107] Imported new chain segment               blocks=1     txs=2     mgas=0.737   elapsed=25.643ms  mgasps=28.721   number=2405386 hash=beffec…dc4e56 dirty=686.72MiB\n","stream":"stderr","time":"2020-03-25T05:01:35.107521303Z"}
{"log":"INFO [03-25|05:01:37.033] Imported new chain segment               blocks=1     txs=0     mgas=0.000   elapsed=435.506µs mgasps=0.000    number=2405386 hash=09fcf9…fc01c5 dirty=686.72MiB\n","stream":"stderr","time":"2020-03-25T05:01:37.033541365Z"}
{"log":"INFO [03-25|05:01:51.760] Imported new chain segment               blocks=1     txs=0     mgas=0.000   elapsed=462.455µs mgasps=0.000    number=2405387 hash=2007f4…b82c0b dirty=686.72MiB\n","stream":"stderr","time":"2020-03-25T05:01:51.760372289Z"}
{"log":"INFO [03-25|05:02:05.095] Imported new chain segment               blocks=1     txs=0     mgas=0.000   elapsed=905.121µs mgasps=0.000    number=2405388 hash=beb57b…cb0359 dirty=686.70MiB\n","stream":"stderr","time":"2020-03-25T05:02:05.095718966Z"}
{"log":"INFO [03-25|05:02:11.982] Deep froze chain segment                 blocks=4     elapsed=44.604ms  number=2315387 hash=497197…2a063b\n","stream":"stderr","time":"2020-03-25T05:02:11.982557569Z"}
{"log":"INFO [03-25|05:02:21.087] Imported new chain segment               blocks=1     txs=2     mgas=0.544   elapsed=20.206ms  mgasps=26.933   number=2405389 hash=0b4477…2d203a dirty=686.72MiB\n","stream":"stderr","time":"2020-03-25T05:02:21.087621584Z"}
{"log":"INFO [03-25|05:02:21.993] Imported new chain segment               blocks=1     txs=1     mgas=0.433   elapsed=12.205ms  mgasps=35.493   number=2405389 hash=30f06e…e5f8c6 dirty=686.72MiB\n","stream":"stderr","time":"2020-03-25T05:02:21.993182648Z"}
{"log":"INFO [03-25|05:02:35.139] Imported new chain segment               blocks=1     txs=0     mgas=0.000   elapsed=9.917ms   mgasps=0.000    number=2405390 hash=bfd0e5…df66d3 dirty=686.08MiB\n","stream":"stderr","time":"2020-03-25T05:02:35.139556611Z"}
{"log":"INFO [03-25|05:02:37.688] Imported new chain segment               blocks=1     txs=0     mgas=0.000   elapsed=443.626µs mgasps=0.000    number=2405390 hash=a5a1f8…5a86a0 dirty=686.08MiB\n","stream":"stderr","time":"2020-03-25T05:02:37.688566131Z"}
{"log":"INFO [03-25|05:02:50.318] Imported new chain segment               blocks=1     txs=1     mgas=0.126   elapsed=4.514ms   mgasps=27.915   number=2405391 hash=696816…0b6bde dirty=686.06MiB\n","stream":"stderr","time":"2020-03-25T05:02:50.318736789Z"}
{"log":"INFO [03-25|05:02:50.443] Chain reorg detected                     number=2405390 hash=bfd0e5…df66d3 drop=1 dropfrom=696816…0b6bde add=1 addfrom=711d0a…b8bb63\n","stream":"stderr","time":"2020-03-25T05:02:50.443697095Z"}
{"log":"INFO [03-25|05:02:50.443] Imported new chain segment               blocks=1     txs=1     mgas=0.126   elapsed=2.795ms   mgasps=45.084   number=2405391 hash=711d0a…b8bb63 dirty=686.06MiB\n","stream":"stderr","time":"2020-03-25T05:02:50.443826884Z"}
{"log":"INFO [03-25|05:02:51.579] Imported new chain segment               blocks=1     txs=0     mgas=0.000   elapsed=391.629µs mgasps=0.000    number=2405391 hash=87b499…1f7d30 dirty=686.06MiB\n","stream":"stderr","time":"2020-03-25T05:02:51.580183109Z"}
{"log":"INFO [03-25|05:03:05.123] Chain reorg detected                     number=2405390 hash=bfd0e5…df66d3 drop=1 dropfrom=711d0a…b8bb63 add=2 addfrom=e9ed06…0c5f60\n","stream":"stderr","time":"2020-03-25T05:03:05.123452829Z"}
{"log":"INFO [03-25|05:03:05.123] Imported new chain segment               blocks=1     txs=3     mgas=0.261   elapsed=8.607ms   mgasps=30.360   number=2405392 hash=e9ed06…0c5f60 dirty=686.04MiB\n","stream":"stderr","time":"2020-03-25T05:03:05.123828587Z"}
{"log":"INFO [03-25|05:03:05.348] Imported new chain segment               blocks=1     txs=1     mgas=0.039   elapsed=1.261ms   mgasps=31.231   number=2405392 hash=e7ca89…49d16d dirty=686.04MiB\n","stream":"stderr","time":"2020-03-25T05:03:05.348634778Z"}
{"log":"INFO [03-25|05:03:07.796] Imported new chain segment               blocks=1     txs=0     mgas=0.000   elapsed=340.202µs mgasps=0.000    number=2405392 hash=80e75b…e19e02 dirty=686.04MiB\n","stream":"stderr","time":"2020-03-25T05:03:07.797181135Z"}
{"log":"INFO [03-25|05:03:12.014] Deep froze chain segment                 blocks=4     elapsed=32.013ms  number=2315391 hash=81dce9…fa21b0\n","stream":"stderr","time":"2020-03-25T05:03:12.015183917Z"}
{"log":"INFO [03-25|05:03:21.588] Imported new chain segment               blocks=1     txs=0     mgas=0.000   elapsed=752.045µs mgasps=0.000    number=2405393 hash=0d1647…d6361b dirty=686.04MiB\n","stream":"stderr","time":"2020-03-25T05:03:21.590069778Z"}
{"log":"INFO [03-25|05:03:35.185] Imported new chain segment               blocks=1     txs=0     mgas=0.000   elapsed=1.676ms   mgasps=0.000    number=2405394 hash=8cfb46…f5c575 dirty=686.02MiB\n","stream":"stderr","time":"2020-03-25T05:03:35.185998178Z"}
{"log":"INFO [03-25|05:03:50.832] Imported new chain segment               blocks=1     txs=0     mgas=0.000   elapsed=752.223µs mgasps=0.000    number=2405395 hash=bd3fb8…14b4fc dirty=686.02MiB\n","stream":"stderr","time":"2020-03-25T05:03:50.832323884Z"}
{"log":"INFO [03-25|05:04:05.056] Imported new chain segment               blocks=1     txs=0     mgas=0.000   elapsed=904.079µs mgasps=0.000    number=2405396 hash=00f145…23bad3 dirty=686.00MiB\n","stream":"stderr","time":"2020-03-25T05:04:05.056940815Z"}
{"log":"INFO [03-25|05:04:12.042] Deep froze chain segment                 blocks=4     elapsed=26.678ms  number=2315395 hash=8df656…16cd06\n","stream":"stderr","time":"2020-03-25T05:04:12.042265565Z"}
{"log":"INFO [03-25|05:04:21.577] Imported new chain segment               blocks=1     txs=0     mgas=0.000   elapsed=558.564µs mgasps=0.000    number=2405397 hash=5c25a9…1af818 dirty=685.99MiB\n","stream":"stderr","time":"2020-03-25T05:04:21.578123597Z"}
{"log":"INFO [03-25|05:04:21.662] Imported new chain segment               blocks=1     txs=1     mgas=0.056   elapsed=1.184ms   mgasps=47.035   number=2405397 hash=b3986c…bfdd98 dirty=686.00MiB\n","stream":"stderr","time":"2020-03-25T05:04:21.662345761Z"}
{"log":"INFO [03-25|05:04:22.721] Imported new chain segment               blocks=1     txs=1     mgas=0.056   elapsed=1.810ms   mgasps=30.779   number=2405397 hash=97adf9…85e92a dirty=686.01MiB\n","stream":"stderr","time":"2020-03-25T05:04:22.721388796Z"}
{"log":"INFO [03-25|05:04:23.186] Imported new chain segment               blocks=1     txs=1     mgas=0.056   elapsed=2.702ms   mgasps=20.623   number=2405397 hash=3fdbfa…293361 dirty=686.01MiB\n","stream":"stderr","time":"2020-03-25T05:04:23.186425118Z"}
{"log":"INFO [03-25|05:04:23.272] Imported new chain segment               blocks=1     txs=0     mgas=0.000   elapsed=881.268µs mgasps=0.000    number=2405397 hash=24cd22…50a022 dirty=686.01MiB\n","stream":"stderr","time":"2020-03-25T05:04:23.272839277Z"}
{"log":"INFO [03-25|05:04:35.436] Chain reorg detected                     number=2405396 hash=00f145…23bad3 drop=1 dropfrom=5c25a9…1af818 add=2 addfrom=060ef0…9c23b2\n","stream":"stderr","time":"2020-03-25T05:04:35.437061822Z"}
{"log":"INFO [03-25|05:04:35.437] Imported new chain segment               blocks=1     txs=2     mgas=0.542   elapsed=18.326ms  mgasps=29.595   number=2405398 hash=060ef0…9c23b2 dirty=686.01MiB\n","stream":"stderr","time":"2020-03-25T05:04:35.437375386Z"}
{"log":"INFO [03-25|05:04:36.426] Imported new chain segment               blocks=1     txs=1     mgas=0.056   elapsed=2.997ms   mgasps=18.591   number=2405398 hash=9bf7eb…5eee3a dirty=686.01MiB\n","stream":"stderr","time":"2020-03-25T05:04:36.426793466Z"}
{"log":"INFO [03-25|05:04:36.885] Chain reorg detected                     number=2405396 hash=00f145…23bad3 drop=2 dropfrom=060ef0…9c23b2 add=2 addfrom=6b42f5…a4e310\n","stream":"stderr","time":"2020-03-25T05:04:36.886083158Z"}
{"log":"INFO [03-25|05:04:36.886] Imported new chain segment               blocks=1     txs=1     mgas=0.056   elapsed=3.437ms   mgasps=16.215   number=2405398 hash=6b42f5…a4e310 dirty=686.01MiB\n","stream":"stderr","time":"2020-03-25T05:04:36.8866937Z"}
{"log":"INFO [03-25|05:04:50.937] Imported new chain segment               blocks=1     txs=1     mgas=0.487   elapsed=14.260ms  mgasps=34.126   number=2405399 hash=9e8069…d4446a dirty=686.02MiB\n","stream":"stderr","time":"2020-03-25T05:04:50.937173679Z"}
{"log":"INFO [03-25|05:05:05.231] Imported new chain segment               blocks=1     txs=1     mgas=0.433   elapsed=17.350ms  mgasps=24.971   number=2405400 hash=d6d1cf…6552a5 dirty=686.03MiB\n","stream":"stderr","time":"2020-03-25T05:05:05.232258032Z"}
{"log":"INFO [03-25|05:05:05.388] Imported new chain segment               blocks=1     txs=1     mgas=0.433   elapsed=13.574ms  mgasps=31.916   number=2405400 hash=47aa37…7ab6f1 dirty=686.04MiB\n","stream":"stderr","time":"2020-03-25T05:05:05.388900948Z"}
{"log":"INFO [03-25|05:05:06.685] Imported new chain segment               blocks=1     txs=1     mgas=0.433   elapsed=16.738ms  mgasps=25.882   number=2405400 hash=73e449…9350d1 dirty=686.04MiB\n","stream":"stderr","time":"2020-03-25T05:05:06.685286075Z"}
{"log":"INFO [03-25|05:05:12.082] Deep froze chain segment                 blocks=4     elapsed=39.847ms  number=2315399 hash=3bb68a…705cf3\n","stream":"stderr","time":"2020-03-25T05:05:12.082727005Z"}
{"log":"INFO [03-25|05:05:20.139] Imported new chain segment               blocks=1     txs=1     mgas=0.243   elapsed=4.445ms   mgasps=54.633   number=2405401 hash=929dcf…ae5495 dirty=686.05MiB\n","stream":"stderr","time":"2020-03-25T05:05:20.139765095Z"}
{"log":"INFO [03-25|05:05:35.461] Imported new chain segment               blocks=1     txs=5     mgas=1.737   elapsed=31.607ms  mgasps=54.967   number=2405402 hash=71c203…72e801 dirty=686.15MiB\n","stream":"stderr","time":"2020-03-25T05:05:35.462014287Z"}
{"log":"INFO [03-25|05:05:35.625] Chain reorg detected                     number=2405401 hash=929dcf…ae5495 drop=1 dropfrom=71c203…72e801 add=1 addfrom=3ab403…43f483\n","stream":"stderr","time":"2020-03-25T05:05:35.628894267Z"}
{"log":"INFO [03-25|05:05:35.625] Imported new chain segment               blocks=1     txs=0     mgas=0.000   elapsed=1.339ms   mgasps=0.000    number=2405402 hash=3ab403…43f483 dirty=686.15MiB\n","stream":"stderr","time":"2020-03-25T05:05:35.628930919Z"}
{"log":"INFO [03-25|05:05:50.736] Imported new chain segment               blocks=1     txs=7     mgas=2.267   elapsed=37.409ms  mgasps=60.587   number=2405403 hash=a2dc58…a5e405 dirty=686.19MiB\n","stream":"stderr","time":"2020-03-25T05:05:50.736510774Z"}
{"log":"INFO [03-25|05:06:06.479] Imported new chain segment               blocks=1     txs=0     mgas=0.000   elapsed=631.324µs mgasps=0.000    number=2405404 hash=ceeb85…3305a6 dirty=686.18MiB\n","stream":"stderr","time":"2020-03-25T05:06:06.480110648Z"}
{"log":"INFO [03-25|05:06:08.386] Chain reorg detected                     number=2405403 hash=a2dc58…a5e405 drop=1 dropfrom=ceeb85…3305a6 add=1 addfrom=d9888f…f9a0ff\n","stream":"stderr","time":"2020-03-25T05:06:08.387060333Z"}
{"log":"INFO [03-25|05:06:08.387] Imported new chain segment               blocks=1     txs=0     mgas=0.000   elapsed=691.252µs mgasps=0.000    number=2405404 hash=d9888f…f9a0ff dirty=686.18MiB\n","stream":"stderr","time":"2020-03-25T05:06:08.387255706Z"}
{"log":"INFO [03-25|05:06:08.533] Imported new chain segment               blocks=1     txs=6     mgas=2.171   elapsed=26.298ms  mgasps=82.537   number=2405403 hash=cbb1a8…6daf47 dirty=686.19MiB\n","stream":"stderr","time":"2020-03-25T05:06:08.533272161Z"}
{"log":"INFO [03-25|05:06:08.905] Imported new chain segment               blocks=1     txs=7     mgas=2.267   elapsed=26.969ms  mgasps=84.040   number=2405403 hash=aef9f1…1f67ee dirty=686.19MiB\n","stream":"stderr","time":"2020-03-25T05:06:08.905328316Z"}
{"log":"INFO [03-25|05:06:12.122] Deep froze chain segment                 blocks=4     elapsed=39.523ms  number=2315403 hash=2d7a7f…1c22ec\n","stream":"stderr","time":"2020-03-25T05:06:12.122871535Z"}
{"log":"INFO [03-25|05:06:21.781] Imported new chain segment               blocks=1     txs=0     mgas=0.000   elapsed=1.027ms   mgasps=0.000    number=2405405 hash=3f7b5a…360c2d dirty=686.15MiB\n","stream":"stderr","time":"2020-03-25T05:06:21.782063375Z"}
{"log":"INFO [03-25|05:06:23.506] Chain reorg detected                     number=2405403 hash=a2dc58…a5e405 drop=2 dropfrom=3f7b5a…360c2d add=2 addfrom=7949fa…70b26d\n","stream":"stderr","time":"2020-03-25T05:06:23.506399471Z"}
{"log":"INFO [03-25|05:06:23.506] Imported new chain segment               blocks=1     txs=0     mgas=0.000   elapsed=1.512ms   mgasps=0.000    number=2405405 hash=7949fa…70b26d dirty=686.15MiB\n","stream":"stderr","time":"2020-03-25T05:06:23.507267955Z"}
{"log":"INFO [03-25|05:06:35.917] Imported new chain segment               blocks=1     txs=1     mgas=0.433   elapsed=17.467ms  mgasps=24.803   number=2405406 hash=ad398c…8c39bb dirty=686.16MiB\n","stream":"stderr","time":"2020-03-25T05:06:35.91777869Z"}
{"log":"INFO [03-25|05:06:36.679] Imported new chain segment               blocks=1     txs=1     mgas=0.433   elapsed=22.202ms  mgasps=19.513   number=2405406 hash=1326d6…e626a7 dirty=686.17MiB\n","stream":"stderr","time":"2020-03-25T05:06:36.68015905Z"}
{"log":"INFO [03-25|05:06:50.307] Imported new chain segment               blocks=1     txs=0     mgas=0.000   elapsed=455.827µs mgasps=0.000    number=2405407 hash=a31405…0558cf dirty=686.17MiB\n","stream":"stderr","time":"2020-03-25T05:06:50.307317716Z"}
{"log":"INFO [03-25|05:07:05.101] Imported new chain segment               blocks=1     txs=1     mgas=0.433   elapsed=15.034ms  mgasps=28.816   number=2405408 hash=a9f59a…d90628 dirty=686.17MiB\n","stream":"stderr","time":"2020-03-25T05:07:05.101954682Z"}
{"log":"INFO [03-25|05:07:05.494] Imported new chain segment               blocks=1     txs=1     mgas=0.433   elapsed=14.777ms  mgasps=29.316   number=2405408 hash=b6e983…4b9c37 dirty=686.17MiB\n","stream":"stderr","time":"2020-03-25T05:07:05.494984435Z"}
{"log":"INFO [03-25|05:07:12.156] Deep froze chain segment                 blocks=4     elapsed=33.734ms  number=2315407 hash=a35827…fa75b1\n","stream":"stderr","time":"2020-03-25T05:07:12.156842428Z"}
{"log":"INFO [03-25|05:07:20.254] Imported new chain segment               blocks=1     txs=0     mgas=0.000   elapsed=1.910ms   mgasps=0.000    number=2405409 hash=68a2ea…b06a79 dirty=686.09MiB\n","stream":"stderr","time":"2020-03-25T05:07:20.254267731Z"}
{"log":"INFO [03-25|05:07:35.111] Imported new chain segment               blocks=1     txs=0     mgas=0.000   elapsed=1.139ms   mgasps=0.000    number=2405410 hash=b21db9…7d5619 dirty=686.05MiB\n","stream":"stderr","time":"2020-03-25T05:07:35.116718352Z"}
{"log":"INFO [03-25|05:07:36.287] Imported new chain segment               blocks=1     txs=1     mgas=0.056   elapsed=1.885ms   mgasps=29.554   number=2405410 hash=95e4d0…cb1ef4 dirty=686.06MiB\n","stream":"stderr","time":"2020-03-25T05:07:36.288082227Z"}
{"log":"INFO [03-25|05:07:51.453] Imported new chain segment               blocks=1     txs=3     mgas=0.585   elapsed=21.672ms  mgasps=26.986   number=2405411 hash=bac59c…04ef1b dirty=686.07MiB\n","stream":"stderr","time":"2020-03-25T05:07:51.453944809Z"}
{"log":"INFO [03-25|05:07:53.758] Chain reorg detected                     number=2405410 hash=b21db9…7d5619 drop=1 dropfrom=bac59c…04ef1b add=1 addfrom=7d4019…4a797f\n","stream":"stderr","time":"2020-03-25T05:07:53.758496845Z"}
{"log":"INFO [03-25|05:07:53.758] Imported new chain segment               blocks=1     txs=3     mgas=0.585   elapsed=27.724ms  mgasps=21.095   number=2405411 hash=7d4019…4a797f dirty=686.08MiB\n","stream":"stderr","time":"2020-03-25T05:07:53.759600927Z"}
{"log":"INFO [03-25|05:08:05.745] Chain reorg detected                     number=2405410 hash=b21db9…7d5619 drop=1 dropfrom=7d4019…4a797f add=2 addfrom=0f4f5d…506be6\n","stream":"stderr","time":"2020-03-25T05:08:05.745767523Z"}
{"log":"INFO [03-25|05:08:05.746] Imported new chain segment               blocks=1     txs=0     mgas=0.000   elapsed=1.556ms   mgasps=0.000    number=2405412 hash=0f4f5d…506be6 dirty=686.06MiB\n","stream":"stderr","time":"2020-03-25T05:08:05.746373912Z"}
{"log":"INFO [03-25|05:08:05.991] Imported new chain segment               blocks=1     txs=0     mgas=0.000   elapsed=308.276µs mgasps=0.000    number=2405412 hash=816960…6a973e dirty=686.06MiB\n","stream":"stderr","time":"2020-03-25T05:08:05.992017041Z"}
{"log":"INFO [03-25|05:08:06.059] Imported new chain segment               blocks=1     txs=5     mgas=2.001   elapsed=13.670ms  mgasps=146.378  number=2405412 hash=630a2c…4af328 dirty=686.19MiB\n","stream":"stderr","time":"2020-03-25T05:08:06.059226708Z"}
{"log":"INFO [03-25|05:08:12.188] Deep froze chain segment                 blocks=4     elapsed=31.103ms  number=2315411 hash=222e65…17d20a\n","stream":"stderr","time":"2020-03-25T05:08:12.188279259Z"}
{"log":"INFO [03-25|05:08:21.472] Imported new chain segment               blocks=1     txs=5     mgas=2.001   elapsed=16.081ms  mgasps=124.432  number=2405413 hash=81bd89…b61d43 dirty=686.17MiB\n","stream":"stderr","time":"2020-03-25T05:08:21.473163596Z"}
{"log":"INFO [03-25|05:08:35.137] Imported new chain segment               blocks=1     txs=1     mgas=0.096   elapsed=2.770ms   mgasps=34.618   number=2405414 hash=0ed9be…eae36e dirty=686.17MiB\n","stream":"stderr","time":"2020-03-25T05:08:35.137961598Z"}
{"log":"INFO [03-25|05:08:50.570] Imported new chain segment               blocks=1     txs=0     mgas=0.000   elapsed=599.208µs mgasps=0.000    number=2405415 hash=f79b3f…a106dd dirty=686.17MiB\n","stream":"stderr","time":"2020-03-25T05:08:50.570263571Z"}
{"log":"INFO [03-25|05:09:05.067] Imported new chain segment               blocks=1     txs=0     mgas=0.000   elapsed=1.078ms   mgasps=0.000    number=2405416 hash=697d15…42f2d9 dirty=686.13MiB\n","stream":"stderr","time":"2020-03-25T05:09:05.068083209Z"}
{"log":"INFO [03-25|05:09:12.223] Deep froze chain segment                 blocks=4     elapsed=34.884ms  number=2315415 hash=7fdf3e…0a8817\n","stream":"stderr","time":"2020-03-25T05:09:12.223395452Z"}
{"log":"INFO [03-25|05:09:20.075] Imported new chain segment               blocks=1     txs=1     mgas=0.096   elapsed=3.176ms   mgasps=30.190   number=2405417 hash=aa30cc…665914 dirty=686.11MiB\n","stream":"stderr","time":"2020-03-25T05:09:20.075619193Z"}
{"log":"INFO [03-25|05:09:20.920] Imported new chain segment               blocks=1     txs=1     mgas=0.096   elapsed=2.174ms   mgasps=44.102   number=2405417 hash=b76d91…d1ef1f dirty=686.12MiB\n","stream":"stderr","time":"2020-03-25T05:09:20.921220854Z"}
{"log":"INFO [03-25|05:09:35.111] Imported new chain segment               blocks=1     txs=1     mgas=0.487   elapsed=25.014ms  mgasps=19.454   number=2405418 hash=48d49c…982510 dirty=686.13MiB\n","stream":"stderr","time":"2020-03-25T05:09:35.11393089Z"}
{"log":"INFO [03-25|05:09:35.783] Imported new chain segment               blocks=1     txs=1     mgas=0.487   elapsed=16.846ms  mgasps=28.887   number=2405418 hash=c2bc45…4c6717 dirty=686.13MiB\n","stream":"stderr","time":"2020-03-25T05:09:35.783592418Z"}
{"log":"INFO [03-25|05:09:50.357] Imported new chain segment               blocks=1     txs=0     mgas=0.000   elapsed=502.909µs mgasps=0.000    number=2405419 hash=78cb36…dfd5b7 dirty=686.13MiB\n","stream":"stderr","time":"2020-03-25T05:09:50.357685357Z"}
{"log":"INFO [03-25|05:09:50.846] Chain reorg detected                     number=2405418 hash=48d49c…982510 drop=1 dropfrom=78cb36…dfd5b7 add=1 addfrom=cc89e6…f60f2a\n","stream":"stderr","time":"2020-03-25T05:09:50.84650215Z"}
{"log":"INFO [03-25|05:09:50.846] Imported new chain segment               blocks=1     txs=0     mgas=0.000   elapsed=603.058µs mgasps=0.000    number=2405419 hash=cc89e6…f60f2a dirty=686.13MiB\n","stream":"stderr","time":"2020-03-25T05:09:50.84671638Z"}
{"log":"INFO [03-25|05:10:05.074] Imported new chain segment               blocks=1     txs=0     mgas=0.000   elapsed=2.545ms   mgasps=0.000    number=2405420 hash=be6843…a4822e dirty=686.02MiB\n","stream":"stderr","time":"2020-03-25T05:10:05.075010773Z"}
{"log":"INFO [03-25|05:10:06.096] Imported new chain segment               blocks=1     txs=0     mgas=0.000   elapsed=432.146µs mgasps=0.000    number=2405420 hash=c6c3d8…8f8b71 dirty=686.02MiB\n","stream":"stderr","time":"2020-03-25T05:10:06.096864414Z"}
{"log":"INFO [03-25|05:10:12.249] Deep froze chain segment                 blocks=4     elapsed=26.401ms  number=2315419 hash=901880…0530b8\n","stream":"stderr","time":"2020-03-25T05:10:12.250168726Z"}
{"log":"INFO [03-25|05:10:20.984] Imported new chain segment               blocks=1     txs=1     mgas=0.433   elapsed=13.828ms  mgasps=31.330   number=2405421 hash=9338db…e0eebb dirty=686.04MiB\n","stream":"stderr","time":"2020-03-25T05:10:20.984910681Z"}
{"log":"INFO [03-25|05:10:25.882] Chain reorg detected                     number=2405420 hash=be6843…a4822e drop=1 dropfrom=9338db…e0eebb add=1 addfrom=2208b5…fd8aad\n","stream":"stderr","time":"2020-03-25T05:10:25.882650559Z"}
{"log":"INFO [03-25|05:10:25.882] Imported new chain segment               blocks=1     txs=1     mgas=0.433   elapsed=17.170ms  mgasps=25.232   number=2405421 hash=2208b5…fd8aad dirty=686.04MiB\n","stream":"stderr","time":"2020-03-25T05:10:25.882947657Z"}
{"log":"INFO [03-25|05:10:35.116] Imported new chain segment               blocks=1     txs=4     mgas=3.309   elapsed=23.160ms  mgasps=142.876  number=2405422 hash=4feb2d…ed7a90 dirty=686.30MiB\n","stream":"stderr","time":"2020-03-25T05:10:35.116438268Z"}
{"log":"INFO [03-25|05:10:35.742] Imported new chain segment               blocks=1     txs=4     mgas=3.258   elapsed=19.444ms  mgasps=167.566  number=2405422 hash=258eab…4b5159 dirty=686.30MiB\n","stream":"stderr","time":"2020-03-25T05:10:35.743060439Z"}
{"log":"INFO [03-25|05:10:50.831] Imported new chain segment               blocks=1     txs=2     mgas=0.795   elapsed=21.042ms  mgasps=37.769   number=2405423 hash=0f66ec…cf74f8 dirty=686.33MiB\n","stream":"stderr","time":"2020-03-25T05:10:50.831572044Z"}
{"log":"INFO [03-25|05:10:51.127] Imported new chain segment               blocks=1     txs=1     mgas=0.361   elapsed=5.513ms   mgasps=65.562   number=2405423 hash=fa002e…3d6a43 dirty=686.34MiB\n","stream":"stderr","time":"2020-03-25T05:10:51.127728696Z"}
{"log":"INFO [03-25|05:11:06.304] Imported new chain segment               blocks=1     txs=1     mgas=0.056   elapsed=2.011ms   mgasps=27.705   number=2405424 hash=88cf19…88262b dirty=686.35MiB\n","stream":"stderr","time":"2020-03-25T05:11:06.30504648Z"}
{"log":"INFO [03-25|05:11:08.067] Chain reorg detected                     number=2405423 hash=0f66ec…cf74f8 drop=1 dropfrom=88cf19…88262b add=1 addfrom=c95068…437a32\n","stream":"stderr","time":"2020-03-25T05:11:08.068516125Z"}
{"log":"INFO [03-25|05:11:08.067] Imported new chain segment               blocks=1     txs=1     mgas=0.056   elapsed=2.368ms   mgasps=23.525   number=2405424 hash=c95068…437a32 dirty=686.35MiB\n","stream":"stderr","time":"2020-03-25T05:11:08.068542518Z"}
{"log":"INFO [03-25|05:11:12.282] Deep froze chain segment                 blocks=4     elapsed=32.184ms  number=2315423 hash=7dfe75…571544\n","stream":"stderr","time":"2020-03-25T05:11:12.282770105Z"}
{"log":"INFO [03-25|05:11:21.068] Chain reorg detected                     number=2405423 hash=0f66ec…cf74f8 drop=1 dropfrom=c95068…437a32 add=2 addfrom=745093…c0ca76\n","stream":"stderr","time":"2020-03-25T05:11:21.068691502Z"}
{"log":"INFO [03-25|05:11:21.068] Imported new chain segment               blocks=1     txs=0     mgas=0.000   elapsed=1.212ms   mgasps=0.000    number=2405425 hash=745093…c0ca76 dirty=686.33MiB\n","stream":"stderr","time":"2020-03-25T05:11:21.069063257Z"}
{"log":"INFO [03-25|05:11:22.068] Chain reorg detected                     number=2405424 hash=88cf19…88262b drop=1 dropfrom=745093…c0ca76 add=1 addfrom=474478…4a37a4\n","stream":"stderr","time":"2020-03-25T05:11:22.068323235Z"}
{"log":"INFO [03-25|05:11:22.068] Imported new chain segment               blocks=1     txs=0     mgas=0.000   elapsed=590.006µs mgasps=0.000    number=2405425 hash=474478…4a37a4 dirty=686.33MiB\n","stream":"stderr","time":"2020-03-25T05:11:22.068582475Z"}
{"log":"INFO [03-25|05:11:36.318] Chain reorg detected                     number=2405424 hash=88cf19…88262b drop=1 dropfrom=474478…4a37a4 add=2 addfrom=f12edd…2c3a05\n","stream":"stderr","time":"2020-03-25T05:11:36.318643697Z"}
{"log":"INFO [03-25|05:11:36.318] Imported new chain segment               blocks=1     txs=0     mgas=0.000   elapsed=671.383µs mgasps=0.000    number=2405426 hash=f12edd…2c3a05 dirty=686.32MiB\n","stream":"stderr","time":"2020-03-25T05:11:36.318842917Z"}
{"log":"INFO [03-25|05:11:36.860] Imported new chain segment               blocks=1     txs=1     mgas=0.096   elapsed=2.684ms   mgasps=35.724   number=2405426 hash=49416c…755d1a dirty=686.34MiB\n","stream":"stderr","time":"2020-03-25T05:11:36.860216778Z"}
{"log":"INFO [03-25|05:11:38.154] Chain reorg detected                     number=2405425 hash=745093…c0ca76 drop=1 dropfrom=f12edd…2c3a05 add=1 addfrom=d633f3…fa5994\n","stream":"stderr","time":"2020-03-25T05:11:38.154404481Z"}
{"log":"INFO [03-25|05:11:38.154] Imported new chain segment               blocks=1     txs=0     mgas=0.000   elapsed=576.613µs mgasps=0.000    number=2405426 hash=d633f3…fa5994 dirty=686.34MiB\n","stream":"stderr","time":"2020-03-25T05:11:38.154655415Z"}
{"log":"INFO [03-25|05:11:50.086] Chain reorg detected                     number=2405425 hash=745093…c0ca76 drop=1 dropfrom=d633f3…fa5994 add=2 addfrom=1d4eff…59a0c9\n","stream":"stderr","time":"2020-03-25T05:11:50.086764157Z"}
{"log":"INFO [03-25|05:11:50.087] Imported new chain segment               blocks=1     txs=1     mgas=0.433   elapsed=22.707ms  mgasps=19.079   number=2405427 hash=1d4eff…59a0c9 dirty=686.34MiB\n","stream":"stderr","time":"2020-03-25T05:11:50.087620365Z"}
{"log":"INFO [03-25|05:11:52.127] Imported new chain segment               blocks=1     txs=1     mgas=0.096   elapsed=2.193ms   mgasps=43.719   number=2405427 hash=063a7e…2fcdd8 dirty=686.34MiB\n","stream":"stderr","time":"2020-03-25T05:11:52.128139102Z"}
{"log":"INFO [03-25|05:11:52.145] Imported new chain segment               blocks=1     txs=2     mgas=0.529   elapsed=17.019ms  mgasps=31.091   number=2405427 hash=314beb…b73dc0 dirty=686.34MiB\n","stream":"stderr","time":"2020-03-25T05:11:52.145387846Z"}
{"log":"INFO [03-25|05:11:53.269] Imported new chain segment               blocks=1     txs=2     mgas=0.529   elapsed=16.069ms  mgasps=32.930   number=2405427 hash=c3e14c…2e938c dirty=686.35MiB\n","stream":"stderr","time":"2020-03-25T05:11:53.269793899Z"}
{"log":"INFO [03-25|05:11:53.271] Imported new chain segment               blocks=1     txs=1     mgas=0.096   elapsed=1.720ms   mgasps=55.737   number=2405427 hash=723c87…5cab2e dirty=686.35MiB\n","stream":"stderr","time":"2020-03-25T05:11:53.271623956Z"}
{"log":"INFO [03-25|05:11:55.436] Imported new chain segment               blocks=1     txs=2     mgas=0.529   elapsed=16.509ms  mgasps=32.051   number=2405427 hash=b87b87…ed70d6 dirty=686.35MiB\n","stream":"stderr","time":"2020-03-25T05:11:55.436725362Z"}
{"log":"INFO [03-25|05:12:05.943] Imported new chain segment               blocks=1     txs=0     mgas=0.000   elapsed=786.148µs mgasps=0.000    number=2405428 hash=1b8f77…4d51e8 dirty=686.35MiB\n","stream":"stderr","time":"2020-03-25T05:12:05.943788687Z"}
{"log":"INFO [03-25|05:12:12.313] Deep froze chain segment                 blocks=4     elapsed=30.051ms  number=2315427 hash=411479…a730dc\n","stream":"stderr","time":"2020-03-25T05:12:12.313362251Z"}
{"log":"INFO [03-25|05:12:21.190] Imported new chain segment               blocks=1     txs=1     mgas=0.433   elapsed=14.225ms  mgasps=30.457   number=2405429 hash=6c849e…83fd70 dirty=686.37MiB\n","stream":"stderr","time":"2020-03-25T05:12:21.190207624Z"}
{"log":"INFO [03-25|05:12:26.226] Chain reorg detected                     number=2405428 hash=1b8f77…4d51e8 drop=1 dropfrom=6c849e…83fd70 add=1 addfrom=62b0e7…6bed2a\n","stream":"stderr","time":"2020-03-25T05:12:26.22703782Z"}
{"log":"INFO [03-25|05:12:26.227] Imported new chain segment               blocks=1     txs=1     mgas=0.433   elapsed=13.739ms  mgasps=31.533   number=2405429 hash=62b0e7…6bed2a dirty=686.38MiB\n","stream":"stderr","time":"2020-03-25T05:12:26.227231089Z"}
{"log":"INFO [03-25|05:12:35.134] Chain reorg detected                     number=2405428 hash=1b8f77…4d51e8 drop=1 dropfrom=62b0e7…6bed2a add=2 addfrom=1c8d09…85c59a\n","stream":"stderr","time":"2020-03-25T05:12:35.134300265Z"}
{"log":"INFO [03-25|05:12:35.134] Imported new chain segment               blocks=1     txs=1     mgas=0.126   elapsed=11.397ms  mgasps=11.055   number=2405430 hash=1c8d09…85c59a dirty=686.15MiB\n","stream":"stderr","time":"2020-03-25T05:12:35.134675306Z"}
{"log":"INFO [03-25|05:12:50.291] Imported new chain segment               blocks=1     txs=1     mgas=0.433   elapsed=14.822ms  mgasps=29.227   number=2405431 hash=ac78c0…b99d6f dirty=686.07MiB\n","stream":"stderr","time":"2020-03-25T05:12:50.29197159Z"}
{"log":"INFO [03-25|05:12:55.307] Chain reorg detected                     number=2405430 hash=1c8d09…85c59a drop=1 dropfrom=ac78c0…b99d6f add=1 addfrom=59c969…99fa63\n","stream":"stderr","time":"2020-03-25T05:12:55.308007045Z"}
{"log":"INFO [03-25|05:12:55.308] Imported new chain segment               blocks=1     txs=1     mgas=0.433   elapsed=13.421ms  mgasps=32.278   number=2405431 hash=59c969…99fa63 dirty=686.07MiB\n","stream":"stderr","time":"2020-03-25T05:12:55.308130568Z"}
{"log":"INFO [03-25|05:13:05.649] Imported new chain segment               blocks=1     txs=0     mgas=0.000   elapsed=988.675µs mgasps=0.000    number=2405432 hash=8a681f…df4a2b dirty=686.04MiB\n","stream":"stderr","time":"2020-03-25T05:13:05.649973745Z"}
{"log":"INFO [03-25|05:13:12.346] Deep froze chain segment                 blocks=4     elapsed=32.914ms  number=2315431 hash=a81d3b…f4ad4c\n","stream":"stderr","time":"2020-03-25T05:13:12.346628899Z"}
{"log":"INFO [03-25|05:13:21.030] Imported new chain segment               blocks=1     txs=1     mgas=0.221   elapsed=4.806ms   mgasps=45.883   number=2405433 hash=cdac5b…7f818b dirty=686.05MiB\n","stream":"stderr","time":"2020-03-25T05:13:21.030857093Z"}
{"log":"INFO [03-25|05:13:35.115] Imported new chain segment               blocks=1     txs=0     mgas=0.000   elapsed=811.026µs mgasps=0.000    number=2405434 hash=5bfa14…10ce6f dirty=686.03MiB\n","stream":"stderr","time":"2020-03-25T05:13:35.116064037Z"}
{"log":"INFO [03-25|05:13:37.556] Imported new chain segment               blocks=1     txs=0     mgas=0.000   elapsed=292.708µs mgasps=0.000    number=2405434 hash=da70d6…8e94f0 dirty=686.03MiB\n","stream":"stderr","time":"2020-03-25T05:13:37.556722249Z"}
{"log":"INFO [03-25|05:13:50.696] Imported new chain segment               blocks=1     txs=0     mgas=0.000   elapsed=855.305µs mgasps=0.000    number=2405435 hash=f1c975…9aa90b dirty=686.01MiB\n","stream":"stderr","time":"2020-03-25T05:13:50.696556679Z"}
{"log":"INFO [03-25|05:13:51.178] Chain reorg detected                     number=2405434 hash=5bfa14…10ce6f drop=1 dropfrom=f1c975…9aa90b add=1 addfrom=3574e1…c6be87\n","stream":"stderr","time":"2020-03-25T05:13:51.178832816Z"}
{"log":"INFO [03-25|05:13:51.178] Imported new chain segment               blocks=1     txs=0     mgas=0.000   elapsed=666.707µs mgasps=0.000    number=2405435 hash=3574e1…c6be87 dirty=686.01MiB\n","stream":"stderr","time":"2020-03-25T05:13:51.179118288Z"}
{"log":"INFO [03-25|05:14:05.078] Imported new chain segment               blocks=1     txs=0     mgas=0.000   elapsed=581.996µs mgasps=0.000    number=2405436 hash=401e09…34d795 dirty=686.01MiB\n","stream":"stderr","time":"2020-03-25T05:14:05.079172831Z"}
{"log":"INFO [03-25|05:14:07.990] Imported new chain segment               blocks=1     txs=0     mgas=0.000   elapsed=611.032µs mgasps=0.000    number=2405436 hash=0f0244…876b07 dirty=686.01MiB\n","stream":"stderr","time":"2020-03-25T05:14:07.990825185Z"}
{"log":"INFO [03-25|05:14:12.372] Deep froze chain segment                 blocks=4     elapsed=25.934ms  number=2315435 hash=2708ad…7891f5\n","stream":"stderr","time":"2020-03-25T05:14:12.373134669Z"}
{"log":"INFO [03-25|05:14:20.119] Imported new chain segment               blocks=1     txs=1     mgas=0.056   elapsed=1.961ms   mgasps=28.413   number=2405437 hash=5be366…95ea02 dirty=686.02MiB\n","stream":"stderr","time":"2020-03-25T05:14:20.119590552Z"}
{"log":"INFO [03-25|05:14:35.201] Imported new chain segment               blocks=1     txs=1     mgas=0.487   elapsed=15.685ms  mgasps=31.024   number=2405438 hash=606b8b…b6a22f dirty=686.00MiB\n","stream":"stderr","time":"2020-03-25T05:14:35.201375899Z"}
{"log":"INFO [03-25|05:14:50.208] Imported new chain segment               blocks=1     txs=0     mgas=0.000   elapsed=680.656µs mgasps=0.000    number=2405439 hash=66e858…219014 dirty=685.98MiB\n","stream":"stderr","time":"2020-03-25T05:14:50.208519963Z"}
{"log":"INFO [03-25|05:15:05.112] Imported new chain segment               blocks=1     txs=0     mgas=0.000   elapsed=661.346µs mgasps=0.000    number=2405440 hash=19dd98…fe415a dirty=685.98MiB\n","stream":"stderr","time":"2020-03-25T05:15:05.112734454Z"}
{"log":"INFO [03-25|05:15:06.835] Imported new chain segment               blocks=1     txs=2     mgas=4.242   elapsed=44.096ms  mgasps=96.197   number=2405440 hash=a80939…156097 dirty=686.42MiB\n","stream":"stderr","time":"2020-03-25T05:15:06.835907363Z"}
{"log":"INFO [03-25|05:15:12.405] Deep froze chain segment                 blocks=4     elapsed=31.991ms  number=2315439 hash=1c3b00…c98a94\n","stream":"stderr","time":"2020-03-25T05:15:12.405435207Z"}
{"log":"INFO [03-25|05:15:21.024] Imported new chain segment               blocks=1     txs=2     mgas=4.242   elapsed=40.583ms  mgasps=104.524  number=2405441 hash=3b2ce2…47fe6d dirty=686.42MiB\n","stream":"stderr","time":"2020-03-25T05:15:21.024459144Z"}
{"log":"INFO [03-25|05:15:21.041] Chain reorg detected                     number=2405440 hash=19dd98…fe415a drop=1 dropfrom=3b2ce2…47fe6d add=1 addfrom=6cc243…5683f3\n","stream":"stderr","time":"2020-03-25T05:15:21.041893198Z"}
{"log":"INFO [03-25|05:15:21.041] Imported new chain segment               blocks=1     txs=1     mgas=0.433   elapsed=17.422ms  mgasps=24.865   number=2405441 hash=6cc243…5683f3 dirty=686.42MiB\n","stream":"stderr","time":"2020-03-25T05:15:21.042126384Z"}
{"log":"INFO [03-25|05:15:23.456] Imported new chain segment               blocks=1     txs=2     mgas=4.242   elapsed=49.882ms  mgasps=85.039   number=2405441 hash=b470ba…f8626d dirty=686.42MiB\n","stream":"stderr","time":"2020-03-25T05:15:23.456725194Z"}
{"log":"INFO [03-25|05:15:35.969] Chain reorg detected                     number=2405440 hash=19dd98…fe415a drop=1 dropfrom=6cc243…5683f3 add=2 addfrom=caac36…3bb9f3\n","stream":"stderr","time":"2020-03-25T05:15:35.971766493Z"}
{"log":"INFO [03-25|05:15:35.969] Imported new chain segment               blocks=1     txs=0     mgas=0.000   elapsed=1.072ms   mgasps=0.000    number=2405442 hash=caac36…3bb9f3 dirty=686.42MiB\n","stream":"stderr","time":"2020-03-25T05:15:35.971800622Z"}
{"log":"INFO [03-25|05:15:36.372] Imported new chain segment               blocks=1     txs=0     mgas=0.000   elapsed=313.956µs mgasps=0.000    number=2405442 hash=8e4872…38e4b8 dirty=686.42MiB\n","stream":"stderr","time":"2020-03-25T05:15:36.372374397Z"}
{"log":"INFO [03-25|05:15:50.536] Imported new chain segment               blocks=1     txs=5     mgas=1.765   elapsed=21.469ms  mgasps=82.227   number=2405443 hash=c900eb…f0b5e4 dirty=686.50MiB\n","stream":"stderr","time":"2020-03-25T05:15:50.536531056Z"}
{"log":"INFO [03-25|05:15:50.571] Chain reorg detected                     number=2405442 hash=caac36…3bb9f3 drop=1 dropfrom=c900eb…f0b5e4 add=1 addfrom=9cbf4e…f1ac37\n","stream":"stderr","time":"2020-03-25T05:15:50.571464919Z"}
{"log":"INFO [03-25|05:15:50.571] Imported new chain segment               blocks=1     txs=5     mgas=1.765   elapsed=20.299ms  mgasps=86.967   number=2405443 hash=9cbf4e…f1ac37 dirty=686.51MiB\n","stream":"stderr","time":"2020-03-25T05:15:50.578479578Z"}
{"log":"INFO [03-25|05:15:53.798] Imported new chain segment               blocks=1     txs=5     mgas=1.765   elapsed=20.257ms  mgasps=87.150   number=2405443 hash=ef8b26…a8f945 dirty=686.51MiB\n","stream":"stderr","time":"2020-03-25T05:15:53.798851669Z"}
{"log":"INFO [03-25|05:16:05.148] Imported new chain segment               blocks=1     txs=1     mgas=0.433   elapsed=13.271ms  mgasps=32.642   number=2405444 hash=46f626…6af822 dirty=686.50MiB\n","stream":"stderr","time":"2020-03-25T05:16:05.149191942Z"}
{"log":"INFO [03-25|05:16:06.899] Imported new chain segment               blocks=1     txs=1     mgas=0.433   elapsed=12.725ms  mgasps=34.044   number=2405444 hash=197b04…bef94a dirty=686.51MiB\n","stream":"stderr","time":"2020-03-25T05:16:06.899885603Z"}
{"log":"INFO [03-25|05:16:12.439] Deep froze chain segment                 blocks=4     elapsed=34.292ms  number=2315443 hash=5f169a…afda6b\n","stream":"stderr","time":"2020-03-25T05:16:12.43996552Z"}
{"log":"INFO [03-25|05:16:20.463] Imported new chain segment               blocks=1     txs=1     mgas=0.096   elapsed=2.342ms   mgasps=40.948   number=2405445 hash=9414b5…b369d4 dirty=686.50MiB\n","stream":"stderr","time":"2020-03-25T05:16:20.463856261Z"}
{"log":"INFO [03-25|05:16:23.497] Imported new chain segment               blocks=1     txs=1     mgas=0.096   elapsed=2.159ms   mgasps=44.409   number=2405445 hash=c6e8e3…a881de dirty=686.50MiB\n","stream":"stderr","time":"2020-03-25T05:16:23.497540946Z"}
{"log":"INFO [03-25|05:16:23.607] Chain reorg detected                     number=2405444 hash=46f626…6af822 drop=1 dropfrom=9414b5…b369d4 add=1 addfrom=69a953…73f340\n","stream":"stderr","time":"2020-03-25T05:16:23.607512057Z"}
{"log":"INFO [03-25|05:16:23.607] Imported new chain segment               blocks=1     txs=0     mgas=0.000   elapsed=595.52µs  mgasps=0.000    number=2405445 hash=69a953…73f340 dirty=686.50MiB\n","stream":"stderr","time":"2020-03-25T05:16:23.608417095Z"}
{"log":"INFO [03-25|05:16:35.508] Chain reorg detected                     number=2405444 hash=46f626…6af822 drop=1 dropfrom=69a953…73f340 add=2 addfrom=3ecdd4…b8cc37\n","stream":"stderr","time":"2020-03-25T05:16:35.508805663Z"}
{"log":"INFO [03-25|05:16:35.508] Imported new chain segment               blocks=1     txs=0     mgas=0.000   elapsed=617.358µs mgasps=0.000    number=2405446 hash=3ecdd4…b8cc37 dirty=686.49MiB\n","stream":"stderr","time":"2020-03-25T05:16:35.508980999Z"}
{"log":"INFO [03-25|05:16:35.567] Imported new chain segment               blocks=1     txs=2     mgas=0.529   elapsed=13.817ms  mgasps=38.295   number=2405446 hash=2e90d4…9a5fc4 dirty=686.51MiB\n","stream":"stderr","time":"2020-03-25T05:16:35.567970695Z"}
{"log":"INFO [03-25|05:16:37.263] Chain reorg detected                     number=2405445 hash=9414b5…b369d4 drop=1 dropfrom=3ecdd4…b8cc37 add=1 addfrom=bb0855…dd37a7\n","stream":"stderr","time":"2020-03-25T05:16:37.268889766Z"}
{"log":"INFO [03-25|05:16:37.263] Imported new chain segment               blocks=1     txs=0     mgas=0.000   elapsed=742.266µs mgasps=0.000    number=2405446 hash=bb0855…dd37a7 dirty=686.51MiB\n","stream":"stderr","time":"2020-03-25T05:16:37.268927645Z"}
{"log":"INFO [03-25|05:16:50.086] Chain reorg detected                     number=2405445 hash=9414b5…b369d4 drop=1 dropfrom=bb0855…dd37a7 add=2 addfrom=05a899…657127\n","stream":"stderr","time":"2020-03-25T05:16:50.087122157Z"}
{"log":"INFO [03-25|05:16:50.087] Imported new chain segment               blocks=1     txs=1     mgas=0.433   elapsed=11.397ms  mgasps=38.010   number=2405447 hash=05a899…657127 dirty=686.51MiB\n","stream":"stderr","time":"2020-03-25T05:16:50.087345254Z"}
{"log":"INFO [03-25|05:16:52.702] Imported new chain segment               blocks=1     txs=1     mgas=0.433   elapsed=20.270ms  mgasps=21.373   number=2405447 hash=24f1e2…219c94 dirty=686.51MiB\n","stream":"stderr","time":"2020-03-25T05:16:52.702749778Z"}
{"log":"INFO [03-25|05:17:05.081] Imported new chain segment               blocks=1     txs=0     mgas=0.000   elapsed=1.171ms   mgasps=0.000    number=2405448 hash=a0297a…b92689 dirty=686.46MiB\n","stream":"stderr","time":"2020-03-25T05:17:05.081552908Z"}
{"log":"INFO [03-25|05:17:06.104] Imported new chain segment               blocks=1     txs=0     mgas=0.000   elapsed=338.303µs mgasps=0.000    number=2405448 hash=f53d39…85d1ea dirty=686.46MiB\n","stream":"stderr","time":"2020-03-25T05:17:06.107198067Z"}
{"log":"INFO [03-25|05:17:12.472] Deep froze chain segment                 blocks=4     elapsed=32.487ms  number=2315447 hash=c6c2ee…de825d\n","stream":"stderr","time":"2020-03-25T05:17:12.472766242Z"}
{"log":"INFO [03-25|05:17:20.599] Imported new chain segment               blocks=1     txs=1     mgas=0.433   elapsed=17.395ms  mgasps=24.904   number=2405449 hash=2d8871…3a699d dirty=686.47MiB\n","stream":"stderr","time":"2020-03-25T05:17:20.600014707Z"}
{"log":"INFO [03-25|05:17:20.891] Chain reorg detected                     number=2405448 hash=a0297a…b92689 drop=1 dropfrom=2d8871…3a699d add=1 addfrom=157082…b93a92\n","stream":"stderr","time":"2020-03-25T05:17:20.892057039Z"}
{"log":"INFO [03-25|05:17:20.892] Imported new chain segment               blocks=1     txs=0     mgas=0.000   elapsed=733.648µs mgasps=0.000    number=2405449 hash=157082…b93a92 dirty=686.47MiB\n","stream":"stderr","time":"2020-03-25T05:17:20.892263169Z"}
{"log":"INFO [03-25|05:17:36.158] Imported new chain segment               blocks=1     txs=3     mgas=0.732   elapsed=35.700ms  mgasps=20.501   number=2405450 hash=aab52f…7094db dirty=686.04MiB\n","stream":"stderr","time":"2020-03-25T05:17:36.159073335Z"}
{"log":"INFO [03-25|05:17:36.700] Imported new chain segment               blocks=1     txs=2     mgas=0.489   elapsed=13.967ms  mgasps=35.007   number=2405450 hash=a67ffc…d04686 dirty=686.05MiB\n","stream":"stderr","time":"2020-03-25T05:17:36.700545828Z"}
{"log":"INFO [03-25|05:17:36.808] Imported new chain segment               blocks=1     txs=1     mgas=0.056   elapsed=1.667ms   mgasps=33.420   number=2405450 hash=d66a96…a15e1b dirty=686.05MiB\n","stream":"stderr","time":"2020-03-25T05:17:36.808654501Z"}
{"log":"INFO [03-25|05:17:51.069] Chain reorg detected                     number=2405449 hash=157082…b93a92 drop=1 dropfrom=aab52f…7094db add=2 addfrom=5fde27…388599\n","stream":"stderr","time":"2020-03-25T05:17:51.069886822Z"}
{"log":"INFO [03-25|05:17:51.072] Imported new chain segment               blocks=1     txs=4     mgas=0.823   elapsed=26.034ms  mgasps=31.612   number=2405451 hash=5fde27…388599 dirty=686.06MiB\n","stream":"stderr","time":"2020-03-25T05:17:51.072281719Z"}
{"log":"INFO [03-25|05:17:51.266] Imported new chain segment               blocks=1     txs=0     mgas=0.000   elapsed=193.056µs mgasps=0.000    number=2405451 hash=1ab020…4c194c dirty=686.06MiB\n","stream":"stderr","time":"2020-03-25T05:17:51.266390981Z"}
{"log":"INFO [03-25|05:17:51.579] Chain reorg detected                     number=2405449 hash=157082…b93a92 drop=2 dropfrom=5fde27…388599 add=2 addfrom=97f7a1…6e9d7e\n","stream":"stderr","time":"2020-03-25T05:17:51.580214931Z"}
{"log":"INFO [03-25|05:17:51.581] Imported new chain segment               blocks=1     txs=1     mgas=0.096   elapsed=3.043ms   mgasps=31.513   number=2405451 hash=97f7a1…6e9d7e dirty=686.06MiB\n","stream":"stderr","time":"2020-03-25T05:17:51.581409809Z"}
{"log":"INFO [03-25|05:17:56.816] Chain reorg detected                     number=2405450 hash=aab52f…7094db drop=1 dropfrom=97f7a1…6e9d7e add=1 addfrom=c19d9d…3dc5e3\n","stream":"stderr","time":"2020-03-25T05:17:56.81651501Z"}
{"log":"INFO [03-25|05:17:56.816] Imported new chain segment               blocks=1     txs=3     mgas=0.580   elapsed=22.610ms  mgasps=25.656   number=2405451 hash=c19d9d…3dc5e3 dirty=686.06MiB\n","stream":"stderr","time":"2020-03-25T05:17:56.817257785Z"}
{"log":"INFO [03-25|05:18:06.056] Imported new chain segment               blocks=1     txs=1     mgas=0.524   elapsed=7.233ms   mgasps=72.389   number=2405452 hash=dd90ff…63ca52 dirty=686.11MiB\n","stream":"stderr","time":"2020-03-25T05:18:06.057055378Z"}
{"log":"INFO [03-25|05:18:07.779] Imported new chain segment               blocks=1     txs=5     mgas=2.085   elapsed=28.883ms  mgasps=72.172   number=2405452 hash=37a08b…76c9ec dirty=686.22MiB\n","stream":"stderr","time":"2020-03-25T05:18:07.779980836Z"}
{"log":"INFO [03-25|05:18:12.589] Deep froze chain segment                 blocks=4     elapsed=116.653ms number=2315451 hash=5d8585…38fc19\n","stream":"stderr","time":"2020-03-25T05:18:12.590106726Z"}
{"log":"INFO [03-25|05:18:21.533] Imported new chain segment               blocks=1     txs=4     mgas=1.567   elapsed=18.273ms  mgasps=85.773   number=2405453 hash=fb7c00…8af868 dirty=686.24MiB\n","stream":"stderr","time":"2020-03-25T05:18:21.534077924Z"}
{"log":"INFO [03-25|05:18:35.142] Imported new chain segment               blocks=1     txs=0     mgas=0.000   elapsed=547.041µs mgasps=0.000    number=2405454 hash=29cc13…cb261b dirty=686.24MiB\n","stream":"stderr","time":"2020-03-25T05:18:35.142949972Z"}
{"log":"INFO [03-25|05:18:50.604] Imported new chain segment               blocks=1     txs=1     mgas=0.303   elapsed=5.774ms   mgasps=52.522   number=2405455 hash=9880f0…24ef95 dirty=686.26MiB\n","stream":"stderr","time":"2020-03-25T05:18:50.604955844Z"}
{"log":"INFO [03-25|05:18:50.672] Imported new chain segment               blocks=1     txs=1     mgas=0.303   elapsed=4.973ms   mgasps=60.982   number=2405455 hash=0f1157…13fdd7 dirty=686.26MiB\n","stream":"stderr","time":"2020-03-25T05:18:50.672347259Z"}
{"log":"INFO [03-25|05:18:51.668] Chain reorg detected                     number=2405454 hash=29cc13…cb261b drop=1 dropfrom=9880f0…24ef95 add=1 addfrom=e46dac…c00ab4\n","stream":"stderr","time":"2020-03-25T05:18:51.668428234Z"}
{"log":"INFO [03-25|05:18:51.668] Imported new chain segment               blocks=1     txs=0     mgas=0.000   elapsed=731.986µs mgasps=0.000    number=2405455 hash=e46dac…c00ab4 dirty=686.26MiB\n","stream":"stderr","time":"2020-03-25T05:18:51.66867238Z"}
{"log":"INFO [03-25|05:19:05.066] Imported new chain segment               blocks=1     txs=1     mgas=0.303   elapsed=3.796ms   mgasps=79.885   number=2405456 hash=e1b8a2…18315f dirty=686.25MiB\n","stream":"stderr","time":"2020-03-25T05:19:05.06628586Z"}
{"log":"INFO [03-25|05:19:06.091] Imported new chain segment               blocks=1     txs=0     mgas=0.000   elapsed=345.21µs  mgasps=0.000    number=2405456 hash=39f6ea…d8812a dirty=686.25MiB\n","stream":"stderr","time":"2020-03-25T05:19:06.091219557Z"}
{"log":"INFO [03-25|05:19:12.626] Deep froze chain segment                 blocks=4     elapsed=36.233ms  number=2315455 hash=4cd5a9…39e819\n","stream":"stderr","time":"2020-03-25T05:19:12.626702045Z"}
{"log":"INFO [03-25|05:19:20.083] Imported new chain segment               blocks=1     txs=1     mgas=0.111   elapsed=12.224ms  mgasps=9.080    number=2405457 hash=a67e68…19dc6d dirty=686.25MiB\n","stream":"stderr","time":"2020-03-25T05:19:20.084100254Z"}
{"log":"INFO [03-25|05:19:35.113] Imported new chain segment               blocks=1     txs=1     mgas=0.524   elapsed=18.245ms  mgasps=28.726   number=2405458 hash=c1da9a…e4e669 dirty=686.27MiB\n","stream":"stderr","time":"2020-03-25T05:19:35.113420946Z"}
{"log":"INFO [03-25|05:19:41.318] Imported new chain segment               blocks=1     txs=1     mgas=0.524   elapsed=16.891ms  mgasps=31.027   number=2405458 hash=570274…8f671b dirty=686.27MiB\n","stream":"stderr","time":"2020-03-25T05:19:41.318324611Z"}
{"log":"INFO [03-25|05:19:51.747] Imported new chain segment               blocks=1     txs=0     mgas=0.000   elapsed=2.307ms   mgasps=0.000    number=2405459 hash=c8ee80…42a419 dirty=686.21MiB\n","stream":"stderr","time":"2020-03-25T05:19:51.747330148Z"}
{"log":"INFO [03-25|05:20:05.065] Imported new chain segment               blocks=1     txs=0     mgas=0.000   elapsed=2.806ms   mgasps=0.000    number=2405460 hash=05e6c9…8cb03d dirty=686.11MiB\n","stream":"stderr","time":"2020-03-25T05:20:05.06605892Z"}
{"log":"INFO [03-25|05:20:12.653] Deep froze chain segment                 blocks=4     elapsed=26.568ms  number=2315459 hash=479a78…f0a9c3\n","stream":"stderr","time":"2020-03-25T05:20:12.653649581Z"}
{"log":"INFO [03-25|05:20:20.181] Imported new chain segment               blocks=1     txs=1     mgas=0.433   elapsed=17.591ms  mgasps=24.625   number=2405461 hash=635755…de0a16 dirty=686.11MiB\n","stream":"stderr","time":"2020-03-25T05:20:20.181714964Z"}
{"log":"INFO [03-25|05:20:21.096] Imported new chain segment               blocks=1     txs=1     mgas=0.433   elapsed=16.480ms  mgasps=26.286   number=2405461 hash=61212e…402a39 dirty=686.11MiB\n","stream":"stderr","time":"2020-03-25T05:20:21.096575236Z"}
{"log":"INFO [03-25|05:20:24.964] Chain reorg detected                     number=2405460 hash=05e6c9…8cb03d drop=1 dropfrom=635755…de0a16 add=1 addfrom=9bd5c5…560e95\n","stream":"stderr","time":"2020-03-25T05:20:24.964280086Z"}
{"log":"INFO [03-25|05:20:24.964] Imported new chain segment               blocks=1     txs=1     mgas=0.433   elapsed=13.744ms  mgasps=31.518   number=2405461 hash=9bd5c5…560e95 dirty=686.11MiB\n","stream":"stderr","time":"2020-03-25T05:20:24.964578774Z"}
{"log":"INFO [03-25|05:20:36.142] Imported new chain segment               blocks=1     txs=1     mgas=1.181   elapsed=8.460ms   mgasps=139.616  number=2405462 hash=f3f5d4…68897f dirty=686.24MiB\n","stream":"stderr","time":"2020-03-25T05:20:36.142974484Z"}
{"log":"INFO [03-25|05:20:36.707] Imported new chain segment               blocks=1     txs=4     mgas=3.375   elapsed=20.624ms  mgasps=163.642  number=2405462 hash=2b33c8…050b2a dirty=686.43MiB\n","stream":"stderr","time":"2020-03-25T05:20:36.707522769Z"}
{"log":"INFO [03-25|05:20:36.851] Imported new chain segment               blocks=1     txs=4     mgas=3.375   elapsed=26.587ms  mgasps=126.940  number=2405462 hash=b1f872…caa59b dirty=686.43MiB\n","stream":"stderr","time":"2020-03-25T05:20:36.851424145Z"}
{"log":"INFO [03-25|05:20:38.055] Imported new chain segment               blocks=1     txs=4     mgas=3.375   elapsed=14.728ms  mgasps=229.151  number=2405462 hash=3d5acc…0d0f8f dirty=686.43MiB\n","stream":"stderr","time":"2020-03-25T05:20:38.055456681Z"}
{"log":"INFO [03-25|05:20:38.072] Imported new chain segment               blocks=1     txs=0     mgas=0.000   elapsed=272.869µs mgasps=0.000    number=2405462 hash=d47379…a2295e dirty=686.43MiB\n","stream":"stderr","time":"2020-03-25T05:20:38.072344209Z"}
{"log":"INFO [03-25|05:20:50.204] Imported new chain segment               blocks=1     txs=5     mgas=3.236   elapsed=36.963ms  mgasps=87.534   number=2405463 hash=788973…501a8d dirty=686.48MiB\n","stream":"stderr","time":"2020-03-25T05:20:50.204988039Z"}
{"log":"INFO [03-25|05:20:51.073] Chain reorg detected                     number=2405462 hash=f3f5d4…68897f drop=1 dropfrom=788973…501a8d add=1 addfrom=ad82aa…752f2b\n","stream":"stderr","time":"2020-03-25T05:20:51.073697654Z"}
{"log":"INFO [03-25|05:20:51.073] Imported new chain segment               blocks=1     txs=5     mgas=2.856   elapsed=12.842ms  mgasps=222.363  number=2405463 hash=ad82aa…752f2b dirty=686.49MiB\n","stream":"stderr","time":"2020-03-25T05:20:51.073957692Z"}
{"log":"INFO [03-25|05:20:54.044] Chain reorg detected                     number=2405462 hash=f3f5d4…68897f drop=1 dropfrom=ad82aa…752f2b add=1 addfrom=7a4c53…36a1b3\n","stream":"stderr","time":"2020-03-25T05:20:54.044403812Z"}
{"log":"INFO [03-25|05:20:54.044] Imported new chain segment               blocks=1     txs=2     mgas=0.738   elapsed=7.071ms   mgasps=104.386  number=2405463 hash=7a4c53…36a1b3 dirty=686.52MiB\n","stream":"stderr","time":"2020-03-25T05:20:54.044579786Z"}
{"log":"INFO [03-25|05:21:06.121] Chain reorg detected                     number=2405462 hash=f3f5d4…68897f drop=1 dropfrom=7a4c53…36a1b3 add=2 addfrom=ff8672…405eb0\n","stream":"stderr","time":"2020-03-25T05:21:06.121570308Z"}
{"log":"INFO [03-25|05:21:06.122] Imported new chain segment               blocks=1     txs=2     mgas=0.529   elapsed=17.438ms  mgasps=30.343   number=2405464 hash=ff8672…405eb0 dirty=686.54MiB\n","stream":"stderr","time":"2020-03-25T05:21:06.122259149Z"}
{"log":"INFO [03-25|05:21:06.525] Imported new chain segment               blocks=1     txs=4     mgas=2.800   elapsed=20.969ms  mgasps=133.521  number=2405463 hash=347f83…7dc018 dirty=686.54MiB\n","stream":"stderr","time":"2020-03-25T05:21:06.525301541Z"}
{"log":"INFO [03-25|05:21:07.353] Imported new chain segment               blocks=1     txs=1     mgas=0.056   elapsed=1.959ms   mgasps=28.443   number=2405464 hash=4b2752…ca235e dirty=686.55MiB\n","stream":"stderr","time":"2020-03-25T05:21:07.354016175Z"}
{"log":"INFO [03-25|05:21:08.618] Chain reorg detected                     number=2405462 hash=f3f5d4…68897f drop=2 dropfrom=ff8672…405eb0 add=2 addfrom=24c26e…6768dd\n","stream":"stderr","time":"2020-03-25T05:21:08.619202332Z"}
{"log":"INFO [03-25|05:21:08.619] Imported new chain segment               blocks=1     txs=1     mgas=0.056   elapsed=3.560ms   mgasps=15.652   number=2405464 hash=24c26e…6768dd dirty=686.55MiB\n","stream":"stderr","time":"2020-03-25T05:21:08.619957785Z"}
{"log":"INFO [03-25|05:21:12.684] Deep froze chain segment                 blocks=4     elapsed=30.987ms  number=2315463 hash=70425a…e2c00b\n","stream":"stderr","time":"2020-03-25T05:21:12.684952566Z"}
{"log":"INFO [03-25|05:21:21.414] Imported new chain segment               blocks=1     txs=1     mgas=0.096   elapsed=2.547ms   mgasps=37.642   number=2405465 hash=3347aa…cd8ec1 dirty=686.53MiB\n","stream":"stderr","time":"2020-03-25T05:21:21.414456362Z"}
{"log":"INFO [03-25|05:21:23.149] Chain reorg detected                     number=2405462 hash=f3f5d4…68897f drop=3 dropfrom=3347aa…cd8ec1 add=3 addfrom=99c4c9…e60384\n","stream":"stderr","time":"2020-03-25T05:21:23.150160868Z"}
{"log":"INFO [03-25|05:21:23.150] Imported new chain segment               blocks=1     txs=0     mgas=0.000   elapsed=1.542ms   mgasps=0.000    number=2405465 hash=99c4c9…e60384 dirty=686.53MiB\n","stream":"stderr","time":"2020-03-25T05:21:23.150988452Z"}
{"log":"INFO [03-25|05:21:35.431] Chain reorg detected                     number=2405462 hash=f3f5d4…68897f drop=3 dropfrom=99c4c9…e60384 add=4 addfrom=3f354e…dbd1ad\n","stream":"stderr","time":"2020-03-25T05:21:35.431334446Z"}
{"log":"INFO [03-25|05:21:35.432] Imported new chain segment               blocks=1     txs=0     mgas=0.000   elapsed=3.091ms   mgasps=0.000    number=2405466 hash=3f354e…dbd1ad dirty=686.51MiB\n","stream":"stderr","time":"2020-03-25T05:21:35.432476342Z"}
{"log":"INFO [03-25|05:21:35.506] Chain reorg detected                     number=2405465 hash=3347aa…cd8ec1 drop=1 dropfrom=3f354e…dbd1ad add=1 addfrom=23d2a4…aaf45d\n","stream":"stderr","time":"2020-03-25T05:21:35.506540298Z"}
{"log":"INFO [03-25|05:21:35.506] Imported new chain segment               blocks=1     txs=1     mgas=0.080   elapsed=2.493ms   mgasps=32.080   number=2405466 hash=23d2a4…aaf45d dirty=686.52MiB\n","stream":"stderr","time":"2020-03-25T05:21:35.507033547Z"}
{"log":"INFO [03-25|05:21:51.603] Chain reorg detected                     number=2405465 hash=3347aa…cd8ec1 drop=1 dropfrom=23d2a4…aaf45d add=2 addfrom=8ef50e…a92d5f\n","stream":"stderr","time":"2020-03-25T05:21:51.603248523Z"}
{"log":"INFO [03-25|05:21:51.603] Imported new chain segment               blocks=1     txs=2     mgas=0.513   elapsed=19.231ms  mgasps=26.686   number=2405467 hash=8ef50e…a92d5f dirty=686.54MiB\n","stream":"stderr","time":"2020-03-25T05:21:51.606098628Z"}
{"log":"INFO [03-25|05:21:52.212] Imported new chain segment               blocks=1     txs=2     mgas=0.513   elapsed=17.362ms  mgasps=29.558   number=2405467 hash=67bafe…51ccb3 dirty=686.54MiB\n","stream":"stderr","time":"2020-03-25T05:21:52.212977523Z"}
{"log":"INFO [03-25|05:21:56.516] Chain reorg detected                     number=2405466 hash=3f354e…dbd1ad drop=1 dropfrom=8ef50e…a92d5f add=1 addfrom=95d996…f68c7d\n","stream":"stderr","time":"2020-03-25T05:21:56.517275903Z"}
{"log":"INFO [03-25|05:21:56.517] Imported new chain segment               blocks=1     txs=2     mgas=0.513   elapsed=22.964ms  mgasps=22.348   number=2405467 hash=95d996…f68c7d dirty=686.54MiB\n","stream":"stderr","time":"2020-03-25T05:21:56.517679159Z"}
{"log":"INFO [03-25|05:22:05.091] Imported new chain segment               blocks=1     txs=2     mgas=0.117   elapsed=3.038ms   mgasps=38.469   number=2405468 hash=f5485a…fa838c dirty=686.55MiB\n","stream":"stderr","time":"2020-03-25T05:22:05.091697768Z"}
{"log":"INFO [03-25|05:22:06.178] Imported new chain segment               blocks=1     txs=1     mgas=0.096   elapsed=2.012ms   mgasps=47.659   number=2405468 hash=590b84…a36de1 dirty=686.55MiB\n","stream":"stderr","time":"2020-03-25T05:22:06.179038134Z"}
{"log":"INFO [03-25|05:22:12.721] Deep froze chain segment                 blocks=4     elapsed=36.608ms  number=2315467 hash=cc6b3e…41b463\n","stream":"stderr","time":"2020-03-25T05:22:12.721910291Z"}
{"log":"INFO [03-25|05:22:20.244] Imported new chain segment               blocks=1     txs=1     mgas=0.433   elapsed=14.654ms  mgasps=29.563   number=2405469 hash=550032…0eecdd dirty=686.54MiB\n","stream":"stderr","time":"2020-03-25T05:22:20.244378803Z"}
{"log":"INFO [03-25|05:22:22.179] Imported new chain segment               blocks=1     txs=1     mgas=0.433   elapsed=16.611ms  mgasps=26.080   number=2405469 hash=9dec80…64aea9 dirty=686.55MiB\n","stream":"stderr","time":"2020-03-25T05:22:22.179718507Z"}
{"log":"INFO [03-25|05:22:35.267] Imported new chain segment               blocks=1     txs=1     mgas=0.096   elapsed=6.416ms   mgasps=14.946   number=2405470 hash=8242e2…56b1b9 dirty=686.30MiB\n","stream":"stderr","time":"2020-03-25T05:22:35.267843367Z"}
{"log":"INFO [03-25|05:22:35.531] Imported new chain segment               blocks=1     txs=1     mgas=0.096   elapsed=1.949ms   mgasps=49.191   number=2405470 hash=152c67…0ee2ed dirty=686.30MiB\n","stream":"stderr","time":"2020-03-25T05:22:35.531265449Z"}
{"log":"INFO [03-25|05:22:37.589] Imported new chain segment               blocks=1     txs=0     mgas=0.000   elapsed=347.667µs mgasps=0.000    number=2405470 hash=d87467…87400f dirty=686.30MiB\n","stream":"stderr","time":"2020-03-25T05:22:37.589574065Z"}
{"log":"INFO [03-25|05:22:50.131] Chain reorg detected                     number=2405469 hash=550032…0eecdd drop=1 dropfrom=8242e2…56b1b9 add=2 addfrom=fac1de…57b793\n","stream":"stderr","time":"2020-03-25T05:22:50.132481011Z"}
{"log":"INFO [03-25|05:22:50.132] Imported new chain segment               blocks=1     txs=4     mgas=0.685   elapsed=25.328ms  mgasps=27.054   number=2405471 hash=fac1de…57b793 dirty=686.30MiB\n","stream":"stderr","time":"2020-03-25T05:22:50.133106325Z"}
{"log":"INFO [03-25|05:22:52.574] Imported new chain segment               blocks=1     txs=1     mgas=0.023   elapsed=1.799ms   mgasps=12.754   number=2405471 hash=970a98…1895c7 dirty=686.30MiB\n","stream":"stderr","time":"2020-03-25T05:22:52.575557831Z"}
{"log":"INFO [03-25|05:22:53.677] Chain reorg detected                     number=2405469 hash=550032…0eecdd drop=2 dropfrom=fac1de…57b793 add=2 addfrom=672f34…c74455\n","stream":"stderr","time":"2020-03-25T05:22:53.677708894Z"}
{"log":"INFO [03-25|05:22:53.678] Imported new chain segment               blocks=1     txs=1     mgas=0.023   elapsed=2.105ms   mgasps=10.902   number=2405471 hash=672f34…c74455 dirty=686.30MiB\n","stream":"stderr","time":"2020-03-25T05:22:53.678196112Z"}
{"log":"INFO [03-25|05:23:05.248] Chain reorg detected                     number=2405469 hash=550032…0eecdd drop=2 dropfrom=672f34…c74455 add=3 addfrom=45c061…af47a2\n","stream":"stderr","time":"2020-03-25T05:23:05.248958641Z"}
{"log":"INFO [03-25|05:23:05.249] Imported new chain segment               blocks=1     txs=0     mgas=0.000   elapsed=1.761ms   mgasps=0.000    number=2405472 hash=45c061…af47a2 dirty=686.29MiB\n","stream":"stderr","time":"2020-03-25T05:23:05.249773786Z"}
{"log":"INFO [03-25|05:23:06.059] Imported new chain segment               blocks=1     txs=1     mgas=4.060   elapsed=17.555ms  mgasps=231.247  number=2405472 hash=fa9447…f45cce dirty=686.33MiB\n","stream":"stderr","time":"2020-03-25T05:23:06.059275133Z"}
{"log":"INFO [03-25|05:23:12.758] Deep froze chain segment                 blocks=4     elapsed=35.892ms  number=2315471 hash=631c91…7c55a3\n","stream":"stderr","time":"2020-03-25T05:23:12.758275924Z"}
{"log":"INFO [03-25|05:23:20.418] Imported new chain segment               blocks=1     txs=2     mgas=4.186   elapsed=16.281ms  mgasps=257.076  number=2405473 hash=1b9802…fffd25 dirty=686.32MiB\n","stream":"stderr","time":"2020-03-25T05:23:20.418813607Z"}
{"log":"INFO [03-25|05:23:20.546] Chain reorg detected                     number=2405472 hash=45c061…af47a2 drop=1 dropfrom=1b9802…fffd25 add=1 addfrom=fc6780…863983\n","stream":"stderr","time":"2020-03-25T05:23:20.546861073Z"}
{"log":"INFO [03-25|05:23:20.546] Imported new chain segment               blocks=1     txs=1     mgas=4.060   elapsed=12.778ms  mgasps=317.699  number=2405473 hash=fc6780…863983 dirty=686.32MiB\n","stream":"stderr","time":"2020-03-25T05:23:20.54707807Z"}
{"log":"INFO [03-25|05:23:35.270] Chain reorg detected                     number=2405472 hash=45c061…af47a2 drop=1 dropfrom=fc6780…863983 add=2 addfrom=771787…1b2a0d\n","stream":"stderr","time":"2020-03-25T05:23:35.270494689Z"}
{"log":"INFO [03-25|05:23:35.270] Imported new chain segment               blocks=1     txs=1     mgas=0.106   elapsed=4.057ms   mgasps=26.109   number=2405474 hash=771787…1b2a0d dirty=686.32MiB\n","stream":"stderr","time":"2020-03-25T05:23:35.270993441Z"}
{"log":"INFO [03-25|05:23:36.692] Imported new chain segment               blocks=1     txs=1     mgas=0.106   elapsed=3.421ms   mgasps=30.962   number=2405474 hash=7eaf78…ffd2e4 dirty=686.32MiB\n","stream":"stderr","time":"2020-03-25T05:23:36.692879733Z"}
{"log":"INFO [03-25|05:23:50.449] Chain reorg detected                     number=2405473 hash=1b9802…fffd25 drop=1 dropfrom=771787…1b2a0d add=2 addfrom=cc974e…aec372\n","stream":"stderr","time":"2020-03-25T05:23:50.449749538Z"}
{"log":"INFO [03-25|05:23:50.450] Imported new chain segment               blocks=1     txs=0     mgas=0.000   elapsed=1.735ms   mgasps=0.000    number=2405475 hash=cc974e…aec372 dirty=686.32MiB\n","stream":"stderr","time":"2020-03-25T05:23:50.450206837Z"}
{"log":"INFO [03-25|05:24:05.055] Imported new chain segment               blocks=1     txs=2     mgas=0.152   elapsed=3.789ms   mgasps=40.012   number=2405476 hash=a36682…2ba9f4 dirty=686.34MiB\n","stream":"stderr","time":"2020-03-25T05:24:05.055592247Z"}
{"log":"INFO [03-25|05:24:07.426] Imported new chain segment               blocks=1     txs=1     mgas=0.056   elapsed=1.491ms   mgasps=37.343   number=2405476 hash=13f92e…afaff1 dirty=686.34MiB\n","stream":"stderr","time":"2020-03-25T05:24:07.426859735Z"}
{"log":"INFO [03-25|05:24:07.456] Imported new chain segment               blocks=1     txs=0     mgas=0.000   elapsed=288.943µs mgasps=0.000    number=2405476 hash=fe806f…594999 dirty=686.34MiB\n","stream":"stderr","time":"2020-03-25T05:24:07.456470796Z"}
{"log":"INFO [03-25|05:24:12.786] Deep froze chain segment                 blocks=4     elapsed=28.540ms  number=2315475 hash=f44453…f5d847\n","stream":"stderr","time":"2020-03-25T05:24:12.787127403Z"}
{"log":"INFO [03-25|05:24:20.061] Imported new chain segment               blocks=1     txs=0     mgas=0.000   elapsed=903.03µs  mgasps=0.000    number=2405477 hash=a1095b…fde5b9 dirty=686.32MiB\n","stream":"stderr","time":"2020-03-25T05:24:20.061845913Z"}
{"log":"INFO [03-25|05:24:22.190] Imported new chain segment               blocks=1     txs=0     mgas=0.000   elapsed=429.816µs mgasps=0.000    number=2405477 hash=1533d8…20157a dirty=686.32MiB\n","stream":"stderr","time":"2020-03-25T05:24:22.190542125Z"}
{"log":"INFO [03-25|05:24:35.116] Imported new chain segment               blocks=1     txs=1     mgas=0.487   elapsed=17.520ms  mgasps=27.774   number=2405478 hash=3524db…b1ce0d dirty=686.34MiB\n","stream":"stderr","time":"2020-03-25T05:24:35.116712925Z"}
{"log":"INFO [03-25|05:24:38.835] Imported new chain segment               blocks=1     txs=0     mgas=0.000   elapsed=954.561µs mgasps=0.000    number=2405478 hash=773902…b529bc dirty=686.34MiB\n","stream":"stderr","time":"2020-03-25T05:24:38.836121773Z"}
{"log":"INFO [03-25|05:24:50.690] Imported new chain segment               blocks=1     txs=1     mgas=0.126   elapsed=6.202ms   mgasps=20.318   number=2405479 hash=895c26…44bbc8 dirty=686.34MiB\n","stream":"stderr","time":"2020-03-25T05:24:50.690496591Z"}
{"log":"INFO [03-25|05:24:50.849] Chain reorg detected                     number=2405478 hash=3524db…b1ce0d drop=1 dropfrom=895c26…44bbc8 add=1 addfrom=cbe8c7…03ab67\n","stream":"stderr","time":"2020-03-25T05:24:50.849947272Z"}
{"log":"INFO [03-25|05:24:50.850] Imported new chain segment               blocks=1     txs=1     mgas=0.126   elapsed=2.847ms   mgasps=44.255   number=2405479 hash=cbe8c7…03ab67 dirty=686.34MiB\n","stream":"stderr","time":"2020-03-25T05:24:50.850161651Z"}
{"log":"INFO [03-25|05:24:50.876] Chain reorg detected                     number=2405478 hash=3524db…b1ce0d drop=1 dropfrom=cbe8c7…03ab67 add=1 addfrom=499ec8…92b0ea\n","stream":"stderr","time":"2020-03-25T05:24:50.87615201Z"}
{"log":"INFO [03-25|05:24:50.876] Imported new chain segment               blocks=1     txs=0     mgas=0.000   elapsed=508.947µs mgasps=0.000    number=2405479 hash=499ec8…92b0ea dirty=686.34MiB\n","stream":"stderr","time":"2020-03-25T05:24:50.876351346Z"}
{"log":"INFO [03-25|05:25:05.045] Chain reorg detected                     number=2405478 hash=3524db…b1ce0d drop=1 dropfrom=499ec8…92b0ea add=2 addfrom=bd9b4e…dae9e3\n","stream":"stderr","time":"2020-03-25T05:25:05.046179892Z"}
{"log":"INFO [03-25|05:25:05.046] Imported new chain segment               blocks=1     txs=0     mgas=0.000   elapsed=1.052ms   mgasps=0.000    number=2405480 hash=bd9b4e…dae9e3 dirty=686.33MiB\n","stream":"stderr","time":"2020-03-25T05:25:05.046612686Z"}
{"log":"INFO [03-25|05:25:06.212] Imported new chain segment               blocks=1     txs=0     mgas=0.000   elapsed=403.339µs mgasps=0.000    number=2405480 hash=efdc89…d14f7d dirty=686.33MiB\n","stream":"stderr","time":"2020-03-25T05:25:06.213105191Z"}
{"log":"INFO [03-25|05:25:06.945] Imported new chain segment               blocks=1     txs=1     mgas=0.433   elapsed=17.270ms  mgasps=25.086   number=2405480 hash=6ad86e…e19347 dirty=686.35MiB\n","stream":"stderr","time":"2020-03-25T05:25:06.945910661Z"}
{"log":"INFO [03-25|05:25:12.824] Deep froze chain segment                 blocks=4     elapsed=37.523ms  number=2315479 hash=54ed0e…3b8207\n","stream":"stderr","time":"2020-03-25T05:25:12.825232218Z"}
{"log":"INFO [03-25|05:25:21.861] Imported new chain segment               blocks=1     txs=2     mgas=0.676   elapsed=21.439ms  mgasps=31.538   number=2405481 hash=477238…47e8bc dirty=686.37MiB\n","stream":"stderr","time":"2020-03-25T05:25:21.861984674Z"}
{"log":"INFO [03-25|05:25:22.297] Chain reorg detected                     number=2405480 hash=bd9b4e…dae9e3 drop=1 dropfrom=477238…47e8bc add=1 addfrom=734f21…bbef1d\n","stream":"stderr","time":"2020-03-25T05:25:22.297779246Z"}
{"log":"INFO [03-25|05:25:22.297] Imported new chain segment               blocks=1     txs=1     mgas=0.433   elapsed=18.119ms  mgasps=23.910   number=2405481 hash=734f21…bbef1d dirty=686.37MiB\n","stream":"stderr","time":"2020-03-25T05:25:22.298052512Z"}
{"log":"INFO [03-25|05:25:26.946] Chain reorg detected                     number=2405480 hash=bd9b4e…dae9e3 drop=1 dropfrom=734f21…bbef1d add=1 addfrom=517896…b380ac\n","stream":"stderr","time":"2020-03-25T05:25:26.946450961Z"}
{"log":"INFO [03-25|05:25:26.946] Imported new chain segment               blocks=1     txs=2     mgas=0.676   elapsed=20.024ms  mgasps=33.766   number=2405481 hash=517896…b380ac dirty=686.37MiB\n","stream":"stderr","time":"2020-03-25T05:25:26.946732261Z"}
{"log":"INFO [03-25|05:25:35.119] Imported new chain segment               blocks=1     txs=5     mgas=1.737   elapsed=30.727ms  mgasps=56.541   number=2405482 hash=e7c5dd…615136 dirty=686.47MiB\n","stream":"stderr","time":"2020-03-25T05:25:35.119393437Z"}
{"log":"INFO [03-25|05:25:35.140] Imported new chain segment               blocks=1     txs=5     mgas=1.737   elapsed=21.401ms  mgasps=81.180   number=2405482 hash=990dd0…e0b760 dirty=686.48MiB\n","stream":"stderr","time":"2020-03-25T05:25:35.141051693Z"}
{"log":"INFO [03-25|05:25:35.308] Imported new chain segment               blocks=1     txs=1     mgas=0.931   elapsed=9.072ms   mgasps=102.648  number=2405482 hash=2a28cb…431e86 dirty=686.49MiB\n","stream":"stderr","time":"2020-03-25T05:25:35.308923475Z"}
{"log":"INFO [03-25|05:25:35.396] Chain reorg detected                     number=2405481 hash=517896…b380ac drop=1 dropfrom=e7c5dd…615136 add=1 addfrom=3d7d72…bb2100\n","stream":"stderr","time":"2020-03-25T05:25:35.396976442Z"}
{"log":"INFO [03-25|05:25:35.397] Imported new chain segment               blocks=1     txs=1     mgas=0.931   elapsed=9.889ms   mgasps=94.166   number=2405482 hash=3d7d72…bb2100 dirty=686.50MiB\n","stream":"stderr","time":"2020-03-25T05:25:35.39724251Z"}
{"log":"INFO [03-25|05:25:50.393] Imported new chain segment               blocks=1     txs=4     mgas=0.806   elapsed=10.509ms  mgasps=76.706   number=2405483 hash=4860d5…5ac224 dirty=686.50MiB\n","stream":"stderr","time":"2020-03-25T05:25:50.393507188Z"}
{"log":"INFO [03-25|05:25:55.368] New local node record                    seq=41 id=8252fae760b7940d ip=31.147.195.65 udp=1024  tcp=30303\n","stream":"stderr","time":"2020-03-25T05:25:55.368560531Z"}
{"log":"INFO [03-25|05:25:56.636] New local node record                    seq=42 id=8252fae760b7940d ip=31.147.195.65 udp=1024  tcp=30303\n","stream":"stderr","time":"2020-03-25T05:25:56.637120496Z"}
{"log":"INFO [03-25|05:25:59.289] New local node record                    seq=43 id=8252fae760b7940d ip=31.147.195.65 udp=1024  tcp=30303\n","stream":"stderr","time":"2020-03-25T05:25:59.290863577Z"}
{"log":"INFO [03-25|05:26:05.133] Imported new chain segment               blocks=1     txs=1     mgas=0.433   elapsed=17.140ms  mgasps=25.276   number=2405484 hash=e838a5…0fdfdf dirty=686.51MiB\n","stream":"stderr","time":"2020-03-25T05:26:05.13388799Z"}
{"log":"INFO [03-25|05:26:12.864] Deep froze chain segment                 blocks=4     elapsed=38.682ms  number=2315483 hash=ca7ffc…eecd6c\n","stream":"stderr","time":"2020-03-25T05:26:12.864333765Z"}
{"log":"INFO [03-25|05:26:20.324] Imported new chain segment               blocks=1     txs=2     mgas=2.347   elapsed=80.595ms  mgasps=29.126   number=2405485 hash=f3db86…9fe781 dirty=686.57MiB\n","stream":"stderr","time":"2020-03-25T05:26:20.325296308Z"}
{"log":"INFO [03-25|05:26:21.997] Imported new chain segment               blocks=1     txs=1     mgas=2.221   elapsed=19.331ms  mgasps=114.912  number=2405485 hash=7f4f9d…8ef66e dirty=686.57MiB\n","stream":"stderr","time":"2020-03-25T05:26:21.997467592Z"}
{"log":"INFO [03-25|05:26:35.105] Chain reorg detected                     number=2405484 hash=e838a5…0fdfdf drop=1 dropfrom=f3db86…9fe781 add=2 addfrom=63cc54…32ee27\n","stream":"stderr","time":"2020-03-25T05:26:35.105615847Z"}
{"log":"INFO [03-25|05:26:35.106] Imported new chain segment               blocks=1     txs=2     mgas=0.559   elapsed=22.375ms  mgasps=24.994   number=2405486 hash=63cc54…32ee27 dirty=686.57MiB\n","stream":"stderr","time":"2020-03-25T05:26:35.10634294Z"}
{"log":"INFO [03-25|05:26:35.145] Imported new chain segment               blocks=1     txs=2     mgas=0.559   elapsed=19.378ms  mgasps=28.860   number=2405486 hash=e8b776…1ce287 dirty=686.57MiB\n","stream":"stderr","time":"2020-03-25T05:26:35.145767801Z"}
{"log":"INFO [03-25|05:26:36.486] Imported new chain segment               blocks=1     txs=0     mgas=0.000   elapsed=382.815µs mgasps=0.000    number=2405486 hash=e2cae6…a599d8 dirty=686.57MiB\n","stream":"stderr","time":"2020-03-25T05:26:36.486670118Z"}
{"log":"INFO [03-25|05:26:50.113] Imported new chain segment               blocks=1     txs=1     mgas=2.200   elapsed=31.564ms  mgasps=69.696   number=2405487 hash=7fefcd…900bce dirty=686.60MiB\n","stream":"stderr","time":"2020-03-25T05:26:50.11410812Z"}
{"log":"INFO [03-25|05:27:05.094] Imported new chain segment               blocks=1     txs=0     mgas=0.000   elapsed=798.285µs mgasps=0.000    number=2405488 hash=177fa0…7a1bdb dirty=686.58MiB\n","stream":"stderr","time":"2020-03-25T05:27:05.095055008Z"}
{"log":"INFO [03-25|05:27:12.900] Deep froze chain segment                 blocks=4     elapsed=36.221ms  number=2315487 hash=fa1f97…cc1933\n","stream":"stderr","time":"2020-03-25T05:27:12.901177795Z"}
{"log":"INFO [03-25|05:27:20.590] Imported new chain segment               blocks=1     txs=2     mgas=0.489   elapsed=17.662ms  mgasps=27.685   number=2405489 hash=a5c446…5bb178 dirty=686.61MiB\n","stream":"stderr","time":"2020-03-25T05:27:20.590846021Z"}
{"log":"INFO [03-25|05:27:20.607] Imported new chain segment               blocks=1     txs=1     mgas=0.433   elapsed=16.828ms  mgasps=25.745   number=2405489 hash=4e7112…484638 dirty=686.61MiB\n","stream":"stderr","time":"2020-03-25T05:27:20.607933764Z"}
{"log":"INFO [03-25|05:27:20.668] Chain reorg detected                     number=2405488 hash=177fa0…7a1bdb drop=1 dropfrom=a5c446…5bb178 add=1 addfrom=5f379d…6f0ff1\n","stream":"stderr","time":"2020-03-25T05:27:20.668378506Z"}
{"log":"INFO [03-25|05:27:20.668] Imported new chain segment               blocks=1     txs=1     mgas=0.433   elapsed=10.379ms  mgasps=41.741   number=2405489 hash=5f379d…6f0ff1 dirty=686.62MiB\n","stream":"stderr","time":"2020-03-25T05:27:20.66864368Z"}
{"log":"INFO [03-25|05:27:26.797] Imported new chain segment               blocks=1     txs=2     mgas=0.489   elapsed=17.488ms  mgasps=27.960   number=2405489 hash=49278e…e9450a dirty=686.62MiB\n","stream":"stderr","time":"2020-03-25T05:27:26.79826156Z"}
{"log":"INFO [03-25|05:27:35.883] Chain reorg detected                     number=2405488 hash=177fa0…7a1bdb drop=1 dropfrom=5f379d…6f0ff1 add=2 addfrom=a1f9d9…ca7291\n","stream":"stderr","time":"2020-03-25T05:27:35.884099556Z"}
{"log":"INFO [03-25|05:27:35.884] Imported new chain segment               blocks=1     txs=1     mgas=0.525   elapsed=9.001ms   mgasps=58.335   number=2405490 hash=a1f9d9…ca7291 dirty=686.53MiB\n","stream":"stderr","time":"2020-03-25T05:27:35.884548121Z"}
{"log":"INFO [03-25|05:27:36.560] Chain reorg detected                     number=2405488 hash=177fa0…7a1bdb drop=2 dropfrom=a1f9d9…ca7291 add=2 addfrom=a114ea…dc4455\n","stream":"stderr","time":"2020-03-25T05:27:36.560563295Z"}
{"log":"INFO [03-25|05:27:36.560] Imported new chain segment               blocks=1     txs=1     mgas=0.525   elapsed=6.923ms   mgasps=75.840   number=2405490 hash=a114ea…dc4455 dirty=686.53MiB\n","stream":"stderr","time":"2020-03-25T05:27:36.560972035Z"}
{"log":"INFO [03-25|05:27:50.490] Chain reorg detected                     number=2405488 hash=177fa0…7a1bdb drop=2 dropfrom=a114ea…dc4455 add=3 addfrom=fc5a85…94cce8\n","stream":"stderr","time":"2020-03-25T05:27:50.491015431Z"}
{"log":"INFO [03-25|05:27:50.491] Imported new chain segment               blocks=1     txs=0     mgas=0.000   elapsed=1.684ms   mgasps=0.000    number=2405491 hash=fc5a85…94cce8 dirty=686.51MiB\n","stream":"stderr","time":"2020-03-25T05:27:50.49175024Z"}
{"log":"INFO [03-25|05:27:53.427] Chain reorg detected                     number=2405490 hash=a1f9d9…ca7291 drop=1 dropfrom=fc5a85…94cce8 add=1 addfrom=6f7cda…19a34d\n","stream":"stderr","time":"2020-03-25T05:27:53.427624794Z"}
{"log":"INFO [03-25|05:27:53.427] Imported new chain segment               blocks=1     txs=0     mgas=0.000   elapsed=628.482µs mgasps=0.000    number=2405491 hash=6f7cda…19a34d dirty=686.51MiB\n","stream":"stderr","time":"2020-03-25T05:27:53.427847462Z"}
{"log":"INFO [03-25|05:28:07.554] Chain reorg detected                     number=2405490 hash=a1f9d9…ca7291 drop=1 dropfrom=6f7cda…19a34d add=2 addfrom=2bc5e7…d4974b\n","stream":"stderr","time":"2020-03-25T05:28:07.554535605Z"}
{"log":"INFO [03-25|05:28:07.554] Imported new chain segment               blocks=1     txs=0     mgas=0.000   elapsed=936.76µs  mgasps=0.000    number=2405492 hash=2bc5e7…d4974b dirty=686.51MiB\n","stream":"stderr","time":"2020-03-25T05:28:07.554899931Z"}
{"log":"INFO [03-25|05:28:07.595] Chain reorg detected                     number=2405491 hash=fc5a85…94cce8 drop=1 dropfrom=2bc5e7…d4974b add=1 addfrom=d2eac9…49b64c\n","stream":"stderr","time":"2020-03-25T05:28:07.595885953Z"}
{"log":"INFO [03-25|05:28:07.596] Imported new chain segment               blocks=1     txs=6     mgas=1.990   elapsed=29.815ms  mgasps=66.752   number=2405492 hash=d2eac9…49b64c dirty=686.63MiB\n","stream":"stderr","time":"2020-03-25T05:28:07.59627307Z"}
{"log":"INFO [03-25|05:28:07.623] Imported new chain segment               blocks=1     txs=6     mgas=1.990   elapsed=27.121ms  mgasps=73.381   number=2405492 hash=b5b4d7…38c936 dirty=686.64MiB\n","stream":"stderr","time":"2020-03-25T05:28:07.6236429Z"}
{"log":"INFO [03-25|05:28:07.792] Chain reorg detected                     number=2405491 hash=fc5a85…94cce8 drop=1 dropfrom=d2eac9…49b64c add=1 addfrom=3ea586…d35b8f\n","stream":"stderr","time":"2020-03-25T05:28:07.792867362Z"}
{"log":"INFO [03-25|05:28:07.793] Imported new chain segment               blocks=1     txs=5     mgas=1.951   elapsed=16.131ms  mgasps=120.934  number=2405492 hash=3ea586…d35b8f dirty=686.64MiB\n","stream":"stderr","time":"2020-03-25T05:28:07.794629786Z"}
{"log":"INFO [03-25|05:28:12.929] Deep froze chain segment                 blocks=4     elapsed=27.868ms  number=2315491 hash=9fa988…3f64a7\n","stream":"stderr","time":"2020-03-25T05:28:12.929335572Z"}
{"log":"INFO [03-25|05:28:20.522] Chain reorg detected                     number=2405491 hash=fc5a85…94cce8 drop=1 dropfrom=3ea586…d35b8f add=2 addfrom=91f7c9…729745\n","stream":"stderr","time":"2020-03-25T05:28:20.52236287Z"}
{"log":"INFO [03-25|05:28:20.522] Imported new chain segment               blocks=1     txs=6     mgas=1.990   elapsed=28.700ms  mgasps=69.345   number=2405493 hash=91f7c9…729745 dirty=686.59MiB\n","stream":"stderr","time":"2020-03-25T05:28:20.523026156Z"}
{"log":"INFO [03-25|05:28:35.419] Imported new chain segment               blocks=1     txs=0     mgas=0.000   elapsed=454.786µs mgasps=0.000    number=2405494 hash=b55758…881de7 dirty=686.59MiB\n","stream":"stderr","time":"2020-03-25T05:28:35.419320649Z"}
{"log":"INFO [03-25|05:28:51.411] Imported new chain segment               blocks=1     txs=0     mgas=0.000   elapsed=773.13µs  mgasps=0.000    number=2405495 hash=db8315…780561 dirty=686.57MiB\n","stream":"stderr","time":"2020-03-25T05:28:51.411738372Z"}
{"log":"INFO [03-25|05:29:05.991] Imported new chain segment               blocks=1     txs=1     mgas=0.096   elapsed=4.185ms   mgasps=22.916   number=2405496 hash=a6a521…403967 dirty=686.58MiB\n","stream":"stderr","time":"2020-03-25T05:29:05.992213714Z"}
{"log":"INFO [03-25|05:29:06.802] Chain reorg detected                     number=2405495 hash=db8315…780561 drop=1 dropfrom=a6a521…403967 add=1 addfrom=8d001b…7652ff\n","stream":"stderr","time":"2020-03-25T05:29:06.802768639Z"}
{"log":"INFO [03-25|05:29:06.802] Imported new chain segment               blocks=1     txs=1     mgas=0.096   elapsed=2.132ms   mgasps=44.984   number=2405496 hash=8d001b…7652ff dirty=686.59MiB\n","stream":"stderr","time":"2020-03-25T05:29:06.802926897Z"}
{"log":"INFO [03-25|05:29:12.959] Deep froze chain segment                 blocks=4     elapsed=30.066ms  number=2315495 hash=8dd569…1737da\n","stream":"stderr","time":"2020-03-25T05:29:12.959787345Z"}
{"log":"INFO [03-25|05:29:20.868] Chain reorg detected                     number=2405495 hash=db8315…780561 drop=1 dropfrom=8d001b…7652ff add=2 addfrom=206cf8…00d320\n","stream":"stderr","time":"2020-03-25T05:29:20.868210308Z"}
{"log":"INFO [03-25|05:29:20.868] Imported new chain segment               blocks=1     txs=0     mgas=0.000   elapsed=874.786µs mgasps=0.000    number=2405497 hash=206cf8…00d320 dirty=686.59MiB\n","stream":"stderr","time":"2020-03-25T05:29:20.868622893Z"}
{"log":"INFO [03-25|05:29:35.295] Imported new chain segment               blocks=1     txs=1     mgas=0.487   elapsed=26.015ms  mgasps=18.705   number=2405498 hash=816e9c…9f2a4d dirty=686.56MiB\n","stream":"stderr","time":"2020-03-25T05:29:35.295928718Z"}
{"log":"INFO [03-25|05:29:38.441] Imported new chain segment               blocks=1     txs=0     mgas=0.000   elapsed=386.52µs  mgasps=0.000    number=2405498 hash=7717b6…849fe6 dirty=686.56MiB\n","stream":"stderr","time":"2020-03-25T05:29:38.441793943Z"}
{"log":"INFO [03-25|05:29:50.116] Imported new chain segment               blocks=1     txs=0     mgas=0.000   elapsed=590.342µs mgasps=0.000    number=2405499 hash=39b18f…773186 dirty=686.56MiB\n","stream":"stderr","time":"2020-03-25T05:29:50.117191643Z"}
{"log":"INFO [03-25|05:29:50.844] Chain reorg detected                     number=2405498 hash=816e9c…9f2a4d drop=1 dropfrom=39b18f…773186 add=1 addfrom=94b215…778afd\n","stream":"stderr","time":"2020-03-25T05:29:50.844707376Z"}
{"log":"INFO [03-25|05:29:50.844] Imported new chain segment               blocks=1     txs=0     mgas=0.000   elapsed=807.697µs mgasps=0.000    number=2405499 hash=94b215…778afd dirty=686.56MiB\n","stream":"stderr","time":"2020-03-25T05:29:50.845067986Z"}
{"log":"INFO [03-25|05:30:05.116] Imported new chain segment               blocks=1     txs=0     mgas=0.000   elapsed=3.080ms   mgasps=0.000    number=2405500 hash=81e49e…5b66f8 dirty=686.39MiB\n","stream":"stderr","time":"2020-03-25T05:30:05.116519577Z"}
{"log":"INFO [03-25|05:30:07.997] Imported new chain segment               blocks=1     txs=0     mgas=0.000   elapsed=326.677µs mgasps=0.000    number=2405500 hash=7674a3…036e94 dirty=686.39MiB\n","stream":"stderr","time":"2020-03-25T05:30:07.997950002Z"}
{"log":"INFO [03-25|05:30:12.988] Deep froze chain segment                 blocks=4     elapsed=28.323ms  number=2315499 hash=4d03e3…d8a51a\n","stream":"stderr","time":"2020-03-25T05:30:12.988458066Z"}
{"log":"INFO [03-25|05:30:21.221] Imported new chain segment               blocks=1     txs=2     mgas=0.529   elapsed=18.672ms  mgasps=28.339   number=2405501 hash=f32589…23fff4 dirty=686.42MiB\n","stream":"stderr","time":"2020-03-25T05:30:21.221997701Z"}
{"log":"INFO [03-25|05:30:21.329] Imported new chain segment               blocks=1     txs=3     mgas=0.625   elapsed=16.231ms  mgasps=38.509   number=2405501 hash=508a05…079622 dirty=686.44MiB\n","stream":"stderr","time":"2020-03-25T05:30:21.329346946Z"}
{"log":"INFO [03-25|05:30:35.596] Chain reorg detected                     number=2405500 hash=81e49e…5b66f8 drop=1 dropfrom=f32589…23fff4 add=2 addfrom=5b9c5f…e6a193\n","stream":"stderr","time":"2020-03-25T05:30:35.596659816Z"}
{"log":"INFO [03-25|05:30:35.597] Imported new chain segment               blocks=1     txs=4     mgas=3.472   elapsed=24.203ms  mgasps=143.445  number=2405502 hash=5b9c5f…e6a193 dirty=686.72MiB\n","stream":"stderr","time":"2020-03-25T05:30:35.597350161Z"}
{"log":"INFO [03-25|05:30:36.446] Imported new chain segment               blocks=1     txs=5     mgas=3.354   elapsed=21.229ms  mgasps=157.998  number=2405502 hash=030820…e4a2ba dirty=686.75MiB\n","stream":"stderr","time":"2020-03-25T05:30:36.44634147Z"}
{"log":"INFO [03-25|05:30:51.887] Imported new chain segment               blocks=1     txs=1     mgas=3.863   elapsed=29.160ms  mgasps=132.483  number=2405503 hash=aa70b1…6385e3 dirty=687.19MiB\n","stream":"stderr","time":"2020-03-25T05:30:51.888269924Z"}
{"log":"INFO [03-25|05:30:56.036] Imported new chain segment               blocks=1     txs=3     mgas=0.924   elapsed=23.424ms  mgasps=39.460   number=2405503 hash=79b27c…659540 dirty=687.23MiB\n","stream":"stderr","time":"2020-03-25T05:30:56.036313422Z"}
{"log":"INFO [03-25|05:31:05.346] Imported new chain segment               blocks=1     txs=4     mgas=1.035   elapsed=15.747ms  mgasps=65.748   number=2405504 hash=7bfa61…c7182d dirty=687.25MiB\n","stream":"stderr","time":"2020-03-25T05:31:05.346316868Z"}
{"log":"INFO [03-25|05:31:07.324] Chain reorg detected                     number=2405503 hash=aa70b1…6385e3 drop=1 dropfrom=7bfa61…c7182d add=1 addfrom=add279…265716\n","stream":"stderr","time":"2020-03-25T05:31:07.324810555Z"}
{"log":"INFO [03-25|05:31:07.324] Imported new chain segment               blocks=1     txs=3     mgas=0.924   elapsed=23.925ms  mgasps=38.634   number=2405504 hash=add279…265716 dirty=687.25MiB\n","stream":"stderr","time":"2020-03-25T05:31:07.325079617Z"}
{"log":"INFO [03-25|05:31:12.308] Chain reorg detected                     number=2405503 hash=aa70b1…6385e3 drop=1 dropfrom=add279…265716 add=1 addfrom=4463ee…17c75c\n","stream":"stderr","time":"2020-03-25T05:31:12.309237692Z"}
{"log":"INFO [03-25|05:31:12.309] Imported new chain segment               blocks=1     txs=4     mgas=1.035   elapsed=25.701ms  mgasps=40.284   number=2405504 hash=4463ee…17c75c dirty=687.25MiB\n","stream":"stderr","time":"2020-03-25T05:31:12.309625905Z"}
{"log":"INFO [03-25|05:31:13.025] Deep froze chain segment                 blocks=4     elapsed=37.279ms  number=2315503 hash=750568…598b8e\n","stream":"stderr","time":"2020-03-25T05:31:13.026301841Z"}
{"log":"INFO [03-25|05:31:20.142] Chain reorg detected                     number=2405503 hash=aa70b1…6385e3 drop=1 dropfrom=4463ee…17c75c add=2 addfrom=ee41b6…11a690\n","stream":"stderr","time":"2020-03-25T05:31:20.143103377Z"}
{"log":"INFO [03-25|05:31:20.143] Imported new chain segment               blocks=1     txs=0     mgas=0.000   elapsed=1.607ms   mgasps=0.000    number=2405505 hash=ee41b6…11a690 dirty=687.23MiB\n","stream":"stderr","time":"2020-03-25T05:31:20.143713913Z"}
{"log":"INFO [03-25|05:31:23.651] Chain reorg detected                     number=2405504 hash=7bfa61…c7182d drop=1 dropfrom=ee41b6…11a690 add=1 addfrom=9ca6f2…064a6c\n","stream":"stderr","time":"2020-03-25T05:31:23.652280499Z"}
{"log":"INFO [03-25|05:31:23.652] Imported new chain segment               blocks=1     txs=0     mgas=0.000   elapsed=770.82µs  mgasps=0.000    number=2405505 hash=9ca6f2…064a6c dirty=687.23MiB\n","stream":"stderr","time":"2020-03-25T05:31:23.652528948Z"}
{"log":"INFO [03-25|05:31:35.050] Imported new chain segment               blocks=1     txs=0     mgas=0.000   elapsed=600.074µs mgasps=0.000    number=2405506 hash=80f4b9…3992c6 dirty=687.23MiB\n","stream":"stderr","time":"2020-03-25T05:31:35.05053209Z"}
{"log":"INFO [03-25|05:31:36.155] Imported new chain segment               blocks=1     txs=0     mgas=0.000   elapsed=328.298µs mgasps=0.000    number=2405506 hash=596608…a3987c dirty=687.23MiB\n","stream":"stderr","time":"2020-03-25T05:31:36.156211429Z"}
{"log":"INFO [03-25|05:31:51.132] Imported new chain segment               blocks=1     txs=1     mgas=0.433   elapsed=17.664ms  mgasps=24.525   number=2405507 hash=10a114…cdd653 dirty=687.23MiB\n","stream":"stderr","time":"2020-03-25T05:31:51.132543962Z"}
{"log":"INFO [03-25|05:31:53.079] Chain reorg detected                     number=2405506 hash=80f4b9…3992c6 drop=1 dropfrom=10a114…cdd653 add=1 addfrom=63d29d…ea14ea\n","stream":"stderr","time":"2020-03-25T05:31:53.079387124Z"}
{"log":"INFO [03-25|05:31:53.079] Imported new chain segment               blocks=1     txs=1     mgas=0.433   elapsed=13.460ms  mgasps=32.187   number=2405507 hash=63d29d…ea14ea dirty=687.23MiB\n","stream":"stderr","time":"2020-03-25T05:31:53.07966887Z"}
{"log":"INFO [03-25|05:31:56.286] Imported new chain segment               blocks=1     txs=1     mgas=0.433   elapsed=20.656ms  mgasps=20.973   number=2405507 hash=3c8b41…1ea9ae dirty=687.23MiB\n","stream":"stderr","time":"2020-03-25T05:31:56.286582262Z"}
{"log":"INFO [03-25|05:32:05.091] Imported new chain segment               blocks=1     txs=0     mgas=0.000   elapsed=688.837µs mgasps=0.000    number=2405508 hash=e57239…0faaa2 dirty=687.23MiB\n","stream":"stderr","time":"2020-03-25T05:32:05.091750324Z"}
{"log":"INFO [03-25|05:32:13.064] Deep froze chain segment                 blocks=4     elapsed=37.845ms  number=2315507 hash=683b92…60fcd4\n","stream":"stderr","time":"2020-03-25T05:32:13.064622354Z"}
{"log":"INFO [03-25|05:32:22.474] Imported new chain segment               blocks=1     txs=0     mgas=0.000   elapsed=605.609µs mgasps=0.000    number=2405509 hash=962618…ef0058 dirty=687.22MiB\n","stream":"stderr","time":"2020-03-25T05:32:22.474560166Z"}
{"log":"INFO [03-25|05:32:35.222] Imported new chain segment               blocks=1     txs=2     mgas=0.559   elapsed=28.353ms  mgasps=19.725   number=2405510 hash=30fc3e…c69666 dirty=686.74MiB\n","stream":"stderr","time":"2020-03-25T05:32:35.222283736Z"}
{"log":"INFO [03-25|05:32:35.476] Chain reorg detected                     number=2405509 hash=962618…ef0058 drop=1 dropfrom=30fc3e…c69666 add=1 addfrom=df9674…90c022\n","stream":"stderr","time":"2020-03-25T05:32:35.476605449Z"}
{"log":"INFO [03-25|05:32:35.476] Imported new chain segment               blocks=1     txs=1     mgas=0.433   elapsed=12.721ms  mgasps=34.056   number=2405510 hash=df9674…90c022 dirty=686.75MiB\n","stream":"stderr","time":"2020-03-25T05:32:35.47701541Z"}
{"log":"INFO [03-25|05:32:50.374] Chain reorg detected                     number=2405509 hash=962618…ef0058 drop=1 dropfrom=df9674…90c022 add=2 addfrom=e1f0d2…716e0d\n","stream":"stderr","time":"2020-03-25T05:32:50.374725151Z"}
{"log":"INFO [03-25|05:32:50.375] Imported new chain segment               blocks=1     txs=0     mgas=0.000   elapsed=6.647ms   mgasps=0.000    number=2405511 hash=e1f0d2…716e0d dirty=686.51MiB\n","stream":"stderr","time":"2020-03-25T05:32:50.375338363Z"}
{"log":"INFO [03-25|05:32:51.410] Chain reorg detected                     number=2405509 hash=962618…ef0058 drop=2 dropfrom=e1f0d2…716e0d add=2 addfrom=c97d60…d675c1\n","stream":"stderr","time":"2020-03-25T05:32:51.411043324Z"}
{"log":"INFO [03-25|05:32:51.411] Imported new chain segment               blocks=1     txs=0     mgas=0.000   elapsed=927.864µs mgasps=0.000    number=2405511 hash=c97d60…d675c1 dirty=686.51MiB\n","stream":"stderr","time":"2020-03-25T05:32:51.411442557Z"}
{"log":"INFO [03-25|05:32:53.859] Imported new chain segment               blocks=1     txs=0     mgas=0.000   elapsed=251.015µs mgasps=0.000    number=2405511 hash=47af4f…42c200 dirty=686.51MiB\n","stream":"stderr","time":"2020-03-25T05:32:53.859197056Z"}
{"log":"INFO [03-25|05:33:06.304] Imported new chain segment               blocks=1     txs=2     mgas=0.165   elapsed=5.060ms   mgasps=32.693   number=2405512 hash=3bc84a…a975bd dirty=686.46MiB\n","stream":"stderr","time":"2020-03-25T05:33:06.305166346Z"}
{"log":"INFO [03-25|05:33:13.102] Deep froze chain segment                 blocks=4     elapsed=37.773ms  number=2315511 hash=dd8ee3…1048fb\n","stream":"stderr","time":"2020-03-25T05:33:13.103050949Z"}
{"log":"INFO [03-25|05:33:20.410] Imported new chain segment               blocks=1     txs=1     mgas=0.111   elapsed=4.297ms   mgasps=25.838   number=2405513 hash=20acf4…838688 dirty=686.48MiB\n","stream":"stderr","time":"2020-03-25T05:33:20.411043363Z"}
{"log":"INFO [03-25|05:33:22.362] Chain reorg detected                     number=2405512 hash=3bc84a…a975bd drop=1 dropfrom=20acf4…838688 add=1 addfrom=dbc141…b4b630\n","stream":"stderr","time":"2020-03-25T05:33:22.362900723Z"}
{"log":"INFO [03-25|05:33:22.363] Imported new chain segment               blocks=1     txs=1     mgas=0.111   elapsed=3.804ms   mgasps=29.183   number=2405513 hash=dbc141…b4b630 dirty=686.48MiB\n","stream":"stderr","time":"2020-03-25T05:33:22.36317185Z"}
{"log":"INFO [03-25|05:33:35.138] Chain reorg detected                     number=2405512 hash=3bc84a…a975bd drop=1 dropfrom=dbc141…b4b630 add=2 addfrom=1cb59f…908b54\n","stream":"stderr","time":"2020-03-25T05:33:35.138368988Z"}
{"log":"INFO [03-25|05:33:35.138] Imported new chain segment               blocks=1     txs=0     mgas=0.000   elapsed=1.743ms   mgasps=0.000    number=2405514 hash=1cb59f…908b54 dirty=686.44MiB\n","stream":"stderr","time":"2020-03-25T05:33:35.140121286Z"}
{"log":"INFO [03-25|05:33:50.129] Imported new chain segment               blocks=1     txs=0     mgas=0.000   elapsed=465.817µs mgasps=0.000    number=2405515 hash=976595…3d6dd8 dirty=686.44MiB\n","stream":"stderr","time":"2020-03-25T05:33:50.129707255Z"}
{"log":"INFO [03-25|05:34:05.728] Imported new chain segment               blocks=1     txs=0     mgas=0.000   elapsed=932.796µs mgasps=0.000    number=2405516 hash=45a1e8…bbfaa5 dirty=686.42MiB\n","stream":"stderr","time":"2020-03-25T05:34:05.729193419Z"}
{"log":"INFO [03-25|05:34:06.772] Chain reorg detected                     number=2405515 hash=976595…3d6dd8 drop=1 dropfrom=45a1e8…bbfaa5 add=1 addfrom=62e239…b8f398\n","stream":"stderr","time":"2020-03-25T05:34:06.772453286Z"}
{"log":"INFO [03-25|05:34:06.772] Imported new chain segment               blocks=1     txs=1     mgas=0.056   elapsed=2.442ms   mgasps=22.814   number=2405516 hash=62e239…b8f398 dirty=686.43MiB\n","stream":"stderr","time":"2020-03-25T05:34:06.772792325Z"}
{"log":"INFO [03-25|05:34:13.133] Deep froze chain segment                 blocks=4     elapsed=30.622ms  number=2315515 hash=25115b…40c421\n","stream":"stderr","time":"2020-03-25T05:34:13.133944098Z"}
{"log":"INFO [03-25|05:34:21.520] Chain reorg detected                     number=2405515 hash=976595…3d6dd8 drop=1 dropfrom=62e239…b8f398 add=2 addfrom=1f3e61…d33f64\n","stream":"stderr","time":"2020-03-25T05:34:21.520861512Z"}
{"log":"INFO [03-25|05:34:21.521] Imported new chain segment               blocks=1     txs=1     mgas=0.056   elapsed=2.576ms   mgasps=21.630   number=2405517 hash=1f3e61…d33f64 dirty=686.41MiB\n","stream":"stderr","time":"2020-03-25T05:34:21.521341428Z"}
{"log":"INFO [03-25|05:34:22.569] Chain reorg detected                     number=2405516 hash=45a1e8…bbfaa5 drop=1 dropfrom=1f3e61…d33f64 add=1 addfrom=5130de…6ee49a\n","stream":"stderr","time":"2020-03-25T05:34:22.569958454Z"}
{"log":"INFO [03-25|05:34:22.570] Imported new chain segment               blocks=1     txs=1     mgas=0.056   elapsed=2.214ms   mgasps=25.168   number=2405517 hash=5130de…6ee49a dirty=686.42MiB\n","stream":"stderr","time":"2020-03-25T05:34:22.570255601Z"}
{"log":"INFO [03-25|05:34:35.102] Imported new chain segment               blocks=1     txs=1     mgas=0.487   elapsed=13.766ms  mgasps=35.348   number=2405518 hash=3728d7…6a504b dirty=686.44MiB\n","stream":"stderr","time":"2020-03-25T05:34:35.102836738Z"}
{"log":"INFO [03-25|05:34:36.970] Imported new chain segment               blocks=1     txs=0     mgas=0.000   elapsed=294.28µs  mgasps=0.000    number=2405518 hash=5ab29e…2f503d dirty=686.44MiB\n","stream":"stderr","time":"2020-03-25T05:34:36.970286873Z"}
{"log":"INFO [03-25|05:34:50.551] Imported new chain segment               blocks=1     txs=1     mgas=0.096   elapsed=2.641ms   mgasps=36.307   number=2405519 hash=3d2a68…166f73 dirty=686.44MiB\n","stream":"stderr","time":"2020-03-25T05:34:50.551677915Z"}
{"log":"INFO [03-25|05:34:50.689] Chain reorg detected                     number=2405518 hash=3728d7…6a504b drop=1 dropfrom=3d2a68…166f73 add=1 addfrom=d41e4b…295135\n","stream":"stderr","time":"2020-03-25T05:34:50.690037031Z"}
{"log":"INFO [03-25|05:34:50.690] Imported new chain segment               blocks=1     txs=0     mgas=0.000   elapsed=843.822µs mgasps=0.000    number=2405519 hash=d41e4b…295135 dirty=686.44MiB\n","stream":"stderr","time":"2020-03-25T05:34:50.690272215Z"}
{"log":"INFO [03-25|05:34:51.223] Chain reorg detected                     number=2405518 hash=3728d7…6a504b drop=1 dropfrom=d41e4b…295135 add=1 addfrom=1e6994…c0cf5e\n","stream":"stderr","time":"2020-03-25T05:34:51.223737264Z"}
{"log":"INFO [03-25|05:34:51.223] Imported new chain segment               blocks=1     txs=1     mgas=0.096   elapsed=2.326ms   mgasps=41.215   number=2405519 hash=1e6994…c0cf5e dirty=686.44MiB\n","stream":"stderr","time":"2020-03-25T05:34:51.223978039Z"}
{"log":"INFO [03-25|05:35:05.216] Imported new chain segment               blocks=1     txs=0     mgas=0.000   elapsed=952.293µs mgasps=0.000    number=2405520 hash=1e4938…61a8c6 dirty=686.42MiB\n","stream":"stderr","time":"2020-03-25T05:35:05.216879114Z"}
{"log":"INFO [03-25|05:35:05.292] Imported new chain segment               blocks=1     txs=1     mgas=0.433   elapsed=13.744ms  mgasps=31.522   number=2405520 hash=e550ab…d3f287 dirty=686.44MiB\n","stream":"stderr","time":"2020-03-25T05:35:05.292868238Z"}
{"log":"INFO [03-25|05:35:13.170] Deep froze chain segment                 blocks=4     elapsed=36.263ms  number=2315519 hash=69098f…45d92b\n","stream":"stderr","time":"2020-03-25T05:35:13.170846545Z"}
{"log":"INFO [03-25|05:35:20.461] Chain reorg detected                     number=2405518 hash=3728d7…6a504b drop=2 dropfrom=1e4938…61a8c6 add=3 addfrom=209bc3…df91c9\n","stream":"stderr","time":"2020-03-25T05:35:20.462092835Z"}
{"log":"INFO [03-25|05:35:20.462] Imported new chain segment               blocks=1     txs=1     mgas=0.096   elapsed=3.224ms   mgasps=29.744   number=2405521 hash=209bc3…df91c9 dirty=686.46MiB\n","stream":"stderr","time":"2020-03-25T05:35:20.462801883Z"}
{"log":"INFO [03-25|05:35:25.266] Chain reorg detected                     number=2405518 hash=3728d7…6a504b drop=3 dropfrom=209bc3…df91c9 add=3 addfrom=ee2482…2ccd4e\n","stream":"stderr","time":"2020-03-25T05:35:25.266319604Z"}
{"log":"INFO [03-25|05:35:25.266] Imported new chain segment               blocks=1     txs=2     mgas=0.529   elapsed=18.502ms  mgasps=28.599   number=2405521 hash=ee2482…2ccd4e dirty=686.46MiB\n","stream":"stderr","time":"2020-03-25T05:35:25.266795251Z"}
{"log":"INFO [03-25|05:35:35.645] Imported new chain segment               blocks=1     txs=0     mgas=0.000   elapsed=420.177µs mgasps=0.000    number=2405522 hash=f21346…fb6d8a dirty=686.46MiB\n","stream":"stderr","time":"2020-03-25T05:35:35.645483981Z"}
{"log":"INFO [03-25|05:35:35.687] Imported new chain segment               blocks=1     txs=0     mgas=0.000   elapsed=301.057µs mgasps=0.000    number=2405522 hash=31bd26…fdd248 dirty=686.46MiB\n","stream":"stderr","time":"2020-03-25T05:35:35.687314308Z"}
{"log":"INFO [03-25|05:35:50.502] Imported new chain segment               blocks=1     txs=7     mgas=2.267   elapsed=36.681ms  mgasps=61.790   number=2405523 hash=f6f7db…39942d dirty=686.60MiB\n","stream":"stderr","time":"2020-03-25T05:35:50.50285268Z"}
{"log":"INFO [03-25|05:35:51.949] Imported new chain segment               blocks=1     txs=6     mgas=2.171   elapsed=35.451ms  mgasps=61.227   number=2405523 hash=6c4847…357899 dirty=686.61MiB\n","stream":"stderr","time":"2020-03-25T05:35:51.949784252Z"}
{"log":"INFO [03-25|05:35:53.227] Regenerated local transaction journal    transactions=0 accounts=0\n","stream":"stderr","time":"2020-03-25T05:35:53.227582213Z"}
{"log":"INFO [03-25|05:35:53.415] New local node record                    seq=44 id=8252fae760b7940d ip=31.147.195.65 udp=30303 tcp=30303\n","stream":"stderr","time":"2020-03-25T05:35:53.415533197Z"}
{"log":"INFO [03-25|05:36:05.112] Imported new chain segment               blocks=1     txs=1     mgas=0.243   elapsed=4.190ms   mgasps=57.966   number=2405524 hash=f4159d…362a58 dirty=686.62MiB\n","stream":"stderr","time":"2020-03-25T05:36:05.112632249Z"}
{"log":"INFO [03-25|05:36:07.935] Imported new chain segment               blocks=1     txs=1     mgas=0.243   elapsed=3.964ms   mgasps=61.265   number=2405524 hash=e50375…3c8839 dirty=686.63MiB\n","stream":"stderr","time":"2020-03-25T05:36:07.935626004Z"}
{"log":"INFO [03-25|05:36:13.207] Deep froze chain segment                 blocks=4     elapsed=36.469ms  number=2315523 hash=390d0e…eadc0f\n","stream":"stderr","time":"2020-03-25T05:36:13.20773799Z"}
{"log":"INFO [03-25|05:36:20.103] Imported new chain segment               blocks=1     txs=1     mgas=0.433   elapsed=21.050ms  mgasps=20.581   number=2405525 hash=16cd52…51b48e dirty=686.64MiB\n","stream":"stderr","time":"2020-03-25T05:36:20.104934991Z"}
{"log":"INFO [03-25|05:36:23.300] Imported new chain segment               blocks=1     txs=0     mgas=0.000   elapsed=314.452µs mgasps=0.000    number=2405525 hash=1a22ad…fc5a2d dirty=686.64MiB\n","stream":"stderr","time":"2020-03-25T05:36:23.300343949Z"}
{"log":"INFO [03-25|05:36:35.591] Imported new chain segment               blocks=1     txs=1     mgas=0.126   elapsed=4.448ms   mgasps=28.325   number=2405526 hash=db7c7f…297fa0 dirty=686.62MiB\n","stream":"stderr","time":"2020-03-25T05:36:35.591434522Z"}
{"log":"INFO [03-25|05:36:37.451] Chain reorg detected                     number=2405525 hash=16cd52…51b48e drop=1 dropfrom=db7c7f…297fa0 add=1 addfrom=cb88d1…e3b048\n","stream":"stderr","time":"2020-03-25T05:36:37.451428107Z"}
{"log":"INFO [03-25|05:36:37.451] Imported new chain segment               blocks=1     txs=0     mgas=0.000   elapsed=781.256µs mgasps=0.000    number=2405526 hash=cb88d1…e3b048 dirty=686.62MiB\n","stream":"stderr","time":"2020-03-25T05:36:37.451723766Z"}
{"log":"INFO [03-25|05:36:50.096] Imported new chain segment               blocks=1     txs=1     mgas=0.126   elapsed=4.105ms   mgasps=30.690   number=2405527 hash=0ccb87…b441d7 dirty=686.61MiB\n","stream":"stderr","time":"2020-03-25T05:36:50.097073428Z"}
{"log":"INFO [03-25|05:36:51.691] Imported new chain segment               blocks=1     txs=0     mgas=0.000   elapsed=405.312µs mgasps=0.000    number=2405527 hash=49363f…a08b71 dirty=686.61MiB\n","stream":"stderr","time":"2020-03-25T05:36:51.691334822Z"}
{"log":"INFO [03-25|05:37:05.099] Imported new chain segment               blocks=1     txs=1     mgas=0.433   elapsed=16.756ms  mgasps=25.855   number=2405528 hash=b56978…453d9c dirty=686.60MiB\n","stream":"stderr","time":"2020-03-25T05:37:05.099782759Z"}
{"log":"INFO [03-25|05:37:11.067] Imported new chain segment               blocks=1     txs=1     mgas=0.433   elapsed=16.806ms  mgasps=25.778   number=2405528 hash=7c55cf…cd5c51 dirty=686.60MiB\n","stream":"stderr","time":"2020-03-25T05:37:11.068124263Z"}
{"log":"INFO [03-25|05:37:13.242] Deep froze chain segment                 blocks=4     elapsed=34.368ms  number=2315527 hash=3ed68a…2d3e64\n","stream":"stderr","time":"2020-03-25T05:37:13.242428964Z"}
{"log":"INFO [03-25|05:37:20.400] Imported new chain segment               blocks=1     txs=1     mgas=0.056   elapsed=2.228ms   mgasps=25.010   number=2405529 hash=8f4a1f…8d39a4 dirty=686.62MiB\n","stream":"stderr","time":"2020-03-25T05:37:20.400724158Z"}
{"log":"INFO [03-25|05:37:35.148] Imported new chain segment               blocks=1     txs=0     mgas=0.000   elapsed=2.348ms   mgasps=0.000    number=2405530 hash=803cbf…35a20e dirty=686.51MiB\n","stream":"stderr","time":"2020-03-25T05:37:35.148513154Z"}
{"log":"INFO [03-25|05:37:52.501] Imported new chain segment               blocks=1     txs=1     mgas=0.433   elapsed=18.155ms  mgasps=23.862   number=2405531 hash=960991…6182cc dirty=686.51MiB\n","stream":"stderr","time":"2020-03-25T05:37:52.501646057Z"}
{"log":"INFO [03-25|05:37:53.093] Imported new chain segment               blocks=1     txs=1     mgas=0.433   elapsed=15.439ms  mgasps=28.060   number=2405531 hash=933c77…3a4a61 dirty=686.51MiB\n","stream":"stderr","time":"2020-03-25T05:37:53.093212552Z"}
{"log":"INFO [03-25|05:37:54.452] Chain reorg detected                     number=2405530 hash=803cbf…35a20e drop=1 dropfrom=960991…6182cc add=1 addfrom=e5d8e5…2970d5\n","stream":"stderr","time":"2020-03-25T05:37:54.452552623Z"}
{"log":"INFO [03-25|05:37:54.452] Imported new chain segment               blocks=1     txs=2     mgas=0.529   elapsed=16.552ms  mgasps=31.968   number=2405531 hash=e5d8e5…2970d5 dirty=686.53MiB\n","stream":"stderr","time":"2020-03-25T05:37:54.454236425Z"}
{"log":"INFO [03-25|05:38:05.751] Imported new chain segment               blocks=1     txs=5     mgas=2.108   elapsed=17.754ms  mgasps=118.748  number=2405532 hash=e4e65d…db9e2a dirty=686.65MiB\n","stream":"stderr","time":"2020-03-25T05:38:05.751295182Z"}
{"log":"INFO [03-25|05:38:05.758] Chain reorg detected                     number=2405531 hash=e5d8e5…2970d5 drop=1 dropfrom=e4e65d…db9e2a add=1 addfrom=348e9d…56d909\n","stream":"stderr","time":"2020-03-25T05:38:05.758806058Z"}
{"log":"INFO [03-25|05:38:05.758] Imported new chain segment               blocks=1     txs=1     mgas=0.524   elapsed=7.696ms   mgasps=68.039   number=2405532 hash=348e9d…56d909 dirty=686.69MiB\n","stream":"stderr","time":"2020-03-25T05:38:05.759084009Z"}
{"log":"INFO [03-25|05:38:07.178] Imported new chain segment               blocks=1     txs=1     mgas=0.096   elapsed=1.805ms   mgasps=53.119   number=2405532 hash=287390…d9c96c dirty=686.69MiB\n","stream":"stderr","time":"2020-03-25T05:38:07.178532433Z"}
{"log":"INFO [03-25|05:38:07.426] Imported new chain segment               blocks=1     txs=5     mgas=2.108   elapsed=21.351ms  mgasps=98.744   number=2405532 hash=41523d…61e512 dirty=686.69MiB\n","stream":"stderr","time":"2020-03-25T05:38:07.426553409Z"}
{"log":"INFO [03-25|05:38:08.211] Imported new chain segment               blocks=1     txs=1     mgas=0.096   elapsed=2.157ms   mgasps=44.443   number=2405532 hash=473657…95c330 dirty=686.70MiB\n","stream":"stderr","time":"2020-03-25T05:38:08.211777441Z"}
{"log":"INFO [03-25|05:38:13.278] Deep froze chain segment                 blocks=4     elapsed=35.808ms  number=2315531 hash=bb1f3a…849ddc\n","stream":"stderr","time":"2020-03-25T05:38:13.278795328Z"}
{"log":"INFO [03-25|05:38:20.405] Imported new chain segment               blocks=1     txs=4     mgas=1.585   elapsed=18.104ms  mgasps=87.530   number=2405533 hash=bfee75…30cefd dirty=686.69MiB\n","stream":"stderr","time":"2020-03-25T05:38:20.405291532Z"}
{"log":"INFO [03-25|05:38:21.811] Imported new chain segment               blocks=1     txs=0     mgas=0.000   elapsed=317.029µs mgasps=0.000    number=2405533 hash=c1345e…ee69f7 dirty=686.69MiB\n","stream":"stderr","time":"2020-03-25T05:38:21.811812134Z"}
{"log":"INFO [03-25|05:38:35.288] Chain reorg detected                     number=2405532 hash=348e9d…56d909 drop=1 dropfrom=bfee75…30cefd add=2 addfrom=565415…0f9d19\n","stream":"stderr","time":"2020-03-25T05:38:35.288848511Z"}
{"log":"INFO [03-25|05:38:35.289] Imported new chain segment               blocks=1     txs=4     mgas=1.585   elapsed=19.746ms  mgasps=80.249   number=2405534 hash=565415…0f9d19 dirty=686.69MiB\n","stream":"stderr","time":"2020-03-25T05:38:35.28938647Z"}
{"log":"INFO [03-25|05:38:36.490] Chain reorg detected                     number=2405532 hash=348e9d…56d909 drop=2 dropfrom=565415…0f9d19 add=2 addfrom=51ed36…cc2f6f\n","stream":"stderr","time":"2020-03-25T05:38:36.491128862Z"}
{"log":"INFO [03-25|05:38:36.491] Imported new chain segment               blocks=1     txs=0     mgas=0.000   elapsed=1.418ms   mgasps=0.000    number=2405534 hash=51ed36…cc2f6f dirty=686.69MiB\n","stream":"stderr","time":"2020-03-25T05:38:36.491752615Z"}
{"log":"INFO [03-25|05:38:50.066] Chain reorg detected                     number=2405532 hash=348e9d…56d909 drop=2 dropfrom=51ed36…cc2f6f add=3 addfrom=fbdf66…853b96\n","stream":"stderr","time":"2020-03-25T05:38:50.0671179Z"}
{"log":"INFO [03-25|05:38:50.067] Imported new chain segment               blocks=1     txs=1     mgas=0.126   elapsed=5.355ms   mgasps=23.535   number=2405535 hash=fbdf66…853b96 dirty=686.69MiB\n","stream":"stderr","time":"2020-03-25T05:38:50.067923327Z"}
{"log":"INFO [03-25|05:39:05.043] Imported new chain segment               blocks=1     txs=0     mgas=0.000   elapsed=808.132µs mgasps=0.000    number=2405536 hash=6ce4aa…4abeff dirty=686.69MiB\n","stream":"stderr","time":"2020-03-25T05:39:05.043380278Z"}
{"log":"INFO [03-25|05:39:13.314] Deep froze chain segment                 blocks=4     elapsed=35.887ms  number=2315535 hash=181dd8…6882d8\n","stream":"stderr","time":"2020-03-25T05:39:13.314916428Z"}
{"log":"INFO [03-25|05:39:20.059] Imported new chain segment               blocks=1     txs=0     mgas=0.000   elapsed=487.532µs mgasps=0.000    number=2405537 hash=614db4…3853bf dirty=686.69MiB\n","stream":"stderr","time":"2020-03-25T05:39:20.059766963Z"}
{"log":"INFO [03-25|05:39:36.106] Imported new chain segment               blocks=1     txs=2     mgas=0.598   elapsed=20.115ms  mgasps=29.712   number=2405538 hash=6c5243…23dc40 dirty=686.68MiB\n","stream":"stderr","time":"2020-03-25T05:39:36.106633608Z"}
{"log":"INFO [03-25|05:39:40.772] Chain reorg detected                     number=2405537 hash=614db4…3853bf drop=1 dropfrom=6c5243…23dc40 add=1 addfrom=e9b966…0a0fc0\n","stream":"stderr","time":"2020-03-25T05:39:40.773075318Z"}
{"log":"INFO [03-25|05:39:40.780] Imported new chain segment               blocks=1     txs=2     mgas=0.598   elapsed=27.528ms  mgasps=21.711   number=2405538 hash=e9b966…0a0fc0 dirty=686.69MiB\n","stream":"stderr","time":"2020-03-25T05:39:40.780951409Z"}
{"log":"INFO [03-25|05:39:50.856] Chain reorg detected                     number=2405537 hash=614db4…3853bf drop=1 dropfrom=e9b966…0a0fc0 add=2 addfrom=edad9e…38933b\n","stream":"stderr","time":"2020-03-25T05:39:50.857002136Z"}
{"log":"INFO [03-25|05:39:50.857] Imported new chain segment               blocks=1     txs=0     mgas=0.000   elapsed=1.241ms   mgasps=0.000    number=2405539 hash=edad9e…38933b dirty=686.68MiB\n","stream":"stderr","time":"2020-03-25T05:39:50.857408097Z"}
{"log":"INFO [03-25|05:40:05.062] Imported new chain segment               blocks=1     txs=0     mgas=0.000   elapsed=2.612ms   mgasps=0.000    number=2405540 hash=b0dbbb…a17398 dirty=686.57MiB\n","stream":"stderr","time":"2020-03-25T05:40:05.062869507Z"}
{"log":"INFO [03-25|05:40:13.352] Deep froze chain segment                 blocks=4     elapsed=37.006ms  number=2315539 hash=c23169…e94b3e\n","stream":"stderr","time":"2020-03-25T05:40:13.352633271Z"}
{"log":"INFO [03-25|05:40:20.151] Imported new chain segment               blocks=1     txs=1     mgas=0.433   elapsed=17.594ms  mgasps=24.623   number=2405541 hash=d0a4c7…b3c409 dirty=686.57MiB\n","stream":"stderr","time":"2020-03-25T05:40:20.151326378Z"}
{"log":"INFO [03-25|05:40:22.267] Chain reorg detected                     number=2405540 hash=b0dbbb…a17398 drop=1 dropfrom=d0a4c7…b3c409 add=1 addfrom=9fe1f4…1067c1\n","stream":"stderr","time":"2020-03-25T05:40:22.267681199Z"}
{"log":"INFO [03-25|05:40:22.267] Imported new chain segment               blocks=1     txs=1     mgas=0.433   elapsed=16.421ms  mgasps=26.382   number=2405541 hash=9fe1f4…1067c1 dirty=686.57MiB\n","stream":"stderr","time":"2020-03-25T05:40:22.267987617Z"}
{"log":"INFO [03-25|05:40:27.259] Chain reorg detected                     number=2405540 hash=b0dbbb…a17398 drop=1 dropfrom=9fe1f4…1067c1 add=1 addfrom=1ba0b1…2d5d66\n","stream":"stderr","time":"2020-03-25T05:40:27.259632536Z"}
{"log":"INFO [03-25|05:40:27.260] Imported new chain segment               blocks=1     txs=1     mgas=0.433   elapsed=20.175ms  mgasps=21.473   number=2405541 hash=1ba0b1…2d5d66 dirty=686.58MiB\n","stream":"stderr","time":"2020-03-25T05:40:27.260272544Z"}
{"log":"INFO [03-25|05:40:35.598] Imported new chain segment               blocks=1     txs=4     mgas=3.523   elapsed=64.017ms  mgasps=55.028   number=2405542 hash=bea546…8a9f87 dirty=686.85MiB\n","stream":"stderr","time":"2020-03-25T05:40:35.599305992Z"}
{"log":"INFO [03-25|05:40:36.111] Chain reorg detected                     number=2405541 hash=1ba0b1…2d5d66 drop=1 dropfrom=bea546…8a9f87 add=1 addfrom=af3a86…b2a557\n","stream":"stderr","time":"2020-03-25T05:40:36.111592126Z"}
{"log":"INFO [03-25|05:40:36.111] Imported new chain segment               blocks=1     txs=4     mgas=3.351   elapsed=65.322ms  mgasps=51.304   number=2405542 hash=af3a86…b2a557 dirty=686.88MiB\n","stream":"stderr","time":"2020-03-25T05:40:36.112073262Z"}
{"log":"INFO [03-25|05:40:37.700] Imported new chain segment               blocks=1     txs=4     mgas=3.258   elapsed=13.469ms  mgasps=241.913  number=2405542 hash=5dad54…8d6dec dirty=686.89MiB\n","stream":"stderr","time":"2020-03-25T05:40:37.700197026Z"}
{"log":"INFO [03-25|05:40:37.964] Imported new chain segment               blocks=1     txs=4     mgas=3.258   elapsed=18.557ms  mgasps=175.585  number=2405542 hash=f636b5…9ef4a1 dirty=686.89MiB\n","stream":"stderr","time":"2020-03-25T05:40:37.964508688Z"}
{"log":"INFO [03-25|05:40:50.505] Chain reorg detected                     number=2405541 hash=1ba0b1…2d5d66 drop=1 dropfrom=af3a86…b2a557 add=2 addfrom=564aa0…e8f37d\n","stream":"stderr","time":"2020-03-25T05:40:50.505670174Z"}
{"log":"INFO [03-25|05:40:50.505] Imported new chain segment               blocks=1     txs=3     mgas=0.929   elapsed=19.403ms  mgasps=47.856   number=2405543 hash=564aa0…e8f37d dirty=686.95MiB\n","stream":"stderr","time":"2020-03-25T05:40:50.506106891Z"}
{"log":"INFO [03-25|05:40:52.874] Imported new chain segment               blocks=1     txs=2     mgas=0.491   elapsed=6.771ms   mgasps=72.530   number=2405543 hash=ea3256…7e2afb dirty=686.96MiB\n","stream":"stderr","time":"2020-03-25T05:40:52.875085936Z"}
{"log":"INFO [03-25|05:41:05.142] Imported new chain segment               blocks=1     txs=0     mgas=0.000   elapsed=856.611µs mgasps=0.000    number=2405544 hash=9928e4…a0f7b5 dirty=686.94MiB\n","stream":"stderr","time":"2020-03-25T05:41:05.142573823Z"}
{"log":"INFO [03-25|05:41:13.385] Deep froze chain segment                 blocks=4     elapsed=32.103ms  number=2315543 hash=69096b…152e51\n","stream":"stderr","time":"2020-03-25T05:41:13.38529451Z"}
{"log":"INFO [03-25|05:41:20.362] Imported new chain segment               blocks=1     txs=1     mgas=0.433   elapsed=13.457ms  mgasps=32.193   number=2405545 hash=f607a2…f16b5d dirty=686.94MiB\n","stream":"stderr","time":"2020-03-25T05:41:20.362254799Z"}
{"log":"INFO [03-25|05:41:23.134] Chain reorg detected                     number=2405544 hash=9928e4…a0f7b5 drop=1 dropfrom=f607a2…f16b5d add=1 addfrom=16417f…5a145d\n","stream":"stderr","time":"2020-03-25T05:41:23.134566517Z"}
{"log":"INFO [03-25|05:41:23.134] Imported new chain segment               blocks=1     txs=0     mgas=0.000   elapsed=714.449µs mgasps=0.000    number=2405545 hash=16417f…5a145d dirty=686.94MiB\n","stream":"stderr","time":"2020-03-25T05:41:23.134818324Z"}
{"log":"INFO [03-25|05:41:35.088] Imported new chain segment               blocks=1     txs=3     mgas=0.640   elapsed=21.437ms  mgasps=29.863   number=2405546 hash=1a769f…b126f7 dirty=686.97MiB\n","stream":"stderr","time":"2020-03-25T05:41:35.088263805Z"}
{"log":"INFO [03-25|05:41:38.013] Imported new chain segment               blocks=1     txs=1     mgas=0.111   elapsed=3.642ms   mgasps=30.484   number=2405546 hash=41d9ba…b1074a dirty=686.97MiB\n","stream":"stderr","time":"2020-03-25T05:41:38.014052691Z"}
{"log":"INFO [03-25|05:41:38.061] Imported new chain segment               blocks=1     txs=0     mgas=0.000   elapsed=294.106µs mgasps=0.000    number=2405546 hash=1961a1…86500a dirty=686.97MiB\n","stream":"stderr","time":"2020-03-25T05:41:38.062178442Z"}
{"log":"INFO [03-25|05:41:51.861] Imported new chain segment               blocks=1     txs=0     mgas=0.000   elapsed=556.92µs  mgasps=0.000    number=2405547 hash=5ae812…d2d6f7 dirty=686.97MiB\n","stream":"stderr","time":"2020-03-25T05:41:51.861432301Z"}
{"log":"INFO [03-25|05:42:05.113] Imported new chain segment               blocks=1     txs=1     mgas=0.433   elapsed=14.223ms  mgasps=30.460   number=2405548 hash=b19aef…050099 dirty=686.97MiB\n","stream":"stderr","time":"2020-03-25T05:42:05.113482167Z"}
{"log":"INFO [03-25|05:42:05.719] Imported new chain segment               blocks=1     txs=1     mgas=0.433   elapsed=13.213ms  mgasps=32.787   number=2405548 hash=4d62bc…995f7d dirty=686.98MiB\n","stream":"stderr","time":"2020-03-25T05:42:05.719503027Z"}
{"log":"INFO [03-25|05:42:10.241] Imported new chain segment               blocks=1     txs=1     mgas=0.433   elapsed=16.768ms  mgasps=25.836   number=2405548 hash=7dedff…38751c dirty=686.98MiB\n","stream":"stderr","time":"2020-03-25T05:42:10.242080461Z"}
{"log":"INFO [03-25|05:42:13.418] Deep froze chain segment                 blocks=4     elapsed=33.423ms  number=2315547 hash=431534…ea0f0b\n","stream":"stderr","time":"2020-03-25T05:42:13.418987656Z"}
{"log":"INFO [03-25|05:42:20.746] Imported new chain segment               blocks=1     txs=0     mgas=0.000   elapsed=4.632ms   mgasps=0.000    number=2405549 hash=4f49e0…d7525c dirty=686.74MiB\n","stream":"stderr","time":"2020-03-25T05:42:20.746259033Z"}
{"log":"INFO [03-25|05:42:35.870] Imported new chain segment               blocks=1     txs=1     mgas=0.433   elapsed=18.752ms  mgasps=23.103   number=2405550 hash=82b6d1…a5c7c5 dirty=686.74MiB\n","stream":"stderr","time":"2020-03-25T05:42:35.870570797Z"}
{"log":"INFO [03-25|05:42:37.422] Chain reorg detected                     number=2405549 hash=4f49e0…d7525c drop=1 dropfrom=82b6d1…a5c7c5 add=1 addfrom=9c9b72…30f1b4\n","stream":"stderr","time":"2020-03-25T05:42:37.422297719Z"}
{"log":"INFO [03-25|05:42:37.422] Imported new chain segment               blocks=1     txs=1     mgas=0.433   elapsed=44.388ms  mgasps=9.760    number=2405550 hash=9c9b72…30f1b4 dirty=686.74MiB\n","stream":"stderr","time":"2020-03-25T05:42:37.422911386Z"}
{"log":"INFO [03-25|05:42:52.010] Chain reorg detected                     number=2405549 hash=4f49e0…d7525c drop=1 dropfrom=9c9b72…30f1b4 add=2 addfrom=e95e95…69291f\n","stream":"stderr","time":"2020-03-25T05:42:52.010713632Z"}
{"log":"INFO [03-25|05:42:52.011] Imported new chain segment               blocks=1     txs=0     mgas=0.000   elapsed=1.383ms   mgasps=0.000    number=2405551 hash=e95e95…69291f dirty=686.71MiB\n","stream":"stderr","time":"2020-03-25T05:42:52.011176561Z"}
{"log":"INFO [03-25|05:42:53.597] Imported new chain segment               blocks=1     txs=0     mgas=0.000   elapsed=290.89µs  mgasps=0.000    number=2405551 hash=c4cbca…84f756 dirty=686.71MiB\n","stream":"stderr","time":"2020-03-25T05:42:53.597895682Z"}
{"log":"INFO [03-25|05:43:05.722] Imported new chain segment               blocks=1     txs=1     mgas=0.039   elapsed=1.890ms   mgasps=20.841   number=2405552 hash=b120cf…013cf2 dirty=686.71MiB\n","stream":"stderr","time":"2020-03-25T05:43:05.722508117Z"}
{"log":"INFO [03-25|05:43:07.438] Imported new chain segment               blocks=1     txs=0     mgas=0.000   elapsed=322.25µs  mgasps=0.000    number=2405552 hash=bbfa07…310256 dirty=686.71MiB\n","stream":"stderr","time":"2020-03-25T05:43:07.438554776Z"}
{"log":"INFO [03-25|05:43:13.458] Deep froze chain segment                 blocks=4     elapsed=38.761ms  number=2315551 hash=340fef…078631\n","stream":"stderr","time":"2020-03-25T05:43:13.45822855Z"}
{"log":"INFO [03-25|05:43:21.008] Imported new chain segment               blocks=1     txs=0     mgas=0.000   elapsed=655.425µs mgasps=0.000    number=2405553 hash=ae8afb…45090d dirty=686.71MiB\n","stream":"stderr","time":"2020-03-25T05:43:21.008338037Z"}
{"log":"INFO [03-25|05:43:21.010] Imported new chain segment               blocks=1     txs=1     mgas=0.039   elapsed=2.037ms   mgasps=19.330   number=2405553 hash=ae42c6…123b8d dirty=686.71MiB\n","stream":"stderr","time":"2020-03-25T05:43:21.010602994Z"}
{"log":"INFO [03-25|05:43:21.887] Chain reorg detected                     number=2405552 hash=b120cf…013cf2 drop=1 dropfrom=ae8afb…45090d add=1 addfrom=da811d…581d00\n","stream":"stderr","time":"2020-03-25T05:43:21.888183639Z"}
{"log":"INFO [03-25|05:43:21.888] Imported new chain segment               blocks=1     txs=0     mgas=0.000   elapsed=645.187µs mgasps=0.000    number=2405553 hash=da811d…581d00 dirty=686.71MiB\n","stream":"stderr","time":"2020-03-25T05:43:21.888350023Z"}
{"log":"INFO [03-25|05:43:35.928] Imported new chain segment               blocks=1     txs=0     mgas=0.000   elapsed=805.368µs mgasps=0.000    number=2405554 hash=2b745d…13a042 dirty=686.70MiB\n","stream":"stderr","time":"2020-03-25T05:43:35.928376273Z"}
{"log":"INFO [03-25|05:43:37.621] Imported new chain segment               blocks=1     txs=0     mgas=0.000   elapsed=321.194µs mgasps=0.000    number=2405554 hash=52e834…982ebf dirty=686.70MiB\n","stream":"stderr","time":"2020-03-25T05:43:37.621866128Z"}
{"log":"INFO [03-25|05:43:51.378] Chain reorg detected                     number=2405552 hash=b120cf…013cf2 drop=2 dropfrom=2b745d…13a042 add=3 addfrom=6d4bea…08d3cc\n","stream":"stderr","time":"2020-03-25T05:43:51.379206109Z"}
{"log":"INFO [03-25|05:43:51.379] Imported new chain segment               blocks=1     txs=1     mgas=0.096   elapsed=3.217ms   mgasps=29.810   number=2405555 hash=6d4bea…08d3cc dirty=686.68MiB\n","stream":"stderr","time":"2020-03-25T05:43:51.379595748Z"}
{"log":"INFO [03-25|05:44:05.054] Imported new chain segment               blocks=1     txs=2     mgas=0.182   elapsed=4.973ms   mgasps=36.546   number=2405556 hash=fd9682…ed794c dirty=686.69MiB\n","stream":"stderr","time":"2020-03-25T05:44:05.054376324Z"}
{"log":"INFO [03-25|05:44:13.510] Deep froze chain segment                 blocks=4     elapsed=51.685ms  number=2315555 hash=54cd54…a12ca0\n","stream":"stderr","time":"2020-03-25T05:44:13.510244066Z"}
{"log":"INFO [03-25|05:44:20.204] Imported new chain segment               blocks=1     txs=2     mgas=0.167   elapsed=5.129ms   mgasps=32.507   number=2405557 hash=0ab3fe…416ea5 dirty=686.69MiB\n","stream":"stderr","time":"2020-03-25T05:44:20.205023829Z"}
{"log":"INFO [03-25|05:44:36.009] Imported new chain segment               blocks=1     txs=0     mgas=0.000   elapsed=799.95µs  mgasps=0.000    number=2405558 hash=a7d691…0547fa dirty=686.67MiB\n","stream":"stderr","time":"2020-03-25T05:44:36.009632433Z"}
{"log":"INFO [03-25|05:44:37.139] Chain reorg detected                     number=2405557 hash=0ab3fe…416ea5 drop=1 dropfrom=a7d691…0547fa add=1 addfrom=5cbd31…dfa77f\n","stream":"stderr","time":"2020-03-25T05:44:37.139719988Z"}
{"log":"INFO [03-25|05:44:37.139] Imported new chain segment               blocks=1     txs=1     mgas=0.524   elapsed=17.518ms  mgasps=29.919   number=2405558 hash=5cbd31…dfa77f dirty=686.70MiB\n","stream":"stderr","time":"2020-03-25T05:44:37.13996484Z"}
{"log":"INFO [03-25|05:44:50.483] Imported new chain segment               blocks=1     txs=0     mgas=0.000   elapsed=494.453µs mgasps=0.000    number=2405559 hash=3235d6…e1d81d dirty=686.69MiB\n","stream":"stderr","time":"2020-03-25T05:44:50.483455354Z"}
{"log":"INFO [03-25|05:44:50.981] Imported new chain segment               blocks=1     txs=1     mgas=0.524   elapsed=17.965ms  mgasps=29.174   number=2405559 hash=1172bd…b5925c dirty=686.69MiB\n","stream":"stderr","time":"2020-03-25T05:44:50.98210404Z"}
{"log":"INFO [03-25|05:45:05.106] Imported new chain segment               blocks=1     txs=1     mgas=0.111   elapsed=4.983ms   mgasps=22.280   number=2405560 hash=625767…8423fb dirty=686.70MiB\n","stream":"stderr","time":"2020-03-25T05:45:05.106298803Z"}
{"log":"INFO [03-25|05:45:06.201] Imported new chain segment               blocks=1     txs=1     mgas=0.111   elapsed=2.991ms   mgasps=37.112   number=2405560 hash=fb5405…6aa4a9 dirty=686.71MiB\n","stream":"stderr","time":"2020-03-25T05:45:06.201622857Z"}
{"log":"INFO [03-25|05:45:13.548] Deep froze chain segment                 blocks=4     elapsed=37.783ms  number=2315559 hash=fefbcd…082365\n","stream":"stderr","time":"2020-03-25T05:45:13.548529124Z"}
{"log":"INFO [03-25|05:45:20.421] Imported new chain segment               blocks=1     txs=1     mgas=0.433   elapsed=23.689ms  mgasps=18.288   number=2405561 hash=979d86…2864c3 dirty=686.73MiB\n","stream":"stderr","time":"2020-03-25T05:45:20.421507526Z"}
{"log":"INFO [03-25|05:45:23.144] Chain reorg detected                     number=2405560 hash=625767…8423fb drop=1 dropfrom=979d86…2864c3 add=1 addfrom=31a18b…9c2f51\n","stream":"stderr","time":"2020-03-25T05:45:23.145106941Z"}
{"log":"INFO [03-25|05:45:23.145] Imported new chain segment               blocks=1     txs=1     mgas=3.867   elapsed=37.761ms  mgasps=102.419  number=2405561 hash=31a18b…9c2f51 dirty=687.17MiB\n","stream":"stderr","time":"2020-03-25T05:45:23.145536103Z"}
{"log":"INFO [03-25|05:45:25.500] Chain reorg detected                     number=2405560 hash=625767…8423fb drop=1 dropfrom=31a18b…9c2f51 add=1 addfrom=1625ad…ef3016\n","stream":"stderr","time":"2020-03-25T05:45:25.50064461Z"}
{"log":"INFO [03-25|05:45:25.501] Imported new chain segment               blocks=1     txs=1     mgas=0.433   elapsed=17.317ms  mgasps=25.017   number=2405561 hash=1625ad…ef3016 dirty=687.18MiB\n","stream":"stderr","time":"2020-03-25T05:45:25.50182203Z"}
{"log":"INFO [03-25|05:45:36.093] Imported new chain segment               blocks=1     txs=1     mgas=3.867   elapsed=20.375ms  mgasps=189.813  number=2405562 hash=723460…55d820 dirty=687.18MiB\n","stream":"stderr","time":"2020-03-25T05:45:36.093612847Z"}
{"log":"INFO [03-25|05:45:37.849] Imported new chain segment               blocks=1     txs=2     mgas=4.814   elapsed=30.575ms  mgasps=157.438  number=2405562 hash=76e44f…754524 dirty=687.27MiB\n","stream":"stderr","time":"2020-03-25T05:45:37.850036984Z"}
{"log":"INFO [03-25|05:45:38.802] Imported new chain segment               blocks=1     txs=1     mgas=3.867   elapsed=16.702ms  mgasps=231.551  number=2405562 hash=c54330…c8bc78 dirty=687.27MiB\n","stream":"stderr","time":"2020-03-25T05:45:38.80229895Z"}
{"log":"INFO [03-25|05:45:51.558] Imported new chain segment               blocks=1     txs=7     mgas=2.429   elapsed=30.876ms  mgasps=78.654   number=2405563 hash=02dcef…62e16f dirty=687.33MiB\n","stream":"stderr","time":"2020-03-25T05:45:51.560721231Z"}
{"log":"INFO [03-25|05:45:52.278] Chain reorg detected                     number=2405562 hash=723460…55d820 drop=1 dropfrom=02dcef…62e16f add=1 addfrom=37d4a7…d7f85f\n","stream":"stderr","time":"2020-03-25T05:45:52.278673183Z"}
{"log":"INFO [03-25|05:45:52.278] Imported new chain segment               blocks=1     txs=5     mgas=1.752   elapsed=20.772ms  mgasps=84.363   number=2405563 hash=37d4a7…d7f85f dirty=687.33MiB\n","stream":"stderr","time":"2020-03-25T05:45:52.279069077Z"}
{"log":"INFO [03-25|05:46:05.182] Chain reorg detected                     number=2405562 hash=723460…55d820 drop=1 dropfrom=37d4a7…d7f85f add=2 addfrom=e9640b…476627\n","stream":"stderr","time":"2020-03-25T05:46:05.182614845Z"}
{"log":"INFO [03-25|05:46:05.183] Imported new chain segment               blocks=1     txs=0     mgas=0.000   elapsed=1.748ms   mgasps=0.000    number=2405564 hash=e9640b…476627 dirty=687.32MiB\n","stream":"stderr","time":"2020-03-25T05:46:05.183474113Z"}
{"log":"INFO [03-25|05:46:07.006] Chain reorg detected                     number=2405563 hash=02dcef…62e16f drop=1 dropfrom=e9640b…476627 add=1 addfrom=43c633…9994a4\n","stream":"stderr","time":"2020-03-25T05:46:07.006779673Z"}
{"log":"INFO [03-25|05:46:07.006] Imported new chain segment               blocks=1     txs=0     mgas=0.000   elapsed=614.66µs  mgasps=0.000    number=2405564 hash=43c633…9994a4 dirty=687.32MiB\n","stream":"stderr","time":"2020-03-25T05:46:07.00698319Z"}
{"log":"INFO [03-25|05:46:13.590] Deep froze chain segment                 blocks=4     elapsed=41.390ms  number=2315563 hash=b28756…7b9066\n","stream":"stderr","time":"2020-03-25T05:46:13.590303666Z"}
{"log":"INFO [03-25|05:46:20.090] Chain reorg detected                     number=2405563 hash=02dcef…62e16f drop=1 dropfrom=43c633…9994a4 add=2 addfrom=9b6572…eae500\n","stream":"stderr","time":"2020-03-25T05:46:20.090297243Z"}
{"log":"INFO [03-25|05:46:20.090] Imported new chain segment               blocks=1     txs=1     mgas=0.096   elapsed=3.203ms   mgasps=29.940   number=2405565 hash=9b6572…eae500 dirty=687.32MiB\n","stream":"stderr","time":"2020-03-25T05:46:20.091147575Z"}
{"log":"INFO [03-25|05:46:22.571] Imported new chain segment               blocks=1     txs=1     mgas=0.096   elapsed=2.005ms   mgasps=47.821   number=2405565 hash=4a8d7f…ba954f dirty=687.32MiB\n","stream":"stderr","time":"2020-03-25T05:46:22.571855453Z"}
{"log":"INFO [03-25|05:46:22.674] Imported new chain segment               blocks=1     txs=0     mgas=0.000   elapsed=236.493µs mgasps=0.000    number=2405565 hash=17e29e…36a3f1 dirty=687.32MiB\n","stream":"stderr","time":"2020-03-25T05:46:22.674441216Z"}
{"log":"INFO [03-25|05:46:35.076] Imported new chain segment               blocks=1     txs=2     mgas=0.559   elapsed=19.347ms  mgasps=28.905   number=2405566 hash=16f4d0…415351 dirty=687.36MiB\n","stream":"stderr","time":"2020-03-25T05:46:35.077178419Z"}
{"log":"INFO [03-25|05:46:38.151] Imported new chain segment               blocks=1     txs=1     mgas=0.433   elapsed=16.900ms  mgasps=25.633   number=2405566 hash=1af066…50308d dirty=687.36MiB\n","stream":"stderr","time":"2020-03-25T05:46:38.151815982Z"}
{"log":"INFO [03-25|05:46:50.803] Imported new chain segment               blocks=1     txs=0     mgas=0.000   elapsed=506.666µs mgasps=0.000    number=2405567 hash=e81eeb…5b32e9 dirty=687.36MiB\n","stream":"stderr","time":"2020-03-25T05:46:50.804192375Z"}
{"log":"INFO [03-25|05:46:51.661] Chain reorg detected                     number=2405566 hash=16f4d0…415351 drop=1 dropfrom=e81eeb…5b32e9 add=1 addfrom=a94e89…8e8b79\n","stream":"stderr","time":"2020-03-25T05:46:51.66189718Z"}
{"log":"INFO [03-25|05:46:51.661] Imported new chain segment               blocks=1     txs=0     mgas=0.000   elapsed=579.178µs mgasps=0.000    number=2405567 hash=a94e89…8e8b79 dirty=687.36MiB\n","stream":"stderr","time":"2020-03-25T05:46:51.662139896Z"}
{"log":"INFO [03-25|05:47:05.541] Chain reorg detected                     number=2405566 hash=16f4d0…415351 drop=1 dropfrom=a94e89…8e8b79 add=2 addfrom=a3b5b1…6b59d4\n","stream":"stderr","time":"2020-03-25T05:47:05.541721063Z"}
{"log":"INFO [03-25|05:47:05.541] Imported new chain segment               blocks=1     txs=0     mgas=0.000   elapsed=1.089ms   mgasps=0.000    number=2405568 hash=a3b5b1…6b59d4 dirty=687.34MiB\n","stream":"stderr","time":"2020-03-25T05:47:05.542035823Z"}
{"log":"INFO [03-25|05:47:06.761] Chain reorg detected                     number=2405567 hash=e81eeb…5b32e9 drop=1 dropfrom=a3b5b1…6b59d4 add=1 addfrom=5c749a…b80d42\n","stream":"stderr","time":"2020-03-25T05:47:06.768954239Z"}
{"log":"INFO [03-25|05:47:06.761] Imported new chain segment               blocks=1     txs=0     mgas=0.000   elapsed=721.774µs mgasps=0.000    number=2405568 hash=5c749a…b80d42 dirty=687.34MiB\n","stream":"stderr","time":"2020-03-25T05:47:06.769011644Z"}
{"log":"INFO [03-25|05:47:13.627] Deep froze chain segment                 blocks=4     elapsed=36.591ms  number=2315567 hash=ee7c10…2c0942\n","stream":"stderr","time":"2020-03-25T05:47:13.627466311Z"}
{"log":"INFO [03-25|05:47:20.345] Imported new chain segment               blocks=1     txs=1     mgas=0.433   elapsed=19.505ms  mgasps=22.212   number=2405569 hash=aa48a7…3b615f dirty=686.98MiB\n","stream":"stderr","time":"2020-03-25T05:47:20.345499026Z"}
{"log":"INFO [03-25|05:47:20.884] Chain reorg detected                     number=2405567 hash=e81eeb…5b32e9 drop=2 dropfrom=aa48a7…3b615f add=2 addfrom=db62d6…61f9d7\n","stream":"stderr","time":"2020-03-25T05:47:20.884862455Z"}
{"log":"INFO [03-25|05:47:20.885] Imported new chain segment               blocks=1     txs=1     mgas=0.433   elapsed=17.305ms  mgasps=25.036   number=2405569 hash=db62d6…61f9d7 dirty=686.98MiB\n","stream":"stderr","time":"2020-03-25T05:47:20.885199921Z"}
{"log":"INFO [03-25|05:47:35.190] Imported new chain segment               blocks=1     txs=3     mgas=0.248   elapsed=5.176ms   mgasps=47.820   number=2405570 hash=a303ed…b7539a dirty=686.94MiB\n","stream":"stderr","time":"2020-03-25T05:47:35.190982741Z"}
{"log":"INFO [03-25|05:47:36.006] Imported new chain segment               blocks=1     txs=1     mgas=0.056   elapsed=2.042ms   mgasps=27.276   number=2405570 hash=00a61b…904249 dirty=686.94MiB\n","stream":"stderr","time":"2020-03-25T05:47:36.007330497Z"}
{"log":"INFO [03-25|05:47:50.776] Imported new chain segment               blocks=1     txs=1     mgas=0.433   elapsed=17.568ms  mgasps=24.659   number=2405571 hash=7c61e3…90ff51 dirty=686.94MiB\n","stream":"stderr","time":"2020-03-25T05:47:50.776367744Z"}
{"log":"INFO [03-25|05:47:51.469] Chain reorg detected                     number=2405570 hash=a303ed…b7539a drop=1 dropfrom=7c61e3…90ff51 add=1 addfrom=fcfe27…126c18\n","stream":"stderr","time":"2020-03-25T05:47:51.469622916Z"}
{"log":"INFO [03-25|05:47:51.469] Imported new chain segment               blocks=1     txs=1     mgas=0.433   elapsed=17.245ms  mgasps=25.120   number=2405571 hash=fcfe27…126c18 dirty=686.94MiB\n","stream":"stderr","time":"2020-03-25T05:47:51.469875328Z"}
{"log":"INFO [03-25|05:48:05.213] Chain reorg detected                     number=2405570 hash=a303ed…b7539a drop=1 dropfrom=fcfe27…126c18 add=2 addfrom=c35202…6928e9\n","stream":"stderr","time":"2020-03-25T05:48:05.214372881Z"}
{"log":"INFO [03-25|05:48:05.214] Imported new chain segment               blocks=1     txs=5     mgas=1.986   elapsed=24.475ms  mgasps=81.137   number=2405572 hash=c35202…6928e9 dirty=687.05MiB\n","stream":"stderr","time":"2020-03-25T05:48:05.214406515Z"}
{"log":"INFO [03-25|05:48:13.658] Deep froze chain segment                 blocks=4     elapsed=31.098ms  number=2315571 hash=27b16b…4792a8\n","stream":"stderr","time":"2020-03-25T05:48:13.658779478Z"}
{"log":"INFO [03-25|05:48:20.361] Imported new chain segment               blocks=1     txs=0     mgas=0.000   elapsed=697.981µs mgasps=0.000    number=2405573 hash=c62fcb…64c4b7 dirty=687.04MiB\n","stream":"stderr","time":"2020-03-25T05:48:20.361778606Z"}
{"log":"INFO [03-25|05:48:35.121] Imported new chain segment               blocks=1     txs=0     mgas=0.000   elapsed=1.367ms   mgasps=0.000    number=2405574 hash=b80549…b02be3 dirty=687.01MiB\n","stream":"stderr","time":"2020-03-25T05:48:35.121736685Z"}
{"log":"INFO [03-25|05:48:51.586] Imported new chain segment               blocks=1     txs=0     mgas=0.000   elapsed=776.571µs mgasps=0.000    number=2405575 hash=0eb34c…9be2f9 dirty=687.01MiB\n","stream":"stderr","time":"2020-03-25T05:48:51.586942987Z"}
{"log":"INFO [03-25|05:48:52.867] Chain reorg detected                     number=2405574 hash=b80549…b02be3 drop=1 dropfrom=0eb34c…9be2f9 add=1 addfrom=41753e…6f2020\n","stream":"stderr","time":"2020-03-25T05:48:52.868102271Z"}
{"log":"INFO [03-25|05:48:52.868] Imported new chain segment               blocks=1     txs=0     mgas=0.000   elapsed=623.599µs mgasps=0.000    number=2405575 hash=41753e…6f2020 dirty=687.01MiB\n","stream":"stderr","time":"2020-03-25T05:48:52.868303354Z"}
{"log":"INFO [03-25|05:49:05.078] Imported new chain segment               blocks=1     txs=0     mgas=0.000   elapsed=550.033µs mgasps=0.000    number=2405576 hash=af04f7…1b98dd dirty=687.01MiB\n","stream":"stderr","time":"2020-03-25T05:49:05.079129729Z"}
{"log":"INFO [03-25|05:49:05.177] Imported new chain segment               blocks=1     txs=0     mgas=0.000   elapsed=299.348µs mgasps=0.000    number=2405576 hash=27d8ce…a4e59e dirty=687.01MiB\n","stream":"stderr","time":"2020-03-25T05:49:05.177999613Z"}
{"log":"INFO [03-25|05:49:08.079] Imported new chain segment               blocks=1     txs=0     mgas=0.000   elapsed=338.999µs mgasps=0.000    number=2405576 hash=060696…8d5128 dirty=687.01MiB\n","stream":"stderr","time":"2020-03-25T05:49:08.079874792Z"}
{"log":"INFO [03-25|05:49:13.693] Deep froze chain segment                 blocks=4     elapsed=34.195ms  number=2315575 hash=a02675…1f1e7e\n","stream":"stderr","time":"2020-03-25T05:49:13.693436908Z"}
{"log":"INFO [03-25|05:49:20.072] Imported new chain segment               blocks=1     txs=0     mgas=0.000   elapsed=1.244ms   mgasps=0.000    number=2405577 hash=9103d0…c70e49 dirty=686.98MiB\n","stream":"stderr","time":"2020-03-25T05:49:20.073261779Z"}
{"log":"INFO [03-25|05:49:35.112] Imported new chain segment               blocks=1     txs=1     mgas=0.487   elapsed=25.121ms  mgasps=19.371   number=2405578 hash=a1a570…185233 dirty=686.98MiB\n","stream":"stderr","time":"2020-03-25T05:49:35.113029219Z"}
{"log":"INFO [03-25|05:49:37.898] Imported new chain segment               blocks=1     txs=1     mgas=0.487   elapsed=13.753ms  mgasps=35.381   number=2405578 hash=e8510b…03fbf5 dirty=686.99MiB\n","stream":"stderr","time":"2020-03-25T05:49:37.899100538Z"}
{"log":"INFO [03-25|05:49:50.245] Imported new chain segment               blocks=1     txs=1     mgas=1.620   elapsed=12.571ms  mgasps=128.893  number=2405579 hash=a43770…0ce12d dirty=686.93MiB\n","stream":"stderr","time":"2020-03-25T05:49:50.245802298Z"}
{"log":"INFO [03-25|05:50:05.141] Imported new chain segment               blocks=1     txs=0     mgas=0.000   elapsed=3.753ms   mgasps=0.000    number=2405580 hash=f82df8…05dce5 dirty=686.76MiB\n","stream":"stderr","time":"2020-03-25T05:50:05.141329057Z"}
{"log":"INFO [03-25|05:50:05.188] Imported new chain segment               blocks=1     txs=2     mgas=0.207   elapsed=6.064ms   mgasps=34.125   number=2405580 hash=769d3d…52292f dirty=686.79MiB\n","stream":"stderr","time":"2020-03-25T05:50:05.188999265Z"}
{"log":"INFO [03-25|05:50:13.728] Deep froze chain segment                 blocks=4     elapsed=34.818ms  number=2315579 hash=1e7a69…511e4b\n","stream":"stderr","time":"2020-03-25T05:50:13.728619661Z"}
{"log":"INFO [03-25|05:50:20.662] Imported new chain segment               blocks=1     txs=3     mgas=0.640   elapsed=17.760ms  mgasps=36.043   number=2405581 hash=e63993…c6f41b dirty=686.81MiB\n","stream":"stderr","time":"2020-03-25T05:50:20.663758373Z"}
{"log":"INFO [03-25|05:50:20.872] Imported new chain segment               blocks=1     txs=3     mgas=0.640   elapsed=15.343ms  mgasps=41.721   number=2405581 hash=a8373b…4733ea dirty=686.82MiB\n","stream":"stderr","time":"2020-03-25T05:50:20.873056007Z"}
{"log":"INFO [03-25|05:50:21.706] Imported new chain segment               blocks=1     txs=3     mgas=0.640   elapsed=19.025ms  mgasps=33.648   number=2405581 hash=e517fc…59e4bd dirty=686.82MiB\n","stream":"stderr","time":"2020-03-25T05:50:21.706828254Z"}
{"log":"INFO [03-25|05:50:25.440] Chain reorg detected                     number=2405580 hash=f82df8…05dce5 drop=1 dropfrom=e63993…c6f41b add=1 addfrom=8a3a57…8ed04d\n","stream":"stderr","time":"2020-03-25T05:50:25.440423799Z"}
{"log":"INFO [03-25|05:50:25.440] Imported new chain segment               blocks=1     txs=3     mgas=0.640   elapsed=20.622ms  mgasps=31.042   number=2405581 hash=8a3a57…8ed04d dirty=686.82MiB\n","stream":"stderr","time":"2020-03-25T05:50:25.440699433Z"}
{"log":"INFO [03-25|05:50:35.232] Imported new chain segment               blocks=1     txs=1     mgas=1.143   elapsed=14.458ms  mgasps=79.038   number=2405582 hash=17bad5…59226a dirty=686.94MiB\n","stream":"stderr","time":"2020-03-25T05:50:35.232843948Z"}
{"log":"INFO [03-25|05:50:37.033] Imported new chain segment               blocks=1     txs=0     mgas=0.000   elapsed=300.588µs mgasps=0.000    number=2405582 hash=6dd2dd…16ec9e dirty=686.94MiB\n","stream":"stderr","time":"2020-03-25T05:50:37.033821109Z"}
{"log":"INFO [03-25|05:50:38.203] Imported new chain segment               blocks=1     txs=4     mgas=3.620   elapsed=21.193ms  mgasps=170.781  number=2405582 hash=2d9baa…52df6d dirty=687.13MiB\n","stream":"stderr","time":"2020-03-25T05:50:38.203540515Z"}
{"log":"INFO [03-25|05:50:38.312] Imported new chain segment               blocks=1     txs=4     mgas=3.620   elapsed=13.221ms  mgasps=273.761  number=2405582 hash=7843cf…bb59ec dirty=687.13MiB\n","stream":"stderr","time":"2020-03-25T05:50:38.31291611Z"}
{"log":"INFO [03-25|05:50:51.049] Imported new chain segment               blocks=1     txs=5     mgas=2.636   elapsed=28.031ms  mgasps=94.044   number=2405583 hash=a695c6…fab127 dirty=687.14MiB\n","stream":"stderr","time":"2020-03-25T05:50:51.05012602Z"}
{"log":"INFO [03-25|05:50:52.612] Imported new chain segment               blocks=1     txs=5     mgas=2.587   elapsed=15.697ms  mgasps=164.809  number=2405583 hash=ac0e42…a80c7d dirty=687.15MiB\n","stream":"stderr","time":"2020-03-25T05:50:52.612552272Z"}
{"log":"INFO [03-25|05:50:52.699] Chain reorg detected                     number=2405582 hash=17bad5…59226a drop=1 dropfrom=a695c6…fab127 add=1 addfrom=ac2c2c…d218aa\n","stream":"stderr","time":"2020-03-25T05:50:52.699271167Z"}
{"log":"INFO [03-25|05:50:52.699] Imported new chain segment               blocks=1     txs=4     mgas=2.531   elapsed=12.625ms  mgasps=200.495  number=2405583 hash=ac2c2c…d218aa dirty=687.16MiB\n","stream":"stderr","time":"2020-03-25T05:50:52.699461214Z"}
{"log":"INFO [03-25|05:51:05.252] Imported new chain segment               blocks=1     txs=3     mgas=0.540   elapsed=19.401ms  mgasps=27.828   number=2405584 hash=537e2a…ee096f dirty=687.17MiB\n","stream":"stderr","time":"2020-03-25T05:51:05.25290128Z"}
{"log":"INFO [03-25|05:51:05.955] Imported new chain segment               blocks=1     txs=1     mgas=0.433   elapsed=13.506ms  mgasps=32.075   number=2405584 hash=866c99…2badb5 dirty=687.17MiB\n","stream":"stderr","time":"2020-03-25T05:51:05.955714978Z"}
{"log":"INFO [03-25|05:51:06.055] Imported new chain segment               blocks=1     txs=0     mgas=0.000   elapsed=402.022µs mgasps=0.000    number=2405584 hash=ec7152…b3a3ba dirty=687.17MiB\n","stream":"stderr","time":"2020-03-25T05:51:06.055643251Z"}
{"log":"INFO [03-25|05:51:13.768] Deep froze chain segment                 blocks=4     elapsed=39.611ms  number=2315583 hash=a62af4…71f4a6\n","stream":"stderr","time":"2020-03-25T05:51:13.768823885Z"}
{"log":"INFO [03-25|05:51:21.885] Imported new chain segment               blocks=1     txs=0     mgas=0.000   elapsed=938.215µs mgasps=0.000    number=2405585 hash=516e38…b15870 dirty=687.15MiB\n","stream":"stderr","time":"2020-03-25T05:51:21.885452827Z"}
{"log":"INFO [03-25|05:51:35.768] Imported new chain segment               blocks=1     txs=0     mgas=0.000   elapsed=529.492µs mgasps=0.000    number=2405586 hash=d2b04c…7598d7 dirty=687.14MiB\n","stream":"stderr","time":"2020-03-25T05:51:35.768710567Z"}
{"log":"INFO [03-25|05:51:37.064] Imported new chain segment               blocks=1     txs=1     mgas=0.433   elapsed=16.947ms  mgasps=25.565   number=2405586 hash=810a87…2b9918 dirty=687.16MiB\n","stream":"stderr","time":"2020-03-25T05:51:37.064386963Z"}
{"log":"INFO [03-25|05:51:50.054] Chain reorg detected                     number=2405585 hash=516e38…b15870 drop=1 dropfrom=d2b04c…7598d7 add=2 addfrom=c28f1e…03f087\n","stream":"stderr","time":"2020-03-25T05:51:50.055611764Z"}
{"log":"INFO [03-25|05:51:50.054] Imported new chain segment               blocks=1     txs=0     mgas=0.000   elapsed=1.042ms   mgasps=0.000    number=2405587 hash=c28f1e…03f087 dirty=687.16MiB\n","stream":"stderr","time":"2020-03-25T05:51:50.055719071Z"}
{"log":"INFO [03-25|05:51:50.817] Imported new chain segment               blocks=1     txs=1     mgas=0.433   elapsed=13.058ms  mgasps=33.178   number=2405587 hash=876812…606081 dirty=687.16MiB\n","stream":"stderr","time":"2020-03-25T05:51:50.817918584Z"}
{"log":"INFO [03-25|05:52:05.087] Imported new chain segment               blocks=1     txs=1     mgas=0.303   elapsed=4.872ms   mgasps=62.240   number=2405588 hash=05f641…1508b3 dirty=687.17MiB\n","stream":"stderr","time":"2020-03-25T05:52:05.088063353Z"}
{"log":"INFO [03-25|05:52:13.803] Deep froze chain segment                 blocks=4     elapsed=34.234ms  number=2315587 hash=5bc758…a6a0c7\n","stream":"stderr","time":"2020-03-25T05:52:13.803328323Z"}
{"log":"INFO [03-25|05:52:20.254] Imported new chain segment               blocks=1     txs=0     mgas=0.000   elapsed=454.033µs mgasps=0.000    number=2405589 hash=9747c7…88aa73 dirty=687.16MiB\n","stream":"stderr","time":"2020-03-25T05:52:20.255110685Z"}
{"log":"INFO [03-25|05:52:20.868] Chain reorg detected                     number=2405588 hash=05f641…1508b3 drop=1 dropfrom=9747c7…88aa73 add=1 addfrom=7809e2…293f81\n","stream":"stderr","time":"2020-03-25T05:52:20.868915878Z"}
{"log":"INFO [03-25|05:52:20.869] Imported new chain segment               blocks=1     txs=0     mgas=0.000   elapsed=690.19µs  mgasps=0.000    number=2405589 hash=7809e2…293f81 dirty=687.16MiB\n","stream":"stderr","time":"2020-03-25T05:52:20.869176698Z"}
{"log":"INFO [03-25|05:52:35.414] Imported new chain segment               blocks=1     txs=2     mgas=0.544   elapsed=22.912ms  mgasps=23.755   number=2405590 hash=44fc32…bf080c dirty=687.00MiB\n","stream":"stderr","time":"2020-03-25T05:52:35.414404973Z"}
{"log":"INFO [03-25|05:52:37.426] Imported new chain segment               blocks=1     txs=2     mgas=0.544   elapsed=18.406ms  mgasps=29.571   number=2405590 hash=38e090…83f57f dirty=687.00MiB\n","stream":"stderr","time":"2020-03-25T05:52:37.426811338Z"}
{"log":"INFO [03-25|05:52:42.034] Imported new chain segment               blocks=1     txs=2     mgas=0.544   elapsed=19.432ms  mgasps=28.009   number=2405590 hash=33dfcf…a731e5 dirty=687.00MiB\n","stream":"stderr","time":"2020-03-25T05:52:42.034901939Z"}
{"log":"INFO [03-25|05:52:50.115] Imported new chain segment               blocks=1     txs=0     mgas=0.000   elapsed=15.368ms  mgasps=0.000    number=2405591 hash=4a9a77…f5c5e9 dirty=686.84MiB\n","stream":"stderr","time":"2020-03-25T05:52:50.116176334Z"}
{"log":"INFO [03-25|05:53:05.308] Imported new chain segment               blocks=1     txs=0     mgas=0.000   elapsed=874.271µs mgasps=0.000    number=2405592 hash=190c6b…560d6e dirty=686.82MiB\n","stream":"stderr","time":"2020-03-25T05:53:05.309122008Z"}
{"log":"INFO [03-25|05:53:06.379] Imported new chain segment               blocks=1     txs=1     mgas=0.096   elapsed=2.374ms   mgasps=40.399   number=2405592 hash=518833…3e02b7 dirty=686.84MiB\n","stream":"stderr","time":"2020-03-25T05:53:06.379640256Z"}
{"log":"INFO [03-25|05:53:13.838] Deep froze chain segment                 blocks=4     elapsed=35.100ms  number=2315591 hash=e805e9…3c626c\n","stream":"stderr","time":"2020-03-25T05:53:13.839064071Z"}
{"log":"INFO [03-25|05:53:20.812] Imported new chain segment               blocks=1     txs=3     mgas=0.287   elapsed=6.211ms   mgasps=46.187   number=2405593 hash=47e073…87856a dirty=686.85MiB\n","stream":"stderr","time":"2020-03-25T05:53:20.812891994Z"}
{"log":"INFO [03-25|05:53:22.638] Chain reorg detected                     number=2405592 hash=190c6b…560d6e drop=1 dropfrom=47e073…87856a add=1 addfrom=243691…18b661\n","stream":"stderr","time":"2020-03-25T05:53:22.638828415Z"}
{"log":"INFO [03-25|05:53:22.638] Imported new chain segment               blocks=1     txs=2     mgas=0.207   elapsed=5.121ms   mgasps=40.396   number=2405593 hash=243691…18b661 dirty=686.86MiB\n","stream":"stderr","time":"2020-03-25T05:53:22.63905822Z"}
{"log":"INFO [03-25|05:53:35.133] Chain reorg detected                     number=2405592 hash=190c6b…560d6e drop=1 dropfrom=243691…18b661 add=2 addfrom=0b09c3…7e3e52\n","stream":"stderr","time":"2020-03-25T05:53:35.133863142Z"}
{"log":"INFO [03-25|05:53:35.134] Imported new chain segment               blocks=1     txs=1     mgas=0.096   elapsed=3.462ms   mgasps=27.702   number=2405594 hash=0b09c3…7e3e52 dirty=686.84MiB\n","stream":"stderr","time":"2020-03-25T05:53:35.134420884Z"}
{"log":"INFO [03-25|05:53:37.742] Imported new chain segment               blocks=1     txs=1     mgas=0.096   elapsed=1.934ms   mgasps=49.587   number=2405594 hash=ffb2b9…7dc2c7 dirty=686.85MiB\n","stream":"stderr","time":"2020-03-25T05:53:37.742894116Z"}
{"log":"INFO [03-25|05:53:50.440] Imported new chain segment               blocks=1     txs=0     mgas=0.000   elapsed=871.289µs mgasps=0.000    number=2405595 hash=323a68…f67085 dirty=686.83MiB\n","stream":"stderr","time":"2020-03-25T05:53:50.441146606Z"}
{"log":"INFO [03-25|05:53:53.297] Chain reorg detected                     number=2405594 hash=0b09c3…7e3e52 drop=1 dropfrom=323a68…f67085 add=1 addfrom=1eee5b…ed638d\n","stream":"stderr","time":"2020-03-25T05:53:53.298139762Z"}
{"log":"INFO [03-25|05:53:53.298] Imported new chain segment               blocks=1     txs=0     mgas=0.000   elapsed=606.607µs mgasps=0.000    number=2405595 hash=1eee5b…ed638d dirty=686.83MiB\n","stream":"stderr","time":"2020-03-25T05:53:53.298443454Z"}
{"log":"INFO [03-25|05:54:06.459] Chain reorg detected                     number=2405594 hash=0b09c3…7e3e52 drop=1 dropfrom=1eee5b…ed638d add=2 addfrom=798fd8…ae74a4\n","stream":"stderr","time":"2020-03-25T05:54:06.459244978Z"}
{"log":"INFO [03-25|05:54:06.459] Imported new chain segment               blocks=1     txs=1     mgas=0.056   elapsed=2.907ms   mgasps=19.171   number=2405596 hash=798fd8…ae74a4 dirty=686.81MiB\n","stream":"stderr","time":"2020-03-25T05:54:06.459597577Z"}
{"log":"INFO [03-25|05:54:06.575] Imported new chain segment               blocks=1     txs=1     mgas=0.056   elapsed=1.734ms   mgasps=32.131   number=2405596 hash=1ef06d…e9ddd4 dirty=686.81MiB\n","stream":"stderr","time":"2020-03-25T05:54:06.575561532Z"}
{"log":"INFO [03-25|05:54:06.703] Chain reorg detected                     number=2405595 hash=323a68…f67085 drop=1 dropfrom=798fd8…ae74a4 add=1 addfrom=668d11…67c9b9\n","stream":"stderr","time":"2020-03-25T05:54:06.703574669Z"}
{"log":"INFO [03-25|05:54:06.703] Imported new chain segment               blocks=1     txs=0     mgas=0.000   elapsed=632.785µs mgasps=0.000    number=2405596 hash=668d11…67c9b9 dirty=686.81MiB\n","stream":"stderr","time":"2020-03-25T05:54:06.703780986Z"}
{"log":"INFO [03-25|05:54:07.055] Imported new chain segment               blocks=1     txs=1     mgas=0.056   elapsed=1.909ms   mgasps=29.183   number=2405596 hash=d7ddd8…435b16 dirty=686.81MiB\n","stream":"stderr","time":"2020-03-25T05:54:07.0557475Z"}
{"log":"INFO [03-25|05:54:13.875] Deep froze chain segment                 blocks=4     elapsed=36.554ms  number=2315595 hash=fb257e…7c5464\n","stream":"stderr","time":"2020-03-25T05:54:13.875858694Z"}
{"log":"INFO [03-25|05:54:20.435] Chain reorg detected                     number=2405595 hash=323a68…f67085 drop=1 dropfrom=668d11…67c9b9 add=2 addfrom=7e883d…53e825\n","stream":"stderr","time":"2020-03-25T05:54:20.436113923Z"}
{"log":"INFO [03-25|05:54:20.436] Imported new chain segment               blocks=1     txs=1     mgas=0.133   elapsed=1.963ms   mgasps=67.856   number=2405597 hash=7e883d…53e825 dirty=686.82MiB\n","stream":"stderr","time":"2020-03-25T05:54:20.436376054Z"}
{"log":"INFO [03-25|05:54:21.116] Imported new chain segment               blocks=1     txs=1     mgas=0.133   elapsed=2.330ms   mgasps=57.185   number=2405597 hash=66c6f0…69caf6 dirty=686.82MiB\n","stream":"stderr","time":"2020-03-25T05:54:21.116453413Z"}
{"log":"INFO [03-25|05:54:21.529] Imported new chain segment               blocks=1     txs=0     mgas=0.000   elapsed=631.483µs mgasps=0.000    number=2405597 hash=42c9a9…f0b9d1 dirty=686.82MiB\n","stream":"stderr","time":"2020-03-25T05:54:21.532688888Z"}
{"log":"INFO [03-25|05:54:22.544] Chain reorg detected                     number=2405595 hash=323a68…f67085 drop=2 dropfrom=7e883d…53e825 add=2 addfrom=be74be…72e76b\n","stream":"stderr","time":"2020-03-25T05:54:22.544668327Z"}
{"log":"INFO [03-25|05:54:22.545] Imported new chain segment               blocks=1     txs=1     mgas=0.133   elapsed=2.723ms   mgasps=48.932   number=2405597 hash=be74be…72e76b dirty=686.82MiB\n","stream":"stderr","time":"2020-03-25T05:54:22.545142614Z"}
{"log":"INFO [03-25|05:54:35.831] Chain reorg detected                     number=2405595 hash=323a68…f67085 drop=2 dropfrom=be74be…72e76b add=3 addfrom=fee971…f1a27d\n","stream":"stderr","time":"2020-03-25T05:54:35.831748931Z"}
{"log":"INFO [03-25|05:54:35.832] Imported new chain segment               blocks=1     txs=0     mgas=0.000   elapsed=1.449ms   mgasps=0.000    number=2405598 hash=fee971…f1a27d dirty=686.80MiB\n","stream":"stderr","time":"2020-03-25T05:54:35.832255815Z"}
{"log":"INFO [03-25|05:54:38.654] Chain reorg detected                     number=2405597 hash=7e883d…53e825 drop=1 dropfrom=fee971…f1a27d add=1 addfrom=a247da…2efcfa\n","stream":"stderr","time":"2020-03-25T05:54:38.65490124Z"}
{"log":"INFO [03-25|05:54:38.654] Imported new chain segment               blocks=1     txs=0     mgas=0.000   elapsed=595.975µs mgasps=0.000    number=2405598 hash=a247da…2efcfa dirty=686.80MiB\n","stream":"stderr","time":"2020-03-25T05:54:38.655135367Z"}
{"log":"INFO [03-25|05:54:50.799] Chain reorg detected                     number=2405597 hash=7e883d…53e825 drop=1 dropfrom=a247da…2efcfa add=2 addfrom=c1269d…8c883d\n","stream":"stderr","time":"2020-03-25T05:54:50.799707379Z"}
{"log":"INFO [03-25|05:54:50.799] Imported new chain segment               blocks=1     txs=2     mgas=0.788   elapsed=19.117ms  mgasps=41.196   number=2405599 hash=c1269d…8c883d dirty=686.80MiB\n","stream":"stderr","time":"2020-03-25T05:54:50.800026509Z"}
{"log":"INFO [03-25|05:54:51.037] Chain reorg detected                     number=2405598 hash=fee971…f1a27d drop=1 dropfrom=c1269d…8c883d add=1 addfrom=5d41e7…22064d\n","stream":"stderr","time":"2020-03-25T05:54:51.037474326Z"}
{"log":"INFO [03-25|05:54:51.037] Imported new chain segment               blocks=1     txs=1     mgas=0.487   elapsed=15.061ms  mgasps=32.309   number=2405599 hash=5d41e7…22064d dirty=686.80MiB\n","stream":"stderr","time":"2020-03-25T05:54:51.039079238Z"}
{"log":"INFO [03-25|05:54:56.816] Imported new chain segment               blocks=1     txs=2     mgas=0.788   elapsed=20.884ms  mgasps=37.710   number=2405599 hash=b45bda…f09014 dirty=686.81MiB\n","stream":"stderr","time":"2020-03-25T05:54:56.816379111Z"}
{"log":"INFO [03-25|05:55:05.138] Imported new chain segment               blocks=1     txs=0     mgas=0.000   elapsed=1.043ms   mgasps=0.000    number=2405600 hash=4fafd3…d01e37 dirty=686.77MiB\n","stream":"stderr","time":"2020-03-25T05:55:05.13837426Z"}
{"log":"INFO [03-25|05:55:07.130] Imported new chain segment               blocks=1     txs=0     mgas=0.000   elapsed=371.105µs mgasps=0.000    number=2405600 hash=b7366d…e0b984 dirty=686.77MiB\n","stream":"stderr","time":"2020-03-25T05:55:07.130414428Z"}
{"log":"INFO [03-25|05:55:13.912] Deep froze chain segment                 blocks=4     elapsed=36.582ms  number=2315599 hash=f32717…6c1f5e\n","stream":"stderr","time":"2020-03-25T05:55:13.913124901Z"}
{"log":"INFO [03-25|05:55:20.551] Imported new chain segment               blocks=1     txs=3     mgas=0.860   elapsed=24.602ms  mgasps=34.963   number=2405601 hash=a82bc1…c29807 dirty=686.79MiB\n","stream":"stderr","time":"2020-03-25T05:55:20.551688609Z"}
{"log":"INFO [03-25|05:55:25.737] Chain reorg detected                     number=2405600 hash=4fafd3…d01e37 drop=1 dropfrom=a82bc1…c29807 add=1 addfrom=f3901b…e03b45\n","stream":"stderr","time":"2020-03-25T05:55:25.738016086Z"}
{"log":"INFO [03-25|05:55:25.738] Imported new chain segment               blocks=1     txs=3     mgas=0.860   elapsed=28.205ms  mgasps=30.498   number=2405601 hash=f3901b…e03b45 dirty=686.80MiB\n","stream":"stderr","time":"2020-03-25T05:55:25.738281086Z"}
{"log":"INFO [03-25|05:55:35.686] Imported new chain segment               blocks=1     txs=5     mgas=1.737   elapsed=30.421ms  mgasps=57.110   number=2405602 hash=b0f117…618d0f dirty=686.90MiB\n","stream":"stderr","time":"2020-03-25T05:55:35.689501137Z"}
{"log":"INFO [03-25|05:55:36.512] Imported new chain segment               blocks=1     txs=5     mgas=1.737   elapsed=20.395ms  mgasps=85.185   number=2405602 hash=32160a…1d6812 dirty=686.90MiB\n","stream":"stderr","time":"2020-03-25T05:55:36.512369935Z"}
{"log":"INFO [03-25|05:55:37.014] Imported new chain segment               blocks=1     txs=5     mgas=1.737   elapsed=16.750ms  mgasps=103.721  number=2405602 hash=d716a4…49f489 dirty=686.91MiB\n","stream":"stderr","time":"2020-03-25T05:55:37.014413289Z"}
{"log":"INFO [03-25|05:55:37.055] Chain reorg detected                     number=2405601 hash=f3901b…e03b45 drop=1 dropfrom=b0f117…618d0f add=1 addfrom=2b1ba6…1ee6ae\n","stream":"stderr","time":"2020-03-25T05:55:37.056069144Z"}
{"log":"INFO [03-25|05:55:37.056] Imported new chain segment               blocks=1     txs=3     mgas=1.334   elapsed=10.357ms  mgasps=128.825  number=2405602 hash=2b1ba6…1ee6ae dirty=686.92MiB\n","stream":"stderr","time":"2020-03-25T05:55:37.056294832Z"}
{"log":"INFO [03-25|05:55:51.138] Chain reorg detected                     number=2405601 hash=f3901b…e03b45 drop=1 dropfrom=2b1ba6…1ee6ae add=2 addfrom=64a6f8…da06b7\n","stream":"stderr","time":"2020-03-25T05:55:51.138465001Z"}
{"log":"INFO [03-25|05:55:51.139] Imported new chain segment               blocks=1     txs=0     mgas=0.000   elapsed=1.581ms   mgasps=0.000    number=2405603 hash=64a6f8…da06b7 dirty=686.92MiB\n","stream":"stderr","time":"2020-03-25T05:55:51.139809153Z"}
{"log":"INFO [03-25|05:55:51.969] Imported new chain segment               blocks=1     txs=1     mgas=0.433   elapsed=21.792ms  mgasps=19.880   number=2405603 hash=7236c6…84bd6e dirty=686.94MiB\n","stream":"stderr","time":"2020-03-25T05:55:51.970253203Z"}
{"log":"INFO [03-25|05:56:06.765] Imported new chain segment               blocks=1     txs=1     mgas=0.433   elapsed=16.891ms  mgasps=25.649   number=2405604 hash=bf8b06…127c23 dirty=686.92MiB\n","stream":"stderr","time":"2020-03-25T05:56:06.765485154Z"}
{"log":"INFO [03-25|05:56:13.949] Deep froze chain segment                 blocks=4     elapsed=35.822ms  number=2315603 hash=39cc86…56d436\n","stream":"stderr","time":"2020-03-25T05:56:13.949268374Z"}
{"log":"INFO [03-25|05:56:20.693] Imported new chain segment               blocks=1     txs=0     mgas=0.000   elapsed=1.154ms   mgasps=0.000    number=2405605 hash=57c78b…fb783e dirty=686.92MiB\n","stream":"stderr","time":"2020-03-25T05:56:20.693940362Z"}
{"log":"INFO [03-25|05:56:20.719] Chain reorg detected                     number=2405604 hash=bf8b06…127c23 drop=1 dropfrom=57c78b…fb783e add=1 addfrom=28adbe…bea8d7\n","stream":"stderr","time":"2020-03-25T05:56:20.720421325Z"}
{"log":"INFO [03-25|05:56:20.719] Imported new chain segment               blocks=1     txs=0     mgas=0.000   elapsed=573.622µs mgasps=0.000    number=2405605 hash=28adbe…bea8d7 dirty=686.92MiB\n","stream":"stderr","time":"2020-03-25T05:56:20.72044784Z"}
{"log":"INFO [03-25|05:56:22.728] Chain reorg detected                     number=2405604 hash=bf8b06…127c23 drop=1 dropfrom=28adbe…bea8d7 add=1 addfrom=92f221…d57c21\n","stream":"stderr","time":"2020-03-25T05:56:22.728552886Z"}
{"log":"INFO [03-25|05:56:22.728] Imported new chain segment               blocks=1     txs=0     mgas=0.000   elapsed=836.864µs mgasps=0.000    number=2405605 hash=92f221…d57c21 dirty=686.92MiB\n","stream":"stderr","time":"2020-03-25T05:56:22.728887092Z"}
{"log":"INFO [03-25|05:56:35.085] Imported new chain segment               blocks=1     txs=1     mgas=0.433   elapsed=17.889ms  mgasps=24.217   number=2405606 hash=8166f8…e51432 dirty=686.91MiB\n","stream":"stderr","time":"2020-03-25T05:56:35.085648066Z"}
{"log":"INFO [03-25|05:56:37.261] Imported new chain segment               blocks=1     txs=0     mgas=0.000   elapsed=814.756µs mgasps=0.000    number=2405606 hash=bda8a5…d167b4 dirty=686.91MiB\n","stream":"stderr","time":"2020-03-25T05:56:37.262316949Z"}
{"log":"INFO [03-25|05:56:42.980] New local node record                    seq=45 id=8252fae760b7940d ip=31.147.195.65 udp=1024  tcp=30303\n","stream":"stderr","time":"2020-03-25T05:56:42.981112533Z"}
{"log":"INFO [03-25|05:56:50.072] Imported new chain segment               blocks=1     txs=1     mgas=0.210   elapsed=4.908ms   mgasps=42.696   number=2405607 hash=2c8cf1…05c95a dirty=686.91MiB\n","stream":"stderr","time":"2020-03-25T05:56:50.072634181Z"}
{"log":"INFO [03-25|05:57:05.123] Imported new chain segment               blocks=1     txs=2     mgas=0.676   elapsed=16.200ms  mgasps=41.735   number=2405608 hash=eebb12…fae408 dirty=686.93MiB\n","stream":"stderr","time":"2020-03-25T05:57:05.123569565Z"}
{"log":"INFO [03-25|05:57:05.603] Imported new chain segment               blocks=1     txs=1     mgas=0.243   elapsed=4.077ms   mgasps=59.575   number=2405608 hash=64bded…f43cef dirty=686.93MiB\n","stream":"stderr","time":"2020-03-25T05:57:05.604013969Z"}
{"log":"INFO [03-25|05:57:10.754] Imported new chain segment               blocks=1     txs=2     mgas=0.676   elapsed=14.187ms  mgasps=47.656   number=2405608 hash=dbaf2f…443065 dirty=686.93MiB\n","stream":"stderr","time":"2020-03-25T05:57:10.755134408Z"}
{"log":"INFO [03-25|05:57:13.990] Deep froze chain segment                 blocks=4     elapsed=41.208ms  number=2315607 hash=4b1ece…8421cc\n","stream":"stderr","time":"2020-03-25T05:57:13.990685699Z"}
{"log":"INFO [03-25|05:57:20.383] Imported new chain segment               blocks=1     txs=1     mgas=0.056   elapsed=3.674ms   mgasps=15.167   number=2405609 hash=fbf12b…b1a925 dirty=686.85MiB\n","stream":"stderr","time":"2020-03-25T05:57:20.383223425Z"}
{"log":"INFO [03-25|05:57:20.406] Chain reorg detected                     number=2405608 hash=eebb12…fae408 drop=1 dropfrom=fbf12b…b1a925 add=1 addfrom=c3d793…b0a8b3\n","stream":"stderr","time":"2020-03-25T05:57:20.406794138Z"}
{"log":"INFO [03-25|05:57:20.406] Imported new chain segment               blocks=1     txs=0     mgas=0.000   elapsed=720.601µs mgasps=0.000    number=2405609 hash=c3d793…b0a8b3 dirty=686.85MiB\n","stream":"stderr","time":"2020-03-25T05:57:20.407022581Z"}
{"log":"INFO [03-25|05:57:37.065] Chain reorg detected                     number=2405608 hash=eebb12…fae408 drop=1 dropfrom=c3d793…b0a8b3 add=2 addfrom=326f77…095e04\n","stream":"stderr","time":"2020-03-25T05:57:37.066158274Z"}
{"log":"INFO [03-25|05:57:37.066] Imported new chain segment               blocks=1     txs=3     mgas=0.705   elapsed=23.372ms  mgasps=30.176   number=2405610 hash=326f77…095e04 dirty=686.85MiB\n","stream":"stderr","time":"2020-03-25T05:57:37.066611628Z"}
{"log":"INFO [03-25|05:57:42.027] Chain reorg detected                     number=2405609 hash=fbf12b…b1a925 drop=1 dropfrom=326f77…095e04 add=1 addfrom=d6d128…3b78e2\n","stream":"stderr","time":"2020-03-25T05:57:42.027480629Z"}
{"log":"INFO [03-25|05:57:42.027] Imported new chain segment               blocks=1     txs=3     mgas=0.705   elapsed=22.401ms  mgasps=31.485   number=2405610 hash=d6d128…3b78e2 dirty=686.85MiB\n","stream":"stderr","time":"2020-03-25T05:57:42.027828155Z"}
{"log":"INFO [03-25|05:57:50.091] Chain reorg detected                     number=2405609 hash=fbf12b…b1a925 drop=1 dropfrom=d6d128…3b78e2 add=2 addfrom=96bbb0…143897\n","stream":"stderr","time":"2020-03-25T05:57:50.091578531Z"}
{"log":"INFO [03-25|05:57:50.092] Imported new chain segment               blocks=1     txs=0     mgas=0.000   elapsed=1.641ms   mgasps=0.000    number=2405611 hash=96bbb0…143897 dirty=686.83MiB\n","stream":"stderr","time":"2020-03-25T05:57:50.092243446Z"}
{"log":"INFO [03-25|05:57:50.958] Imported new chain segment               blocks=1     txs=0     mgas=0.000   elapsed=341.669µs mgasps=0.000    number=2405611 hash=67e99a…0ec324 dirty=686.83MiB\n","stream":"stderr","time":"2020-03-25T05:57:50.958958584Z"}
{"log":"INFO [03-25|05:58:05.504] Imported new chain segment               blocks=1     txs=0     mgas=0.000   elapsed=918.019µs mgasps=0.000    number=2405612 hash=09801c…91f3da dirty=686.81MiB\n","stream":"stderr","time":"2020-03-25T05:58:05.505071709Z"}
{"log":"INFO [03-25|05:58:08.053] Imported new chain segment               blocks=1     txs=0     mgas=0.000   elapsed=343.248µs mgasps=0.000    number=2405612 hash=a9e743…8eb23d dirty=686.81MiB\n","stream":"stderr","time":"2020-03-25T05:58:08.054135451Z"}
{"log":"INFO [03-25|05:58:08.108] Imported new chain segment               blocks=1     txs=5     mgas=1.986   elapsed=16.485ms  mgasps=120.470  number=2405612 hash=8bb28e…6a65bd dirty=686.93MiB\n","stream":"stderr","time":"2020-03-25T05:58:08.10821856Z"}
{"log":"INFO [03-25|05:58:14.023] Deep froze chain segment                 blocks=4     elapsed=32.224ms  number=2315611 hash=ea8532…0fd606\n","stream":"stderr","time":"2020-03-25T05:58:14.023297315Z"}
{"log":"INFO [03-25|05:58:20.084] Imported new chain segment               blocks=1     txs=7     mgas=2.046   elapsed=22.562ms  mgasps=90.698   number=2405613 hash=87eff1…48ee75 dirty=686.92MiB\n","stream":"stderr","time":"2020-03-25T05:58:20.084945456Z"}
{"log":"INFO [03-25|05:58:23.055] Chain reorg detected                     number=2405612 hash=09801c…91f3da drop=1 dropfrom=87eff1…48ee75 add=1 addfrom=1536a3…066d39\n","stream":"stderr","time":"2020-03-25T05:58:23.055504893Z"}
{"log":"INFO [03-25|05:58:23.055] Imported new chain segment               blocks=1     txs=7     mgas=2.046   elapsed=29.953ms  mgasps=68.319   number=2405613 hash=1536a3…066d39 dirty=686.93MiB\n","stream":"stderr","time":"2020-03-25T05:58:23.055973513Z"}
{"log":"INFO [03-25|05:58:23.151] Imported new chain segment               blocks=1     txs=6     mgas=2.025   elapsed=21.671ms  mgasps=93.459   number=2405613 hash=035e39…466397 dirty=686.93MiB\n","stream":"stderr","time":"2020-03-25T05:58:23.15152254Z"}
{"log":"INFO [03-25|05:58:36.651] Chain reorg detected                     number=2405612 hash=09801c…91f3da drop=1 dropfrom=1536a3…066d39 add=2 addfrom=21e7e1…7e6e45\n","stream":"stderr","time":"2020-03-25T05:58:36.652133847Z"}
{"log":"INFO [03-25|05:58:36.653] Imported new chain segment               blocks=1     txs=2     mgas=0.117   elapsed=7.021ms   mgasps=16.650   number=2405614 hash=21e7e1…7e6e45 dirty=686.89MiB\n","stream":"stderr","time":"2020-03-25T05:58:36.653466047Z"}
{"log":"INFO [03-25|05:58:37.015] Chain reorg detected                     number=2405612 hash=09801c…91f3da drop=2 dropfrom=21e7e1…7e6e45 add=2 addfrom=85db10…efc986\n","stream":"stderr","time":"2020-03-25T05:58:37.015367309Z"}
{"log":"INFO [03-25|05:58:37.015] Imported new chain segment               blocks=1     txs=0     mgas=0.000   elapsed=1.405ms   mgasps=0.000    number=2405614 hash=85db10…efc986 dirty=686.89MiB\n","stream":"stderr","time":"2020-03-25T05:58:37.016107385Z"}
{"log":"INFO [03-25|05:58:50.050] Chain reorg detected                     number=2405612 hash=09801c…91f3da drop=2 dropfrom=85db10…efc986 add=3 addfrom=96091b…4e4956\n","stream":"stderr","time":"2020-03-25T05:58:50.050719283Z"}
{"log":"INFO [03-25|05:58:50.051] Imported new chain segment               blocks=1     txs=1     mgas=0.096   elapsed=3.084ms   mgasps=31.100   number=2405615 hash=96091b…4e4956 dirty=686.90MiB\n","stream":"stderr","time":"2020-03-25T05:58:50.051380107Z"}
{"log":"INFO [03-25|05:59:05.441] Imported new chain segment               blocks=1     txs=0     mgas=0.000   elapsed=743.357µs mgasps=0.000    number=2405616 hash=ffda7a…d4a08c dirty=686.88MiB\n","stream":"stderr","time":"2020-03-25T05:59:05.441634997Z"}
{"log":"INFO [03-25|05:59:14.055] Deep froze chain segment                 blocks=4     elapsed=32.249ms  number=2315615 hash=68e730…7a4198\n","stream":"stderr","time":"2020-03-25T05:59:14.055880988Z"}
{"log":"INFO [03-25|05:59:20.053] Imported new chain segment               blocks=1     txs=0     mgas=0.000   elapsed=745.815µs mgasps=0.000    number=2405617 hash=f52667…ee304f dirty=686.85MiB\n","stream":"stderr","time":"2020-03-25T05:59:20.053939151Z"}
{"log":"INFO [03-25|05:59:35.123] Imported new chain segment               blocks=1     txs=1     mgas=0.487   elapsed=25.958ms  mgasps=18.746   number=2405618 hash=a6d606…a8b813 dirty=686.87MiB\n","stream":"stderr","time":"2020-03-25T05:59:35.123596219Z"}
{"log":"INFO [03-25|05:59:50.894] Imported new chain segment               blocks=1     txs=0     mgas=0.000   elapsed=557.113µs mgasps=0.000    number=2405619 hash=f48673…8f4dbe dirty=686.87MiB\n","stream":"stderr","time":"2020-03-25T05:59:50.894223864Z"}
{"log":"INFO [03-25|05:59:50.936] Imported new chain segment               blocks=1     txs=0     mgas=0.000   elapsed=244.367µs mgasps=0.000    number=2405619 hash=ec4e57…94a59b dirty=686.87MiB\n","stream":"stderr","time":"2020-03-25T05:59:50.936738122Z"}
{"log":"INFO [03-25|05:59:51.131] Imported new chain segment               blocks=1     txs=0     mgas=0.000   elapsed=312.169µs mgasps=0.000    number=2405619 hash=87a678…3e25b8 dirty=686.87MiB\n","stream":"stderr","time":"2020-03-25T05:59:51.131899866Z"}
{"log":"INFO [03-25|06:00:06.002] Imported new chain segment               blocks=1     txs=0     mgas=0.000   elapsed=2.906ms   mgasps=0.000    number=2405620 hash=f25d11…3c29bf dirty=686.74MiB\n","stream":"stderr","time":"2020-03-25T06:00:06.002211003Z"}
{"log":"INFO [03-25|06:00:14.085] Deep froze chain segment                 blocks=4     elapsed=29.519ms  number=2315619 hash=e43d2f…1cbc8b\n","stream":"stderr","time":"2020-03-25T06:00:14.085996685Z"}
{"log":"INFO [03-25|06:00:21.104] Imported new chain segment               blocks=1     txs=2     mgas=4.229   elapsed=32.659ms  mgasps=129.499  number=2405621 hash=d952ec…0d0b6e dirty=687.17MiB\n","stream":"stderr","time":"2020-03-25T06:00:21.104358524Z"}
{"log":"INFO [03-25|06:00:21.880] Imported new chain segment               blocks=1     txs=2     mgas=4.229   elapsed=29.291ms  mgasps=144.386  number=2405621 hash=cd9112…c535f7 dirty=687.18MiB\n","stream":"stderr","time":"2020-03-25T06:00:21.881007304Z"}
{"log":"INFO [03-25|06:00:26.144] Chain reorg detected                     number=2405620 hash=f25d11…3c29bf drop=1 dropfrom=d952ec…0d0b6e add=1 addfrom=d16860…e00ea9\n","stream":"stderr","time":"2020-03-25T06:00:26.145207691Z"}
{"log":"INFO [03-25|06:00:26.145] Imported new chain segment               blocks=1     txs=2     mgas=0.529   elapsed=18.358ms  mgasps=28.822   number=2405621 hash=d16860…e00ea9 dirty=687.20MiB\n","stream":"stderr","time":"2020-03-25T06:00:26.145390577Z"}
{"log":"INFO [03-25|06:00:35.153] Imported new chain segment               blocks=1     txs=5     mgas=3.716   elapsed=31.567ms  mgasps=117.703  number=2405622 hash=edfd43…ea0a7f dirty=687.48MiB\n","stream":"stderr","time":"2020-03-25T06:00:35.153491713Z"}
{"log":"INFO [03-25|06:00:35.394] Imported new chain segment               blocks=1     txs=6     mgas=7.467   elapsed=24.247ms  mgasps=307.934  number=2405622 hash=bf692e…90de95 dirty=687.49MiB\n","stream":"stderr","time":"2020-03-25T06:00:35.394966626Z"}
{"log":"INFO [03-25|06:00:35.705] Chain reorg detected                     number=2405621 hash=d16860…e00ea9 drop=1 dropfrom=bf692e…90de95 add=1 addfrom=25cee0…688f80\n","stream":"stderr","time":"2020-03-25T06:00:35.705403227Z"}
{"log":"INFO [03-25|06:00:35.705] Imported new chain segment               blocks=1     txs=2     mgas=1.232   elapsed=11.063ms  mgasps=111.377  number=2405622 hash=25cee0…688f80 dirty=687.52MiB\n","stream":"stderr","time":"2020-03-25T06:00:35.708342254Z"}
{"log":"INFO [03-25|06:00:50.811] Imported new chain segment               blocks=1     txs=5     mgas=6.463   elapsed=30.096ms  mgasps=214.731  number=2405623 hash=bb91dc…d237af dirty=687.54MiB\n","stream":"stderr","time":"2020-03-25T06:00:50.811220871Z"}
{"log":"INFO [03-25|06:00:50.861] Imported new chain segment               blocks=1     txs=6     mgas=6.518   elapsed=25.572ms  mgasps=254.900  number=2405623 hash=f316ef…9a9890 dirty=687.55MiB\n","stream":"stderr","time":"2020-03-25T06:00:50.861385905Z"}
{"log":"INFO [03-25|06:01:05.176] Chain reorg detected                     number=2405622 hash=25cee0…688f80 drop=1 dropfrom=bb91dc…d237af add=2 addfrom=825a39…6ee261\n","stream":"stderr","time":"2020-03-25T06:01:05.176699778Z"}
{"log":"INFO [03-25|06:01:05.177] Imported new chain segment               blocks=1     txs=2     mgas=0.469   elapsed=18.935ms  mgasps=24.778   number=2405624 hash=825a39…6ee261 dirty=687.58MiB\n","stream":"stderr","time":"2020-03-25T06:01:05.177541476Z"}
{"log":"INFO [03-25|06:01:14.123] Deep froze chain segment                 blocks=4     elapsed=37.744ms  number=2315623 hash=cf53d7…969c88\n","stream":"stderr","time":"2020-03-25T06:01:14.124182912Z"}
{"log":"INFO [03-25|06:01:20.579] Imported new chain segment               blocks=1     txs=0     mgas=0.000   elapsed=8.871ms   mgasps=0.000    number=2405625 hash=98eae1…7a213f dirty=687.58MiB\n","stream":"stderr","time":"2020-03-25T06:01:20.580137773Z"}
{"log":"INFO [03-25|06:01:22.534] Chain reorg detected                     number=2405624 hash=825a39…6ee261 drop=1 dropfrom=98eae1…7a213f add=1 addfrom=b603bd…90f799\n","stream":"stderr","time":"2020-03-25T06:01:22.534428615Z"}
{"log":"INFO [03-25|06:01:22.534] Imported new chain segment               blocks=1     txs=0     mgas=0.000   elapsed=558.169µs mgasps=0.000    number=2405625 hash=b603bd…90f799 dirty=687.58MiB\n","stream":"stderr","time":"2020-03-25T06:01:22.534640434Z"}
{"log":"INFO [03-25|06:01:35.057] Imported new chain segment               blocks=1     txs=1     mgas=0.303   elapsed=4.299ms   mgasps=70.541   number=2405626 hash=6c9763…b47ba8 dirty=687.58MiB\n","stream":"stderr","time":"2020-03-25T06:01:35.058027775Z"}
{"log":"INFO [03-25|06:01:36.598] Imported new chain segment               blocks=1     txs=0     mgas=0.000   elapsed=310.91µs  mgasps=0.000    number=2405626 hash=3183fa…933061 dirty=687.58MiB\n","stream":"stderr","time":"2020-03-25T06:01:36.598285439Z"}
{"log":"INFO [03-25|06:01:50.097] Imported new chain segment               blocks=1     txs=1     mgas=0.433   elapsed=17.127ms  mgasps=25.295   number=2405627 hash=9b1fea…14a4c7 dirty=687.60MiB\n","stream":"stderr","time":"2020-03-25T06:01:50.097646468Z"}
{"log":"INFO [03-25|06:01:57.104] Imported new chain segment               blocks=1     txs=1     mgas=0.433   elapsed=19.612ms  mgasps=22.090   number=2405627 hash=9e9e26…f55459 dirty=687.60MiB\n","stream":"stderr","time":"2020-03-25T06:01:57.104511839Z"}
{"log":"INFO [03-25|06:02:05.072] Imported new chain segment               blocks=1     txs=0     mgas=0.000   elapsed=1.115ms   mgasps=0.000    number=2405628 hash=240874…5131ae dirty=687.57MiB\n","stream":"stderr","time":"2020-03-25T06:02:05.072386541Z"}
{"log":"INFO [03-25|06:02:14.152] Deep froze chain segment                 blocks=4     elapsed=27.713ms  number=2315627 hash=4982f6…3b0ce2\n","stream":"stderr","time":"2020-03-25T06:02:14.152549167Z"}
{"log":"INFO [03-25|06:02:20.401] Imported new chain segment               blocks=1     txs=0     mgas=0.000   elapsed=7.543ms   mgasps=0.000    number=2405629 hash=4291dd…c4645b dirty=687.32MiB\n","stream":"stderr","time":"2020-03-25T06:02:20.401737077Z"}
{"log":"INFO [03-25|06:02:20.489] Imported new chain segment               blocks=1     txs=1     mgas=0.433   elapsed=21.112ms  mgasps=20.521   number=2405629 hash=9eaef6…8071e7 dirty=687.34MiB\n","stream":"stderr","time":"2020-03-25T06:02:20.490082132Z"}
{"log":"INFO [03-25|06:02:36.521] Imported new chain segment               blocks=1     txs=1     mgas=0.433   elapsed=20.539ms  mgasps=21.093   number=2405630 hash=d75319…7d8bb6 dirty=687.31MiB\n","stream":"stderr","time":"2020-03-25T06:02:36.521923192Z"}
{"log":"INFO [03-25|06:02:37.280] Imported new chain segment               blocks=1     txs=1     mgas=0.433   elapsed=13.271ms  mgasps=32.644   number=2405630 hash=289251…c6d060 dirty=687.31MiB\n","stream":"stderr","time":"2020-03-25T06:02:37.280473165Z"}
{"log":"INFO [03-25|06:02:42.582] Imported new chain segment               blocks=1     txs=1     mgas=0.433   elapsed=13.338ms  mgasps=32.482   number=2405630 hash=daac41…ad027f dirty=687.31MiB\n","stream":"stderr","time":"2020-03-25T06:02:42.582823406Z"}
{"log":"INFO [03-25|06:02:50.124] Imported new chain segment               blocks=1     txs=0     mgas=0.000   elapsed=7.614ms   mgasps=0.000    number=2405631 hash=545591…16b640 dirty=686.86MiB\n","stream":"stderr","time":"2020-03-25T06:02:50.124442856Z"}
{"log":"INFO [03-25|06:02:51.341] Imported new chain segment               blocks=1     txs=0     mgas=0.000   elapsed=330.967µs mgasps=0.000    number=2405631 hash=d5d7a3…5894b5 dirty=686.86MiB\n","stream":"stderr","time":"2020-03-25T06:02:51.341850915Z"}
{"log":"INFO [03-25|06:03:05.319] Imported new chain segment               blocks=1     txs=1     mgas=0.039   elapsed=2.246ms   mgasps=17.523   number=2405632 hash=d060cf…4fb16f dirty=686.84MiB\n","stream":"stderr","time":"2020-03-25T06:03:05.320113114Z"}
{"log":"INFO [03-25|06:03:05.841] Imported new chain segment               blocks=1     txs=1     mgas=0.039   elapsed=1.770ms   mgasps=22.225   number=2405632 hash=77a19f…57878f dirty=686.85MiB\n","stream":"stderr","time":"2020-03-25T06:03:05.84283173Z"}
{"log":"INFO [03-25|06:03:06.129] Chain reorg detected                     number=2405631 hash=545591…16b640 drop=1 dropfrom=d060cf…4fb16f add=1 addfrom=fddb4b…d09cf7\n","stream":"stderr","time":"2020-03-25T06:03:06.129936303Z"}
{"log":"INFO [03-25|06:03:06.130] Imported new chain segment               blocks=1     txs=0     mgas=0.000   elapsed=491.137µs mgasps=0.000    number=2405632 hash=fddb4b…d09cf7 dirty=686.85MiB\n","stream":"stderr","time":"2020-03-25T06:03:06.130106544Z"}
{"log":"INFO [03-25|06:03:14.179] Deep froze chain segment                 blocks=4     elapsed=27.288ms  number=2315631 hash=130374…00bb77\n","stream":"stderr","time":"2020-03-25T06:03:14.180145162Z"}
{"log":"INFO [03-25|06:03:20.291] Imported new chain segment               blocks=1     txs=1     mgas=0.039   elapsed=1.752ms   mgasps=22.456   number=2405633 hash=4f732f…127587 dirty=686.85MiB\n","stream":"stderr","time":"2020-03-25T06:03:20.291304597Z"}
{"log":"INFO [03-25|06:03:22.593] Chain reorg detected                     number=2405631 hash=545591…16b640 drop=2 dropfrom=4f732f…127587 add=2 addfrom=bb4ea0…cca540\n","stream":"stderr","time":"2020-03-25T06:03:22.593378329Z"}
{"log":"INFO [03-25|06:03:22.593] Imported new chain segment               blocks=1     txs=0     mgas=0.000   elapsed=1.021ms   mgasps=0.000    number=2405633 hash=bb4ea0…cca540 dirty=686.85MiB\n","stream":"stderr","time":"2020-03-25T06:03:22.5942901Z"}
{"log":"INFO [03-25|06:03:36.459] Imported new chain segment               blocks=1     txs=0     mgas=0.000   elapsed=906.153µs mgasps=0.000    number=2405634 hash=94ce31…c49a1b dirty=686.83MiB\n","stream":"stderr","time":"2020-03-25T06:03:36.459784215Z"}
{"log":"INFO [03-25|06:03:50.538] Imported new chain segment               blocks=1     txs=0     mgas=0.000   elapsed=699.81µs  mgasps=0.000    number=2405635 hash=c0f25e…17e704 dirty=686.82MiB\n","stream":"stderr","time":"2020-03-25T06:03:50.538739276Z"}
{"log":"INFO [03-25|06:04:05.040] Imported new chain segment               blocks=1     txs=1     mgas=0.056   elapsed=2.085ms   mgasps=26.725   number=2405636 hash=8c86b5…223047 dirty=686.83MiB\n","stream":"stderr","time":"2020-03-25T06:04:05.041046884Z"}
{"log":"INFO [03-25|06:04:05.905] Imported new chain segment               blocks=1     txs=1     mgas=0.056   elapsed=1.812ms   mgasps=30.749   number=2405636 hash=0b07c3…963f3b dirty=686.84MiB\n","stream":"stderr","time":"2020-03-25T06:04:05.905471527Z"}
{"log":"INFO [03-25|06:04:14.207] Deep froze chain segment                 blocks=4     elapsed=27.291ms  number=2315635 hash=0e5f47…aac2b9\n","stream":"stderr","time":"2020-03-25T06:04:14.207716012Z"}
{"log":"INFO [03-25|06:04:21.328] Imported new chain segment               blocks=1     txs=0     mgas=0.000   elapsed=994.644µs mgasps=0.000    number=2405637 hash=ed028d…38fe8d dirty=686.82MiB\n","stream":"stderr","time":"2020-03-25T06:04:21.328987367Z"}
{"log":"INFO [03-25|06:04:35.534] Imported new chain segment               blocks=1     txs=1     mgas=0.487   elapsed=17.358ms  mgasps=28.032   number=2405638 hash=dde82e…696f9b dirty=686.84MiB\n","stream":"stderr","time":"2020-03-25T06:04:35.534927962Z"}
{"log":"INFO [03-25|06:04:35.602] Chain reorg detected                     number=2405637 hash=ed028d…38fe8d drop=1 dropfrom=dde82e…696f9b add=1 addfrom=43af18…6f12dc\n","stream":"stderr","time":"2020-03-25T06:04:35.602290013Z"}
{"log":"INFO [03-25|06:04:35.602] Imported new chain segment               blocks=1     txs=1     mgas=0.487   elapsed=10.039ms  mgasps=48.471   number=2405638 hash=43af18…6f12dc dirty=686.85MiB\n","stream":"stderr","time":"2020-03-25T06:04:35.602496624Z"}
{"log":"INFO [03-25|06:04:41.117] Chain reorg detected                     number=2405637 hash=ed028d…38fe8d drop=1 dropfrom=43af18…6f12dc add=1 addfrom=7abbf2…707798\n","stream":"stderr","time":"2020-03-25T06:04:41.117760118Z"}
{"log":"INFO [03-25|06:04:41.117] Imported new chain segment               blocks=1     txs=1     mgas=0.487   elapsed=13.460ms  mgasps=36.150   number=2405638 hash=7abbf2…707798 dirty=686.85MiB\n","stream":"stderr","time":"2020-03-25T06:04:41.118101483Z"}
{"log":"INFO [03-25|06:04:50.917] Chain reorg detected                     number=2405637 hash=ed028d…38fe8d drop=1 dropfrom=7abbf2…707798 add=2 addfrom=d2a88b…667c31\n","stream":"stderr","time":"2020-03-25T06:04:50.917538196Z"}
{"log":"INFO [03-25|06:04:50.917] Imported new chain segment               blocks=1     txs=2     mgas=0.147   elapsed=4.212ms   mgasps=34.864   number=2405639 hash=d2a88b…667c31 dirty=686.85MiB\n","stream":"stderr","time":"2020-03-25T06:04:50.917870874Z"}
{"log":"INFO [03-25|06:04:50.931] Chain reorg detected                     number=2405638 hash=dde82e…696f9b drop=1 dropfrom=d2a88b…667c31 add=1 addfrom=413b9b…74b697\n","stream":"stderr","time":"2020-03-25T06:04:50.931496553Z"}
{"log":"INFO [03-25|06:04:50.931] Imported new chain segment               blocks=1     txs=0     mgas=0.000   elapsed=722.872µs mgasps=0.000    number=2405639 hash=413b9b…74b697 dirty=686.85MiB\n","stream":"stderr","time":"2020-03-25T06:04:50.931797646Z"}
{"log":"INFO [03-25|06:05:06.924] Chain reorg detected                     number=2405638 hash=dde82e…696f9b drop=1 dropfrom=413b9b…74b697 add=2 addfrom=3174b7…3c0591\n","stream":"stderr","time":"2020-03-25T06:05:06.924319611Z"}
{"log":"INFO [03-25|06:05:06.924] Imported new chain segment               blocks=1     txs=2     mgas=0.529   elapsed=14.857ms  mgasps=35.614   number=2405640 hash=3174b7…3c0591 dirty=686.87MiB\n","stream":"stderr","time":"2020-03-25T06:05:06.924618227Z"}
{"log":"INFO [03-25|06:05:12.175] Imported new chain segment               blocks=1     txs=4     mgas=0.676   elapsed=14.892ms  mgasps=45.393   number=2405640 hash=bcbcc8…c68187 dirty=686.87MiB\n","stream":"stderr","time":"2020-03-25T06:05:12.17601958Z"}
{"log":"INFO [03-25|06:05:14.234] Deep froze chain segment                 blocks=4     elapsed=25.999ms  number=2315639 hash=deb258…dc715b\n","stream":"stderr","time":"2020-03-25T06:05:14.234366262Z"}
{"log":"INFO [03-25|06:05:20.129] Imported new chain segment               blocks=1     txs=1     mgas=0.126   elapsed=4.081ms   mgasps=30.877   number=2405641 hash=400bcb…c8a598 dirty=686.89MiB\n","stream":"stderr","time":"2020-03-25T06:05:20.129596645Z"}
{"log":"INFO [03-25|06:05:35.641] Imported new chain segment               blocks=1     txs=6     mgas=2.171   elapsed=36.286ms  mgasps=59.819   number=2405642 hash=48bfc8…0078c4 dirty=687.01MiB\n","stream":"stderr","time":"2020-03-25T06:05:35.641321913Z"}
{"log":"INFO [03-25|06:05:36.055] Chain reorg detected                     number=2405641 hash=400bcb…c8a598 drop=1 dropfrom=48bfc8…0078c4 add=1 addfrom=3ee6fd…57f45b\n","stream":"stderr","time":"2020-03-25T06:05:36.055880108Z"}
{"log":"INFO [03-25|06:05:36.056] Imported new chain segment               blocks=1     txs=0     mgas=0.000   elapsed=1.147ms   mgasps=0.000    number=2405642 hash=3ee6fd…57f45b dirty=687.01MiB\n","stream":"stderr","time":"2020-03-25T06:05:36.056212399Z"}
{"log":"INFO [03-25|06:05:50.945] Imported new chain segment               blocks=1     txs=9     mgas=2.591   elapsed=37.485ms  mgasps=69.114   number=2405643 hash=9b9819…a943b8 dirty=687.05MiB\n","stream":"stderr","time":"2020-03-25T06:05:50.946240009Z"}
{"log":"INFO [03-25|06:06:05.125] Imported new chain segment               blocks=1     txs=1     mgas=0.433   elapsed=12.982ms  mgasps=33.372   number=2405644 hash=5b03dd…072fd6 dirty=687.07MiB\n","stream":"stderr","time":"2020-03-25T06:06:05.125293035Z"}
{"log":"INFO [03-25|06:06:06.426] Imported new chain segment               blocks=1     txs=1     mgas=0.433   elapsed=22.295ms  mgasps=19.432   number=2405644 hash=fb75bd…d1953b dirty=687.07MiB\n","stream":"stderr","time":"2020-03-25T06:06:06.42654311Z"}
{"log":"INFO [03-25|06:06:14.272] Deep froze chain segment                 blocks=4     elapsed=37.573ms  number=2315643 hash=6fce5f…5b5552\n","stream":"stderr","time":"2020-03-25T06:06:14.272450106Z"}
{"log":"INFO [03-25|06:06:20.421] Imported new chain segment               blocks=1     txs=1     mgas=0.021   elapsed=2.142ms   mgasps=9.801    number=2405645 hash=11e693…37dce7 dirty=687.08MiB\n","stream":"stderr","time":"2020-03-25T06:06:20.422578725Z"}
{"log":"INFO [03-25|06:06:22.297] Imported new chain segment               blocks=1     txs=0     mgas=0.000   elapsed=392.892µs mgasps=0.000    number=2405645 hash=b3b235…771cd9 dirty=687.08MiB\n","stream":"stderr","time":"2020-03-25T06:06:22.297347625Z"}
{"log":"INFO [03-25|06:06:35.067] Imported new chain segment               blocks=1     txs=2     mgas=0.132   elapsed=3.946ms   mgasps=33.454   number=2405646 hash=7a1231…22d01d dirty=687.07MiB\n","stream":"stderr","time":"2020-03-25T06:06:35.067781806Z"}
{"log":"INFO [03-25|06:06:36.231] Imported new chain segment               blocks=1     txs=0     mgas=0.000   elapsed=327.542µs mgasps=0.000    number=2405646 hash=92ca73…8a2b65 dirty=687.07MiB\n","stream":"stderr","time":"2020-03-25T06:06:36.234903513Z"}
{"log":"INFO [03-25|06:06:36.275] Imported new chain segment               blocks=1     txs=1     mgas=0.111   elapsed=4.472ms   mgasps=24.821   number=2405646 hash=add397…21d0b0 dirty=687.08MiB\n","stream":"stderr","time":"2020-03-25T06:06:36.275524327Z"}
{"log":"INFO [03-25|06:06:50.153] Imported new chain segment               blocks=1     txs=2     mgas=0.454   elapsed=17.739ms  mgasps=25.606   number=2405647 hash=170559…0eeca4 dirty=687.08MiB\n","stream":"stderr","time":"2020-03-25T06:06:50.153881959Z"}
{"log":"INFO [03-25|06:06:53.775] Imported new chain segment               blocks=1     txs=0     mgas=0.000   elapsed=381.79µs  mgasps=0.000    number=2405647 hash=53dc72…dc245f dirty=687.08MiB\n","stream":"stderr","time":"2020-03-25T06:06:53.775542062Z"}
{"log":"INFO [03-25|06:06:53.883] Imported new chain segment               blocks=1     txs=1     mgas=0.433   elapsed=13.326ms  mgasps=32.510   number=2405647 hash=a41584…b5913d dirty=687.09MiB\n","stream":"stderr","time":"2020-03-25T06:06:53.883962881Z"}
{"log":"INFO [03-25|06:06:56.368] Chain reorg detected                     number=2405646 hash=7a1231…22d01d drop=1 dropfrom=170559…0eeca4 add=1 addfrom=64228f…c57b30\n","stream":"stderr","time":"2020-03-25T06:06:56.368553187Z"}
{"log":"INFO [03-25|06:06:56.368] Imported new chain segment               blocks=1     txs=2     mgas=0.454   elapsed=16.441ms  mgasps=27.628   number=2405647 hash=64228f…c57b30 dirty=687.09MiB\n","stream":"stderr","time":"2020-03-25T06:06:56.369055907Z"}
{"log":"INFO [03-25|06:07:05.095] Chain reorg detected                     number=2405646 hash=7a1231…22d01d drop=1 dropfrom=64228f…c57b30 add=2 addfrom=041eb1…078a16\n","stream":"stderr","time":"2020-03-25T06:07:05.096346038Z"}
{"log":"INFO [03-25|06:07:05.098] Imported new chain segment               blocks=1     txs=2     mgas=0.042   elapsed=7.222ms   mgasps=5.816    number=2405648 hash=041eb1…078a16 dirty=687.06MiB\n","stream":"stderr","time":"2020-03-25T06:07:05.098619307Z"}
{"log":"INFO [03-25|06:07:07.900] Imported new chain segment               blocks=1     txs=0     mgas=0.000   elapsed=927.305µs mgasps=0.000    number=2405648 hash=fd5573…84516c dirty=687.06MiB\n","stream":"stderr","time":"2020-03-25T06:07:07.902855515Z"}
{"log":"INFO [03-25|06:07:14.301] Deep froze chain segment                 blocks=4     elapsed=28.151ms  number=2315647 hash=b5e243…b5d4cd\n","stream":"stderr","time":"2020-03-25T06:07:14.301311548Z"}
{"log":"INFO [03-25|06:07:21.229] Imported new chain segment               blocks=1     txs=1     mgas=0.056   elapsed=2.274ms   mgasps=24.499   number=2405649 hash=d3badd…a0aaa6 dirty=687.06MiB\n","stream":"stderr","time":"2020-03-25T06:07:21.23272206Z"}
{"log":"INFO [03-25|06:07:21.289] Imported new chain segment               blocks=1     txs=0     mgas=0.000   elapsed=261.145µs mgasps=0.000    number=2405649 hash=f420e6…fc2773 dirty=687.06MiB\n","stream":"stderr","time":"2020-03-25T06:07:21.290161204Z"}
{"log":"INFO [03-25|06:07:35.803] Chain reorg detected                     number=2405648 hash=041eb1…078a16 drop=1 dropfrom=d3badd…a0aaa6 add=2 addfrom=7a8723…820a84\n","stream":"stderr","time":"2020-03-25T06:07:35.803579085Z"}
{"log":"INFO [03-25|06:07:35.803] Imported new chain segment               blocks=1     txs=4     mgas=0.753   elapsed=18.693ms  mgasps=40.276   number=2405650 hash=7a8723…820a84 dirty=687.00MiB\n","stream":"stderr","time":"2020-03-25T06:07:35.803903053Z"}
{"log":"INFO [03-25|06:07:42.839] Chain reorg detected                     number=2405649 hash=f420e6…fc2773 drop=1 dropfrom=7a8723…820a84 add=1 addfrom=0ec0e8…2ab730\n","stream":"stderr","time":"2020-03-25T06:07:42.840047163Z"}
{"log":"INFO [03-25|06:07:42.840] Imported new chain segment               blocks=1     txs=4     mgas=0.753   elapsed=21.846ms  mgasps=34.462   number=2405650 hash=0ec0e8…2ab730 dirty=687.00MiB\n","stream":"stderr","time":"2020-03-25T06:07:42.840488047Z"}
{"log":"INFO [03-25|06:07:50.096] Chain reorg detected                     number=2405649 hash=f420e6…fc2773 drop=1 dropfrom=0ec0e8…2ab730 add=2 addfrom=91b4bf…d2ff5a\n","stream":"stderr","time":"2020-03-25T06:07:50.097063014Z"}
{"log":"INFO [03-25|06:07:50.097] Imported new chain segment               blocks=1     txs=0     mgas=0.000   elapsed=1.878ms   mgasps=0.000    number=2405651 hash=91b4bf…d2ff5a dirty=686.96MiB\n","stream":"stderr","time":"2020-03-25T06:07:50.097638951Z"}
{"log":"INFO [03-25|06:08:05.344] Imported new chain segment               blocks=1     txs=6     mgas=2.025   elapsed=17.979ms  mgasps=112.654  number=2405652 hash=7263fb…34f178 dirty=687.08MiB\n","stream":"stderr","time":"2020-03-25T06:08:05.345023273Z"}
{"log":"INFO [03-25|06:08:07.267] Imported new chain segment               blocks=1     txs=5     mgas=1.986   elapsed=19.927ms  mgasps=99.663   number=2405652 hash=fba391…9a7de5 dirty=687.09MiB\n","stream":"stderr","time":"2020-03-25T06:08:07.267665043Z"}
{"log":"INFO [03-25|06:08:14.336] Deep froze chain segment                 blocks=4     elapsed=34.656ms  number=2315651 hash=3a4c74…9a5a76\n","stream":"stderr","time":"2020-03-25T06:08:14.336472798Z"}
{"log":"INFO [03-25|06:08:21.825] Imported new chain segment               blocks=1     txs=0     mgas=0.000   elapsed=944.466µs mgasps=0.000    number=2405653 hash=34a315…7e0c17 dirty=687.07MiB\n","stream":"stderr","time":"2020-03-25T06:08:21.825398943Z"}
{"log":"INFO [03-25|06:08:35.219] Imported new chain segment               blocks=1     txs=0     mgas=0.000   elapsed=843.644µs mgasps=0.000    number=2405654 hash=227098…bc7be1 dirty=687.05MiB\n","stream":"stderr","time":"2020-03-25T06:08:35.219582942Z"}
{"log":"INFO [03-25|06:08:51.389] Imported new chain segment               blocks=1     txs=0     mgas=0.000   elapsed=842.953µs mgasps=0.000    number=2405655 hash=7509cb…e3311e dirty=687.03MiB\n","stream":"stderr","time":"2020-03-25T06:08:51.389820806Z"}
{"log":"INFO [03-25|06:09:05.900] Imported new chain segment               blocks=1     txs=0     mgas=0.000   elapsed=1.286ms   mgasps=0.000    number=2405656 hash=a95150…156864 dirty=687.01MiB\n","stream":"stderr","time":"2020-03-25T06:09:05.900475459Z"}
{"log":"INFO [03-25|06:09:14.370] Deep froze chain segment                 blocks=4     elapsed=33.831ms  number=2315655 hash=df82fc…707ec5\n","stream":"stderr","time":"2020-03-25T06:09:14.370902875Z"}
{"log":"INFO [03-25|06:09:20.042] Imported new chain segment               blocks=1     txs=0     mgas=0.000   elapsed=436.204µs mgasps=0.000    number=2405657 hash=070bb4…f0cd1e dirty=687.01MiB\n","stream":"stderr","time":"2020-03-25T06:09:20.042942914Z"}
{"log":"INFO [03-25|06:09:36.874] Imported new chain segment               blocks=1     txs=0     mgas=0.000   elapsed=1.438ms   mgasps=0.000    number=2405658 hash=e45319…3d7f24 dirty=686.99MiB\n","stream":"stderr","time":"2020-03-25T06:09:36.880747516Z"}
{"log":"INFO [03-25|06:09:50.796] Imported new chain segment               blocks=1     txs=1     mgas=0.524   elapsed=18.764ms  mgasps=27.931   number=2405659 hash=7d7ab1…390cf1 dirty=687.00MiB\n","stream":"stderr","time":"2020-03-25T06:09:50.797033203Z"}
{"log":"INFO [03-25|06:09:50.948] Chain reorg detected                     number=2405658 hash=e45319…3d7f24 drop=1 dropfrom=7d7ab1…390cf1 add=1 addfrom=4ccbf9…583c12\n","stream":"stderr","time":"2020-03-25T06:09:50.94847338Z"}
{"log":"INFO [03-25|06:09:50.948] Imported new chain segment               blocks=1     txs=1     mgas=0.524   elapsed=18.472ms  mgasps=28.372   number=2405659 hash=4ccbf9…583c12 dirty=687.00MiB\n","stream":"stderr","time":"2020-03-25T06:09:50.948832103Z"}
{"log":"INFO [03-25|06:09:57.669] Imported new chain segment               blocks=1     txs=1     mgas=0.524   elapsed=17.055ms  mgasps=30.730   number=2405659 hash=ec6211…b58527 dirty=687.01MiB\n","stream":"stderr","time":"2020-03-25T06:09:57.669959496Z"}
{"log":"INFO [03-25|06:10:05.944] Imported new chain segment               blocks=1     txs=0     mgas=0.000   elapsed=1.839ms   mgasps=0.000    number=2405660 hash=278b09…b808fe dirty=686.94MiB\n","stream":"stderr","time":"2020-03-25T06:10:05.944768855Z"}
{"log":"INFO [03-25|06:10:06.015] Imported new chain segment               blocks=1     txs=0     mgas=0.000   elapsed=281.955µs mgasps=0.000    number=2405660 hash=674ae5…6162ae dirty=686.94MiB\n","stream":"stderr","time":"2020-03-25T06:10:06.015346125Z"}
{"log":"INFO [03-25|06:10:14.402] Deep froze chain segment                 blocks=4     elapsed=31.353ms  number=2315659 hash=2989e8…b5aa9a\n","stream":"stderr","time":"2020-03-25T06:10:14.402555144Z"}
{"log":"INFO [03-25|06:10:20.152] Imported new chain segment               blocks=1     txs=1     mgas=0.433   elapsed=18.947ms  mgasps=22.865   number=2405661 hash=a76dec…1edbaf dirty=686.86MiB\n","stream":"stderr","time":"2020-03-25T06:10:20.152740294Z"}
{"log":"INFO [03-25|06:10:20.153] Imported new chain segment               blocks=1     txs=0     mgas=0.000   elapsed=400.135µs mgasps=0.000    number=2405661 hash=da9026…958943 dirty=686.86MiB\n","stream":"stderr","time":"2020-03-25T06:10:20.153314957Z"}
{"log":"INFO [03-25|06:10:25.293] Chain reorg detected                     number=2405660 hash=278b09…b808fe drop=1 dropfrom=a76dec…1edbaf add=1 addfrom=4fd1ad…967c27\n","stream":"stderr","time":"2020-03-25T06:10:25.293794791Z"}
{"log":"INFO [03-25|06:10:25.293] Imported new chain segment               blocks=1     txs=1     mgas=0.433   elapsed=16.820ms  mgasps=25.756   number=2405661 hash=4fd1ad…967c27 dirty=686.86MiB\n","stream":"stderr","time":"2020-03-25T06:10:25.293982299Z"}
{"log":"INFO [03-25|06:10:35.908] Imported new chain segment               blocks=1     txs=1     mgas=0.056   elapsed=3.146ms   mgasps=17.710   number=2405662 hash=5083ec…17cd64 dirty=686.84MiB\n","stream":"stderr","time":"2020-03-25T06:10:35.908717961Z"}
{"log":"INFO [03-25|06:10:37.662] Imported new chain segment               blocks=1     txs=4     mgas=3.309   elapsed=21.820ms  mgasps=151.650  number=2405662 hash=acb01b…761d3a dirty=687.11MiB\n","stream":"stderr","time":"2020-03-25T06:10:37.662533457Z"}
{"log":"INFO [03-25|06:10:50.923] Imported new chain segment               blocks=1     txs=5     mgas=3.405   elapsed=19.551ms  mgasps=174.151  number=2405663 hash=1aad7e…73c4ee dirty=687.13MiB\n","stream":"stderr","time":"2020-03-25T06:10:50.923597832Z"}
{"log":"INFO [03-25|06:11:05.881] Imported new chain segment               blocks=1     txs=2     mgas=0.847   elapsed=23.500ms  mgasps=36.058   number=2405664 hash=e2f482…4d15e3 dirty=687.17MiB\n","stream":"stderr","time":"2020-03-25T06:11:05.882174229Z"}
{"log":"INFO [03-25|06:11:14.430] Deep froze chain segment                 blocks=4     elapsed=27.407ms  number=2315663 hash=09d306…f8030d\n","stream":"stderr","time":"2020-03-25T06:11:14.430264396Z"}
{"log":"INFO [03-25|06:11:20.599] Imported new chain segment               blocks=1     txs=0     mgas=0.000   elapsed=1.000ms   mgasps=0.000    number=2405665 hash=763a8b…140c49 dirty=687.13MiB\n","stream":"stderr","time":"2020-03-25T06:11:20.600349771Z"}
{"log":"INFO [03-25|06:11:22.997] Chain reorg detected                     number=2405664 hash=e2f482…4d15e3 drop=1 dropfrom=763a8b…140c49 add=1 addfrom=ead603…314c1d\n","stream":"stderr","time":"2020-03-25T06:11:22.997912582Z"}
{"log":"INFO [03-25|06:11:22.997] Imported new chain segment               blocks=1     txs=0     mgas=0.000   elapsed=576.018µs mgasps=0.000    number=2405665 hash=ead603…314c1d dirty=687.13MiB\n","stream":"stderr","time":"2020-03-25T06:11:22.997951206Z"}
{"log":"INFO [03-25|06:11:28.508] Looking for peers                        peercount=2 tried=17  static=0\n","stream":"stderr","time":"2020-03-25T06:11:28.509013394Z"}
{"log":"INFO [03-25|06:11:35.082] Imported new chain segment               blocks=1     txs=1     mgas=0.433   elapsed=13.272ms  mgasps=32.639   number=2405666 hash=edf1d9…fdc44e dirty=687.15MiB\n","stream":"stderr","time":"2020-03-25T06:11:35.082990631Z"}
{"log":"INFO [03-25|06:11:38.397] Imported new chain segment               blocks=1     txs=0     mgas=0.000   elapsed=346.998µs mgasps=0.000    number=2405666 hash=13ca49…96585a dirty=687.15MiB\n","stream":"stderr","time":"2020-03-25T06:11:38.398027537Z"}
{"log":"INFO [03-25|06:11:50.073] Imported new chain segment               blocks=1     txs=0     mgas=0.000   elapsed=494.584µs mgasps=0.000    number=2405667 hash=47d4a3…11b727 dirty=687.15MiB\n","stream":"stderr","time":"2020-03-25T06:11:50.073372912Z"}
{"log":"INFO [03-25|06:12:05.094] Imported new chain segment               blocks=1     txs=0     mgas=0.000   elapsed=876.554µs mgasps=0.000    number=2405668 hash=c802a2…dd8365 dirty=687.13MiB\n","stream":"stderr","time":"2020-03-25T06:12:05.095007075Z"}
{"log":"INFO [03-25|06:12:14.466] Deep froze chain segment                 blocks=4     elapsed=36.529ms  number=2315667 hash=d3bcb7…99f9b4\n","stream":"stderr","time":"2020-03-25T06:12:14.467130989Z"}
{"log":"INFO [03-25|06:12:22.838] Imported new chain segment               blocks=1     txs=1     mgas=0.433   elapsed=21.964ms  mgasps=19.725   number=2405669 hash=ea3500…168b7b dirty=686.92MiB\n","stream":"stderr","time":"2020-03-25T06:12:22.838739258Z"}
{"log":"INFO [03-25|06:12:23.609] Imported new chain segment               blocks=1     txs=1     mgas=0.433   elapsed=16.871ms  mgasps=25.679   number=2405669 hash=0bade3…3e36f3 dirty=686.92MiB\n","stream":"stderr","time":"2020-03-25T06:12:23.609484848Z"}
{"log":"INFO [03-25|06:12:28.063] Chain reorg detected                     number=2405668 hash=c802a2…dd8365 drop=1 dropfrom=ea3500…168b7b add=1 addfrom=e88d11…cb0d3b\n","stream":"stderr","time":"2020-03-25T06:12:28.063996603Z"}
{"log":"INFO [03-25|06:12:28.064] Imported new chain segment               blocks=1     txs=2     mgas=0.529   elapsed=18.277ms  mgasps=28.951   number=2405669 hash=e88d11…cb0d3b dirty=686.94MiB\n","stream":"stderr","time":"2020-03-25T06:12:28.06427091Z"}
{"log":"INFO [03-25|06:12:36.359] Chain reorg detected                     number=2405668 hash=c802a2…dd8365 drop=1 dropfrom=e88d11…cb0d3b add=2 addfrom=3c98fd…bc0d6a\n","stream":"stderr","time":"2020-03-25T06:12:36.359449822Z"}
{"log":"INFO [03-25|06:12:36.359] Imported new chain segment               blocks=1     txs=1     mgas=0.096   elapsed=3.480ms   mgasps=27.559   number=2405670 hash=3c98fd…bc0d6a dirty=686.88MiB\n","stream":"stderr","time":"2020-03-25T06:12:36.359847934Z"}
{"log":"INFO [03-25|06:12:51.795] Imported new chain segment               blocks=1     txs=0     mgas=0.000   elapsed=1.234ms   mgasps=0.000    number=2405671 hash=15a19a…61f4bf dirty=686.83MiB\n","stream":"stderr","time":"2020-03-25T06:12:51.79572857Z"}
{"log":"INFO [03-25|06:12:53.183] Chain reorg detected                     number=2405670 hash=3c98fd…bc0d6a drop=1 dropfrom=15a19a…61f4bf add=1 addfrom=1844a6…9ea99d\n","stream":"stderr","time":"2020-03-25T06:12:53.183755028Z"}
{"log":"INFO [03-25|06:12:53.183] Imported new chain segment               blocks=1     txs=0     mgas=0.000   elapsed=640.503µs mgasps=0.000    number=2405671 hash=1844a6…9ea99d dirty=686.83MiB\n","stream":"stderr","time":"2020-03-25T06:12:53.184006991Z"}
{"log":"INFO [03-25|06:13:06.078] Chain reorg detected                     number=2405670 hash=3c98fd…bc0d6a drop=1 dropfrom=1844a6…9ea99d add=2 addfrom=807062…32ad93\n","stream":"stderr","time":"2020-03-25T06:13:06.082079556Z"}
{"log":"INFO [03-25|06:13:06.078] Imported new chain segment               blocks=1     txs=0     mgas=0.000   elapsed=733.494µs mgasps=0.000    number=2405672 hash=807062…32ad93 dirty=686.83MiB\n","stream":"stderr","time":"2020-03-25T06:13:06.082124237Z"}
{"log":"INFO [03-25|06:13:06.156] Chain reorg detected                     number=2405671 hash=15a19a…61f4bf drop=1 dropfrom=807062…32ad93 add=1 addfrom=372c14…4a1ada\n","stream":"stderr","time":"2020-03-25T06:13:06.156177176Z"}
{"log":"INFO [03-25|06:13:06.156] Imported new chain segment               blocks=1     txs=1     mgas=0.039   elapsed=1.294ms   mgasps=30.432   number=2405672 hash=372c14…4a1ada dirty=686.83MiB\n","stream":"stderr","time":"2020-03-25T06:13:06.156333707Z"}
{"log":"INFO [03-25|06:13:06.191] Chain reorg detected                     number=2405671 hash=15a19a…61f4bf drop=1 dropfrom=372c14…4a1ada add=1 addfrom=38daa8…3249c7\n","stream":"stderr","time":"2020-03-25T06:13:06.192115233Z"}
{"log":"INFO [03-25|06:13:06.192] Imported new chain segment               blocks=1     txs=0     mgas=0.000   elapsed=555.004µs mgasps=0.000    number=2405672 hash=38daa8…3249c7 dirty=686.83MiB\n","stream":"stderr","time":"2020-03-25T06:13:06.192306301Z"}
{"log":"INFO [03-25|06:13:14.496] Deep froze chain segment                 blocks=4     elapsed=28.821ms  number=2315671 hash=949235…83bdf6\n","stream":"stderr","time":"2020-03-25T06:13:14.496268448Z"}
{"log":"INFO [03-25|06:13:20.533] Imported new chain segment               blocks=1     txs=2     mgas=0.135   elapsed=3.269ms   mgasps=41.380   number=2405673 hash=3d5eb2…bc7e50 dirty=686.83MiB\n","stream":"stderr","time":"2020-03-25T06:13:20.535219231Z"}
{"log":"INFO [03-25|06:13:23.444] Chain reorg detected                     number=2405672 hash=38daa8…3249c7 drop=1 dropfrom=3d5eb2…bc7e50 add=1 addfrom=6c22ea…91baf6\n","stream":"stderr","time":"2020-03-25T06:13:23.444571447Z"}
{"log":"INFO [03-25|06:13:23.444] Imported new chain segment               blocks=1     txs=2     mgas=0.135   elapsed=2.941ms   mgasps=46.003   number=2405673 hash=6c22ea…91baf6 dirty=686.83MiB\n","stream":"stderr","time":"2020-03-25T06:13:23.444869437Z"}
{"log":"INFO [03-25|06:13:35.124] Chain reorg detected                     number=2405672 hash=38daa8…3249c7 drop=1 dropfrom=6c22ea…91baf6 add=2 addfrom=58a3ff…29f557\n","stream":"stderr","time":"2020-03-25T06:13:35.125175909Z"}
{"log":"INFO [03-25|06:13:35.125] Imported new chain segment               blocks=1     txs=0     mgas=0.000   elapsed=1.548ms   mgasps=0.000    number=2405674 hash=58a3ff…29f557 dirty=686.80MiB\n","stream":"stderr","time":"2020-03-25T06:13:35.125549549Z"}
{"log":"INFO [03-25|06:13:36.981] Imported new chain segment               blocks=1     txs=0     mgas=0.000   elapsed=316.533µs mgasps=0.000    number=2405674 hash=04c02a…c80045 dirty=686.80MiB\n","stream":"stderr","time":"2020-03-25T06:13:36.981863243Z"}
{"log":"INFO [03-25|06:13:50.098] Imported new chain segment               blocks=1     txs=1     mgas=0.056   elapsed=2.221ms   mgasps=25.087   number=2405675 hash=18e873…6fc737 dirty=686.79MiB\n","stream":"stderr","time":"2020-03-25T06:13:50.099185315Z"}
{"log":"INFO [03-25|06:13:53.145] Imported new chain segment               blocks=1     txs=0     mgas=0.000   elapsed=352.383µs mgasps=0.000    number=2405675 hash=ee3d7a…b48015 dirty=686.79MiB\n","stream":"stderr","time":"2020-03-25T06:13:53.145986037Z"}
{"log":"INFO [03-25|06:13:53.231] Imported new chain segment               blocks=1     txs=1     mgas=0.056   elapsed=1.038ms   mgasps=53.681   number=2405675 hash=ba5bef…219e1e dirty=686.79MiB\n","stream":"stderr","time":"2020-03-25T06:13:53.231194611Z"}
{"log":"INFO [03-25|06:14:05.169] Imported new chain segment               blocks=1     txs=1     mgas=0.153   elapsed=3.521ms   mgasps=43.535   number=2405676 hash=ff7956…946d7f dirty=686.80MiB\n","stream":"stderr","time":"2020-03-25T06:14:05.16969631Z"}
{"log":"INFO [03-25|06:14:07.934] Imported new chain segment               blocks=1     txs=0     mgas=0.000   elapsed=369.267µs mgasps=0.000    number=2405676 hash=bc34eb…6b1ab0 dirty=686.80MiB\n","stream":"stderr","time":"2020-03-25T06:14:07.935017153Z"}
{"log":"INFO [03-25|06:14:14.526] Deep froze chain segment                 blocks=4     elapsed=30.297ms  number=2315675 hash=f46857…69c485\n","stream":"stderr","time":"2020-03-25T06:14:14.527158315Z"}
{"log":"INFO [03-25|06:14:20.107] Chain reorg detected                     number=2405675 hash=18e873…6fc737 drop=1 dropfrom=ff7956…946d7f add=2 addfrom=7b556c…e7967d\n","stream":"stderr","time":"2020-03-25T06:14:20.108138649Z"}
{"log":"INFO [03-25|06:14:20.108] Imported new chain segment               blocks=1     txs=1     mgas=0.153   elapsed=4.303ms   mgasps=35.622   number=2405677 hash=7b556c…e7967d dirty=686.79MiB\n","stream":"stderr","time":"2020-03-25T06:14:20.108563337Z"}
{"log":"INFO [03-25|06:14:21.950] Imported new chain segment               blocks=1     txs=0     mgas=0.000   elapsed=303.44µs  mgasps=0.000    number=2405677 hash=474c28…735b03 dirty=686.79MiB\n","stream":"stderr","time":"2020-03-25T06:14:21.950370077Z"}
{"log":"INFO [03-25|06:14:35.170] Imported new chain segment               blocks=1     txs=1     mgas=0.487   elapsed=17.324ms  mgasps=28.090   number=2405678 hash=03f21b…321743 dirty=686.81MiB\n","stream":"stderr","time":"2020-03-25T06:14:35.170898446Z"}
{"log":"INFO [03-25|06:14:41.621] Imported new chain segment               blocks=1     txs=1     mgas=0.487   elapsed=17.198ms  mgasps=28.296   number=2405678 hash=1b134e…44cf60 dirty=686.81MiB\n","stream":"stderr","time":"2020-03-25T06:14:41.621226999Z"}
{"log":"INFO [03-25|06:14:52.441] Imported new chain segment               blocks=1     txs=0     mgas=0.000   elapsed=476.635µs mgasps=0.000    number=2405679 hash=fec5e4…2c6c37 dirty=686.81MiB\n","stream":"stderr","time":"2020-03-25T06:14:52.441671497Z"}
{"log":"INFO [03-25|06:15:05.252] Imported new chain segment               blocks=1     txs=0     mgas=0.000   elapsed=526.831µs mgasps=0.000    number=2405680 hash=a4c778…cd9331 dirty=686.81MiB\n","stream":"stderr","time":"2020-03-25T06:15:05.252244942Z"}
{"log":"INFO [03-25|06:15:14.558] Deep froze chain segment                 blocks=4     elapsed=31.021ms  number=2315679 hash=70d90d…42f5d3\n","stream":"stderr","time":"2020-03-25T06:15:14.558452807Z"}
{"log":"INFO [03-25|06:15:20.720] Imported new chain segment               blocks=1     txs=2     mgas=3.496   elapsed=64.591ms  mgasps=54.121   number=2405681 hash=7760c8…61e50b dirty=687.01MiB\n","stream":"stderr","time":"2020-03-25T06:15:20.721159011Z"}
{"log":"INFO [03-25|06:15:21.043] Imported new chain segment               blocks=1     txs=1     mgas=0.433   elapsed=16.759ms  mgasps=25.851   number=2405681 hash=ada9ac…fff298 dirty=687.01MiB\n","stream":"stderr","time":"2020-03-25T06:15:21.0441322Z"}
{"log":"INFO [03-25|06:15:21.145] Imported new chain segment               blocks=1     txs=2     mgas=4.242   elapsed=25.769ms  mgasps=164.611  number=2405681 hash=9eb486…eb378e dirty=687.43MiB\n","stream":"stderr","time":"2020-03-25T06:15:21.145605238Z"}
{"log":"INFO [03-25|06:15:26.136] Chain reorg detected                     number=2405680 hash=a4c778…cd9331 drop=1 dropfrom=7760c8…61e50b add=1 addfrom=3c635a…d9dc9a\n","stream":"stderr","time":"2020-03-25T06:15:26.136641929Z"}
{"log":"INFO [03-25|06:15:26.136] Imported new chain segment               blocks=1     txs=2     mgas=3.496   elapsed=58.486ms  mgasps=59.770   number=2405681 hash=3c635a…d9dc9a dirty=687.44MiB\n","stream":"stderr","time":"2020-03-25T06:15:26.136856038Z"}
{"log":"INFO [03-25|06:15:36.235] Imported new chain segment               blocks=1     txs=1     mgas=3.809   elapsed=19.694ms  mgasps=193.387  number=2405682 hash=a08347…2b5881 dirty=687.43MiB\n","stream":"stderr","time":"2020-03-25T06:15:36.235876136Z"}
{"log":"INFO [03-25|06:15:37.184] Imported new chain segment               blocks=1     txs=1     mgas=3.809   elapsed=15.477ms  mgasps=246.081  number=2405682 hash=3ba951…c90e6d dirty=687.43MiB\n","stream":"stderr","time":"2020-03-25T06:15:37.185015218Z"}
{"log":"INFO [03-25|06:15:37.422] Imported new chain segment               blocks=1     txs=1     mgas=3.809   elapsed=19.371ms  mgasps=196.609  number=2405682 hash=84c7c8…5d9dda dirty=687.43MiB\n","stream":"stderr","time":"2020-03-25T06:15:37.422748212Z"}
{"log":"INFO [03-25|06:15:37.507] Imported new chain segment               blocks=1     txs=3     mgas=4.941   elapsed=19.807ms  mgasps=249.475  number=2405682 hash=a2b2d9…f8fbd7 dirty=687.52MiB\n","stream":"stderr","time":"2020-03-25T06:15:37.507865473Z"}
{"log":"INFO [03-25|06:15:50.298] Imported new chain segment               blocks=1     txs=6     mgas=2.171   elapsed=27.327ms  mgasps=79.432   number=2405683 hash=102631…cd41b4 dirty=687.55MiB\n","stream":"stderr","time":"2020-03-25T06:15:50.298919952Z"}
{"log":"INFO [03-25|06:15:50.945] Chain reorg detected                     number=2405682 hash=a08347…2b5881 drop=1 dropfrom=102631…cd41b4 add=1 addfrom=fce7ef…185142\n","stream":"stderr","time":"2020-03-25T06:15:50.945549844Z"}
{"log":"INFO [03-25|06:15:50.945] Imported new chain segment               blocks=1     txs=5     mgas=1.737   elapsed=27.297ms  mgasps=63.647   number=2405683 hash=fce7ef…185142 dirty=687.55MiB\n","stream":"stderr","time":"2020-03-25T06:15:50.945839977Z"}
{"log":"INFO [03-25|06:15:51.210] Imported new chain segment               blocks=1     txs=6     mgas=5.546   elapsed=44.293ms  mgasps=125.214  number=2405682 hash=104297…7a1438 dirty=687.55MiB\n","stream":"stderr","time":"2020-03-25T06:15:51.210900992Z"}
{"log":"INFO [03-25|06:15:53.417] Imported new chain segment               blocks=1     txs=5     mgas=1.737   elapsed=15.459ms  mgasps=112.387  number=2405683 hash=54d220…f296ec dirty=687.56MiB\n","stream":"stderr","time":"2020-03-25T06:15:53.417319773Z"}
{"log":"INFO [03-25|06:16:06.087] Chain reorg detected                     number=2405682 hash=a08347…2b5881 drop=1 dropfrom=fce7ef…185142 add=2 addfrom=37b66f…6a2bfa\n","stream":"stderr","time":"2020-03-25T06:16:06.087673179Z"}
{"log":"INFO [03-25|06:16:06.088] Imported new chain segment               blocks=1     txs=0     mgas=0.000   elapsed=1.836ms   mgasps=0.000    number=2405684 hash=37b66f…6a2bfa dirty=687.53MiB\n","stream":"stderr","time":"2020-03-25T06:16:06.088468947Z"}
{"log":"INFO [03-25|06:16:06.166] Imported new chain segment               blocks=1     txs=1     mgas=0.433   elapsed=10.183ms  mgasps=42.545   number=2405684 hash=d9f15d…025971 dirty=687.54MiB\n","stream":"stderr","time":"2020-03-25T06:16:06.166867374Z"}
{"log":"INFO [03-25|06:16:08.530] Chain reorg detected                     number=2405683 hash=102631…cd41b4 drop=1 dropfrom=37b66f…6a2bfa add=1 addfrom=cb19a3…ae79f0\n","stream":"stderr","time":"2020-03-25T06:16:08.530786263Z"}
{"log":"INFO [03-25|06:16:08.530] Imported new chain segment               blocks=1     txs=0     mgas=0.000   elapsed=701.697µs mgasps=0.000    number=2405684 hash=cb19a3…ae79f0 dirty=687.54MiB\n","stream":"stderr","time":"2020-03-25T06:16:08.531046262Z"}
{"log":"INFO [03-25|06:16:14.596] Deep froze chain segment                 blocks=4     elapsed=38.047ms  number=2315683 hash=12b588…9b87f3\n","stream":"stderr","time":"2020-03-25T06:16:14.596799031Z"}
{"log":"INFO [03-25|06:16:20.077] Chain reorg detected                     number=2405683 hash=102631…cd41b4 drop=1 dropfrom=cb19a3…ae79f0 add=2 addfrom=32a09b…d06495\n","stream":"stderr","time":"2020-03-25T06:16:20.077331419Z"}
{"log":"INFO [03-25|06:16:20.077] Imported new chain segment               blocks=1     txs=1     mgas=0.433   elapsed=14.532ms  mgasps=29.812   number=2405685 hash=32a09b…d06495 dirty=687.55MiB\n","stream":"stderr","time":"2020-03-25T06:16:20.077704367Z"}
{"log":"INFO [03-25|06:16:21.458] Imported new chain segment               blocks=1     txs=0     mgas=0.000   elapsed=842.469µs mgasps=0.000    number=2405685 hash=4cffc4…efe0c7 dirty=687.55MiB\n","stream":"stderr","time":"2020-03-25T06:16:21.458522703Z"}
{"log":"INFO [03-25|06:16:35.515] Imported new chain segment               blocks=1     txs=1     mgas=0.096   elapsed=3.042ms   mgasps=31.522   number=2405686 hash=571412…aaa78b dirty=687.55MiB\n","stream":"stderr","time":"2020-03-25T06:16:35.515436142Z"}
{"log":"INFO [03-25|06:16:35.525] Chain reorg detected                     number=2405685 hash=32a09b…d06495 drop=1 dropfrom=571412…aaa78b add=1 addfrom=89a2ed…343a21\n","stream":"stderr","time":"2020-03-25T06:16:35.525958549Z"}
{"log":"INFO [03-25|06:16:35.526] Imported new chain segment               blocks=1     txs=1     mgas=0.096   elapsed=2.294ms   mgasps=41.793   number=2405686 hash=89a2ed…343a21 dirty=687.55MiB\n","stream":"stderr","time":"2020-03-25T06:16:35.526237714Z"}
{"log":"INFO [03-25|06:16:38.865] Imported new chain segment               blocks=1     txs=0     mgas=0.000   elapsed=377.019µs mgasps=0.000    number=2405686 hash=738f3d…b67927 dirty=687.55MiB\n","stream":"stderr","time":"2020-03-25T06:16:38.865495403Z"}
{"log":"INFO [03-25|06:16:51.084] Chain reorg detected                     number=2405685 hash=32a09b…d06495 drop=1 dropfrom=89a2ed…343a21 add=2 addfrom=20037c…86cfb6\n","stream":"stderr","time":"2020-03-25T06:16:51.08526671Z"}
{"log":"INFO [03-25|06:16:51.085] Imported new chain segment               blocks=1     txs=1     mgas=0.096   elapsed=3.846ms   mgasps=24.936   number=2405687 hash=20037c…86cfb6 dirty=687.54MiB\n","stream":"stderr","time":"2020-03-25T06:16:51.085743699Z"}
{"log":"INFO [03-25|06:16:52.842] Chain reorg detected                     number=2405685 hash=32a09b…d06495 drop=2 dropfrom=20037c…86cfb6 add=2 addfrom=1de2e5…9d1bf4\n","stream":"stderr","time":"2020-03-25T06:16:52.842409938Z"}
{"log":"INFO [03-25|06:16:52.842] Imported new chain segment               blocks=1     txs=0     mgas=0.000   elapsed=1.008ms   mgasps=0.000    number=2405687 hash=1de2e5…9d1bf4 dirty=687.54MiB\n","stream":"stderr","time":"2020-03-25T06:16:52.844857204Z"}
{"log":"INFO [03-25|06:17:05.194] Chain reorg detected                     number=2405685 hash=32a09b…d06495 drop=2 dropfrom=1de2e5…9d1bf4 add=3 addfrom=3c8b24…28cd62\n","stream":"stderr","time":"2020-03-25T06:17:05.195120642Z"}
{"log":"INFO [03-25|06:17:05.195] Imported new chain segment               blocks=1     txs=3     mgas=0.218   elapsed=6.379ms   mgasps=34.127   number=2405688 hash=3c8b24…28cd62 dirty=687.56MiB\n","stream":"stderr","time":"2020-03-25T06:17:05.198835417Z"}
{"log":"INFO [03-25|06:17:14.679] Deep froze chain segment                 blocks=4     elapsed=81.583ms  number=2315687 hash=1ea351…a94789\n","stream":"stderr","time":"2020-03-25T06:17:14.68008995Z"}
{"log":"INFO [03-25|06:17:20.893] Imported new chain segment               blocks=1     txs=1     mgas=0.433   elapsed=18.445ms  mgasps=23.488   number=2405689 hash=0db5ce…43de7a dirty=687.17MiB\n","stream":"stderr","time":"2020-03-25T06:17:20.893148852Z"}
{"log":"INFO [03-25|06:17:27.660] Chain reorg detected                     number=2405688 hash=3c8b24…28cd62 drop=1 dropfrom=0db5ce…43de7a add=1 addfrom=67d339…4e9643\n","stream":"stderr","time":"2020-03-25T06:17:27.660396902Z"}
{"log":"INFO [03-25|06:17:27.660] Imported new chain segment               blocks=1     txs=1     mgas=0.433   elapsed=15.408ms  mgasps=28.118   number=2405689 hash=67d339…4e9643 dirty=687.17MiB\n","stream":"stderr","time":"2020-03-25T06:17:27.660694874Z"}
{"log":"INFO [03-25|06:17:35.407] Chain reorg detected                     number=2405688 hash=3c8b24…28cd62 drop=1 dropfrom=67d339…4e9643 add=2 addfrom=0688ff…422e06\n","stream":"stderr","time":"2020-03-25T06:17:35.407329547Z"}
{"log":"INFO [03-25|06:17:35.407] Imported new chain segment               blocks=1     txs=0     mgas=0.000   elapsed=2.731ms   mgasps=0.000    number=2405690 hash=0688ff…422e06 dirty=687.07MiB\n","stream":"stderr","time":"2020-03-25T06:17:35.40769616Z"}
{"log":"INFO [03-25|06:17:50.527] Imported new chain segment               blocks=1     txs=4     mgas=0.896   elapsed=23.999ms  mgasps=37.346   number=2405691 hash=bc8e46…33de2c dirty=687.08MiB\n","stream":"stderr","time":"2020-03-25T06:17:50.527913144Z"}
{"log":"INFO [03-25|06:17:50.533] Imported new chain segment               blocks=1     txs=2     mgas=0.160   elapsed=5.322ms   mgasps=30.011   number=2405691 hash=97142c…05374d dirty=687.09MiB\n","stream":"stderr","time":"2020-03-25T06:17:50.533489018Z"}
{"log":"INFO [03-25|06:18:05.128] Imported new chain segment               blocks=1     txs=0     mgas=0.000   elapsed=651.515µs mgasps=0.000    number=2405692 hash=90ba7e…550ad3 dirty=687.09MiB\n","stream":"stderr","time":"2020-03-25T06:18:05.129362304Z"}
{"log":"INFO [03-25|06:18:06.062] Imported new chain segment               blocks=1     txs=5     mgas=1.986   elapsed=16.904ms  mgasps=117.486  number=2405692 hash=92dd1a…b0faae dirty=687.21MiB\n","stream":"stderr","time":"2020-03-25T06:18:06.06230697Z"}
{"log":"INFO [03-25|06:18:14.703] Deep froze chain segment                 blocks=4     elapsed=23.337ms  number=2315691 hash=e2ef10…1b80e5\n","stream":"stderr","time":"2020-03-25T06:18:14.703562863Z"}
{"log":"INFO [03-25|06:18:20.135] Imported new chain segment               blocks=1     txs=5     mgas=1.986   elapsed=17.977ms  mgasps=110.473  number=2405693 hash=3f5a51…211d27 dirty=687.18MiB\n","stream":"stderr","time":"2020-03-25T06:18:20.135527112Z"}
{"log":"INFO [03-25|06:18:21.269] Chain reorg detected                     number=2405692 hash=90ba7e…550ad3 drop=1 dropfrom=3f5a51…211d27 add=1 addfrom=5edcd5…869cb0\n","stream":"stderr","time":"2020-03-25T06:18:21.270076583Z"}
{"log":"INFO [03-25|06:18:21.270] Imported new chain segment               blocks=1     txs=5     mgas=1.986   elapsed=26.001ms  mgasps=76.383   number=2405693 hash=5edcd5…869cb0 dirty=687.18MiB\n","stream":"stderr","time":"2020-03-25T06:18:21.271289602Z"}
{"log":"INFO [03-25|06:18:22.476] Chain reorg detected                     number=2405692 hash=90ba7e…550ad3 drop=1 dropfrom=5edcd5…869cb0 add=1 addfrom=065ddb…69f8c5\n","stream":"stderr","time":"2020-03-25T06:18:22.477055493Z"}
{"log":"INFO [03-25|06:18:22.477] Imported new chain segment               blocks=1     txs=5     mgas=1.986   elapsed=15.343ms  mgasps=129.442  number=2405693 hash=065ddb…69f8c5 dirty=687.19MiB\n","stream":"stderr","time":"2020-03-25T06:18:22.477315101Z"}
{"log":"INFO [03-25|06:18:35.119] Chain reorg detected                     number=2405692 hash=90ba7e…550ad3 drop=1 dropfrom=065ddb…69f8c5 add=2 addfrom=38a821…5378c6\n","stream":"stderr","time":"2020-03-25T06:18:35.120091127Z"}
{"log":"INFO [03-25|06:18:35.120] Imported new chain segment               blocks=1     txs=0     mgas=0.000   elapsed=1.505ms   mgasps=0.000    number=2405694 hash=38a821…5378c6 dirty=687.17MiB\n","stream":"stderr","time":"2020-03-25T06:18:35.120697602Z"}
{"log":"INFO [03-25|06:18:37.952] Imported new chain segment               blocks=1     txs=0     mgas=0.000   elapsed=377.871µs mgasps=0.000    number=2405694 hash=47ca88…a8443e dirty=687.17MiB\n","stream":"stderr","time":"2020-03-25T06:18:37.952710814Z"}
{"log":"INFO [03-25|06:18:50.366] Imported new chain segment               blocks=1     txs=1     mgas=0.126   elapsed=6.386ms   mgasps=19.734   number=2405695 hash=e26059…d9a6f7 dirty=687.19MiB\n","stream":"stderr","time":"2020-03-25T06:18:50.366672257Z"}
{"log":"INFO [03-25|06:18:52.338] Imported new chain segment               blocks=1     txs=0     mgas=0.000   elapsed=388.98µs  mgasps=0.000    number=2405695 hash=2d4f30…1c806c dirty=687.19MiB\n","stream":"stderr","time":"2020-03-25T06:18:52.338685262Z"}
{"log":"INFO [03-25|06:19:05.164] Imported new chain segment               blocks=1     txs=0     mgas=0.000   elapsed=654.382µs mgasps=0.000    number=2405696 hash=d51009…d553f5 dirty=687.17MiB\n","stream":"stderr","time":"2020-03-25T06:19:05.164975146Z"}
{"log":"INFO [03-25|06:19:05.638] Chain reorg detected                     number=2405695 hash=e26059…d9a6f7 drop=1 dropfrom=d51009…d553f5 add=1 addfrom=c151b4…d26f84\n","stream":"stderr","time":"2020-03-25T06:19:05.639226085Z"}
{"log":"INFO [03-25|06:19:05.639] Imported new chain segment               blocks=1     txs=1     mgas=0.000   elapsed=956.698µs mgasps=0.000    number=2405696 hash=c151b4…d26f84 dirty=687.17MiB  ignored=1\n","stream":"stderr","time":"2020-03-25T06:19:05.639376855Z"}
{"log":"INFO [03-25|06:19:06.874] Imported new chain segment               blocks=1     txs=0     mgas=0.000   elapsed=323.473µs mgasps=0.000    number=2405696 hash=281c8d…9d92db dirty=687.17MiB\n","stream":"stderr","time":"2020-03-25T06:19:06.874448199Z"}
{"log":"INFO [03-25|06:19:14.726] Deep froze chain segment                 blocks=4     elapsed=23.286ms  number=2315695 hash=b01fce…a6dbd7\n","stream":"stderr","time":"2020-03-25T06:19:14.727226917Z"}
{"log":"INFO [03-25|06:19:20.473] Imported new chain segment               blocks=1     txs=2     mgas=0.207   elapsed=5.148ms   mgasps=40.196   number=2405697 hash=3b0d4a…327c7b dirty=687.19MiB\n","stream":"stderr","time":"2020-03-25T06:19:20.473662704Z"}
{"log":"INFO [03-25|06:19:21.736] Chain reorg detected                     number=2405696 hash=c151b4…d26f84 drop=1 dropfrom=3b0d4a…327c7b add=1 addfrom=aaf8a1…869672\n","stream":"stderr","time":"2020-03-25T06:19:21.736709768Z"}
{"log":"INFO [03-25|06:19:21.736] Imported new chain segment               blocks=1     txs=0     mgas=0.000   elapsed=792.79µs  mgasps=0.000    number=2405697 hash=aaf8a1…869672 dirty=687.19MiB\n","stream":"stderr","time":"2020-03-25T06:19:21.737011604Z"}
{"log":"INFO [03-25|06:19:35.211] Imported new chain segment               blocks=1     txs=3     mgas=0.694   elapsed=21.252ms  mgasps=32.635   number=2405698 hash=b771de…1c674d dirty=687.17MiB\n","stream":"stderr","time":"2020-03-25T06:19:35.211735887Z"}
{"log":"INFO [03-25|06:19:35.295] Imported new chain segment               blocks=1     txs=3     mgas=0.694   elapsed=11.859ms  mgasps=58.484   number=2405698 hash=21a520…298f12 dirty=687.17MiB\n","stream":"stderr","time":"2020-03-25T06:19:35.295643544Z"}
{"log":"INFO [03-25|06:19:38.511] Imported new chain segment               blocks=1     txs=0     mgas=0.000   elapsed=504.829µs mgasps=0.000    number=2405698 hash=2db03f…9f9180 dirty=687.17MiB\n","stream":"stderr","time":"2020-03-25T06:19:38.511288907Z"}
{"log":"INFO [03-25|06:19:41.389] Imported new chain segment               blocks=1     txs=1     mgas=0.487   elapsed=14.625ms  mgasps=33.273   number=2405698 hash=0b889f…b3ad8b dirty=687.17MiB\n","stream":"stderr","time":"2020-03-25T06:19:41.38937957Z"}
{"log":"INFO [03-25|06:19:50.758] Imported new chain segment               blocks=1     txs=0     mgas=0.000   elapsed=2.487ms   mgasps=0.000    number=2405699 hash=432e13…00ee0a dirty=687.05MiB\n","stream":"stderr","time":"2020-03-25T06:19:50.758843448Z"}
{"log":"INFO [03-25|06:20:05.181] Imported new chain segment               blocks=1     txs=0     mgas=0.000   elapsed=676.427µs mgasps=0.000    number=2405700 hash=755b0a…86a268 dirty=687.05MiB\n","stream":"stderr","time":"2020-03-25T06:20:05.18135014Z"}
{"log":"INFO [03-25|06:20:05.190] Chain reorg detected                     number=2405699 hash=432e13…00ee0a drop=1 dropfrom=755b0a…86a268 add=1 addfrom=5834e3…88c081\n","stream":"stderr","time":"2020-03-25T06:20:05.190909012Z"}
{"log":"INFO [03-25|06:20:05.191] Imported new chain segment               blocks=1     txs=0     mgas=0.000   elapsed=707.541µs mgasps=0.000    number=2405700 hash=5834e3…88c081 dirty=687.05MiB\n","stream":"stderr","time":"2020-03-25T06:20:05.191151257Z"}
{"log":"INFO [03-25|06:20:14.748] Deep froze chain segment                 blocks=4     elapsed=21.104ms  number=2315699 hash=b3f67c…3f1d60\n","stream":"stderr","time":"2020-03-25T06:20:14.748917754Z"}
{"log":"INFO [03-25|06:20:20.116] Imported new chain segment               blocks=1     txs=2     mgas=0.489   elapsed=13.766ms  mgasps=35.519   number=2405701 hash=5ec353…e5ee96 dirty=687.08MiB\n","stream":"stderr","time":"2020-03-25T06:20:20.116548803Z"}
{"log":"INFO [03-25|06:20:20.779] Chain reorg detected                     number=2405700 hash=5834e3…88c081 drop=1 dropfrom=5ec353…e5ee96 add=1 addfrom=5e419a…bfa9ca\n","stream":"stderr","time":"2020-03-25T06:20:20.779852931Z"}
{"log":"INFO [03-25|06:20:20.779] Imported new chain segment               blocks=1     txs=1     mgas=0.433   elapsed=16.348ms  mgasps=26.500   number=2405701 hash=5e419a…bfa9ca dirty=687.08MiB\n","stream":"stderr","time":"2020-03-25T06:20:20.780140042Z"}
{"log":"INFO [03-25|06:20:22.125] Imported new chain segment               blocks=1     txs=2     mgas=0.489   elapsed=13.677ms  mgasps=35.748   number=2405701 hash=fc3ffd…12e2e4 dirty=687.08MiB\n","stream":"stderr","time":"2020-03-25T06:20:22.125457811Z"}
{"log":"INFO [03-25|06:20:22.136] Imported new chain segment               blocks=1     txs=1     mgas=0.433   elapsed=10.957ms  mgasps=39.536   number=2405701 hash=a5ea8a…7b956d dirty=687.09MiB\n","stream":"stderr","time":"2020-03-25T06:20:22.136507219Z"}
{"log":"INFO [03-25|06:20:25.274] Chain reorg detected                     number=2405700 hash=5834e3…88c081 drop=1 dropfrom=5e419a…bfa9ca add=1 addfrom=e3ad9c…4a3102\n","stream":"stderr","time":"2020-03-25T06:20:25.274912241Z"}
{"log":"INFO [03-25|06:20:25.274] Imported new chain segment               blocks=1     txs=2     mgas=0.489   elapsed=11.678ms  mgasps=41.869   number=2405701 hash=e3ad9c…4a3102 dirty=687.09MiB\n","stream":"stderr","time":"2020-03-25T06:20:25.27505518Z"}
{"log":"INFO [03-25|06:20:35.336] Imported new chain segment               blocks=1     txs=1     mgas=1.181   elapsed=9.386ms   mgasps=125.847  number=2405702 hash=c6bb24…e85da1 dirty=687.21MiB\n","stream":"stderr","time":"2020-03-25T06:20:35.33622015Z"}
{"log":"INFO [03-25|06:20:35.759] Imported new chain segment               blocks=1     txs=4     mgas=3.258   elapsed=14.941ms  mgasps=218.064  number=2405702 hash=db7020…a20268 dirty=687.40MiB\n","stream":"stderr","time":"2020-03-25T06:20:35.759658502Z"}
{"log":"INFO [03-25|06:20:35.823] Imported new chain segment               blocks=1     txs=4     mgas=3.620   elapsed=11.806ms  mgasps=306.575  number=2405702 hash=2b7748…228835 dirty=687.43MiB\n","stream":"stderr","time":"2020-03-25T06:20:35.824121082Z"}
{"log":"INFO [03-25|06:20:36.388] Imported new chain segment               blocks=1     txs=4     mgas=3.258   elapsed=18.736ms  mgasps=173.895  number=2405702 hash=3345e9…85c5c9 dirty=687.43MiB\n","stream":"stderr","time":"2020-03-25T06:20:36.388880185Z"}
{"log":"INFO [03-25|06:20:50.120] Imported new chain segment               blocks=1     txs=4     mgas=2.823   elapsed=18.611ms  mgasps=151.672  number=2405703 hash=57d537…2fbb7a dirty=687.45MiB\n","stream":"stderr","time":"2020-03-25T06:20:50.121130073Z"}
{"log":"INFO [03-25|06:20:50.860] Imported new chain segment               blocks=1     txs=4     mgas=2.848   elapsed=16.787ms  mgasps=169.667  number=2405703 hash=7d7106…10d817 dirty=687.46MiB\n","stream":"stderr","time":"2020-03-25T06:20:50.860771965Z"}
{"log":"INFO [03-25|06:20:51.953] Chain reorg detected                     number=2405702 hash=c6bb24…e85da1 drop=1 dropfrom=57d537…2fbb7a add=1 addfrom=520d64…9efdc5\n","stream":"stderr","time":"2020-03-25T06:20:51.955978252Z"}
{"log":"INFO [03-25|06:20:51.953] Imported new chain segment               blocks=1     txs=4     mgas=2.848   elapsed=23.508ms  mgasps=121.159  number=2405703 hash=520d64…9efdc5 dirty=687.46MiB\n","stream":"stderr","time":"2020-03-25T06:20:51.956021586Z"}
{"log":"INFO [03-25|06:21:05.830] Chain reorg detected                     number=2405702 hash=c6bb24…e85da1 drop=1 dropfrom=520d64…9efdc5 add=2 addfrom=5c5db3…a14765\n","stream":"stderr","time":"2020-03-25T06:21:05.830337956Z"}
{"log":"INFO [03-25|06:21:05.830] Imported new chain segment               blocks=1     txs=1     mgas=0.433   elapsed=17.374ms  mgasps=24.935   number=2405704 hash=5c5db3…a14765 dirty=687.48MiB\n","stream":"stderr","time":"2020-03-25T06:21:05.831044098Z"}
{"log":"INFO [03-25|06:21:06.233] Imported new chain segment               blocks=1     txs=2     mgas=0.529   elapsed=21.042ms  mgasps=25.147   number=2405704 hash=eec36a…82cd63 dirty=687.50MiB\n","stream":"stderr","time":"2020-03-25T06:21:06.233460657Z"}
{"log":"INFO [03-25|06:21:06.770] Chain reorg detected                     number=2405702 hash=c6bb24…e85da1 drop=2 dropfrom=5c5db3…a14765 add=2 addfrom=7393ad…bbb81a\n","stream":"stderr","time":"2020-03-25T06:21:06.770621932Z"}
{"log":"INFO [03-25|06:21:06.770] Imported new chain segment               blocks=1     txs=1     mgas=0.433   elapsed=17.264ms  mgasps=25.094   number=2405704 hash=7393ad…bbb81a dirty=687.50MiB\n","stream":"stderr","time":"2020-03-25T06:21:06.771089453Z"}
{"log":"INFO [03-25|06:21:07.932] Imported new chain segment               blocks=1     txs=1     mgas=0.433   elapsed=13.713ms  mgasps=31.591   number=2405704 hash=664aad…37c69c dirty=687.50MiB\n","stream":"stderr","time":"2020-03-25T06:21:07.932409435Z"}
{"log":"INFO [03-25|06:21:14.778] Deep froze chain segment                 blocks=4     elapsed=29.443ms  number=2315703 hash=5e8df4…e4effc\n","stream":"stderr","time":"2020-03-25T06:21:14.778410973Z"}
{"log":"INFO [03-25|06:21:20.775] Chain reorg detected                     number=2405702 hash=c6bb24…e85da1 drop=2 dropfrom=7393ad…bbb81a add=3 addfrom=9efc8c…5a6b61\n","stream":"stderr","time":"2020-03-25T06:21:20.77523973Z"}
{"log":"INFO [03-25|06:21:20.775] Imported new chain segment               blocks=1     txs=1     mgas=0.096   elapsed=3.541ms   mgasps=27.082   number=2405705 hash=9efc8c…5a6b61 dirty=687.49MiB\n","stream":"stderr","time":"2020-03-25T06:21:20.776006236Z"}
{"log":"INFO [03-25|06:21:20.993] Imported new chain segment               blocks=1     txs=1     mgas=0.096   elapsed=1.985ms   mgasps=48.298   number=2405705 hash=478603…f6fe84 dirty=687.49MiB\n","stream":"stderr","time":"2020-03-25T06:21:20.993842802Z"}
{"log":"INFO [03-25|06:21:36.594] Chain reorg detected                     number=2405704 hash=5c5db3…a14765 drop=1 dropfrom=9efc8c…5a6b61 add=2 addfrom=bdffd5…f9a0ac\n","stream":"stderr","time":"2020-03-25T06:21:36.594952211Z"}
{"log":"INFO [03-25|06:21:36.595] Imported new chain segment               blocks=1     txs=1     mgas=0.433   elapsed=13.957ms  mgasps=31.039   number=2405706 hash=bdffd5…f9a0ac dirty=687.49MiB\n","stream":"stderr","time":"2020-03-25T06:21:36.595233015Z"}
{"log":"INFO [03-25|06:21:38.396] Imported new chain segment               blocks=1     txs=0     mgas=0.000   elapsed=408.418µs mgasps=0.000    number=2405706 hash=1f9764…fa6768 dirty=687.49MiB\n","stream":"stderr","time":"2020-03-25T06:21:38.396877563Z"}
{"log":"INFO [03-25|06:21:50.096] Chain reorg detected                     number=2405704 hash=5c5db3…a14765 drop=2 dropfrom=bdffd5…f9a0ac add=3 addfrom=babde4…680a38\n","stream":"stderr","time":"2020-03-25T06:21:50.096723789Z"}
{"log":"INFO [03-25|06:21:50.097] Imported new chain segment               blocks=1     txs=1     mgas=0.433   elapsed=17.171ms  mgasps=25.230   number=2405707 hash=babde4…680a38 dirty=687.49MiB\n","stream":"stderr","time":"2020-03-25T06:21:50.097191867Z"}
{"log":"INFO [03-25|06:21:53.414] Imported new chain segment               blocks=1     txs=0     mgas=0.000   elapsed=339.901µs mgasps=0.000    number=2405707 hash=f54195…586007 dirty=687.49MiB\n","stream":"stderr","time":"2020-03-25T06:21:53.415410027Z"}
{"log":"INFO [03-25|06:22:07.265] Imported new chain segment               blocks=1     txs=2     mgas=0.544   elapsed=18.682ms  mgasps=29.132   number=2405708 hash=2b85e3…1cb37e dirty=687.47MiB\n","stream":"stderr","time":"2020-03-25T06:22:07.266106996Z"}
{"log":"INFO [03-25|06:22:12.399] Imported new chain segment               blocks=1     txs=2     mgas=0.544   elapsed=18.909ms  mgasps=28.782   number=2405708 hash=f9fe39…de5ddd dirty=687.47MiB\n","stream":"stderr","time":"2020-03-25T06:22:12.39962171Z"}
{"log":"INFO [03-25|06:22:14.805] Deep froze chain segment                 blocks=4     elapsed=26.573ms  number=2315707 hash=790150…ac6836\n","stream":"stderr","time":"2020-03-25T06:22:14.805261439Z"}
{"log":"INFO [03-25|06:22:20.409] Imported new chain segment               blocks=1     txs=0     mgas=0.000   elapsed=916.18µs  mgasps=0.000    number=2405709 hash=0efc48…38ef92 dirty=687.47MiB\n","stream":"stderr","time":"2020-03-25T06:22:20.410059958Z"}
{"log":"INFO [03-25|06:22:36.432] Imported new chain segment               blocks=1     txs=1     mgas=0.096   elapsed=9.938ms   mgasps=9.650    number=2405710 hash=48d3f9…d92288 dirty=687.19MiB\n","stream":"stderr","time":"2020-03-25T06:22:36.432981288Z"}
{"log":"INFO [03-25|06:22:36.986] Imported new chain segment               blocks=1     txs=1     mgas=0.096   elapsed=2.445ms   mgasps=39.225   number=2405710 hash=d8311c…16ca31 dirty=687.19MiB\n","stream":"stderr","time":"2020-03-25T06:22:36.986818207Z"}
{"log":"INFO [03-25|06:22:50.608] Imported new chain segment               blocks=1     txs=3     mgas=3.562   elapsed=68.416ms  mgasps=52.062   number=2405711 hash=bf5baf…8f47d0 dirty=687.40MiB\n","stream":"stderr","time":"2020-03-25T06:22:50.608225023Z"}
{"log":"INFO [03-25|06:22:51.060] Chain reorg detected                     number=2405710 hash=48d3f9…d92288 drop=1 dropfrom=bf5baf…8f47d0 add=1 addfrom=bdd17c…f2b81d\n","stream":"stderr","time":"2020-03-25T06:22:51.06114917Z"}
{"log":"INFO [03-25|06:22:51.061] Imported new chain segment               blocks=1     txs=3     mgas=3.562   elapsed=67.240ms  mgasps=52.973   number=2405711 hash=bdd17c…f2b81d dirty=687.40MiB\n","stream":"stderr","time":"2020-03-25T06:22:51.061414264Z"}
{"log":"INFO [03-25|06:22:56.338] Chain reorg detected                     number=2405710 hash=48d3f9…d92288 drop=1 dropfrom=bdd17c…f2b81d add=1 addfrom=ccf530…ed924a\n","stream":"stderr","time":"2020-03-25T06:22:56.338577211Z"}
{"log":"INFO [03-25|06:22:56.338] Imported new chain segment               blocks=1     txs=3     mgas=3.562   elapsed=62.380ms  mgasps=57.100   number=2405711 hash=ccf530…ed924a dirty=687.41MiB\n","stream":"stderr","time":"2020-03-25T06:22:56.338789589Z"}
{"log":"INFO [03-25|06:23:05.329] Imported new chain segment               blocks=1     txs=0     mgas=0.000   elapsed=1.120ms   mgasps=0.000    number=2405712 hash=095e2e…1a04bf dirty=687.37MiB\n","stream":"stderr","time":"2020-03-25T06:23:05.329315624Z"}
{"log":"INFO [03-25|06:23:06.272] Imported new chain segment               blocks=1     txs=0     mgas=0.000   elapsed=445.878µs mgasps=0.000    number=2405712 hash=212392…27dc48 dirty=687.37MiB\n","stream":"stderr","time":"2020-03-25T06:23:06.272658488Z"}
{"log":"INFO [03-25|06:23:06.909] Chain reorg detected                     number=2405711 hash=ccf530…ed924a drop=1 dropfrom=095e2e…1a04bf add=1 addfrom=47611b…3cd17e\n","stream":"stderr","time":"2020-03-25T06:23:06.910101601Z"}
{"log":"INFO [03-25|06:23:06.910] Imported new chain segment               blocks=1     txs=0     mgas=0.000   elapsed=616.215µs mgasps=0.000    number=2405712 hash=47611b…3cd17e dirty=687.37MiB\n","stream":"stderr","time":"2020-03-25T06:23:06.9103529Z"}
{"log":"INFO [03-25|06:23:14.843] Deep froze chain segment                 blocks=4     elapsed=37.865ms  number=2315711 hash=95f785…8c27ce\n","stream":"stderr","time":"2020-03-25T06:23:14.843696089Z"}
{"log":"INFO [03-25|06:23:20.235] Chain reorg detected                     number=2405711 hash=ccf530…ed924a drop=1 dropfrom=47611b…3cd17e add=2 addfrom=9aefce…cb977c\n","stream":"stderr","time":"2020-03-25T06:23:20.23539229Z"}
{"log":"INFO [03-25|06:23:20.235] Imported new chain segment               blocks=1     txs=0     mgas=0.000   elapsed=771.056µs mgasps=0.000    number=2405713 hash=9aefce…cb977c dirty=687.37MiB\n","stream":"stderr","time":"2020-03-25T06:23:20.235707726Z"}
{"log":"INFO [03-25|06:23:21.607] Imported new chain segment               blocks=1     txs=0     mgas=0.000   elapsed=586.806µs mgasps=0.000    number=2405713 hash=00db67…dac851 dirty=687.37MiB\n","stream":"stderr","time":"2020-03-25T06:23:21.608229218Z"}
{"log":"INFO [03-25|06:23:35.129] Chain reorg detected                     number=2405712 hash=095e2e…1a04bf drop=1 dropfrom=9aefce…cb977c add=2 addfrom=316d74…e9023b\n","stream":"stderr","time":"2020-03-25T06:23:35.129456924Z"}
{"log":"INFO [03-25|06:23:35.129] Imported new chain segment               blocks=1     txs=1     mgas=0.056   elapsed=2.527ms   mgasps=22.052   number=2405714 hash=316d74…e9023b dirty=687.36MiB\n","stream":"stderr","time":"2020-03-25T06:23:35.129836951Z"}
{"log":"INFO [03-25|06:23:35.675] Imported new chain segment               blocks=1     txs=1     mgas=0.056   elapsed=1.841ms   mgasps=30.267   number=2405714 hash=c22fd7…d40a46 dirty=687.36MiB\n","stream":"stderr","time":"2020-03-25T06:23:35.67566475Z"}
{"log":"INFO [03-25|06:23:36.630] Imported new chain segment               blocks=1     txs=1     mgas=0.056   elapsed=1.983ms   mgasps=28.103   number=2405714 hash=018999…74895c dirty=687.36MiB\n","stream":"stderr","time":"2020-03-25T06:23:36.631066857Z"}
{"log":"INFO [03-25|06:23:37.123] Imported new chain segment               blocks=1     txs=0     mgas=0.000   elapsed=319.26µs  mgasps=0.000    number=2405714 hash=6fba7d…8f8b3f dirty=687.36MiB\n","stream":"stderr","time":"2020-03-25T06:23:37.123494584Z"}
{"log":"INFO [03-25|06:23:37.937] Imported new chain segment               blocks=1     txs=1     mgas=0.056   elapsed=1.685ms   mgasps=33.073   number=2405714 hash=272c89…88134c dirty=687.36MiB\n","stream":"stderr","time":"2020-03-25T06:23:37.9374827Z"}
{"log":"INFO [03-25|06:23:51.057] Imported new chain segment               blocks=1     txs=0     mgas=0.000   elapsed=843.992µs mgasps=0.000    number=2405715 hash=f248e8…3bef62 dirty=687.34MiB\n","stream":"stderr","time":"2020-03-25T06:23:51.057246806Z"}
{"log":"INFO [03-25|06:24:06.720] Imported new chain segment               blocks=1     txs=0     mgas=0.000   elapsed=424.173µs mgasps=0.000    number=2405716 hash=acaba1…bfca83 dirty=687.34MiB\n","stream":"stderr","time":"2020-03-25T06:24:06.720352213Z"}
{"log":"INFO [03-25|06:24:14.871] Deep froze chain segment                 blocks=4     elapsed=27.138ms  number=2315715 hash=159fdf…3d82dd\n","stream":"stderr","time":"2020-03-25T06:24:14.871424449Z"}
{"log":"INFO [03-25|06:24:21.799] Imported new chain segment               blocks=1     txs=0     mgas=0.000   elapsed=1.093ms   mgasps=0.000    number=2405717 hash=e3f568…5e6e59 dirty=687.31MiB\n","stream":"stderr","time":"2020-03-25T06:24:21.800086667Z"}
{"log":"INFO [03-25|06:24:21.865] Imported new chain segment               blocks=1     txs=0     mgas=0.000   elapsed=191.645µs mgasps=0.000    number=2405717 hash=3bb445…b31952 dirty=687.31MiB\n","stream":"stderr","time":"2020-03-25T06:24:21.865883264Z"}
{"log":"INFO [03-25|06:24:35.114] Imported new chain segment               blocks=1     txs=2     mgas=0.567   elapsed=13.460ms  mgasps=42.093   number=2405718 hash=a060fa…590c4d dirty=687.33MiB\n","stream":"stderr","time":"2020-03-25T06:24:35.114352849Z"}
{"log":"INFO [03-25|06:24:36.079] Imported new chain segment               blocks=1     txs=2     mgas=0.567   elapsed=17.597ms  mgasps=32.200   number=2405718 hash=79927f…ace258 dirty=687.34MiB\n","stream":"stderr","time":"2020-03-25T06:24:36.080138209Z"}
{"log":"INFO [03-25|06:24:50.493] Imported new chain segment               blocks=1     txs=0     mgas=0.000   elapsed=478.873µs mgasps=0.000    number=2405719 hash=b68946…979458 dirty=687.34MiB\n","stream":"stderr","time":"2020-03-25T06:24:50.49355946Z"}
{"log":"INFO [03-25|06:24:50.981] Chain reorg detected                     number=2405718 hash=a060fa…590c4d drop=1 dropfrom=b68946…979458 add=1 addfrom=200a0f…ee3deb\n","stream":"stderr","time":"2020-03-25T06:24:50.981227153Z"}
{"log":"INFO [03-25|06:24:50.981] Imported new chain segment               blocks=1     txs=0     mgas=0.000   elapsed=615.77µs  mgasps=0.000    number=2405719 hash=200a0f…ee3deb dirty=687.34MiB\n","stream":"stderr","time":"2020-03-25T06:24:50.98140193Z"}
{"log":"INFO [03-25|06:25:05.550] Imported new chain segment               blocks=1     txs=0     mgas=0.000   elapsed=1.212ms   mgasps=0.000    number=2405720 hash=b6f3f8…93471d dirty=687.30MiB\n","stream":"stderr","time":"2020-03-25T06:25:05.551182787Z"}
{"log":"INFO [03-25|06:25:07.799] Imported new chain segment               blocks=1     txs=0     mgas=0.000   elapsed=308.423µs mgasps=0.000    number=2405720 hash=70ffab…9fd62f dirty=687.30MiB\n","stream":"stderr","time":"2020-03-25T06:25:07.800119187Z"}
{"log":"INFO [03-25|06:25:14.915] Deep froze chain segment                 blocks=4     elapsed=43.574ms  number=2315719 hash=ca1190…302fa7\n","stream":"stderr","time":"2020-03-25T06:25:14.915416739Z"}
{"log":"INFO [03-25|06:25:20.443] Imported new chain segment               blocks=1     txs=2     mgas=0.566   elapsed=14.902ms  mgasps=38.009   number=2405721 hash=2178d5…01fabb dirty=687.30MiB\n","stream":"stderr","time":"2020-03-25T06:25:20.444126016Z"}
{"log":"INFO [03-25|06:25:21.752] Imported new chain segment               blocks=1     txs=1     mgas=0.433   elapsed=15.766ms  mgasps=27.479   number=2405721 hash=11a38e…765d0a dirty=687.30MiB\n","stream":"stderr","time":"2020-03-25T06:25:21.752221446Z"}
{"log":"INFO [03-25|06:25:21.794] Chain reorg detected                     number=2405720 hash=b6f3f8…93471d drop=1 dropfrom=2178d5…01fabb add=1 addfrom=0d16d1…2af418\n","stream":"stderr","time":"2020-03-25T06:25:21.795125622Z"}
{"log":"INFO [03-25|06:25:21.795] Imported new chain segment               blocks=1     txs=2     mgas=0.566   elapsed=19.008ms  mgasps=29.798   number=2405721 hash=0d16d1…2af418 dirty=687.31MiB\n","stream":"stderr","time":"2020-03-25T06:25:21.795384798Z"}
{"log":"INFO [03-25|06:25:36.529] Chain reorg detected                     number=2405720 hash=b6f3f8…93471d drop=1 dropfrom=0d16d1…2af418 add=2 addfrom=d46a6f…441d9b\n","stream":"stderr","time":"2020-03-25T06:25:36.530053192Z"}
{"log":"INFO [03-25|06:25:36.530] Imported new chain segment               blocks=1     txs=0     mgas=0.000   elapsed=1.126ms   mgasps=0.000    number=2405722 hash=d46a6f…441d9b dirty=687.30MiB\n","stream":"stderr","time":"2020-03-25T06:25:36.530503529Z"}
{"log":"INFO [03-25|06:25:37.284] Imported new chain segment               blocks=1     txs=2     mgas=1.133   elapsed=19.366ms  mgasps=58.491   number=2405722 hash=af6bbc…ad8f36 dirty=687.39MiB\n","stream":"stderr","time":"2020-03-25T06:25:37.284613753Z"}
{"log":"INFO [03-25|06:25:50.308] Chain reorg detected                     number=2405721 hash=2178d5…01fabb drop=1 dropfrom=d46a6f…441d9b add=2 addfrom=04658c…a7fe1f\n","stream":"stderr","time":"2020-03-25T06:25:50.308711944Z"}
{"log":"INFO [03-25|06:25:50.309] Imported new chain segment               blocks=1     txs=6     mgas=1.185   elapsed=28.049ms  mgasps=42.243   number=2405723 hash=04658c…a7fe1f dirty=687.45MiB\n","stream":"stderr","time":"2020-03-25T06:25:50.30945449Z"}
{"log":"INFO [03-25|06:25:51.331] Imported new chain segment               blocks=1     txs=6     mgas=1.789   elapsed=20.989ms  mgasps=85.213   number=2405723 hash=9aaf83…31de41 dirty=687.46MiB\n","stream":"stderr","time":"2020-03-25T06:25:51.331701685Z"}
{"log":"INFO [03-25|06:25:56.457] Imported new chain segment               blocks=1     txs=8     mgas=2.318   elapsed=37.826ms  mgasps=61.272   number=2405723 hash=458f18…3d7996 dirty=687.46MiB\n","stream":"stderr","time":"2020-03-25T06:25:56.457684585Z"}
{"log":"INFO [03-25|06:26:06.507] Imported new chain segment               blocks=1     txs=1     mgas=0.096   elapsed=3.800ms   mgasps=25.230   number=2405724 hash=5f20ba…c90d18 dirty=687.47MiB\n","stream":"stderr","time":"2020-03-25T06:26:06.507323361Z"}
{"log":"INFO [03-25|06:26:14.943] Deep froze chain segment                 blocks=4     elapsed=27.586ms  number=2315723 hash=262976…751358\n","stream":"stderr","time":"2020-03-25T06:26:14.943545453Z"}
{"log":"INFO [03-25|06:26:20.146] Imported new chain segment               blocks=1     txs=1     mgas=0.433   elapsed=17.352ms  mgasps=24.966   number=2405725 hash=184506…5ccbfa dirty=687.47MiB\n","stream":"stderr","time":"2020-03-25T06:26:20.14708287Z"}
{"log":"INFO [03-25|06:26:21.902] Chain reorg detected                     number=2405724 hash=5f20ba…c90d18 drop=1 dropfrom=184506…5ccbfa add=1 addfrom=48ab47…fa13c9\n","stream":"stderr","time":"2020-03-25T06:26:21.902357206Z"}
{"log":"INFO [03-25|06:26:21.902] Imported new chain segment               blocks=1     txs=0     mgas=0.000   elapsed=674.203µs mgasps=0.000    number=2405725 hash=48ab47…fa13c9 dirty=687.47MiB\n","stream":"stderr","time":"2020-03-25T06:26:21.902637911Z"}
{"log":"INFO [03-25|06:26:35.071] Chain reorg detected                     number=2405724 hash=5f20ba…c90d18 drop=1 dropfrom=48ab47…fa13c9 add=2 addfrom=77fc06…5c6d1d\n","stream":"stderr","time":"2020-03-25T06:26:35.071727733Z"}
{"log":"INFO [03-25|06:26:35.071] Imported new chain segment               blocks=1     txs=0     mgas=0.000   elapsed=1.177ms   mgasps=0.000    number=2405726 hash=77fc06…5c6d1d dirty=687.45MiB\n","stream":"stderr","time":"2020-03-25T06:26:35.072099965Z"}
{"log":"INFO [03-25|06:26:36.698] Imported new chain segment               blocks=1     txs=0     mgas=0.000   elapsed=573.249µs mgasps=0.000    number=2405726 hash=21ec00…df5144 dirty=687.45MiB\n","stream":"stderr","time":"2020-03-25T06:26:36.699232836Z"}
{"log":"INFO [03-25|06:26:51.225] Imported new chain segment               blocks=1     txs=0     mgas=0.000   elapsed=489.418µs mgasps=0.000    number=2405727 hash=9b99cb…239d02 dirty=687.45MiB\n","stream":"stderr","time":"2020-03-25T06:26:51.226069071Z"}
{"log":"INFO [03-25|06:26:51.786] Chain reorg detected                     number=2405726 hash=77fc06…5c6d1d drop=1 dropfrom=9b99cb…239d02 add=1 addfrom=774bb9…5e7c20\n","stream":"stderr","time":"2020-03-25T06:26:51.788141183Z"}
{"log":"INFO [03-25|06:26:51.787] Imported new chain segment               blocks=1     txs=0     mgas=0.000   elapsed=577.706µs mgasps=0.000    number=2405727 hash=774bb9…5e7c20 dirty=687.45MiB\n","stream":"stderr","time":"2020-03-25T06:26:51.788177399Z"}
{"log":"INFO [03-25|06:26:51.908] Chain reorg detected                     number=2405726 hash=77fc06…5c6d1d drop=1 dropfrom=774bb9…5e7c20 add=1 addfrom=e53549…377904\n","stream":"stderr","time":"2020-03-25T06:26:51.908543639Z"}
{"log":"INFO [03-25|06:26:51.908] Imported new chain segment               blocks=1     txs=1     mgas=0.056   elapsed=1.619ms   mgasps=34.422   number=2405727 hash=e53549…377904 dirty=687.45MiB\n","stream":"stderr","time":"2020-03-25T06:26:51.909830446Z"}
{"log":"INFO [03-25|06:27:06.784] Chain reorg detected                     number=2405726 hash=77fc06…5c6d1d drop=1 dropfrom=e53549…377904 add=2 addfrom=039517…82f4d8\n","stream":"stderr","time":"2020-03-25T06:27:06.784877492Z"}
{"log":"INFO [03-25|06:27:06.785] Imported new chain segment               blocks=1     txs=2     mgas=0.489   elapsed=19.426ms  mgasps=25.171   number=2405728 hash=039517…82f4d8 dirty=687.42MiB\n","stream":"stderr","time":"2020-03-25T06:27:06.785238963Z"}
{"log":"INFO [03-25|06:27:06.896] Imported new chain segment               blocks=1     txs=2     mgas=0.489   elapsed=10.985ms  mgasps=44.512   number=2405728 hash=a724b1…0f0cef dirty=687.43MiB\n","stream":"stderr","time":"2020-03-25T06:27:06.896585444Z"}
{"log":"INFO [03-25|06:27:08.507] Imported new chain segment               blocks=1     txs=2     mgas=0.489   elapsed=22.032ms  mgasps=22.193   number=2405728 hash=2f32ea…46a286 dirty=687.43MiB\n","stream":"stderr","time":"2020-03-25T06:27:08.508196572Z"}
{"log":"INFO [03-25|06:27:14.980] Deep froze chain segment                 blocks=4     elapsed=36.608ms  number=2315727 hash=7556dd…a7c2a0\n","stream":"stderr","time":"2020-03-25T06:27:14.980805088Z"}
{"log":"INFO [03-25|06:27:20.439] Imported new chain segment               blocks=1     txs=0     mgas=0.000   elapsed=1.860ms   mgasps=0.000    number=2405729 hash=53177a…a231b7 dirty=687.34MiB\n","stream":"stderr","time":"2020-03-25T06:27:20.439370838Z"}
{"log":"INFO [03-25|06:27:20.865] Chain reorg detected                     number=2405728 hash=039517…82f4d8 drop=1 dropfrom=53177a…a231b7 add=1 addfrom=9a467a…31de51\n","stream":"stderr","time":"2020-03-25T06:27:20.865858912Z"}
{"log":"INFO [03-25|06:27:20.865] Imported new chain segment               blocks=1     txs=0     mgas=0.000   elapsed=581.1µs   mgasps=0.000    number=2405729 hash=9a467a…31de51 dirty=687.34MiB\n","stream":"stderr","time":"2020-03-25T06:27:20.866062825Z"}
{"log":"INFO [03-25|06:27:35.095] Imported new chain segment               blocks=1     txs=0     mgas=0.000   elapsed=856.5µs   mgasps=0.000    number=2405730 hash=cfc910…8706b6 dirty=687.32MiB\n","stream":"stderr","time":"2020-03-25T06:27:35.095537436Z"}
{"log":"INFO [03-25|06:27:35.319] Imported new chain segment               blocks=1     txs=1     mgas=0.433   elapsed=16.672ms  mgasps=25.984   number=2405730 hash=0b33bb…393d66 dirty=687.34MiB\n","stream":"stderr","time":"2020-03-25T06:27:35.320277579Z"}
{"log":"INFO [03-25|06:27:37.765] Imported new chain segment               blocks=1     txs=0     mgas=0.000   elapsed=280.926µs mgasps=0.000    number=2405730 hash=a610a2…7b58cf dirty=687.34MiB\n","stream":"stderr","time":"2020-03-25T06:27:37.765240736Z"}
{"log":"INFO [03-25|06:27:51.701] Imported new chain segment               blocks=1     txs=1     mgas=0.433   elapsed=17.451ms  mgasps=24.825   number=2405731 hash=e1771a…245a66 dirty=687.31MiB\n","stream":"stderr","time":"2020-03-25T06:27:51.701630764Z"}
{"log":"INFO [03-25|06:27:56.448] Chain reorg detected                     number=2405730 hash=cfc910…8706b6 drop=1 dropfrom=e1771a…245a66 add=1 addfrom=a05165…5f6d67\n","stream":"stderr","time":"2020-03-25T06:27:56.449061119Z"}
{"log":"INFO [03-25|06:27:56.449] Imported new chain segment               blocks=1     txs=1     mgas=0.433   elapsed=21.509ms  mgasps=20.142   number=2405731 hash=a05165…5f6d67 dirty=687.32MiB\n","stream":"stderr","time":"2020-03-25T06:27:56.449416822Z"}
{"log":"INFO [03-25|06:28:06.295] Imported new chain segment               blocks=1     txs=6     mgas=2.082   elapsed=22.595ms  mgasps=92.136   number=2405732 hash=21e327…dcdb97 dirty=687.45MiB\n","stream":"stderr","time":"2020-03-25T06:28:06.296109155Z"}
{"log":"INFO [03-25|06:28:15.011] Deep froze chain segment                 blocks=4     elapsed=30.699ms  number=2315731 hash=4f5859…68193c\n","stream":"stderr","time":"2020-03-25T06:28:15.011755042Z"}
{"log":"INFO [03-25|06:28:20.712] Imported new chain segment               blocks=1     txs=1     mgas=0.096   elapsed=2.740ms   mgasps=35.001   number=2405733 hash=c332b7…723838 dirty=687.47MiB\n","stream":"stderr","time":"2020-03-25T06:28:20.712947374Z"}
{"log":"INFO [03-25|06:28:20.784] Chain reorg detected                     number=2405732 hash=21e327…dcdb97 drop=1 dropfrom=c332b7…723838 add=1 addfrom=12645a…ff9cfd\n","stream":"stderr","time":"2020-03-25T06:28:20.784866058Z"}
{"log":"INFO [03-25|06:28:20.784] Imported new chain segment               blocks=1     txs=1     mgas=0.096   elapsed=2.119ms   mgasps=45.253   number=2405733 hash=12645a…ff9cfd dirty=687.47MiB\n","stream":"stderr","time":"2020-03-25T06:28:20.785138724Z"}
{"log":"INFO [03-25|06:28:35.153] Imported new chain segment               blocks=1     txs=0     mgas=0.000   elapsed=1.100ms   mgasps=0.000    number=2405734 hash=fcfb95…ce7b88 dirty=687.44MiB\n","stream":"stderr","time":"2020-03-25T06:28:35.154014903Z"}
{"log":"INFO [03-25|06:28:51.836] Imported new chain segment               blocks=1     txs=0     mgas=0.000   elapsed=2.395ms   mgasps=0.000    number=2405735 hash=5a0ed9…465850 dirty=687.42MiB\n","stream":"stderr","time":"2020-03-25T06:28:51.836673548Z"}
{"log":"INFO [03-25|06:28:52.045] Chain reorg detected                     number=2405734 hash=fcfb95…ce7b88 drop=1 dropfrom=5a0ed9…465850 add=1 addfrom=0350bd…8fd73a\n","stream":"stderr","time":"2020-03-25T06:28:52.046746747Z"}
{"log":"INFO [03-25|06:28:52.045] Imported new chain segment               blocks=1     txs=0     mgas=0.000   elapsed=577.367µs mgasps=0.000    number=2405735 hash=0350bd…8fd73a dirty=687.42MiB\n","stream":"stderr","time":"2020-03-25T06:28:52.046779897Z"}
{"log":"INFO [03-25|06:29:05.538] Chain reorg detected                     number=2405734 hash=fcfb95…ce7b88 drop=1 dropfrom=0350bd…8fd73a add=2 addfrom=c12932…76eb04\n","stream":"stderr","time":"2020-03-25T06:29:05.538703394Z"}
{"log":"INFO [03-25|06:29:05.538] Imported new chain segment               blocks=1     txs=0     mgas=0.000   elapsed=1.186ms   mgasps=0.000    number=2405736 hash=c12932…76eb04 dirty=687.40MiB\n","stream":"stderr","time":"2020-03-25T06:29:05.538996386Z"}
{"log":"INFO [03-25|06:29:06.879] Imported new chain segment               blocks=1     txs=0     mgas=0.000   elapsed=257.475µs mgasps=0.000    number=2405736 hash=4d4cd9…880568 dirty=687.40MiB\n","stream":"stderr","time":"2020-03-25T06:29:06.879986107Z"}
{"log":"INFO [03-25|06:29:15.047] Deep froze chain segment                 blocks=4     elapsed=35.722ms  number=2315735 hash=7930f0…5d774a\n","stream":"stderr","time":"2020-03-25T06:29:15.047890081Z"}
{"log":"INFO [03-25|06:29:21.777] Imported new chain segment               blocks=1     txs=0     mgas=0.000   elapsed=1.661ms   mgasps=0.000    number=2405737 hash=3e34db…168efb dirty=687.34MiB\n","stream":"stderr","time":"2020-03-25T06:29:21.777321901Z"}
{"log":"INFO [03-25|06:29:21.833] Chain reorg detected                     number=2405736 hash=c12932…76eb04 drop=1 dropfrom=3e34db…168efb add=1 addfrom=8cef68…a2d4cf\n","stream":"stderr","time":"2020-03-25T06:29:21.834258555Z"}
{"log":"INFO [03-25|06:29:21.833] Imported new chain segment               blocks=1     txs=0     mgas=0.000   elapsed=805.529µs mgasps=0.000    number=2405737 hash=8cef68…a2d4cf dirty=687.34MiB\n","stream":"stderr","time":"2020-03-25T06:29:21.834293541Z"}
{"log":"INFO [03-25|06:29:22.464] Imported new chain segment               blocks=1     txs=0     mgas=0.000   elapsed=327.85µs  mgasps=0.000    number=2405737 hash=828222…d69085 dirty=687.34MiB\n","stream":"stderr","time":"2020-03-25T06:29:22.464426389Z"}
{"log":"INFO [03-25|06:29:35.748] Chain reorg detected                     number=2405736 hash=c12932…76eb04 drop=1 dropfrom=8cef68…a2d4cf add=2 addfrom=7fac54…d7d1c3\n","stream":"stderr","time":"2020-03-25T06:29:35.749102112Z"}
{"log":"INFO [03-25|06:29:35.749] Imported new chain segment               blocks=1     txs=1     mgas=0.487   elapsed=14.094ms  mgasps=34.527   number=2405738 hash=7fac54…d7d1c3 dirty=687.36MiB\n","stream":"stderr","time":"2020-03-25T06:29:35.749394443Z"}
{"log":"INFO [03-25|06:29:36.343] Chain reorg detected                     number=2405737 hash=3e34db…168efb drop=1 dropfrom=7fac54…d7d1c3 add=1 addfrom=1adbca…c659c2\n","stream":"stderr","time":"2020-03-25T06:29:36.34363275Z"}
{"log":"INFO [03-25|06:29:36.343] Imported new chain segment               blocks=1     txs=0     mgas=0.000   elapsed=1.183ms   mgasps=0.000    number=2405738 hash=1adbca…c659c2 dirty=687.36MiB\n","stream":"stderr","time":"2020-03-25T06:29:36.344123058Z"}
{"log":"INFO [03-25|06:29:36.432] Imported new chain segment               blocks=1     txs=0     mgas=0.000   elapsed=324.587µs mgasps=0.000    number=2405738 hash=ba4ca7…6f36ad dirty=687.36MiB\n","stream":"stderr","time":"2020-03-25T06:29:36.433163403Z"}
{"log":"INFO [03-25|06:29:43.042] Imported new chain segment               blocks=1     txs=1     mgas=0.487   elapsed=16.885ms  mgasps=28.819   number=2405738 hash=89abf2…da12c5 dirty=687.36MiB\n","stream":"stderr","time":"2020-03-25T06:29:43.042818935Z"}
{"log":"INFO [03-25|06:29:50.373] Chain reorg detected                     number=2405737 hash=3e34db…168efb drop=1 dropfrom=1adbca…c659c2 add=2 addfrom=9b02d5…62868c\n","stream":"stderr","time":"2020-03-25T06:29:50.373697184Z"}
{"log":"INFO [03-25|06:29:50.373] Imported new chain segment               blocks=1     txs=0     mgas=0.000   elapsed=840.623µs mgasps=0.000    number=2405739 hash=9b02d5…62868c dirty=687.36MiB\n","stream":"stderr","time":"2020-03-25T06:29:50.37411861Z"}
{"log":"INFO [03-25|06:29:50.912] Chain reorg detected                     number=2405738 hash=7fac54…d7d1c3 drop=1 dropfrom=9b02d5…62868c add=1 addfrom=23e586…94797d\n","stream":"stderr","time":"2020-03-25T06:29:50.912500735Z"}
{"log":"INFO [03-25|06:29:50.912] Imported new chain segment               blocks=1     txs=0     mgas=0.000   elapsed=608.252µs mgasps=0.000    number=2405739 hash=23e586…94797d dirty=687.36MiB\n","stream":"stderr","time":"2020-03-25T06:29:50.912761382Z"}
{"log":"INFO [03-25|06:30:06.179] Imported new chain segment               blocks=1     txs=0     mgas=0.000   elapsed=2.513ms   mgasps=0.000    number=2405740 hash=bc104a…fa26cd dirty=687.25MiB\n","stream":"stderr","time":"2020-03-25T06:30:06.184134769Z"}
{"log":"INFO [03-25|06:30:07.472] Imported new chain segment               blocks=1     txs=0     mgas=0.000   elapsed=345.413µs mgasps=0.000    number=2405740 hash=22242a…b23362 dirty=687.25MiB\n","stream":"stderr","time":"2020-03-25T06:30:07.472480288Z"}
{"log":"INFO [03-25|06:30:15.075] Deep froze chain segment                 blocks=4     elapsed=27.440ms  number=2315739 hash=2f1451…8e73c7\n","stream":"stderr","time":"2020-03-25T06:30:15.075970572Z"}
{"log":"INFO [03-25|06:30:21.321] Imported new chain segment               blocks=1     txs=2     mgas=0.489   elapsed=14.370ms  mgasps=34.026   number=2405741 hash=d86a18…76a1cf dirty=687.26MiB\n","stream":"stderr","time":"2020-03-25T06:30:21.321606277Z"}
{"log":"INFO [03-25|06:30:26.388] Chain reorg detected                     number=2405740 hash=bc104a…fa26cd drop=1 dropfrom=d86a18…76a1cf add=1 addfrom=380214…3e94fb\n","stream":"stderr","time":"2020-03-25T06:30:26.388269016Z"}
{"log":"INFO [03-25|06:30:26.388] Imported new chain segment               blocks=1     txs=2     mgas=0.489   elapsed=18.374ms  mgasps=26.610   number=2405741 hash=380214…3e94fb dirty=687.27MiB\n","stream":"stderr","time":"2020-03-25T06:30:26.38850612Z"}
{"log":"INFO [03-25|06:30:36.070] Imported new chain segment               blocks=1     txs=4     mgas=3.574   elapsed=24.056ms  mgasps=148.549  number=2405742 hash=7e8b06…9e6daf dirty=687.50MiB\n","stream":"stderr","time":"2020-03-25T06:30:36.071054913Z"}
{"log":"INFO [03-25|06:30:50.667] Imported new chain segment               blocks=1     txs=1     mgas=3.771   elapsed=25.865ms  mgasps=145.789  number=2405743 hash=39056d…631a5d dirty=687.91MiB\n","stream":"stderr","time":"2020-03-25T06:30:50.668191887Z"}
{"log":"INFO [03-25|06:31:05.155] Imported new chain segment               blocks=1     txs=2     mgas=0.822   elapsed=22.096ms  mgasps=37.199   number=2405744 hash=5c078a…a8bcc5 dirty=687.94MiB\n","stream":"stderr","time":"2020-03-25T06:31:05.156097235Z"}
{"log":"INFO [03-25|06:31:06.917] Imported new chain segment               blocks=1     txs=1     mgas=0.389   elapsed=3.856ms   mgasps=100.803  number=2405744 hash=4cc2bc…575309 dirty=687.95MiB\n","stream":"stderr","time":"2020-03-25T06:31:06.917534179Z"}
{"log":"INFO [03-25|06:31:07.231] Imported new chain segment               blocks=1     txs=2     mgas=0.822   elapsed=18.755ms  mgasps=43.825   number=2405744 hash=1d45cb…2aae42 dirty=687.95MiB\n","stream":"stderr","time":"2020-03-25T06:31:07.231626754Z"}
{"log":"INFO [03-25|06:31:15.111] Deep froze chain segment                 blocks=4     elapsed=35.137ms  number=2315743 hash=9493f8…f6621b\n","stream":"stderr","time":"2020-03-25T06:31:15.111474561Z"}
{"log":"INFO [03-25|06:31:22.450] Imported new chain segment               blocks=1     txs=0     mgas=0.000   elapsed=940.794µs mgasps=0.000    number=2405745 hash=4da677…7db538 dirty=687.93MiB\n","stream":"stderr","time":"2020-03-25T06:31:22.450881474Z"}
{"log":"INFO [03-25|06:31:23.165] Imported new chain segment               blocks=1     txs=0     mgas=0.000   elapsed=435.436µs mgasps=0.000    number=2405745 hash=fbe288…b7b137 dirty=687.93MiB\n","stream":"stderr","time":"2020-03-25T06:31:23.165687486Z"}
{"log":"INFO [03-25|06:31:35.075] Chain reorg detected                     number=2405744 hash=5c078a…a8bcc5 drop=1 dropfrom=4da677…7db538 add=2 addfrom=b09fbc…97c31a\n","stream":"stderr","time":"2020-03-25T06:31:35.075579134Z"}
{"log":"INFO [03-25|06:31:35.075] Imported new chain segment               blocks=1     txs=1     mgas=0.433   elapsed=17.666ms  mgasps=24.524   number=2405746 hash=b09fbc…97c31a dirty=687.95MiB\n","stream":"stderr","time":"2020-03-25T06:31:35.075977841Z"}
{"log":"INFO [03-25|06:31:36.703] Imported new chain segment               blocks=1     txs=1     mgas=0.433   elapsed=25.432ms  mgasps=17.035   number=2405746 hash=1cf8c6…9bf68d dirty=687.95MiB\n","stream":"stderr","time":"2020-03-25T06:31:36.703439143Z"}
{"log":"INFO [03-25|06:31:37.450] Imported new chain segment               blocks=1     txs=0     mgas=0.000   elapsed=358.81µs  mgasps=0.000    number=2405746 hash=bdd8ee…06a3c8 dirty=687.95MiB\n","stream":"stderr","time":"2020-03-25T06:31:37.451043375Z"}
{"log":"INFO [03-25|06:31:52.137] Imported new chain segment               blocks=1     txs=0     mgas=0.000   elapsed=1.296ms   mgasps=0.000    number=2405747 hash=ec37e6…67b511 dirty=687.95MiB\n","stream":"stderr","time":"2020-03-25T06:31:52.138203298Z"}
{"log":"INFO [03-25|06:31:52.155] Chain reorg detected                     number=2405746 hash=b09fbc…97c31a drop=1 dropfrom=ec37e6…67b511 add=1 addfrom=9a7f30…82ec75\n","stream":"stderr","time":"2020-03-25T06:31:52.155678818Z"}
{"log":"INFO [03-25|06:31:52.155] Imported new chain segment               blocks=1     txs=0     mgas=0.000   elapsed=607.347µs mgasps=0.000    number=2405747 hash=9a7f30…82ec75 dirty=687.95MiB\n","stream":"stderr","time":"2020-03-25T06:31:52.155953882Z"}
{"log":"INFO [03-25|06:32:05.140] Imported new chain segment               blocks=1     txs=0     mgas=0.000   elapsed=612.36µs  mgasps=0.000    number=2405748 hash=26f223…c70c21 dirty=687.93MiB\n","stream":"stderr","time":"2020-03-25T06:32:05.140894808Z"}
{"log":"INFO [03-25|06:32:05.595] Imported new chain segment               blocks=1     txs=0     mgas=0.000   elapsed=321.856µs mgasps=0.000    number=2405748 hash=abac19…3b661e dirty=687.93MiB\n","stream":"stderr","time":"2020-03-25T06:32:05.595641531Z"}
{"log":"INFO [03-25|06:32:15.144] Deep froze chain segment                 blocks=4     elapsed=33.144ms  number=2315747 hash=5c01fd…0b4b20\n","stream":"stderr","time":"2020-03-25T06:32:15.144931014Z"}
{"log":"INFO [03-25|06:32:21.513] Imported new chain segment               blocks=1     txs=1     mgas=0.433   elapsed=17.549ms  mgasps=24.685   number=2405749 hash=eb8015…27be87 dirty=687.83MiB\n","stream":"stderr","time":"2020-03-25T06:32:21.514110566Z"}
{"log":"INFO [03-25|06:32:21.557] Chain reorg detected                     number=2405748 hash=26f223…c70c21 drop=1 dropfrom=eb8015…27be87 add=1 addfrom=022179…4f76d0\n","stream":"stderr","time":"2020-03-25T06:32:21.557505169Z"}
{"log":"INFO [03-25|06:32:21.557] Imported new chain segment               blocks=1     txs=1     mgas=0.433   elapsed=18.184ms  mgasps=23.823   number=2405749 hash=022179…4f76d0 dirty=687.84MiB\n","stream":"stderr","time":"2020-03-25T06:32:21.557754525Z"}
{"log":"INFO [03-25|06:32:35.118] Chain reorg detected                     number=2405748 hash=26f223…c70c21 drop=1 dropfrom=022179…4f76d0 add=2 addfrom=179a3b…698e4c\n","stream":"stderr","time":"2020-03-25T06:32:35.118609562Z"}
{"log":"INFO [03-25|06:32:35.119] Imported new chain segment               blocks=1     txs=0     mgas=0.000   elapsed=14.749ms  mgasps=0.000    number=2405750 hash=179a3b…698e4c dirty=687.24MiB\n","stream":"stderr","time":"2020-03-25T06:32:35.119717092Z"}
{"log":"INFO [03-25|06:32:51.349] Imported new chain segment               blocks=1     txs=0     mgas=0.000   elapsed=1.142ms   mgasps=0.000    number=2405751 hash=9e28eb…6ed130 dirty=687.20MiB\n","stream":"stderr","time":"2020-03-25T06:32:51.349700194Z"}
{"log":"INFO [03-25|06:32:51.710] Chain reorg detected                     number=2405750 hash=179a3b…698e4c drop=1 dropfrom=9e28eb…6ed130 add=1 addfrom=131060…c793dd\n","stream":"stderr","time":"2020-03-25T06:32:51.710706232Z"}
{"log":"INFO [03-25|06:32:51.710] Imported new chain segment               blocks=1     txs=0     mgas=0.000   elapsed=532.413µs mgasps=0.000    number=2405751 hash=131060…c793dd dirty=687.20MiB\n","stream":"stderr","time":"2020-03-25T06:32:51.710907436Z"}
{"log":"INFO [03-25|06:33:05.358] Imported new chain segment               blocks=1     txs=2     mgas=0.135   elapsed=2.918ms   mgasps=46.344   number=2405752 hash=579357…567141 dirty=687.22MiB\n","stream":"stderr","time":"2020-03-25T06:33:05.358380329Z"}
{"log":"INFO [03-25|06:33:05.698] Imported new chain segment               blocks=1     txs=1     mgas=0.039   elapsed=1.833ms   mgasps=21.470   number=2405752 hash=6652f2…236fc3 dirty=687.23MiB\n","stream":"stderr","time":"2020-03-25T06:33:05.698559729Z"}
{"log":"INFO [03-25|06:33:08.791] Chain reorg detected                     number=2405750 hash=179a3b…698e4c drop=2 dropfrom=579357…567141 add=2 addfrom=d50b1d…054e1e\n","stream":"stderr","time":"2020-03-25T06:33:08.791709798Z"}
{"log":"INFO [03-25|06:33:08.791] Imported new chain segment               blocks=1     txs=0     mgas=0.000   elapsed=712.579µs mgasps=0.000    number=2405752 hash=d50b1d…054e1e dirty=687.23MiB\n","stream":"stderr","time":"2020-03-25T06:33:08.791966643Z"}
{"log":"INFO [03-25|06:33:15.171] Deep froze chain segment                 blocks=4     elapsed=26.963ms  number=2315751 hash=4ee208…418512\n","stream":"stderr","time":"2020-03-25T06:33:15.172319313Z"}
{"log":"INFO [03-25|06:33:20.384] Chain reorg detected                     number=2405750 hash=179a3b…698e4c drop=2 dropfrom=d50b1d…054e1e add=3 addfrom=e9c6a6…3ca2b2\n","stream":"stderr","time":"2020-03-25T06:33:20.385939437Z"}
{"log":"INFO [03-25|06:33:20.385] Imported new chain segment               blocks=1     txs=0     mgas=0.000   elapsed=1.019ms   mgasps=0.000    number=2405753 hash=e9c6a6…3ca2b2 dirty=687.23MiB\n","stream":"stderr","time":"2020-03-25T06:33:20.394258867Z"}
{"log":"INFO [03-25|06:33:35.524] Imported new chain segment               blocks=1     txs=1     mgas=0.056   elapsed=3.234ms   mgasps=17.231   number=2405754 hash=bebae3…5dd229 dirty=687.20MiB\n","stream":"stderr","time":"2020-03-25T06:33:35.524366738Z"}
{"log":"INFO [03-25|06:33:50.969] Imported new chain segment               blocks=1     txs=1     mgas=0.111   elapsed=4.086ms   mgasps=27.165   number=2405755 hash=9cb279…9ca3a2 dirty=687.22MiB\n","stream":"stderr","time":"2020-03-25T06:33:50.969692794Z"}
{"log":"INFO [03-25|06:34:05.070] Imported new chain segment               blocks=1     txs=0     mgas=0.000   elapsed=412.737µs mgasps=0.000    number=2405756 hash=97edcf…120b1d dirty=687.22MiB\n","stream":"stderr","time":"2020-03-25T06:34:05.070523445Z"}
{"log":"INFO [03-25|06:34:15.204] Deep froze chain segment                 blocks=4     elapsed=32.055ms  number=2315755 hash=a74738…588272\n","stream":"stderr","time":"2020-03-25T06:34:15.204680677Z"}
{"log":"INFO [03-25|06:34:20.052] Imported new chain segment               blocks=1     txs=0     mgas=0.000   elapsed=860.929µs mgasps=0.000    number=2405757 hash=1e6a1a…08a468 dirty=687.20MiB\n","stream":"stderr","time":"2020-03-25T06:34:20.052925061Z"}
{"log":"INFO [03-25|06:34:23.492] Imported new chain segment               blocks=1     txs=0     mgas=0.000   elapsed=308.839µs mgasps=0.000    number=2405757 hash=1e1d8b…7ee135 dirty=687.20MiB\n","stream":"stderr","time":"2020-03-25T06:34:23.492446166Z"}
{"log":"INFO [03-25|06:34:35.595] Imported new chain segment               blocks=1     txs=0     mgas=0.000   elapsed=587.594µs mgasps=0.000    number=2405758 hash=712ee1…2c4ef6 dirty=687.19MiB\n","stream":"stderr","time":"2020-03-25T06:34:35.595309099Z"}
{"log":"INFO [03-25|06:34:37.193] Chain reorg detected                     number=2405757 hash=1e6a1a…08a468 drop=1 dropfrom=712ee1…2c4ef6 add=1 addfrom=8318ea…c02f72\n","stream":"stderr","time":"2020-03-25T06:34:37.193941503Z"}
{"log":"INFO [03-25|06:34:37.194] Imported new chain segment               blocks=1     txs=0     mgas=0.000   elapsed=785.382µs mgasps=0.000    number=2405758 hash=8318ea…c02f72 dirty=687.19MiB\n","stream":"stderr","time":"2020-03-25T06:34:37.194227285Z"}
{"log":"INFO [03-25|06:34:51.036] Chain reorg detected                     number=2405757 hash=1e6a1a…08a468 drop=1 dropfrom=8318ea…c02f72 add=2 addfrom=f68f59…b55ed4\n","stream":"stderr","time":"2020-03-25T06:34:51.036334814Z"}
{"log":"INFO [03-25|06:34:51.036] Imported new chain segment               blocks=1     txs=2     mgas=0.620   elapsed=19.192ms  mgasps=32.305   number=2405759 hash=f68f59…b55ed4 dirty=687.23MiB\n","stream":"stderr","time":"2020-03-25T06:34:51.036714584Z"}
{"log":"INFO [03-25|06:34:57.788] Imported new chain segment               blocks=1     txs=3     mgas=0.731   elapsed=21.636ms  mgasps=33.787   number=2405759 hash=14a4e5…856a47 dirty=687.25MiB\n","stream":"stderr","time":"2020-03-25T06:34:57.789034698Z"}
{"log":"INFO [03-25|06:35:07.077] Imported new chain segment               blocks=1     txs=1     mgas=0.111   elapsed=3.855ms   mgasps=28.793   number=2405760 hash=500579…dc8be0 dirty=687.25MiB\n","stream":"stderr","time":"2020-03-25T06:35:07.077993976Z"}
{"log":"INFO [03-25|06:35:07.585] Imported new chain segment               blocks=1     txs=1     mgas=0.111   elapsed=3.642ms   mgasps=30.482   number=2405760 hash=f4917a…c33896 dirty=687.25MiB\n","stream":"stderr","time":"2020-03-25T06:35:07.585255707Z"}
{"log":"INFO [03-25|06:35:15.245] Deep froze chain segment                 blocks=4     elapsed=39.922ms  number=2315759 hash=70bba7…2566e9\n","stream":"stderr","time":"2020-03-25T06:35:15.245269586Z"}
{"log":"INFO [03-25|06:35:20.707] Imported new chain segment               blocks=1     txs=1     mgas=0.096   elapsed=2.541ms   mgasps=37.735   number=2405761 hash=ceff3d…38c986 dirty=687.26MiB\n","stream":"stderr","time":"2020-03-25T06:35:20.707532382Z"}
{"log":"INFO [03-25|06:35:20.872] Imported new chain segment               blocks=1     txs=2     mgas=0.529   elapsed=17.943ms  mgasps=29.489   number=2405761 hash=9e6579…823556 dirty=687.28MiB\n","stream":"stderr","time":"2020-03-25T06:35:20.87253885Z"}
{"log":"INFO [03-25|06:35:25.065] Chain reorg detected                     number=2405760 hash=500579…dc8be0 drop=1 dropfrom=ceff3d…38c986 add=1 addfrom=dd4f77…0466ef\n","stream":"stderr","time":"2020-03-25T06:35:25.065409104Z"}
{"log":"INFO [03-25|06:35:25.065] Imported new chain segment               blocks=1     txs=2     mgas=0.529   elapsed=24.173ms  mgasps=21.889   number=2405761 hash=dd4f77…0466ef dirty=687.29MiB\n","stream":"stderr","time":"2020-03-25T06:35:25.065820193Z"}
{"log":"INFO [03-25|06:35:35.424] Imported new chain segment               blocks=1     txs=5     mgas=1.737   elapsed=21.024ms  mgasps=82.636   number=2405762 hash=524e9d…305d6b dirty=687.39MiB\n","stream":"stderr","time":"2020-03-25T06:35:35.425007522Z"}
{"log":"INFO [03-25|06:35:35.630] Chain reorg detected                     number=2405761 hash=dd4f77…0466ef drop=1 dropfrom=524e9d…305d6b add=1 addfrom=4df095…fac27d\n","stream":"stderr","time":"2020-03-25T06:35:35.631915896Z"}
{"log":"INFO [03-25|06:35:35.630] Imported new chain segment               blocks=1     txs=5     mgas=1.737   elapsed=19.372ms  mgasps=89.684   number=2405762 hash=4df095…fac27d dirty=687.40MiB\n","stream":"stderr","time":"2020-03-25T06:35:35.631940542Z"}
{"log":"INFO [03-25|06:35:50.267] Imported new chain segment               blocks=1     txs=0     mgas=0.000   elapsed=597.23µs  mgasps=0.000    number=2405763 hash=210e83…6b7cf8 dirty=687.39MiB\n","stream":"stderr","time":"2020-03-25T06:35:50.267257794Z"}
{"log":"INFO [03-25|06:35:50.288] Imported new chain segment               blocks=1     txs=0     mgas=0.000   elapsed=327.732µs mgasps=0.000    number=2405763 hash=ae400d…e2dbda dirty=687.39MiB\n","stream":"stderr","time":"2020-03-25T06:35:50.289047188Z"}
{"log":"INFO [03-25|06:35:52.973] Chain reorg detected                     number=2405761 hash=dd4f77…0466ef drop=2 dropfrom=210e83…6b7cf8 add=2 addfrom=6d733b…6dfef6\n","stream":"stderr","time":"2020-03-25T06:35:52.973399182Z"}
{"log":"INFO [03-25|06:35:52.973] Imported new chain segment               blocks=1     txs=1     mgas=0.433   elapsed=18.208ms  mgasps=23.794   number=2405763 hash=6d733b…6dfef6 dirty=687.41MiB\n","stream":"stderr","time":"2020-03-25T06:35:52.974146141Z"}
{"log":"INFO [03-25|06:35:53.227] Regenerated local transaction journal    transactions=0 accounts=0\n","stream":"stderr","time":"2020-03-25T06:35:53.227605373Z"}
{"log":"INFO [03-25|06:36:05.135] Imported new chain segment               blocks=1     txs=0     mgas=0.000   elapsed=856.94µs  mgasps=0.000    number=2405764 hash=bd58d7…b01c07 dirty=687.41MiB\n","stream":"stderr","time":"2020-03-25T06:36:05.135851346Z"}
{"log":"INFO [03-25|06:36:15.278] Deep froze chain segment                 blocks=4     elapsed=33.067ms  number=2315763 hash=446d9e…d6e5f1\n","stream":"stderr","time":"2020-03-25T06:36:15.278516909Z"}
{"log":"INFO [03-25|06:36:20.187] Imported new chain segment               blocks=1     txs=0     mgas=0.000   elapsed=777.03µs  mgasps=0.000    number=2405765 hash=0ee65b…77ff2d dirty=687.38MiB\n","stream":"stderr","time":"2020-03-25T06:36:20.187726561Z"}
{"log":"INFO [03-25|06:36:23.855] Chain reorg detected                     number=2405764 hash=bd58d7…b01c07 drop=1 dropfrom=0ee65b…77ff2d add=1 addfrom=d1054f…407346\n","stream":"stderr","time":"2020-03-25T06:36:23.855519507Z"}
{"log":"INFO [03-25|06:36:23.855] Imported new chain segment               blocks=1     txs=0     mgas=0.000   elapsed=590.996µs mgasps=0.000    number=2405765 hash=d1054f…407346 dirty=687.38MiB\n","stream":"stderr","time":"2020-03-25T06:36:23.85572484Z"}
{"log":"INFO [03-25|06:36:35.174] Chain reorg detected                     number=2405764 hash=bd58d7…b01c07 drop=1 dropfrom=d1054f…407346 add=2 addfrom=db0fcb…3e3bad\n","stream":"stderr","time":"2020-03-25T06:36:35.174993445Z"}
{"log":"INFO [03-25|06:36:35.175] Imported new chain segment               blocks=1     txs=2     mgas=0.544   elapsed=20.247ms  mgasps=26.881   number=2405766 hash=db0fcb…3e3bad dirty=687.41MiB\n","stream":"stderr","time":"2020-03-25T06:36:35.175368297Z"}
{"log":"INFO [03-25|06:36:36.345] Imported new chain segment               blocks=1     txs=0     mgas=0.000   elapsed=287.586µs mgasps=0.000    number=2405766 hash=b9d3be…d7e75f dirty=687.41MiB\n","stream":"stderr","time":"2020-03-25T06:36:36.345858578Z"}
{"log":"INFO [03-25|06:36:36.454] Imported new chain segment               blocks=1     txs=1     mgas=0.433   elapsed=10.425ms  mgasps=41.556   number=2405766 hash=936aaf…6d5fd9 dirty=687.42MiB\n","stream":"stderr","time":"2020-03-25T06:36:36.454721237Z"}
{"log":"INFO [03-25|06:36:50.105] Imported new chain segment               blocks=1     txs=2     mgas=0.167   elapsed=6.598ms   mgasps=25.276   number=2405767 hash=9d4bfa…1b9306 dirty=687.39MiB\n","stream":"stderr","time":"2020-03-25T06:36:50.105799305Z"}
{"log":"INFO [03-25|06:36:53.685] Imported new chain segment               blocks=1     txs=0     mgas=0.000   elapsed=374.593µs mgasps=0.000    number=2405767 hash=c8444c…291a58 dirty=687.39MiB\n","stream":"stderr","time":"2020-03-25T06:36:53.68611269Z"}
{"log":"INFO [03-25|06:37:05.139] Imported new chain segment               blocks=1     txs=1     mgas=0.433   elapsed=13.800ms  mgasps=31.392   number=2405768 hash=755c0e…8d5b38 dirty=687.38MiB\n","stream":"stderr","time":"2020-03-25T06:37:05.139768049Z"}
{"log":"INFO [03-25|06:37:07.893] Imported new chain segment               blocks=1     txs=0     mgas=0.000   elapsed=300.689µs mgasps=0.000    number=2405768 hash=9de3db…977f2c dirty=687.38MiB\n","stream":"stderr","time":"2020-03-25T06:37:07.893754914Z"}
{"log":"INFO [03-25|06:37:12.043] Imported new chain segment               blocks=1     txs=1     mgas=0.433   elapsed=15.733ms  mgasps=27.536   number=2405768 hash=c4687b…f11f4d dirty=687.39MiB\n","stream":"stderr","time":"2020-03-25T06:37:12.043398732Z"}
{"log":"INFO [03-25|06:37:15.310] Deep froze chain segment                 blocks=4     elapsed=31.521ms  number=2315767 hash=7dbff6…5ff6be\n","stream":"stderr","time":"2020-03-25T06:37:15.310509127Z"}
{"log":"INFO [03-25|06:37:20.900] Imported new chain segment               blocks=1     txs=0     mgas=0.000   elapsed=532.39µs  mgasps=0.000    number=2405769 hash=6e5314…404e0e dirty=687.39MiB\n","stream":"stderr","time":"2020-03-25T06:37:20.900646339Z"}
{"log":"INFO [03-25|06:37:20.982] Imported new chain segment               blocks=1     txs=1     mgas=0.111   elapsed=2.349ms   mgasps=47.253   number=2405769 hash=2c85f7…9fadf3 dirty=687.40MiB\n","stream":"stderr","time":"2020-03-25T06:37:20.982679156Z"}
{"log":"INFO [03-25|06:37:35.692] Imported new chain segment               blocks=1     txs=1     mgas=0.111   elapsed=13.339ms  mgasps=8.324    number=2405770 hash=417ec5…ace112 dirty=687.26MiB\n","stream":"stderr","time":"2020-03-25T06:37:35.69283948Z"}
{"log":"INFO [03-25|06:37:35.900] Imported new chain segment               blocks=1     txs=1     mgas=0.111   elapsed=12.371ms  mgasps=8.976    number=2405770 hash=b3beba…6687b1 dirty=687.26MiB\n","stream":"stderr","time":"2020-03-25T06:37:35.901045843Z"}
{"log":"INFO [03-25|06:37:51.897] Imported new chain segment               blocks=1     txs=1     mgas=0.433   elapsed=14.317ms  mgasps=30.260   number=2405771 hash=df7a7d…b5cfd0 dirty=687.27MiB\n","stream":"stderr","time":"2020-03-25T06:37:51.897350804Z"}
{"log":"INFO [03-25|06:37:52.287] Imported new chain segment               blocks=1     txs=1     mgas=0.433   elapsed=16.812ms  mgasps=25.768   number=2405771 hash=dca0ea…74640e dirty=687.27MiB\n","stream":"stderr","time":"2020-03-25T06:37:52.287259952Z"}
{"log":"INFO [03-25|06:37:57.147] Chain reorg detected                     number=2405770 hash=417ec5…ace112 drop=1 dropfrom=df7a7d…b5cfd0 add=1 addfrom=2824f7…9fcffe\n","stream":"stderr","time":"2020-03-25T06:37:57.156696283Z"}
{"log":"INFO [03-25|06:37:57.148] Imported new chain segment               blocks=1     txs=1     mgas=0.433   elapsed=18.453ms  mgasps=23.477   number=2405771 hash=2824f7…9fcffe dirty=687.27MiB\n","stream":"stderr","time":"2020-03-25T06:37:57.156750727Z"}
{"log":"INFO [03-25|06:38:05.706] Imported new chain segment               blocks=1     txs=5     mgas=1.986   elapsed=21.843ms  mgasps=90.922   number=2405772 hash=56e8e4…306f3e dirty=687.39MiB\n","stream":"stderr","time":"2020-03-25T06:38:05.706886082Z"}
{"log":"INFO [03-25|06:38:05.942] Imported new chain segment               blocks=1     txs=1     mgas=0.493   elapsed=7.562ms   mgasps=65.221   number=2405772 hash=7fac25…28d2ff dirty=687.42MiB\n","stream":"stderr","time":"2020-03-25T06:38:05.94317578Z"}
{"log":"INFO [03-25|06:38:07.194] Imported new chain segment               blocks=1     txs=5     mgas=1.986   elapsed=15.847ms  mgasps=125.320  number=2405772 hash=288a86…dbaad7 dirty=687.42MiB\n","stream":"stderr","time":"2020-03-25T06:38:07.194677115Z"}
{"log":"INFO [03-25|06:38:15.345] Deep froze chain segment                 blocks=4     elapsed=34.845ms  number=2315771 hash=fea635…c01d01\n","stream":"stderr","time":"2020-03-25T06:38:15.34563418Z"}
{"log":"INFO [03-25|06:38:22.032] Imported new chain segment               blocks=1     txs=4     mgas=1.493   elapsed=13.167ms  mgasps=113.368  number=2405773 hash=ac6c06…9c43c5 dirty=687.42MiB\n","stream":"stderr","time":"2020-03-25T06:38:22.032301823Z"}
{"log":"INFO [03-25|06:38:22.120] Imported new chain segment               blocks=1     txs=4     mgas=1.493   elapsed=10.400ms  mgasps=143.539  number=2405773 hash=d6fc1a…1f8345 dirty=687.42MiB\n","stream":"stderr","time":"2020-03-25T06:38:22.120738142Z"}
{"log":"INFO [03-25|06:38:35.072] Imported new chain segment               blocks=1     txs=1     mgas=0.096   elapsed=2.724ms   mgasps=35.196   number=2405774 hash=aa0b7e…fdcd54 dirty=687.41MiB\n","stream":"stderr","time":"2020-03-25T06:38:35.072259588Z"}
{"log":"INFO [03-25|06:38:37.809] Imported new chain segment               blocks=1     txs=1     mgas=0.096   elapsed=1.661ms   mgasps=57.740   number=2405774 hash=509fea…08198e dirty=687.42MiB\n","stream":"stderr","time":"2020-03-25T06:38:37.809306967Z"}
{"log":"INFO [03-25|06:38:52.007] Imported new chain segment               blocks=1     txs=0     mgas=0.000   elapsed=921.705µs mgasps=0.000    number=2405775 hash=1cf425…9d641e dirty=687.39MiB\n","stream":"stderr","time":"2020-03-25T06:38:52.008155894Z"}
{"log":"INFO [03-25|06:39:05.522] Imported new chain segment               blocks=1     txs=0     mgas=0.000   elapsed=568.153µs mgasps=0.000    number=2405776 hash=52792b…1b149a dirty=687.38MiB\n","stream":"stderr","time":"2020-03-25T06:39:05.522411458Z"}
{"log":"INFO [03-25|06:39:15.381] Deep froze chain segment                 blocks=4     elapsed=36.089ms  number=2315775 hash=a63c7f…097ce6\n","stream":"stderr","time":"2020-03-25T06:39:15.382160124Z"}
{"log":"INFO [03-25|06:39:20.133] Imported new chain segment               blocks=1     txs=0     mgas=0.000   elapsed=1.210ms   mgasps=0.000    number=2405777 hash=a2f5e4…183d1b dirty=687.33MiB\n","stream":"stderr","time":"2020-03-25T06:39:20.13420497Z"}
{"log":"INFO [03-25|06:39:35.111] Imported new chain segment               blocks=1     txs=1     mgas=0.487   elapsed=17.349ms  mgasps=28.049   number=2405778 hash=a17f87…979ac7 dirty=687.35MiB\n","stream":"stderr","time":"2020-03-25T06:39:35.111583667Z"}
{"log":"INFO [03-25|06:39:36.401] Imported new chain segment               blocks=1     txs=1     mgas=0.487   elapsed=17.089ms  mgasps=28.476   number=2405778 hash=c861db…0399d7 dirty=687.35MiB\n","stream":"stderr","time":"2020-03-25T06:39:36.401433314Z"}
{"log":"INFO [03-25|06:39:42.292] Imported new chain segment               blocks=1     txs=1     mgas=0.487   elapsed=13.253ms  mgasps=36.717   number=2405778 hash=6ae792…4c9b72 dirty=687.36MiB\n","stream":"stderr","time":"2020-03-25T06:39:42.292175044Z"}
{"log":"INFO [03-25|06:39:51.072] Imported new chain segment               blocks=1     txs=1     mgas=0.056   elapsed=3.918ms   mgasps=14.222   number=2405779 hash=a8339f…b1a182 dirty=687.25MiB\n","stream":"stderr","time":"2020-03-25T06:39:51.073063195Z"}
{"log":"INFO [03-25|06:39:52.058] Chain reorg detected                     number=2405778 hash=a17f87…979ac7 drop=1 dropfrom=a8339f…b1a182 add=1 addfrom=eb5b87…11d8c5\n","stream":"stderr","time":"2020-03-25T06:39:52.059155801Z"}
{"log":"INFO [03-25|06:39:52.059] Imported new chain segment               blocks=1     txs=1     mgas=0.056   elapsed=3.360ms   mgasps=16.586   number=2405779 hash=eb5b87…11d8c5 dirty=687.26MiB\n","stream":"stderr","time":"2020-03-25T06:39:52.059933793Z"}
{"log":"INFO [03-25|06:40:05.550] Imported new chain segment               blocks=1     txs=1     mgas=0.433   elapsed=24.853ms  mgasps=17.432   number=2405780 hash=30fdf9…d6bbc7 dirty=687.26MiB\n","stream":"stderr","time":"2020-03-25T06:40:05.550874722Z"}
{"log":"INFO [03-25|06:40:07.356] Imported new chain segment               blocks=1     txs=1     mgas=0.433   elapsed=15.043ms  mgasps=28.800   number=2405780 hash=24cae4…0a3f91 dirty=687.27MiB\n","stream":"stderr","time":"2020-03-25T06:40:07.356360762Z"}
{"log":"INFO [03-25|06:40:15.412] Deep froze chain segment                 blocks=4     elapsed=30.654ms  number=2315779 hash=4b74a6…3db69a\n","stream":"stderr","time":"2020-03-25T06:40:15.413115558Z"}
{"log":"INFO [03-25|06:40:20.089] Imported new chain segment               blocks=1     txs=0     mgas=0.000   elapsed=393.287µs mgasps=0.000    number=2405781 hash=c36d8b…ebfa5e dirty=687.27MiB\n","stream":"stderr","time":"2020-03-25T06:40:20.089264275Z"}
{"log":"INFO [03-25|06:40:21.986] Imported new chain segment               blocks=1     txs=0     mgas=0.000   elapsed=328.73µs  mgasps=0.000    number=2405781 hash=2985f8…dd9707 dirty=687.27MiB\n","stream":"stderr","time":"2020-03-25T06:40:21.986977389Z"}
{"log":"INFO [03-25|06:40:36.141] Imported new chain segment               blocks=1     txs=0     mgas=0.000   elapsed=496.436µs mgasps=0.000    number=2405782 hash=ebbc74…26f041 dirty=687.27MiB\n","stream":"stderr","time":"2020-03-25T06:40:36.142144572Z"}
{"log":"INFO [03-25|06:40:37.801] Imported new chain segment               blocks=1     txs=0     mgas=0.000   elapsed=344.512µs mgasps=0.000    number=2405782 hash=8a6545…74d457 dirty=687.27MiB\n","stream":"stderr","time":"2020-03-25T06:40:37.801911104Z"}
{"log":"INFO [03-25|06:40:37.888] Imported new chain segment               blocks=1     txs=4     mgas=3.364   elapsed=14.493ms  mgasps=232.080  number=2405782 hash=4c4e4a…ecee7b dirty=687.55MiB\n","stream":"stderr","time":"2020-03-25T06:40:37.888935811Z"}
{"log":"INFO [03-25|06:40:50.765] Imported new chain segment               blocks=1     txs=5     mgas=3.134   elapsed=35.618ms  mgasps=87.999   number=2405783 hash=bf9766…1f2395 dirty=687.62MiB\n","stream":"stderr","time":"2020-03-25T06:40:50.765426167Z"}
{"log":"INFO [03-25|06:40:50.877] Chain reorg detected                     number=2405782 hash=ebbc74…26f041 drop=1 dropfrom=bf9766…1f2395 add=1 addfrom=f33300…47bd6a\n","stream":"stderr","time":"2020-03-25T06:40:50.87777407Z"}
{"log":"INFO [03-25|06:40:50.877] Imported new chain segment               blocks=1     txs=3     mgas=1.710   elapsed=21.841ms  mgasps=78.309   number=2405783 hash=f33300…47bd6a dirty=687.65MiB\n","stream":"stderr","time":"2020-03-25T06:40:50.878105199Z"}
{"log":"INFO [03-25|06:40:52.794] Chain reorg detected                     number=2405782 hash=ebbc74…26f041 drop=1 dropfrom=f33300…47bd6a add=1 addfrom=7c4d96…983362\n","stream":"stderr","time":"2020-03-25T06:40:52.794742538Z"}
{"log":"INFO [03-25|06:40:52.794] Imported new chain segment               blocks=1     txs=5     mgas=3.096   elapsed=32.833ms  mgasps=94.293   number=2405783 hash=7c4d96…983362 dirty=687.66MiB\n","stream":"stderr","time":"2020-03-25T06:40:52.795119726Z"}
{"log":"INFO [03-25|06:41:05.141] Imported new chain segment               blocks=1     txs=3     mgas=1.332   elapsed=11.000ms  mgasps=121.123  number=2405784 hash=d9e808…63f174 dirty=687.70MiB\n","stream":"stderr","time":"2020-03-25T06:41:05.141867563Z"}
{"log":"INFO [03-25|06:41:08.083] Imported new chain segment               blocks=1     txs=2     mgas=1.336   elapsed=9.787ms   mgasps=136.490  number=2405784 hash=d768a5…216597 dirty=687.72MiB\n","stream":"stderr","time":"2020-03-25T06:41:08.083926474Z"}
{"log":"INFO [03-25|06:41:15.436] Deep froze chain segment                 blocks=4     elapsed=23.117ms  number=2315783 hash=abd838…25b85e\n","stream":"stderr","time":"2020-03-25T06:41:15.436487646Z"}
{"log":"INFO [03-25|06:41:20.974] Imported new chain segment               blocks=1     txs=0     mgas=0.000   elapsed=462.261µs mgasps=0.000    number=2405785 hash=32f61e…e62343 dirty=687.72MiB\n","stream":"stderr","time":"2020-03-25T06:41:20.974478968Z"}
{"log":"INFO [03-25|06:41:35.101] Imported new chain segment               blocks=1     txs=1     mgas=0.433   elapsed=18.120ms  mgasps=23.908   number=2405786 hash=1b768f…ca919a dirty=687.72MiB\n","stream":"stderr","time":"2020-03-25T06:41:35.10157816Z"}
{"log":"INFO [03-25|06:41:36.254] Imported new chain segment               blocks=1     txs=1     mgas=0.433   elapsed=16.851ms  mgasps=25.708   number=2405786 hash=5ee6ea…1783ec dirty=687.73MiB\n","stream":"stderr","time":"2020-03-25T06:41:36.25428455Z"}
{"log":"INFO [03-25|06:41:50.063] Imported new chain segment               blocks=1     txs=0     mgas=0.000   elapsed=544.304µs mgasps=0.000    number=2405787 hash=c3d76f…b5a344 dirty=687.72MiB\n","stream":"stderr","time":"2020-03-25T06:41:50.06332002Z"}
{"log":"INFO [03-25|06:42:06.608] Imported new chain segment               blocks=1     txs=0     mgas=0.000   elapsed=565.054µs mgasps=0.000    number=2405788 hash=4eaa77…4f43a9 dirty=687.72MiB\n","stream":"stderr","time":"2020-03-25T06:42:06.608533941Z"}
{"log":"INFO [03-25|06:42:06.842] Chain reorg detected                     number=2405787 hash=c3d76f…b5a344 drop=1 dropfrom=4eaa77…4f43a9 add=1 addfrom=f9e4dd…696312\n","stream":"stderr","time":"2020-03-25T06:42:06.843124218Z"}
{"log":"INFO [03-25|06:42:06.843] Imported new chain segment               blocks=1     txs=1     mgas=0.433   elapsed=13.797ms  mgasps=31.400   number=2405788 hash=f9e4dd…696312 dirty=687.74MiB\n","stream":"stderr","time":"2020-03-25T06:42:06.843365678Z"}
{"log":"INFO [03-25|06:42:15.466] Deep froze chain segment                 blocks=4     elapsed=29.834ms  number=2315787 hash=8f7442…34f329\n","stream":"stderr","time":"2020-03-25T06:42:15.466600864Z"}
{"log":"INFO [03-25|06:42:20.963] Chain reorg detected                     number=2405787 hash=c3d76f…b5a344 drop=1 dropfrom=f9e4dd…696312 add=2 addfrom=ab4ac5…10fd77\n","stream":"stderr","time":"2020-03-25T06:42:20.96375106Z"}
{"log":"INFO [03-25|06:42:20.963] Imported new chain segment               blocks=1     txs=1     mgas=0.433   elapsed=16.415ms  mgasps=26.393   number=2405789 hash=ab4ac5…10fd77 dirty=687.72MiB\n","stream":"stderr","time":"2020-03-25T06:42:20.963825146Z"}
{"log":"INFO [03-25|06:42:22.019] Imported new chain segment               blocks=1     txs=1     mgas=0.433   elapsed=16.905ms  mgasps=25.627   number=2405789 hash=d491d3…643091 dirty=687.72MiB\n","stream":"stderr","time":"2020-03-25T06:42:22.019963383Z"}
{"log":"INFO [03-25|06:42:26.299] Imported new chain segment               blocks=1     txs=1     mgas=0.433   elapsed=23.576ms  mgasps=18.376   number=2405789 hash=dd2032…a1a923 dirty=687.72MiB\n","stream":"stderr","time":"2020-03-25T06:42:26.299204278Z"}
{"log":"INFO [03-25|06:42:35.735] Imported new chain segment               blocks=1     txs=0     mgas=0.000   elapsed=9.038ms   mgasps=0.000    number=2405790 hash=4b5c6f…01d46c dirty=687.46MiB\n","stream":"stderr","time":"2020-03-25T06:42:35.735882816Z"}
{"log":"INFO [03-25|06:42:37.351] Imported new chain segment               blocks=1     txs=1     mgas=0.433   elapsed=16.623ms  mgasps=26.062   number=2405790 hash=e3be08…99e8cc dirty=687.48MiB\n","stream":"stderr","time":"2020-03-25T06:42:37.352199016Z"}
{"log":"INFO [03-25|06:42:51.001] Imported new chain segment               blocks=1     txs=2     mgas=0.529   elapsed=18.806ms  mgasps=28.137   number=2405791 hash=2ad2dc…16ba11 dirty=687.46MiB\n","stream":"stderr","time":"2020-03-25T06:42:51.001932161Z"}
{"log":"INFO [03-25|06:42:56.097] Chain reorg detected                     number=2405790 hash=4b5c6f…01d46c drop=1 dropfrom=2ad2dc…16ba11 add=1 addfrom=72a120…1dbd6e\n","stream":"stderr","time":"2020-03-25T06:42:56.09799942Z"}
{"log":"INFO [03-25|06:42:56.098] Imported new chain segment               blocks=1     txs=2     mgas=0.529   elapsed=17.811ms  mgasps=29.709   number=2405791 hash=72a120…1dbd6e dirty=687.46MiB\n","stream":"stderr","time":"2020-03-25T06:42:56.098283342Z"}
{"log":"INFO [03-25|06:43:06.058] Imported new chain segment               blocks=1     txs=1     mgas=0.056   elapsed=2.107ms   mgasps=26.444   number=2405792 hash=66682d…aff22f dirty=687.47MiB\n","stream":"stderr","time":"2020-03-25T06:43:06.058751927Z"}
{"log":"INFO [03-25|06:43:07.549] Imported new chain segment               blocks=1     txs=1     mgas=0.056   elapsed=1.700ms   mgasps=32.771   number=2405792 hash=bc43eb…e376a8 dirty=687.48MiB\n","stream":"stderr","time":"2020-03-25T06:43:07.549288436Z"}
{"log":"INFO [03-25|06:43:15.500] Deep froze chain segment                 blocks=4     elapsed=33.532ms  number=2315791 hash=9a22f8…5dc832\n","stream":"stderr","time":"2020-03-25T06:43:15.500501139Z"}
{"log":"INFO [03-25|06:43:21.283] Imported new chain segment               blocks=1     txs=0     mgas=0.000   elapsed=733.16µs  mgasps=0.000    number=2405793 hash=d03acf…7d4012 dirty=687.48MiB\n","stream":"stderr","time":"2020-03-25T06:43:21.283815289Z"}
{"log":"INFO [03-25|06:43:21.318] Imported new chain segment               blocks=1     txs=0     mgas=0.000   elapsed=230.635µs mgasps=0.000    number=2405793 hash=7eb58d…f07d20 dirty=687.48MiB\n","stream":"stderr","time":"2020-03-25T06:43:21.318987638Z"}
{"log":"INFO [03-25|06:43:37.561] Imported new chain segment               blocks=1     txs=0     mgas=0.000   elapsed=912.733µs mgasps=0.000    number=2405794 hash=334d6d…0ae7f7 dirty=687.45MiB\n","stream":"stderr","time":"2020-03-25T06:43:37.561428801Z"}
{"log":"INFO [03-25|06:43:37.741] Chain reorg detected                     number=2405793 hash=d03acf…7d4012 drop=1 dropfrom=334d6d…0ae7f7 add=1 addfrom=800ba7…7f1e19\n","stream":"stderr","time":"2020-03-25T06:43:37.741784875Z"}
{"log":"INFO [03-25|06:43:37.741] Imported new chain segment               blocks=1     txs=0     mgas=0.000   elapsed=564.52µs  mgasps=0.000    number=2405794 hash=800ba7…7f1e19 dirty=687.45MiB\n","stream":"stderr","time":"2020-03-25T06:43:37.741938307Z"}
{"log":"INFO [03-25|06:43:37.835] Chain reorg detected                     number=2405793 hash=d03acf…7d4012 drop=1 dropfrom=800ba7…7f1e19 add=1 addfrom=b49881…6919ea\n","stream":"stderr","time":"2020-03-25T06:43:37.835934654Z"}
{"log":"INFO [03-25|06:43:37.836] Imported new chain segment               blocks=1     txs=1     mgas=0.111   elapsed=4.580ms   mgasps=24.240   number=2405794 hash=b49881…6919ea dirty=687.47MiB\n","stream":"stderr","time":"2020-03-25T06:43:37.836165093Z"}
{"log":"INFO [03-25|06:43:51.826] Chain reorg detected                     number=2405793 hash=d03acf…7d4012 drop=1 dropfrom=b49881…6919ea add=2 addfrom=50be98…d8eea5\n","stream":"stderr","time":"2020-03-25T06:43:51.82674092Z"}
{"log":"INFO [03-25|06:43:51.827] Imported new chain segment               blocks=1     txs=1     mgas=0.111   elapsed=5.101ms   mgasps=21.766   number=2405795 hash=50be98…d8eea5 dirty=687.47MiB\n","stream":"stderr","time":"2020-03-25T06:43:51.827127942Z"}
{"log":"INFO [03-25|06:43:51.885] Chain reorg detected                     number=2405793 hash=d03acf…7d4012 drop=2 dropfrom=50be98…d8eea5 add=2 addfrom=051437…38000f\n","stream":"stderr","time":"2020-03-25T06:43:51.886134056Z"}
{"log":"INFO [03-25|06:43:51.886] Imported new chain segment               blocks=1     txs=1     mgas=0.111   elapsed=4.033ms   mgasps=27.530   number=2405795 hash=051437…38000f dirty=687.48MiB\n","stream":"stderr","time":"2020-03-25T06:43:51.886408251Z"}
{"log":"INFO [03-25|06:43:54.358] Imported new chain segment               blocks=1     txs=0     mgas=0.000   elapsed=317.209µs mgasps=0.000    number=2405795 hash=da28a4…970f61 dirty=687.48MiB\n","stream":"stderr","time":"2020-03-25T06:43:54.358428959Z"}
{"log":"INFO [03-25|06:44:05.226] Imported new chain segment               blocks=1     txs=1     mgas=0.096   elapsed=3.517ms   mgasps=27.269   number=2405796 hash=af23b4…2c5575 dirty=687.47MiB\n","stream":"stderr","time":"2020-03-25T06:44:05.227072337Z"}
{"log":"INFO [03-25|06:44:06.273] Chain reorg detected                     number=2405793 hash=d03acf…7d4012 drop=3 dropfrom=af23b4…2c5575 add=3 addfrom=86bc8e…ada033\n","stream":"stderr","time":"2020-03-25T06:44:06.273337281Z"}
{"log":"INFO [03-25|06:44:06.273] Imported new chain segment               blocks=1     txs=0     mgas=0.000   elapsed=992.981µs mgasps=0.000    number=2405796 hash=86bc8e…ada033 dirty=687.47MiB\n","stream":"stderr","time":"2020-03-25T06:44:06.273781374Z"}
{"log":"INFO [03-25|06:44:06.618] Chain reorg detected                     number=2405795 hash=50be98…d8eea5 drop=1 dropfrom=86bc8e…ada033 add=1 addfrom=ff8d61…155c74\n","stream":"stderr","time":"2020-03-25T06:44:06.618791679Z"}
{"log":"INFO [03-25|06:44:06.618] Imported new chain segment               blocks=1     txs=1     mgas=0.096   elapsed=4.468ms   mgasps=21.465   number=2405796 hash=ff8d61…155c74 dirty=687.48MiB\n","stream":"stderr","time":"2020-03-25T06:44:06.61916253Z"}
{"log":"INFO [03-25|06:44:15.531] Deep froze chain segment                 blocks=4     elapsed=30.586ms  number=2315795 hash=bff560…c4b707\n","stream":"stderr","time":"2020-03-25T06:44:15.531380249Z"}
{"log":"INFO [03-25|06:44:21.270] Chain reorg detected                     number=2405793 hash=d03acf…7d4012 drop=3 dropfrom=ff8d61…155c74 add=4 addfrom=1257e6…440fbd\n","stream":"stderr","time":"2020-03-25T06:44:21.27103798Z"}
{"log":"INFO [03-25|06:44:21.271] Imported new chain segment               blocks=1     txs=0     mgas=0.000   elapsed=2.169ms   mgasps=0.000    number=2405797 hash=1257e6…440fbd dirty=687.45MiB\n","stream":"stderr","time":"2020-03-25T06:44:21.271937042Z"}
{"log":"INFO [03-25|06:44:35.705] Imported new chain segment               blocks=1     txs=1     mgas=0.487   elapsed=15.490ms  mgasps=31.415   number=2405798 hash=4016e4…68f7d2 dirty=687.48MiB\n","stream":"stderr","time":"2020-03-25T06:44:35.706417936Z"}
{"log":"INFO [03-25|06:44:37.577] Imported new chain segment               blocks=1     txs=1     mgas=0.487   elapsed=16.497ms  mgasps=29.497   number=2405798 hash=b3386f…d87ffe dirty=687.48MiB\n","stream":"stderr","time":"2020-03-25T06:44:37.577882365Z"}
{"log":"INFO [03-25|06:44:42.464] Chain reorg detected                     number=2405797 hash=1257e6…440fbd drop=1 dropfrom=4016e4…68f7d2 add=1 addfrom=6ae2a4…173195\n","stream":"stderr","time":"2020-03-25T06:44:42.464491596Z"}
{"log":"INFO [03-25|06:44:42.464] Imported new chain segment               blocks=1     txs=1     mgas=0.487   elapsed=22.894ms  mgasps=21.256   number=2405798 hash=6ae2a4…173195 dirty=687.48MiB\n","stream":"stderr","time":"2020-03-25T06:44:42.465862648Z"}
{"log":"INFO [03-25|06:44:50.120] Imported new chain segment               blocks=1     txs=0     mgas=0.000   elapsed=515.615µs mgasps=0.000    number=2405799 hash=667243…53afa8 dirty=687.48MiB\n","stream":"stderr","time":"2020-03-25T06:44:50.123058195Z"}
{"log":"INFO [03-25|06:45:05.079] Imported new chain segment               blocks=1     txs=0     mgas=0.000   elapsed=774.318µs mgasps=0.000    number=2405800 hash=197038…c40295 dirty=687.46MiB\n","stream":"stderr","time":"2020-03-25T06:45:05.080011257Z"}
{"log":"INFO [03-25|06:45:15.564] Deep froze chain segment                 blocks=4     elapsed=33.342ms  number=2315799 hash=af3748…de7eb5\n","stream":"stderr","time":"2020-03-25T06:45:15.564965481Z"}
{"log":"INFO [03-25|06:45:22.434] Imported new chain segment               blocks=1     txs=1     mgas=0.433   elapsed=17.285ms  mgasps=25.063   number=2405801 hash=a1176b…2c5f4f dirty=687.48MiB\n","stream":"stderr","time":"2020-03-25T06:45:22.435072366Z"}
{"log":"INFO [03-25|06:45:22.752] Imported new chain segment               blocks=1     txs=1     mgas=3.775   elapsed=20.083ms  mgasps=187.968  number=2405801 hash=e2996c…aa9818 dirty=687.89MiB\n","stream":"stderr","time":"2020-03-25T06:45:22.752855626Z"}
{"log":"INFO [03-25|06:45:35.278] Chain reorg detected                     number=2405800 hash=197038…c40295 drop=1 dropfrom=a1176b…2c5f4f add=2 addfrom=d2da14…5913fd\n","stream":"stderr","time":"2020-03-25T06:45:35.278309573Z"}
{"log":"INFO [03-25|06:45:35.279] Imported new chain segment               blocks=1     txs=6     mgas=2.166   elapsed=33.216ms  mgasps=65.220   number=2405802 hash=d2da14…5913fd dirty=687.99MiB\n","stream":"stderr","time":"2020-03-25T06:45:35.279245213Z"}
{"log":"INFO [03-25|06:45:37.793] Chain reorg detected                     number=2405800 hash=197038…c40295 drop=2 dropfrom=d2da14…5913fd add=2 addfrom=d13c43…cc58ea\n","stream":"stderr","time":"2020-03-25T06:45:37.79341271Z"}
{"log":"INFO [03-25|06:45:37.794] Imported new chain segment               blocks=1     txs=1     mgas=3.775   elapsed=33.637ms  mgasps=112.230  number=2405802 hash=d13c43…cc58ea dirty=687.99MiB\n","stream":"stderr","time":"2020-03-25T06:45:37.794153452Z"}
{"log":"INFO [03-25|06:45:51.072] Imported new chain segment               blocks=1     txs=6     mgas=2.166   elapsed=38.183ms  mgasps=56.737   number=2405803 hash=64c6ac…5f5dc6 dirty=688.00MiB\n","stream":"stderr","time":"2020-03-25T06:45:51.072489132Z"}
{"log":"INFO [03-25|06:45:53.269] Chain reorg detected                     number=2405800 hash=197038…c40295 drop=3 dropfrom=64c6ac…5f5dc6 add=3 addfrom=af9023…77630c\n","stream":"stderr","time":"2020-03-25T06:45:53.26968574Z"}
{"log":"INFO [03-25|06:45:53.270] Imported new chain segment               blocks=1     txs=0     mgas=0.000   elapsed=2.079ms   mgasps=0.000    number=2405803 hash=af9023…77630c dirty=688.00MiB\n","stream":"stderr","time":"2020-03-25T06:45:53.270738951Z"}
{"log":"INFO [03-25|06:46:06.057] Chain reorg detected                     number=2405800 hash=197038…c40295 drop=3 dropfrom=af9023…77630c add=4 addfrom=577d23…81c5b5\n","stream":"stderr","time":"2020-03-25T06:46:06.057368111Z"}
{"log":"INFO [03-25|06:46:06.058] Imported new chain segment               blocks=1     txs=0     mgas=0.000   elapsed=2.337ms   mgasps=0.000    number=2405804 hash=577d23…81c5b5 dirty=687.99MiB\n","stream":"stderr","time":"2020-03-25T06:46:06.058450914Z"}
{"log":"INFO [03-25|06:46:06.295] Chain reorg detected                     number=2405803 hash=64c6ac…5f5dc6 drop=1 dropfrom=577d23…81c5b5 add=1 addfrom=d2408e…82fc4b\n","stream":"stderr","time":"2020-03-25T06:46:06.295627488Z"}
{"log":"INFO [03-25|06:46:06.295] Imported new chain segment               blocks=1     txs=0     mgas=0.000   elapsed=456.575µs mgasps=0.000    number=2405804 hash=d2408e…82fc4b dirty=687.99MiB\n","stream":"stderr","time":"2020-03-25T06:46:06.29577278Z"}
{"log":"INFO [03-25|06:46:15.594] Deep froze chain segment                 blocks=4     elapsed=29.176ms  number=2315803 hash=51e26a…343814\n","stream":"stderr","time":"2020-03-25T06:46:15.594394025Z"}
{"log":"INFO [03-25|06:46:20.532] Imported new chain segment               blocks=1     txs=2     mgas=0.182   elapsed=9.439ms   mgasps=19.256   number=2405805 hash=f31bb1…25b9a8 dirty=687.99MiB\n","stream":"stderr","time":"2020-03-25T06:46:20.532514231Z"}
{"log":"INFO [03-25|06:46:23.455] Chain reorg detected                     number=2405803 hash=64c6ac…5f5dc6 drop=2 dropfrom=f31bb1…25b9a8 add=2 addfrom=2c56d3…acb8e2\n","stream":"stderr","time":"2020-03-25T06:46:23.455353472Z"}
{"log":"INFO [03-25|06:46:23.455] Imported new chain segment               blocks=1     txs=0     mgas=0.000   elapsed=1.042ms   mgasps=0.000    number=2405805 hash=2c56d3…acb8e2 dirty=687.99MiB\n","stream":"stderr","time":"2020-03-25T06:46:23.455796704Z"}
{"log":"INFO [03-25|06:46:23.487] Imported new chain segment               blocks=1     txs=1     mgas=0.056   elapsed=2.567ms   mgasps=21.707   number=2405805 hash=c96671…54fd0d dirty=687.99MiB\n","stream":"stderr","time":"2020-03-25T06:46:23.487832504Z"}
{"log":"INFO [03-25|06:46:35.850] Chain reorg detected                     number=2405803 hash=64c6ac…5f5dc6 drop=2 dropfrom=2c56d3…acb8e2 add=3 addfrom=2fbe7d…ed6d76\n","stream":"stderr","time":"2020-03-25T06:46:35.851083704Z"}
{"log":"INFO [03-25|06:46:35.851] Imported new chain segment               blocks=1     txs=1     mgas=0.433   elapsed=19.228ms  mgasps=22.531   number=2405806 hash=2fbe7d…ed6d76 dirty=688.01MiB\n","stream":"stderr","time":"2020-03-25T06:46:35.851777356Z"}
{"log":"INFO [03-25|06:46:42.286] Chain reorg detected                     number=2405805 hash=f31bb1…25b9a8 drop=1 dropfrom=2fbe7d…ed6d76 add=1 addfrom=2951c2…ddc890\n","stream":"stderr","time":"2020-03-25T06:46:42.287011991Z"}
{"log":"INFO [03-25|06:46:42.287] Imported new chain segment               blocks=1     txs=2     mgas=0.544   elapsed=19.822ms  mgasps=27.458   number=2405806 hash=2951c2…ddc890 dirty=688.03MiB\n","stream":"stderr","time":"2020-03-25T06:46:42.287175359Z"}
{"log":"INFO [03-25|06:46:50.917] Chain reorg detected                     number=2405805 hash=f31bb1…25b9a8 drop=1 dropfrom=2951c2…ddc890 add=2 addfrom=5103e2…952190\n","stream":"stderr","time":"2020-03-25T06:46:50.917297332Z"}
{"log":"INFO [03-25|06:46:50.925] Imported new chain segment               blocks=1     txs=1     mgas=0.111   elapsed=12.042ms  mgasps=9.220    number=2405807 hash=5103e2…952190 dirty=688.03MiB\n","stream":"stderr","time":"2020-03-25T06:46:50.925473257Z"}
{"log":"INFO [03-25|06:47:05.195] Imported new chain segment               blocks=1     txs=1     mgas=0.126   elapsed=4.204ms   mgasps=29.975   number=2405808 hash=684c84…d47e57 dirty=688.03MiB\n","stream":"stderr","time":"2020-03-25T06:47:05.195377153Z"}
{"log":"INFO [03-25|06:47:06.256] Chain reorg detected                     number=2405807 hash=5103e2…952190 drop=1 dropfrom=684c84…d47e57 add=1 addfrom=c3592c…bdbdbc\n","stream":"stderr","time":"2020-03-25T06:47:06.256846611Z"}
{"log":"INFO [03-25|06:47:06.256] Imported new chain segment               blocks=1     txs=1     mgas=0.126   elapsed=4.107ms   mgasps=30.686   number=2405808 hash=c3592c…bdbdbc dirty=688.04MiB\n","stream":"stderr","time":"2020-03-25T06:47:06.25707777Z"}
{"log":"INFO [03-25|06:47:15.628] Deep froze chain segment                 blocks=4     elapsed=34.090ms  number=2315807 hash=bd5c2b…2cca3c\n","stream":"stderr","time":"2020-03-25T06:47:15.628810355Z"}
{"log":"INFO [03-25|06:47:20.236] Chain reorg detected                     number=2405807 hash=5103e2…952190 drop=1 dropfrom=c3592c…bdbdbc add=2 addfrom=a70f59…22eada\n","stream":"stderr","time":"2020-03-25T06:47:20.236487451Z"}
{"log":"INFO [03-25|06:47:20.236] Imported new chain segment               blocks=1     txs=1     mgas=0.433   elapsed=21.392ms  mgasps=20.251   number=2405809 hash=a70f59…22eada dirty=687.49MiB\n","stream":"stderr","time":"2020-03-25T06:47:20.236871866Z"}
{"log":"INFO [03-25|06:47:20.659] Chain reorg detected                     number=2405808 hash=684c84…d47e57 drop=1 dropfrom=a70f59…22eada add=1 addfrom=10dc85…ec8f5e\n","stream":"stderr","time":"2020-03-25T06:47:20.659764358Z"}
{"log":"INFO [03-25|06:47:20.667] Imported new chain segment               blocks=1     txs=1     mgas=0.433   elapsed=21.805ms  mgasps=19.868   number=2405809 hash=10dc85…ec8f5e dirty=687.49MiB\n","stream":"stderr","time":"2020-03-25T06:47:20.667859231Z"}
{"log":"INFO [03-25|06:47:25.028] Chain reorg detected                     number=2405808 hash=684c84…d47e57 drop=1 dropfrom=10dc85…ec8f5e add=1 addfrom=8ff8c0…b2bed4\n","stream":"stderr","time":"2020-03-25T06:47:25.029239489Z"}
{"log":"INFO [03-25|06:47:25.029] Imported new chain segment               blocks=1     txs=1     mgas=0.433   elapsed=18.633ms  mgasps=23.250   number=2405809 hash=8ff8c0…b2bed4 dirty=687.49MiB\n","stream":"stderr","time":"2020-03-25T06:47:25.029483364Z"}
{"log":"INFO [03-25|06:47:35.417] Chain reorg detected                     number=2405808 hash=684c84…d47e57 drop=1 dropfrom=8ff8c0…b2bed4 add=2 addfrom=fdeec9…e9a02c\n","stream":"stderr","time":"2020-03-25T06:47:35.417277746Z"}
{"log":"INFO [03-25|06:47:35.417] Imported new chain segment               blocks=1     txs=1     mgas=0.051   elapsed=3.917ms   mgasps=13.008   number=2405810 hash=fdeec9…e9a02c dirty=687.40MiB\n","stream":"stderr","time":"2020-03-25T06:47:35.417672002Z"}
{"log":"INFO [03-25|06:47:36.798] Imported new chain segment               blocks=1     txs=1     mgas=0.051   elapsed=1.696ms   mgasps=30.043   number=2405810 hash=e27e78…ef6930 dirty=687.40MiB\n","stream":"stderr","time":"2020-03-25T06:47:36.798721937Z"}
{"log":"INFO [03-25|06:47:37.350] Imported new chain segment               blocks=1     txs=0     mgas=0.000   elapsed=487.008µs mgasps=0.000    number=2405810 hash=c8243c…56c3db dirty=687.40MiB\n","stream":"stderr","time":"2020-03-25T06:47:37.35375723Z"}
{"log":"INFO [03-25|06:47:50.332] Chain reorg detected                     number=2405809 hash=a70f59…22eada drop=1 dropfrom=fdeec9…e9a02c add=2 addfrom=c5be83…0fc000\n","stream":"stderr","time":"2020-03-25T06:47:50.332898888Z"}
{"log":"INFO [03-25|06:47:50.333] Imported new chain segment               blocks=1     txs=2     mgas=0.529   elapsed=24.037ms  mgasps=22.014   number=2405811 hash=c5be83…0fc000 dirty=687.41MiB\n","stream":"stderr","time":"2020-03-25T06:47:50.333416399Z"}
{"log":"INFO [03-25|06:47:51.157] Chain reorg detected                     number=2405809 hash=a70f59…22eada drop=2 dropfrom=c5be83…0fc000 add=2 addfrom=e1700f…d65258\n","stream":"stderr","time":"2020-03-25T06:47:51.15793823Z"}
{"log":"INFO [03-25|06:47:51.158] Imported new chain segment               blocks=1     txs=1     mgas=0.096   elapsed=2.631ms   mgasps=36.439   number=2405811 hash=e1700f…d65258 dirty=687.42MiB\n","stream":"stderr","time":"2020-03-25T06:47:51.158410804Z"}
{"log":"INFO [03-25|06:47:52.741] Chain reorg detected                     number=2405810 hash=fdeec9…e9a02c drop=1 dropfrom=e1700f…d65258 add=1 addfrom=cc0be3…cca103\n","stream":"stderr","time":"2020-03-25T06:47:52.74150326Z"}
{"log":"INFO [03-25|06:47:52.741] Imported new chain segment               blocks=1     txs=0     mgas=0.000   elapsed=833.898µs mgasps=0.000    number=2405811 hash=cc0be3…cca103 dirty=687.42MiB\n","stream":"stderr","time":"2020-03-25T06:47:52.741928013Z"}
{"log":"INFO [03-25|06:47:56.023] Chain reorg detected                     number=2405810 hash=fdeec9…e9a02c drop=1 dropfrom=cc0be3…cca103 add=1 addfrom=261a41…c1e120\n","stream":"stderr","time":"2020-03-25T06:47:56.024124999Z"}
{"log":"INFO [03-25|06:47:56.024] Imported new chain segment               blocks=1     txs=2     mgas=0.529   elapsed=15.313ms  mgasps=34.555   number=2405811 hash=261a41…c1e120 dirty=687.42MiB\n","stream":"stderr","time":"2020-03-25T06:47:56.025570011Z"}
{"log":"INFO [03-25|06:48:05.311] Imported new chain segment               blocks=1     txs=2     mgas=0.736   elapsed=10.884ms  mgasps=67.626   number=2405812 hash=a33f18…dc81be dirty=687.47MiB\n","stream":"stderr","time":"2020-03-25T06:48:05.312097122Z"}
{"log":"INFO [03-25|06:48:07.446] Imported new chain segment               blocks=1     txs=6     mgas=2.229   elapsed=24.794ms  mgasps=89.896   number=2405812 hash=675962…15aaf6 dirty=687.58MiB\n","stream":"stderr","time":"2020-03-25T06:48:07.447167057Z"}
{"log":"INFO [03-25|06:48:07.723] Imported new chain segment               blocks=1     txs=6     mgas=2.229   elapsed=23.128ms  mgasps=96.368   number=2405812 hash=3d4114…550e34 dirty=687.58MiB\n","stream":"stderr","time":"2020-03-25T06:48:07.723709619Z"}
{"log":"INFO [03-25|06:48:07.849] Imported new chain segment               blocks=1     txs=6     mgas=2.229   elapsed=21.647ms  mgasps=102.962  number=2405812 hash=a17186…282dd1 dirty=687.59MiB\n","stream":"stderr","time":"2020-03-25T06:48:07.849639497Z"}
{"log":"INFO [03-25|06:48:07.993] Imported new chain segment               blocks=1     txs=0     mgas=0.000   elapsed=307.457µs mgasps=0.000    number=2405812 hash=624b2d…4f7a23 dirty=687.59MiB\n","stream":"stderr","time":"2020-03-25T06:48:07.994160818Z"}
{"log":"INFO [03-25|06:48:15.668] Deep froze chain segment                 blocks=4     elapsed=39.469ms  number=2315811 hash=9a3c85…650aeb\n","stream":"stderr","time":"2020-03-25T06:48:15.668814648Z"}
{"log":"INFO [03-25|06:48:21.007] Imported new chain segment               blocks=1     txs=4     mgas=1.493   elapsed=17.853ms  mgasps=83.614   number=2405813 hash=079a83…a1c2e2 dirty=687.57MiB\n","stream":"stderr","time":"2020-03-25T06:48:21.007452476Z"}
{"log":"INFO [03-25|06:48:21.061] Chain reorg detected                     number=2405812 hash=a33f18…dc81be drop=1 dropfrom=079a83…a1c2e2 add=1 addfrom=695078…616d15\n","stream":"stderr","time":"2020-03-25T06:48:21.061363003Z"}
{"log":"INFO [03-25|06:48:21.061] Imported new chain segment               blocks=1     txs=0     mgas=0.000   elapsed=538.833µs mgasps=0.000    number=2405813 hash=695078…616d15 dirty=687.57MiB\n","stream":"stderr","time":"2020-03-25T06:48:21.061549038Z"}
{"log":"INFO [03-25|06:48:35.686] Chain reorg detected                     number=2405812 hash=a33f18…dc81be drop=1 dropfrom=695078…616d15 add=2 addfrom=03fe2c…2b3877\n","stream":"stderr","time":"2020-03-25T06:48:35.686312391Z"}
{"log":"INFO [03-25|06:48:35.686] Imported new chain segment               blocks=1     txs=1     mgas=0.243   elapsed=5.169ms   mgasps=46.984   number=2405814 hash=03fe2c…2b3877 dirty=687.57MiB\n","stream":"stderr","time":"2020-03-25T06:48:35.686857584Z"}
{"log":"INFO [03-25|06:48:37.212] Chain reorg detected                     number=2405813 hash=079a83…a1c2e2 drop=1 dropfrom=03fe2c…2b3877 add=1 addfrom=5869de…f0cd18\n","stream":"stderr","time":"2020-03-25T06:48:37.212324911Z"}
{"log":"INFO [03-25|06:48:37.212] Imported new chain segment               blocks=1     txs=0     mgas=0.000   elapsed=717.597µs mgasps=0.000    number=2405814 hash=5869de…f0cd18 dirty=687.57MiB\n","stream":"stderr","time":"2020-03-25T06:48:37.212582225Z"}
{"log":"INFO [03-25|06:48:37.293] Chain reorg detected                     number=2405813 hash=079a83…a1c2e2 drop=1 dropfrom=5869de…f0cd18 add=1 addfrom=cb5408…23f423\n","stream":"stderr","time":"2020-03-25T06:48:37.293877168Z"}
{"log":"INFO [03-25|06:48:37.293] Imported new chain segment               blocks=1     txs=1     mgas=0.243   elapsed=3.643ms   mgasps=66.662   number=2405814 hash=cb5408…23f423 dirty=687.57MiB\n","stream":"stderr","time":"2020-03-25T06:48:37.294051751Z"}
{"log":"INFO [03-25|06:48:51.589] Chain reorg detected                     number=2405813 hash=079a83…a1c2e2 drop=1 dropfrom=cb5408…23f423 add=2 addfrom=ef008a…6bd657\n","stream":"stderr","time":"2020-03-25T06:48:51.589466899Z"}
{"log":"INFO [03-25|06:48:51.589] Imported new chain segment               blocks=1     txs=2     mgas=0.546   elapsed=8.370ms   mgasps=65.247   number=2405815 hash=ef008a…6bd657 dirty=687.56MiB\n","stream":"stderr","time":"2020-03-25T06:48:51.589881754Z"}
{"log":"INFO [03-25|06:48:51.867] Imported new chain segment               blocks=1     txs=1     mgas=0.303   elapsed=4.154ms   mgasps=73.009   number=2405815 hash=1723fa…194319 dirty=687.56MiB\n","stream":"stderr","time":"2020-03-25T06:48:51.867773787Z"}
{"log":"INFO [03-25|06:49:05.112] Imported new chain segment               blocks=1     txs=0     mgas=0.000   elapsed=742.912µs mgasps=0.000    number=2405816 hash=16fa7d…90810c dirty=687.54MiB\n","stream":"stderr","time":"2020-03-25T06:49:05.113052157Z"}
{"log":"INFO [03-25|06:49:15.704] Deep froze chain segment                 blocks=4     elapsed=36.032ms  number=2315815 hash=91a74c…f5530d\n","stream":"stderr","time":"2020-03-25T06:49:15.705204291Z"}
{"log":"INFO [03-25|06:49:20.233] Imported new chain segment               blocks=1     txs=1     mgas=0.051   elapsed=1.680ms   mgasps=30.331   number=2405817 hash=1436e4…f7e009 dirty=687.55MiB\n","stream":"stderr","time":"2020-03-25T06:49:20.23347791Z"}
{"log":"INFO [03-25|06:49:35.429] Imported new chain segment               blocks=1     txs=0     mgas=0.000   elapsed=641.511µs mgasps=0.000    number=2405818 hash=b8ffca…9ddd3c dirty=687.53MiB\n","stream":"stderr","time":"2020-03-25T06:49:35.42952557Z"}
{"log":"INFO [03-25|06:49:50.204] Imported new chain segment               blocks=1     txs=2     mgas=0.542   elapsed=31.469ms  mgasps=17.234   number=2405819 hash=8b4479…d3d87b dirty=687.52MiB\n","stream":"stderr","time":"2020-03-25T06:49:50.204929786Z"}
{"log":"INFO [03-25|06:49:50.793] Imported new chain segment               blocks=1     txs=2     mgas=0.542   elapsed=16.906ms  mgasps=32.079   number=2405819 hash=d458d7…0fa834 dirty=687.53MiB\n","stream":"stderr","time":"2020-03-25T06:49:50.794042266Z"}
{"log":"INFO [03-25|06:49:52.497] Chain reorg detected                     number=2405818 hash=b8ffca…9ddd3c drop=1 dropfrom=8b4479…d3d87b add=1 addfrom=4b3415…d6c9a7\n","stream":"stderr","time":"2020-03-25T06:49:52.497781921Z"}
{"log":"INFO [03-25|06:49:52.497] Imported new chain segment               blocks=1     txs=2     mgas=0.542   elapsed=17.054ms  mgasps=31.801   number=2405819 hash=4b3415…d6c9a7 dirty=687.53MiB\n","stream":"stderr","time":"2020-03-25T06:49:52.498173223Z"}
{"log":"INFO [03-25|06:50:05.610] Chain reorg detected                     number=2405818 hash=b8ffca…9ddd3c drop=1 dropfrom=4b3415…d6c9a7 add=2 addfrom=7178d2…33b692\n","stream":"stderr","time":"2020-03-25T06:50:05.611149359Z"}
{"log":"INFO [03-25|06:50:05.611] Imported new chain segment               blocks=1     txs=0     mgas=0.000   elapsed=2.282ms   mgasps=0.000    number=2405820 hash=7178d2…33b692 dirty=687.41MiB\n","stream":"stderr","time":"2020-03-25T06:50:05.611434377Z"}
{"log":"INFO [03-25|06:50:07.277] Imported new chain segment               blocks=1     txs=0     mgas=0.000   elapsed=284.51µs  mgasps=0.000    number=2405820 hash=7222cd…09263d dirty=687.41MiB\n","stream":"stderr","time":"2020-03-25T06:50:07.277477029Z"}
{"log":"INFO [03-25|06:50:15.738] Deep froze chain segment                 blocks=4     elapsed=33.521ms  number=2315819 hash=c8b6e0…fb9080\n","stream":"stderr","time":"2020-03-25T06:50:15.73909155Z"}
{"log":"INFO [03-25|06:50:20.844] Imported new chain segment               blocks=1     txs=1     mgas=0.096   elapsed=2.595ms   mgasps=36.960   number=2405821 hash=efea7a…bcdf7e dirty=687.42MiB\n","stream":"stderr","time":"2020-03-25T06:50:20.845034851Z"}
{"log":"INFO [03-25|06:50:20.891] Imported new chain segment               blocks=1     txs=3     mgas=0.832   elapsed=18.772ms  mgasps=44.342   number=2405821 hash=d4fc50…c4d937 dirty=687.46MiB\n","stream":"stderr","time":"2020-03-25T06:50:20.891395654Z"}
{"log":"INFO [03-25|06:50:23.005] Chain reorg detected                     number=2405820 hash=7178d2…33b692 drop=1 dropfrom=efea7a…bcdf7e add=1 addfrom=5caafa…f09b7e\n","stream":"stderr","time":"2020-03-25T06:50:23.005708908Z"}
{"log":"INFO [03-25|06:50:23.005] Imported new chain segment               blocks=1     txs=0     mgas=0.000   elapsed=777.362µs mgasps=0.000    number=2405821 hash=5caafa…f09b7e dirty=687.46MiB\n","stream":"stderr","time":"2020-03-25T06:50:23.006004379Z"}
{"log":"INFO [03-25|06:50:35.166] Chain reorg detected                     number=2405820 hash=7178d2…33b692 drop=1 dropfrom=5caafa…f09b7e add=2 addfrom=861dfb…553e46\n","stream":"stderr","time":"2020-03-25T06:50:35.166273092Z"}
{"log":"INFO [03-25|06:50:35.166] Imported new chain segment               blocks=1     txs=5     mgas=3.384   elapsed=38.002ms  mgasps=89.046   number=2405822 hash=861dfb…553e46 dirty=687.68MiB\n","stream":"stderr","time":"2020-03-25T06:50:35.166594249Z"}
{"log":"INFO [03-25|06:50:35.507] Chain reorg detected                     number=2405821 hash=efea7a…bcdf7e drop=1 dropfrom=861dfb…553e46 add=1 addfrom=3403e1…081bd5\n","stream":"stderr","time":"2020-03-25T06:50:35.507513881Z"}
{"log":"INFO [03-25|06:50:35.507] Imported new chain segment               blocks=1     txs=2     mgas=0.736   elapsed=19.223ms  mgasps=38.312   number=2405822 hash=3403e1…081bd5 dirty=687.68MiB\n","stream":"stderr","time":"2020-03-25T06:50:35.507880924Z"}
{"log":"INFO [03-25|06:50:37.368] Imported new chain segment               blocks=1     txs=2     mgas=0.736   elapsed=14.898ms  mgasps=49.434   number=2405822 hash=a5f4c6…a5fbdd dirty=687.69MiB\n","stream":"stderr","time":"2020-03-25T06:50:37.368445219Z"}
{"log":"INFO [03-25|06:50:50.852] Imported new chain segment               blocks=1     txs=5     mgas=3.746   elapsed=38.547ms  mgasps=97.177   number=2405823 hash=a4ad9b…ae4ab4 dirty=687.78MiB\n","stream":"stderr","time":"2020-03-25T06:50:50.852515412Z"}
{"log":"INFO [03-25|06:50:52.050] Chain reorg detected                     number=2405821 hash=efea7a…bcdf7e drop=2 dropfrom=a4ad9b…ae4ab4 add=2 addfrom=7d1f91…b0d81c\n","stream":"stderr","time":"2020-03-25T06:50:52.050531244Z"}
{"log":"INFO [03-25|06:50:52.050] Imported new chain segment               blocks=1     txs=0     mgas=0.000   elapsed=1.125ms   mgasps=0.000    number=2405823 hash=7d1f91…b0d81c dirty=687.78MiB\n","stream":"stderr","time":"2020-03-25T06:50:52.051078046Z"}
{"log":"INFO [03-25|06:51:05.255] Chain reorg detected                     number=2405821 hash=efea7a…bcdf7e drop=2 dropfrom=7d1f91…b0d81c add=3 addfrom=3555db…b5a1f9\n","stream":"stderr","time":"2020-03-25T06:51:05.255824154Z"}
{"log":"INFO [03-25|06:51:05.256] Imported new chain segment               blocks=1     txs=1     mgas=0.361   elapsed=9.439ms   mgasps=38.298   number=2405824 hash=3555db…b5a1f9 dirty=687.79MiB\n","stream":"stderr","time":"2020-03-25T06:51:05.257046266Z"}
{"log":"INFO [03-25|06:51:06.342] Chain reorg detected                     number=2405823 hash=a4ad9b…ae4ab4 drop=1 dropfrom=3555db…b5a1f9 add=1 addfrom=bd0c51…1a3b52\n","stream":"stderr","time":"2020-03-25T06:51:06.342768404Z"}
{"log":"INFO [03-25|06:51:06.342] Imported new chain segment               blocks=1     txs=1     mgas=0.361   elapsed=5.320ms   mgasps=67.945   number=2405824 hash=bd0c51…1a3b52 dirty=687.79MiB\n","stream":"stderr","time":"2020-03-25T06:51:06.34305108Z"}
{"log":"INFO [03-25|06:51:15.765] Deep froze chain segment                 blocks=4     elapsed=26.618ms  number=2315823 hash=28ba15…400ec2\n","stream":"stderr","time":"2020-03-25T06:51:15.765955595Z"}
{"log":"INFO [03-25|06:51:20.800] Imported new chain segment               blocks=1     txs=1     mgas=0.096   elapsed=2.798ms   mgasps=34.270   number=2405825 hash=8c0e93…3afdac dirty=687.78MiB\n","stream":"stderr","time":"2020-03-25T06:51:20.800764756Z"}
{"log":"INFO [03-25|06:51:22.238] Imported new chain segment               blocks=1     txs=0     mgas=0.000   elapsed=370.236µs mgasps=0.000    number=2405825 hash=7b9f81…dfa87b dirty=687.78MiB\n","stream":"stderr","time":"2020-03-25T06:51:22.238462243Z"}
{"log":"INFO [03-25|06:51:35.335] Imported new chain segment               blocks=1     txs=1     mgas=0.433   elapsed=16.759ms  mgasps=25.850   number=2405826 hash=ddc4b7…fdb987 dirty=687.77MiB\n","stream":"stderr","time":"2020-03-25T06:51:35.335790006Z"}
{"log":"INFO [03-25|06:51:41.573] Imported new chain segment               blocks=1     txs=1     mgas=0.433   elapsed=16.670ms  mgasps=25.987   number=2405826 hash=4aee1a…e7fab0 dirty=687.77MiB\n","stream":"stderr","time":"2020-03-25T06:51:41.57373949Z"}
{"log":"INFO [03-25|06:51:50.100] Chain reorg detected                     number=2405825 hash=8c0e93…3afdac drop=1 dropfrom=ddc4b7…fdb987 add=2 addfrom=be6740…8f19b5\n","stream":"stderr","time":"2020-03-25T06:51:50.101729077Z"}
{"log":"INFO [03-25|06:51:50.100] Imported new chain segment               blocks=1     txs=0     mgas=0.000   elapsed=867.045µs mgasps=0.000    number=2405827 hash=be6740…8f19b5 dirty=687.77MiB\n","stream":"stderr","time":"2020-03-25T06:51:50.101758575Z"}
{"log":"INFO [03-25|06:52:06.051] Imported new chain segment               blocks=1     txs=0     mgas=0.000   elapsed=1.104ms   mgasps=0.000    number=2405828 hash=3c4f2b…7c2102 dirty=687.76MiB\n","stream":"stderr","time":"2020-03-25T06:52:06.052185966Z"}
{"log":"INFO [03-25|06:52:06.099] Imported new chain segment               blocks=1     txs=0     mgas=0.000   elapsed=384.668µs mgasps=0.000    number=2405828 hash=b0e45f…3ae63e dirty=687.76MiB\n","stream":"stderr","time":"2020-03-25T06:52:06.099275457Z"}
{"log":"INFO [03-25|06:52:15.793] Deep froze chain segment                 blocks=4     elapsed=26.985ms  number=2315827 hash=19d1cb…5a2140\n","stream":"stderr","time":"2020-03-25T06:52:15.793577976Z"}
{"log":"INFO [03-25|06:52:21.098] Imported new chain segment               blocks=1     txs=0     mgas=0.000   elapsed=2.622ms   mgasps=0.000    number=2405829 hash=16af50…af99b3 dirty=687.64MiB\n","stream":"stderr","time":"2020-03-25T06:52:21.099061322Z"}
{"log":"INFO [03-25|06:52:22.470] Chain reorg detected                     number=2405828 hash=3c4f2b…7c2102 drop=1 dropfrom=16af50…af99b3 add=1 addfrom=0108ad…fd1152\n","stream":"stderr","time":"2020-03-25T06:52:22.470566717Z"}
{"log":"INFO [03-25|06:52:22.470] Imported new chain segment               blocks=1     txs=1     mgas=0.433   elapsed=17.456ms  mgasps=24.818   number=2405829 hash=0108ad…fd1152 dirty=687.66MiB\n","stream":"stderr","time":"2020-03-25T06:52:22.47091602Z"}
{"log":"INFO [03-25|06:52:22.735] New local node record                    seq=46 id=8252fae760b7940d ip=31.147.195.65 udp=30303 tcp=30303\n","stream":"stderr","time":"2020-03-25T06:52:22.735377638Z"}
{"log":"INFO [03-25|06:52:36.397] Chain reorg detected                     number=2405828 hash=3c4f2b…7c2102 drop=1 dropfrom=0108ad…fd1152 add=2 addfrom=bb1f0f…4e0dec\n","stream":"stderr","time":"2020-03-25T06:52:36.397883603Z"}
{"log":"INFO [03-25|06:52:36.398] Imported new chain segment               blocks=1     txs=1     mgas=0.433   elapsed=20.820ms  mgasps=20.808   number=2405830 hash=bb1f0f…4e0dec dirty=687.44MiB\n","stream":"stderr","time":"2020-03-25T06:52:36.398244403Z"}
{"log":"INFO [03-25|06:52:36.450] Imported new chain segment               blocks=1     txs=1     mgas=0.433   elapsed=10.175ms  mgasps=42.577   number=2405830 hash=5ac4ca…ea61cd dirty=687.44MiB\n","stream":"stderr","time":"2020-03-25T06:52:36.450689728Z"}
{"log":"INFO [03-25|06:52:38.065] Chain reorg detected                     number=2405829 hash=16af50…af99b3 drop=1 dropfrom=bb1f0f…4e0dec add=1 addfrom=203adb…8273a2\n","stream":"stderr","time":"2020-03-25T06:52:38.065984524Z"}
{"log":"INFO [03-25|06:52:38.066] Imported new chain segment               blocks=1     txs=1     mgas=0.433   elapsed=18.130ms  mgasps=23.896   number=2405830 hash=203adb…8273a2 dirty=687.45MiB\n","stream":"stderr","time":"2020-03-25T06:52:38.066267536Z"}
{"log":"INFO [03-25|06:52:51.807] Imported new chain segment               blocks=1     txs=1     mgas=0.433   elapsed=22.176ms  mgasps=19.535   number=2405831 hash=6cd118…0a6575 dirty=687.45MiB\n","stream":"stderr","time":"2020-03-25T06:52:51.807745397Z"}
{"log":"INFO [03-25|06:52:52.432] Imported new chain segment               blocks=1     txs=1     mgas=0.433   elapsed=16.727ms  mgasps=25.898   number=2405831 hash=1e2a29…a5295e dirty=687.45MiB\n","stream":"stderr","time":"2020-03-25T06:52:52.432569947Z"}
{"log":"INFO [03-25|06:52:53.342] Imported new chain segment               blocks=1     txs=0     mgas=0.000   elapsed=661.048µs mgasps=0.000    number=2405831 hash=c14e32…8d8a3f dirty=687.45MiB\n","stream":"stderr","time":"2020-03-25T06:52:53.342671249Z"}
{"log":"INFO [03-25|06:53:05.277] Imported new chain segment               blocks=1     txs=2     mgas=0.152   elapsed=3.819ms   mgasps=39.705   number=2405832 hash=784953…38d8ba dirty=687.44MiB\n","stream":"stderr","time":"2020-03-25T06:53:05.277754374Z"}
{"log":"INFO [03-25|06:53:06.813] Chain reorg detected                     number=2405831 hash=6cd118…0a6575 drop=1 dropfrom=784953…38d8ba add=1 addfrom=803eaf…163a4f\n","stream":"stderr","time":"2020-03-25T06:53:06.813585875Z"}
{"log":"INFO [03-25|06:53:06.813] Imported new chain segment               blocks=1     txs=1     mgas=0.056   elapsed=2.150ms   mgasps=25.915   number=2405832 hash=803eaf…163a4f dirty=687.44MiB\n","stream":"stderr","time":"2020-03-25T06:53:06.813822685Z"}
{"log":"INFO [03-25|06:53:15.824] Deep froze chain segment                 blocks=4     elapsed=30.629ms  number=2315831 hash=b2cc05…f5b582\n","stream":"stderr","time":"2020-03-25T06:53:15.824559706Z"}
{"log":"INFO [03-25|06:53:20.901] Chain reorg detected                     number=2405831 hash=6cd118…0a6575 drop=1 dropfrom=803eaf…163a4f add=2 addfrom=3254ec…d0c7f7\n","stream":"stderr","time":"2020-03-25T06:53:20.901507957Z"}
{"log":"INFO [03-25|06:53:20.901] Imported new chain segment               blocks=1     txs=0     mgas=0.000   elapsed=1.229ms   mgasps=0.000    number=2405833 hash=3254ec…d0c7f7 dirty=687.44MiB\n","stream":"stderr","time":"2020-03-25T06:53:20.901846726Z"}
{"log":"INFO [03-25|06:53:35.114] Imported new chain segment               blocks=1     txs=0     mgas=0.000   elapsed=804.409µs mgasps=0.000    number=2405834 hash=1c7d86…52d3e0 dirty=687.42MiB\n","stream":"stderr","time":"2020-03-25T06:53:35.114426538Z"}
{"log":"INFO [03-25|06:53:50.472] Imported new chain segment               blocks=1     txs=0     mgas=0.000   elapsed=1.110ms   mgasps=0.000    number=2405835 hash=572500…6473cc dirty=687.38MiB\n","stream":"stderr","time":"2020-03-25T06:53:50.472358331Z"}
{"log":"INFO [03-25|06:54:05.078] Imported new chain segment               blocks=1     txs=0     mgas=0.000   elapsed=598.793µs mgasps=0.000    number=2405836 hash=0a626e…86d090 dirty=687.38MiB\n","stream":"stderr","time":"2020-03-25T06:54:05.079076655Z"}
{"log":"INFO [03-25|06:54:08.649] Imported new chain segment               blocks=1     txs=0     mgas=0.000   elapsed=335.851µs mgasps=0.000    number=2405836 hash=a291ef…25b6ef dirty=687.38MiB\n","stream":"stderr","time":"2020-03-25T06:54:08.652663885Z"}
{"log":"INFO [03-25|06:54:15.862] Deep froze chain segment                 blocks=4     elapsed=37.553ms  number=2315835 hash=9e0707…7cae78\n","stream":"stderr","time":"2020-03-25T06:54:15.862526895Z"}
{"log":"INFO [03-25|06:54:20.070] Imported new chain segment               blocks=1     txs=0     mgas=0.000   elapsed=719.337µs mgasps=0.000    number=2405837 hash=5cf0e1…61f7d8 dirty=687.36MiB\n","stream":"stderr","time":"2020-03-25T06:54:20.070405532Z"}
{"log":"INFO [03-25|06:54:22.545] Imported new chain segment               blocks=1     txs=0     mgas=0.000   elapsed=325.52µs  mgasps=0.000    number=2405837 hash=58127b…7b2a1f dirty=687.36MiB\n","stream":"stderr","time":"2020-03-25T06:54:22.545891874Z"}
{"log":"INFO [03-25|06:54:35.131] Imported new chain segment               blocks=1     txs=1     mgas=0.487   elapsed=26.715ms  mgasps=18.215   number=2405838 hash=d16a39…4c46f9 dirty=687.16MiB\n","stream":"stderr","time":"2020-03-25T06:54:35.131839192Z"}
{"log":"INFO [03-25|06:54:36.362] Imported new chain segment               blocks=1     txs=1     mgas=0.487   elapsed=13.180ms  mgasps=36.921   number=2405838 hash=595e83…816246 dirty=687.17MiB\n","stream":"stderr","time":"2020-03-25T06:54:36.362659383Z"}
{"log":"INFO [03-25|06:54:38.119] Imported new chain segment               blocks=1     txs=0     mgas=0.000   elapsed=376.834µs mgasps=0.000    number=2405838 hash=7edb12…a40684 dirty=687.17MiB\n","stream":"stderr","time":"2020-03-25T06:54:38.119975379Z"}
{"log":"INFO [03-25|06:54:41.605] Imported new chain segment               blocks=1     txs=1     mgas=0.487   elapsed=16.565ms  mgasps=29.375   number=2405838 hash=7b6a0b…d49f8f dirty=687.17MiB\n","stream":"stderr","time":"2020-03-25T06:54:41.605711816Z"}
{"log":"INFO [03-25|06:54:50.637] Imported new chain segment               blocks=1     txs=0     mgas=0.000   elapsed=519.131µs mgasps=0.000    number=2405839 hash=5072ed…27eaab dirty=687.17MiB\n","stream":"stderr","time":"2020-03-25T06:54:50.638066405Z"}
{"log":"INFO [03-25|06:54:51.576] Chain reorg detected                     number=2405838 hash=d16a39…4c46f9 drop=1 dropfrom=5072ed…27eaab add=1 addfrom=6bae46…a604d7\n","stream":"stderr","time":"2020-03-25T06:54:51.576257841Z"}
{"log":"INFO [03-25|06:54:51.576] Imported new chain segment               blocks=1     txs=0     mgas=0.000   elapsed=683.065µs mgasps=0.000    number=2405839 hash=6bae46…a604d7 dirty=687.17MiB\n","stream":"stderr","time":"2020-03-25T06:54:51.576523104Z"}
{"log":"INFO [03-25|06:54:51.954] Imported new chain segment               blocks=1     txs=1     mgas=0.096   elapsed=3.064ms   mgasps=31.293   number=2405839 hash=107b34…6ea16d dirty=687.19MiB\n","stream":"stderr","time":"2020-03-25T06:54:51.955219316Z"}
{"log":"INFO [03-25|06:55:05.968] Imported new chain segment               blocks=1     txs=1     mgas=0.096   elapsed=1.753ms   mgasps=54.689   number=2405840 hash=14c0ee…cfbfe5 dirty=687.18MiB\n","stream":"stderr","time":"2020-03-25T06:55:05.968341365Z"}
{"log":"INFO [03-25|06:55:06.007] Imported new chain segment               blocks=1     txs=2     mgas=0.529   elapsed=13.703ms  mgasps=38.613   number=2405840 hash=b8623e…b3586a dirty=687.20MiB\n","stream":"stderr","time":"2020-03-25T06:55:06.008018676Z"}
{"log":"INFO [03-25|06:55:06.207] Imported new chain segment               blocks=1     txs=1     mgas=0.096   elapsed=1.474ms   mgasps=65.062   number=2405840 hash=380ea8…bd47d5 dirty=687.20MiB\n","stream":"stderr","time":"2020-03-25T06:55:06.20778227Z"}
{"log":"INFO [03-25|06:55:08.369] Imported new chain segment               blocks=1     txs=1     mgas=0.096   elapsed=2.021ms   mgasps=47.435   number=2405840 hash=36b47a…02e6b6 dirty=687.20MiB\n","stream":"stderr","time":"2020-03-25T06:55:08.369914377Z"}
{"log":"INFO [03-25|06:55:13.278] Imported new chain segment               blocks=1     txs=2     mgas=0.529   elapsed=16.548ms  mgasps=31.975   number=2405840 hash=5e9dc6…8e0859 dirty=687.21MiB\n","stream":"stderr","time":"2020-03-25T06:55:13.278571787Z"}
{"log":"INFO [03-25|06:55:15.904] Deep froze chain segment                 blocks=4     elapsed=41.585ms  number=2315839 hash=74203e…c170eb\n","stream":"stderr","time":"2020-03-25T06:55:15.904441852Z"}
{"log":"INFO [03-25|06:55:20.109] Chain reorg detected                     number=2405839 hash=6bae46…a604d7 drop=1 dropfrom=14c0ee…cfbfe5 add=2 addfrom=f4acf3…41608b\n","stream":"stderr","time":"2020-03-25T06:55:20.109637654Z"}
{"log":"INFO [03-25|06:55:20.109] Imported new chain segment               blocks=1     txs=0     mgas=0.000   elapsed=938.693µs mgasps=0.000    number=2405841 hash=f4acf3…41608b dirty=687.21MiB\n","stream":"stderr","time":"2020-03-25T06:55:20.110073011Z"}
{"log":"INFO [03-25|06:55:35.447] Imported new chain segment               blocks=1     txs=0     mgas=0.000   elapsed=714.277µs mgasps=0.000    number=2405842 hash=9c7783…5e98db dirty=687.19MiB\n","stream":"stderr","time":"2020-03-25T06:55:35.447467178Z"}
{"log":"INFO [03-25|06:55:36.487] Imported new chain segment               blocks=1     txs=3     mgas=1.334   elapsed=15.696ms  mgasps=85.005   number=2405842 hash=b75aa5…a91aef dirty=687.28MiB\n","stream":"stderr","time":"2020-03-25T06:55:36.488246692Z"}
{"log":"INFO [03-25|06:55:50.984] Imported new chain segment               blocks=1     txs=2     mgas=1.011   elapsed=10.626ms  mgasps=95.165   number=2405843 hash=9e72e2…de477f dirty=687.30MiB\n","stream":"stderr","time":"2020-03-25T06:55:50.984290102Z"}
{"log":"INFO [03-25|06:55:51.597] Imported new chain segment               blocks=1     txs=6     mgas=1.817   elapsed=21.124ms  mgasps=86.031   number=2405843 hash=f063ed…057b6c dirty=687.33MiB\n","stream":"stderr","time":"2020-03-25T06:55:51.597707328Z"}
{"log":"INFO [03-25|06:56:05.090] Chain reorg detected                     number=2405842 hash=9c7783…5e98db drop=1 dropfrom=9e72e2…de477f add=2 addfrom=716e59…c147bf\n","stream":"stderr","time":"2020-03-25T06:56:05.09112469Z"}
{"log":"INFO [03-25|06:56:05.091] Imported new chain segment               blocks=1     txs=1     mgas=0.433   elapsed=15.345ms  mgasps=28.231   number=2405844 hash=716e59…c147bf dirty=687.35MiB\n","stream":"stderr","time":"2020-03-25T06:56:05.091801819Z"}
{"log":"INFO [03-25|06:56:07.881] Imported new chain segment               blocks=1     txs=5     mgas=1.239   elapsed=27.360ms  mgasps=45.298   number=2405844 hash=00d85f…550213 dirty=687.35MiB\n","stream":"stderr","time":"2020-03-25T06:56:07.881996185Z"}
{"log":"INFO [03-25|06:56:15.928] Deep froze chain segment                 blocks=4     elapsed=23.809ms  number=2315843 hash=b0837f…98b573\n","stream":"stderr","time":"2020-03-25T06:56:15.928488297Z"}
{"log":"INFO [03-25|06:56:20.234] Chain reorg detected                     number=2405842 hash=9c7783…5e98db drop=2 dropfrom=716e59…c147bf add=3 addfrom=850130…bd3639\n","stream":"stderr","time":"2020-03-25T06:56:20.234333166Z"}
{"log":"INFO [03-25|06:56:20.235] Imported new chain segment               blocks=1     txs=1     mgas=0.056   elapsed=3.808ms   mgasps=14.633   number=2405845 hash=850130…bd3639 dirty=687.33MiB\n","stream":"stderr","time":"2020-03-25T06:56:20.235303842Z"}
{"log":"INFO [03-25|06:56:23.276] Imported new chain segment               blocks=1     txs=0     mgas=0.000   elapsed=299.769µs mgasps=0.000    number=2405845 hash=614feb…3abf18 dirty=687.33MiB\n","stream":"stderr","time":"2020-03-25T06:56:23.276543688Z"}
{"log":"INFO [03-25|06:56:23.375] Imported new chain segment               blocks=1     txs=1     mgas=0.056   elapsed=1.223ms   mgasps=45.550   number=2405845 hash=1f3c2e…3efbb8 dirty=687.34MiB\n","stream":"stderr","time":"2020-03-25T06:56:23.375971152Z"}
{"log":"INFO [03-25|06:56:35.130] Imported new chain segment               blocks=1     txs=0     mgas=0.000   elapsed=567.523µs mgasps=0.000    number=2405846 hash=4fcebc…159d2e dirty=687.33MiB\n","stream":"stderr","time":"2020-03-25T06:56:35.13114422Z"}
{"log":"INFO [03-25|06:56:36.936] Imported new chain segment               blocks=1     txs=0     mgas=0.000   elapsed=312.104µs mgasps=0.000    number=2405846 hash=4803f1…123797 dirty=687.33MiB\n","stream":"stderr","time":"2020-03-25T06:56:36.936362937Z"}
{"log":"INFO [03-25|06:56:50.119] Imported new chain segment               blocks=1     txs=3     mgas=0.662   elapsed=14.884ms  mgasps=44.502   number=2405847 hash=18a5ad…6e4286 dirty=687.37MiB\n","stream":"stderr","time":"2020-03-25T06:56:50.119955271Z"}
{"log":"INFO [03-25|06:56:51.784] Imported new chain segment               blocks=1     txs=2     mgas=0.566   elapsed=17.682ms  mgasps=32.036   number=2405847 hash=8efc01…51ca73 dirty=687.38MiB\n","stream":"stderr","time":"2020-03-25T06:56:51.784734834Z"}
{"log":"INFO [03-25|06:57:06.855] Imported new chain segment               blocks=1     txs=0     mgas=0.000   elapsed=1.120ms   mgasps=0.000    number=2405848 hash=891184…940e5d dirty=687.36MiB\n","stream":"stderr","time":"2020-03-25T06:57:06.855786395Z"}
{"log":"INFO [03-25|06:57:07.214] Chain reorg detected                     number=2405847 hash=18a5ad…6e4286 drop=1 dropfrom=891184…940e5d add=1 addfrom=619710…172ae5\n","stream":"stderr","time":"2020-03-25T06:57:07.215032725Z"}
{"log":"INFO [03-25|06:57:07.215] Imported new chain segment               blocks=1     txs=0     mgas=0.000   elapsed=827.538µs mgasps=0.000    number=2405848 hash=619710…172ae5 dirty=687.36MiB\n","stream":"stderr","time":"2020-03-25T06:57:07.216733564Z"}
{"log":"INFO [03-25|06:57:15.961] Deep froze chain segment                 blocks=4     elapsed=32.719ms  number=2315847 hash=21e511…ec3965\n","stream":"stderr","time":"2020-03-25T06:57:15.961457469Z"}
{"log":"INFO [03-25|06:57:20.855] Chain reorg detected                     number=2405847 hash=18a5ad…6e4286 drop=1 dropfrom=619710…172ae5 add=2 addfrom=706a5d…09ed35\n","stream":"stderr","time":"2020-03-25T06:57:20.855658662Z"}
{"log":"INFO [03-25|06:57:20.855] Imported new chain segment               blocks=1     txs=0     mgas=0.000   elapsed=887.057µs mgasps=0.000    number=2405849 hash=706a5d…09ed35 dirty=687.34MiB\n","stream":"stderr","time":"2020-03-25T06:57:20.855920691Z"}
{"log":"INFO [03-25|06:57:35.087] Imported new chain segment               blocks=1     txs=0     mgas=0.000   elapsed=1.902ms   mgasps=0.000    number=2405850 hash=351ae2…6a3d19 dirty=687.24MiB\n","stream":"stderr","time":"2020-03-25T06:57:35.088029653Z"}
{"log":"INFO [03-25|06:57:36.522] Imported new chain segment               blocks=1     txs=1     mgas=0.433   elapsed=16.797ms  mgasps=25.791   number=2405850 hash=58fdc6…854628 dirty=687.27MiB\n","stream":"stderr","time":"2020-03-25T06:57:36.522835319Z"}
{"log":"INFO [03-25|06:57:50.345] Imported new chain segment               blocks=1     txs=1     mgas=0.433   elapsed=14.365ms  mgasps=30.157   number=2405851 hash=050359…8afdc1 dirty=687.20MiB\n","stream":"stderr","time":"2020-03-25T06:57:50.346070446Z"}
{"log":"INFO [03-25|06:58:05.571] Imported new chain segment               blocks=1     txs=6     mgas=2.112   elapsed=36.903ms  mgasps=57.232   number=2405852 hash=61f5d9…76b2ac dirty=687.34MiB\n","stream":"stderr","time":"2020-03-25T06:58:05.571936522Z"}
{"log":"INFO [03-25|06:58:05.746] Chain reorg detected                     number=2405851 hash=050359…8afdc1 drop=1 dropfrom=61f5d9…76b2ac add=1 addfrom=eece50…e16f68\n","stream":"stderr","time":"2020-03-25T06:58:05.746384035Z"}
{"log":"INFO [03-25|06:58:05.746] Imported new chain segment               blocks=1     txs=1     mgas=0.126   elapsed=3.775ms   mgasps=33.380   number=2405852 hash=eece50…e16f68 dirty=687.35MiB\n","stream":"stderr","time":"2020-03-25T06:58:05.746737464Z"}
{"log":"INFO [03-25|06:58:15.992] Deep froze chain segment                 blocks=4     elapsed=30.572ms  number=2315851 hash=caeb54…73d771\n","stream":"stderr","time":"2020-03-25T06:58:15.992392521Z"}
{"log":"INFO [03-25|06:58:21.122] Imported new chain segment               blocks=1     txs=5     mgas=1.986   elapsed=36.143ms  mgasps=54.949   number=2405853 hash=a7f69f…6cf031 dirty=687.33MiB\n","stream":"stderr","time":"2020-03-25T06:58:21.123031128Z"}
{"log":"INFO [03-25|06:58:35.133] Imported new chain segment               blocks=1     txs=0     mgas=0.000   elapsed=534.584µs mgasps=0.000    number=2405854 hash=2e044e…007b5b dirty=687.33MiB\n","stream":"stderr","time":"2020-03-25T06:58:35.134115623Z"}
{"log":"INFO [03-25|06:58:50.773] Imported new chain segment               blocks=1     txs=0     mgas=0.000   elapsed=995.185µs mgasps=0.000    number=2405855 hash=3f839a…4cb140 dirty=687.31MiB\n","stream":"stderr","time":"2020-03-25T06:58:50.773678048Z"}
{"log":"INFO [03-25|06:58:51.648] Imported new chain segment               blocks=1     txs=0     mgas=0.000   elapsed=377.466µs mgasps=0.000    number=2405855 hash=f69bce…9213d2 dirty=687.31MiB\n","stream":"stderr","time":"2020-03-25T06:58:51.64832043Z"}
{"log":"INFO [03-25|06:59:05.180] Chain reorg detected                     number=2405854 hash=2e044e…007b5b drop=1 dropfrom=3f839a…4cb140 add=2 addfrom=940370…932d3f\n","stream":"stderr","time":"2020-03-25T06:59:05.181069615Z"}
{"log":"INFO [03-25|06:59:05.181] Imported new chain segment               blocks=1     txs=0     mgas=0.000   elapsed=932.752µs mgasps=0.000    number=2405856 hash=940370…932d3f dirty=687.30MiB\n","stream":"stderr","time":"2020-03-25T06:59:05.181387416Z"}
{"log":"INFO [03-25|06:59:08.587] Imported new chain segment               blocks=1     txs=0     mgas=0.000   elapsed=365.435µs mgasps=0.000    number=2405856 hash=54936a…a12370 dirty=687.30MiB\n","stream":"stderr","time":"2020-03-25T06:59:08.58728441Z"}
{"log":"INFO [03-25|06:59:16.031] Deep froze chain segment                 blocks=4     elapsed=38.827ms  number=2315855 hash=464052…a9f593\n","stream":"stderr","time":"2020-03-25T06:59:16.031609661Z"}
{"log":"INFO [03-25|06:59:20.076] Imported new chain segment               blocks=1     txs=0     mgas=0.000   elapsed=482.217µs mgasps=0.000    number=2405857 hash=ba42e3…66681e dirty=687.30MiB\n","stream":"stderr","time":"2020-03-25T06:59:20.077014456Z"}
{"log":"INFO [03-25|06:59:35.230] Imported new chain segment               blocks=1     txs=1     mgas=0.056   elapsed=2.372ms   mgasps=23.487   number=2405858 hash=07008d…3dbb8b dirty=687.29MiB\n","stream":"stderr","time":"2020-03-25T06:59:35.230205244Z"}
{"log":"INFO [03-25|06:59:50.601] Imported new chain segment               blocks=1     txs=1     mgas=0.524   elapsed=20.047ms  mgasps=26.145   number=2405859 hash=ac0e1c…327063 dirty=687.18MiB\n","stream":"stderr","time":"2020-03-25T06:59:50.601650855Z"}
{"log":"INFO [03-25|06:59:50.789] Imported new chain segment               blocks=1     txs=1     mgas=0.524   elapsed=17.697ms  mgasps=29.616   number=2405859 hash=068a7c…05b9de dirty=687.18MiB\n","stream":"stderr","time":"2020-03-25T06:59:50.789917195Z"}
{"log":"INFO [03-25|06:59:55.789] Chain reorg detected                     number=2405858 hash=07008d…3dbb8b drop=1 dropfrom=ac0e1c…327063 add=1 addfrom=3a0237…2d6668\n","stream":"stderr","time":"2020-03-25T06:59:55.789478955Z"}
{"log":"INFO [03-25|06:59:55.789] Imported new chain segment               blocks=1     txs=1     mgas=0.524   elapsed=18.704ms  mgasps=28.022   number=2405859 hash=3a0237…2d6668 dirty=687.19MiB\n","stream":"stderr","time":"2020-03-25T06:59:55.789766931Z"}
{"log":"INFO [03-25|07:00:05.324] Chain reorg detected                     number=2405858 hash=07008d…3dbb8b drop=1 dropfrom=3a0237…2d6668 add=2 addfrom=18c63b…dad447\n","stream":"stderr","time":"2020-03-25T07:00:05.324400531Z"}
{"log":"INFO [03-25|07:00:05.324] Imported new chain segment               blocks=1     txs=0     mgas=0.000   elapsed=1.083ms   mgasps=0.000    number=2405860 hash=18c63b…dad447 dirty=687.17MiB\n","stream":"stderr","time":"2020-03-25T07:00:05.324796461Z"}
{"log":"INFO [03-25|07:00:16.059] Deep froze chain segment                 blocks=4     elapsed=28.266ms  number=2315859 hash=dcb416…54c02b\n","stream":"stderr","time":"2020-03-25T07:00:16.060160919Z"}
{"log":"INFO [03-25|07:00:20.870] Imported new chain segment               blocks=1     txs=1     mgas=3.741   elapsed=22.031ms  mgasps=169.825  number=2405861 hash=f52b1d…003ea2 dirty=687.56MiB\n","stream":"stderr","time":"2020-03-25T07:00:20.870847907Z"}
{"log":"INFO [03-25|07:00:20.946] Chain reorg detected                     number=2405860 hash=18c63b…dad447 drop=1 dropfrom=f52b1d…003ea2 add=1 addfrom=97c980…998ac3\n","stream":"stderr","time":"2020-03-25T07:00:20.946817011Z"}
{"log":"INFO [03-25|07:00:20.946] Imported new chain segment               blocks=1     txs=1     mgas=3.741   elapsed=15.697ms  mgasps=238.343  number=2405861 hash=97c980…998ac3 dirty=687.56MiB\n","stream":"stderr","time":"2020-03-25T07:00:20.946991231Z"}
{"log":"INFO [03-25|07:00:22.781] Chain reorg detected                     number=2405860 hash=18c63b…dad447 drop=1 dropfrom=97c980…998ac3 add=1 addfrom=807ceb…74e9f1\n","stream":"stderr","time":"2020-03-25T07:00:22.78178144Z"}
{"log":"INFO [03-25|07:00:22.781] Imported new chain segment               blocks=1     txs=1     mgas=3.741   elapsed=15.224ms  mgasps=245.761  number=2405861 hash=807ceb…74e9f1 dirty=687.56MiB\n","stream":"stderr","time":"2020-03-25T07:00:22.782019337Z"}
{"log":"INFO [03-25|07:00:35.851] Imported new chain segment               blocks=1     txs=4     mgas=3.214   elapsed=26.180ms  mgasps=122.748  number=2405862 hash=e9d6eb…6a15ba dirty=687.81MiB\n","stream":"stderr","time":"2020-03-25T07:00:35.851385389Z"}
{"log":"INFO [03-25|07:00:36.258] Chain reorg detected                     number=2405860 hash=18c63b…dad447 drop=2 dropfrom=e9d6eb…6a15ba add=2 addfrom=6379b0…fcef69\n","stream":"stderr","time":"2020-03-25T07:00:36.258395219Z"}
{"log":"INFO [03-25|07:00:36.258] Imported new chain segment               blocks=1     txs=4     mgas=3.038   elapsed=33.919ms  mgasps=89.577   number=2405862 hash=6379b0…fcef69 dirty=687.83MiB\n","stream":"stderr","time":"2020-03-25T07:00:36.258804663Z"}
{"log":"INFO [03-25|07:00:50.755] Chain reorg detected                     number=2405860 hash=18c63b…dad447 drop=2 dropfrom=6379b0…fcef69 add=3 addfrom=3d94f4…a05eb8\n","stream":"stderr","time":"2020-03-25T07:00:50.755364362Z"}
{"log":"INFO [03-25|07:00:50.756] Imported new chain segment               blocks=1     txs=1     mgas=0.839   elapsed=10.925ms  mgasps=76.823   number=2405863 hash=3d94f4…a05eb8 dirty=687.91MiB\n","stream":"stderr","time":"2020-03-25T07:00:50.756255234Z"}
{"log":"INFO [03-25|07:01:05.159] Imported new chain segment               blocks=1     txs=2     mgas=0.461   elapsed=6.885ms   mgasps=66.938   number=2405864 hash=a9b102…6c098d dirty=687.93MiB\n","stream":"stderr","time":"2020-03-25T07:01:05.160091193Z"}
{"log":"INFO [03-25|07:01:05.208] Imported new chain segment               blocks=1     txs=2     mgas=0.461   elapsed=4.031ms   mgasps=114.335  number=2405864 hash=d39fa3…c35b59 dirty=687.93MiB\n","stream":"stderr","time":"2020-03-25T07:01:05.208226771Z"}
{"log":"INFO [03-25|07:01:16.101] Deep froze chain segment                 blocks=4     elapsed=40.889ms  number=2315863 hash=8065db…027929\n","stream":"stderr","time":"2020-03-25T07:01:16.101717368Z"}
{"log":"INFO [03-25|07:01:20.079] Imported new chain segment               blocks=1     txs=1     mgas=0.433   elapsed=15.831ms  mgasps=27.366   number=2405865 hash=82e059…aef30e dirty=687.95MiB\n","stream":"stderr","time":"2020-03-25T07:01:20.079273901Z"}
{"log":"INFO [03-25|07:01:35.083] Imported new chain segment               blocks=1     txs=1     mgas=0.243   elapsed=3.572ms   mgasps=67.999   number=2405866 hash=0ae851…689025 dirty=687.95MiB\n","stream":"stderr","time":"2020-03-25T07:01:35.083315362Z"}
{"log":"INFO [03-25|07:01:50.124] Imported new chain segment               blocks=1     txs=2     mgas=0.737   elapsed=20.597ms  mgasps=35.758   number=2405867 hash=c07870…ecf3ac dirty=687.99MiB\n","stream":"stderr","time":"2020-03-25T07:01:50.125189761Z"}
{"log":"INFO [03-25|07:01:50.129] Imported new chain segment               blocks=1     txs=0     mgas=0.000   elapsed=297.491µs mgasps=0.000    number=2405867 hash=853aa9…91aff4 dirty=687.99MiB\n","stream":"stderr","time":"2020-03-25T07:01:50.129898225Z"}
{"log":"INFO [03-25|07:01:51.365] Imported new chain segment               blocks=1     txs=0     mgas=0.000   elapsed=305.585µs mgasps=0.000    number=2405867 hash=7e6011…71b50a dirty=687.99MiB\n","stream":"stderr","time":"2020-03-25T07:01:51.36613809Z"}
{"log":"INFO [03-25|07:01:55.928] Imported new chain segment               blocks=1     txs=2     mgas=0.737   elapsed=22.685ms  mgasps=32.466   number=2405867 hash=6dc331…812bda dirty=687.99MiB\n","stream":"stderr","time":"2020-03-25T07:01:55.92824881Z"}
{"log":"INFO [03-25|07:02:05.132] Imported new chain segment               blocks=1     txs=0     mgas=0.000   elapsed=1.082ms   mgasps=0.000    number=2405868 hash=a56bda…38f971 dirty=687.96MiB\n","stream":"stderr","time":"2020-03-25T07:02:05.132483447Z"}
{"log":"INFO [03-25|07:02:07.677] Imported new chain segment               blocks=1     txs=0     mgas=0.000   elapsed=316.924µs mgasps=0.000    number=2405868 hash=d01393…ee0ec1 dirty=687.96MiB\n","stream":"stderr","time":"2020-03-25T07:02:07.677874888Z"}
{"log":"INFO [03-25|07:02:16.129] Deep froze chain segment                 blocks=4     elapsed=28.106ms  number=2315867 hash=b34f2d…ed89d1\n","stream":"stderr","time":"2020-03-25T07:02:16.130157538Z"}
{"log":"INFO [03-25|07:02:20.866] Imported new chain segment               blocks=1     txs=0     mgas=0.000   elapsed=4.501ms   mgasps=0.000    number=2405869 hash=cb0fb2…153ddc dirty=687.72MiB\n","stream":"stderr","time":"2020-03-25T07:02:20.867008934Z"}
{"log":"INFO [03-25|07:02:35.603] Imported new chain segment               blocks=1     txs=1     mgas=0.433   elapsed=15.656ms  mgasps=27.673   number=2405870 hash=5b16dd…0b3e17 dirty=687.39MiB\n","stream":"stderr","time":"2020-03-25T07:02:35.603969853Z"}
{"log":"INFO [03-25|07:02:41.493] Imported new chain segment               blocks=1     txs=3     mgas=0.540   elapsed=18.205ms  mgasps=29.670   number=2405870 hash=ab06d5…8385e5 dirty=687.40MiB\n","stream":"stderr","time":"2020-03-25T07:02:41.493405105Z"}
{"log":"INFO [03-25|07:02:50.100] Imported new chain segment               blocks=1     txs=3     mgas=0.203   elapsed=4.141ms   mgasps=48.968   number=2405871 hash=91c7d4…006d51 dirty=687.41MiB\n","stream":"stderr","time":"2020-03-25T07:02:50.101123637Z"}
{"log":"INFO [03-25|07:02:50.906] Imported new chain segment               blocks=1     txs=2     mgas=0.107   elapsed=2.596ms   mgasps=41.175   number=2405871 hash=a6983a…a06537 dirty=687.41MiB\n","stream":"stderr","time":"2020-03-25T07:02:50.906639621Z"}
{"log":"INFO [03-25|07:03:05.688] Imported new chain segment               blocks=1     txs=0     mgas=0.000   elapsed=1.196ms   mgasps=0.000    number=2405872 hash=e83b98…36721a dirty=687.38MiB\n","stream":"stderr","time":"2020-03-25T07:03:05.690344743Z"}
{"log":"INFO [03-25|07:03:07.097] Imported new chain segment               blocks=1     txs=1     mgas=0.039   elapsed=1.628ms   mgasps=24.179   number=2405872 hash=deae84…bada42 dirty=687.39MiB\n","stream":"stderr","time":"2020-03-25T07:03:07.097769464Z"}
{"log":"INFO [03-25|07:03:16.169] Deep froze chain segment                 blocks=4     elapsed=39.546ms  number=2315871 hash=21ca16…5fd1e4\n","stream":"stderr","time":"2020-03-25T07:03:16.170083676Z"}
{"log":"INFO [03-25|07:03:21.135] Imported new chain segment               blocks=1     txs=1     mgas=0.039   elapsed=1.634ms   mgasps=24.079   number=2405873 hash=77f748…4d7ee3 dirty=687.39MiB\n","stream":"stderr","time":"2020-03-25T07:03:21.135580396Z"}
{"log":"INFO [03-25|07:03:21.317] Chain reorg detected                     number=2405872 hash=e83b98…36721a drop=1 dropfrom=77f748…4d7ee3 add=1 addfrom=4a7a97…09291d\n","stream":"stderr","time":"2020-03-25T07:03:21.317869193Z"}
{"log":"INFO [03-25|07:03:21.317] Imported new chain segment               blocks=1     txs=1     mgas=0.039   elapsed=1.753ms   mgasps=22.453   number=2405873 hash=4a7a97…09291d dirty=687.39MiB\n","stream":"stderr","time":"2020-03-25T07:03:21.318077836Z"}
{"log":"INFO [03-25|07:03:35.201] Chain reorg detected                     number=2405872 hash=e83b98…36721a drop=1 dropfrom=4a7a97…09291d add=2 addfrom=07d8d3…543ffa\n","stream":"stderr","time":"2020-03-25T07:03:35.201913813Z"}
{"log":"INFO [03-25|07:03:35.209] Imported new chain segment               blocks=1     txs=0     mgas=0.000   elapsed=9.016ms   mgasps=0.000    number=2405874 hash=07d8d3…543ffa dirty=687.37MiB\n","stream":"stderr","time":"2020-03-25T07:03:35.210054704Z"}
{"log":"INFO [03-25|07:03:50.266] Imported new chain segment               blocks=1     txs=0     mgas=0.000   elapsed=477.402µs mgasps=0.000    number=2405875 hash=a0c15a…6ab4f7 dirty=687.37MiB\n","stream":"stderr","time":"2020-03-25T07:03:50.266292875Z"}
{"log":"INFO [03-25|07:03:52.750] Chain reorg detected                     number=2405874 hash=07d8d3…543ffa drop=1 dropfrom=a0c15a…6ab4f7 add=1 addfrom=1fae4f…ffcc4e\n","stream":"stderr","time":"2020-03-25T07:03:52.75035705Z"}
{"log":"INFO [03-25|07:03:52.750] Imported new chain segment               blocks=1     txs=0     mgas=0.000   elapsed=620.557µs mgasps=0.000    number=2405875 hash=1fae4f…ffcc4e dirty=687.37MiB\n","stream":"stderr","time":"2020-03-25T07:03:52.750543033Z"}
{"log":"INFO [03-25|07:04:06.191] Chain reorg detected                     number=2405874 hash=07d8d3…543ffa drop=1 dropfrom=1fae4f…ffcc4e add=2 addfrom=436a9b…db8feb\n","stream":"stderr","time":"2020-03-25T07:04:06.19194082Z"}
{"log":"INFO [03-25|07:04:06.192] Imported new chain segment               blocks=1     txs=0     mgas=0.000   elapsed=1.039ms   mgasps=0.000    number=2405876 hash=436a9b…db8feb dirty=687.35MiB\n","stream":"stderr","time":"2020-03-25T07:04:06.192204856Z"}
{"log":"INFO [03-25|07:04:06.573] Chain reorg detected                     number=2405875 hash=a0c15a…6ab4f7 drop=1 dropfrom=436a9b…db8feb add=1 addfrom=6422d9…7523e9\n","stream":"stderr","time":"2020-03-25T07:04:06.573498959Z"}
{"log":"INFO [03-25|07:04:06.573] Imported new chain segment               blocks=1     txs=1     mgas=0.096   elapsed=2.802ms   mgasps=34.213   number=2405876 hash=6422d9…7523e9 dirty=687.37MiB\n","stream":"stderr","time":"2020-03-25T07:04:06.573771214Z"}
{"log":"INFO [03-25|07:04:16.198] Deep froze chain segment                 blocks=4     elapsed=27.923ms  number=2315875 hash=163828…b6f4b1\n","stream":"stderr","time":"2020-03-25T07:04:16.198522149Z"}
{"log":"INFO [03-25|07:04:21.623] Chain reorg detected                     number=2405875 hash=a0c15a…6ab4f7 drop=1 dropfrom=6422d9…7523e9 add=2 addfrom=84dadd…cc4033\n","stream":"stderr","time":"2020-03-25T07:04:21.623254065Z"}
{"log":"INFO [03-25|07:04:21.623] Imported new chain segment               blocks=1     txs=2     mgas=0.192   elapsed=3.757ms   mgasps=51.047   number=2405877 hash=84dadd…cc4033 dirty=687.38MiB\n","stream":"stderr","time":"2020-03-25T07:04:21.623638862Z"}
{"log":"INFO [03-25|07:04:21.712] Chain reorg detected                     number=2405876 hash=436a9b…db8feb drop=1 dropfrom=84dadd…cc4033 add=1 addfrom=041da8…79b8ba\n","stream":"stderr","time":"2020-03-25T07:04:21.713117165Z"}
{"log":"INFO [03-25|07:04:21.713] Imported new chain segment               blocks=1     txs=1     mgas=0.096   elapsed=1.538ms   mgasps=62.337   number=2405877 hash=041da8…79b8ba dirty=687.38MiB\n","stream":"stderr","time":"2020-03-25T07:04:21.713215065Z"}
{"log":"INFO [03-25|07:04:21.777] Imported new chain segment               blocks=1     txs=2     mgas=0.192   elapsed=2.641ms   mgasps=72.623   number=2405877 hash=499f9a…2be1f2 dirty=687.38MiB\n","stream":"stderr","time":"2020-03-25T07:04:21.777665305Z"}
{"log":"INFO [03-25|07:04:35.124] Imported new chain segment               blocks=1     txs=2     mgas=0.583   elapsed=18.335ms  mgasps=31.772   number=2405878 hash=51d2af…37c9f5 dirty=687.41MiB\n","stream":"stderr","time":"2020-03-25T07:04:35.125126684Z"}
{"log":"INFO [03-25|07:04:37.602] Imported new chain segment               blocks=1     txs=1     mgas=0.487   elapsed=21.341ms  mgasps=22.802   number=2405878 hash=03ea32…4c89e3 dirty=687.41MiB\n","stream":"stderr","time":"2020-03-25T07:04:37.602494572Z"}
{"log":"INFO [03-25|07:04:51.688] Imported new chain segment               blocks=1     txs=0     mgas=0.000   elapsed=393.841µs mgasps=0.000    number=2405879 hash=70d88e…8273b0 dirty=687.41MiB\n","stream":"stderr","time":"2020-03-25T07:04:51.688295749Z"}
{"log":"INFO [03-25|07:04:51.729] Imported new chain segment               blocks=1     txs=2     mgas=0.147   elapsed=3.211ms   mgasps=45.775   number=2405879 hash=a8c67c…5db1c4 dirty=687.44MiB\n","stream":"stderr","time":"2020-03-25T07:04:51.729625761Z"}
{"log":"INFO [03-25|07:05:06.359] Imported new chain segment               blocks=1     txs=3     mgas=0.580   elapsed=24.440ms  mgasps=23.742   number=2405880 hash=a88c6a…823038 dirty=687.44MiB\n","stream":"stderr","time":"2020-03-25T07:05:06.359523931Z"}
{"log":"INFO [03-25|07:05:16.230] Deep froze chain segment                 blocks=4     elapsed=32.060ms  number=2315879 hash=1f41dd…a0f604\n","stream":"stderr","time":"2020-03-25T07:05:16.230895105Z"}
{"log":"INFO [03-25|07:05:20.099] Imported new chain segment               blocks=1     txs=1     mgas=0.245   elapsed=2.086ms   mgasps=117.617  number=2405881 hash=5002c0…4fa993 dirty=687.44MiB\n","stream":"stderr","time":"2020-03-25T07:05:20.099947095Z"}
{"log":"INFO [03-25|07:05:35.800] Imported new chain segment               blocks=1     txs=0     mgas=0.000   elapsed=1.430ms   mgasps=0.000    number=2405882 hash=4f86de…403ce7 dirty=687.42MiB\n","stream":"stderr","time":"2020-03-25T07:05:35.80120315Z"}
{"log":"INFO [03-25|07:05:38.066] Imported new chain segment               blocks=1     txs=0     mgas=0.000   elapsed=803.717µs mgasps=0.000    number=2405882 hash=6a2070…707e23 dirty=687.42MiB\n","stream":"stderr","time":"2020-03-25T07:05:38.067004095Z"}
{"log":"INFO [03-25|07:05:50.564] Imported new chain segment               blocks=1     txs=7     mgas=2.416   elapsed=28.039ms  mgasps=86.168   number=2405883 hash=1806c7…5c20db dirty=687.55MiB\n","stream":"stderr","time":"2020-03-25T07:05:50.564374065Z"}
{"log":"INFO [03-25|07:05:52.145] Imported new chain segment               blocks=1     txs=7     mgas=2.416   elapsed=35.910ms  mgasps=67.282   number=2405883 hash=e62055…d2c277 dirty=687.55MiB\n","stream":"stderr","time":"2020-03-25T07:05:52.146136093Z"}
{"log":"INFO [03-25|07:06:05.079] Chain reorg detected                     number=2405882 hash=4f86de…403ce7 drop=1 dropfrom=1806c7…5c20db add=2 addfrom=6aa237…90ae99\n","stream":"stderr","time":"2020-03-25T07:06:05.079592853Z"}
{"log":"INFO [03-25|07:06:05.081] Imported new chain segment               blocks=1     txs=2     mgas=0.142   elapsed=4.942ms   mgasps=28.687   number=2405884 hash=6aa237…90ae99 dirty=687.57MiB\n","stream":"stderr","time":"2020-03-25T07:06:05.081446647Z"}
{"log":"INFO [03-25|07:06:06.405] Imported new chain segment               blocks=1     txs=1     mgas=0.056   elapsed=3.297ms   mgasps=16.903   number=2405884 hash=316ad1…2b0131 dirty=687.57MiB\n","stream":"stderr","time":"2020-03-25T07:06:06.405332989Z"}
{"log":"INFO [03-25|07:06:16.259] Deep froze chain segment                 blocks=4     elapsed=27.779ms  number=2315883 hash=a5114b…0c13b7\n","stream":"stderr","time":"2020-03-25T07:06:16.259317385Z"}
{"log":"INFO [03-25|07:06:20.075] Imported new chain segment               blocks=1     txs=1     mgas=0.209   elapsed=2.975ms   mgasps=70.311   number=2405885 hash=fe26d7…44b3c6 dirty=687.58MiB\n","stream":"stderr","time":"2020-03-25T07:06:20.075820625Z"}
{"log":"INFO [03-25|07:06:35.712] Imported new chain segment               blocks=1     txs=2     mgas=0.513   elapsed=15.376ms  mgasps=33.368   number=2405886 hash=901e58…9e2fd6 dirty=687.57MiB\n","stream":"stderr","time":"2020-03-25T07:06:35.712279557Z"}
{"log":"INFO [03-25|07:06:35.820] Imported new chain segment               blocks=1     txs=2     mgas=0.513   elapsed=13.217ms  mgasps=38.818   number=2405886 hash=9ac5b5…76c7d2 dirty=687.57MiB\n","stream":"stderr","time":"2020-03-25T07:06:35.820287327Z"}
{"log":"INFO [03-25|07:06:50.087] Imported new chain segment               blocks=1     txs=1     mgas=0.341   elapsed=6.775ms   mgasps=50.330   number=2405887 hash=42b794…d5f0c3 dirty=687.56MiB\n","stream":"stderr","time":"2020-03-25T07:06:50.087616061Z"}
{"log":"INFO [03-25|07:06:50.221] Imported new chain segment               blocks=1     txs=1     mgas=0.341   elapsed=6.015ms   mgasps=56.690   number=2405887 hash=176765…cdc370 dirty=687.57MiB\n","stream":"stderr","time":"2020-03-25T07:06:50.221401316Z"}
{"log":"INFO [03-25|07:07:06.284] Imported new chain segment               blocks=1     txs=1     mgas=0.080   elapsed=2.980ms   mgasps=26.776   number=2405888 hash=54f1ee…19c6e2 dirty=687.56MiB\n","stream":"stderr","time":"2020-03-25T07:07:06.284494983Z"}
{"log":"INFO [03-25|07:07:16.291] Deep froze chain segment                 blocks=4     elapsed=32.453ms  number=2315887 hash=f9657a…f10124\n","stream":"stderr","time":"2020-03-25T07:07:16.292015833Z"}
{"log":"INFO [03-25|07:07:20.962] Imported new chain segment               blocks=1     txs=1     mgas=0.433   elapsed=20.580ms  mgasps=21.050   number=2405889 hash=004f14…b7c97a dirty=687.46MiB\n","stream":"stderr","time":"2020-03-25T07:07:20.962682367Z"}
{"log":"INFO [03-25|07:07:26.924] Imported new chain segment               blocks=1     txs=2     mgas=0.617   elapsed=16.428ms  mgasps=37.565   number=2405889 hash=a5a61b…d2ac30 dirty=687.48MiB\n","stream":"stderr","time":"2020-03-25T07:07:26.926081765Z"}
{"log":"INFO [03-25|07:07:35.171] Imported new chain segment               blocks=1     txs=1     mgas=0.184   elapsed=11.168ms  mgasps=16.469   number=2405890 hash=7ccae5…0a5e58 dirty=687.48MiB\n","stream":"stderr","time":"2020-03-25T07:07:35.171199163Z"}
{"log":"INFO [03-25|07:07:50.192] Imported new chain segment               blocks=1     txs=1     mgas=0.080   elapsed=2.120ms   mgasps=37.653   number=2405891 hash=c8791b…654887 dirty=687.46MiB\n","stream":"stderr","time":"2020-03-25T07:07:50.19316489Z"}
{"log":"INFO [03-25|07:07:55.108] Chain reorg detected                     number=2405890 hash=7ccae5…0a5e58 drop=1 dropfrom=c8791b…654887 add=1 addfrom=80fb2a…7ff413\n","stream":"stderr","time":"2020-03-25T07:07:55.109122464Z"}
{"log":"INFO [03-25|07:07:55.109] Imported new chain segment               blocks=1     txs=3     mgas=0.624   elapsed=16.809ms  mgasps=37.128   number=2405891 hash=80fb2a…7ff413 dirty=687.50MiB\n","stream":"stderr","time":"2020-03-25T07:07:55.109308645Z"}
{"log":"INFO [03-25|07:08:05.795] Imported new chain segment               blocks=1     txs=6     mgas=2.082   elapsed=19.628ms  mgasps=106.061  number=2405892 hash=4457f5…e7ce12 dirty=687.63MiB\n","stream":"stderr","time":"2020-03-25T07:08:05.795546443Z"}
{"log":"INFO [03-25|07:08:07.920] Chain reorg detected                     number=2405891 hash=80fb2a…7ff413 drop=1 dropfrom=4457f5…e7ce12 add=1 addfrom=93d467…5a644b\n","stream":"stderr","time":"2020-03-25T07:08:07.920660551Z"}
{"log":"INFO [03-25|07:08:07.921] Imported new chain segment               blocks=1     txs=6     mgas=2.082   elapsed=55.675ms  mgasps=37.392   number=2405892 hash=93d467…5a644b dirty=687.64MiB\n","stream":"stderr","time":"2020-03-25T07:08:07.92153886Z"}
{"log":"INFO [03-25|07:08:16.325] Deep froze chain segment                 blocks=4     elapsed=32.594ms  number=2315891 hash=6182d6…9cc2cb\n","stream":"stderr","time":"2020-03-25T07:08:16.32527623Z"}
{"log":"INFO [03-25|07:08:20.469] Chain reorg detected                     number=2405891 hash=80fb2a…7ff413 drop=1 dropfrom=93d467…5a644b add=2 addfrom=f29abd…4c83bf\n","stream":"stderr","time":"2020-03-25T07:08:20.470153043Z"}
{"log":"INFO [03-25|07:08:20.470] Imported new chain segment               blocks=1     txs=0     mgas=0.000   elapsed=1.485ms   mgasps=0.000    number=2405893 hash=f29abd…4c83bf dirty=687.64MiB\n","stream":"stderr","time":"2020-03-25T07:08:20.470956122Z"}
{"log":"INFO [03-25|07:08:20.520] Chain reorg detected                     number=2405892 hash=4457f5…e7ce12 drop=1 dropfrom=f29abd…4c83bf add=1 addfrom=253271…058cdc\n","stream":"stderr","time":"2020-03-25T07:08:20.520343274Z"}
{"log":"INFO [03-25|07:08:20.520] Imported new chain segment               blocks=1     txs=0     mgas=0.000   elapsed=639.289µs mgasps=0.000    number=2405893 hash=253271…058cdc dirty=687.64MiB\n","stream":"stderr","time":"2020-03-25T07:08:20.520575049Z"}
{"log":"INFO [03-25|07:08:36.740] Imported new chain segment               blocks=1     txs=1     mgas=0.126   elapsed=9.089ms   mgasps=13.865   number=2405894 hash=68997d…0df871 dirty=687.61MiB\n","stream":"stderr","time":"2020-03-25T07:08:36.740832432Z"}
{"log":"INFO [03-25|07:08:37.292] Chain reorg detected                     number=2405892 hash=4457f5…e7ce12 drop=2 dropfrom=68997d…0df871 add=2 addfrom=76b293…7d28e0\n","stream":"stderr","time":"2020-03-25T07:08:37.292833885Z"}
{"log":"INFO [03-25|07:08:37.293] Imported new chain segment               blocks=1     txs=1     mgas=0.126   elapsed=4.241ms   mgasps=29.711   number=2405894 hash=76b293…7d28e0 dirty=687.62MiB\n","stream":"stderr","time":"2020-03-25T07:08:37.293165385Z"}
{"log":"INFO [03-25|07:08:50.986] Chain reorg detected                     number=2405892 hash=4457f5…e7ce12 drop=2 dropfrom=76b293…7d28e0 add=3 addfrom=399bf4…4aba86\n","stream":"stderr","time":"2020-03-25T07:08:50.986490933Z"}
{"log":"INFO [03-25|07:08:50.994] Imported new chain segment               blocks=1     txs=0     mgas=0.000   elapsed=9.020ms   mgasps=0.000    number=2405895 hash=399bf4…4aba86 dirty=687.60MiB\n","stream":"stderr","time":"2020-03-25T07:08:50.994590604Z"}
{"log":"INFO [03-25|07:09:05.067] Imported new chain segment               blocks=1     txs=0     mgas=0.000   elapsed=878.699µs mgasps=0.000    number=2405896 hash=cc3442…deacc2 dirty=687.58MiB\n","stream":"stderr","time":"2020-03-25T07:09:05.06756362Z"}
{"log":"INFO [03-25|07:09:16.354] Deep froze chain segment                 blocks=4     elapsed=28.719ms  number=2315895 hash=09b483…878013\n","stream":"stderr","time":"2020-03-25T07:09:16.354238174Z"}
{"log":"INFO [03-25|07:09:20.980] Imported new chain segment               blocks=1     txs=0     mgas=0.000   elapsed=799.428µs mgasps=0.000    number=2405897 hash=ac27f0…e303bd dirty=687.56MiB\n","stream":"stderr","time":"2020-03-25T07:09:20.98047819Z"}
{"log":"INFO [03-25|07:09:22.276] Imported new chain segment               blocks=1     txs=1     mgas=0.056   elapsed=1.876ms   mgasps=29.706   number=2405897 hash=aecee4…b30eed dirty=687.57MiB\n","stream":"stderr","time":"2020-03-25T07:09:22.276793494Z"}
{"log":"INFO [03-25|07:09:35.414] Imported new chain segment               blocks=1     txs=2     mgas=0.542   elapsed=18.985ms  mgasps=28.567   number=2405898 hash=6b3f06…9c68e0 dirty=687.57MiB\n","stream":"stderr","time":"2020-03-25T07:09:35.414372156Z"}
{"log":"INFO [03-25|07:09:36.312] Chain reorg detected                     number=2405897 hash=ac27f0…e303bd drop=1 dropfrom=6b3f06…9c68e0 add=1 addfrom=53dac6…3ab5a7\n","stream":"stderr","time":"2020-03-25T07:09:36.31256796Z"}
{"log":"INFO [03-25|07:09:36.312] Imported new chain segment               blocks=1     txs=1     mgas=0.056   elapsed=2.133ms   mgasps=26.129   number=2405898 hash=53dac6…3ab5a7 dirty=687.57MiB\n","stream":"stderr","time":"2020-03-25T07:09:36.31283761Z"}
{"log":"INFO [03-25|07:09:42.022] Imported new chain segment               blocks=1     txs=3     mgas=0.653   elapsed=19.090ms  mgasps=34.226   number=2405898 hash=ba2f09…a4310d dirty=687.59MiB\n","stream":"stderr","time":"2020-03-25T07:09:42.022280622Z"}
{"log":"INFO [03-25|07:09:51.098] Chain reorg detected                     number=2405897 hash=ac27f0…e303bd drop=1 dropfrom=53dac6…3ab5a7 add=2 addfrom=81960e…392be1\n","stream":"stderr","time":"2020-03-25T07:09:51.09829038Z"}
{"log":"INFO [03-25|07:09:51.098] Imported new chain segment               blocks=1     txs=1     mgas=0.111   elapsed=5.086ms   mgasps=21.826   number=2405899 hash=81960e…392be1 dirty=687.54MiB\n","stream":"stderr","time":"2020-03-25T07:09:51.098743268Z"}
{"log":"INFO [03-25|07:09:53.072] Chain reorg detected                     number=2405898 hash=6b3f06…9c68e0 drop=1 dropfrom=81960e…392be1 add=1 addfrom=236b21…bbcc4d\n","stream":"stderr","time":"2020-03-25T07:09:53.072779928Z"}
{"log":"INFO [03-25|07:09:53.072] Imported new chain segment               blocks=1     txs=1     mgas=0.111   elapsed=4.742ms   mgasps=23.411   number=2405899 hash=236b21…bbcc4d dirty=687.55MiB\n","stream":"stderr","time":"2020-03-25T07:09:53.073137347Z"}
{"log":"INFO [03-25|07:10:05.176] Chain reorg detected                     number=2405898 hash=6b3f06…9c68e0 drop=1 dropfrom=236b21…bbcc4d add=2 addfrom=bb8353…c216b2\n","stream":"stderr","time":"2020-03-25T07:10:05.176498752Z"}
{"log":"INFO [03-25|07:10:05.176] Imported new chain segment               blocks=1     txs=1     mgas=0.433   elapsed=15.748ms  mgasps=27.510   number=2405900 hash=bb8353…c216b2 dirty=687.46MiB\n","stream":"stderr","time":"2020-03-25T07:10:05.176802503Z"}
{"log":"INFO [03-25|07:10:05.188] Imported new chain segment               blocks=1     txs=1     mgas=0.433   elapsed=12.019ms  mgasps=36.045   number=2405900 hash=e9529f…790f2a dirty=687.46MiB\n","stream":"stderr","time":"2020-03-25T07:10:05.189056646Z"}
{"log":"INFO [03-25|07:10:05.198] Chain reorg detected                     number=2405899 hash=81960e…392be1 drop=1 dropfrom=bb8353…c216b2 add=1 addfrom=b867d9…b21c51\n","stream":"stderr","time":"2020-03-25T07:10:05.198236391Z"}
{"log":"INFO [03-25|07:10:05.198] Imported new chain segment               blocks=1     txs=0     mgas=0.000   elapsed=527.648µs mgasps=0.000    number=2405900 hash=b867d9…b21c51 dirty=687.46MiB\n","stream":"stderr","time":"2020-03-25T07:10:05.198486283Z"}
{"log":"INFO [03-25|07:10:16.381] Deep froze chain segment                 blocks=4     elapsed=26.857ms  number=2315899 hash=6e6013…1a86a6\n","stream":"stderr","time":"2020-03-25T07:10:16.381416969Z"}
{"log":"INFO [03-25|07:10:21.303] Imported new chain segment               blocks=1     txs=2     mgas=0.529   elapsed=18.330ms  mgasps=28.867   number=2405901 hash=a7ec68…43b3b0 dirty=687.46MiB\n","stream":"stderr","time":"2020-03-25T07:10:21.303460177Z"}
{"log":"INFO [03-25|07:10:22.283] Chain reorg detected                     number=2405900 hash=b867d9…b21c51 drop=1 dropfrom=a7ec68…43b3b0 add=1 addfrom=c373bb…ade26f\n","stream":"stderr","time":"2020-03-25T07:10:22.283297856Z"}
{"log":"INFO [03-25|07:10:22.283] Imported new chain segment               blocks=1     txs=1     mgas=0.433   elapsed=15.815ms  mgasps=27.393   number=2405901 hash=c373bb…ade26f dirty=687.46MiB\n","stream":"stderr","time":"2020-03-25T07:10:22.283890703Z"}
{"log":"INFO [03-25|07:10:22.666] Chain reorg detected                     number=2405900 hash=b867d9…b21c51 drop=1 dropfrom=c373bb…ade26f add=1 addfrom=1195a8…0012a3\n","stream":"stderr","time":"2020-03-25T07:10:22.666384924Z"}
{"log":"INFO [03-25|07:10:22.666] Imported new chain segment               blocks=1     txs=1     mgas=0.433   elapsed=16.501ms  mgasps=26.254   number=2405901 hash=1195a8…0012a3 dirty=687.46MiB\n","stream":"stderr","time":"2020-03-25T07:10:22.666893885Z"}
{"log":"INFO [03-25|07:10:36.439] Chain reorg detected                     number=2405900 hash=b867d9…b21c51 drop=1 dropfrom=1195a8…0012a3 add=2 addfrom=6859f2…04eab1\n","stream":"stderr","time":"2020-03-25T07:10:36.439631892Z"}
{"log":"INFO [03-25|07:10:36.440] Imported new chain segment               blocks=1     txs=4     mgas=3.472   elapsed=28.889ms  mgasps=120.178  number=2405902 hash=6859f2…04eab1 dirty=687.73MiB\n","stream":"stderr","time":"2020-03-25T07:10:36.440219645Z"}
{"log":"INFO [03-25|07:10:36.684] Chain reorg detected                     number=2405900 hash=b867d9…b21c51 drop=2 dropfrom=6859f2…04eab1 add=2 addfrom=63c3ce…7f3ed9\n","stream":"stderr","time":"2020-03-25T07:10:36.685126778Z"}
{"log":"INFO [03-25|07:10:36.685] Imported new chain segment               blocks=1     txs=5     mgas=3.460   elapsed=23.371ms  mgasps=148.028  number=2405902 hash=63c3ce…7f3ed9 dirty=687.76MiB\n","stream":"stderr","time":"2020-03-25T07:10:36.685716301Z"}
{"log":"INFO [03-25|07:10:37.272] Chain reorg detected                     number=2405900 hash=b867d9…b21c51 drop=2 dropfrom=63c3ce…7f3ed9 add=2 addfrom=8b91cb…383855\n","stream":"stderr","time":"2020-03-25T07:10:37.273039071Z"}
{"log":"INFO [03-25|07:10:37.273] Imported new chain segment               blocks=1     txs=4     mgas=3.472   elapsed=16.672ms  mgasps=208.238  number=2405902 hash=8b91cb…383855 dirty=687.76MiB\n","stream":"stderr","time":"2020-03-25T07:10:37.273633107Z"}
{"log":"INFO [03-25|07:10:37.278] Chain reorg detected                     number=2405901 hash=a7ec68…43b3b0 drop=1 dropfrom=8b91cb…383855 add=1 addfrom=b633c8…da6a88\n","stream":"stderr","time":"2020-03-25T07:10:37.278648567Z"}
{"log":"INFO [03-25|07:10:37.278] Imported new chain segment               blocks=1     txs=0     mgas=0.000   elapsed=674.077µs mgasps=0.000    number=2405902 hash=b633c8…da6a88 dirty=687.76MiB\n","stream":"stderr","time":"2020-03-25T07:10:37.278846689Z"}
{"log":"INFO [03-25|07:10:51.132] Chain reorg detected                     number=2405900 hash=b867d9…b21c51 drop=2 dropfrom=b633c8…da6a88 add=3 addfrom=b354e4…c6d17e\n","stream":"stderr","time":"2020-03-25T07:10:51.132295583Z"}
{"log":"INFO [03-25|07:10:51.132] Imported new chain segment               blocks=1     txs=1     mgas=0.389   elapsed=6.769ms   mgasps=57.422   number=2405903 hash=b354e4…c6d17e dirty=687.78MiB\n","stream":"stderr","time":"2020-03-25T07:10:51.132981185Z"}
{"log":"INFO [03-25|07:10:53.220] Chain reorg detected                     number=2405902 hash=63c3ce…7f3ed9 drop=1 dropfrom=b354e4…c6d17e add=1 addfrom=a50e2a…a160dc\n","stream":"stderr","time":"2020-03-25T07:10:53.221049319Z"}
{"log":"INFO [03-25|07:10:53.221] Imported new chain segment               blocks=1     txs=1     mgas=0.389   elapsed=7.725ms   mgasps=50.318   number=2405903 hash=a50e2a…a160dc dirty=687.78MiB\n","stream":"stderr","time":"2020-03-25T07:10:53.221317878Z"}
{"log":"INFO [03-25|07:11:05.175] Chain reorg detected                     number=2405902 hash=63c3ce…7f3ed9 drop=1 dropfrom=a50e2a…a160dc add=2 addfrom=f2cd02…970b2d\n","stream":"stderr","time":"2020-03-25T07:11:05.175616583Z"}
{"log":"INFO [03-25|07:11:05.175] Imported new chain segment               blocks=1     txs=1     mgas=0.433   elapsed=16.539ms  mgasps=26.194   number=2405904 hash=f2cd02…970b2d dirty=687.80MiB\n","stream":"stderr","time":"2020-03-25T07:11:05.176007659Z"}
{"log":"INFO [03-25|07:11:06.448] Imported new chain segment               blocks=1     txs=1     mgas=0.433   elapsed=16.676ms  mgasps=25.980   number=2405904 hash=911d57…7c2cdd dirty=687.80MiB\n","stream":"stderr","time":"2020-03-25T07:11:06.448449029Z"}
{"log":"INFO [03-25|07:11:16.422] Deep froze chain segment                 blocks=4     elapsed=40.762ms  number=2315903 hash=c9c8b6…d7cb6e\n","stream":"stderr","time":"2020-03-25T07:11:16.422629108Z"}
{"log":"INFO [03-25|07:11:21.172] Imported new chain segment               blocks=1     txs=0     mgas=0.000   elapsed=747.821µs mgasps=0.000    number=2405905 hash=d8aeea…0e21dd dirty=687.78MiB\n","stream":"stderr","time":"2020-03-25T07:11:21.172715978Z"}
{"log":"INFO [03-25|07:11:22.384] Imported new chain segment               blocks=1     txs=0     mgas=0.000   elapsed=297.026µs mgasps=0.000    number=2405905 hash=0bf49b…f2e50a dirty=687.78MiB\n","stream":"stderr","time":"2020-03-25T07:11:22.384875458Z"}
{"log":"INFO [03-25|07:11:35.075] Chain reorg detected                     number=2405904 hash=f2cd02…970b2d drop=1 dropfrom=d8aeea…0e21dd add=2 addfrom=ba0763…af1957\n","stream":"stderr","time":"2020-03-25T07:11:35.075333397Z"}
{"log":"INFO [03-25|07:11:35.075] Imported new chain segment               blocks=1     txs=0     mgas=0.000   elapsed=841.481µs mgasps=0.000    number=2405906 hash=ba0763…af1957 dirty=687.76MiB\n","stream":"stderr","time":"2020-03-25T07:11:35.075518155Z"}
{"log":"INFO [03-25|07:11:37.346] Imported new chain segment               blocks=1     txs=0     mgas=0.000   elapsed=423.669µs mgasps=0.000    number=2405906 hash=4e8f38…ea711a dirty=687.76MiB\n","stream":"stderr","time":"2020-03-25T07:11:37.348476952Z"}
{"log":"INFO [03-25|07:11:50.128] Imported new chain segment               blocks=1     txs=1     mgas=0.433   elapsed=17.326ms  mgasps=25.004   number=2405907 hash=a1dc23…454e66 dirty=687.76MiB\n","stream":"stderr","time":"2020-03-25T07:11:50.128940155Z"}
{"log":"INFO [03-25|07:11:51.457] Imported new chain segment               blocks=1     txs=1     mgas=0.433   elapsed=17.258ms  mgasps=25.103   number=2405907 hash=7a825b…96e9c3 dirty=687.77MiB\n","stream":"stderr","time":"2020-03-25T07:11:51.457626815Z"}
{"log":"INFO [03-25|07:11:57.341] Imported new chain segment               blocks=1     txs=1     mgas=0.433   elapsed=18.096ms  mgasps=23.940   number=2405907 hash=83a003…6f9320 dirty=687.77MiB\n","stream":"stderr","time":"2020-03-25T07:11:57.341411842Z"}
{"log":"INFO [03-25|07:12:05.102] Imported new chain segment               blocks=1     txs=1     mgas=0.096   elapsed=2.963ms   mgasps=32.362   number=2405908 hash=619337…cd6d6f dirty=687.78MiB\n","stream":"stderr","time":"2020-03-25T07:12:05.102322967Z"}
{"log":"INFO [03-25|07:12:05.896] Imported new chain segment               blocks=1     txs=1     mgas=0.096   elapsed=1.944ms   mgasps=49.330   number=2405908 hash=f7133d…6d79b3 dirty=687.78MiB\n","stream":"stderr","time":"2020-03-25T07:12:05.896573173Z"}
{"log":"INFO [03-25|07:12:16.455] Deep froze chain segment                 blocks=4     elapsed=32.348ms  number=2315907 hash=a16c69…cf9b4d\n","stream":"stderr","time":"2020-03-25T07:12:16.455380368Z"}
{"log":"INFO [03-25|07:12:20.595] Imported new chain segment               blocks=1     txs=0     mgas=0.000   elapsed=485.242µs mgasps=0.000    number=2405909 hash=f86221…189682 dirty=687.78MiB\n","stream":"stderr","time":"2020-03-25T07:12:20.595978822Z"}
{"log":"INFO [03-25|07:12:22.358] Imported new chain segment               blocks=1     txs=1     mgas=0.433   elapsed=19.112ms  mgasps=22.668   number=2405909 hash=6ec251…4727e6 dirty=687.80MiB\n","stream":"stderr","time":"2020-03-25T07:12:22.358438363Z"}
{"log":"INFO [03-25|07:12:35.893] Imported new chain segment               blocks=1     txs=2     mgas=0.489   elapsed=22.202ms  mgasps=22.024   number=2405910 hash=4639da…1582d8 dirty=687.66MiB\n","stream":"stderr","time":"2020-03-25T07:12:35.893724627Z"}
{"log":"INFO [03-25|07:12:36.874] Chain reorg detected                     number=2405909 hash=f86221…189682 drop=1 dropfrom=4639da…1582d8 add=1 addfrom=124ee5…c456ea\n","stream":"stderr","time":"2020-03-25T07:12:36.874852233Z"}
{"log":"INFO [03-25|07:12:36.874] Imported new chain segment               blocks=1     txs=1     mgas=0.433   elapsed=13.337ms  mgasps=32.484   number=2405910 hash=124ee5…c456ea dirty=687.66MiB\n","stream":"stderr","time":"2020-03-25T07:12:36.875047623Z"}
{"log":"INFO [03-25|07:12:42.766] Chain reorg detected                     number=2405909 hash=f86221…189682 drop=1 dropfrom=124ee5…c456ea add=1 addfrom=71c26c…4669fa\n","stream":"stderr","time":"2020-03-25T07:12:42.766773158Z"}
{"log":"INFO [03-25|07:12:42.766] Imported new chain segment               blocks=1     txs=2     mgas=0.489   elapsed=20.489ms  mgasps=23.865   number=2405910 hash=71c26c…4669fa dirty=687.66MiB\n","stream":"stderr","time":"2020-03-25T07:12:42.767067618Z"}
{"log":"INFO [03-25|07:12:51.100] Chain reorg detected                     number=2405909 hash=f86221…189682 drop=1 dropfrom=71c26c…4669fa add=2 addfrom=6b3df5…07bf9c\n","stream":"stderr","time":"2020-03-25T07:12:51.100830911Z"}
{"log":"INFO [03-25|07:12:51.101] Imported new chain segment               blocks=1     txs=1     mgas=0.433   elapsed=21.502ms  mgasps=20.148   number=2405911 hash=6b3df5…07bf9c dirty=687.47MiB\n","stream":"stderr","time":"2020-03-25T07:12:51.101351677Z"}
{"log":"INFO [03-25|07:12:51.103] Imported new chain segment               blocks=1     txs=0     mgas=0.000   elapsed=238.772µs mgasps=0.000    number=2405911 hash=b44b34…8969a5 dirty=687.47MiB\n","stream":"stderr","time":"2020-03-25T07:12:51.103760038Z"}
{"log":"INFO [03-25|07:12:55.811] Chain reorg detected                     number=2405909 hash=f86221…189682 drop=2 dropfrom=6b3df5…07bf9c add=2 addfrom=383487…9e0fe1\n","stream":"stderr","time":"2020-03-25T07:12:55.811395804Z"}
{"log":"INFO [03-25|07:12:55.811] Imported new chain segment               blocks=1     txs=2     mgas=0.489   elapsed=18.275ms  mgasps=26.754   number=2405911 hash=383487…9e0fe1 dirty=687.48MiB\n","stream":"stderr","time":"2020-03-25T07:12:55.811853137Z"}
{"log":"INFO [03-25|07:13:05.542] Imported new chain segment               blocks=1     txs=0     mgas=0.000   elapsed=1.169ms   mgasps=0.000    number=2405912 hash=89de2d…63175e dirty=687.43MiB\n","stream":"stderr","time":"2020-03-25T07:13:05.54297116Z"}
{"log":"INFO [03-25|07:13:06.711] Chain reorg detected                     number=2405911 hash=383487…9e0fe1 drop=1 dropfrom=89de2d…63175e add=1 addfrom=c23c6d…80f9fd\n","stream":"stderr","time":"2020-03-25T07:13:06.711424823Z"}
{"log":"INFO [03-25|07:13:06.711] Imported new chain segment               blocks=1     txs=0     mgas=0.000   elapsed=495.731µs mgasps=0.000    number=2405912 hash=c23c6d…80f9fd dirty=687.43MiB\n","stream":"stderr","time":"2020-03-25T07:13:06.711581656Z"}
{"log":"INFO [03-25|07:13:07.585] Imported new chain segment               blocks=1     txs=0     mgas=0.000   elapsed=663.892µs mgasps=0.000    number=2405912 hash=2d6777…5d8541 dirty=687.43MiB\n","stream":"stderr","time":"2020-03-25T07:13:07.585951054Z"}
{"log":"INFO [03-25|07:13:16.496] Deep froze chain segment                 blocks=4     elapsed=40.799ms  number=2315911 hash=c00846…133126\n","stream":"stderr","time":"2020-03-25T07:13:16.496622006Z"}
{"log":"INFO [03-25|07:13:21.222] Imported new chain segment               blocks=1     txs=0     mgas=0.000   elapsed=799.87µs  mgasps=0.000    number=2405913 hash=163679…8627b1 dirty=687.42MiB\n","stream":"stderr","time":"2020-03-25T07:13:21.222705136Z"}
{"log":"INFO [03-25|07:13:35.378] Imported new chain segment               blocks=1     txs=0     mgas=0.000   elapsed=581.95µs  mgasps=0.000    number=2405914 hash=92d9d3…9b67e4 dirty=687.41MiB\n","stream":"stderr","time":"2020-03-25T07:13:35.378745986Z"}
{"log":"INFO [03-25|07:13:51.344] Imported new chain segment               blocks=1     txs=0     mgas=0.000   elapsed=591.249µs mgasps=0.000    number=2405915 hash=ee8791…adefbf dirty=687.41MiB\n","stream":"stderr","time":"2020-03-25T07:13:51.344682366Z"}
{"log":"INFO [03-25|07:14:05.199] Imported new chain segment               blocks=1     txs=1     mgas=0.243   elapsed=4.678ms   mgasps=51.914   number=2405916 hash=46c2ae…0cddab dirty=687.41MiB\n","stream":"stderr","time":"2020-03-25T07:14:05.199680733Z"}
{"log":"INFO [03-25|07:14:05.249] Chain reorg detected                     number=2405915 hash=ee8791…adefbf drop=1 dropfrom=46c2ae…0cddab add=1 addfrom=5e1ff1…11309e\n","stream":"stderr","time":"2020-03-25T07:14:05.249856594Z"}
{"log":"INFO [03-25|07:14:05.249] Imported new chain segment               blocks=1     txs=2     mgas=0.389   elapsed=4.482ms   mgasps=86.770   number=2405916 hash=5e1ff1…11309e dirty=687.42MiB\n","stream":"stderr","time":"2020-03-25T07:14:05.250036852Z"}
{"log":"INFO [03-25|07:14:05.490] Chain reorg detected                     number=2405915 hash=ee8791…adefbf drop=1 dropfrom=5e1ff1…11309e add=1 addfrom=ae5bee…c8b96f\n","stream":"stderr","time":"2020-03-25T07:14:05.490641078Z"}
{"log":"INFO [03-25|07:14:05.490] Imported new chain segment               blocks=1     txs=2     mgas=0.389   elapsed=10.162ms  mgasps=38.268   number=2405916 hash=ae5bee…c8b96f dirty=687.42MiB\n","stream":"stderr","time":"2020-03-25T07:14:05.491011458Z"}
{"log":"INFO [03-25|07:14:05.496] Chain reorg detected                     number=2405915 hash=ee8791…adefbf drop=1 dropfrom=ae5bee…c8b96f add=1 addfrom=3f58ee…ffb0d6\n","stream":"stderr","time":"2020-03-25T07:14:05.499834794Z"}
{"log":"INFO [03-25|07:14:05.497] Imported new chain segment               blocks=1     txs=1     mgas=0.243   elapsed=6.058ms   mgasps=40.085   number=2405916 hash=3f58ee…ffb0d6 dirty=687.43MiB\n","stream":"stderr","time":"2020-03-25T07:14:05.499866563Z"}
{"log":"INFO [03-25|07:14:16.545] Deep froze chain segment                 blocks=4     elapsed=26.749ms  number=2315915 hash=e310a8…a28e6a\n","stream":"stderr","time":"2020-03-25T07:14:16.545840071Z"}
{"log":"INFO [03-25|07:14:20.075] Chain reorg detected                     number=2405915 hash=ee8791…adefbf drop=1 dropfrom=3f58ee…ffb0d6 add=2 addfrom=068612…cf1fab\n","stream":"stderr","time":"2020-03-25T07:14:20.076065679Z"}
{"log":"INFO [03-25|07:14:20.076] Imported new chain segment               blocks=1     txs=0     mgas=0.000   elapsed=1.242ms   mgasps=0.000    number=2405917 hash=068612…cf1fab dirty=687.42MiB\n","stream":"stderr","time":"2020-03-25T07:14:20.076634421Z"}
{"log":"INFO [03-25|07:14:21.103] Imported new chain segment               blocks=1     txs=1     mgas=0.111   elapsed=4.330ms   mgasps=25.639   number=2405917 hash=7255d0…48aa42 dirty=687.44MiB\n","stream":"stderr","time":"2020-03-25T07:14:21.103599876Z"}
{"log":"INFO [03-25|07:14:35.194] Imported new chain segment               blocks=1     txs=1     mgas=0.111   elapsed=4.239ms   mgasps=26.189   number=2405918 hash=a6f058…76f286 dirty=687.41MiB\n","stream":"stderr","time":"2020-03-25T07:14:35.19451987Z"}
{"log":"INFO [03-25|07:14:36.778] Imported new chain segment               blocks=1     txs=1     mgas=0.111   elapsed=3.952ms   mgasps=28.090   number=2405918 hash=0dcc51…adc73c dirty=687.41MiB\n","stream":"stderr","time":"2020-03-25T07:14:36.778253529Z"}
{"log":"INFO [03-25|07:14:38.739] Chain reorg detected                     number=2405917 hash=068612…cf1fab drop=1 dropfrom=a6f058…76f286 add=1 addfrom=1e9daa…fc84ff\n","stream":"stderr","time":"2020-03-25T07:14:38.73959692Z"}
{"log":"INFO [03-25|07:14:38.739] Imported new chain segment               blocks=1     txs=2     mgas=0.598   elapsed=15.912ms  mgasps=37.559   number=2405918 hash=1e9daa…fc84ff dirty=687.43MiB\n","stream":"stderr","time":"2020-03-25T07:14:38.739752019Z"}
{"log":"INFO [03-25|07:14:39.075] Imported new chain segment               blocks=1     txs=1     mgas=0.111   elapsed=3.853ms   mgasps=28.811   number=2405918 hash=b189f7…d73807 dirty=687.44MiB\n","stream":"stderr","time":"2020-03-25T07:14:39.075490115Z"}
{"log":"INFO [03-25|07:14:50.588] Chain reorg detected                     number=2405917 hash=068612…cf1fab drop=1 dropfrom=1e9daa…fc84ff add=2 addfrom=50b98a…e18d0b\n","stream":"stderr","time":"2020-03-25T07:14:50.588326899Z"}
{"log":"INFO [03-25|07:14:50.588] Imported new chain segment               blocks=1     txs=2     mgas=0.535   elapsed=18.052ms  mgasps=29.654   number=2405919 hash=50b98a…e18d0b dirty=687.43MiB\n","stream":"stderr","time":"2020-03-25T07:14:50.588828266Z"}
{"log":"INFO [03-25|07:14:50.982] Chain reorg detected                     number=2405918 hash=a6f058…76f286 drop=1 dropfrom=50b98a…e18d0b add=1 addfrom=0d731b…8d4fdd\n","stream":"stderr","time":"2020-03-25T07:14:50.982225337Z"}
{"log":"INFO [03-25|07:14:50.982] Imported new chain segment               blocks=1     txs=2     mgas=0.535   elapsed=19.930ms  mgasps=26.861   number=2405919 hash=0d731b…8d4fdd dirty=687.43MiB\n","stream":"stderr","time":"2020-03-25T07:14:50.982542276Z"}
{"log":"INFO [03-25|07:14:56.375] Imported new chain segment               blocks=1     txs=3     mgas=0.646   elapsed=18.704ms  mgasps=34.558   number=2405919 hash=0c6808…cdf9fa dirty=687.45MiB\n","stream":"stderr","time":"2020-03-25T07:14:56.375337082Z"}
{"log":"INFO [03-25|07:15:05.693] Imported new chain segment               blocks=1     txs=1     mgas=0.111   elapsed=3.897ms   mgasps=28.492   number=2405920 hash=96b8cf…c364ce dirty=687.45MiB\n","stream":"stderr","time":"2020-03-25T07:15:05.693833116Z"}
{"log":"INFO [03-25|07:15:06.560] Imported new chain segment               blocks=1     txs=1     mgas=0.111   elapsed=3.618ms   mgasps=30.690   number=2405920 hash=69a2d9…1e51e0 dirty=687.45MiB\n","stream":"stderr","time":"2020-03-25T07:15:06.560356882Z"}
{"log":"INFO [03-25|07:15:16.580] Deep froze chain segment                 blocks=4     elapsed=34.752ms  number=2315919 hash=d49e5b…241e5d\n","stream":"stderr","time":"2020-03-25T07:15:16.580906077Z"}
{"log":"INFO [03-25|07:15:21.380] Imported new chain segment               blocks=1     txs=2     mgas=0.454   elapsed=17.499ms  mgasps=25.955   number=2405921 hash=55cbbc…17f383 dirty=687.48MiB\n","stream":"stderr","time":"2020-03-25T07:15:21.380878537Z"}
{"log":"INFO [03-25|07:15:22.048] Imported new chain segment               blocks=1     txs=2     mgas=4.183   elapsed=34.464ms  mgasps=121.373  number=2405921 hash=b29942…a5efb0 dirty=687.88MiB\n","stream":"stderr","time":"2020-03-25T07:15:22.048468011Z"}
{"log":"INFO [03-25|07:15:26.252] Chain reorg detected                     number=2405920 hash=96b8cf…c364ce drop=1 dropfrom=55cbbc…17f383 add=1 addfrom=ff7c75…9a77ce\n","stream":"stderr","time":"2020-03-25T07:15:26.253155871Z"}
{"log":"INFO [03-25|07:15:26.253] Imported new chain segment               blocks=1     txs=2     mgas=0.454   elapsed=17.793ms  mgasps=25.526   number=2405921 hash=ff7c75…9a77ce dirty=687.88MiB\n","stream":"stderr","time":"2020-03-25T07:15:26.253410768Z"}
{"log":"INFO [03-25|07:15:35.430] Imported new chain segment               blocks=1     txs=6     mgas=1.983   elapsed=22.179ms  mgasps=89.401   number=2405922 hash=f15838…d205bc dirty=687.97MiB\n","stream":"stderr","time":"2020-03-25T07:15:35.431025992Z"}
{"log":"INFO [03-25|07:15:50.527] Imported new chain segment               blocks=1     txs=3     mgas=0.734   elapsed=14.905ms  mgasps=49.270   number=2405923 hash=fe86b7…ae022b dirty=688.00MiB\n","stream":"stderr","time":"2020-03-25T07:15:50.527842259Z"}
{"log":"INFO [03-25|07:16:05.126] Imported new chain segment               blocks=1     txs=1     mgas=0.096   elapsed=3.869ms   mgasps=24.785   number=2405924 hash=8ce816…32b326 dirty=688.00MiB\n","stream":"stderr","time":"2020-03-25T07:16:05.126630482Z"}
{"log":"INFO [03-25|07:16:16.649] Deep froze chain segment                 blocks=4     elapsed=68.057ms  number=2315923 hash=9ba444…d2c06b\n","stream":"stderr","time":"2020-03-25T07:16:16.650124055Z"}
{"log":"INFO [03-25|07:16:20.188] Imported new chain segment               blocks=1     txs=0     mgas=0.000   elapsed=919.837µs mgasps=0.000    number=2405925 hash=a6ace3…ca2b8a dirty=687.98MiB\n","stream":"stderr","time":"2020-03-25T07:16:20.188915905Z"}
{"log":"INFO [03-25|07:16:23.443] Chain reorg detected                     number=2405924 hash=8ce816…32b326 drop=1 dropfrom=a6ace3…ca2b8a add=1 addfrom=382dec…d79cfa\n","stream":"stderr","time":"2020-03-25T07:16:23.443297802Z"}
{"log":"INFO [03-25|07:16:23.443] Imported new chain segment               blocks=1     txs=1     mgas=3.750   elapsed=19.850ms  mgasps=188.903  number=2405925 hash=382dec…d79cfa dirty=687.98MiB\n","stream":"stderr","time":"2020-03-25T07:16:23.443639838Z"}
{"log":"INFO [03-25|07:16:35.914] Chain reorg detected                     number=2405924 hash=8ce816…32b326 drop=1 dropfrom=382dec…d79cfa add=2 addfrom=903c40…7b330b\n","stream":"stderr","time":"2020-03-25T07:16:35.915070407Z"}
{"log":"INFO [03-25|07:16:35.915] Imported new chain segment               blocks=1     txs=2     mgas=4.183   elapsed=34.413ms  mgasps=121.556  number=2405926 hash=903c40…7b330b dirty=688.00MiB\n","stream":"stderr","time":"2020-03-25T07:16:35.915443643Z"}
{"log":"INFO [03-25|07:16:35.961] Imported new chain segment               blocks=1     txs=1     mgas=3.750   elapsed=12.739ms  mgasps=294.341  number=2405926 hash=866a60…1aeb26 dirty=688.00MiB\n","stream":"stderr","time":"2020-03-25T07:16:35.961379848Z"}
{"log":"INFO [03-25|07:16:36.754] Imported new chain segment               blocks=1     txs=2     mgas=4.183   elapsed=29.718ms  mgasps=140.757  number=2405926 hash=97878d…e4368c dirty=688.00MiB\n","stream":"stderr","time":"2020-03-25T07:16:36.754521112Z"}
{"log":"INFO [03-25|07:16:52.412] Imported new chain segment               blocks=1     txs=0     mgas=0.000   elapsed=496.156µs mgasps=0.000    number=2405927 hash=d80aaf…c6b184 dirty=688.00MiB\n","stream":"stderr","time":"2020-03-25T07:16:52.412951543Z"}
{"log":"INFO [03-25|07:16:52.549] Chain reorg detected                     number=2405925 hash=a6ace3…ca2b8a drop=2 dropfrom=d80aaf…c6b184 add=2 addfrom=3fdf2d…6f7be7\n","stream":"stderr","time":"2020-03-25T07:16:52.549729432Z"}
{"log":"INFO [03-25|07:16:52.550] Imported new chain segment               blocks=1     txs=1     mgas=0.433   elapsed=12.702ms  mgasps=34.107   number=2405927 hash=3fdf2d…6f7be7 dirty=688.01MiB\n","stream":"stderr","time":"2020-03-25T07:16:52.550209271Z"}
{"log":"INFO [03-25|07:16:52.740] Imported new chain segment               blocks=1     txs=1     mgas=3.750   elapsed=14.121ms  mgasps=265.543  number=2405926 hash=11df8a…6ee53c dirty=688.01MiB\n","stream":"stderr","time":"2020-03-25T07:16:52.740924661Z"}
{"log":"INFO [03-25|07:16:53.906] Imported new chain segment               blocks=1     txs=1     mgas=0.433   elapsed=15.226ms  mgasps=28.453   number=2405927 hash=d8129d…c2c500 dirty=688.01MiB\n","stream":"stderr","time":"2020-03-25T07:16:53.906670157Z"}
{"log":"INFO [03-25|07:16:58.082] Chain reorg detected                     number=2405926 hash=866a60…1aeb26 drop=1 dropfrom=3fdf2d…6f7be7 add=1 addfrom=b29cae…1411b9\n","stream":"stderr","time":"2020-03-25T07:16:58.082892041Z"}
{"log":"INFO [03-25|07:16:58.082] Imported new chain segment               blocks=1     txs=3     mgas=0.550   elapsed=14.069ms  mgasps=39.104   number=2405927 hash=b29cae…1411b9 dirty=688.03MiB\n","stream":"stderr","time":"2020-03-25T07:16:58.083046073Z"}
{"log":"INFO [03-25|07:17:07.537] Chain reorg detected                     number=2405926 hash=866a60…1aeb26 drop=1 dropfrom=b29cae…1411b9 add=2 addfrom=fc48ce…28e942\n","stream":"stderr","time":"2020-03-25T07:17:07.537964634Z"}
{"log":"INFO [03-25|07:17:07.538] Imported new chain segment               blocks=1     txs=3     mgas=0.550   elapsed=18.870ms  mgasps=29.152   number=2405928 hash=fc48ce…28e942 dirty=688.05MiB\n","stream":"stderr","time":"2020-03-25T07:17:07.538421673Z"}
{"log":"INFO [03-25|07:17:13.278] Imported new chain segment               blocks=1     txs=3     mgas=0.550   elapsed=14.215ms  mgasps=38.698   number=2405928 hash=331942…02c76f dirty=688.05MiB\n","stream":"stderr","time":"2020-03-25T07:17:13.278659515Z"}
{"log":"INFO [03-25|07:17:16.676] Deep froze chain segment                 blocks=4     elapsed=26.269ms  number=2315927 hash=85bed5…1102f3\n","stream":"stderr","time":"2020-03-25T07:17:16.676940366Z"}
{"log":"INFO [03-25|07:17:20.954] Imported new chain segment               blocks=1     txs=0     mgas=0.000   elapsed=5.404ms   mgasps=0.000    number=2405929 hash=376cbc…6ac5d1 dirty=687.67MiB\n","stream":"stderr","time":"2020-03-25T07:17:20.955167628Z"}
{"log":"INFO [03-25|07:17:36.488] Imported new chain segment               blocks=1     txs=1     mgas=0.021   elapsed=2.624ms   mgasps=8.004    number=2405930 hash=e84350…9c9372 dirty=687.60MiB\n","stream":"stderr","time":"2020-03-25T07:17:36.488488522Z"}
{"log":"INFO [03-25|07:17:36.553] Imported new chain segment               blocks=1     txs=2     mgas=0.147   elapsed=3.128ms   mgasps=46.985   number=2405930 hash=5f5de9…48011f dirty=687.62MiB\n","stream":"stderr","time":"2020-03-25T07:17:36.553412742Z"}
{"log":"INFO [03-25|07:17:50.504] Imported new chain segment               blocks=1     txs=3     mgas=0.627   elapsed=21.590ms  mgasps=29.061   number=2405931 hash=961300…698161 dirty=687.61MiB\n","stream":"stderr","time":"2020-03-25T07:17:50.505209621Z"}
{"log":"INFO [03-25|07:18:05.449] Imported new chain segment               blocks=1     txs=5     mgas=1.986   elapsed=28.367ms  mgasps=70.011   number=2405932 hash=e7e8bf…9d0433 dirty=687.73MiB\n","stream":"stderr","time":"2020-03-25T07:18:05.449283554Z"}
{"log":"INFO [03-25|07:18:16.704] Deep froze chain segment                 blocks=4     elapsed=27.302ms  number=2315931 hash=2edf3f…72d107\n","stream":"stderr","time":"2020-03-25T07:18:16.704518814Z"}
{"log":"INFO [03-25|07:18:20.956] Imported new chain segment               blocks=1     txs=2     mgas=0.147   elapsed=5.370ms   mgasps=27.376   number=2405933 hash=8fee0f…c71f9b dirty=687.71MiB\n","stream":"stderr","time":"2020-03-25T07:18:20.956318358Z"}
{"log":"INFO [03-25|07:18:35.602] Imported new chain segment               blocks=1     txs=0     mgas=0.000   elapsed=1.130ms   mgasps=0.000    number=2405934 hash=0ab393…46aaed dirty=687.69MiB\n","stream":"stderr","time":"2020-03-25T07:18:35.604744308Z"}
{"log":"INFO [03-25|07:18:50.444] Imported new chain segment               blocks=1     txs=0     mgas=0.000   elapsed=682.544µs mgasps=0.000    number=2405935 hash=444e83…a63cca dirty=687.67MiB\n","stream":"stderr","time":"2020-03-25T07:18:50.444579052Z"}
{"log":"INFO [03-25|07:18:53.908] Chain reorg detected                     number=2405934 hash=0ab393…46aaed drop=1 dropfrom=444e83…a63cca add=1 addfrom=d863aa…e085c0\n","stream":"stderr","time":"2020-03-25T07:18:53.908905237Z"}
{"log":"INFO [03-25|07:18:53.908] Imported new chain segment               blocks=1     txs=0     mgas=0.000   elapsed=623.155µs mgasps=0.000    number=2405935 hash=d863aa…e085c0 dirty=687.67MiB\n","stream":"stderr","time":"2020-03-25T07:18:53.909106268Z"}
{"log":"INFO [03-25|07:19:05.899] Chain reorg detected                     number=2405934 hash=0ab393…46aaed drop=1 dropfrom=d863aa…e085c0 add=2 addfrom=79b361…8c4b05\n","stream":"stderr","time":"2020-03-25T07:19:05.899801724Z"}
{"log":"INFO [03-25|07:19:05.899] Imported new chain segment               blocks=1     txs=2     mgas=0.223   elapsed=4.118ms   mgasps=54.116   number=2405936 hash=79b361…8c4b05 dirty=687.67MiB\n","stream":"stderr","time":"2020-03-25T07:19:05.900013972Z"}
{"log":"INFO [03-25|07:19:06.976] Chain reorg detected                     number=2405935 hash=444e83…a63cca drop=1 dropfrom=79b361…8c4b05 add=1 addfrom=316008…3de8da\n","stream":"stderr","time":"2020-03-25T07:19:06.976274301Z"}
{"log":"INFO [03-25|07:19:06.976] Imported new chain segment               blocks=1     txs=0     mgas=0.000   elapsed=866.175µs mgasps=0.000    number=2405936 hash=316008…3de8da dirty=687.67MiB\n","stream":"stderr","time":"2020-03-25T07:19:06.976617155Z"}
{"log":"INFO [03-25|07:19:07.002] Chain reorg detected                     number=2405935 hash=444e83…a63cca drop=1 dropfrom=316008…3de8da add=1 addfrom=6c3a28…70bd19\n","stream":"stderr","time":"2020-03-25T07:19:07.00251897Z"}
{"log":"INFO [03-25|07:19:07.002] Imported new chain segment               blocks=1     txs=1     mgas=0.056   elapsed=2.077ms   mgasps=26.827   number=2405936 hash=6c3a28…70bd19 dirty=687.67MiB\n","stream":"stderr","time":"2020-03-25T07:19:07.002732599Z"}
{"log":"INFO [03-25|07:19:16.733] Deep froze chain segment                 blocks=4     elapsed=29.014ms  number=2315935 hash=863a27…acb8fd\n","stream":"stderr","time":"2020-03-25T07:19:16.733913613Z"}
{"log":"INFO [03-25|07:19:20.114] Chain reorg detected                     number=2405935 hash=444e83…a63cca drop=1 dropfrom=6c3a28…70bd19 add=2 addfrom=edc7a4…2f003c\n","stream":"stderr","time":"2020-03-25T07:19:20.114998836Z"}
{"log":"INFO [03-25|07:19:20.115] Imported new chain segment               blocks=1     txs=0     mgas=0.000   elapsed=1.003ms   mgasps=0.000    number=2405937 hash=edc7a4…2f003c dirty=687.66MiB\n","stream":"stderr","time":"2020-03-25T07:19:20.115425314Z"}
{"log":"INFO [03-25|07:19:21.609] Imported new chain segment               blocks=1     txs=0     mgas=0.000   elapsed=263.635µs mgasps=0.000    number=2405937 hash=4ae873…84b51e dirty=687.66MiB\n","stream":"stderr","time":"2020-03-25T07:19:21.610066727Z"}
{"log":"INFO [03-25|07:19:35.220] Imported new chain segment               blocks=1     txs=2     mgas=0.538   elapsed=14.257ms  mgasps=37.705   number=2405938 hash=4204af…c91b68 dirty=687.69MiB\n","stream":"stderr","time":"2020-03-25T07:19:35.220487993Z"}
{"log":"INFO [03-25|07:19:36.729] Imported new chain segment               blocks=1     txs=0     mgas=0.000   elapsed=373.264µs mgasps=0.000    number=2405938 hash=8ee4bb…6aca30 dirty=687.69MiB\n","stream":"stderr","time":"2020-03-25T07:19:36.730006967Z"}
{"log":"INFO [03-25|07:19:36.938] Imported new chain segment               blocks=1     txs=2     mgas=0.538   elapsed=17.298ms  mgasps=31.077   number=2405938 hash=f15f47…356bbe dirty=687.69MiB\n","stream":"stderr","time":"2020-03-25T07:19:36.938874418Z"}
{"log":"INFO [03-25|07:19:51.033] Imported new chain segment               blocks=1     txs=0     mgas=0.000   elapsed=973.272µs mgasps=0.000    number=2405939 hash=662b8c…a08e77 dirty=687.65MiB\n","stream":"stderr","time":"2020-03-25T07:19:51.033156126Z"}
{"log":"INFO [03-25|07:19:52.977] Imported new chain segment               blocks=1     txs=1     mgas=0.096   elapsed=2.221ms   mgasps=43.169   number=2405939 hash=5e922a…374d25 dirty=687.67MiB\n","stream":"stderr","time":"2020-03-25T07:19:52.977265254Z"}
{"log":"INFO [03-25|07:20:05.332] Imported new chain segment               blocks=1     txs=2     mgas=0.117   elapsed=5.334ms   mgasps=21.919   number=2405940 hash=b924f7…edae8e dirty=687.60MiB\n","stream":"stderr","time":"2020-03-25T07:20:05.332663759Z"}
{"log":"INFO [03-25|07:20:06.346] Imported new chain segment               blocks=1     txs=2     mgas=0.117   elapsed=2.580ms   mgasps=45.313   number=2405940 hash=2779de…56707f dirty=687.60MiB\n","stream":"stderr","time":"2020-03-25T07:20:06.346419027Z"}
{"log":"INFO [03-25|07:20:16.771] Deep froze chain segment                 blocks=4     elapsed=37.604ms  number=2315939 hash=825c55…144c4e\n","stream":"stderr","time":"2020-03-25T07:20:16.772207149Z"}
{"log":"INFO [03-25|07:20:20.627] Imported new chain segment               blocks=1     txs=1     mgas=0.433   elapsed=32.672ms  mgasps=13.260   number=2405941 hash=a1cc02…4f5ed9 dirty=687.52MiB\n","stream":"stderr","time":"2020-03-25T07:20:20.627678036Z"}
{"log":"INFO [03-25|07:20:21.083] Imported new chain segment               blocks=1     txs=1     mgas=0.433   elapsed=29.667ms  mgasps=14.603   number=2405941 hash=840c37…857f86 dirty=687.52MiB\n","stream":"stderr","time":"2020-03-25T07:20:21.084015127Z"}
{"log":"INFO [03-25|07:20:35.347] Imported new chain segment               blocks=1     txs=0     mgas=0.000   elapsed=2.275ms   mgasps=0.000    number=2405942 hash=86a032…f73394 dirty=687.49MiB\n","stream":"stderr","time":"2020-03-25T07:20:35.347732867Z"}
{"log":"INFO [03-25|07:20:37.335] Imported new chain segment               blocks=1     txs=4     mgas=3.309   elapsed=20.434ms  mgasps=161.940  number=2405942 hash=5f63c9…f3a765 dirty=687.76MiB\n","stream":"stderr","time":"2020-03-25T07:20:37.335774392Z"}
{"log":"INFO [03-25|07:20:50.452] Imported new chain segment               blocks=1     txs=5     mgas=3.612   elapsed=18.436ms  mgasps=195.945  number=2405943 hash=27226f…b70417 dirty=687.78MiB\n","stream":"stderr","time":"2020-03-25T07:20:50.453092477Z"}
{"log":"INFO [03-25|07:20:55.294] Imported new chain segment               blocks=1     txs=6     mgas=3.480   elapsed=42.138ms  mgasps=82.585   number=2405943 hash=1ab8f0…ff7a54 dirty=687.86MiB\n","stream":"stderr","time":"2020-03-25T07:20:55.294885294Z"}
{"log":"INFO [03-25|07:21:05.862] Imported new chain segment               blocks=1     txs=3     mgas=0.918   elapsed=25.095ms  mgasps=36.576   number=2405944 hash=d8a4f2…966fdc dirty=687.86MiB\n","stream":"stderr","time":"2020-03-25T07:21:05.862749745Z"}
{"log":"INFO [03-25|07:21:11.659] Chain reorg detected                     number=2405943 hash=27226f…b70417 drop=1 dropfrom=d8a4f2…966fdc add=1 addfrom=bb51fb…556748\n","stream":"stderr","time":"2020-03-25T07:21:11.659573987Z"}
{"log":"INFO [03-25|07:21:11.659] Imported new chain segment               blocks=1     txs=3     mgas=0.918   elapsed=22.529ms  mgasps=40.741   number=2405944 hash=bb51fb…556748 dirty=687.87MiB\n","stream":"stderr","time":"2020-03-25T07:21:11.659881504Z"}
{"log":"INFO [03-25|07:21:16.805] Deep froze chain segment                 blocks=4     elapsed=32.542ms  number=2315943 hash=479085…1e4b30\n","stream":"stderr","time":"2020-03-25T07:21:16.805268087Z"}
{"log":"INFO [03-25|07:21:21.691] Chain reorg detected                     number=2405943 hash=27226f…b70417 drop=1 dropfrom=bb51fb…556748 add=2 addfrom=64be4c…d69e6d\n","stream":"stderr","time":"2020-03-25T07:21:21.691798265Z"}
{"log":"INFO [03-25|07:21:21.692] Imported new chain segment               blocks=1     txs=1     mgas=0.021   elapsed=1.614ms   mgasps=13.010   number=2405945 hash=64be4c…d69e6d dirty=687.87MiB\n","stream":"stderr","time":"2020-03-25T07:21:21.692173547Z"}
{"log":"INFO [03-25|07:21:23.325] Imported new chain segment               blocks=1     txs=0     mgas=0.000   elapsed=279.547µs mgasps=0.000    number=2405945 hash=13930f…9781cb dirty=687.87MiB\n","stream":"stderr","time":"2020-03-25T07:21:23.325675798Z"}
{"log":"INFO [03-25|07:21:35.062] Imported new chain segment               blocks=1     txs=0     mgas=0.000   elapsed=994.295µs mgasps=0.000    number=2405946 hash=29bd64…216417 dirty=687.84MiB\n","stream":"stderr","time":"2020-03-25T07:21:35.062481416Z"}
{"log":"INFO [03-25|07:21:38.453] Imported new chain segment               blocks=1     txs=0     mgas=0.000   elapsed=422.197µs mgasps=0.000    number=2405946 hash=44a7e4…55415e dirty=687.84MiB\n","stream":"stderr","time":"2020-03-25T07:21:38.453649706Z"}
{"log":"INFO [03-25|07:21:50.481] Imported new chain segment               blocks=1     txs=0     mgas=0.000   elapsed=656.319µs mgasps=0.000    number=2405947 hash=cc97a0…69da15 dirty=687.83MiB\n","stream":"stderr","time":"2020-03-25T07:21:50.48169251Z"}
{"log":"INFO [03-25|07:21:50.553] Imported new chain segment               blocks=1     txs=1     mgas=0.433   elapsed=10.886ms  mgasps=39.798   number=2405947 hash=c7a6b0…635166 dirty=687.86MiB\n","stream":"stderr","time":"2020-03-25T07:21:50.554112744Z"}
{"log":"INFO [03-25|07:21:52.489] Imported new chain segment               blocks=1     txs=0     mgas=0.000   elapsed=338.421µs mgasps=0.000    number=2405947 hash=3c4915…d4874b dirty=687.86MiB\n","stream":"stderr","time":"2020-03-25T07:21:52.489997428Z"}
{"log":"INFO [03-25|07:21:52.599] Chain reorg detected                     number=2405946 hash=29bd64…216417 drop=1 dropfrom=cc97a0…69da15 add=1 addfrom=930ab9…036ea5\n","stream":"stderr","time":"2020-03-25T07:21:52.599996573Z"}
{"log":"INFO [03-25|07:21:52.600] Imported new chain segment               blocks=1     txs=1     mgas=0.433   elapsed=10.403ms  mgasps=41.644   number=2405947 hash=930ab9…036ea5 dirty=687.86MiB\n","stream":"stderr","time":"2020-03-25T07:21:52.600256671Z"}
{"log":"INFO [03-25|07:22:05.088] Imported new chain segment               blocks=1     txs=1     mgas=0.245   elapsed=3.414ms   mgasps=71.895   number=2405948 hash=5fa364…0a8192 dirty=687.87MiB\n","stream":"stderr","time":"2020-03-25T07:22:05.091027355Z"}
{"log":"INFO [03-25|07:22:08.082] Imported new chain segment               blocks=1     txs=1     mgas=0.433   elapsed=17.836ms  mgasps=24.289   number=2405948 hash=5b33ef…423895 dirty=687.87MiB\n","stream":"stderr","time":"2020-03-25T07:22:08.082377896Z"}
{"log":"INFO [03-25|07:22:16.836] Deep froze chain segment                 blocks=4     elapsed=30.534ms  number=2315947 hash=7bc8c0…d0cae8\n","stream":"stderr","time":"2020-03-25T07:22:16.836266178Z"}
{"log":"INFO [03-25|07:22:20.713] Imported new chain segment               blocks=1     txs=0     mgas=0.000   elapsed=1.389ms   mgasps=0.000    number=2405949 hash=5f4e26…c63944 dirty=687.81MiB\n","stream":"stderr","time":"2020-03-25T07:22:20.713791074Z"}
{"log":"INFO [03-25|07:22:22.586] Imported new chain segment               blocks=1     txs=2     mgas=0.301   elapsed=2.960ms   mgasps=101.751  number=2405949 hash=941d7e…1a0263 dirty=687.83MiB\n","stream":"stderr","time":"2020-03-25T07:22:22.58638729Z"}
{"log":"INFO [03-25|07:22:35.154] Imported new chain segment               blocks=1     txs=3     mgas=0.734   elapsed=19.236ms  mgasps=38.179   number=2405950 hash=9bdde7…0060e6 dirty=687.66MiB\n","stream":"stderr","time":"2020-03-25T07:22:35.154569632Z"}
{"log":"INFO [03-25|07:22:35.197] Chain reorg detected                     number=2405949 hash=5f4e26…c63944 drop=1 dropfrom=9bdde7…0060e6 add=1 addfrom=e0fdd1…5ad38f\n","stream":"stderr","time":"2020-03-25T07:22:35.19778947Z"}
{"log":"INFO [03-25|07:22:35.197] Imported new chain segment               blocks=1     txs=2     mgas=0.301   elapsed=2.721ms   mgasps=110.661  number=2405950 hash=e0fdd1…5ad38f dirty=687.66MiB\n","stream":"stderr","time":"2020-03-25T07:22:35.197991777Z"}
{"log":"INFO [03-25|07:22:35.534] Chain reorg detected                     number=2405949 hash=5f4e26…c63944 drop=1 dropfrom=e0fdd1…5ad38f add=1 addfrom=22d3e6…ac9932\n","stream":"stderr","time":"2020-03-25T07:22:35.534447828Z"}
{"log":"INFO [03-25|07:22:35.534] Imported new chain segment               blocks=1     txs=2     mgas=0.301   elapsed=3.156ms   mgasps=95.416   number=2405950 hash=22d3e6…ac9932 dirty=687.66MiB\n","stream":"stderr","time":"2020-03-25T07:22:35.534790734Z"}
{"log":"INFO [03-25|07:22:50.425] Imported new chain segment               blocks=1     txs=2     mgas=0.519   elapsed=20.066ms  mgasps=25.878   number=2405951 hash=212c31…b8eda8 dirty=687.56MiB\n","stream":"stderr","time":"2020-03-25T07:22:50.425390347Z"}
{"log":"INFO [03-25|07:22:51.959] Chain reorg detected                     number=2405950 hash=22d3e6…ac9932 drop=1 dropfrom=212c31…b8eda8 add=1 addfrom=ab8fa6…ab9bae\n","stream":"stderr","time":"2020-03-25T07:22:51.959569197Z"}
{"log":"INFO [03-25|07:22:51.959] Imported new chain segment               blocks=1     txs=1     mgas=0.433   elapsed=17.406ms  mgasps=24.889   number=2405951 hash=ab8fa6…ab9bae dirty=687.56MiB\n","stream":"stderr","time":"2020-03-25T07:22:51.959879838Z"}
{"log":"INFO [03-25|07:22:52.852] Imported new chain segment               blocks=1     txs=2     mgas=0.519   elapsed=19.523ms  mgasps=26.598   number=2405951 hash=706d9d…892b9d dirty=687.56MiB\n","stream":"stderr","time":"2020-03-25T07:22:52.852950612Z"}
{"log":"INFO [03-25|07:22:55.831] Chain reorg detected                     number=2405950 hash=22d3e6…ac9932 drop=1 dropfrom=ab8fa6…ab9bae add=1 addfrom=ff1644…e288fd\n","stream":"stderr","time":"2020-03-25T07:22:55.831881743Z"}
{"log":"INFO [03-25|07:22:55.832] Imported new chain segment               blocks=1     txs=2     mgas=0.519   elapsed=16.160ms  mgasps=32.133   number=2405951 hash=ff1644…e288fd dirty=687.56MiB\n","stream":"stderr","time":"2020-03-25T07:22:55.832229485Z"}
{"log":"INFO [03-25|07:23:05.410] Imported new chain segment               blocks=1     txs=2     mgas=0.320   elapsed=5.827ms   mgasps=54.954   number=2405952 hash=bbc892…9aa316 dirty=687.59MiB\n","stream":"stderr","time":"2020-03-25T07:23:05.410707995Z"}
{"log":"INFO [03-25|07:23:05.573] Imported new chain segment               blocks=1     txs=1     mgas=0.209   elapsed=2.370ms   mgasps=88.275   number=2405952 hash=14a854…a05e0a dirty=687.59MiB\n","stream":"stderr","time":"2020-03-25T07:23:05.573914293Z"}
{"log":"INFO [03-25|07:23:07.424] Chain reorg detected                     number=2405951 hash=ff1644…e288fd drop=1 dropfrom=bbc892…9aa316 add=1 addfrom=3554d7…6302ea\n","stream":"stderr","time":"2020-03-25T07:23:07.424792159Z"}
{"log":"INFO [03-25|07:23:07.424] Imported new chain segment               blocks=1     txs=1     mgas=0.209   elapsed=3.218ms   mgasps=65.009   number=2405952 hash=3554d7…6302ea dirty=687.60MiB\n","stream":"stderr","time":"2020-03-25T07:23:07.425012779Z"}
{"log":"INFO [03-25|07:23:16.863] Deep froze chain segment                 blocks=4     elapsed=27.130ms  number=2315951 hash=3e4ff2…2a5efb\n","stream":"stderr","time":"2020-03-25T07:23:16.863701405Z"}
{"log":"INFO [03-25|07:23:20.334] Chain reorg detected                     number=2405951 hash=ff1644…e288fd drop=1 dropfrom=3554d7…6302ea add=2 addfrom=9e4494…9ff5e3\n","stream":"stderr","time":"2020-03-25T07:23:20.334644384Z"}
{"log":"INFO [03-25|07:23:20.335] Imported new chain segment               blocks=1     txs=1     mgas=0.080   elapsed=5.538ms   mgasps=14.414   number=2405953 hash=9e4494…9ff5e3 dirty=687.56MiB\n","stream":"stderr","time":"2020-03-25T07:23:20.335329845Z"}
{"log":"INFO [03-25|07:23:22.740] Chain reorg detected                     number=2405952 hash=bbc892…9aa316 drop=1 dropfrom=9e4494…9ff5e3 add=1 addfrom=1934fd…cf0a73\n","stream":"stderr","time":"2020-03-25T07:23:22.740287061Z"}
{"log":"INFO [03-25|07:23:22.740] Imported new chain segment               blocks=1     txs=0     mgas=0.000   elapsed=937.175µs mgasps=0.000    number=2405953 hash=1934fd…cf0a73 dirty=687.56MiB\n","stream":"stderr","time":"2020-03-25T07:23:22.742573803Z"}
{"log":"INFO [03-25|07:23:22.859] Imported new chain segment               blocks=1     txs=1     mgas=0.080   elapsed=2.374ms   mgasps=33.623   number=2405953 hash=809092…3dc9eb dirty=687.57MiB\n","stream":"stderr","time":"2020-03-25T07:23:22.859390343Z"}
{"log":"INFO [03-25|07:23:35.809] Imported new chain segment               blocks=1     txs=3     mgas=0.442   elapsed=6.463ms   mgasps=68.361   number=2405954 hash=62506b…ae92f7 dirty=687.58MiB\n","stream":"stderr","time":"2020-03-25T07:23:35.81017738Z"}
{"log":"INFO [03-25|07:23:38.542] Chain reorg detected                     number=2405952 hash=bbc892…9aa316 drop=2 dropfrom=62506b…ae92f7 add=2 addfrom=5f519c…059e15\n","stream":"stderr","time":"2020-03-25T07:23:38.542955743Z"}
{"log":"INFO [03-25|07:23:38.543] Imported new chain segment               blocks=1     txs=1     mgas=0.341   elapsed=3.236ms   mgasps=105.374  number=2405954 hash=5f519c…059e15 dirty=687.58MiB\n","stream":"stderr","time":"2020-03-25T07:23:38.543296371Z"}
{"log":"INFO [03-25|07:23:38.664] Chain reorg detected                     number=2405953 hash=9e4494…9ff5e3 drop=1 dropfrom=5f519c…059e15 add=1 addfrom=fc4a8b…f9dc05\n","stream":"stderr","time":"2020-03-25T07:23:38.665059052Z"}
{"log":"INFO [03-25|07:23:38.665] Imported new chain segment               blocks=1     txs=0     mgas=0.000   elapsed=623.039µs mgasps=0.000    number=2405954 hash=fc4a8b…f9dc05 dirty=687.58MiB\n","stream":"stderr","time":"2020-03-25T07:23:38.665291401Z"}
{"log":"INFO [03-25|07:23:50.093] Chain reorg detected                     number=2405952 hash=bbc892…9aa316 drop=2 dropfrom=fc4a8b…f9dc05 add=3 addfrom=967d3a…8f05f9\n","stream":"stderr","time":"2020-03-25T07:23:50.094044633Z"}
{"log":"INFO [03-25|07:23:50.094] Imported new chain segment               blocks=1     txs=1     mgas=0.080   elapsed=3.005ms   mgasps=26.565   number=2405955 hash=967d3a…8f05f9 dirty=687.59MiB\n","stream":"stderr","time":"2020-03-25T07:23:50.094679888Z"}
{"log":"INFO [03-25|07:23:50.165] Imported new chain segment               blocks=1     txs=2     mgas=0.101   elapsed=1.752ms   mgasps=57.525   number=2405955 hash=9a11af…e2475e dirty=687.59MiB\n","stream":"stderr","time":"2020-03-25T07:23:50.166100496Z"}
{"log":"INFO [03-25|07:24:05.088] Imported new chain segment               blocks=1     txs=2     mgas=0.429   elapsed=3.104ms   mgasps=138.284  number=2405956 hash=749efe…1723b2 dirty=687.61MiB\n","stream":"stderr","time":"2020-03-25T07:24:05.088630839Z"}
{"log":"INFO [03-25|07:24:16.901] Deep froze chain segment                 blocks=4     elapsed=37.726ms  number=2315955 hash=6e72f0…bade47\n","stream":"stderr","time":"2020-03-25T07:24:16.90195041Z"}
{"log":"INFO [03-25|07:24:20.083] Imported new chain segment               blocks=1     txs=3     mgas=0.421   elapsed=5.380ms   mgasps=78.280   number=2405957 hash=51cb79…00cf2a dirty=687.62MiB\n","stream":"stderr","time":"2020-03-25T07:24:20.0839807Z"}
{"log":"INFO [03-25|07:24:35.865] Imported new chain segment               blocks=1     txs=0     mgas=0.000   elapsed=564.224µs mgasps=0.000    number=2405958 hash=e93f61…a9e17b dirty=687.62MiB\n","stream":"stderr","time":"2020-03-25T07:24:35.865527453Z"}
{"log":"INFO [03-25|07:24:50.881] Imported new chain segment               blocks=1     txs=3     mgas=0.736   elapsed=32.391ms  mgasps=22.729   number=2405959 hash=88e861…832076 dirty=687.63MiB\n","stream":"stderr","time":"2020-03-25T07:24:50.881546695Z"}
{"log":"INFO [03-25|07:24:50.976] Chain reorg detected                     number=2405958 hash=e93f61…a9e17b drop=1 dropfrom=88e861…832076 add=1 addfrom=747141…e088d2\n","stream":"stderr","time":"2020-03-25T07:24:50.977085981Z"}
{"log":"INFO [03-25|07:24:50.977] Imported new chain segment               blocks=1     txs=3     mgas=0.736   elapsed=21.844ms  mgasps=33.702   number=2405959 hash=747141…e088d2 dirty=687.63MiB\n","stream":"stderr","time":"2020-03-25T07:24:50.977414983Z"}
{"log":"INFO [03-25|07:24:55.754] Imported new chain segment               blocks=1     txs=4     mgas=0.804   elapsed=20.418ms  mgasps=39.399   number=2405959 hash=d50099…9e3366 dirty=687.64MiB\n","stream":"stderr","time":"2020-03-25T07:24:55.754992539Z"}
{"log":"INFO [03-25|07:25:05.105] Imported new chain segment               blocks=1     txs=1     mgas=0.068   elapsed=3.115ms   mgasps=21.896   number=2405960 hash=a718dd…b6473d dirty=687.63MiB\n","stream":"stderr","time":"2020-03-25T07:25:05.105358173Z"}
{"log":"INFO [03-25|07:25:16.928] Deep froze chain segment                 blocks=4     elapsed=26.606ms  number=2315959 hash=9ce334…c4d711\n","stream":"stderr","time":"2020-03-25T07:25:16.929060694Z"}
{"log":"INFO [03-25|07:25:20.104] Imported new chain segment               blocks=1     txs=1     mgas=0.209   elapsed=2.498ms   mgasps=83.771   number=2405961 hash=ec36f0…d39244 dirty=687.64MiB\n","stream":"stderr","time":"2020-03-25T07:25:20.10566206Z"}
{"log":"INFO [03-25|07:25:22.800] Imported new chain segment               blocks=1     txs=1     mgas=0.209   elapsed=4.184ms   mgasps=50.012   number=2405961 hash=fb2848…afd458 dirty=687.64MiB\n","stream":"stderr","time":"2020-03-25T07:25:22.801105395Z"}
{"log":"INFO [03-25|07:25:35.464] Imported new chain segment               blocks=1     txs=8     mgas=2.306   elapsed=28.323ms  mgasps=81.423   number=2405962 hash=4919dc…341ebb dirty=687.78MiB\n","stream":"stderr","time":"2020-03-25T07:25:35.464451375Z"}
{"log":"INFO [03-25|07:25:36.694] Chain reorg detected                     number=2405961 hash=ec36f0…d39244 drop=1 dropfrom=4919dc…341ebb add=1 addfrom=d9aaba…de9c4b\n","stream":"stderr","time":"2020-03-25T07:25:36.694850888Z"}
{"log":"INFO [03-25|07:25:36.695] Imported new chain segment               blocks=1     txs=1     mgas=0.433   elapsed=12.667ms  mgasps=34.200   number=2405962 hash=d9aaba…de9c4b dirty=687.78MiB\n","stream":"stderr","time":"2020-03-25T07:25:36.695111567Z"}
{"log":"INFO [03-25|07:25:50.262] Imported new chain segment               blocks=1     txs=8     mgas=2.214   elapsed=18.753ms  mgasps=118.056  number=2405963 hash=d0eb3a…a60f27 dirty=687.79MiB\n","stream":"stderr","time":"2020-03-25T07:25:50.262902489Z"}
{"log":"INFO [03-25|07:25:53.090] Chain reorg detected                     number=2405961 hash=ec36f0…d39244 drop=2 dropfrom=d0eb3a…a60f27 add=2 addfrom=4c0544…d065ed\n","stream":"stderr","time":"2020-03-25T07:25:53.090882053Z"}
{"log":"INFO [03-25|07:25:53.091] Imported new chain segment               blocks=1     txs=1     mgas=0.341   elapsed=4.529ms   mgasps=75.285   number=2405963 hash=4c0544…d065ed dirty=687.80MiB\n","stream":"stderr","time":"2020-03-25T07:25:53.091761926Z"}
{"log":"INFO [03-25|07:26:05.150] Imported new chain segment               blocks=1     txs=1     mgas=0.080   elapsed=2.934ms   mgasps=27.205   number=2405964 hash=07c335…b887ff dirty=687.80MiB\n","stream":"stderr","time":"2020-03-25T07:26:05.151210166Z"}
{"log":"INFO [03-25|07:26:16.969] Deep froze chain segment                 blocks=4     elapsed=40.612ms  number=2315963 hash=429381…765dd0\n","stream":"stderr","time":"2020-03-25T07:26:16.970095175Z"}
{"log":"INFO [03-25|07:26:20.464] Imported new chain segment               blocks=1     txs=2     mgas=0.617   elapsed=15.359ms  mgasps=40.180   number=2405965 hash=1a2e4a…928048 dirty=687.83MiB\n","stream":"stderr","time":"2020-03-25T07:26:20.464307737Z"}
{"log":"INFO [03-25|07:26:23.602] Imported new chain segment               blocks=1     txs=1     mgas=0.433   elapsed=16.920ms  mgasps=25.605   number=2405965 hash=7179a6…218e10 dirty=687.84MiB\n","stream":"stderr","time":"2020-03-25T07:26:23.602583292Z"}
{"log":"INFO [03-25|07:26:35.107] Chain reorg detected                     number=2405964 hash=07c335…b887ff drop=1 dropfrom=1a2e4a…928048 add=2 addfrom=e628dd…d68f18\n","stream":"stderr","time":"2020-03-25T07:26:35.107276933Z"}
{"log":"INFO [03-25|07:26:35.107] Imported new chain segment               blocks=1     txs=3     mgas=0.507   elapsed=10.587ms  mgasps=47.851   number=2405966 hash=e628dd…d68f18 dirty=687.83MiB\n","stream":"stderr","time":"2020-03-25T07:26:35.107902938Z"}
{"log":"INFO [03-25|07:26:37.934] Imported new chain segment               blocks=1     txs=0     mgas=0.000   elapsed=396.99µs  mgasps=0.000    number=2405966 hash=9a56f9…ff5176 dirty=687.83MiB\n","stream":"stderr","time":"2020-03-25T07:26:37.934220587Z"}
{"log":"INFO [03-25|07:26:38.039] Imported new chain segment               blocks=1     txs=2     mgas=0.323   elapsed=4.571ms   mgasps=70.594   number=2405966 hash=254333…42903e dirty=687.83MiB\n","stream":"stderr","time":"2020-03-25T07:26:38.039340871Z"}
{"log":"INFO [03-25|07:26:50.079] Imported new chain segment               blocks=1     txs=0     mgas=0.000   elapsed=852.441µs mgasps=0.000    number=2405967 hash=cf7ba0…fbb376 dirty=687.82MiB\n","stream":"stderr","time":"2020-03-25T07:26:50.079517366Z"}
{"log":"INFO [03-25|07:27:05.118] Imported new chain segment               blocks=1     txs=2     mgas=0.513   elapsed=14.936ms  mgasps=34.361   number=2405968 hash=17f9ca…155b71 dirty=687.82MiB\n","stream":"stderr","time":"2020-03-25T07:27:05.119094981Z"}
{"log":"INFO [03-25|07:27:11.897] Imported new chain segment               blocks=1     txs=2     mgas=0.513   elapsed=16.046ms  mgasps=31.986   number=2405968 hash=58011e…0c61a4 dirty=687.82MiB\n","stream":"stderr","time":"2020-03-25T07:27:11.89781202Z"}
{"log":"INFO [03-25|07:27:16.993] Deep froze chain segment                 blocks=4     elapsed=22.942ms  number=2315967 hash=837b56…080e92\n","stream":"stderr","time":"2020-03-25T07:27:16.993446972Z"}
{"log":"INFO [03-25|07:27:20.900] Imported new chain segment               blocks=1     txs=0     mgas=0.000   elapsed=449.297µs mgasps=0.000    number=2405969 hash=b592db…7eff85 dirty=687.82MiB\n","stream":"stderr","time":"2020-03-25T07:27:20.900286349Z"}
{"log":"INFO [03-25|07:27:35.063] Imported new chain segment               blocks=1     txs=0     mgas=0.000   elapsed=2.044ms   mgasps=0.000    number=2405970 hash=db6e44…04b607 dirty=687.73MiB\n","stream":"stderr","time":"2020-03-25T07:27:35.06378688Z"}
{"log":"INFO [03-25|07:27:37.690] Imported new chain segment               blocks=1     txs=1     mgas=0.096   elapsed=2.247ms   mgasps=42.679   number=2405970 hash=c219a4…a32fca dirty=687.75MiB\n","stream":"stderr","time":"2020-03-25T07:27:37.690339379Z"}
{"log":"INFO [03-25|07:27:51.494] Imported new chain segment               blocks=1     txs=2     mgas=0.529   elapsed=18.023ms  mgasps=29.359   number=2405971 hash=561fe3…227d4c dirty=687.73MiB\n","stream":"stderr","time":"2020-03-25T07:27:51.494532735Z"}
{"log":"INFO [03-25|07:27:53.454] Imported new chain segment               blocks=1     txs=2     mgas=0.529   elapsed=14.963ms  mgasps=35.363   number=2405971 hash=4c9b48…9eb237 dirty=687.74MiB\n","stream":"stderr","time":"2020-03-25T07:27:53.454899777Z"}
{"log":"INFO [03-25|07:28:05.569] Imported new chain segment               blocks=1     txs=8     mgas=2.268   elapsed=26.276ms  mgasps=86.312   number=2405972 hash=0666ea…3e070f dirty=687.88MiB\n","stream":"stderr","time":"2020-03-25T07:28:05.570012446Z"}
{"log":"INFO [03-25|07:28:05.853] Chain reorg detected                     number=2405971 hash=561fe3…227d4c drop=1 dropfrom=0666ea…3e070f add=1 addfrom=c2ef0d…486b59\n","stream":"stderr","time":"2020-03-25T07:28:05.853808606Z"}
{"log":"INFO [03-25|07:28:05.853] Imported new chain segment               blocks=1     txs=1     mgas=0.133   elapsed=2.494ms   mgasps=53.382   number=2405972 hash=c2ef0d…486b59 dirty=687.88MiB\n","stream":"stderr","time":"2020-03-25T07:28:05.854104623Z"}
{"log":"INFO [03-25|07:28:07.035] Imported new chain segment               blocks=1     txs=1     mgas=0.133   elapsed=1.778ms   mgasps=74.863   number=2405972 hash=cb5c12…8c0ce4 dirty=687.89MiB\n","stream":"stderr","time":"2020-03-25T07:28:07.035985983Z"}
{"log":"INFO [03-25|07:28:07.086] Imported new chain segment               blocks=1     txs=7     mgas=2.245   elapsed=16.864ms  mgasps=133.134  number=2405972 hash=e6e475…d9dd21 dirty=687.90MiB\n","stream":"stderr","time":"2020-03-25T07:28:07.086268921Z"}
{"log":"INFO [03-25|07:28:17.021] Deep froze chain segment                 blocks=4     elapsed=27.620ms  number=2315971 hash=43a7e0…993ec5\n","stream":"stderr","time":"2020-03-25T07:28:17.021521158Z"}
{"log":"INFO [03-25|07:28:21.038] Imported new chain segment               blocks=1     txs=7     mgas=2.135   elapsed=22.894ms  mgasps=93.246   number=2405973 hash=9dc0c9…c143c2 dirty=687.88MiB\n","stream":"stderr","time":"2020-03-25T07:28:21.041939858Z"}
{"log":"INFO [03-25|07:28:21.188] Chain reorg detected                     number=2405972 hash=c2ef0d…486b59 drop=1 dropfrom=9dc0c9…c143c2 add=1 addfrom=65ad50…908841\n","stream":"stderr","time":"2020-03-25T07:28:21.188824977Z"}
{"log":"INFO [03-25|07:28:21.189] Imported new chain segment               blocks=1     txs=7     mgas=2.135   elapsed=22.837ms  mgasps=93.481   number=2405973 hash=65ad50…908841 dirty=687.88MiB\n","stream":"stderr","time":"2020-03-25T07:28:21.189288331Z"}
{"log":"INFO [03-25|07:28:21.670] Imported new chain segment               blocks=1     txs=7     mgas=2.135   elapsed=24.533ms  mgasps=87.015   number=2405973 hash=cc4cd3…1fe681 dirty=687.88MiB\n","stream":"stderr","time":"2020-03-25T07:28:21.670854991Z"}
{"log":"INFO [03-25|07:28:36.706] Chain reorg detected                     number=2405972 hash=c2ef0d…486b59 drop=1 dropfrom=65ad50…908841 add=2 addfrom=17f176…53dd60\n","stream":"stderr","time":"2020-03-25T07:28:36.706368259Z"}
{"log":"INFO [03-25|07:28:36.707] Imported new chain segment               blocks=1     txs=2     mgas=0.078   elapsed=4.537ms   mgasps=17.290   number=2405974 hash=17f176…53dd60 dirty=687.87MiB\n","stream":"stderr","time":"2020-03-25T07:28:36.707719422Z"}
{"log":"INFO [03-25|07:28:37.715] Imported new chain segment               blocks=1     txs=0     mgas=0.000   elapsed=334.596µs mgasps=0.000    number=2405974 hash=fa7263…edfa86 dirty=687.87MiB\n","stream":"stderr","time":"2020-03-25T07:28:37.715541992Z"}
{"log":"INFO [03-25|07:28:50.225] Chain reorg detected                     number=2405972 hash=c2ef0d…486b59 drop=2 dropfrom=17f176…53dd60 add=3 addfrom=0975a1…45c41f\n","stream":"stderr","time":"2020-03-25T07:28:50.225322598Z"}
{"log":"INFO [03-25|07:28:50.227] Imported new chain segment               blocks=1     txs=2     mgas=0.078   elapsed=6.940ms   mgasps=11.304   number=2405975 hash=0975a1…45c41f dirty=687.86MiB\n","stream":"stderr","time":"2020-03-25T07:28:50.227450268Z"}
{"log":"INFO [03-25|07:29:05.629] Imported new chain segment               blocks=1     txs=0     mgas=0.000   elapsed=607.331µs mgasps=0.000    number=2405976 hash=ce14cd…7c6a19 dirty=687.86MiB\n","stream":"stderr","time":"2020-03-25T07:29:05.629527561Z"}
{"log":"INFO [03-25|07:29:17.051] Deep froze chain segment                 blocks=4     elapsed=29.782ms  number=2315975 hash=0c4968…00d432\n","stream":"stderr","time":"2020-03-25T07:29:17.051611075Z"}
{"log":"INFO [03-25|07:29:20.085] Imported new chain segment               blocks=1     txs=0     mgas=0.000   elapsed=467.578µs mgasps=0.000    number=2405977 hash=211035…7b6f78 dirty=687.86MiB\n","stream":"stderr","time":"2020-03-25T07:29:20.085683272Z"}
{"log":"INFO [03-25|07:29:35.103] Imported new chain segment               blocks=1     txs=2     mgas=0.583   elapsed=18.135ms  mgasps=32.121   number=2405978 hash=0b5e1d…c9a5a4 dirty=687.88MiB\n","stream":"stderr","time":"2020-03-25T07:29:35.103547393Z"}
{"log":"INFO [03-25|07:29:35.133] Imported new chain segment               blocks=1     txs=2     mgas=0.583   elapsed=16.079ms  mgasps=36.228   number=2405978 hash=b6c387…6efa33 dirty=687.88MiB\n","stream":"stderr","time":"2020-03-25T07:29:35.133981088Z"}
{"log":"INFO [03-25|07:29:51.333] Imported new chain segment               blocks=1     txs=1     mgas=0.111   elapsed=6.026ms   mgasps=18.426   number=2405979 hash=ba1e9c…4434f6 dirty=687.89MiB\n","stream":"stderr","time":"2020-03-25T07:29:51.334068451Z"}
{"log":"INFO [03-25|07:30:05.110] Imported new chain segment               blocks=1     txs=1     mgas=0.167   elapsed=7.543ms   mgasps=22.161   number=2405980 hash=0db7fa…40272c dirty=687.77MiB\n","stream":"stderr","time":"2020-03-25T07:30:05.111111705Z"}
{"log":"INFO [03-25|07:30:06.615] Imported new chain segment               blocks=1     txs=1     mgas=0.167   elapsed=2.650ms   mgasps=63.068   number=2405980 hash=5f4185…660261 dirty=687.77MiB\n","stream":"stderr","time":"2020-03-25T07:30:06.61576394Z"}
{"log":"INFO [03-25|07:30:17.086] Deep froze chain segment                 blocks=4     elapsed=34.694ms  number=2315979 hash=64c324…02e1f8\n","stream":"stderr","time":"2020-03-25T07:30:17.086701893Z"}
{"log":"INFO [03-25|07:30:21.286] Imported new chain segment               blocks=1     txs=1     mgas=0.433   elapsed=13.853ms  mgasps=31.272   number=2405981 hash=2abcb3…b2ae3d dirty=687.80MiB\n","stream":"stderr","time":"2020-03-25T07:30:21.286538307Z"}
{"log":"INFO [03-25|07:30:22.727] Chain reorg detected                     number=2405980 hash=0db7fa…40272c drop=1 dropfrom=2abcb3…b2ae3d add=1 addfrom=7e10ce…ed43e9\n","stream":"stderr","time":"2020-03-25T07:30:22.727251337Z"}
{"log":"INFO [03-25|07:30:22.727] Imported new chain segment               blocks=1     txs=2     mgas=4.175   elapsed=40.909ms  mgasps=102.048  number=2405981 hash=7e10ce…ed43e9 dirty=688.20MiB\n","stream":"stderr","time":"2020-03-25T07:30:22.727551307Z"}
{"log":"INFO [03-25|07:30:35.862] Chain reorg detected                     number=2405980 hash=0db7fa…40272c drop=1 dropfrom=7e10ce…ed43e9 add=2 addfrom=ca3609…496db9\n","stream":"stderr","time":"2020-03-25T07:30:35.863094968Z"}
{"log":"INFO [03-25|07:30:35.863] Imported new chain segment               blocks=1     txs=1     mgas=3.741   elapsed=15.584ms  mgasps=240.081  number=2405982 hash=ca3609…496db9 dirty=688.20MiB\n","stream":"stderr","time":"2020-03-25T07:30:35.863490814Z"}
{"log":"INFO [03-25|07:30:38.008] Imported new chain segment               blocks=1     txs=1     mgas=3.741   elapsed=19.258ms  mgasps=194.279  number=2405982 hash=e35c4f…98d7ed dirty=688.20MiB\n","stream":"stderr","time":"2020-03-25T07:30:38.00847887Z"}
{"log":"INFO [03-25|07:30:38.630] Imported new chain segment               blocks=1     txs=6     mgas=7.096   elapsed=41.175ms  mgasps=172.327  number=2405982 hash=27a8dd…c04b0e dirty=688.50MiB\n","stream":"stderr","time":"2020-03-25T07:30:38.630350285Z"}
{"log":"INFO [03-25|07:30:50.668] Imported new chain segment               blocks=1     txs=5     mgas=3.540   elapsed=19.811ms  mgasps=178.697  number=2405983 hash=1a2c39…23afcc dirty=688.53MiB\n","stream":"stderr","time":"2020-03-25T07:30:50.668611866Z"}
{"log":"INFO [03-25|07:30:52.764] Imported new chain segment               blocks=1     txs=5     mgas=3.354   elapsed=18.923ms  mgasps=177.246  number=2405983 hash=89b325…1ecef7 dirty=688.53MiB\n","stream":"stderr","time":"2020-03-25T07:30:52.764745208Z"}
{"log":"INFO [03-25|07:31:05.184] Imported new chain segment               blocks=1     txs=2     mgas=0.930   elapsed=24.237ms  mgasps=38.363   number=2405984 hash=2c36a3…ea5d7f dirty=688.58MiB\n","stream":"stderr","time":"2020-03-25T07:31:05.184699913Z"}
{"log":"INFO [03-25|07:31:06.578] Imported new chain segment               blocks=1     txs=2     mgas=0.930   elapsed=23.375ms  mgasps=39.776   number=2405984 hash=bba773…077c7b dirty=688.58MiB\n","stream":"stderr","time":"2020-03-25T07:31:06.578560103Z"}
{"log":"INFO [03-25|07:31:17.108] Deep froze chain segment                 blocks=4     elapsed=21.479ms  number=2315983 hash=d0df50…eb2f8a\n","stream":"stderr","time":"2020-03-25T07:31:17.108743208Z"}
{"log":"INFO [03-25|07:31:20.102] Imported new chain segment               blocks=1     txs=1     mgas=0.111   elapsed=4.083ms   mgasps=27.191   number=2405985 hash=9c0f49…6e3b79 dirty=688.59MiB\n","stream":"stderr","time":"2020-03-25T07:31:20.102906122Z"}
{"log":"INFO [03-25|07:31:22.389] Imported new chain segment               blocks=1     txs=1     mgas=0.111   elapsed=5.241ms   mgasps=21.186   number=2405985 hash=00ad1d…cac19c dirty=688.59MiB\n","stream":"stderr","time":"2020-03-25T07:31:22.389289216Z"}
{"log":"INFO [03-25|07:31:36.128] Imported new chain segment               blocks=1     txs=0     mgas=0.000   elapsed=937.758µs mgasps=0.000    number=2405986 hash=632f69…c8771a dirty=688.57MiB\n","stream":"stderr","time":"2020-03-25T07:31:36.129026514Z"}
{"log":"INFO [03-25|07:31:36.130] Chain reorg detected                     number=2405985 hash=9c0f49…6e3b79 drop=1 dropfrom=632f69…c8771a add=1 addfrom=45c5b6…5b05ca\n","stream":"stderr","time":"2020-03-25T07:31:36.130132197Z"}
{"log":"INFO [03-25|07:31:36.130] Imported new chain segment               blocks=1     txs=0     mgas=0.000   elapsed=559.129µs mgasps=0.000    number=2405986 hash=45c5b6…5b05ca dirty=688.57MiB\n","stream":"stderr","time":"2020-03-25T07:31:36.130377825Z"}
{"log":"INFO [03-25|07:31:50.094] Chain reorg detected                     number=2405985 hash=9c0f49…6e3b79 drop=1 dropfrom=45c5b6…5b05ca add=2 addfrom=1fd761…0935f4\n","stream":"stderr","time":"2020-03-25T07:31:50.094495305Z"}
{"log":"INFO [03-25|07:31:50.094] Imported new chain segment               blocks=1     txs=2     mgas=0.489   elapsed=19.510ms  mgasps=25.061   number=2405987 hash=1fd761…0935f4 dirty=688.59MiB\n","stream":"stderr","time":"2020-03-25T07:31:50.094950738Z"}
{"log":"INFO [03-25|07:31:52.307] Imported new chain segment               blocks=1     txs=1     mgas=0.433   elapsed=17.050ms  mgasps=25.407   number=2405987 hash=700ccc…d442b7 dirty=688.59MiB\n","stream":"stderr","time":"2020-03-25T07:31:52.307829492Z"}
{"log":"INFO [03-25|07:32:05.095] Imported new chain segment               blocks=1     txs=0     mgas=0.000   elapsed=5.827ms   mgasps=0.000    number=2405988 hash=c5f740…b01704 dirty=688.25MiB\n","stream":"stderr","time":"2020-03-25T07:32:05.09552154Z"}
{"log":"INFO [03-25|07:32:17.138] Deep froze chain segment                 blocks=4     elapsed=29.813ms  number=2315987 hash=6150b8…ba401e\n","stream":"stderr","time":"2020-03-25T07:32:17.138846883Z"}
{"log":"INFO [03-25|07:32:20.712] Imported new chain segment               blocks=1     txs=0     mgas=0.000   elapsed=4.219ms   mgasps=0.000    number=2405989 hash=9970c5…d0745e dirty=688.04MiB\n","stream":"stderr","time":"2020-03-25T07:32:20.712650525Z"}
{"log":"INFO [03-25|07:32:35.854] Imported new chain segment               blocks=1     txs=1     mgas=0.433   elapsed=38.226ms  mgasps=11.333   number=2405990 hash=1592ae…5bdbe4 dirty=687.96MiB\n","stream":"stderr","time":"2020-03-25T07:32:35.854681493Z"}
{"log":"INFO [03-25|07:32:41.012] Imported new chain segment               blocks=1     txs=1     mgas=0.433   elapsed=17.543ms  mgasps=24.694   number=2405990 hash=18a2e4…53d5df dirty=687.96MiB\n","stream":"stderr","time":"2020-03-25T07:32:41.012931432Z"}
{"log":"INFO [03-25|07:32:50.107] Imported new chain segment               blocks=1     txs=0     mgas=0.000   elapsed=848.87µs  mgasps=0.000    number=2405991 hash=e8e840…9f0ca7 dirty=687.94MiB\n","stream":"stderr","time":"2020-03-25T07:32:50.107414196Z"}
{"log":"INFO [03-25|07:33:05.730] Imported new chain segment               blocks=1     txs=0     mgas=0.000   elapsed=922.28µs  mgasps=0.000    number=2405992 hash=867bc4…3a2292 dirty=687.92MiB\n","stream":"stderr","time":"2020-03-25T07:33:05.730623066Z"}
{"log":"INFO [03-25|07:33:07.715] Imported new chain segment               blocks=1     txs=0     mgas=0.000   elapsed=251.538µs mgasps=0.000    number=2405992 hash=59b7da…cd894d dirty=687.92MiB\n","stream":"stderr","time":"2020-03-25T07:33:07.715924595Z"}
{"log":"INFO [03-25|07:33:17.167] Deep froze chain segment                 blocks=4     elapsed=27.826ms  number=2315991 hash=f83f59…9ff638\n","stream":"stderr","time":"2020-03-25T07:33:17.167926149Z"}
{"log":"INFO [03-25|07:33:21.493] Imported new chain segment               blocks=1     txs=1     mgas=0.039   elapsed=2.715ms   mgasps=14.506   number=2405993 hash=e98a3c…a8e501 dirty=687.90MiB\n","stream":"stderr","time":"2020-03-25T07:33:21.496752994Z"}
{"log":"INFO [03-25|07:33:21.663] Chain reorg detected                     number=2405992 hash=867bc4…3a2292 drop=1 dropfrom=e98a3c…a8e501 add=1 addfrom=b31849…48a217\n","stream":"stderr","time":"2020-03-25T07:33:21.663588722Z"}
{"log":"INFO [03-25|07:33:21.663] Imported new chain segment               blocks=1     txs=1     mgas=0.039   elapsed=1.562ms   mgasps=25.211   number=2405993 hash=b31849…48a217 dirty=687.91MiB\n","stream":"stderr","time":"2020-03-25T07:33:21.663827583Z"}
{"log":"INFO [03-25|07:33:22.808] Chain reorg detected                     number=2405992 hash=867bc4…3a2292 drop=1 dropfrom=b31849…48a217 add=1 addfrom=3ebad9…d09b5e\n","stream":"stderr","time":"2020-03-25T07:33:22.80895857Z"}
{"log":"INFO [03-25|07:33:22.809] Imported new chain segment               blocks=1     txs=1     mgas=0.039   elapsed=1.837ms   mgasps=21.438   number=2405993 hash=3ebad9…d09b5e dirty=687.91MiB\n","stream":"stderr","time":"2020-03-25T07:33:22.809178577Z"}
{"log":"INFO [03-25|07:33:35.158] Chain reorg detected                     number=2405992 hash=867bc4…3a2292 drop=1 dropfrom=3ebad9…d09b5e add=2 addfrom=41c898…aa3100\n","stream":"stderr","time":"2020-03-25T07:33:35.158494112Z"}
{"log":"INFO [03-25|07:33:35.158] Imported new chain segment               blocks=1     txs=0     mgas=0.000   elapsed=545.124µs mgasps=0.000    number=2405994 hash=41c898…aa3100 dirty=687.91MiB\n","stream":"stderr","time":"2020-03-25T07:33:35.158720126Z"}
{"log":"INFO [03-25|07:33:35.159] Chain reorg detected                     number=2405992 hash=867bc4…3a2292 drop=2 dropfrom=41c898…aa3100 add=2 addfrom=9b443d…66b698\n","stream":"stderr","time":"2020-03-25T07:33:35.159230934Z"}
{"log":"INFO [03-25|07:33:35.159] Imported new chain segment               blocks=1     txs=0     mgas=0.000   elapsed=655.825µs mgasps=0.000    number=2405994 hash=9b443d…66b698 dirty=687.91MiB\n","stream":"stderr","time":"2020-03-25T07:33:35.159491061Z"}
{"log":"INFO [03-25|07:33:38.652] Imported new chain segment               blocks=1     txs=0     mgas=0.000   elapsed=364.301µs mgasps=0.000    number=2405994 hash=fe6384…bed93d dirty=687.91MiB\n","stream":"stderr","time":"2020-03-25T07:33:38.654325769Z"}
{"log":"INFO [03-25|07:33:51.328] Imported new chain segment               blocks=1     txs=0     mgas=0.000   elapsed=1.337ms   mgasps=0.000    number=2405995 hash=60a24a…efbf39 dirty=687.87MiB\n","stream":"stderr","time":"2020-03-25T07:33:51.328915309Z"}
{"log":"INFO [03-25|07:33:51.893] Imported new chain segment               blocks=1     txs=0     mgas=0.000   elapsed=300.803µs mgasps=0.000    number=2405995 hash=1b23e4…b73abe dirty=687.87MiB\n","stream":"stderr","time":"2020-03-25T07:33:51.894085367Z"}
{"log":"INFO [03-25|07:34:05.164] Chain reorg detected                     number=2405994 hash=9b443d…66b698 drop=1 dropfrom=60a24a…efbf39 add=2 addfrom=707b86…8c0321\n","stream":"stderr","time":"2020-03-25T07:34:05.164881814Z"}
{"log":"INFO [03-25|07:34:05.165] Imported new chain segment               blocks=1     txs=1     mgas=0.096   elapsed=2.543ms   mgasps=37.701   number=2405996 hash=707b86…8c0321 dirty=687.89MiB\n","stream":"stderr","time":"2020-03-25T07:34:05.165172414Z"}
{"log":"INFO [03-25|07:34:07.606] Imported new chain segment               blocks=1     txs=0     mgas=0.000   elapsed=379.738µs mgasps=0.000    number=2405996 hash=730b2b…a6a804 dirty=687.89MiB\n","stream":"stderr","time":"2020-03-25T07:34:07.606952202Z"}
{"log":"INFO [03-25|07:34:17.204] Deep froze chain segment                 blocks=4     elapsed=36.271ms  number=2315995 hash=9ac138…c727c7\n","stream":"stderr","time":"2020-03-25T07:34:17.204674032Z"}
{"log":"INFO [03-25|07:34:20.076] Imported new chain segment               blocks=1     txs=2     mgas=0.207   elapsed=5.360ms   mgasps=38.609   number=2405997 hash=994900…22cc66 dirty=687.90MiB\n","stream":"stderr","time":"2020-03-25T07:34:20.076461754Z"}
{"log":"INFO [03-25|07:34:35.131] Imported new chain segment               blocks=1     txs=1     mgas=0.487   elapsed=22.753ms  mgasps=21.388   number=2405998 hash=546ca7…c6955f dirty=687.91MiB\n","stream":"stderr","time":"2020-03-25T07:34:35.131913976Z"}
{"log":"INFO [03-25|07:34:47.530] New local node record                    seq=47 id=8252fae760b7940d ip=31.147.195.65 udp=1024  tcp=30303\n","stream":"stderr","time":"2020-03-25T07:34:47.530351185Z"}
{"log":"INFO [03-25|07:34:50.188] Imported new chain segment               blocks=1     txs=0     mgas=0.000   elapsed=816.796µs mgasps=0.000    number=2405999 hash=b419eb…ca8744 dirty=687.89MiB\n","stream":"stderr","time":"2020-03-25T07:34:50.188226751Z"}
{"log":"INFO [03-25|07:35:06.033] Imported new chain segment               blocks=1     txs=1     mgas=0.056   elapsed=2.221ms   mgasps=25.094   number=2406000 hash=06820d…178bda dirty=687.90MiB\n","stream":"stderr","time":"2020-03-25T07:35:06.034026946Z"}
{"log":"INFO [03-25|07:35:17.238] Deep froze chain segment                 blocks=4     elapsed=34.075ms  number=2315999 hash=c9ecb9…f3f97c\n","stream":"stderr","time":"2020-03-25T07:35:17.239058304Z"}
{"log":"INFO [03-25|07:35:20.912] Imported new chain segment               blocks=1     txs=1     mgas=0.433   elapsed=21.863ms  mgasps=19.814   number=2406001 hash=aae3ab…6babb3 dirty=687.91MiB\n","stream":"stderr","time":"2020-03-25T07:35:20.913212665Z"}
{"log":"INFO [03-25|07:35:21.110] Chain reorg detected                     number=2406000 hash=06820d…178bda drop=1 dropfrom=aae3ab…6babb3 add=1 addfrom=a8a504…be4414\n","stream":"stderr","time":"2020-03-25T07:35:21.110432589Z"}
{"log":"INFO [03-25|07:35:21.110] Imported new chain segment               blocks=1     txs=1     mgas=0.433   elapsed=15.288ms  mgasps=28.336   number=2406001 hash=a8a504…be4414 dirty=687.92MiB\n","stream":"stderr","time":"2020-03-25T07:35:21.110702156Z"}
{"log":"INFO [03-25|07:35:25.699] Chain reorg detected                     number=2406000 hash=06820d…178bda drop=1 dropfrom=a8a504…be4414 add=1 addfrom=3f393a…19b51a\n","stream":"stderr","time":"2020-03-25T07:35:25.699396786Z"}
{"log":"INFO [03-25|07:35:25.699] Imported new chain segment               blocks=1     txs=1     mgas=0.433   elapsed=15.385ms  mgasps=28.157   number=2406001 hash=3f393a…19b51a dirty=687.92MiB\n","stream":"stderr","time":"2020-03-25T07:35:25.699756914Z"}
{"log":"INFO [03-25|07:35:35.941] Imported new chain segment               blocks=1     txs=1     mgas=0.931   elapsed=10.855ms  mgasps=85.785   number=2406002 hash=2931ff…f7190d dirty=688.00MiB\n","stream":"stderr","time":"2020-03-25T07:35:35.941349224Z"}
{"log":"INFO [03-25|07:35:36.527] Imported new chain segment               blocks=1     txs=0     mgas=0.000   elapsed=292.972µs mgasps=0.000    number=2406002 hash=7b9b29…93f56f dirty=688.00MiB\n","stream":"stderr","time":"2020-03-25T07:35:36.527613884Z"}
{"log":"INFO [03-25|07:35:37.017] Imported new chain segment               blocks=1     txs=0     mgas=0.000   elapsed=584.289µs mgasps=0.000    number=2406002 hash=a1aece…c043aa dirty=688.00MiB\n","stream":"stderr","time":"2020-03-25T07:35:37.017437756Z"}
{"log":"INFO [03-25|07:35:37.853] Imported new chain segment               blocks=1     txs=6     mgas=1.758   elapsed=16.208ms  mgasps=108.486  number=2406002 hash=bfb103…c6934b dirty=688.04MiB\n","stream":"stderr","time":"2020-03-25T07:35:37.854001391Z"}
{"log":"INFO [03-25|07:35:50.444] Imported new chain segment               blocks=1     txs=6     mgas=0.938   elapsed=15.194ms  mgasps=61.745   number=2406003 hash=6cfce7…f9555b dirty=688.06MiB\n","stream":"stderr","time":"2020-03-25T07:35:50.444677844Z"}
{"log":"INFO [03-25|07:35:53.227] Regenerated local transaction journal    transactions=0 accounts=0\n","stream":"stderr","time":"2020-03-25T07:35:53.227616984Z"}
{"log":"INFO [03-25|07:35:53.787] Imported new chain segment               blocks=1     txs=5     mgas=0.827   elapsed=9.463ms   mgasps=87.404   number=2406003 hash=0c83f4…e11350 dirty=688.06MiB\n","stream":"stderr","time":"2020-03-25T07:35:53.78806834Z"}
{"log":"INFO [03-25|07:36:05.152] Chain reorg detected                     number=2406002 hash=2931ff…f7190d drop=1 dropfrom=6cfce7…f9555b add=2 addfrom=26036c…90d2f8\n","stream":"stderr","time":"2020-03-25T07:36:05.152501534Z"}
{"log":"INFO [03-25|07:36:05.153] Imported new chain segment               blocks=1     txs=2     mgas=0.544   elapsed=21.039ms  mgasps=25.870   number=2406004 hash=26036c…90d2f8 dirty=688.07MiB\n","stream":"stderr","time":"2020-03-25T07:36:05.153245244Z"}
{"log":"INFO [03-25|07:36:07.247] Imported new chain segment               blocks=1     txs=0     mgas=0.000   elapsed=308.056µs mgasps=0.000    number=2406004 hash=66cfcb…38066e dirty=688.07MiB\n","stream":"stderr","time":"2020-03-25T07:36:07.247919863Z"}
{"log":"INFO [03-25|07:36:07.337] Imported new chain segment               blocks=1     txs=1     mgas=0.433   elapsed=10.102ms  mgasps=42.884   number=2406004 hash=4a0de1…a45f41 dirty=688.07MiB\n","stream":"stderr","time":"2020-03-25T07:36:07.338051169Z"}
{"log":"INFO [03-25|07:36:17.276] Deep froze chain segment                 blocks=4     elapsed=37.365ms  number=2316003 hash=4fad7d…10f6e8\n","stream":"stderr","time":"2020-03-25T07:36:17.276750536Z"}
{"log":"INFO [03-25|07:36:21.847] Imported new chain segment               blocks=1     txs=0     mgas=0.000   elapsed=1.349ms   mgasps=0.000    number=2406005 hash=8e6032…c467fa dirty=688.03MiB\n","stream":"stderr","time":"2020-03-25T07:36:21.848088357Z"}
{"log":"INFO [03-25|07:36:35.107] Imported new chain segment               blocks=1     txs=2     mgas=0.529   elapsed=22.282ms  mgasps=23.745   number=2406006 hash=9b2c25…17f879 dirty=688.06MiB\n","stream":"stderr","time":"2020-03-25T07:36:35.108100321Z"}
{"log":"INFO [03-25|07:36:36.487] Imported new chain segment               blocks=1     txs=1     mgas=0.433   elapsed=13.641ms  mgasps=31.756   number=2406006 hash=bd7e3c…15167b dirty=688.06MiB\n","stream":"stderr","time":"2020-03-25T07:36:36.487186095Z"}
{"log":"INFO [03-25|07:36:50.061] Imported new chain segment               blocks=1     txs=1     mgas=0.034   elapsed=3.505ms   mgasps=9.639    number=2406007 hash=293c76…8a93b3 dirty=688.03MiB\n","stream":"stderr","time":"2020-03-25T07:36:50.061974929Z"}
{"log":"INFO [03-25|07:36:51.053] Imported new chain segment               blocks=1     txs=1     mgas=0.034   elapsed=3.045ms   mgasps=11.094   number=2406007 hash=5dd501…c3318b dirty=688.03MiB\n","stream":"stderr","time":"2020-03-25T07:36:51.053731187Z"}
{"log":"INFO [03-25|07:37:05.176] Imported new chain segment               blocks=1     txs=1     mgas=0.126   elapsed=4.146ms   mgasps=30.391   number=2406008 hash=038a9c…2a59bf dirty=688.04MiB\n","stream":"stderr","time":"2020-03-25T07:37:05.176431253Z"}
{"log":"INFO [03-25|07:37:06.190] Imported new chain segment               blocks=1     txs=1     mgas=0.126   elapsed=4.346ms   mgasps=28.992   number=2406008 hash=4ade52…f3110d dirty=688.05MiB\n","stream":"stderr","time":"2020-03-25T07:37:06.190244981Z"}
{"log":"INFO [03-25|07:37:17.310] Deep froze chain segment                 blocks=4     elapsed=33.735ms  number=2316007 hash=4857e1…28db7c\n","stream":"stderr","time":"2020-03-25T07:37:17.310735223Z"}
{"log":"INFO [03-25|07:37:20.230] Imported new chain segment               blocks=1     txs=1     mgas=0.433   elapsed=21.326ms  mgasps=20.314   number=2406009 hash=1864da…f7ec39 dirty=688.07MiB\n","stream":"stderr","time":"2020-03-25T07:37:20.230739514Z"}
{"log":"INFO [03-25|07:37:20.964] Chain reorg detected                     number=2406008 hash=038a9c…2a59bf drop=1 dropfrom=1864da…f7ec39 add=1 addfrom=9e715e…075007\n","stream":"stderr","time":"2020-03-25T07:37:20.965103386Z"}
{"log":"INFO [03-25|07:37:20.965] Imported new chain segment               blocks=1     txs=1     mgas=0.433   elapsed=22.367ms  mgasps=19.369   number=2406009 hash=9e715e…075007 dirty=688.07MiB\n","stream":"stderr","time":"2020-03-25T07:37:20.965920173Z"}
{"log":"INFO [03-25|07:37:25.799] Imported new chain segment               blocks=1     txs=1     mgas=0.433   elapsed=14.275ms  mgasps=30.348   number=2406009 hash=90bd56…06a6f6 dirty=688.07MiB\n","stream":"stderr","time":"2020-03-25T07:37:25.799482475Z"}
{"log":"INFO [03-25|07:37:35.288] Imported new chain segment               blocks=1     txs=0     mgas=0.000   elapsed=1.879ms   mgasps=0.000    number=2406010 hash=1bb918…45e7bc dirty=687.97MiB\n","stream":"stderr","time":"2020-03-25T07:37:35.288453688Z"}
{"log":"INFO [03-25|07:37:36.116] Imported new chain segment               blocks=1     txs=0     mgas=0.000   elapsed=350.283µs mgasps=0.000    number=2406010 hash=59cba6…ca9a2f dirty=687.97MiB\n","stream":"stderr","time":"2020-03-25T07:37:36.117407986Z"}
{"log":"INFO [03-25|07:37:51.058] Imported new chain segment               blocks=1     txs=0     mgas=0.000   elapsed=765.219µs mgasps=0.000    number=2406011 hash=2a77c9…a7086c dirty=687.96MiB\n","stream":"stderr","time":"2020-03-25T07:37:51.058578905Z"}
{"log":"INFO [03-25|07:38:05.827] Imported new chain segment               blocks=1     txs=8     mgas=3.176   elapsed=26.575ms  mgasps=119.522  number=2406012 hash=a1f598…72d2f3 dirty=688.08MiB\n","stream":"stderr","time":"2020-03-25T07:38:05.828143944Z"}
{"log":"INFO [03-25|07:38:06.896] Chain reorg detected                     number=2406011 hash=2a77c9…a7086c drop=1 dropfrom=a1f598…72d2f3 add=1 addfrom=efddcb…6cc247\n","stream":"stderr","time":"2020-03-25T07:38:06.897114674Z"}
{"log":"INFO [03-25|07:38:06.897] Imported new chain segment               blocks=1     txs=8     mgas=3.176   elapsed=19.358ms  mgasps=164.078  number=2406012 hash=efddcb…6cc247 dirty=688.08MiB\n","stream":"stderr","time":"2020-03-25T07:38:06.897373924Z"}
{"log":"INFO [03-25|07:38:07.998] Imported new chain segment               blocks=1     txs=1     mgas=0.039   elapsed=1.584ms   mgasps=24.841   number=2406012 hash=a8f7ca…d2bc5c dirty=688.08MiB\n","stream":"stderr","time":"2020-03-25T07:38:07.998938975Z"}
{"log":"INFO [03-25|07:38:08.056] Imported new chain segment               blocks=1     txs=6     mgas=2.025   elapsed=20.897ms  mgasps=96.925   number=2406012 hash=b95d43…6ed829 dirty=688.09MiB\n","stream":"stderr","time":"2020-03-25T07:38:08.057128123Z"}
{"log":"INFO [03-25|07:38:17.368] Deep froze chain segment                 blocks=4     elapsed=57.095ms  number=2316011 hash=047231…78e470\n","stream":"stderr","time":"2020-03-25T07:38:17.368617313Z"}
{"log":"INFO [03-25|07:38:20.454] Chain reorg detected                     number=2406011 hash=2a77c9…a7086c drop=1 dropfrom=efddcb…6cc247 add=2 addfrom=af24dd…0241dd\n","stream":"stderr","time":"2020-03-25T07:38:20.455205071Z"}
{"log":"INFO [03-25|07:38:20.455] Imported new chain segment               blocks=1     txs=4     mgas=6.467   elapsed=9.224ms   mgasps=701.079  number=2406013 hash=af24dd…0241dd dirty=688.10MiB\n","stream":"stderr","time":"2020-03-25T07:38:20.455777165Z"}
{"log":"INFO [03-25|07:38:22.894] Chain reorg detected                     number=2406011 hash=2a77c9…a7086c drop=2 dropfrom=af24dd…0241dd add=2 addfrom=08e556…993996\n","stream":"stderr","time":"2020-03-25T07:38:22.894373254Z"}
{"log":"INFO [03-25|07:38:22.902] Imported new chain segment               blocks=1     txs=1     mgas=0.056   elapsed=11.993ms  mgasps=4.647    number=2406013 hash=08e556…993996 dirty=688.12MiB\n","stream":"stderr","time":"2020-03-25T07:38:22.902957081Z"}
{"log":"INFO [03-25|07:38:35.784] Imported new chain segment               blocks=1     txs=3     mgas=7.333   elapsed=3.765ms   mgasps=1947.293 number=2406014 hash=29ef04…9b56a2 dirty=688.12MiB\n","stream":"stderr","time":"2020-03-25T07:38:35.784224617Z"}
{"log":"INFO [03-25|07:38:50.614] Imported new chain segment               blocks=1     txs=2     mgas=1.007   elapsed=2.844ms   mgasps=354.083  number=2406015 hash=5f0845…c7bd0d dirty=688.14MiB\n","stream":"stderr","time":"2020-03-25T07:38:50.6147051Z"}
{"log":"INFO [03-25|07:38:53.720] Chain reorg detected                     number=2406014 hash=29ef04…9b56a2 drop=1 dropfrom=5f0845…c7bd0d add=1 addfrom=c18d2c…3a4eed\n","stream":"stderr","time":"2020-03-25T07:38:53.721047096Z"}
{"log":"INFO [03-25|07:38:53.721] Imported new chain segment               blocks=1     txs=0     mgas=0.000   elapsed=1.163ms   mgasps=0.000    number=2406015 hash=c18d2c…3a4eed dirty=688.14MiB\n","stream":"stderr","time":"2020-03-25T07:38:53.721336474Z"}
{"log":"INFO [03-25|07:38:53.800] Imported new chain segment               blocks=1     txs=1     mgas=0.096   elapsed=1.246ms   mgasps=76.940   number=2406015 hash=c34e05…57782b dirty=688.14MiB\n","stream":"stderr","time":"2020-03-25T07:38:53.801051419Z"}
{"log":"INFO [03-25|07:39:06.722] Chain reorg detected                     number=2406014 hash=29ef04…9b56a2 drop=1 dropfrom=c18d2c…3a4eed add=2 addfrom=c4dc58…abe54e\n","stream":"stderr","time":"2020-03-25T07:39:06.722305186Z"}
{"log":"INFO [03-25|07:39:06.723] Imported new chain segment               blocks=1     txs=0     mgas=0.000   elapsed=2.097ms   mgasps=0.000    number=2406016 hash=c4dc58…abe54e dirty=688.12MiB\n","stream":"stderr","time":"2020-03-25T07:39:06.72350704Z"}
{"log":"INFO [03-25|07:39:17.412] Deep froze chain segment                 blocks=4     elapsed=43.812ms  number=2316015 hash=6f9839…5c0cf7\n","stream":"stderr","time":"2020-03-25T07:39:17.41285985Z"}
{"log":"INFO [03-25|07:39:20.083] Imported new chain segment               blocks=1     txs=1     mgas=0.840   elapsed=2.758ms   mgasps=304.555  number=2406017 hash=2c1ce7…203045 dirty=688.12MiB\n","stream":"stderr","time":"2020-03-25T07:39:20.084012224Z"}
{"log":"INFO [03-25|07:39:35.500] Imported new chain segment               blocks=1     txs=2     mgas=4.071   elapsed=17.186ms  mgasps=236.860  number=2406018 hash=8ccbaf…110319 dirty=688.15MiB\n","stream":"stderr","time":"2020-03-25T07:39:35.500290592Z"}
{"log":"INFO [03-25|07:39:42.035] Chain reorg detected                     number=2406017 hash=2c1ce7…203045 drop=1 dropfrom=8ccbaf…110319 add=1 addfrom=86b258…26c66d\n","stream":"stderr","time":"2020-03-25T07:39:42.035930068Z"}
{"log":"INFO [03-25|07:39:42.035] Imported new chain segment               blocks=1     txs=2     mgas=4.071   elapsed=14.839ms  mgasps=274.317  number=2406018 hash=86b258…26c66d dirty=688.16MiB\n","stream":"stderr","time":"2020-03-25T07:39:42.036087508Z"}
{"log":"INFO [03-25|07:39:50.447] Chain reorg detected                     number=2406017 hash=2c1ce7…203045 drop=1 dropfrom=86b258…26c66d add=2 addfrom=8bc8bb…8a0005\n","stream":"stderr","time":"2020-03-25T07:39:50.447300567Z"}
{"log":"INFO [03-25|07:39:50.447] Imported new chain segment               blocks=1     txs=1     mgas=1.186   elapsed=6.044ms   mgasps=196.275  number=2406019 hash=8bc8bb…8a0005 dirty=688.00MiB\n","stream":"stderr","time":"2020-03-25T07:39:50.447994867Z"}
{"log":"INFO [03-25|07:40:05.093] Imported new chain segment               blocks=1     txs=0     mgas=0.000   elapsed=1.317ms   mgasps=0.000    number=2406020 hash=0d7609…ba7d65 dirty=688.00MiB\n","stream":"stderr","time":"2020-03-25T07:40:05.093965101Z"}
{"log":"INFO [03-25|07:40:17.441] Deep froze chain segment                 blocks=4     elapsed=28.848ms  number=2316019 hash=3aa387…c35ca5\n","stream":"stderr","time":"2020-03-25T07:40:17.441988328Z"}
{"log":"INFO [03-25|07:40:21.410] Imported new chain segment               blocks=1     txs=2     mgas=1.845   elapsed=19.241ms  mgasps=95.860   number=2406021 hash=2d1d18…b8be4b dirty=688.01MiB\n","stream":"stderr","time":"2020-03-25T07:40:21.410815367Z"}
{"log":"INFO [03-25|07:40:26.216] Chain reorg detected                     number=2406020 hash=0d7609…ba7d65 drop=1 dropfrom=2d1d18…b8be4b add=1 addfrom=054fe9…17d55a\n","stream":"stderr","time":"2020-03-25T07:40:26.217015349Z"}
{"log":"INFO [03-25|07:40:26.217] Imported new chain segment               blocks=1     txs=2     mgas=1.845   elapsed=18.389ms  mgasps=100.303  number=2406021 hash=054fe9…17d55a dirty=688.02MiB\n","stream":"stderr","time":"2020-03-25T07:40:26.21738602Z"}
{"log":"INFO [03-25|07:40:36.063] Imported new chain segment               blocks=1     txs=1     mgas=1.181   elapsed=14.060ms  mgasps=84.013   number=2406022 hash=00e2b6…7798a7 dirty=688.14MiB\n","stream":"stderr","time":"2020-03-25T07:40:36.063495783Z"}
{"log":"INFO [03-25|07:40:38.255] Imported new chain segment               blocks=1     txs=0     mgas=0.000   elapsed=325.553µs mgasps=0.000    number=2406022 hash=b6caf2…90b403 dirty=688.14MiB\n","stream":"stderr","time":"2020-03-25T07:40:38.256193105Z"}
{"log":"INFO [03-25|07:40:38.801] Imported new chain segment               blocks=1     txs=4     mgas=3.430   elapsed=20.788ms  mgasps=164.968  number=2406022 hash=a2714e…ed9f68 dirty=688.32MiB\n","stream":"stderr","time":"2020-03-25T07:40:38.801405148Z"}
{"log":"INFO [03-25|07:40:52.077] Imported new chain segment               blocks=1     txs=5     mgas=3.672   elapsed=33.363ms  mgasps=110.048  number=2406023 hash=0f8f00…4588cd dirty=688.37MiB\n","stream":"stderr","time":"2020-03-25T07:40:52.077239896Z"}
{"log":"INFO [03-25|07:40:52.140] Chain reorg detected                     number=2406022 hash=00e2b6…7798a7 drop=1 dropfrom=0f8f00…4588cd add=1 addfrom=44f1b2…9fe319\n","stream":"stderr","time":"2020-03-25T07:40:52.140628742Z"}
{"log":"INFO [03-25|07:40:52.140] Imported new chain segment               blocks=1     txs=4     mgas=3.289   elapsed=11.551ms  mgasps=284.747  number=2406023 hash=44f1b2…9fe319 dirty=688.37MiB\n","stream":"stderr","time":"2020-03-25T07:40:52.140893447Z"}
{"log":"INFO [03-25|07:40:52.456] Imported new chain segment               blocks=1     txs=4     mgas=3.430   elapsed=18.764ms  mgasps=182.762  number=2406022 hash=2aad48…a13070 dirty=688.37MiB\n","stream":"stderr","time":"2020-03-25T07:40:52.45700214Z"}
{"log":"INFO [03-25|07:41:05.267] Imported new chain segment               blocks=1     txs=26    mgas=2.208   elapsed=28.945ms  mgasps=76.274   number=2406024 hash=90fafe…850f34 dirty=688.41MiB\n","stream":"stderr","time":"2020-03-25T07:41:05.267778932Z"}
{"log":"INFO [03-25|07:41:07.374] Imported new chain segment               blocks=1     txs=1     mgas=0.362   elapsed=5.035ms   mgasps=71.788   number=2406024 hash=8baa01…936261 dirty=688.42MiB\n","stream":"stderr","time":"2020-03-25T07:41:07.375146589Z"}
{"log":"INFO [03-25|07:41:17.483] Deep froze chain segment                 blocks=4     elapsed=41.097ms  number=2316023 hash=9c43fc…a94ee6\n","stream":"stderr","time":"2020-03-25T07:41:17.48371974Z"}
{"log":"INFO [03-25|07:41:20.693] Imported new chain segment               blocks=1     txs=1     mgas=0.433   elapsed=13.956ms  mgasps=31.040   number=2406025 hash=2e5156…2d6fcf dirty=688.43MiB\n","stream":"stderr","time":"2020-03-25T07:41:20.693588496Z"}
{"log":"INFO [03-25|07:41:35.378] Imported new chain segment               blocks=1     txs=0     mgas=0.000   elapsed=1.446ms   mgasps=0.000    number=2406026 hash=df56fe…5970fd dirty=688.38MiB\n","stream":"stderr","time":"2020-03-25T07:41:35.379067843Z"}
{"log":"INFO [03-25|07:41:50.091] Imported new chain segment               blocks=1     txs=1     mgas=0.056   elapsed=1.979ms   mgasps=28.150   number=2406027 hash=0893bc…8cb2e4 dirty=688.39MiB\n","stream":"stderr","time":"2020-03-25T07:41:50.091943493Z"}
{"log":"INFO [03-25|07:42:05.120] Imported new chain segment               blocks=1     txs=2     mgas=0.529   elapsed=18.831ms  mgasps=28.099   number=2406028 hash=0e3d21…075162 dirty=688.40MiB\n","stream":"stderr","time":"2020-03-25T07:42:05.121089985Z"}
{"log":"INFO [03-25|07:42:11.896] Imported new chain segment               blocks=1     txs=2     mgas=0.529   elapsed=17.397ms  mgasps=30.415   number=2406028 hash=ab9894…6db1ba dirty=688.41MiB\n","stream":"stderr","time":"2020-03-25T07:42:11.896913157Z"}
{"log":"INFO [03-25|07:42:17.523] Deep froze chain segment                 blocks=4     elapsed=39.370ms  number=2316027 hash=8d17cc…64219d\n","stream":"stderr","time":"2020-03-25T07:42:17.523400464Z"}
{"log":"INFO [03-25|07:42:20.642] Imported new chain segment               blocks=1     txs=0     mgas=0.000   elapsed=1.171ms   mgasps=0.000    number=2406029 hash=7e91c6…61b7c3 dirty=688.39MiB\n","stream":"stderr","time":"2020-03-25T07:42:20.642456305Z"}
{"log":"INFO [03-25|07:42:20.862] Chain reorg detected                     number=2406028 hash=0e3d21…075162 drop=1 dropfrom=7e91c6…61b7c3 add=1 addfrom=3634c7…c7cc46\n","stream":"stderr","time":"2020-03-25T07:42:20.862652141Z"}
{"log":"INFO [03-25|07:42:20.862] Imported new chain segment               blocks=1     txs=0     mgas=0.000   elapsed=828.138µs mgasps=0.000    number=2406029 hash=3634c7…c7cc46 dirty=688.39MiB\n","stream":"stderr","time":"2020-03-25T07:42:20.86292971Z"}
{"log":"INFO [03-25|07:42:35.113] Imported new chain segment               blocks=1     txs=1     mgas=0.096   elapsed=7.297ms   mgasps=13.143   number=2406030 hash=d4466a…b9f962 dirty=688.13MiB\n","stream":"stderr","time":"2020-03-25T07:42:35.113709658Z"}
{"log":"INFO [03-25|07:42:37.023] Imported new chain segment               blocks=1     txs=1     mgas=0.096   elapsed=2.061ms   mgasps=46.527   number=2406030 hash=9df6a2…511927 dirty=688.13MiB\n","stream":"stderr","time":"2020-03-25T07:42:37.023881385Z"}
{"log":"INFO [03-25|07:42:50.253] Imported new chain segment               blocks=1     txs=1     mgas=0.433   elapsed=17.369ms  mgasps=24.942   number=2406031 hash=682e3a…9ec035 dirty=688.13MiB\n","stream":"stderr","time":"2020-03-25T07:42:50.254001996Z"}
{"log":"INFO [03-25|07:42:55.083] Chain reorg detected                     number=2406030 hash=d4466a…b9f962 drop=1 dropfrom=682e3a…9ec035 add=1 addfrom=1cbcec…ecf3a9\n","stream":"stderr","time":"2020-03-25T07:42:55.083693886Z"}
{"log":"INFO [03-25|07:42:55.083] Imported new chain segment               blocks=1     txs=1     mgas=0.433   elapsed=15.758ms  mgasps=27.491   number=2406031 hash=1cbcec…ecf3a9 dirty=688.13MiB\n","stream":"stderr","time":"2020-03-25T07:42:55.083962231Z"}
{"log":"INFO [03-25|07:43:05.175] Imported new chain segment               blocks=1     txs=0     mgas=0.000   elapsed=1.236ms   mgasps=0.000    number=2406032 hash=03f078…8f2fa8 dirty=688.12MiB\n","stream":"stderr","time":"2020-03-25T07:43:05.176235574Z"}
{"log":"INFO [03-25|07:43:17.554] Deep froze chain segment                 blocks=4     elapsed=30.753ms  number=2316031 hash=325d0a…59a80a\n","stream":"stderr","time":"2020-03-25T07:43:17.554754546Z"}
{"log":"INFO [03-25|07:43:21.164] Imported new chain segment               blocks=1     txs=1     mgas=0.096   elapsed=2.559ms   mgasps=37.476   number=2406033 hash=4cfa57…95683e dirty=688.14MiB\n","stream":"stderr","time":"2020-03-25T07:43:21.164658683Z"}
{"log":"INFO [03-25|07:43:35.119] Imported new chain segment               blocks=1     txs=1     mgas=0.146   elapsed=4.611ms   mgasps=31.669   number=2406034 hash=7029ef…01a9c9 dirty=688.14MiB\n","stream":"stderr","time":"2020-03-25T07:43:35.119978214Z"}
{"log":"INFO [03-25|07:43:51.717] Imported new chain segment               blocks=1     txs=0     mgas=0.000   elapsed=964.341µs mgasps=0.000    number=2406035 hash=24a12a…0acd73 dirty=688.11MiB\n","stream":"stderr","time":"2020-03-25T07:43:51.717251601Z"}
{"log":"INFO [03-25|07:43:53.098] Chain reorg detected                     number=2406034 hash=7029ef…01a9c9 drop=1 dropfrom=24a12a…0acd73 add=1 addfrom=ced7b8…ff7690\n","stream":"stderr","time":"2020-03-25T07:43:53.098675773Z"}
{"log":"INFO [03-25|07:43:53.098] Imported new chain segment               blocks=1     txs=0     mgas=0.000   elapsed=769.651µs mgasps=0.000    number=2406035 hash=ced7b8…ff7690 dirty=688.11MiB\n","stream":"stderr","time":"2020-03-25T07:43:53.098942673Z"}
{"log":"INFO [03-25|07:44:05.990] Chain reorg detected                     number=2406034 hash=7029ef…01a9c9 drop=1 dropfrom=ced7b8…ff7690 add=2 addfrom=4822ac…cd8871\n","stream":"stderr","time":"2020-03-25T07:44:05.990864304Z"}
{"log":"INFO [03-25|07:44:05.990] Imported new chain segment               blocks=1     txs=0     mgas=0.000   elapsed=704.332µs mgasps=0.000    number=2406036 hash=4822ac…cd8871 dirty=688.11MiB\n","stream":"stderr","time":"2020-03-25T07:44:05.991105886Z"}
{"log":"INFO [03-25|07:44:08.286] Imported new chain segment               blocks=1     txs=0     mgas=0.000   elapsed=368.846µs mgasps=0.000    number=2406036 hash=8eba5f…5f2594 dirty=688.11MiB\n","stream":"stderr","time":"2020-03-25T07:44:08.286780569Z"}
{"log":"INFO [03-25|07:44:17.590] Deep froze chain segment                 blocks=4     elapsed=35.621ms  number=2316035 hash=3e3a4b…337f39\n","stream":"stderr","time":"2020-03-25T07:44:17.590746758Z"}
{"log":"INFO [03-25|07:44:20.391] Chain reorg detected                     number=2406035 hash=24a12a…0acd73 drop=1 dropfrom=4822ac…cd8871 add=2 addfrom=12c557…ca31d7\n","stream":"stderr","time":"2020-03-25T07:44:20.39152455Z"}
{"log":"INFO [03-25|07:44:20.391] Imported new chain segment               blocks=1     txs=0     mgas=0.000   elapsed=1.001ms   mgasps=0.000    number=2406037 hash=12c557…ca31d7 dirty=688.09MiB\n","stream":"stderr","time":"2020-03-25T07:44:20.391786498Z"}
{"log":"INFO [03-25|07:44:23.611] Imported new chain segment               blocks=1     txs=0     mgas=0.000   elapsed=304.175µs mgasps=0.000    number=2406037 hash=223f6d…85cd12 dirty=688.09MiB\n","stream":"stderr","time":"2020-03-25T07:44:23.611331678Z"}
{"log":"INFO [03-25|07:44:35.864] Imported new chain segment               blocks=1     txs=0     mgas=0.000   elapsed=1.421ms   mgasps=0.000    number=2406038 hash=02f844…e67aca dirty=688.07MiB\n","stream":"stderr","time":"2020-03-25T07:44:35.864966499Z"}
{"log":"INFO [03-25|07:44:50.879] Imported new chain segment               blocks=1     txs=2     mgas=0.542   elapsed=18.879ms  mgasps=28.728   number=2406039 hash=47d4e9…fd2b5c dirty=688.09MiB\n","stream":"stderr","time":"2020-03-25T07:44:50.880026676Z"}
{"log":"INFO [03-25|07:44:52.790] Chain reorg detected                     number=2406038 hash=02f844…e67aca drop=1 dropfrom=47d4e9…fd2b5c add=1 addfrom=88b64a…2f35e5\n","stream":"stderr","time":"2020-03-25T07:44:52.790702841Z"}
{"log":"INFO [03-25|07:44:52.790] Imported new chain segment               blocks=1     txs=1     mgas=0.487   elapsed=18.006ms  mgasps=27.027   number=2406039 hash=88b64a…2f35e5 dirty=688.09MiB\n","stream":"stderr","time":"2020-03-25T07:44:52.790929128Z"}
{"log":"INFO [03-25|07:44:57.563] Chain reorg detected                     number=2406038 hash=02f844…e67aca drop=1 dropfrom=88b64a…2f35e5 add=1 addfrom=c48bcf…d98bf0\n","stream":"stderr","time":"2020-03-25T07:44:57.563326539Z"}
{"log":"INFO [03-25|07:44:57.563] Imported new chain segment               blocks=1     txs=2     mgas=0.542   elapsed=16.290ms  mgasps=33.292   number=2406039 hash=c48bcf…d98bf0 dirty=688.09MiB\n","stream":"stderr","time":"2020-03-25T07:44:57.563566136Z"}
{"log":"INFO [03-25|07:45:05.457] Chain reorg detected                     number=2406038 hash=02f844…e67aca drop=1 dropfrom=c48bcf…d98bf0 add=2 addfrom=ec2aa1…7c3c72\n","stream":"stderr","time":"2020-03-25T07:45:05.45737601Z"}
{"log":"INFO [03-25|07:45:05.457] Imported new chain segment               blocks=1     txs=0     mgas=0.000   elapsed=1.028ms   mgasps=0.000    number=2406040 hash=ec2aa1…7c3c72 dirty=688.09MiB\n","stream":"stderr","time":"2020-03-25T07:45:05.45779723Z"}
{"log":"INFO [03-25|07:45:17.630] Deep froze chain segment                 blocks=4     elapsed=40.183ms  number=2316039 hash=ce45fc…43c25c\n","stream":"stderr","time":"2020-03-25T07:45:17.631265284Z"}
{"log":"INFO [03-25|07:45:20.872] Imported new chain segment               blocks=1     txs=1     mgas=0.433   elapsed=18.036ms  mgasps=24.020   number=2406041 hash=371316…7ded30 dirty=688.11MiB\n","stream":"stderr","time":"2020-03-25T07:45:20.872930623Z"}
{"log":"INFO [03-25|07:45:22.796] Chain reorg detected                     number=2406040 hash=ec2aa1…7c3c72 drop=1 dropfrom=371316…7ded30 add=1 addfrom=4c164a…503ab9\n","stream":"stderr","time":"2020-03-25T07:45:22.796368333Z"}
{"log":"INFO [03-25|07:45:22.796] Imported new chain segment               blocks=1     txs=1     mgas=3.725   elapsed=19.694ms  mgasps=189.126  number=2406041 hash=4c164a…503ab9 dirty=688.50MiB\n","stream":"stderr","time":"2020-03-25T07:45:22.796546898Z"}
{"log":"INFO [03-25|07:45:35.456] Chain reorg detected                     number=2406040 hash=ec2aa1…7c3c72 drop=1 dropfrom=4c164a…503ab9 add=2 addfrom=8c2f07…be8711\n","stream":"stderr","time":"2020-03-25T07:45:35.457015663Z"}
{"log":"INFO [03-25|07:45:35.457] Imported new chain segment               blocks=1     txs=1     mgas=3.725   elapsed=19.498ms  mgasps=191.029  number=2406042 hash=8c2f07…be8711 dirty=688.50MiB\n","stream":"stderr","time":"2020-03-25T07:45:35.457409217Z"}
{"log":"INFO [03-25|07:45:36.085] Imported new chain segment               blocks=1     txs=1     mgas=3.725   elapsed=16.417ms  mgasps=226.868  number=2406042 hash=2e6887…133da4 dirty=688.50MiB\n","stream":"stderr","time":"2020-03-25T07:45:36.085665843Z"}
{"log":"INFO [03-25|07:45:38.057] Imported new chain segment               blocks=1     txs=1     mgas=3.725   elapsed=19.001ms  mgasps=196.023  number=2406042 hash=7aa9fd…8339c2 dirty=688.50MiB\n","stream":"stderr","time":"2020-03-25T07:45:38.057400854Z"}
{"log":"INFO [03-25|07:45:50.855] Imported new chain segment               blocks=1     txs=7     mgas=2.262   elapsed=36.431ms  mgasps=62.098   number=2406043 hash=c82d3a…827c8d dirty=688.62MiB\n","stream":"stderr","time":"2020-03-25T07:45:50.855523934Z"}
{"log":"INFO [03-25|07:45:52.206] Imported new chain segment               blocks=1     txs=5     mgas=1.733   elapsed=19.466ms  mgasps=89.035   number=2406043 hash=0c4914…6b413e dirty=688.63MiB\n","stream":"stderr","time":"2020-03-25T07:45:52.206884211Z"}
{"log":"INFO [03-25|07:45:53.286] Chain reorg detected                     number=2406042 hash=8c2f07…be8711 drop=1 dropfrom=c82d3a…827c8d add=1 addfrom=ab9c7c…423bf1\n","stream":"stderr","time":"2020-03-25T07:45:53.286869452Z"}
{"log":"INFO [03-25|07:45:53.287] Imported new chain segment               blocks=1     txs=5     mgas=1.733   elapsed=23.394ms  mgasps=74.085   number=2406043 hash=ab9c7c…423bf1 dirty=688.64MiB\n","stream":"stderr","time":"2020-03-25T07:45:53.287276418Z"}
{"log":"INFO [03-25|07:46:05.139] Chain reorg detected                     number=2406042 hash=8c2f07…be8711 drop=1 dropfrom=ab9c7c…423bf1 add=2 addfrom=c50f2a…00d62a\n","stream":"stderr","time":"2020-03-25T07:46:05.139779048Z"}
{"log":"INFO [03-25|07:46:05.140] Imported new chain segment               blocks=1     txs=0     mgas=0.000   elapsed=1.896ms   mgasps=0.000    number=2406044 hash=c50f2a…00d62a dirty=688.62MiB\n","stream":"stderr","time":"2020-03-25T07:46:05.140623585Z"}
{"log":"INFO [03-25|07:46:06.106] Imported new chain segment               blocks=1     txs=0     mgas=0.000   elapsed=394.141µs mgasps=0.000    number=2406044 hash=3a9b8a…172dfa dirty=688.62MiB\n","stream":"stderr","time":"2020-03-25T07:46:06.107136585Z"}
{"log":"INFO [03-25|07:46:17.667] Deep froze chain segment                 blocks=4     elapsed=36.196ms  number=2316043 hash=f4ea1a…e7f295\n","stream":"stderr","time":"2020-03-25T07:46:17.667922749Z"}
{"log":"INFO [03-25|07:46:20.087] Imported new chain segment               blocks=1     txs=1     mgas=0.111   elapsed=4.965ms   mgasps=22.364   number=2406045 hash=0cfe9e…76b082 dirty=688.62MiB\n","stream":"stderr","time":"2020-03-25T07:46:20.087794324Z"}
{"log":"INFO [03-25|07:46:23.410] Imported new chain segment               blocks=1     txs=0     mgas=0.000   elapsed=280.018µs mgasps=0.000    number=2406045 hash=0b2266…554758 dirty=688.62MiB\n","stream":"stderr","time":"2020-03-25T07:46:23.41071708Z"}
{"log":"INFO [03-25|07:46:35.723] Imported new chain segment               blocks=1     txs=1     mgas=0.433   elapsed=16.506ms  mgasps=26.246   number=2406046 hash=f9093e…94fd5f dirty=688.60MiB\n","stream":"stderr","time":"2020-03-25T07:46:35.723436206Z"}
{"log":"INFO [03-25|07:46:37.235] Imported new chain segment               blocks=1     txs=1     mgas=0.433   elapsed=16.637ms  mgasps=26.040   number=2406046 hash=c4c590…a3b518 dirty=688.61MiB\n","stream":"stderr","time":"2020-03-25T07:46:37.236108406Z"}
{"log":"INFO [03-25|07:46:50.079] Imported new chain segment               blocks=1     txs=0     mgas=0.000   elapsed=1.494ms   mgasps=0.000    number=2406047 hash=0dd223…8d7522 dirty=688.58MiB\n","stream":"stderr","time":"2020-03-25T07:46:50.080114165Z"}
{"log":"INFO [03-25|07:46:51.817] Imported new chain segment               blocks=1     txs=0     mgas=0.000   elapsed=411.056µs mgasps=0.000    number=2406047 hash=7a661d…d228ae dirty=688.58MiB\n","stream":"stderr","time":"2020-03-25T07:46:51.818142285Z"}
{"log":"INFO [03-25|07:47:05.847] Imported new chain segment               blocks=1     txs=0     mgas=0.000   elapsed=920.979µs mgasps=0.000    number=2406048 hash=71e8b6…ef6a71 dirty=688.56MiB\n","stream":"stderr","time":"2020-03-25T07:47:05.847425044Z"}
{"log":"INFO [03-25|07:47:08.345] Imported new chain segment               blocks=1     txs=0     mgas=0.000   elapsed=409.793µs mgasps=0.000    number=2406048 hash=ca2791…53184f dirty=688.56MiB\n","stream":"stderr","time":"2020-03-25T07:47:08.346079212Z"}
{"log":"INFO [03-25|07:47:17.704] Deep froze chain segment                 blocks=4     elapsed=36.158ms  number=2316047 hash=1a0f99…2ddbc9\n","stream":"stderr","time":"2020-03-25T07:47:17.704350474Z"}
{"log":"INFO [03-25|07:47:20.918] Imported new chain segment               blocks=1     txs=0     mgas=0.000   elapsed=2.906ms   mgasps=0.000    number=2406049 hash=bf2bd8…dff256 dirty=688.46MiB\n","stream":"stderr","time":"2020-03-25T07:47:20.918539037Z"}
{"log":"INFO [03-25|07:47:20.939] Imported new chain segment               blocks=1     txs=1     mgas=0.433   elapsed=14.401ms  mgasps=30.082   number=2406049 hash=1ec455…21aac7 dirty=688.48MiB\n","stream":"stderr","time":"2020-03-25T07:47:20.94006503Z"}
{"log":"INFO [03-25|07:47:35.320] Imported new chain segment               blocks=1     txs=1     mgas=0.433   elapsed=17.325ms  mgasps=25.006   number=2406050 hash=cd3efa…826f58 dirty=688.45MiB\n","stream":"stderr","time":"2020-03-25T07:47:35.320320856Z"}
{"log":"INFO [03-25|07:47:35.377] Chain reorg detected                     number=2406049 hash=bf2bd8…dff256 drop=1 dropfrom=cd3efa…826f58 add=1 addfrom=d8a978…993da6\n","stream":"stderr","time":"2020-03-25T07:47:35.377607342Z"}
{"log":"INFO [03-25|07:47:35.377] Imported new chain segment               blocks=1     txs=1     mgas=0.433   elapsed=10.125ms  mgasps=42.787   number=2406050 hash=d8a978…993da6 dirty=688.45MiB\n","stream":"stderr","time":"2020-03-25T07:47:35.377716419Z"}
{"log":"INFO [03-25|07:47:40.684] Imported new chain segment               blocks=1     txs=1     mgas=0.433   elapsed=16.868ms  mgasps=25.683   number=2406050 hash=392d86…0f7582 dirty=688.45MiB\n","stream":"stderr","time":"2020-03-25T07:47:40.684563826Z"}
{"log":"INFO [03-25|07:47:50.651] Imported new chain segment               blocks=1     txs=1     mgas=0.433   elapsed=21.999ms  mgasps=19.693   number=2406051 hash=b48b34…ce27bb dirty=688.46MiB\n","stream":"stderr","time":"2020-03-25T07:47:50.652163649Z"}
{"log":"INFO [03-25|07:47:51.970] Chain reorg detected                     number=2406050 hash=d8a978…993da6 drop=1 dropfrom=b48b34…ce27bb add=1 addfrom=c34aab…77f96b\n","stream":"stderr","time":"2020-03-25T07:47:51.970553254Z"}
{"log":"INFO [03-25|07:47:51.970] Imported new chain segment               blocks=1     txs=1     mgas=0.433   elapsed=17.048ms  mgasps=25.412   number=2406051 hash=c34aab…77f96b dirty=688.46MiB\n","stream":"stderr","time":"2020-03-25T07:47:51.970756849Z"}
{"log":"INFO [03-25|07:47:55.635] Chain reorg detected                     number=2406049 hash=bf2bd8…dff256 drop=2 dropfrom=c34aab…77f96b add=2 addfrom=52703a…1275d6\n","stream":"stderr","time":"2020-03-25T07:47:55.639310726Z"}
{"log":"INFO [03-25|07:47:55.635] Imported new chain segment               blocks=1     txs=1     mgas=0.433   elapsed=14.964ms  mgasps=28.950   number=2406051 hash=52703a…1275d6 dirty=688.46MiB\n","stream":"stderr","time":"2020-03-25T07:47:55.639346308Z"}
{"log":"INFO [03-25|07:48:05.588] Chain reorg detected                     number=2406049 hash=bf2bd8…dff256 drop=2 dropfrom=52703a…1275d6 add=3 addfrom=12aa62…0d0ab2\n","stream":"stderr","time":"2020-03-25T07:48:05.589091624Z"}
{"log":"INFO [03-25|07:48:05.589] Imported new chain segment               blocks=1     txs=6     mgas=2.042   elapsed=23.806ms  mgasps=85.770   number=2406052 hash=12aa62…0d0ab2 dirty=688.59MiB\n","stream":"stderr","time":"2020-03-25T07:48:05.589927877Z"}
{"log":"INFO [03-25|07:48:07.477] Chain reorg detected                     number=2406050 hash=d8a978…993da6 drop=2 dropfrom=12aa62…0d0ab2 add=2 addfrom=fa001a…255ec1\n","stream":"stderr","time":"2020-03-25T07:48:07.477565003Z"}
{"log":"INFO [03-25|07:48:07.477] Imported new chain segment               blocks=1     txs=6     mgas=2.042   elapsed=18.618ms  mgasps=109.667  number=2406052 hash=fa001a…255ec1 dirty=688.60MiB\n","stream":"stderr","time":"2020-03-25T07:48:07.47794547Z"}
{"log":"INFO [03-25|07:48:17.740] Deep froze chain segment                 blocks=4     elapsed=36.106ms  number=2316051 hash=1bffa1…4cb105\n","stream":"stderr","time":"2020-03-25T07:48:17.741217313Z"}
{"log":"INFO [03-25|07:48:21.430] Imported new chain segment               blocks=1     txs=0     mgas=0.000   elapsed=6.514ms   mgasps=0.000    number=2406053 hash=dac240…09bdb8 dirty=688.25MiB\n","stream":"stderr","time":"2020-03-25T07:48:21.431081636Z"}
{"log":"INFO [03-25|07:48:35.158] Imported new chain segment               blocks=1     txs=0     mgas=0.000   elapsed=1.051ms   mgasps=0.000    number=2406054 hash=27890c…feb01d dirty=688.22MiB\n","stream":"stderr","time":"2020-03-25T07:48:35.160449018Z"}
{"log":"INFO [03-25|07:48:50.139] Imported new chain segment               blocks=1     txs=1     mgas=0.096   elapsed=3.024ms   mgasps=31.704   number=2406055 hash=6f0c2f…45014d dirty=688.19MiB\n","stream":"stderr","time":"2020-03-25T07:48:50.139316638Z"}
{"log":"INFO [03-25|07:48:52.376] Chain reorg detected                     number=2406054 hash=27890c…feb01d drop=1 dropfrom=6f0c2f…45014d add=1 addfrom=eeed38…29b972\n","stream":"stderr","time":"2020-03-25T07:48:52.377104896Z"}
{"log":"INFO [03-25|07:48:52.378] Imported new chain segment               blocks=1     txs=0     mgas=0.000   elapsed=2.118ms   mgasps=0.000    number=2406055 hash=eeed38…29b972 dirty=688.19MiB\n","stream":"stderr","time":"2020-03-25T07:48:52.378328547Z"}
{"log":"INFO [03-25|07:49:06.810] Chain reorg detected                     number=2406054 hash=27890c…feb01d drop=1 dropfrom=eeed38…29b972 add=2 addfrom=0bfaa3…163ea3\n","stream":"stderr","time":"2020-03-25T07:49:06.810200828Z"}
{"log":"INFO [03-25|07:49:06.810] Imported new chain segment               blocks=1     txs=0     mgas=0.000   elapsed=819.085µs mgasps=0.000    number=2406056 hash=0bfaa3…163ea3 dirty=688.18MiB\n","stream":"stderr","time":"2020-03-25T07:49:06.81054497Z"}
{"log":"INFO [03-25|07:49:08.859] Imported new chain segment               blocks=1     txs=0     mgas=0.000   elapsed=392.047µs mgasps=0.000    number=2406056 hash=7f0734…6e28f2 dirty=688.18MiB\n","stream":"stderr","time":"2020-03-25T07:49:08.859303107Z"}
{"log":"INFO [03-25|07:49:17.774] Deep froze chain segment                 blocks=4     elapsed=33.464ms  number=2316055 hash=adfe36…4a5e0a\n","stream":"stderr","time":"2020-03-25T07:49:17.774976281Z"}
{"log":"INFO [03-25|07:49:20.177] Imported new chain segment               blocks=1     txs=0     mgas=0.000   elapsed=564.05µs  mgasps=0.000    number=2406057 hash=a6646f…c4e937 dirty=688.18MiB\n","stream":"stderr","time":"2020-03-25T07:49:20.177941972Z"}
{"log":"INFO [03-25|07:49:22.262] Imported new chain segment               blocks=1     txs=0     mgas=0.000   elapsed=411.736µs mgasps=0.000    number=2406057 hash=63a9c1…741a14 dirty=688.18MiB\n","stream":"stderr","time":"2020-03-25T07:49:22.262374208Z"}
{"log":"INFO [03-25|07:49:36.627] Chain reorg detected                     number=2406056 hash=0bfaa3…163ea3 drop=1 dropfrom=a6646f…c4e937 add=2 addfrom=122c07…475a9d\n","stream":"stderr","time":"2020-03-25T07:49:36.627799166Z"}
{"log":"INFO [03-25|07:49:36.627] Imported new chain segment               blocks=1     txs=1     mgas=0.524   elapsed=18.476ms  mgasps=28.367   number=2406058 hash=122c07…475a9d dirty=688.16MiB\n","stream":"stderr","time":"2020-03-25T07:49:36.628159368Z"}
{"log":"INFO [03-25|07:49:37.084] Imported new chain segment               blocks=1     txs=1     mgas=0.524   elapsed=22.073ms  mgasps=23.744   number=2406058 hash=bfe35b…c4cff1 dirty=688.16MiB\n","stream":"stderr","time":"2020-03-25T07:49:37.084437286Z"}
{"log":"INFO [03-25|07:49:37.931] Chain reorg detected                     number=2406056 hash=0bfaa3…163ea3 drop=2 dropfrom=122c07…475a9d add=2 addfrom=f471e8…338601\n","stream":"stderr","time":"2020-03-25T07:49:37.931768732Z"}
{"log":"INFO [03-25|07:49:37.931] Imported new chain segment               blocks=1     txs=0     mgas=0.000   elapsed=823.403µs mgasps=0.000    number=2406058 hash=f471e8…338601 dirty=688.16MiB\n","stream":"stderr","time":"2020-03-25T07:49:37.932131509Z"}
{"log":"INFO [03-25|07:49:51.733] Imported new chain segment               blocks=1     txs=1     mgas=0.524   elapsed=16.248ms  mgasps=32.258   number=2406059 hash=45c587…909877 dirty=688.05MiB\n","stream":"stderr","time":"2020-03-25T07:49:51.733418638Z"}
{"log":"INFO [03-25|07:50:05.782] Imported new chain segment               blocks=1     txs=1     mgas=0.433   elapsed=23.253ms  mgasps=18.631   number=2406060 hash=e38719…5d4c72 dirty=688.05MiB\n","stream":"stderr","time":"2020-03-25T07:50:05.78248853Z"}
{"log":"INFO [03-25|07:50:05.806] Imported new chain segment               blocks=1     txs=0     mgas=0.000   elapsed=213.506µs mgasps=0.000    number=2406060 hash=760a21…60a854 dirty=688.05MiB\n","stream":"stderr","time":"2020-03-25T07:50:05.806163886Z"}
{"log":"INFO [03-25|07:50:06.169] Imported new chain segment               blocks=1     txs=1     mgas=0.433   elapsed=14.953ms  mgasps=28.972   number=2406060 hash=5fa209…34b7c0 dirty=688.05MiB\n","stream":"stderr","time":"2020-03-25T07:50:06.169531951Z"}
{"log":"INFO [03-25|07:50:17.813] Deep froze chain segment                 blocks=4     elapsed=38.123ms  number=2316059 hash=2f4a95…09fcd1\n","stream":"stderr","time":"2020-03-25T07:50:17.813450344Z"}
{"log":"INFO [03-25|07:50:20.477] Imported new chain segment               blocks=1     txs=0     mgas=0.000   elapsed=500.154µs mgasps=0.000    number=2406061 hash=cee767…0e12af dirty=688.05MiB\n","stream":"stderr","time":"2020-03-25T07:50:20.478182809Z"}
{"log":"INFO [03-25|07:50:35.566] Imported new chain segment               blocks=1     txs=0     mgas=0.000   elapsed=611.654µs mgasps=0.000    number=2406062 hash=b596cf…7da4c9 dirty=688.05MiB\n","stream":"stderr","time":"2020-03-25T07:50:35.567611654Z"}
{"log":"INFO [03-25|07:50:37.204] Imported new chain segment               blocks=1     txs=4     mgas=3.204   elapsed=17.103ms  mgasps=187.322  number=2406062 hash=89b374…406357 dirty=688.33MiB\n","stream":"stderr","time":"2020-03-25T07:50:37.204882941Z"}
{"log":"INFO [03-25|07:50:50.888] Imported new chain segment               blocks=1     txs=4     mgas=3.038   elapsed=23.806ms  mgasps=127.633  number=2406063 hash=17f59a…2c5e8e dirty=688.40MiB\n","stream":"stderr","time":"2020-03-25T07:50:50.889084261Z"}
{"log":"INFO [03-25|07:50:52.683] Imported new chain segment               blocks=1     txs=4     mgas=3.204   elapsed=13.416ms  mgasps=238.811  number=2406063 hash=63539e…602d7b dirty=688.40MiB\n","stream":"stderr","time":"2020-03-25T07:50:52.683262878Z"}
{"log":"INFO [03-25|07:50:52.735] Imported new chain segment               blocks=1     txs=6     mgas=3.674   elapsed=21.719ms  mgasps=169.152  number=2406063 hash=7a4a76…6e98b5 dirty=688.40MiB\n","stream":"stderr","time":"2020-03-25T07:50:52.735543925Z"}
{"log":"INFO [03-25|07:50:56.632] Chain reorg detected                     number=2406062 hash=b596cf…7da4c9 drop=1 dropfrom=17f59a…2c5e8e add=1 addfrom=96b5f6…c2aeda\n","stream":"stderr","time":"2020-03-25T07:50:56.633141129Z"}
{"log":"INFO [03-25|07:50:56.633] Imported new chain segment               blocks=1     txs=5     mgas=3.265   elapsed=35.565ms  mgasps=91.812   number=2406063 hash=96b5f6…c2aeda dirty=688.43MiB\n","stream":"stderr","time":"2020-03-25T07:50:56.633592606Z"}
{"log":"INFO [03-25|07:51:05.552] Chain reorg detected                     number=2406062 hash=b596cf…7da4c9 drop=1 dropfrom=96b5f6…c2aeda add=2 addfrom=c53c91…81abfb\n","stream":"stderr","time":"2020-03-25T07:51:05.552555734Z"}
{"log":"INFO [03-25|07:51:05.553] Imported new chain segment               blocks=1     txs=3     mgas=1.423   elapsed=17.823ms  mgasps=79.868   number=2406064 hash=c53c91…81abfb dirty=688.43MiB\n","stream":"stderr","time":"2020-03-25T07:51:05.553455974Z"}
{"log":"INFO [03-25|07:51:06.138] Imported new chain segment               blocks=1     txs=3     mgas=1.373   elapsed=13.089ms  mgasps=104.871  number=2406064 hash=a02d74…adef4c dirty=688.44MiB\n","stream":"stderr","time":"2020-03-25T07:51:06.138754718Z"}
{"log":"INFO [03-25|07:51:06.248] Chain reorg detected                     number=2406063 hash=17f59a…2c5e8e drop=1 dropfrom=c53c91…81abfb add=1 addfrom=1dce9e…e62d5b\n","stream":"stderr","time":"2020-03-25T07:51:06.248207216Z"}
{"log":"INFO [03-25|07:51:06.248] Imported new chain segment               blocks=1     txs=3     mgas=1.373   elapsed=10.625ms  mgasps=129.193  number=2406064 hash=1dce9e…e62d5b dirty=688.44MiB\n","stream":"stderr","time":"2020-03-25T07:51:06.248558393Z"}
{"log":"INFO [03-25|07:51:17.860] Deep froze chain segment                 blocks=4     elapsed=47.198ms  number=2316063 hash=dbfef9…c50274\n","stream":"stderr","time":"2020-03-25T07:51:17.861015449Z"}
{"log":"INFO [03-25|07:51:20.070] Chain reorg detected                     number=2406063 hash=17f59a…2c5e8e drop=1 dropfrom=1dce9e…e62d5b add=2 addfrom=30feb9…293600\n","stream":"stderr","time":"2020-03-25T07:51:20.070552257Z"}
{"log":"INFO [03-25|07:51:20.070] Imported new chain segment               blocks=1     txs=1     mgas=0.056   elapsed=2.844ms   mgasps=19.592   number=2406065 hash=30feb9…293600 dirty=688.45MiB\n","stream":"stderr","time":"2020-03-25T07:51:20.071102797Z"}
{"log":"INFO [03-25|07:51:22.360] Imported new chain segment               blocks=1     txs=0     mgas=0.000   elapsed=403.865µs mgasps=0.000    number=2406065 hash=f0ad87…48415a dirty=688.45MiB\n","stream":"stderr","time":"2020-03-25T07:51:22.361174596Z"}
{"log":"INFO [03-25|07:51:37.098] Imported new chain segment               blocks=1     txs=1     mgas=0.433   elapsed=22.880ms  mgasps=18.935   number=2406066 hash=874e4d…df1511 dirty=688.44MiB\n","stream":"stderr","time":"2020-03-25T07:51:37.098952041Z"}
{"log":"INFO [03-25|07:51:37.719] Chain reorg detected                     number=2406065 hash=30feb9…293600 drop=1 dropfrom=874e4d…df1511 add=1 addfrom=90269b…65dd56\n","stream":"stderr","time":"2020-03-25T07:51:37.719295771Z"}
{"log":"INFO [03-25|07:51:37.719] Imported new chain segment               blocks=1     txs=1     mgas=0.433   elapsed=17.229ms  mgasps=25.145   number=2406066 hash=90269b…65dd56 dirty=688.44MiB\n","stream":"stderr","time":"2020-03-25T07:51:37.719606096Z"}
{"log":"INFO [03-25|07:51:50.208] Imported new chain segment               blocks=1     txs=0     mgas=0.000   elapsed=718.782µs mgasps=0.000    number=2406067 hash=ed01e8…ee4457 dirty=688.42MiB\n","stream":"stderr","time":"2020-03-25T07:51:50.208770311Z"}
{"log":"INFO [03-25|07:51:52.307] Imported new chain segment               blocks=1     txs=0     mgas=0.000   elapsed=381.675µs mgasps=0.000    number=2406067 hash=498e93…0e1743 dirty=688.42MiB\n","stream":"stderr","time":"2020-03-25T07:51:52.307543682Z"}
{"log":"INFO [03-25|07:52:05.692] Imported new chain segment               blocks=1     txs=0     mgas=0.000   elapsed=944.427µs mgasps=0.000    number=2406068 hash=6b6e35…a10c60 dirty=688.40MiB\n","stream":"stderr","time":"2020-03-25T07:52:05.692933522Z"}
{"log":"INFO [03-25|07:52:08.048] Chain reorg detected                     number=2406067 hash=ed01e8…ee4457 drop=1 dropfrom=6b6e35…a10c60 add=1 addfrom=4aa62e…0d73e7\n","stream":"stderr","time":"2020-03-25T07:52:08.048969432Z"}
{"log":"INFO [03-25|07:52:08.049] Imported new chain segment               blocks=1     txs=0     mgas=0.000   elapsed=490.324µs mgasps=0.000    number=2406068 hash=4aa62e…0d73e7 dirty=688.40MiB\n","stream":"stderr","time":"2020-03-25T07:52:08.049169591Z"}
{"log":"INFO [03-25|07:52:17.895] Deep froze chain segment                 blocks=4     elapsed=33.876ms  number=2316067 hash=6eee23…a3c036\n","stream":"stderr","time":"2020-03-25T07:52:17.895278989Z"}
{"log":"INFO [03-25|07:52:20.300] Imported new chain segment               blocks=1     txs=1     mgas=0.433   elapsed=17.157ms  mgasps=25.251   number=2406069 hash=cb7388…aaf3df dirty=688.41MiB\n","stream":"stderr","time":"2020-03-25T07:52:20.301101399Z"}
{"log":"INFO [03-25|07:52:21.064] Chain reorg detected                     number=2406067 hash=ed01e8…ee4457 drop=2 dropfrom=cb7388…aaf3df add=2 addfrom=139968…338102\n","stream":"stderr","time":"2020-03-25T07:52:21.064847173Z"}
{"log":"INFO [03-25|07:52:21.064] Imported new chain segment               blocks=1     txs=1     mgas=0.433   elapsed=13.514ms  mgasps=32.058   number=2406069 hash=139968…338102 dirty=688.42MiB\n","stream":"stderr","time":"2020-03-25T07:52:21.065034514Z"}
{"log":"INFO [03-25|07:52:35.475] Imported new chain segment               blocks=1     txs=1     mgas=0.096   elapsed=6.748ms   mgasps=14.211   number=2406070 hash=73b4cb…ad8edf dirty=688.22MiB\n","stream":"stderr","time":"2020-03-25T07:52:35.476548287Z"}
{"log":"INFO [03-25|07:52:35.870] Imported new chain segment               blocks=1     txs=0     mgas=0.000   elapsed=371.973µs mgasps=0.000    number=2406070 hash=cdaf88…ee86f3 dirty=688.22MiB\n","stream":"stderr","time":"2020-03-25T07:52:35.870555114Z"}
{"log":"INFO [03-25|07:52:50.253] Imported new chain segment               blocks=1     txs=1     mgas=0.433   elapsed=15.650ms  mgasps=27.681   number=2406071 hash=3fa281…f4c665 dirty=688.10MiB\n","stream":"stderr","time":"2020-03-25T07:52:50.254076003Z"}
{"log":"INFO [03-25|07:52:51.123] Imported new chain segment               blocks=1     txs=1     mgas=0.052   elapsed=1.866ms   mgasps=27.864   number=2406071 hash=f4a15c…7db922 dirty=688.11MiB\n","stream":"stderr","time":"2020-03-25T07:52:51.125069958Z"}
{"log":"INFO [03-25|07:52:55.609] Chain reorg detected                     number=2406070 hash=73b4cb…ad8edf drop=1 dropfrom=3fa281…f4c665 add=1 addfrom=48bd02…059698\n","stream":"stderr","time":"2020-03-25T07:52:55.610043598Z"}
{"log":"INFO [03-25|07:52:55.610] Imported new chain segment               blocks=1     txs=2     mgas=0.485   elapsed=34.467ms  mgasps=14.078   number=2406071 hash=48bd02…059698 dirty=688.12MiB\n","stream":"stderr","time":"2020-03-25T07:52:55.6104882Z"}
{"log":"INFO [03-25|07:53:05.649] Imported new chain segment               blocks=1     txs=0     mgas=0.000   elapsed=554.363µs mgasps=0.000    number=2406072 hash=adbbc4…9228fd dirty=688.11MiB\n","stream":"stderr","time":"2020-03-25T07:53:05.650145969Z"}
{"log":"INFO [03-25|07:53:05.801] Imported new chain segment               blocks=1     txs=1     mgas=0.052   elapsed=1.326ms   mgasps=39.204   number=2406072 hash=730a28…579613 dirty=688.11MiB\n","stream":"stderr","time":"2020-03-25T07:53:05.8013096Z"}
{"log":"INFO [03-25|07:53:06.942] New local node record                    seq=48 id=8252fae760b7940d ip=31.147.195.65 udp=30303 tcp=30303\n","stream":"stderr","time":"2020-03-25T07:53:06.942974052Z"}
{"log":"INFO [03-25|07:53:14.820] New local node record                    seq=49 id=8252fae760b7940d ip=31.147.195.65 udp=30303 tcp=30303\n","stream":"stderr","time":"2020-03-25T07:53:14.8207235Z"}
{"log":"INFO [03-25|07:53:17.929] Deep froze chain segment                 blocks=4     elapsed=34.696ms  number=2316071 hash=30bd1b…925bdd\n","stream":"stderr","time":"2020-03-25T07:53:17.930193004Z"}
{"log":"INFO [03-25|07:53:20.914] Imported new chain segment               blocks=1     txs=0     mgas=0.000   elapsed=904.274µs mgasps=0.000    number=2406073 hash=330f58…4f6dfb dirty=688.11MiB\n","stream":"stderr","time":"2020-03-25T07:53:20.915456127Z"}
{"log":"INFO [03-25|07:53:35.442] Imported new chain segment               blocks=1     txs=0     mgas=0.000   elapsed=508.536µs mgasps=0.000    number=2406074 hash=6fd9a1…e5c178 dirty=688.11MiB\n","stream":"stderr","time":"2020-03-25T07:53:35.442815445Z"}
{"log":"INFO [03-25|07:53:50.808] Imported new chain segment               blocks=1     txs=0     mgas=0.000   elapsed=988.513µs mgasps=0.000    number=2406075 hash=bb953f…9ef122 dirty=688.08MiB\n","stream":"stderr","time":"2020-03-25T07:53:50.808322488Z"}
{"log":"INFO [03-25|07:53:51.746] Imported new chain segment               blocks=1     txs=0     mgas=0.000   elapsed=317.171µs mgasps=0.000    number=2406075 hash=ed247d…702eee dirty=688.08MiB\n","stream":"stderr","time":"2020-03-25T07:53:51.747056056Z"}
{"log":"INFO [03-25|07:54:05.160] Chain reorg detected                     number=2406074 hash=6fd9a1…e5c178 drop=1 dropfrom=bb953f…9ef122 add=2 addfrom=137821…71186d\n","stream":"stderr","time":"2020-03-25T07:54:05.161018969Z"}
{"log":"INFO [03-25|07:54:05.161] Imported new chain segment               blocks=1     txs=0     mgas=0.000   elapsed=891.926µs mgasps=0.000    number=2406076 hash=137821…71186d dirty=688.07MiB\n","stream":"stderr","time":"2020-03-25T07:54:05.161350816Z"}
{"log":"INFO [03-25|07:54:08.341] Imported new chain segment               blocks=1     txs=0     mgas=0.000   elapsed=321.524µs mgasps=0.000    number=2406076 hash=4d6688…32a54c dirty=688.07MiB\n","stream":"stderr","time":"2020-03-25T07:54:08.341507497Z"}
{"log":"INFO [03-25|07:54:17.960] Deep froze chain segment                 blocks=4     elapsed=29.905ms  number=2316075 hash=4d2c22…3c0e1c\n","stream":"stderr","time":"2020-03-25T07:54:17.960581822Z"}
{"log":"INFO [03-25|07:54:20.052] Imported new chain segment               blocks=1     txs=0     mgas=0.000   elapsed=679.885µs mgasps=0.000    number=2406077 hash=846eea…288132 dirty=688.06MiB\n","stream":"stderr","time":"2020-03-25T07:54:20.052625307Z"}
{"log":"INFO [03-25|07:54:22.177] Imported new chain segment               blocks=1     txs=1     mgas=0.044   elapsed=2.048ms   mgasps=21.482   number=2406077 hash=f416b2…55797f dirty=688.07MiB\n","stream":"stderr","time":"2020-03-25T07:54:22.178999689Z"}
{"log":"INFO [03-25|07:54:36.048] Imported new chain segment               blocks=1     txs=2     mgas=0.542   elapsed=18.475ms  mgasps=29.357   number=2406078 hash=34aa85…c775ef dirty=688.07MiB\n","stream":"stderr","time":"2020-03-25T07:54:36.049051378Z"}
{"log":"INFO [03-25|07:54:37.939] Imported new chain segment               blocks=1     txs=1     mgas=0.044   elapsed=2.230ms   mgasps=19.727   number=2406078 hash=5db1d0…b3f8d4 dirty=688.07MiB\n","stream":"stderr","time":"2020-03-25T07:54:37.942006516Z"}
{"log":"INFO [03-25|07:54:42.468] Imported new chain segment               blocks=1     txs=3     mgas=0.586   elapsed=14.342ms  mgasps=40.884   number=2406078 hash=cdd198…8576f1 dirty=688.08MiB\n","stream":"stderr","time":"2020-03-25T07:54:42.469091095Z"}
{"log":"INFO [03-25|07:54:51.021] Imported new chain segment               blocks=1     txs=1     mgas=0.044   elapsed=1.601ms   mgasps=27.468   number=2406079 hash=ed09da…c70f2b dirty=688.06MiB\n","stream":"stderr","time":"2020-03-25T07:54:51.021999696Z"}
{"log":"INFO [03-25|07:54:51.734] Imported new chain segment               blocks=1     txs=2     mgas=0.100   elapsed=2.707ms   mgasps=36.834   number=2406078 hash=dae939…60b9af dirty=688.06MiB\n","stream":"stderr","time":"2020-03-25T07:54:51.734541521Z"}
{"log":"INFO [03-25|07:55:05.140] Imported new chain segment               blocks=1     txs=1     mgas=0.021   elapsed=2.652ms   mgasps=7.918    number=2406080 hash=d3cdca…6d713a dirty=688.04MiB\n","stream":"stderr","time":"2020-03-25T07:55:05.144947917Z"}
{"log":"INFO [03-25|07:55:17.995] Deep froze chain segment                 blocks=4     elapsed=34.377ms  number=2316079 hash=f63d48…d2fc79\n","stream":"stderr","time":"2020-03-25T07:55:17.995264954Z"}
{"log":"INFO [03-25|07:55:20.464] Imported new chain segment               blocks=1     txs=4     mgas=0.646   elapsed=18.220ms  mgasps=35.457   number=2406081 hash=001f4a…8feffb dirty=688.09MiB\n","stream":"stderr","time":"2020-03-25T07:55:20.465239205Z"}
{"log":"INFO [03-25|07:55:21.834] Imported new chain segment               blocks=1     txs=2     mgas=0.529   elapsed=18.544ms  mgasps=28.532   number=2406081 hash=f8b725…0a950f dirty=688.09MiB\n","stream":"stderr","time":"2020-03-25T07:55:21.834399562Z"}
{"log":"INFO [03-25|07:55:21.909] Chain reorg detected                     number=2406080 hash=d3cdca…6d713a drop=1 dropfrom=001f4a…8feffb add=1 addfrom=90f780…06b6b4\n","stream":"stderr","time":"2020-03-25T07:55:21.909466314Z"}
{"log":"INFO [03-25|07:55:21.909] Imported new chain segment               blocks=1     txs=3     mgas=0.625   elapsed=10.972ms  mgasps=56.963   number=2406081 hash=90f780…06b6b4 dirty=688.10MiB\n","stream":"stderr","time":"2020-03-25T07:55:21.90966022Z"}
{"log":"INFO [03-25|07:55:25.025] Chain reorg detected                     number=2406080 hash=d3cdca…6d713a drop=1 dropfrom=90f780…06b6b4 add=1 addfrom=409350…76f1a1\n","stream":"stderr","time":"2020-03-25T07:55:25.025258768Z"}
{"log":"INFO [03-25|07:55:25.025] Imported new chain segment               blocks=1     txs=4     mgas=0.646   elapsed=20.205ms  mgasps=31.974   number=2406081 hash=409350…76f1a1 dirty=688.10MiB\n","stream":"stderr","time":"2020-03-25T07:55:25.025590031Z"}
{"log":"INFO [03-25|07:55:35.648] Imported new chain segment               blocks=1     txs=0     mgas=0.000   elapsed=846.316µs mgasps=0.000    number=2406082 hash=45787f…b8f93d dirty=688.08MiB\n","stream":"stderr","time":"2020-03-25T07:55:35.649004652Z"}
{"log":"INFO [03-25|07:55:37.254] Imported new chain segment               blocks=1     txs=0     mgas=0.000   elapsed=407.981µs mgasps=0.000    number=2406082 hash=fc1535…928b15 dirty=688.08MiB\n","stream":"stderr","time":"2020-03-25T07:55:37.254439333Z"}
{"log":"INFO [03-25|07:55:38.588] Imported new chain segment               blocks=1     txs=0     mgas=0.000   elapsed=302.772µs mgasps=0.000    number=2406082 hash=a78642…caf1e2 dirty=688.08MiB\n","stream":"stderr","time":"2020-03-25T07:55:38.589210876Z"}
{"log":"INFO [03-25|07:55:50.782] Imported new chain segment               blocks=1     txs=6     mgas=2.166   elapsed=37.791ms  mgasps=57.326   number=2406083 hash=86bc0f…767da9 dirty=688.18MiB\n","stream":"stderr","time":"2020-03-25T07:55:50.783084996Z"}
{"log":"INFO [03-25|07:55:53.665] Imported new chain segment               blocks=1     txs=5     mgas=1.733   elapsed=15.815ms  mgasps=109.591  number=2406083 hash=40da81…ae403d dirty=688.19MiB\n","stream":"stderr","time":"2020-03-25T07:55:53.665505956Z"}
{"log":"INFO [03-25|07:56:05.143] Chain reorg detected                     number=2406082 hash=45787f…b8f93d drop=1 dropfrom=86bc0f…767da9 add=2 addfrom=00402d…f74a52\n","stream":"stderr","time":"2020-03-25T07:56:05.143209984Z"}
{"log":"INFO [03-25|07:56:05.143] Imported new chain segment               blocks=1     txs=1     mgas=0.433   elapsed=13.227ms  mgasps=32.750   number=2406084 hash=00402d…f74a52 dirty=688.16MiB\n","stream":"stderr","time":"2020-03-25T07:56:05.143761568Z"}
{"log":"INFO [03-25|07:56:07.467] Imported new chain segment               blocks=1     txs=0     mgas=0.000   elapsed=368.085µs mgasps=0.000    number=2406084 hash=efd851…0e7e43 dirty=688.16MiB\n","stream":"stderr","time":"2020-03-25T07:56:07.467797972Z"}
{"log":"INFO [03-25|07:56:18.029] Deep froze chain segment                 blocks=4     elapsed=33.694ms  number=2316083 hash=627df9…6615df\n","stream":"stderr","time":"2020-03-25T07:56:18.02932071Z"}
{"log":"INFO [03-25|07:56:20.071] Imported new chain segment               blocks=1     txs=1     mgas=0.096   elapsed=2.321ms   mgasps=41.310   number=2406085 hash=bf0586…751531 dirty=688.18MiB\n","stream":"stderr","time":"2020-03-25T07:56:20.072004636Z"}
{"log":"INFO [03-25|07:56:35.111] Imported new chain segment               blocks=1     txs=2     mgas=0.484   elapsed=16.632ms  mgasps=29.113   number=2406086 hash=546b6d…7db513 dirty=688.16MiB\n","stream":"stderr","time":"2020-03-25T07:56:35.112155371Z"}
{"log":"INFO [03-25|07:56:50.058] Imported new chain segment               blocks=1     txs=0     mgas=0.000   elapsed=850.834µs mgasps=0.000    number=2406087 hash=bd723c…13493f dirty=688.15MiB\n","stream":"stderr","time":"2020-03-25T07:56:50.058836895Z"}
{"log":"INFO [03-25|07:57:05.100] Imported new chain segment               blocks=1     txs=0     mgas=0.000   elapsed=677.169µs mgasps=0.000    number=2406088 hash=ef04ac…2f57fc dirty=688.14MiB\n","stream":"stderr","time":"2020-03-25T07:57:05.100461439Z"}
{"log":"INFO [03-25|07:57:18.064] Deep froze chain segment                 blocks=4     elapsed=35.397ms  number=2316087 hash=bd7517…a082aa\n","stream":"stderr","time":"2020-03-25T07:57:18.065149333Z"}
{"log":"INFO [03-25|07:57:20.965] Imported new chain segment               blocks=1     txs=2     mgas=0.518   elapsed=19.167ms  mgasps=27.037   number=2406089 hash=1d6d5d…25e6a3 dirty=688.15MiB\n","stream":"stderr","time":"2020-03-25T07:57:20.96613202Z"}
{"log":"INFO [03-25|07:57:21.368] Chain reorg detected                     number=2406088 hash=ef04ac…2f57fc drop=1 dropfrom=1d6d5d…25e6a3 add=1 addfrom=76c430…68e715\n","stream":"stderr","time":"2020-03-25T07:57:21.368801263Z"}
{"log":"INFO [03-25|07:57:21.368] Imported new chain segment               blocks=1     txs=2     mgas=0.518   elapsed=16.503ms  mgasps=31.400   number=2406089 hash=76c430…68e715 dirty=688.15MiB\n","stream":"stderr","time":"2020-03-25T07:57:21.369112931Z"}
{"log":"INFO [03-25|07:57:26.240] Imported new chain segment               blocks=1     txs=2     mgas=0.518   elapsed=18.044ms  mgasps=28.719   number=2406089 hash=ce41b3…1f467c dirty=688.15MiB\n","stream":"stderr","time":"2020-03-25T07:57:26.241111621Z"}
{"log":"INFO [03-25|07:57:35.141] Imported new chain segment               blocks=1     txs=1     mgas=0.111   elapsed=5.633ms   mgasps=19.710   number=2406090 hash=e9881d…4410c7 dirty=688.07MiB\n","stream":"stderr","time":"2020-03-25T07:57:35.142128595Z"}
{"log":"INFO [03-25|07:57:50.109] Imported new chain segment               blocks=1     txs=1     mgas=0.056   elapsed=3.790ms   mgasps=14.700   number=2406091 hash=9cf99e…b538c1 dirty=688.06MiB\n","stream":"stderr","time":"2020-03-25T07:57:50.11209207Z"}
{"log":"INFO [03-25|07:57:50.235] Imported new chain segment               blocks=1     txs=1     mgas=0.056   elapsed=2.212ms   mgasps=25.188   number=2406091 hash=203f30…fd9345 dirty=688.06MiB\n","stream":"stderr","time":"2020-03-25T07:57:50.235746028Z"}
{"log":"INFO [03-25|07:58:05.837] Imported new chain segment               blocks=1     txs=0     mgas=0.000   elapsed=1.212ms   mgasps=0.000    number=2406092 hash=f8d04c…df3030 dirty=688.04MiB\n","stream":"stderr","time":"2020-03-25T07:58:05.837851535Z"}
{"log":"INFO [03-25|07:58:07.140] Imported new chain segment               blocks=1     txs=6     mgas=2.025   elapsed=17.900ms  mgasps=113.152  number=2406092 hash=68423a…c9ebc9 dirty=688.17MiB\n","stream":"stderr","time":"2020-03-25T07:58:07.140483465Z"}
{"log":"INFO [03-25|07:58:18.100] Deep froze chain segment                 blocks=4     elapsed=35.270ms  number=2316091 hash=4b5e1b…4485d2\n","stream":"stderr","time":"2020-03-25T07:58:18.100708525Z"}
{"log":"INFO [03-25|07:58:20.821] Imported new chain segment               blocks=1     txs=7     mgas=2.105   elapsed=24.015ms  mgasps=87.673   number=2406093 hash=d4adca…cf68b9 dirty=688.18MiB\n","stream":"stderr","time":"2020-03-25T07:58:20.82137316Z"}
{"log":"INFO [03-25|07:58:22.208] Chain reorg detected                     number=2406092 hash=f8d04c…df3030 drop=1 dropfrom=d4adca…cf68b9 add=1 addfrom=11e45d…d67cb4\n","stream":"stderr","time":"2020-03-25T07:58:22.208895644Z"}
{"log":"INFO [03-25|07:58:22.209] Imported new chain segment               blocks=1     txs=6     mgas=2.025   elapsed=21.347ms  mgasps=94.880   number=2406093 hash=11e45d…d67cb4 dirty=688.18MiB\n","stream":"stderr","time":"2020-03-25T07:58:22.209208611Z"}
{"log":"INFO [03-25|07:58:35.121] Chain reorg detected                     number=2406092 hash=f8d04c…df3030 drop=1 dropfrom=11e45d…d67cb4 add=2 addfrom=457341…b7865c\n","stream":"stderr","time":"2020-03-25T07:58:35.121263673Z"}
{"log":"INFO [03-25|07:58:35.121] Imported new chain segment               blocks=1     txs=0     mgas=0.000   elapsed=1.815ms   mgasps=0.000    number=2406094 hash=457341…b7865c dirty=688.15MiB\n","stream":"stderr","time":"2020-03-25T07:58:35.121932928Z"}
{"log":"INFO [03-25|07:58:50.072] Imported new chain segment               blocks=1     txs=1     mgas=0.096   elapsed=3.059ms   mgasps=31.345   number=2406095 hash=026942…e6ba1d dirty=688.14MiB\n","stream":"stderr","time":"2020-03-25T07:58:50.073066389Z"}
{"log":"INFO [03-25|07:58:50.125] Imported new chain segment               blocks=1     txs=1     mgas=0.096   elapsed=1.340ms   mgasps=71.557   number=2406095 hash=71191a…f07d2c dirty=688.14MiB\n","stream":"stderr","time":"2020-03-25T07:58:50.125815502Z"}
{"log":"INFO [03-25|07:58:53.609] Imported new chain segment               blocks=1     txs=0     mgas=0.000   elapsed=367.52µs  mgasps=0.000    number=2406095 hash=a901ee…538105 dirty=688.14MiB\n","stream":"stderr","time":"2020-03-25T07:58:53.609489306Z"}
{"log":"INFO [03-25|07:59:05.059] Imported new chain segment               blocks=1     txs=1     mgas=0.111   elapsed=4.440ms   mgasps=25.000   number=2406096 hash=0068f7…4c6ad4 dirty=688.15MiB\n","stream":"stderr","time":"2020-03-25T07:59:05.059594481Z"}
{"log":"INFO [03-25|07:59:07.747] Imported new chain segment               blocks=1     txs=0     mgas=0.000   elapsed=280.82µs  mgasps=0.000    number=2406096 hash=a21dad…ffac64 dirty=688.15MiB\n","stream":"stderr","time":"2020-03-25T07:59:07.747391833Z"}
{"log":"INFO [03-25|07:59:18.136] Deep froze chain segment                 blocks=4     elapsed=35.467ms  number=2316095 hash=ef5703…accda5\n","stream":"stderr","time":"2020-03-25T07:59:18.136554453Z"}
{"log":"INFO [03-25|07:59:20.501] Imported new chain segment               blocks=1     txs=1     mgas=0.133   elapsed=1.629ms   mgasps=81.734   number=2406097 hash=a994dd…f2b9ad dirty=688.16MiB\n","stream":"stderr","time":"2020-03-25T07:59:20.502241601Z"}
{"log":"INFO [03-25|07:59:23.308] Imported new chain segment               blocks=1     txs=0     mgas=0.000   elapsed=573.281µs mgasps=0.000    number=2406097 hash=e802ec…9628ce dirty=688.16MiB\n","stream":"stderr","time":"2020-03-25T07:59:23.308344494Z"}
{"log":"INFO [03-25|07:59:35.112] Chain reorg detected                     number=2406096 hash=0068f7…4c6ad4 drop=1 dropfrom=a994dd…f2b9ad add=2 addfrom=9297e4…ff8b2e\n","stream":"stderr","time":"2020-03-25T07:59:35.112313675Z"}
{"log":"INFO [03-25|07:59:35.112] Imported new chain segment               blocks=1     txs=2     mgas=0.620   elapsed=13.502ms  mgasps=45.899   number=2406098 hash=9297e4…ff8b2e dirty=688.15MiB\n","stream":"stderr","time":"2020-03-25T07:59:35.112506185Z"}
{"log":"INFO [03-25|07:59:36.769] Imported new chain segment               blocks=1     txs=0     mgas=0.000   elapsed=320.826µs mgasps=0.000    number=2406098 hash=945418…c0781a dirty=688.15MiB\n","stream":"stderr","time":"2020-03-25T07:59:36.770109676Z"}
{"log":"INFO [03-25|07:59:51.861] Imported new chain segment               blocks=1     txs=2     mgas=0.222   elapsed=5.477ms   mgasps=40.542   number=2406099 hash=be665f…ff6902 dirty=688.17MiB\n","stream":"stderr","time":"2020-03-25T07:59:51.861268973Z"}
{"log":"INFO [03-25|08:00:05.550] Imported new chain segment               blocks=1     txs=1     mgas=0.433   elapsed=17.910ms  mgasps=24.189   number=2406100 hash=e57d0f…da2022 dirty=688.04MiB\n","stream":"stderr","time":"2020-03-25T08:00:05.550398093Z"}
{"log":"INFO [03-25|08:00:10.987] Chain reorg detected                     number=2406099 hash=be665f…ff6902 drop=1 dropfrom=e57d0f…da2022 add=1 addfrom=b484a8…312eef\n","stream":"stderr","time":"2020-03-25T08:00:10.987810194Z"}
{"log":"INFO [03-25|08:00:10.988] Imported new chain segment               blocks=1     txs=1     mgas=0.433   elapsed=21.891ms  mgasps=19.790   number=2406100 hash=b484a8…312eef dirty=688.05MiB\n","stream":"stderr","time":"2020-03-25T08:00:10.988498194Z"}
{"log":"INFO [03-25|08:00:18.172] Deep froze chain segment                 blocks=4     elapsed=35.527ms  number=2316099 hash=155a52…184a5c\n","stream":"stderr","time":"2020-03-25T08:00:18.172644271Z"}
{"log":"INFO [03-25|08:00:20.102] Chain reorg detected                     number=2406099 hash=be665f…ff6902 drop=1 dropfrom=b484a8…312eef add=2 addfrom=d7dcc3…2f122f\n","stream":"stderr","time":"2020-03-25T08:00:20.102769112Z"}
{"log":"INFO [03-25|08:00:20.102] Imported new chain segment               blocks=1     txs=0     mgas=0.000   elapsed=1.158ms   mgasps=0.000    number=2406101 hash=d7dcc3…2f122f dirty=688.04MiB\n","stream":"stderr","time":"2020-03-25T08:00:20.103148501Z"}
{"log":"INFO [03-25|08:00:22.324] Imported new chain segment               blocks=1     txs=1     mgas=3.750   elapsed=24.375ms  mgasps=153.840  number=2406101 hash=beb6fc…05a844 dirty=688.44MiB\n","stream":"stderr","time":"2020-03-25T08:00:22.324338817Z"}
{"log":"INFO [03-25|08:00:35.483] Imported new chain segment               blocks=1     txs=1     mgas=3.750   elapsed=20.279ms  mgasps=184.907  number=2406102 hash=0a4ba3…7216c3 dirty=688.41MiB\n","stream":"stderr","time":"2020-03-25T08:00:35.483966726Z"}
{"log":"INFO [03-25|08:00:35.855] Chain reorg detected                     number=2406101 hash=d7dcc3…2f122f drop=1 dropfrom=0a4ba3…7216c3 add=1 addfrom=05c90d…2f8889\n","stream":"stderr","time":"2020-03-25T08:00:35.855534539Z"}
{"log":"INFO [03-25|08:00:35.859] Imported new chain segment               blocks=1     txs=4     mgas=3.066   elapsed=42.929ms  mgasps=71.416   number=2406102 hash=05c90d…2f8889 dirty=688.66MiB\n","stream":"stderr","time":"2020-03-25T08:00:35.859646932Z"}
{"log":"INFO [03-25|08:00:36.053] Chain reorg detected                     number=2406101 hash=d7dcc3…2f122f drop=1 dropfrom=05c90d…2f8889 add=1 addfrom=e17e72…bc4caf\n","stream":"stderr","time":"2020-03-25T08:00:36.053799277Z"}
{"log":"INFO [03-25|08:00:36.053] Imported new chain segment               blocks=1     txs=1     mgas=3.750   elapsed=13.505ms  mgasps=277.656  number=2406102 hash=e17e72…bc4caf dirty=688.66MiB\n","stream":"stderr","time":"2020-03-25T08:00:36.054114761Z"}
{"log":"INFO [03-25|08:00:50.203] Imported new chain segment               blocks=1     txs=4     mgas=3.066   elapsed=33.354ms  mgasps=91.917   number=2406103 hash=4a54eb…267797 dirty=688.66MiB\n","stream":"stderr","time":"2020-03-25T08:00:50.203908081Z"}
{"log":"INFO [03-25|08:00:51.253] Imported new chain segment               blocks=1     txs=4     mgas=3.132   elapsed=33.508ms  mgasps=93.458   number=2406103 hash=6131e0…86693d dirty=688.68MiB\n","stream":"stderr","time":"2020-03-25T08:00:51.253675933Z"}
{"log":"INFO [03-25|08:00:51.734] Imported new chain segment               blocks=1     txs=5     mgas=7.323   elapsed=28.601ms  mgasps=256.054  number=2406102 hash=3f0af5…daf062 dirty=688.76MiB\n","stream":"stderr","time":"2020-03-25T08:00:51.734314773Z"}
{"log":"INFO [03-25|08:00:52.320] Chain reorg detected                     number=2406102 hash=e17e72…bc4caf drop=1 dropfrom=4a54eb…267797 add=1 addfrom=31eed6…1b6dd8\n","stream":"stderr","time":"2020-03-25T08:00:52.320613066Z"}
{"log":"INFO [03-25|08:00:52.320] Imported new chain segment               blocks=1     txs=4     mgas=3.132   elapsed=31.559ms  mgasps=99.231   number=2406103 hash=31eed6…1b6dd8 dirty=688.76MiB\n","stream":"stderr","time":"2020-03-25T08:00:52.321327421Z"}
{"log":"INFO [03-25|08:00:52.359] Imported new chain segment               blocks=1     txs=4     mgas=3.132   elapsed=30.824ms  mgasps=101.598  number=2406103 hash=cf03c1…225114 dirty=688.76MiB\n","stream":"stderr","time":"2020-03-25T08:00:52.35941298Z"}
{"log":"INFO [03-25|08:01:05.734] Imported new chain segment               blocks=1     txs=4     mgas=1.503   elapsed=41.389ms  mgasps=36.306   number=2406104 hash=68b160…99233c dirty=688.81MiB\n","stream":"stderr","time":"2020-03-25T08:01:05.735017235Z"}
{"log":"INFO [03-25|08:01:08.190] Chain reorg detected                     number=2406102 hash=e17e72…bc4caf drop=2 dropfrom=68b160…99233c add=2 addfrom=45b6c0…e84458\n","stream":"stderr","time":"2020-03-25T08:01:08.190266321Z"}
{"log":"INFO [03-25|08:01:08.190] Imported new chain segment               blocks=1     txs=3     mgas=1.330   elapsed=16.570ms  mgasps=80.288   number=2406104 hash=45b6c0…e84458 dirty=688.82MiB\n","stream":"stderr","time":"2020-03-25T08:01:08.19094642Z"}
{"log":"INFO [03-25|08:01:08.214] Imported new chain segment               blocks=1     txs=2     mgas=1.275   elapsed=12.066ms  mgasps=105.640  number=2406104 hash=91c275…b40296 dirty=688.82MiB\n","stream":"stderr","time":"2020-03-25T08:01:08.214497476Z"}
{"log":"INFO [03-25|08:01:18.200] Deep froze chain segment                 blocks=4     elapsed=27.602ms  number=2316103 hash=c352e5…4389e2\n","stream":"stderr","time":"2020-03-25T08:01:18.200591139Z"}
{"log":"INFO [03-25|08:01:20.074] Chain reorg detected                     number=2406102 hash=e17e72…bc4caf drop=2 dropfrom=45b6c0…e84458 add=3 addfrom=940897…e058f7\n","stream":"stderr","time":"2020-03-25T08:01:20.075149865Z"}
{"log":"INFO [03-25|08:01:20.075] Imported new chain segment               blocks=1     txs=1     mgas=0.433   elapsed=17.263ms  mgasps=25.094   number=2406105 hash=940897…e058f7 dirty=688.81MiB\n","stream":"stderr","time":"2020-03-25T08:01:20.076053261Z"}
{"log":"INFO [03-25|08:01:35.066] Imported new chain segment               blocks=1     txs=0     mgas=0.000   elapsed=856.707µs mgasps=0.000    number=2406106 hash=ba7e15…deea04 dirty=688.78MiB\n","stream":"stderr","time":"2020-03-25T08:01:35.066865327Z"}
{"log":"INFO [03-25|08:01:51.274] Imported new chain segment               blocks=1     txs=0     mgas=0.000   elapsed=1.259ms   mgasps=0.000    number=2406107 hash=3066b3…e8b2e6 dirty=688.78MiB\n","stream":"stderr","time":"2020-03-25T08:01:51.276549832Z"}
{"log":"INFO [03-25|08:02:05.124] Imported new chain segment               blocks=1     txs=1     mgas=0.433   elapsed=22.100ms  mgasps=19.603   number=2406108 hash=8a73a8…1b1e74 dirty=688.77MiB\n","stream":"stderr","time":"2020-03-25T08:02:05.124827682Z"}
{"log":"INFO [03-25|08:02:10.242] Imported new chain segment               blocks=1     txs=1     mgas=0.433   elapsed=23.090ms  mgasps=18.762   number=2406108 hash=b56ceb…576e5a dirty=688.78MiB\n","stream":"stderr","time":"2020-03-25T08:02:10.243107001Z"}
{"log":"INFO [03-25|08:02:18.245] Deep froze chain segment                 blocks=4     elapsed=44.311ms  number=2316107 hash=c63809…b4def6\n","stream":"stderr","time":"2020-03-25T08:02:18.245291753Z"}
{"log":"INFO [03-25|08:02:21.059] Imported new chain segment               blocks=1     txs=0     mgas=0.000   elapsed=8.172ms   mgasps=0.000    number=2406109 hash=97d2c3…88c041 dirty=688.42MiB\n","stream":"stderr","time":"2020-03-25T08:02:21.059830467Z"}
{"log":"INFO [03-25|08:02:35.440] Imported new chain segment               blocks=1     txs=1     mgas=0.096   elapsed=6.330ms   mgasps=15.153   number=2406110 hash=b5c1eb…6d6ac2 dirty=688.18MiB\n","stream":"stderr","time":"2020-03-25T08:02:35.44057119Z"}
{"log":"INFO [03-25|08:02:50.360] Imported new chain segment               blocks=1     txs=1     mgas=0.433   elapsed=18.787ms  mgasps=23.060   number=2406111 hash=b90201…7c504c dirty=688.12MiB\n","stream":"stderr","time":"2020-03-25T08:02:50.360262948Z"}
{"log":"INFO [03-25|08:02:50.836] Chain reorg detected                     number=2406110 hash=b5c1eb…6d6ac2 drop=1 dropfrom=b90201…7c504c add=1 addfrom=4c50d0…eccbc5\n","stream":"stderr","time":"2020-03-25T08:02:50.83675891Z"}
{"log":"INFO [03-25|08:02:50.836] Imported new chain segment               blocks=1     txs=1     mgas=0.433   elapsed=18.158ms  mgasps=23.859   number=2406111 hash=4c50d0…eccbc5 dirty=688.13MiB\n","stream":"stderr","time":"2020-03-25T08:02:50.83710226Z"}
{"log":"INFO [03-25|08:03:05.651] Chain reorg detected                     number=2406110 hash=b5c1eb…6d6ac2 drop=1 dropfrom=4c50d0…eccbc5 add=2 addfrom=d8fcda…4ee9a1\n","stream":"stderr","time":"2020-03-25T08:03:05.651263893Z"}
{"log":"INFO [03-25|08:03:05.651] Imported new chain segment               blocks=1     txs=0     mgas=0.000   elapsed=1.496ms   mgasps=0.000    number=2406112 hash=d8fcda…4ee9a1 dirty=688.11MiB\n","stream":"stderr","time":"2020-03-25T08:03:05.651780467Z"}
{"log":"INFO [03-25|08:03:18.266] Deep froze chain segment                 blocks=4     elapsed=21.337ms  number=2316111 hash=243c42…ff9203\n","stream":"stderr","time":"2020-03-25T08:03:18.267075978Z"}
{"log":"INFO [03-25|08:03:21.085] Imported new chain segment               blocks=1     txs=1     mgas=0.096   elapsed=1.902ms   mgasps=50.409   number=2406113 hash=dd862e…709258 dirty=688.12MiB\n","stream":"stderr","time":"2020-03-25T08:03:21.085773196Z"}
{"log":"INFO [03-25|08:03:35.164] Imported new chain segment               blocks=1     txs=1     mgas=0.111   elapsed=6.191ms   mgasps=17.934   number=2406114 hash=5e1c36…7d85a6 dirty=688.12MiB\n","stream":"stderr","time":"2020-03-25T08:03:35.164882809Z"}
{"log":"INFO [03-25|08:03:51.067] Imported new chain segment               blocks=1     txs=0     mgas=0.000   elapsed=1.135ms   mgasps=0.000    number=2406115 hash=67feb3…85abb6 dirty=688.11MiB\n","stream":"stderr","time":"2020-03-25T08:03:51.067376006Z"}
{"log":"INFO [03-25|08:03:51.663] Chain reorg detected                     number=2406114 hash=5e1c36…7d85a6 drop=1 dropfrom=67feb3…85abb6 add=1 addfrom=3541c4…9d5a60\n","stream":"stderr","time":"2020-03-25T08:03:51.663527244Z"}
{"log":"INFO [03-25|08:03:51.663] Imported new chain segment               blocks=1     txs=0     mgas=0.000   elapsed=564.58µs  mgasps=0.000    number=2406115 hash=3541c4…9d5a60 dirty=688.11MiB\n","stream":"stderr","time":"2020-03-25T08:03:51.663743335Z"}
{"log":"INFO [03-25|08:04:06.683] Chain reorg detected                     number=2406114 hash=5e1c36…7d85a6 drop=1 dropfrom=3541c4…9d5a60 add=2 addfrom=21742a…3d3d3f\n","stream":"stderr","time":"2020-03-25T08:04:06.684192144Z"}
{"log":"INFO [03-25|08:04:06.684] Imported new chain segment               blocks=1     txs=0     mgas=0.000   elapsed=700.984µs mgasps=0.000    number=2406116 hash=21742a…3d3d3f dirty=688.11MiB\n","stream":"stderr","time":"2020-03-25T08:04:06.684523914Z"}
{"log":"INFO [03-25|08:04:08.669] Chain reorg detected                     number=2406115 hash=67feb3…85abb6 drop=1 dropfrom=21742a…3d3d3f add=1 addfrom=b4c585…671858\n","stream":"stderr","time":"2020-03-25T08:04:08.669463408Z"}
{"log":"INFO [03-25|08:04:08.669] Imported new chain segment               blocks=1     txs=0     mgas=0.000   elapsed=664.196µs mgasps=0.000    number=2406116 hash=b4c585…671858 dirty=688.11MiB\n","stream":"stderr","time":"2020-03-25T08:04:08.669619386Z"}
{"log":"INFO [03-25|08:04:18.304] Deep froze chain segment                 blocks=4     elapsed=37.109ms  number=2316115 hash=cdcac4…a8c50b\n","stream":"stderr","time":"2020-03-25T08:04:18.304534845Z"}
{"log":"INFO [03-25|08:04:20.087] Imported new chain segment               blocks=1     txs=1     mgas=0.056   elapsed=3.160ms   mgasps=17.634   number=2406117 hash=395e55…5038d5 dirty=688.10MiB\n","stream":"stderr","time":"2020-03-25T08:04:20.087473493Z"}
{"log":"INFO [03-25|08:04:21.915] Imported new chain segment               blocks=1     txs=1     mgas=0.056   elapsed=1.753ms   mgasps=31.787   number=2406117 hash=99e2ef…c02385 dirty=688.10MiB\n","stream":"stderr","time":"2020-03-25T08:04:21.915436066Z"}
{"log":"INFO [03-25|08:04:35.107] Imported new chain segment               blocks=1     txs=1     mgas=0.487   elapsed=13.793ms  mgasps=35.280   number=2406118 hash=f33126…703bb7 dirty=688.12MiB\n","stream":"stderr","time":"2020-03-25T08:04:35.107729562Z"}
{"log":"INFO [03-25|08:04:42.334] Imported new chain segment               blocks=1     txs=1     mgas=0.487   elapsed=17.008ms  mgasps=28.612   number=2406118 hash=b1c8b0…7cb6c9 dirty=688.12MiB\n","stream":"stderr","time":"2020-03-25T08:04:42.335116887Z"}
{"log":"INFO [03-25|08:04:50.278] Imported new chain segment               blocks=1     txs=0     mgas=0.000   elapsed=430.531µs mgasps=0.000    number=2406119 hash=f24e22…514821 dirty=688.12MiB\n","stream":"stderr","time":"2020-03-25T08:04:50.279179256Z"}
{"log":"INFO [03-25|08:05:05.851] Imported new chain segment               blocks=1     txs=1     mgas=0.111   elapsed=4.689ms   mgasps=23.680   number=2406120 hash=b33efd…4ffd5a dirty=688.14MiB\n","stream":"stderr","time":"2020-03-25T08:05:05.852172242Z"}
{"log":"INFO [03-25|08:05:18.334] Deep froze chain segment                 blocks=4     elapsed=30.170ms  number=2316119 hash=2d368d…d374b5\n","stream":"stderr","time":"2020-03-25T08:05:18.335115732Z"}
{"log":"INFO [03-25|08:05:22.136] Imported new chain segment               blocks=1     txs=0     mgas=0.000   elapsed=511.717µs mgasps=0.000    number=2406121 hash=59a902…e1742a dirty=688.14MiB\n","stream":"stderr","time":"2020-03-25T08:05:22.136500728Z"}
{"log":"INFO [03-25|08:05:24.878] Chain reorg detected                     number=2406120 hash=b33efd…4ffd5a drop=1 dropfrom=59a902…e1742a add=1 addfrom=79992f…8ea882\n","stream":"stderr","time":"2020-03-25T08:05:24.878822375Z"}
{"log":"INFO [03-25|08:05:24.878] Imported new chain segment               blocks=1     txs=1     mgas=0.433   elapsed=11.261ms  mgasps=38.471   number=2406121 hash=79992f…8ea882 dirty=688.16MiB\n","stream":"stderr","time":"2020-03-25T08:05:24.878912293Z"}
{"log":"INFO [03-25|08:05:35.860] Imported new chain segment               blocks=1     txs=0     mgas=0.000   elapsed=541.533µs mgasps=0.000    number=2406122 hash=e98a13…438265 dirty=688.15MiB\n","stream":"stderr","time":"2020-03-25T08:05:35.860468972Z"}
{"log":"INFO [03-25|08:05:36.128] Imported new chain segment               blocks=1     txs=1     mgas=0.433   elapsed=16.569ms  mgasps=26.147   number=2406122 hash=ae75fa…627301 dirty=688.16MiB\n","stream":"stderr","time":"2020-03-25T08:05:36.128765803Z"}
{"log":"INFO [03-25|08:05:36.766] Chain reorg detected                     number=2406121 hash=79992f…8ea882 drop=1 dropfrom=e98a13…438265 add=1 addfrom=8bf277…d9150e\n","stream":"stderr","time":"2020-03-25T08:05:36.76688329Z"}
{"log":"INFO [03-25|08:05:36.766] Imported new chain segment               blocks=1     txs=0     mgas=0.000   elapsed=466.292µs mgasps=0.000    number=2406122 hash=8bf277…d9150e dirty=688.16MiB\n","stream":"stderr","time":"2020-03-25T08:05:36.766975382Z"}
{"log":"INFO [03-25|08:05:51.586] Chain reorg detected                     number=2406121 hash=79992f…8ea882 drop=1 dropfrom=8bf277…d9150e add=2 addfrom=8a03e8…d7f296\n","stream":"stderr","time":"2020-03-25T08:05:51.586339176Z"}
{"log":"INFO [03-25|08:05:51.586] Imported new chain segment               blocks=1     txs=6     mgas=2.171   elapsed=36.235ms  mgasps=59.902   number=2406123 hash=8a03e8…d7f296 dirty=688.28MiB\n","stream":"stderr","time":"2020-03-25T08:05:51.586732622Z"}
{"log":"INFO [03-25|08:05:51.671] Imported new chain segment               blocks=1     txs=5     mgas=1.737   elapsed=12.001ms  mgasps=144.770  number=2406123 hash=65e0df…b2a2fe dirty=688.29MiB\n","stream":"stderr","time":"2020-03-25T08:05:51.671573738Z"}
{"log":"INFO [03-25|08:05:53.843] Imported new chain segment               blocks=1     txs=5     mgas=1.737   elapsed=28.388ms  mgasps=61.201   number=2406123 hash=0971c6…f993c1 dirty=688.29MiB\n","stream":"stderr","time":"2020-03-25T08:05:53.843993038Z"}
{"log":"INFO [03-25|08:06:05.145] Chain reorg detected                     number=2406122 hash=e98a13…438265 drop=1 dropfrom=8a03e8…d7f296 add=2 addfrom=1fb72e…78d538\n","stream":"stderr","time":"2020-03-25T08:06:05.145275172Z"}
{"log":"INFO [03-25|08:06:05.145] Imported new chain segment               blocks=1     txs=1     mgas=0.433   elapsed=18.782ms  mgasps=23.063   number=2406124 hash=1fb72e…78d538 dirty=688.24MiB\n","stream":"stderr","time":"2020-03-25T08:06:05.146170476Z"}
{"log":"INFO [03-25|08:06:08.074] Imported new chain segment               blocks=1     txs=0     mgas=0.000   elapsed=273.909µs mgasps=0.000    number=2406124 hash=68c475…098511 dirty=688.24MiB\n","stream":"stderr","time":"2020-03-25T08:06:08.074770944Z"}
{"log":"INFO [03-25|08:06:18.370] Deep froze chain segment                 blocks=4     elapsed=35.113ms  number=2316123 hash=706946…7405aa\n","stream":"stderr","time":"2020-03-25T08:06:18.370741482Z"}
{"log":"INFO [03-25|08:06:22.232] Imported new chain segment               blocks=1     txs=1     mgas=0.021   elapsed=2.895ms   mgasps=7.254    number=2406125 hash=f0d31b…4240d1 dirty=688.23MiB\n","stream":"stderr","time":"2020-03-25T08:06:22.233698659Z"}
{"log":"INFO [03-25|08:06:35.064] Imported new chain segment               blocks=1     txs=3     mgas=0.184   elapsed=5.231ms   mgasps=35.113   number=2406126 hash=99e4f6…a3ab40 dirty=688.25MiB\n","stream":"stderr","time":"2020-03-25T08:06:35.065101325Z"}
{"log":"INFO [03-25|08:06:37.893] Imported new chain segment               blocks=1     txs=1     mgas=0.036   elapsed=1.665ms   mgasps=21.828   number=2406126 hash=efd411…b37514 dirty=688.26MiB\n","stream":"stderr","time":"2020-03-25T08:06:37.893744128Z"}
{"log":"INFO [03-25|08:06:50.105] Imported new chain segment               blocks=1     txs=1     mgas=0.433   elapsed=17.797ms  mgasps=24.342   number=2406127 hash=6ffe41…63a05f dirty=688.27MiB\n","stream":"stderr","time":"2020-03-25T08:06:50.106164001Z"}
{"log":"INFO [03-25|08:06:52.521] Imported new chain segment               blocks=1     txs=1     mgas=0.433   elapsed=13.327ms  mgasps=32.507   number=2406127 hash=a20e63…46e22c dirty=688.27MiB\n","stream":"stderr","time":"2020-03-25T08:06:52.521806981Z"}
{"log":"INFO [03-25|08:06:55.957] Imported new chain segment               blocks=1     txs=1     mgas=0.433   elapsed=16.770ms  mgasps=25.833   number=2406127 hash=1b9291…9cd313 dirty=688.28MiB\n","stream":"stderr","time":"2020-03-25T08:06:55.957886148Z"}
{"log":"INFO [03-25|08:07:05.264] Imported new chain segment               blocks=1     txs=1     mgas=0.096   elapsed=2.849ms   mgasps=33.654   number=2406128 hash=485463…f357d0 dirty=688.28MiB\n","stream":"stderr","time":"2020-03-25T08:07:05.264229272Z"}
{"log":"INFO [03-25|08:07:05.975] Chain reorg detected                     number=2406127 hash=6ffe41…63a05f drop=1 dropfrom=485463…f357d0 add=1 addfrom=ba7115…198853\n","stream":"stderr","time":"2020-03-25T08:07:05.975902583Z"}
{"log":"INFO [03-25|08:07:05.976] Imported new chain segment               blocks=1     txs=1     mgas=0.096   elapsed=2.320ms   mgasps=41.335   number=2406128 hash=ba7115…198853 dirty=688.28MiB\n","stream":"stderr","time":"2020-03-25T08:07:05.976239503Z"}
{"log":"INFO [03-25|08:07:18.396] Deep froze chain segment                 blocks=4     elapsed=25.664ms  number=2316127 hash=d148cd…ce0d54\n","stream":"stderr","time":"2020-03-25T08:07:18.396741282Z"}
{"log":"INFO [03-25|08:07:20.968] Chain reorg detected                     number=2406127 hash=6ffe41…63a05f drop=1 dropfrom=ba7115…198853 add=2 addfrom=f8b35a…200187\n","stream":"stderr","time":"2020-03-25T08:07:20.968722719Z"}
{"log":"INFO [03-25|08:07:20.969] Imported new chain segment               blocks=1     txs=1     mgas=0.433   elapsed=21.163ms  mgasps=20.471   number=2406129 hash=f8b35a…200187 dirty=688.30MiB\n","stream":"stderr","time":"2020-03-25T08:07:20.969243603Z"}
{"log":"INFO [03-25|08:07:21.214] Chain reorg detected                     number=2406128 hash=485463…f357d0 drop=1 dropfrom=f8b35a…200187 add=1 addfrom=4a5d34…c4f24f\n","stream":"stderr","time":"2020-03-25T08:07:21.215375248Z"}
{"log":"INFO [03-25|08:07:21.214] Imported new chain segment               blocks=1     txs=0     mgas=0.000   elapsed=748.792µs mgasps=0.000    number=2406129 hash=4a5d34…c4f24f dirty=688.30MiB\n","stream":"stderr","time":"2020-03-25T08:07:21.21544956Z"}
{"log":"INFO [03-25|08:07:21.296] Imported new chain segment               blocks=1     txs=0     mgas=0.000   elapsed=359.385µs mgasps=0.000    number=2406129 hash=629a5d…926260 dirty=688.30MiB\n","stream":"stderr","time":"2020-03-25T08:07:21.296985487Z"}
{"log":"INFO [03-25|08:07:35.386] Imported new chain segment               blocks=1     txs=2     mgas=0.489   elapsed=20.237ms  mgasps=24.160   number=2406130 hash=732d7d…141030 dirty=688.20MiB\n","stream":"stderr","time":"2020-03-25T08:07:35.387040697Z"}
{"log":"INFO [03-25|08:07:36.168] Imported new chain segment               blocks=1     txs=2     mgas=0.489   elapsed=12.501ms  mgasps=39.111   number=2406130 hash=24f597…f1b246 dirty=688.20MiB\n","stream":"stderr","time":"2020-03-25T08:07:36.16864632Z"}
{"log":"INFO [03-25|08:07:38.015] Imported new chain segment               blocks=1     txs=2     mgas=0.489   elapsed=14.764ms  mgasps=33.118   number=2406130 hash=778992…42803d dirty=688.20MiB\n","stream":"stderr","time":"2020-03-25T08:07:38.01526624Z"}
{"log":"INFO [03-25|08:07:38.224] Imported new chain segment               blocks=1     txs=3     mgas=0.600   elapsed=20.258ms  mgasps=29.616   number=2406130 hash=9c3595…65a2ee dirty=688.22MiB\n","stream":"stderr","time":"2020-03-25T08:07:38.224414841Z"}
{"log":"INFO [03-25|08:07:39.077] Imported new chain segment               blocks=1     txs=2     mgas=0.489   elapsed=19.699ms  mgasps=24.820   number=2406130 hash=0520b9…b8fd1e dirty=688.23MiB\n","stream":"stderr","time":"2020-03-25T08:07:39.077678796Z"}
{"log":"INFO [03-25|08:07:50.822] Imported new chain segment               blocks=1     txs=6     mgas=0.412   elapsed=8.539ms   mgasps=48.207   number=2406131 hash=9ce01f…93ddb2 dirty=688.25MiB\n","stream":"stderr","time":"2020-03-25T08:07:50.82257592Z"}
{"log":"INFO [03-25|08:07:52.386] Imported new chain segment               blocks=1     txs=3     mgas=0.243   elapsed=5.720ms   mgasps=42.493   number=2406131 hash=702e86…bb6acc dirty=688.25MiB\n","stream":"stderr","time":"2020-03-25T08:07:52.386259485Z"}
{"log":"INFO [03-25|08:08:05.133] Imported new chain segment               blocks=1     txs=0     mgas=0.000   elapsed=1.046ms   mgasps=0.000    number=2406132 hash=6dadc6…8e22af dirty=688.23MiB\n","stream":"stderr","time":"2020-03-25T08:08:05.133697682Z"}
{"log":"INFO [03-25|08:08:06.486] Imported new chain segment               blocks=1     txs=5     mgas=1.986   elapsed=20.002ms  mgasps=99.281   number=2406132 hash=11af0b…29352b dirty=688.35MiB\n","stream":"stderr","time":"2020-03-25T08:08:06.48647378Z"}
{"log":"INFO [03-25|08:08:18.435] Deep froze chain segment                 blocks=4     elapsed=39.015ms  number=2316131 hash=1b4fd6…c79f39\n","stream":"stderr","time":"2020-03-25T08:08:18.436173392Z"}
{"log":"INFO [03-25|08:08:21.356] Imported new chain segment               blocks=1     txs=5     mgas=1.986   elapsed=24.929ms  mgasps=79.659   number=2406133 hash=53747f…c039b1 dirty=688.34MiB\n","stream":"stderr","time":"2020-03-25T08:08:21.358005056Z"}
{"log":"INFO [03-25|08:08:22.924] Chain reorg detected                     number=2406132 hash=6dadc6…8e22af drop=1 dropfrom=53747f…c039b1 add=1 addfrom=2ca8c2…a53f88\n","stream":"stderr","time":"2020-03-25T08:08:22.924463736Z"}
{"log":"INFO [03-25|08:08:22.924] Imported new chain segment               blocks=1     txs=5     mgas=1.986   elapsed=20.889ms  mgasps=95.065   number=2406133 hash=2ca8c2…a53f88 dirty=688.34MiB\n","stream":"stderr","time":"2020-03-25T08:08:22.924794058Z"}
{"log":"INFO [03-25|08:08:35.143] Imported new chain segment               blocks=1     txs=0     mgas=0.000   elapsed=1.333ms   mgasps=0.000    number=2406134 hash=b83051…97156c dirty=688.31MiB\n","stream":"stderr","time":"2020-03-25T08:08:35.143312045Z"}
{"log":"INFO [03-25|08:08:50.951] Imported new chain segment               blocks=1     txs=0     mgas=0.000   elapsed=921.99µs  mgasps=0.000    number=2406135 hash=91cd4e…e8064c dirty=688.29MiB\n","stream":"stderr","time":"2020-03-25T08:08:50.95150699Z"}
{"log":"INFO [03-25|08:09:05.081] Imported new chain segment               blocks=1     txs=0     mgas=0.000   elapsed=836.377µs mgasps=0.000    number=2406136 hash=a8bbb0…ece511 dirty=688.26MiB\n","stream":"stderr","time":"2020-03-25T08:09:05.081271905Z"}
{"log":"INFO [03-25|08:09:18.475] Deep froze chain segment                 blocks=4     elapsed=25.642ms  number=2316135 hash=1e8bb3…587b85\n","stream":"stderr","time":"2020-03-25T08:09:18.47581343Z"}
{"log":"INFO [03-25|08:09:20.060] Imported new chain segment               blocks=1     txs=0     mgas=0.000   elapsed=595.147µs mgasps=0.000    number=2406137 hash=abd27c…dd61a2 dirty=688.26MiB\n","stream":"stderr","time":"2020-03-25T08:09:20.061080301Z"}
{"log":"INFO [03-25|08:09:35.099] Imported new chain segment               blocks=1     txs=1     mgas=0.487   elapsed=17.141ms  mgasps=28.389   number=2406138 hash=e56ef6…4e2b26 dirty=688.28MiB\n","stream":"stderr","time":"2020-03-25T08:09:35.099591354Z"}
{"log":"INFO [03-25|08:09:40.894] Imported new chain segment               blocks=1     txs=2     mgas=0.583   elapsed=11.968ms  mgasps=48.675   number=2406138 hash=79be74…126a56 dirty=688.30MiB\n","stream":"stderr","time":"2020-03-25T08:09:40.894202472Z"}
{"log":"INFO [03-25|08:09:50.192] Imported new chain segment               blocks=1     txs=1     mgas=0.096   elapsed=2.085ms   mgasps=45.977   number=2406139 hash=5eab3d…3190eb dirty=688.30MiB\n","stream":"stderr","time":"2020-03-25T08:09:50.192671421Z"}
{"log":"INFO [03-25|08:09:50.615] Imported new chain segment               blocks=1     txs=1     mgas=0.096   elapsed=2.132ms   mgasps=44.978   number=2406139 hash=e2b206…012a55 dirty=688.30MiB\n","stream":"stderr","time":"2020-03-25T08:09:50.615888388Z"}
{"log":"INFO [03-25|08:10:05.339] Imported new chain segment               blocks=1     txs=1     mgas=0.096   elapsed=3.021ms   mgasps=31.742   number=2406140 hash=7dd8c5…f8550d dirty=688.28MiB\n","stream":"stderr","time":"2020-03-25T08:10:05.339335841Z"}
{"log":"INFO [03-25|08:10:18.509] Deep froze chain segment                 blocks=4     elapsed=32.787ms  number=2316139 hash=8bdd3d…5c7c77\n","stream":"stderr","time":"2020-03-25T08:10:18.509446861Z"}
{"log":"INFO [03-25|08:10:21.551] Imported new chain segment               blocks=1     txs=1     mgas=0.433   elapsed=20.156ms  mgasps=21.493   number=2406141 hash=3410a4…23d24f dirty=688.16MiB\n","stream":"stderr","time":"2020-03-25T08:10:21.55149044Z"}
{"log":"INFO [03-25|08:10:21.675] Imported new chain segment               blocks=1     txs=1     mgas=0.433   elapsed=17.475ms  mgasps=24.791   number=2406141 hash=a362c2…cb4876 dirty=688.16MiB\n","stream":"stderr","time":"2020-03-25T08:10:21.675469089Z"}
{"log":"INFO [03-25|08:10:22.646] Chain reorg detected                     number=2406140 hash=7dd8c5…f8550d drop=1 dropfrom=3410a4…23d24f add=1 addfrom=e802e4…623da8\n","stream":"stderr","time":"2020-03-25T08:10:22.646243983Z"}
{"log":"INFO [03-25|08:10:22.646] Imported new chain segment               blocks=1     txs=1     mgas=0.433   elapsed=17.180ms  mgasps=25.217   number=2406141 hash=e802e4…623da8 dirty=688.17MiB\n","stream":"stderr","time":"2020-03-25T08:10:22.646491486Z"}
{"log":"INFO [03-25|08:10:28.779] Chain reorg detected                     number=2406140 hash=7dd8c5…f8550d drop=1 dropfrom=e802e4…623da8 add=1 addfrom=4f26c5…0a9f31\n","stream":"stderr","time":"2020-03-25T08:10:28.779362026Z"}
{"log":"INFO [03-25|08:10:28.779] Imported new chain segment               blocks=1     txs=1     mgas=0.433   elapsed=15.387ms  mgasps=28.154   number=2406141 hash=4f26c5…0a9f31 dirty=688.17MiB\n","stream":"stderr","time":"2020-03-25T08:10:28.779605656Z"}
{"log":"INFO [03-25|08:10:35.270] Imported new chain segment               blocks=1     txs=1     mgas=1.181   elapsed=10.299ms  mgasps=114.681  number=2406142 hash=bf4377…2f69b1 dirty=688.30MiB\n","stream":"stderr","time":"2020-03-25T08:10:35.271214695Z"}
{"log":"INFO [03-25|08:10:36.225] Imported new chain segment               blocks=1     txs=4     mgas=3.204   elapsed=20.179ms  mgasps=158.766  number=2406142 hash=36ee7c…6cf8f3 dirty=688.48MiB\n","stream":"stderr","time":"2020-03-25T08:10:36.225545769Z"}
{"log":"INFO [03-25|08:10:36.502] Imported new chain segment               blocks=1     txs=0     mgas=0.000   elapsed=372.782µs mgasps=0.000    number=2406142 hash=32d137…e24d80 dirty=688.48MiB\n","stream":"stderr","time":"2020-03-25T08:10:36.502722842Z"}
{"log":"INFO [03-25|08:10:36.679] Imported new chain segment               blocks=1     txs=4     mgas=3.204   elapsed=14.168ms  mgasps=226.122  number=2406142 hash=37b126…1a4573 dirty=688.48MiB\n","stream":"stderr","time":"2020-03-25T08:10:36.679504663Z"}
{"log":"INFO [03-25|08:10:50.644] Imported new chain segment               blocks=1     txs=7     mgas=3.037   elapsed=27.798ms  mgasps=109.254  number=2406143 hash=f11b02…910219 dirty=688.52MiB\n","stream":"stderr","time":"2020-03-25T08:10:50.645063542Z"}
{"log":"INFO [03-25|08:10:53.439] Chain reorg detected                     number=2406142 hash=bf4377…2f69b1 drop=1 dropfrom=f11b02…910219 add=1 addfrom=35ace9…30b5fc\n","stream":"stderr","time":"2020-03-25T08:10:53.439991112Z"}
{"log":"INFO [03-25|08:10:53.440] Imported new chain segment               blocks=1     txs=2     mgas=0.890   elapsed=16.887ms  mgasps=52.725   number=2406143 hash=35ace9…30b5fc dirty=688.55MiB\n","stream":"stderr","time":"2020-03-25T08:10:53.440422094Z"}
{"log":"INFO [03-25|08:11:05.406] Chain reorg detected                     number=2406142 hash=bf4377…2f69b1 drop=1 dropfrom=35ace9…30b5fc add=2 addfrom=659733…4256b2\n","stream":"stderr","time":"2020-03-25T08:11:05.4063122Z"}
{"log":"INFO [03-25|08:11:05.406] Imported new chain segment               blocks=1     txs=1     mgas=0.433   elapsed=14.442ms  mgasps=29.996   number=2406144 hash=659733…4256b2 dirty=688.56MiB\n","stream":"stderr","time":"2020-03-25T08:11:05.406812586Z"}
{"log":"INFO [03-25|08:11:06.524] Imported new chain segment               blocks=1     txs=0     mgas=0.000   elapsed=291.58µs  mgasps=0.000    number=2406144 hash=2fea91…ebe81c dirty=688.56MiB\n","stream":"stderr","time":"2020-03-25T08:11:06.525066141Z"}
{"log":"INFO [03-25|08:11:18.538] Deep froze chain segment                 blocks=4     elapsed=28.963ms  number=2316143 hash=1b061e…a7b8d5\n","stream":"stderr","time":"2020-03-25T08:11:18.538645321Z"}
{"log":"INFO [03-25|08:11:21.023] Chain reorg detected                     number=2406143 hash=f11b02…910219 drop=1 dropfrom=659733…4256b2 add=2 addfrom=4c9f59…deb2bb\n","stream":"stderr","time":"2020-03-25T08:11:21.023733986Z"}
{"log":"INFO [03-25|08:11:21.023] Imported new chain segment               blocks=1     txs=1     mgas=0.433   elapsed=17.586ms  mgasps=24.634   number=2406145 hash=4c9f59…deb2bb dirty=688.54MiB\n","stream":"stderr","time":"2020-03-25T08:11:21.024092366Z"}
{"log":"INFO [03-25|08:11:21.691] Chain reorg detected                     number=2406143 hash=f11b02…910219 drop=2 dropfrom=4c9f59…deb2bb add=2 addfrom=d27e8f…2c18e9\n","stream":"stderr","time":"2020-03-25T08:11:21.691624902Z"}
{"log":"INFO [03-25|08:11:21.691] Imported new chain segment               blocks=1     txs=0     mgas=0.000   elapsed=680.641µs mgasps=0.000    number=2406145 hash=d27e8f…2c18e9 dirty=688.54MiB\n","stream":"stderr","time":"2020-03-25T08:11:21.691864263Z"}
{"log":"INFO [03-25|08:11:23.015] Chain reorg detected                     number=2406144 hash=659733…4256b2 drop=1 dropfrom=d27e8f…2c18e9 add=1 addfrom=a52b05…1d6297\n","stream":"stderr","time":"2020-03-25T08:11:23.015407063Z"}
{"log":"INFO [03-25|08:11:23.015] Imported new chain segment               blocks=1     txs=0     mgas=0.000   elapsed=825.876µs mgasps=0.000    number=2406145 hash=a52b05…1d6297 dirty=688.54MiB\n","stream":"stderr","time":"2020-03-25T08:11:23.015680037Z"}
{"log":"INFO [03-25|08:11:35.085] Imported new chain segment               blocks=1     txs=0     mgas=0.000   elapsed=695.725µs mgasps=0.000    number=2406146 hash=0e6e2c…ee3714 dirty=688.53MiB\n","stream":"stderr","time":"2020-03-25T08:11:35.086131532Z"}
{"log":"INFO [03-25|08:11:50.095] Imported new chain segment               blocks=1     txs=1     mgas=0.433   elapsed=17.247ms  mgasps=25.119   number=2406147 hash=c76553…248a21 dirty=688.55MiB\n","stream":"stderr","time":"2020-03-25T08:11:50.095818483Z"}
{"log":"INFO [03-25|08:11:50.333] Imported new chain segment               blocks=1     txs=1     mgas=0.433   elapsed=16.918ms  mgasps=25.607   number=2406147 hash=fb8176…911555 dirty=688.55MiB\n","stream":"stderr","time":"2020-03-25T08:11:50.333211805Z"}
{"log":"INFO [03-25|08:11:56.921] Imported new chain segment               blocks=1     txs=1     mgas=0.433   elapsed=16.893ms  mgasps=25.646   number=2406147 hash=2800c4…c741be dirty=688.55MiB\n","stream":"stderr","time":"2020-03-25T08:11:56.921677958Z"}
{"log":"INFO [03-25|08:12:05.590] Imported new chain segment               blocks=1     txs=0     mgas=0.000   elapsed=954.54µs  mgasps=0.000    number=2406148 hash=3176cf…0d336e dirty=688.53MiB\n","stream":"stderr","time":"2020-03-25T08:12:05.590657519Z"}
{"log":"INFO [03-25|08:12:06.525] Imported new chain segment               blocks=1     txs=1     mgas=0.111   elapsed=4.028ms   mgasps=27.563   number=2406148 hash=fe22dd…94b7d0 dirty=688.55MiB\n","stream":"stderr","time":"2020-03-25T08:12:06.526256766Z"}
{"log":"INFO [03-25|08:12:18.573] Deep froze chain segment                 blocks=4     elapsed=34.356ms  number=2316147 hash=9ff0a5…2b8403\n","stream":"stderr","time":"2020-03-25T08:12:18.573476595Z"}
{"log":"INFO [03-25|08:12:20.277] Chain reorg detected                     number=2406147 hash=c76553…248a21 drop=1 dropfrom=3176cf…0d336e add=2 addfrom=48a48d…382806\n","stream":"stderr","time":"2020-03-25T08:12:20.277628526Z"}
{"log":"INFO [03-25|08:12:20.278] Imported new chain segment               blocks=1     txs=0     mgas=0.000   elapsed=1.083ms   mgasps=0.000    number=2406149 hash=48a48d…382806 dirty=688.55MiB\n","stream":"stderr","time":"2020-03-25T08:12:20.278267038Z"}
{"log":"INFO [03-25|08:12:21.374] Imported new chain segment               blocks=1     txs=1     mgas=0.111   elapsed=5.444ms   mgasps=20.394   number=2406149 hash=c44988…439903 dirty=688.55MiB\n","stream":"stderr","time":"2020-03-25T08:12:21.376288167Z"}
{"log":"INFO [03-25|08:12:35.279] Imported new chain segment               blocks=1     txs=0     mgas=0.000   elapsed=6.623ms   mgasps=0.000    number=2406150 hash=8c113c…450594 dirty=688.28MiB\n","stream":"stderr","time":"2020-03-25T08:12:35.279527967Z"}
{"log":"INFO [03-25|08:12:51.073] Imported new chain segment               blocks=1     txs=1     mgas=0.433   elapsed=17.814ms  mgasps=24.319   number=2406151 hash=cffd5a…a9a9a2 dirty=688.25MiB\n","stream":"stderr","time":"2020-03-25T08:12:51.074088443Z"}
{"log":"INFO [03-25|08:12:51.292] Chain reorg detected                     number=2406150 hash=8c113c…450594 drop=1 dropfrom=cffd5a…a9a9a2 add=1 addfrom=41d9c3…d7a1e7\n","stream":"stderr","time":"2020-03-25T08:12:51.292954827Z"}
{"log":"INFO [03-25|08:12:51.293] Imported new chain segment               blocks=1     txs=1     mgas=0.433   elapsed=20.055ms  mgasps=21.602   number=2406151 hash=41d9c3…d7a1e7 dirty=688.25MiB\n","stream":"stderr","time":"2020-03-25T08:12:51.293291311Z"}
{"log":"INFO [03-25|08:12:55.914] Chain reorg detected                     number=2406150 hash=8c113c…450594 drop=1 dropfrom=41d9c3…d7a1e7 add=1 addfrom=8b8ad0…9f84bd\n","stream":"stderr","time":"2020-03-25T08:12:55.915151982Z"}
{"log":"INFO [03-25|08:12:55.915] Imported new chain segment               blocks=1     txs=1     mgas=0.433   elapsed=16.738ms  mgasps=25.883   number=2406151 hash=8b8ad0…9f84bd dirty=688.25MiB\n","stream":"stderr","time":"2020-03-25T08:12:55.915421692Z"}
{"log":"INFO [03-25|08:13:05.364] Imported new chain segment               blocks=1     txs=0     mgas=0.000   elapsed=1.309ms   mgasps=0.000    number=2406152 hash=2cf536…c1b2e9 dirty=688.20MiB\n","stream":"stderr","time":"2020-03-25T08:13:05.364232744Z"}
{"log":"INFO [03-25|08:13:06.449] Imported new chain segment               blocks=1     txs=0     mgas=0.000   elapsed=420.468µs mgasps=0.000    number=2406152 hash=b93d08…f8f5b9 dirty=688.20MiB\n","stream":"stderr","time":"2020-03-25T08:13:06.452447006Z"}
{"log":"INFO [03-25|08:13:07.961] Imported new chain segment               blocks=1     txs=0     mgas=0.000   elapsed=387.223µs mgasps=0.000    number=2406152 hash=cc639d…e29e61 dirty=688.20MiB\n","stream":"stderr","time":"2020-03-25T08:13:07.962111763Z"}
{"log":"INFO [03-25|08:13:18.625] Deep froze chain segment                 blocks=4     elapsed=51.035ms  number=2316151 hash=5da4c7…66b542\n","stream":"stderr","time":"2020-03-25T08:13:18.625332031Z"}
{"log":"INFO [03-25|08:13:20.996] Imported new chain segment               blocks=1     txs=0     mgas=0.000   elapsed=460.918µs mgasps=0.000    number=2406153 hash=30a912…144bcf dirty=688.20MiB\n","stream":"stderr","time":"2020-03-25T08:13:20.997144991Z"}
{"log":"INFO [03-25|08:13:23.316] Chain reorg detected                     number=2406152 hash=2cf536…c1b2e9 drop=1 dropfrom=30a912…144bcf add=1 addfrom=2eaf6a…6bff4f\n","stream":"stderr","time":"2020-03-25T08:13:23.31622771Z"}
{"log":"INFO [03-25|08:13:23.316] Imported new chain segment               blocks=1     txs=0     mgas=0.000   elapsed=602.047µs mgasps=0.000    number=2406153 hash=2eaf6a…6bff4f dirty=688.20MiB\n","stream":"stderr","time":"2020-03-25T08:13:23.316465782Z"}
{"log":"INFO [03-25|08:13:35.434] Imported new chain segment               blocks=1     txs=0     mgas=0.000   elapsed=703.974µs mgasps=0.000    number=2406154 hash=5da789…499f04 dirty=688.19MiB\n","stream":"stderr","time":"2020-03-25T08:13:35.43493698Z"}
{"log":"INFO [03-25|08:13:35.467] Imported new chain segment               blocks=1     txs=0     mgas=0.000   elapsed=286.969µs mgasps=0.000    number=2406154 hash=157950…a9f539 dirty=688.19MiB\n","stream":"stderr","time":"2020-03-25T08:13:35.467457249Z"}
{"log":"INFO [03-25|08:13:37.097] Chain reorg detected                     number=2406152 hash=2cf536…c1b2e9 drop=2 dropfrom=5da789…499f04 add=2 addfrom=5e1f79…7c2a68\n","stream":"stderr","time":"2020-03-25T08:13:37.097912573Z"}
{"log":"INFO [03-25|08:13:37.098] Imported new chain segment               blocks=1     txs=0     mgas=0.000   elapsed=681.059µs mgasps=0.000    number=2406154 hash=5e1f79…7c2a68 dirty=688.19MiB\n","stream":"stderr","time":"2020-03-25T08:13:37.098270398Z"}
{"log":"INFO [03-25|08:13:50.305] Chain reorg detected                     number=2406152 hash=2cf536…c1b2e9 drop=2 dropfrom=5e1f79…7c2a68 add=3 addfrom=4a46c4…e8e790\n","stream":"stderr","time":"2020-03-25T08:13:50.305229719Z"}
{"log":"INFO [03-25|08:13:50.305] Imported new chain segment               blocks=1     txs=0     mgas=0.000   elapsed=1.287ms   mgasps=0.000    number=2406155 hash=4a46c4…e8e790 dirty=688.16MiB\n","stream":"stderr","time":"2020-03-25T08:13:50.305519919Z"}
{"log":"INFO [03-25|08:14:05.318] Imported new chain segment               blocks=1     txs=1     mgas=0.056   elapsed=2.908ms   mgasps=19.161   number=2406156 hash=dcd2d6…22093e dirty=688.16MiB\n","stream":"stderr","time":"2020-03-25T08:14:05.31885291Z"}
{"log":"INFO [03-25|08:14:06.837] Chain reorg detected                     number=2406155 hash=4a46c4…e8e790 drop=1 dropfrom=dcd2d6…22093e add=1 addfrom=67953c…e1e9d2\n","stream":"stderr","time":"2020-03-25T08:14:06.837525219Z"}
{"log":"INFO [03-25|08:14:06.837] Imported new chain segment               blocks=1     txs=1     mgas=0.056   elapsed=2.212ms   mgasps=25.196   number=2406156 hash=67953c…e1e9d2 dirty=688.16MiB\n","stream":"stderr","time":"2020-03-25T08:14:06.837768475Z"}
{"log":"INFO [03-25|08:14:18.642] Deep froze chain segment                 blocks=4     elapsed=17.369ms  number=2316155 hash=53b294…d45297\n","stream":"stderr","time":"2020-03-25T08:14:18.642966508Z"}
{"log":"INFO [03-25|08:14:20.079] Chain reorg detected                     number=2406155 hash=4a46c4…e8e790 drop=1 dropfrom=67953c…e1e9d2 add=2 addfrom=15367b…493361\n","stream":"stderr","time":"2020-03-25T08:14:20.079684733Z"}
{"log":"INFO [03-25|08:14:20.080] Imported new chain segment               blocks=1     txs=0     mgas=0.000   elapsed=1.239ms   mgasps=0.000    number=2406157 hash=15367b…493361 dirty=688.15MiB\n","stream":"stderr","time":"2020-03-25T08:14:20.080216372Z"}
{"log":"INFO [03-25|08:14:36.779] Imported new chain segment               blocks=1     txs=0     mgas=0.000   elapsed=931.03µs  mgasps=0.000    number=2406158 hash=d497ba…04dfa7 dirty=688.12MiB\n","stream":"stderr","time":"2020-03-25T08:14:36.779520612Z"}
{"log":"INFO [03-25|08:14:37.385] Imported new chain segment               blocks=1     txs=1     mgas=0.524   elapsed=24.264ms  mgasps=21.601   number=2406158 hash=d770c4…aee4e8 dirty=688.15MiB\n","stream":"stderr","time":"2020-03-25T08:14:37.386074962Z"}
{"log":"INFO [03-25|08:14:50.366] Imported new chain segment               blocks=1     txs=1     mgas=0.524   elapsed=20.968ms  mgasps=24.996   number=2406159 hash=5b1bd0…283cf7 dirty=688.15MiB\n","stream":"stderr","time":"2020-03-25T08:14:50.367249818Z"}
{"log":"INFO [03-25|08:14:50.938] Chain reorg detected                     number=2406158 hash=d497ba…04dfa7 drop=1 dropfrom=5b1bd0…283cf7 add=1 addfrom=05160c…335c07\n","stream":"stderr","time":"2020-03-25T08:14:50.938764825Z"}
{"log":"INFO [03-25|08:14:50.938] Imported new chain segment               blocks=1     txs=1     mgas=0.524   elapsed=17.444ms  mgasps=30.046   number=2406159 hash=05160c…335c07 dirty=688.15MiB\n","stream":"stderr","time":"2020-03-25T08:14:50.938979924Z"}
{"log":"INFO [03-25|08:14:56.258] Imported new chain segment               blocks=1     txs=1     mgas=0.524   elapsed=16.794ms  mgasps=31.208   number=2406159 hash=8bbd81…c2bee5 dirty=688.15MiB\n","stream":"stderr","time":"2020-03-25T08:14:56.259236368Z"}
{"log":"INFO [03-25|08:15:06.532] Imported new chain segment               blocks=1     txs=0     mgas=0.000   elapsed=1.417ms   mgasps=0.000    number=2406160 hash=994cab…416f7a dirty=688.14MiB\n","stream":"stderr","time":"2020-03-25T08:15:06.532890945Z"}
{"log":"INFO [03-25|08:15:06.596] Imported new chain segment               blocks=1     txs=0     mgas=0.000   elapsed=425.715µs mgasps=0.000    number=2406160 hash=8b4c8d…023a78 dirty=688.14MiB\n","stream":"stderr","time":"2020-03-25T08:15:06.596317772Z"}
{"log":"INFO [03-25|08:15:07.067] Chain reorg detected                     number=2406159 hash=05160c…335c07 drop=1 dropfrom=994cab…416f7a add=1 addfrom=02788a…c92f9e\n","stream":"stderr","time":"2020-03-25T08:15:07.067879979Z"}
{"log":"INFO [03-25|08:15:07.067] Imported new chain segment               blocks=1     txs=1     mgas=3.750   elapsed=19.442ms  mgasps=192.875  number=2406160 hash=02788a…c92f9e dirty=688.52MiB\n","stream":"stderr","time":"2020-03-25T08:15:07.06806429Z"}
{"log":"INFO [03-25|08:15:18.675] Deep froze chain segment                 blocks=4     elapsed=32.274ms  number=2316159 hash=2e249e…ad9a21\n","stream":"stderr","time":"2020-03-25T08:15:18.675627298Z"}
{"log":"INFO [03-25|08:15:21.776] Imported new chain segment               blocks=1     txs=0     mgas=0.000   elapsed=703.87µs  mgasps=0.000    number=2406161 hash=a64456…366658 dirty=688.51MiB\n","stream":"stderr","time":"2020-03-25T08:15:21.776831043Z"}
{"log":"INFO [03-25|08:15:22.152] Chain reorg detected                     number=2406159 hash=05160c…335c07 drop=2 dropfrom=a64456…366658 add=2 addfrom=07caeb…79a479\n","stream":"stderr","time":"2020-03-25T08:15:22.153255654Z"}
{"log":"INFO [03-25|08:15:22.153] Imported new chain segment               blocks=1     txs=1     mgas=3.750   elapsed=25.969ms  mgasps=144.395  number=2406161 hash=07caeb…79a479 dirty=688.51MiB\n","stream":"stderr","time":"2020-03-25T08:15:22.153911179Z"}
{"log":"INFO [03-25|08:15:24.926] Chain reorg detected                     number=2406160 hash=994cab…416f7a drop=1 dropfrom=07caeb…79a479 add=1 addfrom=bdfb33…e91d03\n","stream":"stderr","time":"2020-03-25T08:15:24.926502934Z"}
{"log":"INFO [03-25|08:15:24.926] Imported new chain segment               blocks=1     txs=1     mgas=0.433   elapsed=20.532ms  mgasps=21.100   number=2406161 hash=bdfb33…e91d03 dirty=688.53MiB\n","stream":"stderr","time":"2020-03-25T08:15:24.9269067Z"}
{"log":"INFO [03-25|08:15:35.545] Imported new chain segment               blocks=1     txs=9     mgas=5.790   elapsed=51.338ms  mgasps=112.783  number=2406162 hash=f0f04e…247573 dirty=688.68MiB\n","stream":"stderr","time":"2020-03-25T08:15:35.545631458Z"}
{"log":"INFO [03-25|08:15:36.363] Imported new chain segment               blocks=1     txs=8     mgas=2.040   elapsed=26.952ms  mgasps=75.697   number=2406162 hash=95eff4…f5fa40 dirty=688.69MiB\n","stream":"stderr","time":"2020-03-25T08:15:36.363367723Z"}
{"log":"INFO [03-25|08:15:50.155] Chain reorg detected                     number=2406161 hash=bdfb33…e91d03 drop=1 dropfrom=f0f04e…247573 add=2 addfrom=820f06…f928c7\n","stream":"stderr","time":"2020-03-25T08:15:50.155250393Z"}
{"log":"INFO [03-25|08:15:50.156] Imported new chain segment               blocks=1     txs=0     mgas=0.000   elapsed=2.034ms   mgasps=0.000    number=2406163 hash=820f06…f928c7 dirty=688.69MiB\n","stream":"stderr","time":"2020-03-25T08:15:50.156306424Z"}
{"log":"INFO [03-25|08:16:05.160] Imported new chain segment               blocks=1     txs=1     mgas=0.433   elapsed=23.730ms  mgasps=18.256   number=2406164 hash=3304f2…238481 dirty=688.71MiB\n","stream":"stderr","time":"2020-03-25T08:16:05.160448718Z"}
{"log":"INFO [03-25|08:16:05.904] Imported new chain segment               blocks=1     txs=1     mgas=3.750   elapsed=16.651ms  mgasps=225.197  number=2406164 hash=bfa0d1…0f74d4 dirty=688.71MiB\n","stream":"stderr","time":"2020-03-25T08:16:05.904960321Z"}
{"log":"INFO [03-25|08:16:06.523] Imported new chain segment               blocks=1     txs=2     mgas=3.846   elapsed=15.603ms  mgasps=246.475  number=2406162 hash=74ea59…4f0c07 dirty=688.72MiB\n","stream":"stderr","time":"2020-03-25T08:16:06.524109976Z"}
{"log":"INFO [03-25|08:16:18.706] Deep froze chain segment                 blocks=4     elapsed=30.690ms  number=2316163 hash=fe45ea…1aeb33\n","stream":"stderr","time":"2020-03-25T08:16:18.706629839Z"}
{"log":"INFO [03-25|08:16:20.103] Imported new chain segment               blocks=1     txs=1     mgas=3.750   elapsed=13.931ms  mgasps=269.162  number=2406165 hash=493b22…c5c09b dirty=688.72MiB\n","stream":"stderr","time":"2020-03-25T08:16:20.103886474Z"}
{"log":"INFO [03-25|08:16:21.514] Imported new chain segment               blocks=1     txs=1     mgas=3.750   elapsed=18.449ms  mgasps=203.247  number=2406165 hash=071435…321f8c dirty=688.72MiB\n","stream":"stderr","time":"2020-03-25T08:16:21.514944962Z"}
{"log":"INFO [03-25|08:16:35.091] Imported new chain segment               blocks=1     txs=1     mgas=0.433   elapsed=18.503ms  mgasps=23.414   number=2406166 hash=0fd978…fa7f3d dirty=688.72MiB\n","stream":"stderr","time":"2020-03-25T08:16:35.091908497Z"}
{"log":"INFO [03-25|08:16:37.493] Imported new chain segment               blocks=1     txs=0     mgas=0.000   elapsed=342.22µs  mgasps=0.000    number=2406166 hash=caed37…026734 dirty=688.72MiB\n","stream":"stderr","time":"2020-03-25T08:16:37.494099915Z"}
{"log":"INFO [03-25|08:16:50.628] Imported new chain segment               blocks=1     txs=1     mgas=0.111   elapsed=4.198ms   mgasps=26.442   number=2406167 hash=127bef…987a05 dirty=688.72MiB\n","stream":"stderr","time":"2020-03-25T08:16:50.628939375Z"}
{"log":"INFO [03-25|08:16:53.885] Chain reorg detected                     number=2406166 hash=0fd978…fa7f3d drop=1 dropfrom=127bef…987a05 add=1 addfrom=cbabb2…b48c07\n","stream":"stderr","time":"2020-03-25T08:16:53.885758024Z"}
{"log":"INFO [03-25|08:16:53.885] Imported new chain segment               blocks=1     txs=1     mgas=0.111   elapsed=4.023ms   mgasps=27.594   number=2406167 hash=cbabb2…b48c07 dirty=688.73MiB\n","stream":"stderr","time":"2020-03-25T08:16:53.885854345Z"}
{"log":"INFO [03-25|08:17:05.102] Chain reorg detected                     number=2406166 hash=0fd978…fa7f3d drop=1 dropfrom=cbabb2…b48c07 add=2 addfrom=bfe0c6…aca574\n","stream":"stderr","time":"2020-03-25T08:17:05.102798383Z"}
{"log":"INFO [03-25|08:17:05.103] Imported new chain segment               blocks=1     txs=1     mgas=0.096   elapsed=1.876ms   mgasps=51.121   number=2406168 hash=bfe0c6…aca574 dirty=688.74MiB\n","stream":"stderr","time":"2020-03-25T08:17:05.103104114Z"}
{"log":"INFO [03-25|08:17:07.938] Imported new chain segment               blocks=1     txs=0     mgas=0.000   elapsed=441.494µs mgasps=0.000    number=2406168 hash=700421…89fc20 dirty=688.74MiB\n","stream":"stderr","time":"2020-03-25T08:17:07.93845812Z"}
{"log":"INFO [03-25|08:17:18.743] Deep froze chain segment                 blocks=4     elapsed=36.666ms  number=2316167 hash=aba7db…fb6919\n","stream":"stderr","time":"2020-03-25T08:17:18.7439466Z"}
{"log":"INFO [03-25|08:17:20.979] Imported new chain segment               blocks=1     txs=1     mgas=0.056   elapsed=7.949ms   mgasps=7.011    number=2406169 hash=2e99d7…235fd7 dirty=688.40MiB\n","stream":"stderr","time":"2020-03-25T08:17:20.979255227Z"}
{"log":"INFO [03-25|08:17:21.547] Chain reorg detected                     number=2406168 hash=bfe0c6…aca574 drop=1 dropfrom=2e99d7…235fd7 add=1 addfrom=da635f…044798\n","stream":"stderr","time":"2020-03-25T08:17:21.547875204Z"}
{"log":"INFO [03-25|08:17:21.548] Imported new chain segment               blocks=1     txs=0     mgas=0.000   elapsed=2.112ms   mgasps=0.000    number=2406169 hash=da635f…044798 dirty=688.40MiB\n","stream":"stderr","time":"2020-03-25T08:17:21.549189031Z"}
{"log":"INFO [03-25|08:17:35.197] Chain reorg detected                     number=2406168 hash=bfe0c6…aca574 drop=1 dropfrom=da635f…044798 add=2 addfrom=c6dd78…69b6bb\n","stream":"stderr","time":"2020-03-25T08:17:35.197979874Z"}
{"log":"INFO [03-25|08:17:35.198] Imported new chain segment               blocks=1     txs=2     mgas=0.544   elapsed=21.613ms  mgasps=25.182   number=2406170 hash=c6dd78…69b6bb dirty=688.34MiB\n","stream":"stderr","time":"2020-03-25T08:17:35.19831456Z"}
{"log":"INFO [03-25|08:17:35.806] Chain reorg detected                     number=2406168 hash=bfe0c6…aca574 drop=2 dropfrom=c6dd78…69b6bb add=2 addfrom=ae4408…00a650\n","stream":"stderr","time":"2020-03-25T08:17:35.806534534Z"}
{"log":"INFO [03-25|08:17:35.806] Imported new chain segment               blocks=1     txs=2     mgas=0.489   elapsed=28.832ms  mgasps=16.959   number=2406170 hash=ae4408…00a650 dirty=688.35MiB\n","stream":"stderr","time":"2020-03-25T08:17:35.806992922Z"}
{"log":"INFO [03-25|08:17:48.782] New local node record                    seq=50 id=8252fae760b7940d ip=31.147.195.65 udp=1024  tcp=30303\n","stream":"stderr","time":"2020-03-25T08:17:48.78317881Z"}
{"log":"INFO [03-25|08:17:51.339] Imported new chain segment               blocks=1     txs=4     mgas=0.219   elapsed=8.956ms   mgasps=24.489   number=2406171 hash=7b0ede…7c6f93 dirty=688.32MiB\n","stream":"stderr","time":"2020-03-25T08:17:51.33996796Z"}
{"log":"INFO [03-25|08:17:52.513] Chain reorg detected                     number=2406170 hash=ae4408…00a650 drop=1 dropfrom=7b0ede…7c6f93 add=1 addfrom=b06081…ff0125\n","stream":"stderr","time":"2020-03-25T08:17:52.513977741Z"}
{"log":"INFO [03-25|08:17:52.514] Imported new chain segment               blocks=1     txs=1     mgas=0.111   elapsed=3.362ms   mgasps=33.015   number=2406171 hash=b06081…ff0125 dirty=688.33MiB\n","stream":"stderr","time":"2020-03-25T08:17:52.514220293Z"}
{"log":"INFO [03-25|08:18:05.547] Chain reorg detected                     number=2406170 hash=ae4408…00a650 drop=1 dropfrom=b06081…ff0125 add=2 addfrom=69ebc5…24c6df\n","stream":"stderr","time":"2020-03-25T08:18:05.547934402Z"}
{"log":"INFO [03-25|08:18:05.548] Imported new chain segment               blocks=1     txs=0     mgas=0.000   elapsed=1.027ms   mgasps=0.000    number=2406172 hash=69ebc5…24c6df dirty=688.33MiB\n","stream":"stderr","time":"2020-03-25T08:18:05.548484531Z"}
{"log":"INFO [03-25|08:18:05.961] Imported new chain segment               blocks=1     txs=6     mgas=2.022   elapsed=23.268ms  mgasps=86.916   number=2406172 hash=1bd719…8ad138 dirty=688.45MiB\n","stream":"stderr","time":"2020-03-25T08:18:05.961677769Z"}
{"log":"INFO [03-25|08:18:18.774] Deep froze chain segment                 blocks=4     elapsed=29.741ms  number=2316171 hash=281c2b…cb9b72\n","stream":"stderr","time":"2020-03-25T08:18:18.774305778Z"}
{"log":"INFO [03-25|08:18:20.275] Imported new chain segment               blocks=1     txs=7     mgas=2.118   elapsed=23.072ms  mgasps=91.809   number=2406173 hash=453fa6…a7f975 dirty=688.43MiB\n","stream":"stderr","time":"2020-03-25T08:18:20.275968679Z"}
{"log":"INFO [03-25|08:18:20.441] Imported new chain segment               blocks=1     txs=7     mgas=2.118   elapsed=29.323ms  mgasps=72.241   number=2406173 hash=44cf2b…c1d8cc dirty=688.44MiB\n","stream":"stderr","time":"2020-03-25T08:18:20.441600427Z"}
{"log":"INFO [03-25|08:18:20.712] Chain reorg detected                     number=2406172 hash=69ebc5…24c6df drop=1 dropfrom=453fa6…a7f975 add=1 addfrom=c49962…cc2d42\n","stream":"stderr","time":"2020-03-25T08:18:20.713058237Z"}
{"log":"INFO [03-25|08:18:20.713] Imported new chain segment               blocks=1     txs=6     mgas=2.022   elapsed=23.228ms  mgasps=87.066   number=2406173 hash=c49962…cc2d42 dirty=688.44MiB\n","stream":"stderr","time":"2020-03-25T08:18:20.713666369Z"}
{"log":"INFO [03-25|08:18:36.547] Imported new chain segment               blocks=1     txs=1     mgas=0.096   elapsed=3.396ms   mgasps=28.237   number=2406174 hash=033b0d…5b5ab9 dirty=688.44MiB\n","stream":"stderr","time":"2020-03-25T08:18:36.547922672Z"}
{"log":"INFO [03-25|08:18:50.169] Imported new chain segment               blocks=1     txs=3     mgas=0.525   elapsed=13.941ms  mgasps=37.682   number=2406175 hash=e688a6…a29e3c dirty=688.48MiB\n","stream":"stderr","time":"2020-03-25T08:18:50.169574412Z"}
{"log":"INFO [03-25|08:18:51.770] Imported new chain segment               blocks=1     txs=0     mgas=0.000   elapsed=348.972µs mgasps=0.000    number=2406175 hash=e4ad62…6359ea dirty=688.48MiB\n","stream":"stderr","time":"2020-03-25T08:18:51.770732463Z"}
{"log":"INFO [03-25|08:19:05.764] Imported new chain segment               blocks=1     txs=0     mgas=0.000   elapsed=487.822µs mgasps=0.000    number=2406176 hash=91eeb6…8115ca dirty=688.48MiB\n","stream":"stderr","time":"2020-03-25T08:19:05.764344619Z"}
{"log":"INFO [03-25|08:19:08.191] Chain reorg detected                     number=2406175 hash=e688a6…a29e3c drop=1 dropfrom=91eeb6…8115ca add=1 addfrom=b777d3…3c59d8\n","stream":"stderr","time":"2020-03-25T08:19:08.191890911Z"}
{"log":"INFO [03-25|08:19:08.191] Imported new chain segment               blocks=1     txs=0     mgas=0.000   elapsed=578.694µs mgasps=0.000    number=2406176 hash=b777d3…3c59d8 dirty=688.48MiB\n","stream":"stderr","time":"2020-03-25T08:19:08.192122323Z"}
{"log":"INFO [03-25|08:19:18.804] Deep froze chain segment                 blocks=4     elapsed=29.802ms  number=2316175 hash=76bc6a…bbf1cc\n","stream":"stderr","time":"2020-03-25T08:19:18.8044097Z"}
{"log":"INFO [03-25|08:19:20.079] Chain reorg detected                     number=2406175 hash=e688a6…a29e3c drop=1 dropfrom=b777d3…3c59d8 add=2 addfrom=51411e…020a81\n","stream":"stderr","time":"2020-03-25T08:19:20.079709026Z"}
{"log":"INFO [03-25|08:19:20.079] Imported new chain segment               blocks=1     txs=0     mgas=0.000   elapsed=1.126ms   mgasps=0.000    number=2406177 hash=51411e…020a81 dirty=688.46MiB\n","stream":"stderr","time":"2020-03-25T08:19:20.080017479Z"}
{"log":"INFO [03-25|08:19:22.065] Imported new chain segment               blocks=1     txs=0     mgas=0.000   elapsed=331.106µs mgasps=0.000    number=2406177 hash=96e62c…4b4861 dirty=688.46MiB\n","stream":"stderr","time":"2020-03-25T08:19:22.065913236Z"}
{"log":"INFO [03-25|08:19:35.846] Imported new chain segment               blocks=1     txs=0     mgas=0.000   elapsed=1.157ms   mgasps=0.000    number=2406178 hash=e207bf…1f3840 dirty=688.43MiB\n","stream":"stderr","time":"2020-03-25T08:19:35.846452522Z"}
{"log":"INFO [03-25|08:19:37.622] Chain reorg detected                     number=2406177 hash=51411e…020a81 drop=1 dropfrom=e207bf…1f3840 add=1 addfrom=9254f4…d4ae42\n","stream":"stderr","time":"2020-03-25T08:19:37.622497858Z"}
{"log":"INFO [03-25|08:19:37.622] Imported new chain segment               blocks=1     txs=0     mgas=0.000   elapsed=695.207µs mgasps=0.000    number=2406178 hash=9254f4…d4ae42 dirty=688.43MiB\n","stream":"stderr","time":"2020-03-25T08:19:37.622713077Z"}
{"log":"INFO [03-25|08:19:50.922] Chain reorg detected                     number=2406177 hash=51411e…020a81 drop=1 dropfrom=9254f4…d4ae42 add=2 addfrom=60fe58…9a90eb\n","stream":"stderr","time":"2020-03-25T08:19:50.922541157Z"}
{"log":"INFO [03-25|08:19:50.922] Imported new chain segment               blocks=1     txs=0     mgas=0.000   elapsed=3.120ms   mgasps=0.000    number=2406179 hash=60fe58…9a90eb dirty=688.30MiB\n","stream":"stderr","time":"2020-03-25T08:19:50.923069081Z"}
{"log":"INFO [03-25|08:19:50.962] Imported new chain segment               blocks=1     txs=1     mgas=0.487   elapsed=14.472ms  mgasps=33.624   number=2406179 hash=a71753…25bd52 dirty=688.33MiB\n","stream":"stderr","time":"2020-03-25T08:19:50.962939793Z"}
{"log":"INFO [03-25|08:19:52.268] Imported new chain segment               blocks=1     txs=1     mgas=0.487   elapsed=17.032ms  mgasps=28.570   number=2406179 hash=0620ef…83fb85 dirty=688.33MiB\n","stream":"stderr","time":"2020-03-25T08:19:52.268310585Z"}
{"log":"INFO [03-25|08:20:05.794] Imported new chain segment               blocks=1     txs=1     mgas=0.487   elapsed=13.677ms  mgasps=35.577   number=2406180 hash=2d6b91…499fac dirty=688.32MiB\n","stream":"stderr","time":"2020-03-25T08:20:05.79505198Z"}
{"log":"INFO [03-25|08:20:06.266] Imported new chain segment               blocks=1     txs=1     mgas=0.487   elapsed=13.751ms  mgasps=35.386   number=2406180 hash=9063d8…eeafae dirty=688.32MiB\n","stream":"stderr","time":"2020-03-25T08:20:06.267059537Z"}
{"log":"INFO [03-25|08:20:18.826] Deep froze chain segment                 blocks=4     elapsed=22.227ms  number=2316179 hash=fd6c67…8439dd\n","stream":"stderr","time":"2020-03-25T08:20:18.827213969Z"}
{"log":"INFO [03-25|08:20:20.796] Imported new chain segment               blocks=1     txs=0     mgas=0.000   elapsed=644.11µs  mgasps=0.000    number=2406181 hash=07a79e…b1d9eb dirty=688.32MiB\n","stream":"stderr","time":"2020-03-25T08:20:20.79811986Z"}
{"log":"INFO [03-25|08:20:36.018] Imported new chain segment               blocks=1     txs=4     mgas=3.533   elapsed=24.656ms  mgasps=143.281  number=2406182 hash=014a3f…7f77c1 dirty=688.61MiB\n","stream":"stderr","time":"2020-03-25T08:20:36.018798192Z"}
{"log":"INFO [03-25|08:20:37.300] Imported new chain segment               blocks=1     txs=4     mgas=3.538   elapsed=18.945ms  mgasps=186.725  number=2406182 hash=b520b6…72619c dirty=688.63MiB\n","stream":"stderr","time":"2020-03-25T08:20:37.301185206Z"}
{"log":"INFO [03-25|08:20:50.560] Imported new chain segment               blocks=1     txs=3     mgas=0.986   elapsed=19.345ms  mgasps=50.944   number=2406183 hash=ea1e96…f96e8a dirty=688.66MiB\n","stream":"stderr","time":"2020-03-25T08:20:50.560355684Z"}
{"log":"INFO [03-25|08:20:52.764] Chain reorg detected                     number=2406182 hash=014a3f…7f77c1 drop=1 dropfrom=ea1e96…f96e8a add=1 addfrom=ab6a74…182cd8\n","stream":"stderr","time":"2020-03-25T08:20:52.764717041Z"}
{"log":"INFO [03-25|08:20:52.765] Imported new chain segment               blocks=1     txs=2     mgas=0.552   elapsed=9.647ms   mgasps=57.248   number=2406183 hash=ab6a74…182cd8 dirty=688.66MiB\n","stream":"stderr","time":"2020-03-25T08:20:52.765198553Z"}
{"log":"INFO [03-25|08:20:57.415] Chain reorg detected                     number=2406182 hash=014a3f…7f77c1 drop=1 dropfrom=ab6a74…182cd8 add=1 addfrom=d5ccf3…68210f\n","stream":"stderr","time":"2020-03-25T08:20:57.415327554Z"}
{"log":"INFO [03-25|08:20:57.415] Imported new chain segment               blocks=1     txs=3     mgas=0.986   elapsed=31.503ms  mgasps=31.283   number=2406183 hash=d5ccf3…68210f dirty=688.67MiB\n","stream":"stderr","time":"2020-03-25T08:20:57.41554867Z"}
{"log":"INFO [03-25|08:21:05.154] Imported new chain segment               blocks=1     txs=1     mgas=0.096   elapsed=2.500ms   mgasps=38.348   number=2406184 hash=3c8b1c…6ca4be dirty=688.69MiB\n","stream":"stderr","time":"2020-03-25T08:21:05.1547974Z"}
{"log":"INFO [03-25|08:21:07.344] Imported new chain segment               blocks=1     txs=2     mgas=0.207   elapsed=4.676ms   mgasps=44.253   number=2406184 hash=86915e…14d3d9 dirty=688.71MiB\n","stream":"stderr","time":"2020-03-25T08:21:07.345076118Z"}
{"log":"INFO [03-25|08:21:18.869] Deep froze chain segment                 blocks=4     elapsed=42.638ms  number=2316183 hash=f602b9…cb558b\n","stream":"stderr","time":"2020-03-25T08:21:18.870193804Z"}
{"log":"INFO [03-25|08:21:20.083] Imported new chain segment               blocks=1     txs=1     mgas=0.111   elapsed=3.874ms   mgasps=28.656   number=2406185 hash=b26ad9…487ab9 dirty=688.71MiB\n","stream":"stderr","time":"2020-03-25T08:21:20.084008645Z"}
{"log":"INFO [03-25|08:21:22.212] Imported new chain segment               blocks=1     txs=1     mgas=0.111   elapsed=3.726ms   mgasps=29.791   number=2406185 hash=7babd0…759720 dirty=688.71MiB\n","stream":"stderr","time":"2020-03-25T08:21:22.212224997Z"}
{"log":"INFO [03-25|08:21:35.092] Imported new chain segment               blocks=1     txs=2     mgas=0.455   elapsed=18.728ms  mgasps=24.296   number=2406186 hash=ef9ca1…56ea84 dirty=688.70MiB\n","stream":"stderr","time":"2020-03-25T08:21:35.093130433Z"}
{"log":"INFO [03-25|08:21:36.962] Imported new chain segment               blocks=1     txs=2     mgas=0.455   elapsed=13.033ms  mgasps=34.912   number=2406186 hash=a1abb8…621fd7 dirty=688.70MiB\n","stream":"stderr","time":"2020-03-25T08:21:36.962549617Z"}
{"log":"INFO [03-25|08:21:50.103] Imported new chain segment               blocks=1     txs=0     mgas=0.000   elapsed=476.497µs mgasps=0.000    number=2406187 hash=edd686…5851f0 dirty=688.70MiB\n","stream":"stderr","time":"2020-03-25T08:21:50.103680529Z"}
{"log":"INFO [03-25|08:21:52.279] Imported new chain segment               blocks=1     txs=0     mgas=0.000   elapsed=347.163µs mgasps=0.000    number=2406187 hash=90bf6f…495926 dirty=688.70MiB\n","stream":"stderr","time":"2020-03-25T08:21:52.279445964Z"}
{"log":"INFO [03-25|08:22:05.106] Imported new chain segment               blocks=1     txs=1     mgas=0.433   elapsed=17.513ms  mgasps=24.737   number=2406188 hash=79ffd2…8f8868 dirty=688.70MiB\n","stream":"stderr","time":"2020-03-25T08:22:05.10658617Z"}
{"log":"INFO [03-25|08:22:06.162] Imported new chain segment               blocks=1     txs=1     mgas=0.037   elapsed=1.626ms   mgasps=22.599   number=2406188 hash=6603fb…8bb50b dirty=688.71MiB\n","stream":"stderr","time":"2020-03-25T08:22:06.163160665Z"}
{"log":"INFO [03-25|08:22:18.901] Deep froze chain segment                 blocks=4     elapsed=30.294ms  number=2316187 hash=3c6ef7…b9070f\n","stream":"stderr","time":"2020-03-25T08:22:18.901355482Z"}
{"log":"INFO [03-25|08:22:20.909] Imported new chain segment               blocks=1     txs=1     mgas=0.037   elapsed=1.679ms   mgasps=21.884   number=2406189 hash=12a9f4…b33f2b dirty=688.71MiB\n","stream":"stderr","time":"2020-03-25T08:22:20.909543961Z"}
{"log":"INFO [03-25|08:22:35.115] Imported new chain segment               blocks=1     txs=0     mgas=0.000   elapsed=3.847ms   mgasps=0.000    number=2406190 hash=dd7d26…62fa07 dirty=688.52MiB\n","stream":"stderr","time":"2020-03-25T08:22:35.116056816Z"}
{"log":"INFO [03-25|08:22:50.409] Imported new chain segment               blocks=1     txs=1     mgas=0.433   elapsed=21.352ms  mgasps=20.289   number=2406191 hash=f7893e…2bc9e8 dirty=688.38MiB\n","stream":"stderr","time":"2020-03-25T08:22:50.409532617Z"}
{"log":"INFO [03-25|08:22:52.769] Chain reorg detected                     number=2406190 hash=dd7d26…62fa07 drop=1 dropfrom=f7893e…2bc9e8 add=1 addfrom=6221ec…9d25f7\n","stream":"stderr","time":"2020-03-25T08:22:52.769259164Z"}
{"log":"INFO [03-25|08:22:52.769] Imported new chain segment               blocks=1     txs=1     mgas=0.433   elapsed=17.156ms  mgasps=25.250   number=2406191 hash=6221ec…9d25f7 dirty=688.38MiB\n","stream":"stderr","time":"2020-03-25T08:22:52.769493833Z"}
{"log":"INFO [03-25|08:22:55.031] Chain reorg detected                     number=2406190 hash=dd7d26…62fa07 drop=1 dropfrom=6221ec…9d25f7 add=1 addfrom=f78923…b82820\n","stream":"stderr","time":"2020-03-25T08:22:55.031551226Z"}
{"log":"INFO [03-25|08:22:55.031] Imported new chain segment               blocks=1     txs=1     mgas=0.433   elapsed=13.737ms  mgasps=31.535   number=2406191 hash=f78923…b82820 dirty=688.38MiB\n","stream":"stderr","time":"2020-03-25T08:22:55.031840293Z"}
{"log":"INFO [03-25|08:23:05.590] Imported new chain segment               blocks=1     txs=2     mgas=0.222   elapsed=7.030ms   mgasps=31.584   number=2406192 hash=88d2d1…1a0f33 dirty=688.40MiB\n","stream":"stderr","time":"2020-03-25T08:23:05.590451207Z"}
{"log":"INFO [03-25|08:23:06.442] Imported new chain segment               blocks=1     txs=2     mgas=0.222   elapsed=5.536ms   mgasps=40.111   number=2406192 hash=894a9d…235fad dirty=688.41MiB\n","stream":"stderr","time":"2020-03-25T08:23:06.442597166Z"}
{"log":"INFO [03-25|08:23:08.040] Imported new chain segment               blocks=1     txs=2     mgas=0.222   elapsed=5.702ms   mgasps=38.944   number=2406192 hash=a59839…a1ab7c dirty=688.41MiB\n","stream":"stderr","time":"2020-03-25T08:23:08.040235172Z"}
{"log":"INFO [03-25|08:23:18.934] Deep froze chain segment                 blocks=4     elapsed=33.470ms  number=2316191 hash=7bb9f1…c1497b\n","stream":"stderr","time":"2020-03-25T08:23:18.935078774Z"}
{"log":"INFO [03-25|08:23:20.959] Chain reorg detected                     number=2406191 hash=f78923…b82820 drop=1 dropfrom=88d2d1…1a0f33 add=2 addfrom=9fa8df…7ddc44\n","stream":"stderr","time":"2020-03-25T08:23:20.959443891Z"}
{"log":"INFO [03-25|08:23:20.959] Imported new chain segment               blocks=1     txs=1     mgas=0.111   elapsed=5.157ms   mgasps=21.525   number=2406193 hash=9fa8df…7ddc44 dirty=688.39MiB\n","stream":"stderr","time":"2020-03-25T08:23:20.959977085Z"}
{"log":"INFO [03-25|08:23:21.270] Imported new chain segment               blocks=1     txs=1     mgas=0.111   elapsed=4.735ms   mgasps=23.443   number=2406193 hash=a0af18…7201ee dirty=688.40MiB\n","stream":"stderr","time":"2020-03-25T08:23:21.270687482Z"}
{"log":"INFO [03-25|08:23:36.508] Imported new chain segment               blocks=1     txs=0     mgas=0.000   elapsed=689.788µs mgasps=0.000    number=2406194 hash=9d6381…197de2 dirty=688.39MiB\n","stream":"stderr","time":"2020-03-25T08:23:36.509056201Z"}
{"log":"INFO [03-25|08:23:50.350] Imported new chain segment               blocks=1     txs=0     mgas=0.000   elapsed=594.122µs mgasps=0.000    number=2406195 hash=c7fdd7…a64007 dirty=688.39MiB\n","stream":"stderr","time":"2020-03-25T08:23:50.351021447Z"}
{"log":"INFO [03-25|08:23:53.440] Chain reorg detected                     number=2406194 hash=9d6381…197de2 drop=1 dropfrom=c7fdd7…a64007 add=1 addfrom=30f1c9…e7e1e5\n","stream":"stderr","time":"2020-03-25T08:23:53.440774199Z"}
{"log":"INFO [03-25|08:23:53.440] Imported new chain segment               blocks=1     txs=0     mgas=0.000   elapsed=520.641µs mgasps=0.000    number=2406195 hash=30f1c9…e7e1e5 dirty=688.39MiB\n","stream":"stderr","time":"2020-03-25T08:23:53.440973534Z"}
{"log":"INFO [03-25|08:24:05.247] Chain reorg detected                     number=2406194 hash=9d6381…197de2 drop=1 dropfrom=30f1c9…e7e1e5 add=2 addfrom=cb3dfa…54b7d7\n","stream":"stderr","time":"2020-03-25T08:24:05.247419953Z"}
{"log":"INFO [03-25|08:24:05.247] Imported new chain segment               blocks=1     txs=2     mgas=0.152   elapsed=3.784ms   mgasps=40.076   number=2406196 hash=cb3dfa…54b7d7 dirty=688.40MiB\n","stream":"stderr","time":"2020-03-25T08:24:05.247676033Z"}
{"log":"INFO [03-25|08:24:08.263] Chain reorg detected                     number=2406195 hash=c7fdd7…a64007 drop=1 dropfrom=cb3dfa…54b7d7 add=1 addfrom=35947b…9802e0\n","stream":"stderr","time":"2020-03-25T08:24:08.264121625Z"}
{"log":"INFO [03-25|08:24:08.264] Imported new chain segment               blocks=1     txs=0     mgas=0.000   elapsed=757.005µs mgasps=0.000    number=2406196 hash=35947b…9802e0 dirty=688.40MiB\n","stream":"stderr","time":"2020-03-25T08:24:08.264376977Z"}
{"log":"INFO [03-25|08:24:08.307] Chain reorg detected                     number=2406195 hash=c7fdd7…a64007 drop=1 dropfrom=35947b…9802e0 add=1 addfrom=86be8c…ff7dd9\n","stream":"stderr","time":"2020-03-25T08:24:08.307966154Z"}
{"log":"INFO [03-25|08:24:08.308] Imported new chain segment               blocks=1     txs=1     mgas=0.056   elapsed=1.410ms   mgasps=39.511   number=2406196 hash=86be8c…ff7dd9 dirty=688.40MiB\n","stream":"stderr","time":"2020-03-25T08:24:08.308155309Z"}
{"log":"INFO [03-25|08:24:18.967] Deep froze chain segment                 blocks=4     elapsed=32.341ms  number=2316195 hash=d31e88…4273f0\n","stream":"stderr","time":"2020-03-25T08:24:18.967718698Z"}
{"log":"INFO [03-25|08:24:20.180] Chain reorg detected                     number=2406195 hash=c7fdd7…a64007 drop=1 dropfrom=86be8c…ff7dd9 add=2 addfrom=5d563b…7304e5\n","stream":"stderr","time":"2020-03-25T08:24:20.181050637Z"}
{"log":"INFO [03-25|08:24:20.181] Imported new chain segment               blocks=1     txs=3     mgas=0.207   elapsed=6.516ms   mgasps=31.825   number=2406197 hash=5d563b…7304e5 dirty=688.41MiB\n","stream":"stderr","time":"2020-03-25T08:24:20.181601797Z"}
{"log":"INFO [03-25|08:24:23.761] Imported new chain segment               blocks=1     txs=0     mgas=0.000   elapsed=370.832µs mgasps=0.000    number=2406197 hash=b083bd…4d3633 dirty=688.41MiB\n","stream":"stderr","time":"2020-03-25T08:24:23.761223136Z"}
{"log":"INFO [03-25|08:24:23.829] Imported new chain segment               blocks=1     txs=1     mgas=1.291   elapsed=1.252ms   mgasps=1031.067 number=2406197 hash=0e3378…4bc5df dirty=688.42MiB\n","stream":"stderr","time":"2020-03-25T08:24:23.829766178Z"}
{"log":"INFO [03-25|08:24:35.112] Imported new chain segment               blocks=1     txs=0     mgas=0.000   elapsed=934.674µs mgasps=0.000    number=2406198 hash=5eeb01…7e19dd dirty=688.40MiB\n","stream":"stderr","time":"2020-03-25T08:24:35.113180776Z"}
{"log":"INFO [03-25|08:24:36.898] Imported new chain segment               blocks=1     txs=1     mgas=1.291   elapsed=1.845ms   mgasps=699.705  number=2406198 hash=53c75f…23046d dirty=688.40MiB\n","stream":"stderr","time":"2020-03-25T08:24:36.898843529Z"}
{"log":"INFO [03-25|08:24:51.392] Imported new chain segment               blocks=1     txs=2     mgas=1.778   elapsed=18.647ms  mgasps=95.335   number=2406199 hash=2ec4ec…5b11f4 dirty=688.40MiB\n","stream":"stderr","time":"2020-03-25T08:24:51.393143195Z"}
{"log":"INFO [03-25|08:24:51.523] Chain reorg detected                     number=2406198 hash=5eeb01…7e19dd drop=1 dropfrom=2ec4ec…5b11f4 add=1 addfrom=991762…d71199\n","stream":"stderr","time":"2020-03-25T08:24:51.523345221Z"}
{"log":"INFO [03-25|08:24:51.523] Imported new chain segment               blocks=1     txs=1     mgas=0.487   elapsed=15.058ms  mgasps=32.315   number=2406199 hash=991762…d71199 dirty=688.40MiB\n","stream":"stderr","time":"2020-03-25T08:24:51.523540186Z"}
{"log":"INFO [03-25|08:24:56.533] Imported new chain segment               blocks=1     txs=1     mgas=0.487   elapsed=14.898ms  mgasps=32.664   number=2406199 hash=4f56e2…aa35ac dirty=688.41MiB\n","stream":"stderr","time":"2020-03-25T08:24:56.533205095Z"}
{"log":"INFO [03-25|08:25:05.144] Imported new chain segment               blocks=1     txs=1     mgas=1.291   elapsed=3.626ms   mgasps=356.020  number=2406200 hash=9383c3…9f7211 dirty=688.40MiB\n","stream":"stderr","time":"2020-03-25T08:25:05.145239881Z"}
{"log":"INFO [03-25|08:25:05.193] Chain reorg detected                     number=2406199 hash=991762…d71199 drop=1 dropfrom=9383c3…9f7211 add=1 addfrom=e6e739…9fa024\n","stream":"stderr","time":"2020-03-25T08:25:05.193630473Z"}
{"log":"INFO [03-25|08:25:05.194] Imported new chain segment               blocks=1     txs=1     mgas=1.291   elapsed=5.524ms   mgasps=233.697  number=2406200 hash=e6e739…9fa024 dirty=688.40MiB\n","stream":"stderr","time":"2020-03-25T08:25:05.194532392Z"}
{"log":"INFO [03-25|08:25:18.996] Deep froze chain segment                 blocks=4     elapsed=28.548ms  number=2316199 hash=b73fdc…01cdea\n","stream":"stderr","time":"2020-03-25T08:25:18.996917809Z"}
{"log":"INFO [03-25|08:25:20.590] Imported new chain segment               blocks=1     txs=2     mgas=0.485   elapsed=16.748ms  mgasps=28.949   number=2406201 hash=4d3a03…57cb1e dirty=688.43MiB\n","stream":"stderr","time":"2020-03-25T08:25:20.590926899Z"}
{"log":"INFO [03-25|08:25:22.301] Chain reorg detected                     number=2406200 hash=e6e739…9fa024 drop=1 dropfrom=4d3a03…57cb1e add=1 addfrom=d05d7f…8c69fb\n","stream":"stderr","time":"2020-03-25T08:25:22.301583877Z"}
{"log":"INFO [03-25|08:25:22.301] Imported new chain segment               blocks=1     txs=1     mgas=0.052   elapsed=1.877ms   mgasps=27.491   number=2406201 hash=d05d7f…8c69fb dirty=688.43MiB\n","stream":"stderr","time":"2020-03-25T08:25:22.301891492Z"}
{"log":"INFO [03-25|08:25:25.500] Imported new chain segment               blocks=1     txs=2     mgas=0.485   elapsed=17.268ms  mgasps=28.076   number=2406201 hash=38c0b4…d1e71a dirty=688.44MiB\n","stream":"stderr","time":"2020-03-25T08:25:25.500876185Z"}
{"log":"INFO [03-25|08:25:35.997] Chain reorg detected                     number=2406200 hash=e6e739…9fa024 drop=1 dropfrom=d05d7f…8c69fb add=2 addfrom=dee426…f4742f\n","stream":"stderr","time":"2020-03-25T08:25:35.997467321Z"}
{"log":"INFO [03-25|08:25:35.997] Imported new chain segment               blocks=1     txs=0     mgas=0.000   elapsed=853.413µs mgasps=0.000    number=2406202 hash=dee426…f4742f dirty=688.44MiB\n","stream":"stderr","time":"2020-03-25T08:25:35.997875319Z"}
{"log":"INFO [03-25|08:25:36.826] Imported new chain segment               blocks=1     txs=0     mgas=0.000   elapsed=264.866µs mgasps=0.000    number=2406202 hash=2f1e0e…cf99d0 dirty=688.44MiB\n","stream":"stderr","time":"2020-03-25T08:25:36.826491399Z"}
{"log":"INFO [03-25|08:25:36.949] Imported new chain segment               blocks=1     txs=1     mgas=0.052   elapsed=1.639ms   mgasps=31.474   number=2406202 hash=c6e18b…991df4 dirty=688.45MiB\n","stream":"stderr","time":"2020-03-25T08:25:36.949691079Z"}
{"log":"INFO [03-25|08:25:38.021] Imported new chain segment               blocks=1     txs=1     mgas=0.052   elapsed=1.558ms   mgasps=33.123   number=2406202 hash=20d5bb…091b8a dirty=688.45MiB\n","stream":"stderr","time":"2020-03-25T08:25:38.021477543Z"}
{"log":"INFO [03-25|08:25:50.717] Imported new chain segment               blocks=1     txs=6     mgas=1.789   elapsed=35.176ms  mgasps=50.859   number=2406203 hash=2869e9…8b713b dirty=688.55MiB\n","stream":"stderr","time":"2020-03-25T08:25:50.72022825Z"}
{"log":"INFO [03-25|08:25:51.391] Chain reorg detected                     number=2406202 hash=dee426…f4742f drop=1 dropfrom=2869e9…8b713b add=1 addfrom=4b397a…e41434\n","stream":"stderr","time":"2020-03-25T08:25:51.391848904Z"}
{"log":"INFO [03-25|08:25:51.392] Imported new chain segment               blocks=1     txs=7     mgas=1.848   elapsed=21.759ms  mgasps=84.943   number=2406203 hash=4b397a…e41434 dirty=688.56MiB\n","stream":"stderr","time":"2020-03-25T08:25:51.392176376Z"}
{"log":"INFO [03-25|08:25:53.516] Imported new chain segment               blocks=1     txs=6     mgas=1.789   elapsed=24.036ms  mgasps=74.428   number=2406203 hash=856f1e…f481c2 dirty=688.57MiB\n","stream":"stderr","time":"2020-03-25T08:25:53.516203858Z"}
{"log":"INFO [03-25|08:26:06.081] Chain reorg detected                     number=2406202 hash=dee426…f4742f drop=1 dropfrom=4b397a…e41434 add=2 addfrom=581133…69d077\n","stream":"stderr","time":"2020-03-25T08:26:06.081698222Z"}
{"log":"INFO [03-25|08:26:06.082] Imported new chain segment               blocks=1     txs=2     mgas=0.493   elapsed=19.533ms  mgasps=25.214   number=2406204 hash=581133…69d077 dirty=688.59MiB\n","stream":"stderr","time":"2020-03-25T08:26:06.082532191Z"}
{"log":"INFO [03-25|08:26:08.176] Imported new chain segment               blocks=1     txs=1     mgas=0.059   elapsed=2.113ms   mgasps=28.055   number=2406204 hash=866ea7…35e758 dirty=688.59MiB\n","stream":"stderr","time":"2020-03-25T08:26:08.176457605Z"}
{"log":"INFO [03-25|08:26:11.684] Imported new chain segment               blocks=1     txs=2     mgas=0.493   elapsed=17.126ms  mgasps=28.758   number=2406204 hash=79d23a…9fab9d dirty=688.60MiB\n","stream":"stderr","time":"2020-03-25T08:26:11.685352896Z"}
{"log":"INFO [03-25|08:26:19.024] Deep froze chain segment                 blocks=4     elapsed=27.217ms  number=2316203 hash=a3872c…b0133e\n","stream":"stderr","time":"2020-03-25T08:26:19.024437184Z"}
{"log":"INFO [03-25|08:26:20.117] Imported new chain segment               blocks=1     txs=2     mgas=0.529   elapsed=5.207ms   mgasps=101.500  number=2406205 hash=36f750…7e5989 dirty=688.61MiB\n","stream":"stderr","time":"2020-03-25T08:26:20.117969739Z"}
{"log":"INFO [03-25|08:26:35.061] Imported new chain segment               blocks=1     txs=1     mgas=0.110   elapsed=4.679ms   mgasps=23.468   number=2406206 hash=0abcb7…4b142c dirty=688.58MiB\n","stream":"stderr","time":"2020-03-25T08:26:35.061481696Z"}
{"log":"INFO [03-25|08:26:50.500] Imported new chain segment               blocks=1     txs=3     mgas=0.588   elapsed=14.615ms  mgasps=40.226   number=2406207 hash=dc6359…16f36b dirty=688.61MiB\n","stream":"stderr","time":"2020-03-25T08:26:50.500410697Z"}
{"log":"INFO [03-25|08:26:57.262] Imported new chain segment               blocks=1     txs=3     mgas=0.588   elapsed=22.289ms  mgasps=26.377   number=2406207 hash=345f34…f123dc dirty=688.61MiB\n","stream":"stderr","time":"2020-03-25T08:26:57.262417838Z"}
{"log":"INFO [03-25|08:27:06.223] Imported new chain segment               blocks=1     txs=1     mgas=0.111   elapsed=4.774ms   mgasps=23.252   number=2406208 hash=fbcbe5…6c9c6f dirty=688.60MiB\n","stream":"stderr","time":"2020-03-25T08:27:06.223549152Z"}
{"log":"INFO [03-25|08:27:19.062] Deep froze chain segment                 blocks=4     elapsed=38.012ms  number=2316207 hash=b8a293…7d239c\n","stream":"stderr","time":"2020-03-25T08:27:19.063099577Z"}
{"log":"INFO [03-25|08:27:20.178] Imported new chain segment               blocks=1     txs=0     mgas=0.000   elapsed=951.641µs mgasps=0.000    number=2406209 hash=baac21…115811 dirty=688.57MiB\n","stream":"stderr","time":"2020-03-25T08:27:20.178263686Z"}
{"log":"INFO [03-25|08:27:20.962] Chain reorg detected                     number=2406208 hash=fbcbe5…6c9c6f drop=1 dropfrom=baac21…115811 add=1 addfrom=5057f8…0c4820\n","stream":"stderr","time":"2020-03-25T08:27:20.962973363Z"}
{"log":"INFO [03-25|08:27:20.962] Imported new chain segment               blocks=1     txs=0     mgas=0.000   elapsed=545.795µs mgasps=0.000    number=2406209 hash=5057f8…0c4820 dirty=688.57MiB\n","stream":"stderr","time":"2020-03-25T08:27:20.963120172Z"}
{"log":"INFO [03-25|08:27:35.842] Imported new chain segment               blocks=1     txs=1     mgas=0.056   elapsed=3.729ms   mgasps=14.942   number=2406210 hash=def91e…250ada dirty=688.49MiB\n","stream":"stderr","time":"2020-03-25T08:27:35.84243849Z"}
{"log":"INFO [03-25|08:27:37.212] Imported new chain segment               blocks=1     txs=0     mgas=0.000   elapsed=430.492µs mgasps=0.000    number=2406210 hash=b6d715…fa8c5e dirty=688.49MiB\n","stream":"stderr","time":"2020-03-25T08:27:37.213022883Z"}
{"log":"INFO [03-25|08:27:51.029] Imported new chain segment               blocks=1     txs=1     mgas=0.433   elapsed=22.695ms  mgasps=19.088   number=2406211 hash=b48526…27b905 dirty=688.50MiB\n","stream":"stderr","time":"2020-03-25T08:27:51.030409826Z"}
{"log":"INFO [03-25|08:27:56.131] Chain reorg detected                     number=2406210 hash=def91e…250ada drop=1 dropfrom=b48526…27b905 add=1 addfrom=a03a48…c970f7\n","stream":"stderr","time":"2020-03-25T08:27:56.131418854Z"}
{"log":"INFO [03-25|08:27:56.131] Imported new chain segment               blocks=1     txs=1     mgas=0.433   elapsed=15.967ms  mgasps=27.131   number=2406211 hash=a03a48…c970f7 dirty=688.50MiB\n","stream":"stderr","time":"2020-03-25T08:27:56.131626438Z"}
{"log":"INFO [03-25|08:28:05.229] Imported new chain segment               blocks=1     txs=5     mgas=1.986   elapsed=18.394ms  mgasps=107.970  number=2406212 hash=02bf64…e96f03 dirty=688.59MiB\n","stream":"stderr","time":"2020-03-25T08:28:05.229992973Z"}
{"log":"INFO [03-25|08:28:07.671] Imported new chain segment               blocks=1     txs=5     mgas=1.986   elapsed=20.101ms  mgasps=98.801   number=2406212 hash=b48c47…985e8f dirty=688.60MiB\n","stream":"stderr","time":"2020-03-25T08:28:07.671444301Z"}
{"log":"INFO [03-25|08:28:19.090] Deep froze chain segment                 blocks=4     elapsed=27.792ms  number=2316211 hash=3484f4…9b07d9\n","stream":"stderr","time":"2020-03-25T08:28:19.091216083Z"}
{"log":"INFO [03-25|08:28:21.353] Imported new chain segment               blocks=1     txs=3     mgas=0.303   elapsed=5.989ms   mgasps=50.565   number=2406213 hash=04ea9f…af5a3b dirty=688.62MiB\n","stream":"stderr","time":"2020-03-25T08:28:21.353920765Z"}
{"log":"INFO [03-25|08:28:22.391] Imported new chain segment               blocks=1     txs=1     mgas=0.096   elapsed=1.968ms   mgasps=48.728   number=2406213 hash=d1d0e2…a777fb dirty=688.63MiB\n","stream":"stderr","time":"2020-03-25T08:28:22.39133315Z"}
{"log":"INFO [03-25|08:28:35.141] Imported new chain segment               blocks=1     txs=1     mgas=0.096   elapsed=2.267ms   mgasps=42.295   number=2406214 hash=eb90f7…20b07c dirty=688.64MiB\n","stream":"stderr","time":"2020-03-25T08:28:35.141639793Z"}
{"log":"INFO [03-25|08:28:35.254] Imported new chain segment               blocks=1     txs=1     mgas=0.096   elapsed=1.724ms   mgasps=55.604   number=2406214 hash=f04fad…a4c2f8 dirty=688.64MiB\n","stream":"stderr","time":"2020-03-25T08:28:35.254611392Z"}
{"log":"INFO [03-25|08:28:50.076] Imported new chain segment               blocks=1     txs=1     mgas=0.022   elapsed=2.161ms   mgasps=10.007   number=2406215 hash=6290bf…8ca9dc dirty=688.65MiB\n","stream":"stderr","time":"2020-03-25T08:28:50.077025739Z"}
{"log":"INFO [03-25|08:28:53.071] Imported new chain segment               blocks=1     txs=0     mgas=0.000   elapsed=378.518µs mgasps=0.000    number=2406215 hash=20b91d…0214c6 dirty=688.65MiB\n","stream":"stderr","time":"2020-03-25T08:28:53.071613926Z"}
{"log":"INFO [03-25|08:29:05.929] Imported new chain segment               blocks=1     txs=0     mgas=0.000   elapsed=1.001ms   mgasps=0.000    number=2406216 hash=d262c0…fac95b dirty=688.62MiB\n","stream":"stderr","time":"2020-03-25T08:29:05.92986469Z"}
{"log":"INFO [03-25|08:29:07.273] Imported new chain segment               blocks=1     txs=0     mgas=0.000   elapsed=421.122µs mgasps=0.000    number=2406216 hash=ae2c58…5073b8 dirty=688.62MiB\n","stream":"stderr","time":"2020-03-25T08:29:07.273289692Z"}
{"log":"INFO [03-25|08:29:19.127] Deep froze chain segment                 blocks=4     elapsed=35.781ms  number=2316215 hash=7c29e7…c66f30\n","stream":"stderr","time":"2020-03-25T08:29:19.127617224Z"}
{"log":"INFO [03-25|08:29:20.113] Imported new chain segment               blocks=1     txs=0     mgas=0.000   elapsed=1.288ms   mgasps=0.000    number=2406217 hash=3d83ed…8244a2 dirty=688.59MiB\n","stream":"stderr","time":"2020-03-25T08:29:20.113226773Z"}
{"log":"INFO [03-25|08:29:22.899] Imported new chain segment               blocks=1     txs=0     mgas=0.000   elapsed=267.27µs  mgasps=0.000    number=2406217 hash=0a5928…0a5ac7 dirty=688.59MiB\n","stream":"stderr","time":"2020-03-25T08:29:22.899436222Z"}
{"log":"INFO [03-25|08:29:35.607] Imported new chain segment               blocks=1     txs=3     mgas=0.678   elapsed=37.805ms  mgasps=17.924   number=2406218 hash=3a9386…f70132 dirty=688.63MiB\n","stream":"stderr","time":"2020-03-25T08:29:35.607361253Z"}
{"log":"INFO [03-25|08:29:37.022] Imported new chain segment               blocks=1     txs=0     mgas=0.000   elapsed=619.48µs  mgasps=0.000    number=2406218 hash=846fba…6c97f7 dirty=688.63MiB\n","stream":"stderr","time":"2020-03-25T08:29:37.022593426Z"}
{"log":"INFO [03-25|08:29:41.850] Chain reorg detected                     number=2406217 hash=3d83ed…8244a2 drop=1 dropfrom=3a9386…f70132 add=1 addfrom=44f59a…f6f246\n","stream":"stderr","time":"2020-03-25T08:29:41.850512694Z"}
{"log":"INFO [03-25|08:29:41.850] Imported new chain segment               blocks=1     txs=3     mgas=0.678   elapsed=19.823ms  mgasps=34.183   number=2406218 hash=44f59a…f6f246 dirty=688.64MiB\n","stream":"stderr","time":"2020-03-25T08:29:41.850792855Z"}
{"log":"INFO [03-25|08:29:51.468] Chain reorg detected                     number=2406217 hash=3d83ed…8244a2 drop=1 dropfrom=44f59a…f6f246 add=2 addfrom=00cd97…0dc8f9\n","stream":"stderr","time":"2020-03-25T08:29:51.468889488Z"}
{"log":"INFO [03-25|08:29:51.469] Imported new chain segment               blocks=1     txs=0     mgas=0.000   elapsed=1.292ms   mgasps=0.000    number=2406219 hash=00cd97…0dc8f9 dirty=688.63MiB\n","stream":"stderr","time":"2020-03-25T08:29:51.46941725Z"}
{"log":"INFO [03-25|08:30:05.076] Imported new chain segment               blocks=1     txs=1     mgas=0.398   elapsed=5.480ms   mgasps=72.636   number=2406220 hash=4cbb71…86322d dirty=688.55MiB\n","stream":"stderr","time":"2020-03-25T08:30:05.077022813Z"}
{"log":"INFO [03-25|08:30:19.160] Deep froze chain segment                 blocks=4     elapsed=32.494ms  number=2316219 hash=d12f2f…cc4293\n","stream":"stderr","time":"2020-03-25T08:30:19.160572661Z"}
{"log":"INFO [03-25|08:30:20.783] Imported new chain segment               blocks=1     txs=2     mgas=3.848   elapsed=22.752ms  mgasps=169.139  number=2406221 hash=9e0232…a53b41 dirty=688.94MiB\n","stream":"stderr","time":"2020-03-25T08:30:20.783585067Z"}
{"log":"INFO [03-25|08:30:25.202] Chain reorg detected                     number=2406220 hash=4cbb71…86322d drop=1 dropfrom=9e0232…a53b41 add=1 addfrom=f975f3…6c0153\n","stream":"stderr","time":"2020-03-25T08:30:25.203182247Z"}
{"log":"INFO [03-25|08:30:25.203] Imported new chain segment               blocks=1     txs=2     mgas=0.544   elapsed=17.157ms  mgasps=31.723   number=2406221 hash=f975f3…6c0153 dirty=688.96MiB\n","stream":"stderr","time":"2020-03-25T08:30:25.203591936Z"}
{"log":"INFO [03-25|08:30:36.065] Imported new chain segment               blocks=1     txs=4     mgas=3.635   elapsed=37.441ms  mgasps=97.076   number=2406222 hash=1b9f13…afce5c dirty=689.24MiB\n","stream":"stderr","time":"2020-03-25T08:30:36.065319835Z"}
{"log":"INFO [03-25|08:30:36.087] Chain reorg detected                     number=2406221 hash=f975f3…6c0153 drop=1 dropfrom=1b9f13…afce5c add=1 addfrom=455cd6…d881b9\n","stream":"stderr","time":"2020-03-25T08:30:36.088126445Z"}
{"log":"INFO [03-25|08:30:36.088] Imported new chain segment               blocks=1     txs=1     mgas=1.181   elapsed=16.730ms  mgasps=70.604   number=2406222 hash=455cd6…d881b9 dirty=689.28MiB\n","stream":"stderr","time":"2020-03-25T08:30:36.08853264Z"}
{"log":"INFO [03-25|08:30:37.381] Imported new chain segment               blocks=1     txs=5     mgas=7.209   elapsed=29.568ms  mgasps=243.817  number=2406222 hash=6245d5…46f844 dirty=689.30MiB\n","stream":"stderr","time":"2020-03-25T08:30:37.381788281Z"}
{"log":"INFO [03-25|08:30:50.418] Imported new chain segment               blocks=1     txs=7     mgas=2.983   elapsed=19.053ms  mgasps=156.565  number=2406223 hash=f25656…b2aba8 dirty=689.34MiB\n","stream":"stderr","time":"2020-03-25T08:30:50.41874523Z"}
{"log":"INFO [03-25|08:30:52.234] Imported new chain segment               blocks=1     txs=6     mgas=6.545   elapsed=38.776ms  mgasps=168.777  number=2406223 hash=fe5e9b…25766e dirty=689.34MiB\n","stream":"stderr","time":"2020-03-25T08:30:52.234587041Z"}
{"log":"INFO [03-25|08:30:52.274] Imported new chain segment               blocks=1     txs=7     mgas=6.678   elapsed=40.375ms  mgasps=165.390  number=2406223 hash=54acc2…83c9eb dirty=689.34MiB\n","stream":"stderr","time":"2020-03-25T08:30:52.275175892Z"}
{"log":"INFO [03-25|08:31:05.150] Chain reorg detected                     number=2406222 hash=455cd6…d881b9 drop=1 dropfrom=f25656…b2aba8 add=2 addfrom=bc22e4…bbade3\n","stream":"stderr","time":"2020-03-25T08:31:05.154912317Z"}
{"log":"INFO [03-25|08:31:05.152] Imported new chain segment               blocks=1     txs=3     mgas=0.640   elapsed=19.096ms  mgasps=33.523   number=2406224 hash=bc22e4…bbade3 dirty=689.36MiB\n","stream":"stderr","time":"2020-03-25T08:31:05.15494912Z"}
{"log":"INFO [03-25|08:31:06.660] Imported new chain segment               blocks=1     txs=1     mgas=3.737   elapsed=16.070ms  mgasps=232.550  number=2406224 hash=a2f29d…30e1b9 dirty=689.37MiB\n","stream":"stderr","time":"2020-03-25T08:31:06.661071287Z"}
{"log":"INFO [03-25|08:31:19.193] Deep froze chain segment                 blocks=4     elapsed=32.802ms  number=2316223 hash=8cc59f…47abcf\n","stream":"stderr","time":"2020-03-25T08:31:19.194068498Z"}
{"log":"INFO [03-25|08:31:20.111] Imported new chain segment               blocks=1     txs=0     mgas=0.000   elapsed=783.784µs mgasps=0.000    number=2406225 hash=75f58b…7ea26e dirty=689.36MiB\n","stream":"stderr","time":"2020-03-25T08:31:20.111326591Z"}
{"log":"INFO [03-25|08:31:22.198] Imported new chain segment               blocks=1     txs=0     mgas=0.000   elapsed=310.451µs mgasps=0.000    number=2406225 hash=3e885c…b84746 dirty=689.36MiB\n","stream":"stderr","time":"2020-03-25T08:31:22.199064718Z"}
{"log":"INFO [03-25|08:31:36.152] Imported new chain segment               blocks=1     txs=0     mgas=0.000   elapsed=1.222ms   mgasps=0.000    number=2406226 hash=0049fd…8a0553 dirty=689.31MiB\n","stream":"stderr","time":"2020-03-25T08:31:36.152375113Z"}
{"log":"INFO [03-25|08:31:36.502] Chain reorg detected                     number=2406225 hash=75f58b…7ea26e drop=1 dropfrom=0049fd…8a0553 add=1 addfrom=75e43a…0a7214\n","stream":"stderr","time":"2020-03-25T08:31:36.503047134Z"}
{"log":"INFO [03-25|08:31:36.503] Imported new chain segment               blocks=1     txs=0     mgas=0.000   elapsed=567.002µs mgasps=0.000    number=2406226 hash=75e43a…0a7214 dirty=689.31MiB\n","stream":"stderr","time":"2020-03-25T08:31:36.503272193Z"}
{"log":"INFO [03-25|08:31:50.169] Imported new chain segment               blocks=1     txs=1     mgas=0.433   elapsed=27.210ms  mgasps=15.922   number=2406227 hash=bbc6df…e7f2f0 dirty=689.31MiB\n","stream":"stderr","time":"2020-03-25T08:31:50.171985026Z"}
{"log":"INFO [03-25|08:31:51.920] Imported new chain segment               blocks=1     txs=0     mgas=0.000   elapsed=280.454µs mgasps=0.000    number=2406227 hash=05b782…e2f66d dirty=689.31MiB\n","stream":"stderr","time":"2020-03-25T08:31:51.920687329Z"}
{"log":"INFO [03-25|08:31:57.391] Imported new chain segment               blocks=1     txs=1     mgas=0.433   elapsed=16.516ms  mgasps=26.230   number=2406227 hash=3af2d2…afb37c dirty=689.31MiB\n","stream":"stderr","time":"2020-03-25T08:31:57.391619422Z"}
{"log":"INFO [03-25|08:32:05.120] Imported new chain segment               blocks=1     txs=1     mgas=0.111   elapsed=3.960ms   mgasps=28.033   number=2406228 hash=306420…e92acc dirty=689.32MiB\n","stream":"stderr","time":"2020-03-25T08:32:05.121087667Z"}
{"log":"INFO [03-25|08:32:19.216] Deep froze chain segment                 blocks=4     elapsed=22.597ms  number=2316227 hash=8772c4…a440fa\n","stream":"stderr","time":"2020-03-25T08:32:19.216960475Z"}
{"log":"INFO [03-25|08:32:20.627] Imported new chain segment               blocks=1     txs=0     mgas=0.000   elapsed=489.772µs mgasps=0.000    number=2406229 hash=5bbf4f…2f4fbb dirty=689.32MiB\n","stream":"stderr","time":"2020-03-25T08:32:20.627394288Z"}
{"log":"INFO [03-25|08:32:20.723] Chain reorg detected                     number=2406228 hash=306420…e92acc drop=1 dropfrom=5bbf4f…2f4fbb add=1 addfrom=9f58c1…eeab6c\n","stream":"stderr","time":"2020-03-25T08:32:20.723877481Z"}
{"log":"INFO [03-25|08:32:20.723] Imported new chain segment               blocks=1     txs=2     mgas=0.155   elapsed=2.996ms   mgasps=51.740   number=2406229 hash=9f58c1…eeab6c dirty=689.35MiB\n","stream":"stderr","time":"2020-03-25T08:32:20.724047959Z"}
{"log":"INFO [03-25|08:32:22.718] Chain reorg detected                     number=2406228 hash=306420…e92acc drop=1 dropfrom=9f58c1…eeab6c add=1 addfrom=b2bfe0…d7d496\n","stream":"stderr","time":"2020-03-25T08:32:22.718469078Z"}
{"log":"INFO [03-25|08:32:22.718] Imported new chain segment               blocks=1     txs=1     mgas=0.044   elapsed=1.969ms   mgasps=22.342   number=2406229 hash=b2bfe0…d7d496 dirty=689.35MiB\n","stream":"stderr","time":"2020-03-25T08:32:22.718750033Z"}
{"log":"INFO [03-25|08:32:35.605] Chain reorg detected                     number=2406228 hash=306420…e92acc drop=1 dropfrom=b2bfe0…d7d496 add=2 addfrom=30365e…e679f3\n","stream":"stderr","time":"2020-03-25T08:32:35.605347299Z"}
{"log":"INFO [03-25|08:32:35.606] Imported new chain segment               blocks=1     txs=3     mgas=0.588   elapsed=43.142ms  mgasps=13.636   number=2406230 hash=30365e…e679f3 dirty=688.79MiB\n","stream":"stderr","time":"2020-03-25T08:32:35.606683551Z"}
{"log":"INFO [03-25|08:32:35.778] Chain reorg detected                     number=2406229 hash=5bbf4f…2f4fbb drop=1 dropfrom=30365e…e679f3 add=1 addfrom=1a877d…3f6eec\n","stream":"stderr","time":"2020-03-25T08:32:35.778597339Z"}
{"log":"INFO [03-25|08:32:35.778] Imported new chain segment               blocks=1     txs=2     mgas=0.155   elapsed=5.523ms   mgasps=28.066   number=2406230 hash=1a877d…3f6eec dirty=688.80MiB\n","stream":"stderr","time":"2020-03-25T08:32:35.778982605Z"}
{"log":"INFO [03-25|08:32:35.821] Imported new chain segment               blocks=1     txs=3     mgas=0.588   elapsed=16.573ms  mgasps=35.495   number=2406230 hash=452c5b…bdb561 dirty=688.80MiB\n","stream":"stderr","time":"2020-03-25T08:32:35.821348037Z"}
{"log":"INFO [03-25|08:32:50.180] Chain reorg detected                     number=2406229 hash=5bbf4f…2f4fbb drop=1 dropfrom=1a877d…3f6eec add=2 addfrom=efbe93…7f5bdc\n","stream":"stderr","time":"2020-03-25T08:32:50.180678951Z"}
{"log":"INFO [03-25|08:32:50.181] Imported new chain segment               blocks=1     txs=0     mgas=0.000   elapsed=2.434ms   mgasps=0.000    number=2406231 hash=efbe93…7f5bdc dirty=688.70MiB\n","stream":"stderr","time":"2020-03-25T08:32:50.181294509Z"}
{"log":"INFO [03-25|08:33:05.977] Imported new chain segment               blocks=1     txs=0     mgas=0.000   elapsed=1.514ms   mgasps=0.000    number=2406232 hash=9d4053…3fe3d7 dirty=688.64MiB\n","stream":"stderr","time":"2020-03-25T08:33:05.977345385Z"}
{"log":"INFO [03-25|08:33:07.923] Imported new chain segment               blocks=1     txs=0     mgas=0.000   elapsed=415.212µs mgasps=0.000    number=2406232 hash=a20359…2aabbb dirty=688.64MiB\n","stream":"stderr","time":"2020-03-25T08:33:07.923460672Z"}
{"log":"INFO [03-25|08:33:19.259] Deep froze chain segment                 blocks=4     elapsed=42.416ms  number=2316231 hash=ed370a…d8a7a8\n","stream":"stderr","time":"2020-03-25T08:33:19.259691316Z"}
{"log":"INFO [03-25|08:33:20.417] Imported new chain segment               blocks=1     txs=0     mgas=0.000   elapsed=756.397µs mgasps=0.000    number=2406233 hash=37d9b8…741661 dirty=688.64MiB\n","stream":"stderr","time":"2020-03-25T08:33:20.418420229Z"}
{"log":"INFO [03-25|08:33:20.606] Chain reorg detected                     number=2406232 hash=9d4053…3fe3d7 drop=1 dropfrom=37d9b8…741661 add=1 addfrom=731ac9…766067\n","stream":"stderr","time":"2020-03-25T08:33:20.607104076Z"}
{"log":"INFO [03-25|08:33:20.607] Imported new chain segment               blocks=1     txs=1     mgas=0.044   elapsed=2.132ms   mgasps=20.670   number=2406233 hash=731ac9…766067 dirty=688.65MiB\n","stream":"stderr","time":"2020-03-25T08:33:20.607356937Z"}
{"log":"INFO [03-25|08:33:22.443] Chain reorg detected                     number=2406232 hash=9d4053…3fe3d7 drop=1 dropfrom=731ac9…766067 add=1 addfrom=6e63d2…c8eff4\n","stream":"stderr","time":"2020-03-25T08:33:22.443376254Z"}
{"log":"INFO [03-25|08:33:22.443] Imported new chain segment               blocks=1     txs=0     mgas=0.000   elapsed=733.613µs mgasps=0.000    number=2406233 hash=6e63d2…c8eff4 dirty=688.65MiB\n","stream":"stderr","time":"2020-03-25T08:33:22.443607907Z"}
{"log":"INFO [03-25|08:33:35.431] Chain reorg detected                     number=2406232 hash=9d4053…3fe3d7 drop=1 dropfrom=6e63d2…c8eff4 add=2 addfrom=8174c5…10abdf\n","stream":"stderr","time":"2020-03-25T08:33:35.431185973Z"}
{"log":"INFO [03-25|08:33:35.431] Imported new chain segment               blocks=1     txs=0     mgas=0.000   elapsed=673.341µs mgasps=0.000    number=2406234 hash=8174c5…10abdf dirty=688.65MiB\n","stream":"stderr","time":"2020-03-25T08:33:35.431498302Z"}
{"log":"INFO [03-25|08:33:37.650] Imported new chain segment               blocks=1     txs=1     mgas=0.044   elapsed=1.523ms   mgasps=28.939   number=2406234 hash=d6b9ee…47ddb2 dirty=688.65MiB\n","stream":"stderr","time":"2020-03-25T08:33:37.650931784Z"}
{"log":"INFO [03-25|08:33:38.037] Chain reorg detected                     number=2406232 hash=9d4053…3fe3d7 drop=2 dropfrom=8174c5…10abdf add=2 addfrom=e76e75…f8aeef\n","stream":"stderr","time":"2020-03-25T08:33:38.037766607Z"}
{"log":"INFO [03-25|08:33:38.037] Imported new chain segment               blocks=1     txs=1     mgas=0.044   elapsed=1.489ms   mgasps=29.599   number=2406234 hash=e76e75…f8aeef dirty=688.65MiB\n","stream":"stderr","time":"2020-03-25T08:33:38.037977035Z"}
{"log":"INFO [03-25|08:33:50.191] Chain reorg detected                     number=2406233 hash=37d9b8…741661 drop=1 dropfrom=e76e75…f8aeef add=2 addfrom=3fa549…c4b010\n","stream":"stderr","time":"2020-03-25T08:33:50.191576211Z"}
{"log":"INFO [03-25|08:33:50.191] Imported new chain segment               blocks=1     txs=1     mgas=0.209   elapsed=4.500ms   mgasps=46.454   number=2406235 hash=3fa549…c4b010 dirty=688.65MiB\n","stream":"stderr","time":"2020-03-25T08:33:50.19213021Z"}
{"log":"INFO [03-25|08:33:51.272] Chain reorg detected                     number=2406232 hash=9d4053…3fe3d7 drop=3 dropfrom=3fa549…c4b010 add=3 addfrom=582592…2dc2bb\n","stream":"stderr","time":"2020-03-25T08:33:51.272423309Z"}
{"log":"INFO [03-25|08:33:51.272] Imported new chain segment               blocks=1     txs=0     mgas=0.000   elapsed=1.203ms   mgasps=0.000    number=2406235 hash=582592…2dc2bb dirty=688.65MiB\n","stream":"stderr","time":"2020-03-25T08:33:51.27292919Z"}
{"log":"INFO [03-25|08:34:06.492] Chain reorg detected                     number=2406232 hash=9d4053…3fe3d7 drop=3 dropfrom=582592…2dc2bb add=4 addfrom=1d6d94…dd2c7c\n","stream":"stderr","time":"2020-03-25T08:34:06.492282966Z"}
{"log":"INFO [03-25|08:34:06.492] Imported new chain segment               blocks=1     txs=1     mgas=0.056   elapsed=2.686ms   mgasps=20.747   number=2406236 hash=1d6d94…dd2c7c dirty=688.66MiB\n","stream":"stderr","time":"2020-03-25T08:34:06.492896297Z"}
{"log":"INFO [03-25|08:34:07.175] Imported new chain segment               blocks=1     txs=0     mgas=0.000   elapsed=371.411µs mgasps=0.000    number=2406236 hash=1c60ad…166ae4 dirty=688.66MiB\n","stream":"stderr","time":"2020-03-25T08:34:07.175591745Z"}
{"log":"INFO [03-25|08:34:07.215] Chain reorg detected                     number=2406235 hash=3fa549…c4b010 drop=1 dropfrom=1d6d94…dd2c7c add=1 addfrom=c799eb…e07d3b\n","stream":"stderr","time":"2020-03-25T08:34:07.215734032Z"}
{"log":"INFO [03-25|08:34:07.215] Imported new chain segment               blocks=1     txs=1     mgas=0.056   elapsed=1.375ms   mgasps=40.533   number=2406236 hash=c799eb…e07d3b dirty=688.66MiB\n","stream":"stderr","time":"2020-03-25T08:34:07.215891207Z"}
{"log":"INFO [03-25|08:34:19.280] Deep froze chain segment                 blocks=4     elapsed=20.802ms  number=2316235 hash=30df2b…76e029\n","stream":"stderr","time":"2020-03-25T08:34:19.281132196Z"}
{"log":"INFO [03-25|08:34:20.069] Imported new chain segment               blocks=1     txs=0     mgas=0.000   elapsed=771.307µs mgasps=0.000    number=2406237 hash=6f4755…bd63b0 dirty=688.64MiB\n","stream":"stderr","time":"2020-03-25T08:34:20.069493913Z"}
{"log":"INFO [03-25|08:34:21.976] Imported new chain segment               blocks=1     txs=0     mgas=0.000   elapsed=330.826µs mgasps=0.000    number=2406237 hash=d487f4…e80de8 dirty=688.64MiB\n","stream":"stderr","time":"2020-03-25T08:34:21.976227484Z"}
{"log":"INFO [03-25|08:34:36.260] Imported new chain segment               blocks=1     txs=0     mgas=0.000   elapsed=826.166µs mgasps=0.000    number=2406238 hash=6a5dd1…66b804 dirty=688.62MiB\n","stream":"stderr","time":"2020-03-25T08:34:36.261128902Z"}
{"log":"INFO [03-25|08:34:50.434] Imported new chain segment               blocks=1     txs=3     mgas=0.694   elapsed=18.886ms  mgasps=36.721   number=2406239 hash=fdf571…d3fff6 dirty=688.67MiB\n","stream":"stderr","time":"2020-03-25T08:34:50.434783112Z"}
{"log":"INFO [03-25|08:34:56.396] Chain reorg detected                     number=2406238 hash=6a5dd1…66b804 drop=1 dropfrom=fdf571…d3fff6 add=1 addfrom=91538b…d545e6\n","stream":"stderr","time":"2020-03-25T08:34:56.396876926Z"}
{"log":"INFO [03-25|08:34:56.397] Imported new chain segment               blocks=1     txs=3     mgas=0.694   elapsed=20.905ms  mgasps=33.176   number=2406239 hash=91538b…d545e6 dirty=688.68MiB\n","stream":"stderr","time":"2020-03-25T08:34:56.397228435Z"}
{"log":"INFO [03-25|08:35:05.801] Chain reorg detected                     number=2406238 hash=6a5dd1…66b804 drop=1 dropfrom=91538b…d545e6 add=2 addfrom=056697…797924\n","stream":"stderr","time":"2020-03-25T08:35:05.801167526Z"}
{"log":"INFO [03-25|08:35:05.801] Imported new chain segment               blocks=1     txs=1     mgas=0.044   elapsed=2.266ms   mgasps=19.445   number=2406240 hash=056697…797924 dirty=688.67MiB\n","stream":"stderr","time":"2020-03-25T08:35:05.801692082Z"}
{"log":"INFO [03-25|08:35:19.317] Deep froze chain segment                 blocks=4     elapsed=36.348ms  number=2316239 hash=6f5d1d…1787b2\n","stream":"stderr","time":"2020-03-25T08:35:19.317858279Z"}
{"log":"INFO [03-25|08:35:21.928] Imported new chain segment               blocks=1     txs=1     mgas=0.167   elapsed=4.134ms   mgasps=40.360   number=2406241 hash=d43e01…b2482f dirty=688.67MiB\n","stream":"stderr","time":"2020-03-25T08:35:21.929235082Z"}
{"log":"INFO [03-25|08:35:35.095] Imported new chain segment               blocks=1     txs=0     mgas=0.000   elapsed=499.365µs mgasps=0.000    number=2406242 hash=05fc7e…5f387b dirty=688.67MiB\n","stream":"stderr","time":"2020-03-25T08:35:35.095898876Z"}
{"log":"INFO [03-25|08:35:36.200] Imported new chain segment               blocks=1     txs=0     mgas=0.000   elapsed=434.658µs mgasps=0.000    number=2406242 hash=a4716e…53208b dirty=688.67MiB\n","stream":"stderr","time":"2020-03-25T08:35:36.200698669Z"}
{"log":"INFO [03-25|08:35:51.388] Imported new chain segment               blocks=1     txs=6     mgas=2.171   elapsed=36.007ms  mgasps=60.283   number=2406243 hash=72af1e…d8c05b dirty=688.79MiB\n","stream":"stderr","time":"2020-03-25T08:35:51.388780152Z"}
{"log":"INFO [03-25|08:35:51.884] Imported new chain segment               blocks=1     txs=6     mgas=2.171   elapsed=34.064ms  mgasps=63.720   number=2406243 hash=d7f8e9…809477 dirty=688.79MiB\n","stream":"stderr","time":"2020-03-25T08:35:51.885166609Z"}
{"log":"INFO [03-25|08:35:53.230] Regenerated local transaction journal    transactions=0 accounts=0\n","stream":"stderr","time":"2020-03-25T08:35:53.230375615Z"}
{"log":"INFO [03-25|08:36:05.144] Imported new chain segment               blocks=1     txs=1     mgas=0.111   elapsed=7.261ms   mgasps=15.291   number=2406244 hash=e763e7…4bae71 dirty=688.80MiB\n","stream":"stderr","time":"2020-03-25T08:36:05.144451093Z"}
{"log":"INFO [03-25|08:36:19.344] Deep froze chain segment                 blocks=4     elapsed=26.160ms  number=2316243 hash=519842…80a831\n","stream":"stderr","time":"2020-03-25T08:36:19.344393746Z"}
{"log":"INFO [03-25|08:36:20.399] Imported new chain segment               blocks=1     txs=0     mgas=0.000   elapsed=837.466µs mgasps=0.000    number=2406245 hash=3fc78c…59c67b dirty=688.77MiB\n","stream":"stderr","time":"2020-03-25T08:36:20.399560192Z"}
{"log":"INFO [03-25|08:36:35.100] Imported new chain segment               blocks=1     txs=1     mgas=0.433   elapsed=17.228ms  mgasps=25.147   number=2406246 hash=b39d94…e5ae9f dirty=688.79MiB\n","stream":"stderr","time":"2020-03-25T08:36:35.100267424Z"}
{"log":"INFO [03-25|08:36:41.206] Imported new chain segment               blocks=1     txs=1     mgas=0.433   elapsed=12.361ms  mgasps=35.047   number=2406246 hash=c5a51f…814655 dirty=688.79MiB\n","stream":"stderr","time":"2020-03-25T08:36:41.207089878Z"}
{"log":"INFO [03-25|08:36:50.055] Imported new chain segment               blocks=1     txs=0     mgas=0.000   elapsed=882.096µs mgasps=0.000    number=2406247 hash=400134…01c78c dirty=688.77MiB\n","stream":"stderr","time":"2020-03-25T08:36:50.055461469Z"}
{"log":"INFO [03-25|08:37:05.327] Imported new chain segment               blocks=1     txs=0     mgas=0.000   elapsed=434.483µs mgasps=0.000    number=2406248 hash=2d4c52…2e0d43 dirty=688.77MiB\n","stream":"stderr","time":"2020-03-25T08:37:05.328087515Z"}
{"log":"INFO [03-25|08:37:19.382] Deep froze chain segment                 blocks=4     elapsed=37.611ms  number=2316247 hash=9d4c0f…523403\n","stream":"stderr","time":"2020-03-25T08:37:19.382290644Z"}
{"log":"INFO [03-25|08:37:20.441] Imported new chain segment               blocks=1     txs=0     mgas=0.000   elapsed=888.586µs mgasps=0.000    number=2406249 hash=d6886d…cbb131 dirty=688.75MiB\n","stream":"stderr","time":"2020-03-25T08:37:20.44205659Z"}
{"log":"INFO [03-25|08:37:20.947] Chain reorg detected                     number=2406248 hash=2d4c52…2e0d43 drop=1 dropfrom=d6886d…cbb131 add=1 addfrom=b66185…737db5\n","stream":"stderr","time":"2020-03-25T08:37:20.947254846Z"}
{"log":"INFO [03-25|08:37:20.947] Imported new chain segment               blocks=1     txs=0     mgas=0.000   elapsed=718.866µs mgasps=0.000    number=2406249 hash=b66185…737db5 dirty=688.75MiB\n","stream":"stderr","time":"2020-03-25T08:37:20.947498071Z"}
{"log":"INFO [03-25|08:37:20.951] Chain reorg detected                     number=2406248 hash=2d4c52…2e0d43 drop=1 dropfrom=b66185…737db5 add=1 addfrom=78430f…70ca68\n","stream":"stderr","time":"2020-03-25T08:37:20.951611809Z"}
{"log":"INFO [03-25|08:37:20.951] Imported new chain segment               blocks=1     txs=1     mgas=0.056   elapsed=2.163ms   mgasps=25.765   number=2406249 hash=78430f…70ca68 dirty=688.77MiB\n","stream":"stderr","time":"2020-03-25T08:37:20.951933559Z"}
{"log":"INFO [03-25|08:37:22.101] Imported new chain segment               blocks=1     txs=1     mgas=0.056   elapsed=2.747ms   mgasps=20.285   number=2406249 hash=5076b8…c4e01f dirty=688.77MiB\n","stream":"stderr","time":"2020-03-25T08:37:22.101445953Z"}
{"log":"INFO [03-25|08:37:35.416] Chain reorg detected                     number=2406248 hash=2d4c52…2e0d43 drop=1 dropfrom=78430f…70ca68 add=2 addfrom=df0cd3…e2c5ba\n","stream":"stderr","time":"2020-03-25T08:37:35.417511638Z"}
{"log":"INFO [03-25|08:37:35.418] Imported new chain segment               blocks=1     txs=2     mgas=0.489   elapsed=28.209ms  mgasps=17.332   number=2406250 hash=df0cd3…e2c5ba dirty=688.70MiB\n","stream":"stderr","time":"2020-03-25T08:37:35.418884216Z"}
{"log":"INFO [03-25|08:37:35.487] Imported new chain segment               blocks=1     txs=2     mgas=0.489   elapsed=27.489ms  mgasps=17.786   number=2406250 hash=134ab7…79bffd dirty=688.70MiB\n","stream":"stderr","time":"2020-03-25T08:37:35.487821518Z"}
{"log":"INFO [03-25|08:37:35.877] Imported new chain segment               blocks=1     txs=2     mgas=0.489   elapsed=18.814ms  mgasps=25.987   number=2406250 hash=104363…4869bd dirty=688.70MiB\n","stream":"stderr","time":"2020-03-25T08:37:35.877548878Z"}
{"log":"INFO [03-25|08:37:36.055] Imported new chain segment               blocks=1     txs=2     mgas=0.489   elapsed=17.387ms  mgasps=28.120   number=2406250 hash=afed7e…24444b dirty=688.71MiB\n","stream":"stderr","time":"2020-03-25T08:37:36.055707258Z"}
{"log":"INFO [03-25|08:37:36.854] Imported new chain segment               blocks=1     txs=2     mgas=0.489   elapsed=18.453ms  mgasps=26.495   number=2406250 hash=bd68ca…4b3b2b dirty=688.71MiB\n","stream":"stderr","time":"2020-03-25T08:37:36.854523041Z"}
{"log":"INFO [03-25|08:37:50.176] Imported new chain segment               blocks=1     txs=1     mgas=0.096   elapsed=2.783ms   mgasps=34.457   number=2406251 hash=a9fcc2…f949bf dirty=688.70MiB\n","stream":"stderr","time":"2020-03-25T08:37:50.17695028Z"}
{"log":"INFO [03-25|08:37:51.413] Imported new chain segment               blocks=1     txs=1     mgas=0.096   elapsed=2.986ms   mgasps=32.115   number=2406251 hash=ef2acd…e722b4 dirty=688.70MiB\n","stream":"stderr","time":"2020-03-25T08:37:51.413830593Z"}
{"log":"INFO [03-25|08:38:05.825] Imported new chain segment               blocks=1     txs=7     mgas=2.103   elapsed=21.616ms  mgasps=97.285   number=2406252 hash=b3b49d…5e0390 dirty=688.83MiB\n","stream":"stderr","time":"2020-03-25T08:38:05.825323685Z"}
{"log":"INFO [03-25|08:38:05.945] Chain reorg detected                     number=2406251 hash=a9fcc2…f949bf drop=1 dropfrom=b3b49d…5e0390 add=1 addfrom=d5c8bb…399e63\n","stream":"stderr","time":"2020-03-25T08:38:05.946122939Z"}
{"log":"INFO [03-25|08:38:05.946] Imported new chain segment               blocks=1     txs=10    mgas=2.215   elapsed=18.430ms  mgasps=120.184  number=2406252 hash=d5c8bb…399e63 dirty=688.84MiB\n","stream":"stderr","time":"2020-03-25T08:38:05.946447039Z"}
{"log":"INFO [03-25|08:38:06.387] Chain reorg detected                     number=2406251 hash=a9fcc2…f949bf drop=1 dropfrom=d5c8bb…399e63 add=1 addfrom=0b6b4f…75983f\n","stream":"stderr","time":"2020-03-25T08:38:06.38745747Z"}
{"log":"INFO [03-25|08:38:06.387] Imported new chain segment               blocks=1     txs=1     mgas=0.096   elapsed=2.617ms   mgasps=36.640   number=2406252 hash=0b6b4f…75983f dirty=688.84MiB\n","stream":"stderr","time":"2020-03-25T08:38:06.387749946Z"}
{"log":"INFO [03-25|08:38:06.442] Imported new chain segment               blocks=1     txs=6     mgas=2.082   elapsed=12.908ms  mgasps=161.295  number=2406252 hash=2477a3…696fa5 dirty=688.85MiB\n","stream":"stderr","time":"2020-03-25T08:38:06.442546155Z"}
{"log":"INFO [03-25|08:38:19.411] Deep froze chain segment                 blocks=4     elapsed=29.164ms  number=2316251 hash=d7c4d5…4afa2e\n","stream":"stderr","time":"2020-03-25T08:38:19.412041937Z"}
{"log":"INFO [03-25|08:38:20.591] Chain reorg detected                     number=2406251 hash=a9fcc2…f949bf drop=1 dropfrom=0b6b4f…75983f add=2 addfrom=005cfa…e339b7\n","stream":"stderr","time":"2020-03-25T08:38:20.591239687Z"}
{"log":"INFO [03-25|08:38:20.591] Imported new chain segment               blocks=1     txs=4     mgas=0.133   elapsed=3.722ms   mgasps=35.746   number=2406253 hash=005cfa…e339b7 dirty=688.85MiB\n","stream":"stderr","time":"2020-03-25T08:38:20.592061372Z"}
{"log":"INFO [03-25|08:38:22.976] Chain reorg detected                     number=2406251 hash=a9fcc2…f949bf drop=2 dropfrom=005cfa…e339b7 add=2 addfrom=b2b2d3…966e71\n","stream":"stderr","time":"2020-03-25T08:38:22.979265964Z"}
{"log":"INFO [03-25|08:38:22.977] Imported new chain segment               blocks=1     txs=3     mgas=0.112   elapsed=5.005ms   mgasps=22.387   number=2406253 hash=b2b2d3…966e71 dirty=688.85MiB\n","stream":"stderr","time":"2020-03-25T08:38:22.979305235Z"}
{"log":"INFO [03-25|08:38:35.129] Imported new chain segment               blocks=1     txs=0     mgas=0.000   elapsed=1.275ms   mgasps=0.000    number=2406254 hash=135ea2…a1626e dirty=688.81MiB\n","stream":"stderr","time":"2020-03-25T08:38:35.129905463Z"}
{"log":"INFO [03-25|08:38:50.760] Imported new chain segment               blocks=1     txs=1     mgas=0.111   elapsed=4.409ms   mgasps=25.176   number=2406255 hash=8e8b31…624007 dirty=688.80MiB\n","stream":"stderr","time":"2020-03-25T08:38:50.760974528Z"}
{"log":"INFO [03-25|08:38:52.658] Chain reorg detected                     number=2406254 hash=135ea2…a1626e drop=1 dropfrom=8e8b31…624007 add=1 addfrom=85f323…607aac\n","stream":"stderr","time":"2020-03-25T08:38:52.659046517Z"}
{"log":"INFO [03-25|08:38:52.659] Imported new chain segment               blocks=1     txs=0     mgas=0.000   elapsed=943.422µs mgasps=0.000    number=2406255 hash=85f323…607aac dirty=688.80MiB\n","stream":"stderr","time":"2020-03-25T08:38:52.662706954Z"}
{"log":"INFO [03-25|08:39:05.066] Imported new chain segment               blocks=1     txs=1     mgas=0.111   elapsed=2.982ms   mgasps=37.228   number=2406256 hash=91716a…b7c686 dirty=688.80MiB\n","stream":"stderr","time":"2020-03-25T08:39:05.06630429Z"}
{"log":"INFO [03-25|08:39:07.216] Imported new chain segment               blocks=1     txs=0     mgas=0.000   elapsed=282.86µs  mgasps=0.000    number=2406256 hash=9ec0fa…188bc1 dirty=688.80MiB\n","stream":"stderr","time":"2020-03-25T08:39:07.216582012Z"}
{"log":"INFO [03-25|08:39:19.444] Deep froze chain segment                 blocks=4     elapsed=31.913ms  number=2316255 hash=91e442…63be45\n","stream":"stderr","time":"2020-03-25T08:39:19.444332998Z"}
{"log":"INFO [03-25|08:39:20.062] Imported new chain segment               blocks=1     txs=0     mgas=0.000   elapsed=1.047ms   mgasps=0.000    number=2406257 hash=ad7691…0e5acc dirty=688.77MiB\n","stream":"stderr","time":"2020-03-25T08:39:20.062842555Z"}
{"log":"INFO [03-25|08:39:35.109] Imported new chain segment               blocks=1     txs=0     mgas=0.000   elapsed=1.513ms   mgasps=0.000    number=2406258 hash=39a94f…c34316 dirty=688.72MiB\n","stream":"stderr","time":"2020-03-25T08:39:35.109391879Z"}
{"log":"INFO [03-25|08:39:51.065] Imported new chain segment               blocks=1     txs=0     mgas=0.000   elapsed=768.83µs  mgasps=0.000    number=2406259 hash=730c35…6e2980 dirty=688.69MiB\n","stream":"stderr","time":"2020-03-25T08:39:51.06542822Z"}
{"log":"INFO [03-25|08:39:52.525] Chain reorg detected                     number=2406258 hash=39a94f…c34316 drop=1 dropfrom=730c35…6e2980 add=1 addfrom=1ad1f1…5a6e2b\n","stream":"stderr","time":"2020-03-25T08:39:52.525832034Z"}
{"log":"INFO [03-25|08:39:52.525] Imported new chain segment               blocks=1     txs=1     mgas=0.524   elapsed=14.044ms  mgasps=37.318   number=2406259 hash=1ad1f1…5a6e2b dirty=688.72MiB\n","stream":"stderr","time":"2020-03-25T08:39:52.526038786Z"}
{"log":"INFO [03-25|08:40:05.286] Chain reorg detected                     number=2406258 hash=39a94f…c34316 drop=1 dropfrom=1ad1f1…5a6e2b add=2 addfrom=97a919…99334d\n","stream":"stderr","time":"2020-03-25T08:40:05.287128783Z"}
{"log":"INFO [03-25|08:40:05.287] Imported new chain segment               blocks=1     txs=2     mgas=0.620   elapsed=16.371ms  mgasps=37.873   number=2406260 hash=97a919…99334d dirty=688.62MiB\n","stream":"stderr","time":"2020-03-25T08:40:05.287453993Z"}
{"log":"INFO [03-25|08:40:05.534] Imported new chain segment               blocks=1     txs=1     mgas=0.524   elapsed=14.070ms  mgasps=37.251   number=2406260 hash=0b9da5…9ce460 dirty=688.62MiB\n","stream":"stderr","time":"2020-03-25T08:40:05.534424637Z"}
{"log":"INFO [03-25|08:40:12.167] Imported new chain segment               blocks=1     txs=2     mgas=0.620   elapsed=25.616ms  mgasps=24.205   number=2406260 hash=e65847…993773 dirty=688.63MiB\n","stream":"stderr","time":"2020-03-25T08:40:12.168078089Z"}
{"log":"INFO [03-25|08:40:19.465] Deep froze chain segment                 blocks=4     elapsed=20.653ms  number=2316259 hash=b53ca4…fcfa20\n","stream":"stderr","time":"2020-03-25T08:40:19.465316342Z"}
{"log":"INFO [03-25|08:40:20.125] Imported new chain segment               blocks=1     txs=0     mgas=0.000   elapsed=898.325µs mgasps=0.000    number=2406261 hash=683850…bca9ea dirty=688.62MiB\n","stream":"stderr","time":"2020-03-25T08:40:20.126086651Z"}
{"log":"INFO [03-25|08:40:22.865] Imported new chain segment               blocks=1     txs=0     mgas=0.000   elapsed=363.817µs mgasps=0.000    number=2406261 hash=0440a9…504237 dirty=688.62MiB\n","stream":"stderr","time":"2020-03-25T08:40:22.86603007Z"}
{"log":"INFO [03-25|08:40:35.277] Imported new chain segment               blocks=1     txs=0     mgas=0.000   elapsed=472.499µs mgasps=0.000    number=2406262 hash=4cf926…0851db dirty=688.62MiB\n","stream":"stderr","time":"2020-03-25T08:40:35.277421012Z"}
{"log":"INFO [03-25|08:40:37.791] Imported new chain segment               blocks=1     txs=4     mgas=3.375   elapsed=19.498ms  mgasps=173.095  number=2406262 hash=6db008…187d91 dirty=688.90MiB\n","stream":"stderr","time":"2020-03-25T08:40:37.791462041Z"}
{"log":"INFO [03-25|08:40:38.523] Imported new chain segment               blocks=1     txs=0     mgas=0.000   elapsed=370.777µs mgasps=0.000    number=2406262 hash=565a76…8dd580 dirty=688.90MiB\n","stream":"stderr","time":"2020-03-25T08:40:38.523285918Z"}
{"log":"INFO [03-25|08:40:38.542] Imported new chain segment               blocks=1     txs=4     mgas=3.375   elapsed=18.401ms  mgasps=183.411  number=2406262 hash=a0ea0c…4b92bf dirty=688.91MiB\n","stream":"stderr","time":"2020-03-25T08:40:38.542580441Z"}
{"log":"INFO [03-25|08:40:52.032] Imported new chain segment               blocks=1     txs=6     mgas=3.582   elapsed=26.121ms  mgasps=137.129  number=2406263 hash=df6f5b…6a026b dirty=688.94MiB\n","stream":"stderr","time":"2020-03-25T08:40:52.03257864Z"}
{"log":"INFO [03-25|08:40:53.345] Chain reorg detected                     number=2406262 hash=4cf926…0851db drop=1 dropfrom=df6f5b…6a026b add=1 addfrom=b814ba…4a0ba8\n","stream":"stderr","time":"2020-03-25T08:40:53.345418834Z"}
{"log":"INFO [03-25|08:40:53.345] Imported new chain segment               blocks=1     txs=6     mgas=3.324   elapsed=29.000ms  mgasps=114.605  number=2406263 hash=b814ba…4a0ba8 dirty=688.98MiB\n","stream":"stderr","time":"2020-03-25T08:40:53.345657359Z"}
{"log":"INFO [03-25|08:40:53.824] Imported new chain segment               blocks=1     txs=6     mgas=3.582   elapsed=25.233ms  mgasps=141.952  number=2406263 hash=bbb2d6…48b8aa dirty=688.98MiB\n","stream":"stderr","time":"2020-03-25T08:40:53.824829416Z"}
{"log":"INFO [03-25|08:41:06.166] Chain reorg detected                     number=2406262 hash=4cf926…0851db drop=1 dropfrom=b814ba…4a0ba8 add=2 addfrom=b8b09a…dd5d6f\n","stream":"stderr","time":"2020-03-25T08:41:06.167210765Z"}
{"log":"INFO [03-25|08:41:06.167] Imported new chain segment               blocks=1     txs=5     mgas=0.967   elapsed=24.213ms  mgasps=39.952   number=2406264 hash=b8b09a…dd5d6f dirty=689.02MiB\n","stream":"stderr","time":"2020-03-25T08:41:06.168077269Z"}
{"log":"INFO [03-25|08:41:06.365] Chain reorg detected                     number=2406263 hash=df6f5b…6a026b drop=1 dropfrom=b8b09a…dd5d6f add=1 addfrom=8a9510…379209\n","stream":"stderr","time":"2020-03-25T08:41:06.36620073Z"}
{"log":"INFO [03-25|08:41:06.366] Imported new chain segment               blocks=1     txs=4     mgas=0.871   elapsed=22.149ms  mgasps=39.347   number=2406264 hash=8a9510…379209 dirty=689.03MiB\n","stream":"stderr","time":"2020-03-25T08:41:06.36662218Z"}
{"log":"INFO [03-25|08:41:06.655] Imported new chain segment               blocks=1     txs=6     mgas=3.324   elapsed=36.413ms  mgasps=91.275   number=2406263 hash=333c6a…cdf0e9 dirty=689.03MiB\n","stream":"stderr","time":"2020-03-25T08:41:06.655723103Z"}
{"log":"INFO [03-25|08:41:19.503] Deep froze chain segment                 blocks=4     elapsed=37.664ms  number=2316263 hash=e042e3…341d0c\n","stream":"stderr","time":"2020-03-25T08:41:19.503417547Z"}
{"log":"INFO [03-25|08:41:21.616] Imported new chain segment               blocks=1     txs=2     mgas=0.529   elapsed=23.532ms  mgasps=22.485   number=2406265 hash=302271…d7c518 dirty=689.03MiB\n","stream":"stderr","time":"2020-03-25T08:41:21.617108019Z"}
{"log":"INFO [03-25|08:41:36.056] Imported new chain segment               blocks=1     txs=0     mgas=0.000   elapsed=844.703µs mgasps=0.000    number=2406266 hash=f67bbb…aec04d dirty=689.01MiB\n","stream":"stderr","time":"2020-03-25T08:41:36.056715805Z"}
{"log":"INFO [03-25|08:41:52.315] Imported new chain segment               blocks=1     txs=0     mgas=0.000   elapsed=707.987µs mgasps=0.000    number=2406267 hash=e4faf9…da466c dirty=688.99MiB\n","stream":"stderr","time":"2020-03-25T08:41:52.315183979Z"}
{"log":"INFO [03-25|08:42:06.127] Imported new chain segment               blocks=1     txs=2     mgas=0.544   elapsed=21.426ms  mgasps=25.401   number=2406268 hash=1df528…686877 dirty=689.01MiB\n","stream":"stderr","time":"2020-03-25T08:42:06.127659305Z"}
{"log":"INFO [03-25|08:42:12.375] Imported new chain segment               blocks=1     txs=2     mgas=0.544   elapsed=19.253ms  mgasps=28.268   number=2406268 hash=55fb6f…82a103 dirty=689.01MiB\n","stream":"stderr","time":"2020-03-25T08:42:12.375274147Z"}
{"log":"INFO [03-25|08:42:19.528] Deep froze chain segment                 blocks=4     elapsed=24.808ms  number=2316267 hash=a5327e…e1aed7\n","stream":"stderr","time":"2020-03-25T08:42:19.528670717Z"}
{"log":"INFO [03-25|08:42:21.355] Imported new chain segment               blocks=1     txs=0     mgas=0.000   elapsed=594.341µs mgasps=0.000    number=2406269 hash=18e810…3c975e dirty=689.00MiB\n","stream":"stderr","time":"2020-03-25T08:42:21.355698756Z"}
{"log":"INFO [03-25|08:42:36.140] Imported new chain segment               blocks=1     txs=0     mgas=0.000   elapsed=4.343ms   mgasps=0.000    number=2406270 hash=6c438d…d9cdf0 dirty=688.78MiB\n","stream":"stderr","time":"2020-03-25T08:42:36.140282343Z"}
{"log":"INFO [03-25|08:42:38.654] Imported new chain segment               blocks=1     txs=0     mgas=0.000   elapsed=690.083µs mgasps=0.000    number=2406270 hash=e41cf4…1b087c dirty=688.78MiB\n","stream":"stderr","time":"2020-03-25T08:42:38.654445513Z"}
{"log":"INFO [03-25|08:42:53.034] Imported new chain segment               blocks=1     txs=0     mgas=0.000   elapsed=2.866ms   mgasps=0.000    number=2406271 hash=7d49fc…500850 dirty=688.64MiB\n","stream":"stderr","time":"2020-03-25T08:42:53.034550733Z"}
{"log":"INFO [03-25|08:42:53.830] Imported new chain segment               blocks=1     txs=1     mgas=0.433   elapsed=16.101ms  mgasps=26.904   number=2406271 hash=543b0d…357e79 dirty=688.66MiB\n","stream":"stderr","time":"2020-03-25T08:42:53.830410849Z"}
{"log":"INFO [03-25|08:42:54.755] Imported new chain segment               blocks=1     txs=0     mgas=0.000   elapsed=313.099µs mgasps=0.000    number=2406271 hash=a79037…6c0044 dirty=688.66MiB\n","stream":"stderr","time":"2020-03-25T08:42:54.755541899Z"}
{"log":"INFO [03-25|08:43:06.458] Chain reorg detected                     number=2406270 hash=6c438d…d9cdf0 drop=1 dropfrom=7d49fc…500850 add=2 addfrom=56a9d6…b228b7\n","stream":"stderr","time":"2020-03-25T08:43:06.458928253Z"}
{"log":"INFO [03-25|08:43:06.459] Imported new chain segment               blocks=1     txs=2     mgas=0.150   elapsed=7.331ms   mgasps=20.511   number=2406272 hash=56a9d6…b228b7 dirty=688.66MiB\n","stream":"stderr","time":"2020-03-25T08:43:06.459436132Z"}
{"log":"INFO [03-25|08:43:06.872] Chain reorg detected                     number=2406270 hash=6c438d…d9cdf0 drop=2 dropfrom=56a9d6…b228b7 add=2 addfrom=18eba3…2d92d5\n","stream":"stderr","time":"2020-03-25T08:43:06.872911943Z"}
{"log":"INFO [03-25|08:43:06.873] Imported new chain segment               blocks=1     txs=2     mgas=0.150   elapsed=4.790ms   mgasps=31.391   number=2406272 hash=18eba3…2d92d5 dirty=688.66MiB\n","stream":"stderr","time":"2020-03-25T08:43:06.873265462Z"}
{"log":"INFO [03-25|08:43:06.903] Chain reorg detected                     number=2406271 hash=7d49fc…500850 drop=1 dropfrom=18eba3…2d92d5 add=1 addfrom=f09b72…777d33\n","stream":"stderr","time":"2020-03-25T08:43:06.903576963Z"}
{"log":"INFO [03-25|08:43:06.903] Imported new chain segment               blocks=1     txs=1     mgas=0.039   elapsed=1.485ms   mgasps=26.487   number=2406272 hash=f09b72…777d33 dirty=688.66MiB\n","stream":"stderr","time":"2020-03-25T08:43:06.903771277Z"}
{"log":"INFO [03-25|08:43:08.662] Imported new chain segment               blocks=1     txs=1     mgas=0.433   elapsed=15.327ms  mgasps=28.264   number=2406271 hash=666034…83dc8c dirty=688.67MiB\n","stream":"stderr","time":"2020-03-25T08:43:08.662431742Z"}
{"log":"INFO [03-25|08:43:09.034] Chain reorg detected                     number=2406271 hash=7d49fc…500850 drop=1 dropfrom=f09b72…777d33 add=1 addfrom=34864b…a889fb\n","stream":"stderr","time":"2020-03-25T08:43:09.035117006Z"}
{"log":"INFO [03-25|08:43:09.035] Imported new chain segment               blocks=1     txs=1     mgas=0.039   elapsed=1.842ms   mgasps=21.360   number=2406272 hash=34864b…a889fb dirty=688.67MiB\n","stream":"stderr","time":"2020-03-25T08:43:09.035346087Z"}
{"log":"INFO [03-25|08:43:19.565] Deep froze chain segment                 blocks=4     elapsed=36.327ms  number=2316271 hash=ef6585…3b8f93\n","stream":"stderr","time":"2020-03-25T08:43:19.565654868Z"}
{"log":"INFO [03-25|08:43:21.445] Imported new chain segment               blocks=1     txs=1     mgas=0.111   elapsed=3.971ms   mgasps=27.954   number=2406273 hash=ea9f9b…439b27 dirty=688.67MiB\n","stream":"stderr","time":"2020-03-25T08:43:21.446185203Z"}
{"log":"INFO [03-25|08:43:36.118] Imported new chain segment               blocks=1     txs=0     mgas=0.000   elapsed=816.568µs mgasps=0.000    number=2406274 hash=44bbda…a31387 dirty=688.65MiB\n","stream":"stderr","time":"2020-03-25T08:43:36.118696233Z"}
{"log":"INFO [03-25|08:43:51.892] Imported new chain segment               blocks=1     txs=0     mgas=0.000   elapsed=1.017ms   mgasps=0.000    number=2406275 hash=4c4c89…189866 dirty=688.65MiB\n","stream":"stderr","time":"2020-03-25T08:43:51.892456348Z"}
{"log":"INFO [03-25|08:44:06.067] Imported new chain segment               blocks=1     txs=0     mgas=0.000   elapsed=872.959µs mgasps=0.000    number=2406276 hash=a27c02…51337c dirty=688.63MiB\n","stream":"stderr","time":"2020-03-25T08:44:06.067791413Z"}
{"log":"INFO [03-25|08:44:19.597] Deep froze chain segment                 blocks=4     elapsed=32.177ms  number=2316275 hash=2971d6…89812e\n","stream":"stderr","time":"2020-03-25T08:44:19.598080016Z"}
{"log":"INFO [03-25|08:44:21.531] Imported new chain segment               blocks=1     txs=1     mgas=0.056   elapsed=2.091ms   mgasps=26.648   number=2406277 hash=da7b57…3849aa dirty=688.64MiB\n","stream":"stderr","time":"2020-03-25T08:44:21.531720847Z"}
{"log":"INFO [03-25|08:44:36.126] Imported new chain segment               blocks=1     txs=1     mgas=0.111   elapsed=4.550ms   mgasps=24.398   number=2406278 hash=3e1da4…f02a66 dirty=688.64MiB\n","stream":"stderr","time":"2020-03-25T08:44:36.126469179Z"}
{"log":"INFO [03-25|08:44:39.991] Imported new chain segment               blocks=1     txs=1     mgas=0.111   elapsed=3.842ms   mgasps=28.898   number=2406278 hash=7d2c22…b0afd4 dirty=688.64MiB\n","stream":"stderr","time":"2020-03-25T08:44:39.991311517Z"}
{"log":"INFO [03-25|08:44:52.132] Imported new chain segment               blocks=1     txs=1     mgas=0.487   elapsed=17.229ms  mgasps=28.243   number=2406279 hash=398827…c5a0ef dirty=688.65MiB\n","stream":"stderr","time":"2020-03-25T08:44:52.132344988Z"}
{"log":"INFO [03-25|08:44:52.197] Imported new chain segment               blocks=1     txs=0     mgas=0.000   elapsed=214.275µs mgasps=0.000    number=2406279 hash=e3ee27…b4e5b4 dirty=688.65MiB\n","stream":"stderr","time":"2020-03-25T08:44:52.197641062Z"}
{"log":"INFO [03-25|08:45:06.286] Imported new chain segment               blocks=1     txs=0     mgas=0.000   elapsed=619.367µs mgasps=0.000    number=2406280 hash=c084f1…2cf49c dirty=688.65MiB\n","stream":"stderr","time":"2020-03-25T08:45:06.286245927Z"}
{"log":"INFO [03-25|08:45:06.479] Chain reorg detected                     number=2406278 hash=3e1da4…f02a66 drop=2 dropfrom=c084f1…2cf49c add=2 addfrom=e05e54…31d93e\n","stream":"stderr","time":"2020-03-25T08:45:06.479531189Z"}
{"log":"INFO [03-25|08:45:06.480] Imported new chain segment               blocks=1     txs=1     mgas=0.487   elapsed=13.864ms  mgasps=35.098   number=2406280 hash=e05e54…31d93e dirty=688.65MiB\n","stream":"stderr","time":"2020-03-25T08:45:06.480175513Z"}
{"log":"INFO [03-25|08:45:19.641] Deep froze chain segment                 blocks=4     elapsed=42.956ms  number=2316279 hash=d45782…e8aadf\n","stream":"stderr","time":"2020-03-25T08:45:19.641487609Z"}
{"log":"INFO [03-25|08:45:21.434] Chain reorg detected                     number=2406278 hash=3e1da4…f02a66 drop=2 dropfrom=e05e54…31d93e add=3 addfrom=0474c2…e10b5a\n","stream":"stderr","time":"2020-03-25T08:45:21.434894225Z"}
{"log":"INFO [03-25|08:45:21.435] Imported new chain segment               blocks=1     txs=1     mgas=0.111   elapsed=4.550ms   mgasps=24.393   number=2406281 hash=0474c2…e10b5a dirty=688.67MiB\n","stream":"stderr","time":"2020-03-25T08:45:21.435490468Z"}
{"log":"INFO [03-25|08:45:36.309] Imported new chain segment               blocks=1     txs=6     mgas=2.171   elapsed=37.864ms  mgasps=57.327   number=2406282 hash=620933…754c7b dirty=688.79MiB\n","stream":"stderr","time":"2020-03-25T08:45:36.309760273Z"}
{"log":"INFO [03-25|08:45:36.844] Chain reorg detected                     number=2406281 hash=0474c2…e10b5a drop=1 dropfrom=620933…754c7b add=1 addfrom=63e6de…5a8bee\n","stream":"stderr","time":"2020-03-25T08:45:36.845168409Z"}
{"log":"INFO [03-25|08:45:36.845] Imported new chain segment               blocks=1     txs=1     mgas=3.746   elapsed=25.592ms  mgasps=146.358  number=2406282 hash=63e6de…5a8bee dirty=689.18MiB\n","stream":"stderr","time":"2020-03-25T08:45:36.845426019Z"}
{"log":"INFO [03-25|08:45:52.554] Imported new chain segment               blocks=1     txs=7     mgas=2.267   elapsed=98.852ms  mgasps=22.929   number=2406283 hash=4373f5…03dbdd dirty=689.19MiB\n","stream":"stderr","time":"2020-03-25T08:45:52.555379728Z"}
{"log":"INFO [03-25|08:45:52.886] Imported new chain segment               blocks=1     txs=6     mgas=2.171   elapsed=198.678ms mgasps=10.925   number=2406283 hash=d10485…fce559 dirty=689.20MiB\n","stream":"stderr","time":"2020-03-25T08:45:52.886686815Z"}
{"log":"INFO [03-25|08:45:53.444] Imported new chain segment               blocks=1     txs=1     mgas=3.746   elapsed=69.000ms  mgasps=54.285   number=2406283 hash=4ffb43…c28af6 dirty=689.20MiB\n","stream":"stderr","time":"2020-03-25T08:45:53.444447974Z"}
{"log":"INFO [03-25|08:46:06.135] Chain reorg detected                     number=2406282 hash=63e6de…5a8bee drop=1 dropfrom=4373f5…03dbdd add=2 addfrom=90fa78…30360a\n","stream":"stderr","time":"2020-03-25T08:46:06.136217709Z"}
{"log":"INFO [03-25|08:46:06.137] Imported new chain segment               blocks=1     txs=1     mgas=0.096   elapsed=4.233ms   mgasps=22.653   number=2406284 hash=90fa78…30360a dirty=689.20MiB\n","stream":"stderr","time":"2020-03-25T08:46:06.137738518Z"}
{"log":"INFO [03-25|08:46:06.191] Chain reorg detected                     number=2406283 hash=d10485…fce559 drop=1 dropfrom=90fa78…30360a add=1 addfrom=f1bc3f…82bcf8\n","stream":"stderr","time":"2020-03-25T08:46:06.191827188Z"}
{"log":"INFO [03-25|08:46:06.192] Imported new chain segment               blocks=1     txs=1     mgas=0.096   elapsed=4.734ms   mgasps=20.259   number=2406284 hash=f1bc3f…82bcf8 dirty=689.20MiB\n","stream":"stderr","time":"2020-03-25T08:46:06.192351845Z"}
{"log":"INFO [03-25|08:46:19.672] Deep froze chain segment                 blocks=4     elapsed=30.806ms  number=2316283 hash=7100cd…ddb065\n","stream":"stderr","time":"2020-03-25T08:46:19.672733459Z"}
{"log":"INFO [03-25|08:46:21.306] Imported new chain segment               blocks=1     txs=0     mgas=0.000   elapsed=372.052µs mgasps=0.000    number=2406285 hash=ccf2c7…2a3224 dirty=689.20MiB\n","stream":"stderr","time":"2020-03-25T08:46:21.308069578Z"}
{"log":"INFO [03-25|08:46:22.243] Imported new chain segment               blocks=1     txs=0     mgas=0.000   elapsed=994.932µs mgasps=0.000    number=2406285 hash=1c8853…5146ad dirty=689.20MiB\n","stream":"stderr","time":"2020-03-25T08:46:22.243842282Z"}
{"log":"INFO [03-25|08:46:36.083] Imported new chain segment               blocks=1     txs=2     mgas=0.529   elapsed=18.203ms  mgasps=29.068   number=2406286 hash=3178c9…ab3d9a dirty=689.21MiB\n","stream":"stderr","time":"2020-03-25T08:46:36.084102613Z"}
{"log":"INFO [03-25|08:46:38.252] Imported new chain segment               blocks=1     txs=1     mgas=0.096   elapsed=2.163ms   mgasps=44.321   number=2406286 hash=13a526…4be024 dirty=689.22MiB\n","stream":"stderr","time":"2020-03-25T08:46:38.254732517Z"}
{"log":"INFO [03-25|08:46:51.094] Imported new chain segment               blocks=1     txs=2     mgas=0.207   elapsed=7.112ms   mgasps=29.095   number=2406287 hash=3e58b0…0bb858 dirty=689.25MiB\n","stream":"stderr","time":"2020-03-25T08:46:51.094296427Z"}
{"log":"INFO [03-25|08:46:52.317] Imported new chain segment               blocks=1     txs=0     mgas=0.000   elapsed=330.832µs mgasps=0.000    number=2406287 hash=341d2e…19bced dirty=689.25MiB\n","stream":"stderr","time":"2020-03-25T08:46:52.31759716Z"}
{"log":"INFO [03-25|08:47:06.111] Imported new chain segment               blocks=1     txs=0     mgas=0.000   elapsed=770.769µs mgasps=0.000    number=2406288 hash=4bd725…d49e3f dirty=689.24MiB\n","stream":"stderr","time":"2020-03-25T08:47:06.11185595Z"}
{"log":"INFO [03-25|08:47:07.860] Imported new chain segment               blocks=1     txs=0     mgas=0.000   elapsed=423.277µs mgasps=0.000    number=2406288 hash=1a4fe7…ecece9 dirty=689.24MiB\n","stream":"stderr","time":"2020-03-25T08:47:07.860982135Z"}
{"log":"INFO [03-25|08:47:19.706] Deep froze chain segment                 blocks=4     elapsed=34.265ms  number=2316287 hash=7fdf7d…a76900\n","stream":"stderr","time":"2020-03-25T08:47:19.707211748Z"}
{"log":"INFO [03-25|08:47:21.927] Imported new chain segment               blocks=1     txs=0     mgas=0.000   elapsed=1.204ms   mgasps=0.000    number=2406289 hash=698f29…242848 dirty=689.21MiB\n","stream":"stderr","time":"2020-03-25T08:47:21.928178283Z"}
{"log":"INFO [03-25|08:47:23.775] Imported new chain segment               blocks=1     txs=2     mgas=0.544   elapsed=20.355ms  mgasps=26.737   number=2406289 hash=b5c160…f541d6 dirty=689.24MiB\n","stream":"stderr","time":"2020-03-25T08:47:23.775684094Z"}
{"log":"INFO [03-25|08:47:36.694] Imported new chain segment               blocks=1     txs=4     mgas=0.845   elapsed=23.834ms  mgasps=35.472   number=2406290 hash=70740a…421ac2 dirty=689.13MiB\n","stream":"stderr","time":"2020-03-25T08:47:36.695439906Z"}
{"log":"INFO [03-25|08:47:36.717] Imported new chain segment               blocks=1     txs=5     mgas=0.868   elapsed=21.824ms  mgasps=39.780   number=2406290 hash=e9ec85…1c5701 dirty=689.14MiB\n","stream":"stderr","time":"2020-03-25T08:47:36.717406673Z"}
{"log":"INFO [03-25|08:47:42.645] Chain reorg detected                     number=2406289 hash=698f29…242848 drop=1 dropfrom=70740a…421ac2 add=1 addfrom=0d99eb…658cdc\n","stream":"stderr","time":"2020-03-25T08:47:42.645291874Z"}
{"log":"INFO [03-25|08:47:42.645] Imported new chain segment               blocks=1     txs=5     mgas=0.868   elapsed=17.341ms  mgasps=50.063   number=2406290 hash=0d99eb…658cdc dirty=689.15MiB\n","stream":"stderr","time":"2020-03-25T08:47:42.645498254Z"}
{"log":"INFO [03-25|08:47:51.240] Chain reorg detected                     number=2406289 hash=698f29…242848 drop=1 dropfrom=0d99eb…658cdc add=2 addfrom=eefc0f…0fde30\n","stream":"stderr","time":"2020-03-25T08:47:51.240254409Z"}
{"log":"INFO [03-25|08:47:51.240] Imported new chain segment               blocks=1     txs=2     mgas=0.268   elapsed=3.771ms   mgasps=71.099   number=2406291 hash=eefc0f…0fde30 dirty=689.16MiB\n","stream":"stderr","time":"2020-03-25T08:47:51.241002583Z"}
{"log":"INFO [03-25|08:48:06.606] Imported new chain segment               blocks=1     txs=0     mgas=0.000   elapsed=6.684ms   mgasps=0.000    number=2406292 hash=9fbfa9…42f004 dirty=688.80MiB\n","stream":"stderr","time":"2020-03-25T08:48:06.606643135Z"}
{"log":"INFO [03-25|08:48:06.794] Imported new chain segment               blocks=1     txs=6     mgas=2.072   elapsed=17.318ms  mgasps=119.644  number=2406292 hash=7d51bb…a6910a dirty=688.93MiB\n","stream":"stderr","time":"2020-03-25T08:48:06.794549842Z"}
{"log":"INFO [03-25|08:48:19.752] Deep froze chain segment                 blocks=4     elapsed=44.755ms  number=2316291 hash=b5e251…26d8b2\n","stream":"stderr","time":"2020-03-25T08:48:19.752482375Z"}
{"log":"INFO [03-25|08:48:21.701] Imported new chain segment               blocks=1     txs=7     mgas=2.183   elapsed=28.647ms  mgasps=76.204   number=2406293 hash=cadea7…6373b8 dirty=688.94MiB\n","stream":"stderr","time":"2020-03-25T08:48:21.70327287Z"}
{"log":"INFO [03-25|08:48:32.690] New local node record                    seq=51 id=8252fae760b7940d ip=31.147.195.65 udp=30303 tcp=30303\n","stream":"stderr","time":"2020-03-25T08:48:32.690443826Z"}
{"log":"INFO [03-25|08:48:36.150] Imported new chain segment               blocks=1     txs=2     mgas=0.232   elapsed=4.381ms   mgasps=52.941   number=2406294 hash=efb625…5429cd dirty=688.92MiB\n","stream":"stderr","time":"2020-03-25T08:48:36.150569247Z"}
{"log":"INFO [03-25|08:48:52.880] Imported new chain segment               blocks=1     txs=2     mgas=0.103   elapsed=4.181ms   mgasps=24.527   number=2406295 hash=2c8eb8…d9ef81 dirty=688.93MiB\n","stream":"stderr","time":"2020-03-25T08:48:52.880504722Z"}
{"log":"INFO [03-25|08:48:54.485] Chain reorg detected                     number=2406294 hash=efb625…5429cd drop=1 dropfrom=2c8eb8…d9ef81 add=1 addfrom=cf30fc…6cf3c8\n","stream":"stderr","time":"2020-03-25T08:48:54.486117887Z"}
{"log":"INFO [03-25|08:48:54.486] Imported new chain segment               blocks=1     txs=0     mgas=0.000   elapsed=739.203µs mgasps=0.000    number=2406295 hash=cf30fc…6cf3c8 dirty=688.93MiB\n","stream":"stderr","time":"2020-03-25T08:48:54.486382957Z"}
{"log":"INFO [03-25|08:48:54.518] Imported new chain segment               blocks=1     txs=1     mgas=0.080   elapsed=2.158ms   mgasps=36.987   number=2406295 hash=716308…c3a12b dirty=688.93MiB\n","stream":"stderr","time":"2020-03-25T08:48:54.519124514Z"}
{"log":"INFO [03-25|08:49:06.071] Chain reorg detected                     number=2406294 hash=efb625…5429cd drop=1 dropfrom=cf30fc…6cf3c8 add=2 addfrom=06bbee…0193d1\n","stream":"stderr","time":"2020-03-25T08:49:06.072094916Z"}
{"log":"INFO [03-25|08:49:06.072] Imported new chain segment               blocks=1     txs=1     mgas=0.341   elapsed=4.192ms   mgasps=81.342   number=2406296 hash=06bbee…0193d1 dirty=688.93MiB\n","stream":"stderr","time":"2020-03-25T08:49:06.072503577Z"}
{"log":"INFO [03-25|08:49:07.564] Chain reorg detected                     number=2406295 hash=2c8eb8…d9ef81 drop=1 dropfrom=06bbee…0193d1 add=1 addfrom=f4feb4…f29a38\n","stream":"stderr","time":"2020-03-25T08:49:07.564853788Z"}
{"log":"INFO [03-25|08:49:07.564] Imported new chain segment               blocks=1     txs=0     mgas=0.000   elapsed=739.524µs mgasps=0.000    number=2406296 hash=f4feb4…f29a38 dirty=688.93MiB\n","stream":"stderr","time":"2020-03-25T08:49:07.565119792Z"}
{"log":"INFO [03-25|08:49:19.789] Deep froze chain segment                 blocks=4     elapsed=36.637ms  number=2316295 hash=171431…fa2885\n","stream":"stderr","time":"2020-03-25T08:49:19.78976374Z"}
{"log":"INFO [03-25|08:49:21.089] Chain reorg detected                     number=2406295 hash=2c8eb8…d9ef81 drop=1 dropfrom=f4feb4…f29a38 add=2 addfrom=ee30ae…24cb1e\n","stream":"stderr","time":"2020-03-25T08:49:21.089619894Z"}
{"log":"INFO [03-25|08:49:21.089] Imported new chain segment               blocks=1     txs=2     mgas=0.191   elapsed=5.301ms   mgasps=36.001   number=2406297 hash=ee30ae…24cb1e dirty=688.93MiB\n","stream":"stderr","time":"2020-03-25T08:49:21.089986073Z"}
{"log":"INFO [03-25|08:49:22.414] Imported new chain segment               blocks=1     txs=1     mgas=0.111   elapsed=3.662ms   mgasps=30.312   number=2406297 hash=dc98f6…d1d710 dirty=688.93MiB\n","stream":"stderr","time":"2020-03-25T08:49:22.414694025Z"}
{"log":"INFO [03-25|08:49:36.337] Imported new chain segment               blocks=1     txs=0     mgas=0.000   elapsed=1.087ms   mgasps=0.000    number=2406298 hash=fce246…b85558 dirty=688.90MiB\n","stream":"stderr","time":"2020-03-25T08:49:36.337736234Z"}
{"log":"INFO [03-25|08:49:38.706] Chain reorg detected                     number=2406297 hash=ee30ae…24cb1e drop=1 dropfrom=fce246…b85558 add=1 addfrom=b8726d…80a791\n","stream":"stderr","time":"2020-03-25T08:49:38.706684059Z"}
{"log":"INFO [03-25|08:49:38.706] Imported new chain segment               blocks=1     txs=0     mgas=0.000   elapsed=810.689µs mgasps=0.000    number=2406298 hash=b8726d…80a791 dirty=688.90MiB\n","stream":"stderr","time":"2020-03-25T08:49:38.706976744Z"}
{"log":"INFO [03-25|08:49:51.663] Chain reorg detected                     number=2406297 hash=ee30ae…24cb1e drop=1 dropfrom=b8726d…80a791 add=2 addfrom=3c600d…b46467\n","stream":"stderr","time":"2020-03-25T08:49:51.66395154Z"}
{"log":"INFO [03-25|08:49:51.664] Imported new chain segment               blocks=1     txs=1     mgas=0.184   elapsed=2.643ms   mgasps=69.564   number=2406299 hash=3c600d…b46467 dirty=688.90MiB\n","stream":"stderr","time":"2020-03-25T08:49:51.664179064Z"}
{"log":"INFO [03-25|08:49:51.958] Chain reorg detected                     number=2406298 hash=fce246…b85558 drop=1 dropfrom=3c600d…b46467 add=1 addfrom=3a85c6…4536d7\n","stream":"stderr","time":"2020-03-25T08:49:51.958204279Z"}
{"log":"INFO [03-25|08:49:51.958] Imported new chain segment               blocks=1     txs=2     mgas=0.205   elapsed=3.960ms   mgasps=51.746   number=2406299 hash=3a85c6…4536d7 dirty=688.90MiB\n","stream":"stderr","time":"2020-03-25T08:49:51.958581442Z"}
{"log":"INFO [03-25|08:49:52.160] Imported new chain segment               blocks=1     txs=1     mgas=0.184   elapsed=4.090ms   mgasps=44.966   number=2406299 hash=b3c745…8fdd53 dirty=688.91MiB\n","stream":"stderr","time":"2020-03-25T08:49:52.16097343Z"}
{"log":"INFO [03-25|08:50:06.972] Imported new chain segment               blocks=1     txs=2     mgas=0.508   elapsed=16.364ms  mgasps=31.021   number=2406300 hash=9431f0…868257 dirty=688.81MiB\n","stream":"stderr","time":"2020-03-25T08:50:06.97257193Z"}
{"log":"INFO [03-25|08:50:08.039] Chain reorg detected                     number=2406298 hash=fce246…b85558 drop=1 dropfrom=3a85c6…4536d7 add=2 addfrom=93131c…b559fc\n","stream":"stderr","time":"2020-03-25T08:50:08.039573023Z"}
{"log":"INFO [03-25|08:50:08.039] Imported new chain segment               blocks=1     txs=3     mgas=0.587   elapsed=19.021ms  mgasps=30.885   number=2406300 hash=93131c…b559fc dirty=688.82MiB\n","stream":"stderr","time":"2020-03-25T08:50:08.040082414Z"}
{"log":"INFO [03-25|08:50:08.145] Chain reorg detected                     number=2406298 hash=fce246…b85558 drop=2 dropfrom=93131c…b559fc add=2 addfrom=bf1f27…ea6889\n","stream":"stderr","time":"2020-03-25T08:50:08.145360569Z"}
{"log":"INFO [03-25|08:50:08.145] Imported new chain segment               blocks=1     txs=1     mgas=0.487   elapsed=14.197ms  mgasps=34.278   number=2406300 hash=bf1f27…ea6889 dirty=688.83MiB\n","stream":"stderr","time":"2020-03-25T08:50:08.145782146Z"}
{"log":"INFO [03-25|08:50:17.299] Imported new chain segment               blocks=1     txs=2     mgas=0.566   elapsed=17.777ms  mgasps=31.865   number=2406300 hash=f5674a…44c88d dirty=688.83MiB\n","stream":"stderr","time":"2020-03-25T08:50:17.299398264Z"}
{"log":"INFO [03-25|08:50:19.823] Deep froze chain segment                 blocks=4     elapsed=33.305ms  number=2316299 hash=bb8559…a5c776\n","stream":"stderr","time":"2020-03-25T08:50:19.823494735Z"}
{"log":"INFO [03-25|08:50:21.127] Imported new chain segment               blocks=1     txs=1     mgas=0.080   elapsed=2.897ms   mgasps=27.553   number=2406301 hash=bce1f4…9b4e3c dirty=688.80MiB\n","stream":"stderr","time":"2020-03-25T08:50:21.127445681Z"}
{"log":"INFO [03-25|08:50:36.186] Imported new chain segment               blocks=1     txs=4     mgas=3.472   elapsed=22.832ms  mgasps=152.050  number=2406302 hash=dda0d5…4ebdaa dirty=689.09MiB\n","stream":"stderr","time":"2020-03-25T08:50:36.186701358Z"}
{"log":"INFO [03-25|08:50:52.369] Imported new chain segment               blocks=1     txs=4     mgas=0.961   elapsed=25.253ms  mgasps=38.072   number=2406303 hash=101411…e71cdc dirty=689.10MiB\n","stream":"stderr","time":"2020-03-25T08:50:52.369954359Z"}
{"log":"INFO [03-25|08:51:06.124] Imported new chain segment               blocks=1     txs=0     mgas=0.000   elapsed=589.899µs mgasps=0.000    number=2406304 hash=fedc32…8b9bbc dirty=689.10MiB\n","stream":"stderr","time":"2020-03-25T08:51:06.124814906Z"}
{"log":"INFO [03-25|08:51:19.863] Deep froze chain segment                 blocks=4     elapsed=39.395ms  number=2316303 hash=017494…7a8a89\n","stream":"stderr","time":"2020-03-25T08:51:19.863277146Z"}
{"log":"INFO [03-25|08:51:22.135] Imported new chain segment               blocks=1     txs=1     mgas=0.111   elapsed=4.374ms   mgasps=25.378   number=2406305 hash=d7285b…46bb9a dirty=689.11MiB\n","stream":"stderr","time":"2020-03-25T08:51:22.135685964Z"}
{"log":"INFO [03-25|08:51:24.572] Chain reorg detected                     number=2406304 hash=fedc32…8b9bbc drop=1 dropfrom=d7285b…46bb9a add=1 addfrom=51b21f…7b553b\n","stream":"stderr","time":"2020-03-25T08:51:24.57279773Z"}
{"log":"INFO [03-25|08:51:24.572] Imported new chain segment               blocks=1     txs=0     mgas=0.000   elapsed=516.504µs mgasps=0.000    number=2406305 hash=51b21f…7b553b dirty=689.11MiB\n","stream":"stderr","time":"2020-03-25T08:51:24.572969305Z"}
{"log":"INFO [03-25|08:51:36.084] Chain reorg detected                     number=2406304 hash=fedc32…8b9bbc drop=1 dropfrom=51b21f…7b553b add=2 addfrom=34c766…78f7e3\n","stream":"stderr","time":"2020-03-25T08:51:36.085135709Z"}
{"log":"INFO [03-25|08:51:36.085] Imported new chain segment               blocks=1     txs=2     mgas=0.544   elapsed=26.975ms  mgasps=20.176   number=2406306 hash=34c766…78f7e3 dirty=689.15MiB\n","stream":"stderr","time":"2020-03-25T08:51:36.086102405Z"}
{"log":"INFO [03-25|08:51:38.851] Imported new chain segment               blocks=1     txs=0     mgas=0.000   elapsed=489.369µs mgasps=0.000    number=2406306 hash=4bca9b…3d28cd dirty=689.15MiB\n","stream":"stderr","time":"2020-03-25T08:51:38.852049907Z"}
{"log":"INFO [03-25|08:51:52.479] Imported new chain segment               blocks=1     txs=2     mgas=0.207   elapsed=6.121ms   mgasps=33.801   number=2406307 hash=364a16…e3c15d dirty=689.16MiB\n","stream":"stderr","time":"2020-03-25T08:51:52.480097305Z"}
{"log":"INFO [03-25|08:51:52.945] Imported new chain segment               blocks=1     txs=0     mgas=0.000   elapsed=251.717µs mgasps=0.000    number=2406307 hash=44569b…382a54 dirty=689.16MiB\n","stream":"stderr","time":"2020-03-25T08:51:52.94583619Z"}
{"log":"INFO [03-25|08:52:08.251] Imported new chain segment               blocks=1     txs=0     mgas=0.000   elapsed=8.825ms   mgasps=0.000    number=2406308 hash=f3911c…79d83b dirty=689.15MiB\n","stream":"stderr","time":"2020-03-25T08:52:08.25214732Z"}
{"log":"INFO [03-25|08:52:09.357] Chain reorg detected                     number=2406307 hash=364a16…e3c15d drop=1 dropfrom=f3911c…79d83b add=1 addfrom=f02354…d9528e\n","stream":"stderr","time":"2020-03-25T08:52:09.358212248Z"}
{"log":"INFO [03-25|08:52:09.358] Imported new chain segment               blocks=1     txs=0     mgas=0.000   elapsed=648.26µs  mgasps=0.000    number=2406308 hash=f02354…d9528e dirty=689.15MiB\n","stream":"stderr","time":"2020-03-25T08:52:09.358442391Z"}
{"log":"INFO [03-25|08:52:19.899] Deep froze chain segment                 blocks=4     elapsed=35.520ms  number=2316307 hash=5717f9…d2f1af\n","stream":"stderr","time":"2020-03-25T08:52:19.899386706Z"}
{"log":"INFO [03-25|08:52:21.899] Chain reorg detected                     number=2406307 hash=364a16…e3c15d drop=1 dropfrom=f02354…d9528e add=2 addfrom=3c67bc…9d1320\n","stream":"stderr","time":"2020-03-25T08:52:21.89930571Z"}
{"log":"INFO [03-25|08:52:21.899] Imported new chain segment               blocks=1     txs=0     mgas=0.000   elapsed=7.062ms   mgasps=0.000    number=2406309 hash=3c67bc…9d1320 dirty=688.92MiB\n","stream":"stderr","time":"2020-03-25T08:52:21.899681916Z"}
{"log":"INFO [03-25|08:52:23.390] Imported new chain segment               blocks=1     txs=1     mgas=0.433   elapsed=19.882ms  mgasps=21.790   number=2406309 hash=256a8b…4d3572 dirty=688.94MiB\n","stream":"stderr","time":"2020-03-25T08:52:23.391057946Z"}
{"log":"INFO [03-25|08:52:36.379] Imported new chain segment               blocks=1     txs=2     mgas=0.529   elapsed=19.271ms  mgasps=27.458   number=2406310 hash=92ee93…41b6da dirty=688.90MiB\n","stream":"stderr","time":"2020-03-25T08:52:36.379288869Z"}
{"log":"INFO [03-25|08:52:37.530] Imported new chain segment               blocks=1     txs=1     mgas=0.433   elapsed=15.312ms  mgasps=28.294   number=2406310 hash=b12f3f…f1ec85 dirty=688.90MiB\n","stream":"stderr","time":"2020-03-25T08:52:37.530846647Z"}
{"log":"INFO [03-25|08:52:51.827] Chain reorg detected                     number=2406309 hash=3c67bc…9d1320 drop=1 dropfrom=92ee93…41b6da add=2 addfrom=469ff8…5079a1\n","stream":"stderr","time":"2020-03-25T08:52:51.827606054Z"}
{"log":"INFO [03-25|08:52:51.829] Imported new chain segment               blocks=1     txs=1     mgas=0.096   elapsed=5.151ms   mgasps=18.621   number=2406311 hash=469ff8…5079a1 dirty=688.87MiB\n","stream":"stderr","time":"2020-03-25T08:52:51.830054252Z"}
{"log":"INFO [03-25|08:52:51.832] Chain reorg detected                     number=2406310 hash=b12f3f…f1ec85 drop=1 dropfrom=469ff8…5079a1 add=1 addfrom=0c9fca…07f826\n","stream":"stderr","time":"2020-03-25T08:52:51.832431652Z"}
{"log":"INFO [03-25|08:52:51.832] Imported new chain segment               blocks=1     txs=1     mgas=0.096   elapsed=2.470ms   mgasps=38.821   number=2406311 hash=0c9fca…07f826 dirty=688.87MiB\n","stream":"stderr","time":"2020-03-25T08:52:51.832781704Z"}
{"log":"INFO [03-25|08:53:10.098] Imported new chain segment               blocks=1     txs=1     mgas=0.111   elapsed=4.863ms   mgasps=22.833   number=2406312 hash=6e8656…c96129 dirty=688.86MiB\n","stream":"stderr","time":"2020-03-25T08:53:10.098966981Z"}
{"log":"INFO [03-25|08:53:19.935] Deep froze chain segment                 blocks=4     elapsed=35.746ms  number=2316311 hash=1444f6…82bd3d\n","stream":"stderr","time":"2020-03-25T08:53:19.93553906Z"}
{"log":"INFO [03-25|08:53:22.394] Imported new chain segment               blocks=1     txs=1     mgas=0.111   elapsed=6.853ms   mgasps=16.201   number=2406313 hash=3c0ff7…3c00cf dirty=688.86MiB\n","stream":"stderr","time":"2020-03-25T08:53:22.394594028Z"}
{"log":"INFO [03-25|08:53:22.432] Imported new chain segment               blocks=1     txs=1     mgas=0.111   elapsed=3.118ms   mgasps=35.609   number=2406313 hash=a1dc60…6c8817 dirty=688.86MiB\n","stream":"stderr","time":"2020-03-25T08:53:22.432777698Z"}
{"log":"INFO [03-25|08:53:36.647] Imported new chain segment               blocks=1     txs=0     mgas=0.000   elapsed=629.449µs mgasps=0.000    number=2406314 hash=5c9e3b…b98b79 dirty=688.85MiB\n","stream":"stderr","time":"2020-03-25T08:53:36.647616248Z"}
{"log":"INFO [03-25|08:53:51.113] Imported new chain segment               blocks=1     txs=1     mgas=0.096   elapsed=3.437ms   mgasps=27.896   number=2406315 hash=b7e571…34a6a2 dirty=688.87MiB\n","stream":"stderr","time":"2020-03-25T08:53:51.113525771Z"}
{"log":"INFO [03-25|08:53:53.870] Chain reorg detected                     number=2406314 hash=5c9e3b…b98b79 drop=1 dropfrom=b7e571…34a6a2 add=1 addfrom=6958b3…172f24\n","stream":"stderr","time":"2020-03-25T08:53:53.871037916Z"}
{"log":"INFO [03-25|08:53:53.871] Imported new chain segment               blocks=1     txs=0     mgas=0.000   elapsed=752.59µs  mgasps=0.000    number=2406315 hash=6958b3…172f24 dirty=688.87MiB\n","stream":"stderr","time":"2020-03-25T08:53:53.871266281Z"}
{"log":"INFO [03-25|08:54:06.207] Imported new chain segment               blocks=1     txs=3     mgas=0.278   elapsed=6.200ms   mgasps=44.781   number=2406316 hash=5e6f45…6801d1 dirty=688.87MiB\n","stream":"stderr","time":"2020-03-25T08:54:06.207762643Z"}
{"log":"INFO [03-25|08:54:08.094] Imported new chain segment               blocks=1     txs=1     mgas=0.056   elapsed=1.983ms   mgasps=28.099   number=2406316 hash=f814b5…2a3987 dirty=688.87MiB\n","stream":"stderr","time":"2020-03-25T08:54:08.094894496Z"}
{"log":"INFO [03-25|08:54:09.703] Imported new chain segment               blocks=1     txs=0     mgas=0.000   elapsed=331.446µs mgasps=0.000    number=2406316 hash=9b5606…f62336 dirty=688.87MiB\n","stream":"stderr","time":"2020-03-25T08:54:09.703866338Z"}
{"log":"INFO [03-25|08:54:09.746] Imported new chain segment               blocks=1     txs=1     mgas=0.056   elapsed=1.211ms   mgasps=46.014   number=2406316 hash=4ee19f…fe6b08 dirty=688.88MiB\n","stream":"stderr","time":"2020-03-25T08:54:09.746509145Z"}
{"log":"INFO [03-25|08:54:19.967] Deep froze chain segment                 blocks=4     elapsed=31.290ms  number=2316315 hash=36db38…359511\n","stream":"stderr","time":"2020-03-25T08:54:19.96733731Z"}
{"log":"INFO [03-25|08:54:22.171] Imported new chain segment               blocks=1     txs=0     mgas=0.000   elapsed=475.953µs mgasps=0.000    number=2406317 hash=0838e8…74be55 dirty=688.88MiB\n","stream":"stderr","time":"2020-03-25T08:54:22.171998801Z"}
{"log":"INFO [03-25|08:54:36.085] Imported new chain segment               blocks=1     txs=0     mgas=0.000   elapsed=869.428µs mgasps=0.000    number=2406318 hash=39cd75…81b8a9 dirty=688.86MiB\n","stream":"stderr","time":"2020-03-25T08:54:36.086220595Z"}
{"log":"INFO [03-25|08:54:52.589] Imported new chain segment               blocks=1     txs=1     mgas=0.487   elapsed=13.916ms  mgasps=34.969   number=2406319 hash=129501…ccc791 dirty=688.85MiB\n","stream":"stderr","time":"2020-03-25T08:54:52.589927567Z"}
{"log":"INFO [03-25|08:54:53.345] Imported new chain segment               blocks=1     txs=1     mgas=0.487   elapsed=21.585ms  mgasps=22.545   number=2406319 hash=c6ff54…17af7f dirty=688.85MiB\n","stream":"stderr","time":"2020-03-25T08:54:53.345835632Z"}
{"log":"INFO [03-25|08:54:58.457] Chain reorg detected                     number=2406318 hash=39cd75…81b8a9 drop=1 dropfrom=129501…ccc791 add=1 addfrom=f436ae…864ab0\n","stream":"stderr","time":"2020-03-25T08:54:58.457444741Z"}
{"log":"INFO [03-25|08:54:58.457] Imported new chain segment               blocks=1     txs=1     mgas=0.487   elapsed=17.318ms  mgasps=28.100   number=2406319 hash=f436ae…864ab0 dirty=688.86MiB\n","stream":"stderr","time":"2020-03-25T08:54:58.457683978Z"}
{"log":"INFO [03-25|08:55:06.325] Chain reorg detected                     number=2406318 hash=39cd75…81b8a9 drop=1 dropfrom=f436ae…864ab0 add=2 addfrom=f02119…92ffc8\n","stream":"stderr","time":"2020-03-25T08:55:06.325718166Z"}
{"log":"INFO [03-25|08:55:06.326] Imported new chain segment               blocks=1     txs=0     mgas=0.000   elapsed=2.714ms   mgasps=0.000    number=2406320 hash=f02119…92ffc8 dirty=688.83MiB\n","stream":"stderr","time":"2020-03-25T08:55:06.326304829Z"}
{"log":"INFO [03-25|08:55:06.462] Chain reorg detected                     number=2406319 hash=129501…ccc791 drop=1 dropfrom=f02119…92ffc8 add=1 addfrom=f9e042…eeed4c\n","stream":"stderr","time":"2020-03-25T08:55:06.463289049Z"}
{"log":"INFO [03-25|08:55:06.463] Imported new chain segment               blocks=1     txs=0     mgas=0.000   elapsed=1.026ms   mgasps=0.000    number=2406320 hash=f9e042…eeed4c dirty=688.83MiB\n","stream":"stderr","time":"2020-03-25T08:55:06.463712488Z"}
{"log":"INFO [03-25|08:55:20.002] Deep froze chain segment                 blocks=4     elapsed=34.642ms  number=2316319 hash=b35ed3…7ef946\n","stream":"stderr","time":"2020-03-25T08:55:20.002210922Z"}
{"log":"INFO [03-25|08:55:21.105] Imported new chain segment               blocks=1     txs=0     mgas=0.000   elapsed=703.118µs mgasps=0.000    number=2406321 hash=3d0ec8…7e7dea dirty=688.82MiB\n","stream":"stderr","time":"2020-03-25T08:55:21.105988939Z"}
{"log":"INFO [03-25|08:55:23.878] Imported new chain segment               blocks=1     txs=0     mgas=0.000   elapsed=367.195µs mgasps=0.000    number=2406321 hash=666e28…224701 dirty=688.82MiB\n","stream":"stderr","time":"2020-03-25T08:55:23.87842553Z"}
{"log":"INFO [03-25|08:55:24.018] Imported new chain segment               blocks=1     txs=0     mgas=0.000   elapsed=335.303µs mgasps=0.000    number=2406321 hash=d8bef8…a396a9 dirty=688.82MiB\n","stream":"stderr","time":"2020-03-25T08:55:24.019184626Z"}
{"log":"INFO [03-25|08:55:37.059] Imported new chain segment               blocks=1     txs=0     mgas=0.000   elapsed=557.489µs mgasps=0.000    number=2406322 hash=7f4653…409f01 dirty=688.82MiB\n","stream":"stderr","time":"2020-03-25T08:55:37.059427056Z"}
{"log":"INFO [03-25|08:55:38.201] Imported new chain segment               blocks=1     txs=1     mgas=0.433   elapsed=17.069ms  mgasps=25.381   number=2406322 hash=6a4516…7eb3fd dirty=688.84MiB\n","stream":"stderr","time":"2020-03-25T08:55:38.201366934Z"}
{"log":"INFO [03-25|08:55:38.535] Imported new chain segment               blocks=1     txs=0     mgas=0.000   elapsed=1.003ms   mgasps=0.000    number=2406322 hash=5c101b…984654 dirty=688.84MiB\n","stream":"stderr","time":"2020-03-25T08:55:38.53553793Z"}
{"log":"INFO [03-25|08:55:51.774] Imported new chain segment               blocks=1     txs=7     mgas=2.277   elapsed=39.665ms  mgasps=57.416   number=2406323 hash=f784e6…895337 dirty=688.96MiB\n","stream":"stderr","time":"2020-03-25T08:55:51.774994222Z"}
{"log":"INFO [03-25|08:55:52.228] Chain reorg detected                     number=2406322 hash=7f4653…409f01 drop=1 dropfrom=f784e6…895337 add=1 addfrom=8d0aac…ccb8f6\n","stream":"stderr","time":"2020-03-25T08:55:52.228443562Z"}
{"log":"INFO [03-25|08:55:52.228] Imported new chain segment               blocks=1     txs=7     mgas=2.277   elapsed=50.625ms  mgasps=44.986   number=2406323 hash=8d0aac…ccb8f6 dirty=688.97MiB\n","stream":"stderr","time":"2020-03-25T08:55:52.22906485Z"}
{"log":"INFO [03-25|08:56:06.136] Chain reorg detected                     number=2406322 hash=7f4653…409f01 drop=1 dropfrom=8d0aac…ccb8f6 add=2 addfrom=4c5cb7…22fe75\n","stream":"stderr","time":"2020-03-25T08:56:06.136330687Z"}
{"log":"INFO [03-25|08:56:06.137] Imported new chain segment               blocks=1     txs=2     mgas=0.132   elapsed=4.659ms   mgasps=28.324   number=2406324 hash=4c5cb7…22fe75 dirty=688.97MiB\n","stream":"stderr","time":"2020-03-25T08:56:06.137250617Z"}
{"log":"INFO [03-25|08:56:08.911] Imported new chain segment               blocks=1     txs=2     mgas=0.132   elapsed=2.506ms   mgasps=52.663   number=2406324 hash=215cb5…bc18fa dirty=688.97MiB\n","stream":"stderr","time":"2020-03-25T08:56:08.911449001Z"}
{"log":"INFO [03-25|08:56:20.030] Deep froze chain segment                 blocks=4     elapsed=28.572ms  number=2316323 hash=168991…f0eca7\n","stream":"stderr","time":"2020-03-25T08:56:20.031066868Z"}
{"log":"INFO [03-25|08:56:21.395] Imported new chain segment               blocks=1     txs=0     mgas=0.000   elapsed=918.128µs mgasps=0.000    number=2406325 hash=e2e106…b61a93 dirty=688.95MiB\n","stream":"stderr","time":"2020-03-25T08:56:21.396541732Z"}
{"log":"INFO [03-25|08:56:23.716] Imported new chain segment               blocks=1     txs=0     mgas=0.000   elapsed=322.296µs mgasps=0.000    number=2406325 hash=d1196a…6c357b dirty=688.95MiB\n","stream":"stderr","time":"2020-03-25T08:56:23.716283549Z"}
{"log":"INFO [03-25|08:56:36.178] Imported new chain segment               blocks=1     txs=3     mgas=0.840   elapsed=22.502ms  mgasps=37.318   number=2406326 hash=599577…6721b1 dirty=688.97MiB\n","stream":"stderr","time":"2020-03-25T08:56:36.178932946Z"}
{"log":"INFO [03-25|08:56:37.105] Chain reorg detected                     number=2406325 hash=e2e106…b61a93 drop=1 dropfrom=599577…6721b1 add=1 addfrom=6a551d…4b8fba\n","stream":"stderr","time":"2020-03-25T08:56:37.105898979Z"}
{"log":"INFO [03-25|08:56:37.106] Imported new chain segment               blocks=1     txs=0     mgas=0.000   elapsed=969.687µs mgasps=0.000    number=2406326 hash=6a551d…4b8fba dirty=688.97MiB\n","stream":"stderr","time":"2020-03-25T08:56:37.106232597Z"}
{"log":"INFO [03-25|08:56:37.206] Chain reorg detected                     number=2406325 hash=e2e106…b61a93 drop=1 dropfrom=6a551d…4b8fba add=1 addfrom=8b8e72…661909\n","stream":"stderr","time":"2020-03-25T08:56:37.208734845Z"}
{"log":"INFO [03-25|08:56:37.206] Imported new chain segment               blocks=1     txs=2     mgas=0.804   elapsed=23.929ms  mgasps=33.590   number=2406326 hash=8b8e72…661909 dirty=688.97MiB\n","stream":"stderr","time":"2020-03-25T08:56:37.208762588Z"}
{"log":"INFO [03-25|08:56:51.119] Chain reorg detected                     number=2406325 hash=e2e106…b61a93 drop=1 dropfrom=8b8e72…661909 add=2 addfrom=3e091e…ef905b\n","stream":"stderr","time":"2020-03-25T08:56:51.119604357Z"}
{"log":"INFO [03-25|08:56:51.119] Imported new chain segment               blocks=1     txs=3     mgas=0.840   elapsed=29.576ms  mgasps=28.393   number=2406327 hash=3e091e…ef905b dirty=688.96MiB\n","stream":"stderr","time":"2020-03-25T08:56:51.119959502Z"}
{"log":"INFO [03-25|08:56:54.034] Imported new chain segment               blocks=1     txs=1     mgas=0.111   elapsed=3.812ms   mgasps=29.122   number=2406327 hash=31c9ed…72baf0 dirty=688.98MiB\n","stream":"stderr","time":"2020-03-25T08:56:54.034831156Z"}
{"log":"INFO [03-25|08:56:54.197] Imported new chain segment               blocks=1     txs=0     mgas=0.000   elapsed=344.826µs mgasps=0.000    number=2406327 hash=ba823a…e5b63e dirty=688.98MiB\n","stream":"stderr","time":"2020-03-25T08:56:54.197742882Z"}
{"log":"INFO [03-25|08:57:06.100] Imported new chain segment               blocks=1     txs=1     mgas=0.111   elapsed=3.931ms   mgasps=28.242   number=2406328 hash=e625bf…84bc3c dirty=688.97MiB\n","stream":"stderr","time":"2020-03-25T08:57:06.100617924Z"}
{"log":"INFO [03-25|08:57:20.063] Deep froze chain segment                 blocks=4     elapsed=32.541ms  number=2316327 hash=00aae9…2509fb\n","stream":"stderr","time":"2020-03-25T08:57:20.064018354Z"}
{"log":"INFO [03-25|08:57:21.286] Imported new chain segment               blocks=1     txs=0     mgas=0.000   elapsed=960.659µs mgasps=0.000    number=2406329 hash=3f50e8…a463e6 dirty=688.94MiB\n","stream":"stderr","time":"2020-03-25T08:57:21.286394702Z"}
{"log":"INFO [03-25|08:57:23.877] Chain reorg detected                     number=2406328 hash=e625bf…84bc3c drop=1 dropfrom=3f50e8…a463e6 add=1 addfrom=31d00b…395dde\n","stream":"stderr","time":"2020-03-25T08:57:23.877444821Z"}
{"log":"INFO [03-25|08:57:23.877] Imported new chain segment               blocks=1     txs=2     mgas=0.489   elapsed=18.342ms  mgasps=26.657   number=2406329 hash=31d00b…395dde dirty=688.97MiB\n","stream":"stderr","time":"2020-03-25T08:57:23.877705969Z"}
{"log":"INFO [03-25|08:57:36.452] Imported new chain segment               blocks=1     txs=0     mgas=0.000   elapsed=2.186ms   mgasps=0.000    number=2406330 hash=f35cf0…b7c7f7 dirty=688.88MiB\n","stream":"stderr","time":"2020-03-25T08:57:36.452333298Z"}
{"log":"INFO [03-25|08:57:37.596] Imported new chain segment               blocks=1     txs=2     mgas=0.489   elapsed=20.554ms  mgasps=23.787   number=2406330 hash=035c5b…3b8a62 dirty=688.88MiB\n","stream":"stderr","time":"2020-03-25T08:57:37.596740712Z"}
{"log":"INFO [03-25|08:57:51.103] Imported new chain segment               blocks=1     txs=0     mgas=0.000   elapsed=777.158µs mgasps=0.000    number=2406331 hash=d053cc…ab370a dirty=688.86MiB\n","stream":"stderr","time":"2020-03-25T08:57:51.103382744Z"}
{"log":"INFO [03-25|08:58:06.647] Imported new chain segment               blocks=1     txs=0     mgas=0.000   elapsed=2.030ms   mgasps=0.000    number=2406332 hash=7fa642…6d346e dirty=688.81MiB\n","stream":"stderr","time":"2020-03-25T08:58:06.647771507Z"}
{"log":"INFO [03-25|08:58:08.454] Imported new chain segment               blocks=1     txs=5     mgas=1.986   elapsed=31.362ms  mgasps=63.325   number=2406332 hash=82069e…e042af dirty=688.94MiB\n","stream":"stderr","time":"2020-03-25T08:58:08.456395171Z"}
{"log":"INFO [03-25|08:58:08.486] Imported new chain segment               blocks=1     txs=0     mgas=0.000   elapsed=344.885µs mgasps=0.000    number=2406332 hash=17a7a2…187719 dirty=688.94MiB\n","stream":"stderr","time":"2020-03-25T08:58:08.486316484Z"}
{"log":"INFO [03-25|08:58:20.091] Deep froze chain segment                 blocks=4     elapsed=27.746ms  number=2316331 hash=2f6677…259a11\n","stream":"stderr","time":"2020-03-25T08:58:20.092069261Z"}
{"log":"INFO [03-25|08:58:22.256] Imported new chain segment               blocks=1     txs=1     mgas=0.493   elapsed=6.430ms   mgasps=76.699   number=2406333 hash=de3f34…b9fd1e dirty=688.96MiB\n","stream":"stderr","time":"2020-03-25T08:58:22.256975081Z"}
{"log":"INFO [03-25|08:58:23.679] Chain reorg detected                     number=2406332 hash=7fa642…6d346e drop=1 dropfrom=de3f34…b9fd1e add=1 addfrom=5a4b48…ea793a\n","stream":"stderr","time":"2020-03-25T08:58:23.679583072Z"}
{"log":"INFO [03-25|08:58:23.679] Imported new chain segment               blocks=1     txs=5     mgas=1.986   elapsed=21.288ms  mgasps=93.291   number=2406333 hash=5a4b48…ea793a dirty=688.96MiB\n","stream":"stderr","time":"2020-03-25T08:58:23.680037714Z"}
{"log":"INFO [03-25|08:58:37.811] Chain reorg detected                     number=2406332 hash=7fa642…6d346e drop=1 dropfrom=5a4b48…ea793a add=2 addfrom=55508f…5c02f0\n","stream":"stderr","time":"2020-03-25T08:58:37.811423891Z"}
{"log":"INFO [03-25|08:58:37.811] Imported new chain segment               blocks=1     txs=5     mgas=1.589   elapsed=20.343ms  mgasps=78.096   number=2406334 hash=55508f…5c02f0 dirty=688.94MiB\n","stream":"stderr","time":"2020-03-25T08:58:37.812059135Z"}
{"log":"INFO [03-25|08:58:51.075] Imported new chain segment               blocks=1     txs=1     mgas=0.243   elapsed=4.819ms   mgasps=50.401   number=2406335 hash=3ff167…4308b2 dirty=688.94MiB\n","stream":"stderr","time":"2020-03-25T08:58:51.075527719Z"}
{"log":"INFO [03-25|08:59:06.092] Imported new chain segment               blocks=1     txs=2     mgas=0.472   elapsed=15.400ms  mgasps=30.640   number=2406336 hash=124adb…249f97 dirty=688.96MiB\n","stream":"stderr","time":"2020-03-25T08:59:06.093029867Z"}
{"log":"INFO [03-25|08:59:20.128] Deep froze chain segment                 blocks=4     elapsed=36.004ms  number=2316335 hash=b4ed85…f4fb3e\n","stream":"stderr","time":"2020-03-25T08:59:20.128438918Z"}
{"log":"INFO [03-25|08:59:21.086] Imported new chain segment               blocks=1     txs=0     mgas=0.000   elapsed=500.647µs mgasps=0.000    number=2406337 hash=9e591a…115bbc dirty=688.96MiB\n","stream":"stderr","time":"2020-03-25T08:59:21.087211553Z"}
{"log":"INFO [03-25|08:59:36.078] Imported new chain segment               blocks=1     txs=0     mgas=0.000   elapsed=945.962µs mgasps=0.000    number=2406338 hash=05c983…ce14d7 dirty=688.93MiB\n","stream":"stderr","time":"2020-03-25T08:59:36.0786761Z"}
{"log":"INFO [03-25|08:59:52.036] Imported new chain segment               blocks=1     txs=1     mgas=0.487   elapsed=19.753ms  mgasps=24.636   number=2406339 hash=8ad4ff…ff4254 dirty=688.84MiB\n","stream":"stderr","time":"2020-03-25T08:59:52.03712488Z"}
{"log":"INFO [03-25|08:59:57.677] Imported new chain segment               blocks=1     txs=2     mgas=0.598   elapsed=19.315ms  mgasps=30.943   number=2406339 hash=076091…670bbe dirty=688.86MiB\n","stream":"stderr","time":"2020-03-25T08:59:57.677214024Z"}
{"log":"INFO [03-25|09:00:06.152] Imported new chain segment               blocks=1     txs=1     mgas=0.111   elapsed=3.098ms   mgasps=35.840   number=2406340 hash=d9a19e…79f190 dirty=688.84MiB\n","stream":"stderr","time":"2020-03-25T09:00:06.152546481Z"}
{"log":"INFO [03-25|09:00:08.344] Imported new chain segment               blocks=1     txs=1     mgas=0.111   elapsed=7.297ms   mgasps=15.216   number=2406340 hash=a8dbaf…6e42c0 dirty=688.84MiB\n","stream":"stderr","time":"2020-03-25T09:00:08.34456579Z"}
{"log":"INFO [03-25|09:00:20.163] Deep froze chain segment                 blocks=4     elapsed=34.400ms  number=2316339 hash=585634…72de7b\n","stream":"stderr","time":"2020-03-25T09:00:20.163648465Z"}
{"log":"INFO [03-25|09:00:21.138] Imported new chain segment               blocks=1     txs=2     mgas=0.175   elapsed=5.190ms   mgasps=33.657   number=2406341 hash=af8054…afc439 dirty=688.81MiB\n","stream":"stderr","time":"2020-03-25T09:00:21.138686089Z"}
{"log":"INFO [03-25|09:00:21.624] Imported new chain segment               blocks=1     txs=3     mgas=3.912   elapsed=28.216ms  mgasps=138.641  number=2406341 hash=a7d465…ae8aca dirty=689.22MiB\n","stream":"stderr","time":"2020-03-25T09:00:21.625030692Z"}
{"log":"INFO [03-25|09:00:21.666] Imported new chain segment               blocks=1     txs=2     mgas=3.863   elapsed=27.784ms  mgasps=139.046  number=2406341 hash=14d822…86af1e dirty=689.22MiB\n","stream":"stderr","time":"2020-03-25T09:00:21.666337072Z"}
{"log":"INFO [03-25|09:00:24.082] Imported new chain segment               blocks=1     txs=2     mgas=3.863   elapsed=26.095ms  mgasps=148.044  number=2406341 hash=baaf6d…ddf0f6 dirty=689.22MiB\n","stream":"stderr","time":"2020-03-25T09:00:24.082997323Z"}
{"log":"INFO [03-25|09:00:36.712] Imported new chain segment               blocks=1     txs=1     mgas=3.737   elapsed=13.950ms  mgasps=267.891  number=2406342 hash=d95633…e58b99 dirty=689.22MiB\n","stream":"stderr","time":"2020-03-25T09:00:36.712683729Z"}
{"log":"INFO [03-25|09:00:36.919] Chain reorg detected                     number=2406341 hash=af8054…afc439 drop=1 dropfrom=d95633…e58b99 add=1 addfrom=0f3755…2d8805\n","stream":"stderr","time":"2020-03-25T09:00:36.919553333Z"}
{"log":"INFO [03-25|09:00:36.919] Imported new chain segment               blocks=1     txs=5     mgas=7.260   elapsed=41.019ms  mgasps=176.988  number=2406342 hash=0f3755…2d8805 dirty=689.50MiB\n","stream":"stderr","time":"2020-03-25T09:00:36.920002824Z"}
{"log":"INFO [03-25|09:00:38.870] Imported new chain segment               blocks=1     txs=3     mgas=3.912   elapsed=21.122ms  mgasps=185.203  number=2406341 hash=8d354c…291368 dirty=689.51MiB\n","stream":"stderr","time":"2020-03-25T09:00:38.870480973Z"}
{"log":"INFO [03-25|09:00:38.944] Chain reorg detected                     number=2406341 hash=af8054…afc439 drop=1 dropfrom=0f3755…2d8805 add=1 addfrom=be183c…dc517c\n","stream":"stderr","time":"2020-03-25T09:00:38.944159294Z"}
{"log":"INFO [03-25|09:00:38.944] Imported new chain segment               blocks=1     txs=1     mgas=3.737   elapsed=12.577ms  mgasps=297.144  number=2406342 hash=be183c…dc517c dirty=689.51MiB\n","stream":"stderr","time":"2020-03-25T09:00:38.944381049Z"}
{"log":"INFO [03-25|09:00:51.240] Chain reorg detected                     number=2406341 hash=af8054…afc439 drop=1 dropfrom=be183c…dc517c add=2 addfrom=6cc1d4…40b46d\n","stream":"stderr","time":"2020-03-25T09:00:51.240868839Z"}
{"log":"INFO [03-25|09:00:51.241] Imported new chain segment               blocks=1     txs=5     mgas=0.995   elapsed=25.879ms  mgasps=38.432   number=2406343 hash=6cc1d4…40b46d dirty=689.57MiB\n","stream":"stderr","time":"2020-03-25T09:00:51.241654844Z"}
{"log":"INFO [03-25|09:00:53.584] Chain reorg detected                     number=2406341 hash=af8054…afc439 drop=2 dropfrom=6cc1d4…40b46d add=2 addfrom=85fcf5…169b55\n","stream":"stderr","time":"2020-03-25T09:00:53.584806735Z"}
{"log":"INFO [03-25|09:00:53.585] Imported new chain segment               blocks=1     txs=6     mgas=3.233   elapsed=26.584ms  mgasps=121.632  number=2406343 hash=85fcf5…169b55 dirty=689.59MiB\n","stream":"stderr","time":"2020-03-25T09:00:53.585258245Z"}
{"log":"INFO [03-25|09:01:06.343] Imported new chain segment               blocks=1     txs=4     mgas=1.364   elapsed=10.959ms  mgasps=124.440  number=2406344 hash=ac98ec…ea13a1 dirty=689.61MiB\n","stream":"stderr","time":"2020-03-25T09:01:06.343276326Z"}
{"log":"INFO [03-25|09:01:07.571] Imported new chain segment               blocks=1     txs=0     mgas=0.000   elapsed=315.53µs  mgasps=0.000    number=2406344 hash=5c6477…38439e dirty=689.61MiB\n","stream":"stderr","time":"2020-03-25T09:01:07.572006066Z"}
{"log":"INFO [03-25|09:01:20.200] Deep froze chain segment                 blocks=4     elapsed=36.185ms  number=2316343 hash=635eb7…674018\n","stream":"stderr","time":"2020-03-25T09:01:20.200380804Z"}
{"log":"INFO [03-25|09:01:23.025] Imported new chain segment               blocks=1     txs=0     mgas=0.000   elapsed=476.483µs mgasps=0.000    number=2406345 hash=b8dd3b…713664 dirty=689.61MiB\n","stream":"stderr","time":"2020-03-25T09:01:23.02529515Z"}
{"log":"INFO [03-25|09:01:23.184] Chain reorg detected                     number=2406344 hash=ac98ec…ea13a1 drop=1 dropfrom=b8dd3b…713664 add=1 addfrom=8652dd…2e2f2a\n","stream":"stderr","time":"2020-03-25T09:01:23.184807778Z"}
{"log":"INFO [03-25|09:01:23.184] Imported new chain segment               blocks=1     txs=0     mgas=0.000   elapsed=397.13µs  mgasps=0.000    number=2406345 hash=8652dd…2e2f2a dirty=689.61MiB\n","stream":"stderr","time":"2020-03-25T09:01:23.18489969Z"}
{"log":"INFO [03-25|09:01:36.244] Chain reorg detected                     number=2406344 hash=ac98ec…ea13a1 drop=1 dropfrom=8652dd…2e2f2a add=2 addfrom=05d6d5…7b3852\n","stream":"stderr","time":"2020-03-25T09:01:36.244450499Z"}
{"log":"INFO [03-25|09:01:36.244] Imported new chain segment               blocks=1     txs=2     mgas=0.544   elapsed=22.099ms  mgasps=24.628   number=2406346 hash=05d6d5…7b3852 dirty=689.59MiB\n","stream":"stderr","time":"2020-03-25T09:01:36.244852137Z"}
{"log":"INFO [03-25|09:01:51.713] Imported new chain segment               blocks=1     txs=1     mgas=0.133   elapsed=2.536ms   mgasps=52.501   number=2406347 hash=60b3a5…c81592 dirty=689.57MiB\n","stream":"stderr","time":"2020-03-25T09:01:51.713403491Z"}
{"log":"INFO [03-25|09:02:06.096] Imported new chain segment               blocks=1     txs=1     mgas=0.087   elapsed=2.959ms   mgasps=29.277   number=2406348 hash=fcea68…43cb53 dirty=689.56MiB\n","stream":"stderr","time":"2020-03-25T09:02:06.097182087Z"}
{"log":"INFO [03-25|09:02:08.357] Imported new chain segment               blocks=1     txs=1     mgas=0.087   elapsed=2.343ms   mgasps=36.975   number=2406348 hash=fc4de3…011701 dirty=689.56MiB\n","stream":"stderr","time":"2020-03-25T09:02:08.358196916Z"}
{"log":"INFO [03-25|09:02:20.231] Deep froze chain segment                 blocks=4     elapsed=30.596ms  number=2316347 hash=109003…db3dd6\n","stream":"stderr","time":"2020-03-25T09:02:20.231259141Z"}
{"log":"INFO [03-25|09:02:21.537] Imported new chain segment               blocks=1     txs=0     mgas=0.000   elapsed=2.333ms   mgasps=0.000    number=2406349 hash=148ab9…a6ca3b dirty=689.43MiB\n","stream":"stderr","time":"2020-03-25T09:02:21.538009106Z"}
{"log":"INFO [03-25|09:02:22.131] Chain reorg detected                     number=2406348 hash=fcea68…43cb53 drop=1 dropfrom=148ab9…a6ca3b add=1 addfrom=f147f3…4800f4\n","stream":"stderr","time":"2020-03-25T09:02:22.131585833Z"}
{"log":"INFO [03-25|09:02:22.131] Imported new chain segment               blocks=1     txs=0     mgas=0.000   elapsed=531.556µs mgasps=0.000    number=2406349 hash=f147f3…4800f4 dirty=689.43MiB\n","stream":"stderr","time":"2020-03-25T09:02:22.131828346Z"}
{"log":"INFO [03-25|09:02:22.493] Imported new chain segment               blocks=1     txs=1     mgas=0.433   elapsed=10.838ms  mgasps=39.970   number=2406349 hash=afa926…47b75d dirty=689.45MiB\n","stream":"stderr","time":"2020-03-25T09:02:22.493454536Z"}
{"log":"INFO [03-25|09:02:36.313] Imported new chain segment               blocks=1     txs=2     mgas=0.544   elapsed=22.840ms  mgasps=23.830   number=2406350 hash=0f7a60…10af77 dirty=689.25MiB\n","stream":"stderr","time":"2020-03-25T09:02:36.313670303Z"}
{"log":"INFO [03-25|09:02:37.568] Chain reorg detected                     number=2406349 hash=f147f3…4800f4 drop=1 dropfrom=0f7a60…10af77 add=1 addfrom=6627fd…1cfec0\n","stream":"stderr","time":"2020-03-25T09:02:37.569110284Z"}
{"log":"INFO [03-25|09:02:37.569] Imported new chain segment               blocks=1     txs=2     mgas=0.544   elapsed=19.978ms  mgasps=27.242   number=2406350 hash=6627fd…1cfec0 dirty=689.26MiB\n","stream":"stderr","time":"2020-03-25T09:02:37.569412361Z"}
{"log":"INFO [03-25|09:02:38.536] Imported new chain segment               blocks=1     txs=2     mgas=0.544   elapsed=22.399ms  mgasps=24.299   number=2406350 hash=97d585…b8752f dirty=689.26MiB\n","stream":"stderr","time":"2020-03-25T09:02:38.536582768Z"}
{"log":"INFO [03-25|09:02:38.857] Imported new chain segment               blocks=1     txs=2     mgas=0.544   elapsed=15.211ms  mgasps=35.780   number=2406350 hash=09103f…806d95 dirty=689.26MiB\n","stream":"stderr","time":"2020-03-25T09:02:38.857456098Z"}
{"log":"INFO [03-25|09:02:51.586] Imported new chain segment               blocks=1     txs=2     mgas=0.137   elapsed=9.059ms   mgasps=15.085   number=2406351 hash=a27352…f1a09a dirty=688.91MiB\n","stream":"stderr","time":"2020-03-25T09:02:51.586515935Z"}
{"log":"INFO [03-25|09:02:52.122] Imported new chain segment               blocks=1     txs=2     mgas=0.544   elapsed=19.606ms  mgasps=27.759   number=2406350 hash=080f68…c5fc12 dirty=688.91MiB\n","stream":"stderr","time":"2020-03-25T09:02:52.122333018Z"}
{"log":"INFO [03-25|09:02:52.441] Imported new chain segment               blocks=1     txs=1     mgas=0.036   elapsed=1.523ms   mgasps=23.680   number=2406351 hash=23de0c…200ac0 dirty=688.92MiB\n","stream":"stderr","time":"2020-03-25T09:02:52.441789703Z"}
{"log":"INFO [03-25|09:03:06.217] Imported new chain segment               blocks=1     txs=0     mgas=0.000   elapsed=1.337ms   mgasps=0.000    number=2406352 hash=11c05a…1a2b62 dirty=688.87MiB\n","stream":"stderr","time":"2020-03-25T09:03:06.217564591Z"}
{"log":"INFO [03-25|09:03:06.413] Imported new chain segment               blocks=1     txs=2     mgas=0.157   elapsed=3.481ms   mgasps=45.223   number=2406352 hash=a8f26b…4b39c3 dirty=688.88MiB\n","stream":"stderr","time":"2020-03-25T09:03:06.413635408Z"}
{"log":"INFO [03-25|09:03:07.169] Imported new chain segment               blocks=1     txs=1     mgas=0.057   elapsed=2.307ms   mgasps=24.634   number=2406352 hash=9da7c4…88fa82 dirty=688.88MiB\n","stream":"stderr","time":"2020-03-25T09:03:07.169701499Z"}
{"log":"INFO [03-25|09:03:20.267] Deep froze chain segment                 blocks=4     elapsed=35.501ms  number=2316351 hash=8eea12…8a2d89\n","stream":"stderr","time":"2020-03-25T09:03:20.267386295Z"}
{"log":"INFO [03-25|09:03:21.815] Imported new chain segment               blocks=1     txs=2     mgas=0.158   elapsed=3.593ms   mgasps=43.880   number=2406353 hash=026450…0d773e dirty=688.89MiB\n","stream":"stderr","time":"2020-03-25T09:03:21.815583276Z"}
{"log":"INFO [03-25|09:03:22.878] Chain reorg detected                     number=2406352 hash=11c05a…1a2b62 drop=1 dropfrom=026450…0d773e add=1 addfrom=78de2c…7d9431\n","stream":"stderr","time":"2020-03-25T09:03:22.878958282Z"}
{"log":"INFO [03-25|09:03:22.879] Imported new chain segment               blocks=1     txs=1     mgas=0.057   elapsed=3.936ms   mgasps=14.442   number=2406353 hash=78de2c…7d9431 dirty=688.89MiB\n","stream":"stderr","time":"2020-03-25T09:03:22.879453631Z"}
{"log":"INFO [03-25|09:03:36.126] Imported new chain segment               blocks=1     txs=2     mgas=0.182   elapsed=4.927ms   mgasps=36.966   number=2406354 hash=ef40e3…a833ef dirty=688.90MiB\n","stream":"stderr","time":"2020-03-25T09:03:36.12633749Z"}
{"log":"INFO [03-25|09:03:36.315] Imported new chain segment               blocks=1     txs=1     mgas=0.081   elapsed=1.838ms   mgasps=44.221   number=2406354 hash=7fda0a…b2962a dirty=688.91MiB\n","stream":"stderr","time":"2020-03-25T09:03:36.315564641Z"}
{"log":"INFO [03-25|09:03:51.759] Imported new chain segment               blocks=1     txs=2     mgas=0.132   elapsed=5.251ms   mgasps=25.145   number=2406355 hash=cfba75…c862b1 dirty=688.89MiB\n","stream":"stderr","time":"2020-03-25T09:03:51.75990033Z"}
{"log":"INFO [03-25|09:03:53.134] Imported new chain segment               blocks=1     txs=0     mgas=0.000   elapsed=382.881µs mgasps=0.000    number=2406355 hash=7050de…e6af75 dirty=688.89MiB\n","stream":"stderr","time":"2020-03-25T09:03:53.134733459Z"}
{"log":"INFO [03-25|09:04:06.066] Imported new chain segment               blocks=1     txs=2     mgas=0.157   elapsed=3.439ms   mgasps=45.528   number=2406356 hash=f7c6a9…2b09e6 dirty=688.91MiB\n","stream":"stderr","time":"2020-03-25T09:04:06.06658679Z"}
{"log":"INFO [03-25|09:04:09.117] Imported new chain segment               blocks=1     txs=1     mgas=0.056   elapsed=1.775ms   mgasps=31.398   number=2406356 hash=2ac9f9…90bf4e dirty=688.91MiB\n","stream":"stderr","time":"2020-03-25T09:04:09.117832905Z"}
{"log":"INFO [03-25|09:04:20.296] Deep froze chain segment                 blocks=4     elapsed=28.764ms  number=2316355 hash=ba9e2d…6a5590\n","stream":"stderr","time":"2020-03-25T09:04:20.296479896Z"}
{"log":"INFO [03-25|09:04:21.064] Imported new chain segment               blocks=1     txs=2     mgas=0.183   elapsed=4.322ms   mgasps=42.237   number=2406357 hash=c77aee…33857b dirty=688.91MiB\n","stream":"stderr","time":"2020-03-25T09:04:21.064666013Z"}
{"log":"INFO [03-25|09:04:23.443] Imported new chain segment               blocks=1     txs=1     mgas=0.096   elapsed=1.933ms   mgasps=49.611   number=2406357 hash=c7e91b…0ed779 dirty=688.91MiB\n","stream":"stderr","time":"2020-03-25T09:04:23.443956698Z"}
{"log":"INFO [03-25|09:04:23.493] Imported new chain segment               blocks=1     txs=0     mgas=0.000   elapsed=231.915µs mgasps=0.000    number=2406357 hash=49d436…bf51d4 dirty=688.91MiB\n","stream":"stderr","time":"2020-03-25T09:04:23.49353784Z"}
{"log":"INFO [03-25|09:04:37.978] Imported new chain segment               blocks=1     txs=0     mgas=0.000   elapsed=961.196µs mgasps=0.000    number=2406358 hash=049a40…717815 dirty=688.88MiB\n","stream":"stderr","time":"2020-03-25T09:04:37.978557853Z"}
{"log":"INFO [03-25|09:04:38.795] Imported new chain segment               blocks=1     txs=0     mgas=0.000   elapsed=355.53µs  mgasps=0.000    number=2406358 hash=bbe4b2…1b0cc1 dirty=688.88MiB\n","stream":"stderr","time":"2020-03-25T09:04:38.796014299Z"}
{"log":"INFO [03-25|09:04:51.212] Imported new chain segment               blocks=1     txs=2     mgas=0.545   elapsed=17.856ms  mgasps=30.527   number=2406359 hash=3780e9…5297d2 dirty=688.91MiB\n","stream":"stderr","time":"2020-03-25T09:04:51.212952724Z"}
{"log":"INFO [03-25|09:04:52.011] Chain reorg detected                     number=2406358 hash=049a40…717815 drop=1 dropfrom=3780e9…5297d2 add=1 addfrom=6637fa…cdf32b\n","stream":"stderr","time":"2020-03-25T09:04:52.012013882Z"}
{"log":"INFO [03-25|09:04:52.012] Imported new chain segment               blocks=1     txs=2     mgas=0.545   elapsed=19.044ms  mgasps=28.622   number=2406359 hash=6637fa…cdf32b dirty=688.92MiB\n","stream":"stderr","time":"2020-03-25T09:04:52.012292203Z"}
{"log":"INFO [03-25|09:04:56.595] Imported new chain segment               blocks=1     txs=2     mgas=0.545   elapsed=17.063ms  mgasps=31.945   number=2406359 hash=ad118a…a815bd dirty=688.92MiB\n","stream":"stderr","time":"2020-03-25T09:04:56.596089193Z"}
{"log":"INFO [03-25|09:05:06.566] Imported new chain segment               blocks=1     txs=0     mgas=0.000   elapsed=493.268µs mgasps=0.000    number=2406360 hash=fa4601…ceb3bc dirty=688.92MiB\n","stream":"stderr","time":"2020-03-25T09:05:06.56689795Z"}
{"log":"INFO [03-25|09:05:07.667] Imported new chain segment               blocks=1     txs=0     mgas=0.000   elapsed=368.778µs mgasps=0.000    number=2406360 hash=8d03ef…43abb6 dirty=688.92MiB\n","stream":"stderr","time":"2020-03-25T09:05:07.668070605Z"}
{"log":"INFO [03-25|09:05:20.336] Deep froze chain segment                 blocks=4     elapsed=40.094ms  number=2316359 hash=df25fd…66a4e0\n","stream":"stderr","time":"2020-03-25T09:05:20.336872348Z"}
{"log":"INFO [03-25|09:05:21.307] Imported new chain segment               blocks=1     txs=0     mgas=0.000   elapsed=572.447µs mgasps=0.000    number=2406361 hash=d2f124…374910 dirty=688.91MiB\n","stream":"stderr","time":"2020-03-25T09:05:21.307305788Z"}
{"log":"INFO [03-25|09:05:36.550] Imported new chain segment               blocks=1     txs=0     mgas=0.000   elapsed=584.452µs mgasps=0.000    number=2406362 hash=7f35f5…3e990d dirty=688.91MiB\n","stream":"stderr","time":"2020-03-25T09:05:36.551124741Z"}
{"log":"INFO [03-25|09:05:36.783] Imported new chain segment               blocks=1     txs=1     mgas=0.433   elapsed=17.477ms  mgasps=24.787   number=2406362 hash=f2030f…519303 dirty=688.93MiB\n","stream":"stderr","time":"2020-03-25T09:05:36.78334679Z"}
{"log":"INFO [03-25|09:05:51.847] Imported new chain segment               blocks=1     txs=7     mgas=2.277   elapsed=36.794ms  mgasps=61.896   number=2406363 hash=b3e14a…7dc4dc dirty=689.03MiB\n","stream":"stderr","time":"2020-03-25T09:05:51.847487197Z"}
{"log":"INFO [03-25|09:05:51.894] Imported new chain segment               blocks=1     txs=7     mgas=2.277   elapsed=29.077ms  mgasps=78.324   number=2406363 hash=793dc8…b93cfb dirty=689.04MiB\n","stream":"stderr","time":"2020-03-25T09:05:51.896145809Z"}
{"log":"INFO [03-25|09:05:52.739] Chain reorg detected                     number=2406362 hash=7f35f5…3e990d drop=1 dropfrom=b3e14a…7dc4dc add=1 addfrom=aeab04…00c390\n","stream":"stderr","time":"2020-03-25T09:05:52.739582553Z"}
{"log":"INFO [03-25|09:05:52.739] Imported new chain segment               blocks=1     txs=6     mgas=2.166   elapsed=35.665ms  mgasps=60.743   number=2406363 hash=aeab04…00c390 dirty=689.05MiB\n","stream":"stderr","time":"2020-03-25T09:05:52.739866116Z"}
{"log":"INFO [03-25|09:06:06.345] Imported new chain segment               blocks=1     txs=1     mgas=0.111   elapsed=2.912ms   mgasps=38.122   number=2406364 hash=bcab84…957a52 dirty=689.04MiB\n","stream":"stderr","time":"2020-03-25T09:06:06.345578829Z"}
{"log":"INFO [03-25|09:06:20.357] Deep froze chain segment                 blocks=4     elapsed=20.192ms  number=2316363 hash=6b676d…67cef2\n","stream":"stderr","time":"2020-03-25T09:06:20.357493756Z"}
{"log":"INFO [03-25|09:06:22.274] Imported new chain segment               blocks=1     txs=1     mgas=0.052   elapsed=3.237ms   mgasps=15.929   number=2406365 hash=918989…06059a dirty=689.04MiB\n","stream":"stderr","time":"2020-03-25T09:06:22.274837994Z"}
{"log":"INFO [03-25|09:06:22.944] Imported new chain segment               blocks=1     txs=1     mgas=0.052   elapsed=1.576ms   mgasps=32.712   number=2406365 hash=07ce0d…71fac2 dirty=689.05MiB\n","stream":"stderr","time":"2020-03-25T09:06:22.944996171Z"}
{"log":"INFO [03-25|09:06:23.002] Imported new chain segment               blocks=1     txs=0     mgas=0.000   elapsed=232.046µs mgasps=0.000    number=2406365 hash=b68df3…eb79b8 dirty=689.05MiB\n","stream":"stderr","time":"2020-03-25T09:06:23.002500737Z"}
{"log":"INFO [03-25|09:06:36.845] Chain reorg detected                     number=2406364 hash=bcab84…957a52 drop=1 dropfrom=918989…06059a add=2 addfrom=91d994…841f0f\n","stream":"stderr","time":"2020-03-25T09:06:36.846033959Z"}
{"log":"INFO [03-25|09:06:36.846] Imported new chain segment               blocks=1     txs=6     mgas=0.854   elapsed=26.019ms  mgasps=32.835   number=2406366 hash=91d994…841f0f dirty=689.07MiB\n","stream":"stderr","time":"2020-03-25T09:06:36.846521265Z"}
{"log":"INFO [03-25|09:06:39.480] Imported new chain segment               blocks=1     txs=0     mgas=0.000   elapsed=399.623µs mgasps=0.000    number=2406366 hash=5fc31d…90bc77 dirty=689.07MiB\n","stream":"stderr","time":"2020-03-25T09:06:39.480496792Z"}
{"log":"INFO [03-25|09:06:51.082] Imported new chain segment               blocks=1     txs=1     mgas=0.023   elapsed=2.623ms   mgasps=8.661    number=2406367 hash=7b7dd6…af8e62 dirty=689.06MiB\n","stream":"stderr","time":"2020-03-25T09:06:51.083847682Z"}
{"log":"INFO [03-25|09:07:06.707] Imported new chain segment               blocks=1     txs=1     mgas=0.023   elapsed=1.974ms   mgasps=11.512   number=2406368 hash=c41e82…de497e dirty=689.05MiB\n","stream":"stderr","time":"2020-03-25T09:07:06.707757992Z"}
{"log":"INFO [03-25|09:07:20.387] Deep froze chain segment                 blocks=4     elapsed=30.227ms  number=2316367 hash=87afc1…d49a09\n","stream":"stderr","time":"2020-03-25T09:07:20.388213737Z"}
{"log":"INFO [03-25|09:07:22.537] Imported new chain segment               blocks=1     txs=1     mgas=0.056   elapsed=1.841ms   mgasps=30.264   number=2406369 hash=565e0b…01745c dirty=689.06MiB\n","stream":"stderr","time":"2020-03-25T09:07:22.537346763Z"}
{"log":"INFO [03-25|09:07:22.586] Chain reorg detected                     number=2406368 hash=c41e82…de497e drop=1 dropfrom=565e0b…01745c add=1 addfrom=589d38…aa2f95\n","stream":"stderr","time":"2020-03-25T09:07:22.586644564Z"}
{"log":"INFO [03-25|09:07:22.586] Imported new chain segment               blocks=1     txs=2     mgas=0.092   elapsed=1.740ms   mgasps=52.763   number=2406369 hash=589d38…aa2f95 dirty=689.07MiB\n","stream":"stderr","time":"2020-03-25T09:07:22.586769375Z"}
{"log":"INFO [03-25|09:07:36.624] Chain reorg detected                     number=2406368 hash=c41e82…de497e drop=1 dropfrom=589d38…aa2f95 add=2 addfrom=a7ab3a…8103d4\n","stream":"stderr","time":"2020-03-25T09:07:36.625137166Z"}
{"log":"INFO [03-25|09:07:36.625] Imported new chain segment               blocks=1     txs=3     mgas=0.734   elapsed=21.618ms  mgasps=33.934   number=2406370 hash=a7ab3a…8103d4 dirty=689.00MiB\n","stream":"stderr","time":"2020-03-25T09:07:36.625591469Z"}
{"log":"INFO [03-25|09:07:43.328] Imported new chain segment               blocks=1     txs=3     mgas=0.734   elapsed=13.347ms  mgasps=54.960   number=2406370 hash=5bbb49…72922e dirty=689.01MiB\n","stream":"stderr","time":"2020-03-25T09:07:43.328237824Z"}
{"log":"INFO [03-25|09:07:51.215] Imported new chain segment               blocks=1     txs=2     mgas=0.375   elapsed=6.107ms   mgasps=61.448   number=2406371 hash=dad49c…01a448 dirty=689.01MiB\n","stream":"stderr","time":"2020-03-25T09:07:51.21577119Z"}
{"log":"INFO [03-25|09:07:52.945] Imported new chain segment               blocks=1     txs=0     mgas=0.000   elapsed=380.804µs mgasps=0.000    number=2406371 hash=833e61…865a3c dirty=689.01MiB\n","stream":"stderr","time":"2020-03-25T09:07:52.945823977Z"}
{"log":"INFO [03-25|09:08:06.465] Imported new chain segment               blocks=1     txs=5     mgas=1.986   elapsed=17.082ms  mgasps=116.254  number=2406372 hash=e8c627…6ca103 dirty=689.13MiB\n","stream":"stderr","time":"2020-03-25T09:08:06.465480061Z"}
{"log":"INFO [03-25|09:08:06.526] Chain reorg detected                     number=2406371 hash=dad49c…01a448 drop=1 dropfrom=e8c627…6ca103 add=1 addfrom=11f9fa…570456\n","stream":"stderr","time":"2020-03-25T09:08:06.527093332Z"}
{"log":"INFO [03-25|09:08:06.527] Imported new chain segment               blocks=1     txs=0     mgas=0.000   elapsed=560.749µs mgasps=0.000    number=2406372 hash=11f9fa…570456 dirty=689.13MiB\n","stream":"stderr","time":"2020-03-25T09:08:06.527252355Z"}
{"log":"INFO [03-25|09:08:07.781] Imported new chain segment               blocks=1     txs=0     mgas=0.000   elapsed=405.721µs mgasps=0.000    number=2406372 hash=d8a1f7…bcd9fc dirty=689.13MiB\n","stream":"stderr","time":"2020-03-25T09:08:07.781511446Z"}
{"log":"INFO [03-25|09:08:07.851] Imported new chain segment               blocks=1     txs=5     mgas=1.986   elapsed=12.401ms  mgasps=160.130  number=2406372 hash=8de81b…bf1605 dirty=689.14MiB\n","stream":"stderr","time":"2020-03-25T09:08:07.851683193Z"}
{"log":"INFO [03-25|09:08:20.418] Deep froze chain segment                 blocks=4     elapsed=29.961ms  number=2316371 hash=16d58a…1dc120\n","stream":"stderr","time":"2020-03-25T09:08:20.418778071Z"}
{"log":"INFO [03-25|09:08:22.052] Imported new chain segment               blocks=1     txs=6     mgas=2.082   elapsed=16.121ms  mgasps=129.134  number=2406373 hash=3fa2a4…2a6b0f dirty=689.14MiB\n","stream":"stderr","time":"2020-03-25T09:08:22.053145951Z"}
{"log":"INFO [03-25|09:08:22.557] Chain reorg detected                     number=2406372 hash=11f9fa…570456 drop=1 dropfrom=3fa2a4…2a6b0f add=1 addfrom=896e9f…73d118\n","stream":"stderr","time":"2020-03-25T09:08:22.557535112Z"}
{"log":"INFO [03-25|09:08:22.557] Imported new chain segment               blocks=1     txs=5     mgas=1.986   elapsed=21.240ms  mgasps=93.494   number=2406373 hash=896e9f…73d118 dirty=689.14MiB\n","stream":"stderr","time":"2020-03-25T09:08:22.557936581Z"}
{"log":"INFO [03-25|09:08:36.136] Chain reorg detected                     number=2406372 hash=11f9fa…570456 drop=1 dropfrom=896e9f…73d118 add=2 addfrom=7a3f46…03c580\n","stream":"stderr","time":"2020-03-25T09:08:36.136606998Z"}
{"log":"INFO [03-25|09:08:36.137] Imported new chain segment               blocks=1     txs=0     mgas=0.000   elapsed=1.352ms   mgasps=0.000    number=2406374 hash=7a3f46…03c580 dirty=689.13MiB\n","stream":"stderr","time":"2020-03-25T09:08:36.137300493Z"}
{"log":"INFO [03-25|09:08:38.721] Imported new chain segment               blocks=1     txs=0     mgas=0.000   elapsed=261.498µs mgasps=0.000    number=2406374 hash=99cfbc…5e6db3 dirty=689.13MiB\n","stream":"stderr","time":"2020-03-25T09:08:38.721533672Z"}
{"log":"INFO [03-25|09:08:51.092] Imported new chain segment               blocks=1     txs=0     mgas=0.000   elapsed=337.734µs mgasps=0.000    number=2406375 hash=05addc…862d40 dirty=689.13MiB\n","stream":"stderr","time":"2020-03-25T09:08:51.092217807Z"}
{"log":"INFO [03-25|09:08:54.145] Chain reorg detected                     number=2406374 hash=7a3f46…03c580 drop=1 dropfrom=05addc…862d40 add=1 addfrom=a5470b…7d2f2d\n","stream":"stderr","time":"2020-03-25T09:08:54.14566757Z"}
{"log":"INFO [03-25|09:08:54.145] Imported new chain segment               blocks=1     txs=0     mgas=0.000   elapsed=550.626µs mgasps=0.000    number=2406375 hash=a5470b…7d2f2d dirty=689.13MiB\n","stream":"stderr","time":"2020-03-25T09:08:54.145876135Z"}
{"log":"INFO [03-25|09:09:06.362] Imported new chain segment               blocks=1     txs=1     mgas=0.050   elapsed=2.082ms   mgasps=23.955   number=2406376 hash=86cc45…14806b dirty=689.14MiB\n","stream":"stderr","time":"2020-03-25T09:09:06.363027696Z"}
{"log":"INFO [03-25|09:09:09.364] Imported new chain segment               blocks=1     txs=0     mgas=0.000   elapsed=234.059µs mgasps=0.000    number=2406376 hash=faa014…ab0b80 dirty=689.14MiB\n","stream":"stderr","time":"2020-03-25T09:09:09.364307518Z"}
{"log":"INFO [03-25|09:09:20.451] Deep froze chain segment                 blocks=4     elapsed=32.072ms  number=2316375 hash=d0908f…26f680\n","stream":"stderr","time":"2020-03-25T09:09:20.451415527Z"}
{"log":"INFO [03-25|09:09:21.253] Imported new chain segment               blocks=1     txs=0     mgas=0.000   elapsed=1.178ms   mgasps=0.000    number=2406377 hash=8f5484…d1bf61 dirty=689.11MiB\n","stream":"stderr","time":"2020-03-25T09:09:21.253220527Z"}
{"log":"INFO [03-25|09:09:21.344] Imported new chain segment               blocks=1     txs=0     mgas=0.000   elapsed=241.107µs mgasps=0.000    number=2406377 hash=dcc486…d3fdd2 dirty=689.11MiB\n","stream":"stderr","time":"2020-03-25T09:09:21.345119861Z"}
{"log":"INFO [03-25|09:09:36.296] Imported new chain segment               blocks=1     txs=0     mgas=0.000   elapsed=1.015ms   mgasps=0.000    number=2406378 hash=0e9866…7adbd7 dirty=689.08MiB\n","stream":"stderr","time":"2020-03-25T09:09:36.296850786Z"}
{"log":"INFO [03-25|09:09:36.771] Chain reorg detected                     number=2406377 hash=8f5484…d1bf61 drop=1 dropfrom=0e9866…7adbd7 add=1 addfrom=ed80d3…28e626\n","stream":"stderr","time":"2020-03-25T09:09:36.771736891Z"}
{"log":"INFO [03-25|09:09:36.771] Imported new chain segment               blocks=1     txs=1     mgas=0.096   elapsed=2.511ms   mgasps=38.184   number=2406378 hash=ed80d3…28e626 dirty=689.10MiB\n","stream":"stderr","time":"2020-03-25T09:09:36.771980884Z"}
{"log":"INFO [03-25|09:09:51.731] Chain reorg detected                     number=2406377 hash=8f5484…d1bf61 drop=1 dropfrom=ed80d3…28e626 add=2 addfrom=efd4fe…bcf81f\n","stream":"stderr","time":"2020-03-25T09:09:51.73219242Z"}
{"log":"INFO [03-25|09:09:51.732] Imported new chain segment               blocks=1     txs=2     mgas=0.153   elapsed=3.965ms   mgasps=38.521   number=2406379 hash=efd4fe…bcf81f dirty=689.09MiB\n","stream":"stderr","time":"2020-03-25T09:09:51.732544658Z"}
{"log":"INFO [03-25|09:09:51.776] Chain reorg detected                     number=2406378 hash=0e9866…7adbd7 drop=1 dropfrom=efd4fe…bcf81f add=1 addfrom=73bed6…36baed\n","stream":"stderr","time":"2020-03-25T09:09:51.77700172Z"}
{"log":"INFO [03-25|09:09:51.777] Imported new chain segment               blocks=1     txs=4     mgas=0.749   elapsed=17.474ms  mgasps=42.874   number=2406379 hash=73bed6…36baed dirty=689.12MiB\n","stream":"stderr","time":"2020-03-25T09:09:51.777235497Z"}
{"log":"INFO [03-25|09:10:06.656] Chain reorg detected                     number=2406378 hash=0e9866…7adbd7 drop=1 dropfrom=73bed6…36baed add=2 addfrom=0b6a93…94e6e2\n","stream":"stderr","time":"2020-03-25T09:10:06.656548228Z"}
{"log":"INFO [03-25|09:10:06.657] Imported new chain segment               blocks=1     txs=5     mgas=0.854   elapsed=28.691ms  mgasps=29.759   number=2406380 hash=0b6a93…94e6e2 dirty=689.03MiB\n","stream":"stderr","time":"2020-03-25T09:10:06.657625085Z"}
{"log":"INFO [03-25|09:10:11.997] Chain reorg detected                     number=2406379 hash=efd4fe…bcf81f drop=1 dropfrom=0b6a93…94e6e2 add=1 addfrom=b6be4a…6b32ed\n","stream":"stderr","time":"2020-03-25T09:10:11.997309137Z"}
{"log":"INFO [03-25|09:10:11.997] Imported new chain segment               blocks=1     txs=5     mgas=0.854   elapsed=19.964ms  mgasps=42.768   number=2406380 hash=b6be4a…6b32ed dirty=689.03MiB\n","stream":"stderr","time":"2020-03-25T09:10:11.99750253Z"}
{"log":"INFO [03-25|09:10:20.549] Deep froze chain segment                 blocks=4     elapsed=74.701ms  number=2316379 hash=e95799…e34ff6\n","stream":"stderr","time":"2020-03-25T09:10:20.549311286Z"}
{"log":"INFO [03-25|09:10:21.103] Chain reorg detected                     number=2406379 hash=efd4fe…bcf81f drop=1 dropfrom=b6be4a…6b32ed add=2 addfrom=2ac92f…b0d3f6\n","stream":"stderr","time":"2020-03-25T09:10:21.103710091Z"}
{"log":"INFO [03-25|09:10:21.104] Imported new chain segment               blocks=1     txs=0     mgas=0.000   elapsed=1.570ms   mgasps=0.000    number=2406381 hash=2ac92f…b0d3f6 dirty=689.02MiB\n","stream":"stderr","time":"2020-03-25T09:10:21.104373053Z"}
{"log":"INFO [03-25|09:10:23.347] Imported new chain segment               blocks=1     txs=0     mgas=0.000   elapsed=319.426µs mgasps=0.000    number=2406381 hash=bcabff…2ae6e7 dirty=689.02MiB\n","stream":"stderr","time":"2020-03-25T09:10:23.347564214Z"}
{"log":"INFO [03-25|09:10:36.539] Imported new chain segment               blocks=1     txs=0     mgas=0.000   elapsed=824.674µs mgasps=0.000    number=2406382 hash=309ec4…72c0f0 dirty=689.02MiB\n","stream":"stderr","time":"2020-03-25T09:10:36.540040324Z"}
{"log":"INFO [03-25|09:10:39.204] Imported new chain segment               blocks=1     txs=0     mgas=0.000   elapsed=314.384µs mgasps=0.000    number=2406382 hash=b6459e…d08f62 dirty=689.02MiB\n","stream":"stderr","time":"2020-03-25T09:10:39.204509376Z"}
{"log":"INFO [03-25|09:10:39.258] Imported new chain segment               blocks=1     txs=4     mgas=3.258   elapsed=14.329ms  mgasps=227.366  number=2406382 hash=ff65c3…7ce0a2 dirty=689.29MiB\n","stream":"stderr","time":"2020-03-25T09:10:39.2584638Z"}
{"log":"INFO [03-25|09:10:51.912] Imported new chain segment               blocks=1     txs=5     mgas=3.149   elapsed=36.593ms  mgasps=86.060   number=2406383 hash=76fdff…4ea1ba dirty=689.35MiB\n","stream":"stderr","time":"2020-03-25T09:10:51.912602052Z"}
{"log":"INFO [03-25|09:10:54.912] Imported new chain segment               blocks=1     txs=5     mgas=3.691   elapsed=34.056ms  mgasps=108.388  number=2406383 hash=ac2925…3f4974 dirty=689.36MiB\n","stream":"stderr","time":"2020-03-25T09:10:54.912937344Z"}
{"log":"INFO [03-25|09:10:54.948] Imported new chain segment               blocks=1     txs=4     mgas=3.258   elapsed=13.889ms  mgasps=234.573  number=2406383 hash=a5f590…88ee27 dirty=689.36MiB\n","stream":"stderr","time":"2020-03-25T09:10:54.948578045Z"}
{"log":"INFO [03-25|09:11:06.423] Chain reorg detected                     number=2406382 hash=309ec4…72c0f0 drop=1 dropfrom=76fdff…4ea1ba add=2 addfrom=56b945…093926\n","stream":"stderr","time":"2020-03-25T09:11:06.423629315Z"}
{"log":"INFO [03-25|09:11:06.423] Imported new chain segment               blocks=1     txs=5     mgas=1.273   elapsed=21.160ms  mgasps=60.136   number=2406384 hash=56b945…093926 dirty=689.40MiB\n","stream":"stderr","time":"2020-03-25T09:11:06.424068861Z"}
{"log":"INFO [03-25|09:11:06.839] Chain reorg detected                     number=2406382 hash=309ec4…72c0f0 drop=2 dropfrom=56b945…093926 add=2 addfrom=934dd6…cbaa35\n","stream":"stderr","time":"2020-03-25T09:11:06.839378332Z"}
{"log":"INFO [03-25|09:11:06.839] Imported new chain segment               blocks=1     txs=4     mgas=0.839   elapsed=14.180ms  mgasps=59.183   number=2406384 hash=934dd6…cbaa35 dirty=689.40MiB\n","stream":"stderr","time":"2020-03-25T09:11:06.840069782Z"}
{"log":"INFO [03-25|09:11:09.427] Chain reorg detected                     number=2406382 hash=309ec4…72c0f0 drop=2 dropfrom=934dd6…cbaa35 add=2 addfrom=0568ea…fdf95f\n","stream":"stderr","time":"2020-03-25T09:11:09.427638576Z"}
{"log":"INFO [03-25|09:11:09.428] Imported new chain segment               blocks=1     txs=3     mgas=1.345   elapsed=14.149ms  mgasps=95.051   number=2406384 hash=0568ea…fdf95f dirty=689.41MiB\n","stream":"stderr","time":"2020-03-25T09:11:09.428320838Z"}
{"log":"INFO [03-25|09:11:09.471] Chain reorg detected                     number=2406383 hash=76fdff…4ea1ba drop=1 dropfrom=0568ea…fdf95f add=1 addfrom=ddaa56…12853b\n","stream":"stderr","time":"2020-03-25T09:11:09.471648852Z"}
{"log":"INFO [03-25|09:11:09.471] Imported new chain segment               blocks=1     txs=4     mgas=1.578   elapsed=22.597ms  mgasps=69.825   number=2406384 hash=ddaa56…12853b dirty=689.42MiB\n","stream":"stderr","time":"2020-03-25T09:11:09.472002307Z"}
{"log":"INFO [03-25|09:11:20.569] Deep froze chain segment                 blocks=4     elapsed=20.189ms  number=2316383 hash=ca04b6…69d59c\n","stream":"stderr","time":"2020-03-25T09:11:20.569774113Z"}
{"log":"INFO [03-25|09:11:21.794] Chain reorg detected                     number=2406382 hash=309ec4…72c0f0 drop=2 dropfrom=ddaa56…12853b add=3 addfrom=a6e43c…3e5ef1\n","stream":"stderr","time":"2020-03-25T09:11:21.794517204Z"}
{"log":"INFO [03-25|09:11:21.795] Imported new chain segment               blocks=1     txs=1     mgas=0.111   elapsed=5.053ms   mgasps=21.969   number=2406385 hash=a6e43c…3e5ef1 dirty=689.44MiB\n","stream":"stderr","time":"2020-03-25T09:11:21.795405591Z"}
{"log":"INFO [03-25|09:11:36.083] Imported new chain segment               blocks=1     txs=2     mgas=0.537   elapsed=15.151ms  mgasps=35.429   number=2406386 hash=50fe5c…59e6c4 dirty=689.47MiB\n","stream":"stderr","time":"2020-03-25T09:11:36.083997238Z"}
{"log":"INFO [03-25|09:11:36.196] Imported new chain segment               blocks=1     txs=2     mgas=0.537   elapsed=13.162ms  mgasps=40.783   number=2406386 hash=fb4d0e…236eb1 dirty=689.47MiB\n","stream":"stderr","time":"2020-03-25T09:11:36.197135424Z"}
{"log":"INFO [03-25|09:11:51.084] Imported new chain segment               blocks=1     txs=1     mgas=0.365   elapsed=4.093ms   mgasps=89.108   number=2406387 hash=00a85a…38b451 dirty=689.46MiB\n","stream":"stderr","time":"2020-03-25T09:11:51.084968331Z"}
{"log":"INFO [03-25|09:12:06.784] Imported new chain segment               blocks=1     txs=0     mgas=0.000   elapsed=881.236µs mgasps=0.000    number=2406388 hash=620f47…b454be dirty=689.44MiB\n","stream":"stderr","time":"2020-03-25T09:12:06.784972551Z"}
{"log":"INFO [03-25|09:12:20.694] Deep froze chain segment                 blocks=4     elapsed=121.541ms number=2316387 hash=c749c6…0fb867\n","stream":"stderr","time":"2020-03-25T09:12:20.694963723Z"}
{"log":"INFO [03-25|09:12:21.727] Imported new chain segment               blocks=1     txs=3     mgas=0.648   elapsed=45.225ms  mgasps=14.325   number=2406389 hash=8e41a7…d26b20 dirty=689.49MiB\n","stream":"stderr","time":"2020-03-25T09:12:21.727508145Z"}
{"log":"INFO [03-25|09:12:22.011] Chain reorg detected                     number=2406388 hash=620f47…b454be drop=1 dropfrom=8e41a7…d26b20 add=1 addfrom=69f1cb…762e09\n","stream":"stderr","time":"2020-03-25T09:12:22.012045862Z"}
{"log":"INFO [03-25|09:12:22.013] Imported new chain segment               blocks=1     txs=3     mgas=0.648   elapsed=39.148ms  mgasps=16.548   number=2406389 hash=69f1cb…762e09 dirty=689.49MiB\n","stream":"stderr","time":"2020-03-25T09:12:22.013525835Z"}
{"log":"INFO [03-25|09:12:27.894] Imported new chain segment               blocks=1     txs=3     mgas=0.648   elapsed=14.880ms  mgasps=43.536   number=2406389 hash=0fe976…9034a8 dirty=689.50MiB\n","stream":"stderr","time":"2020-03-25T09:12:27.894772025Z"}
{"log":"INFO [03-25|09:12:36.167] Imported new chain segment               blocks=1     txs=0     mgas=0.000   elapsed=4.595ms   mgasps=0.000    number=2406390 hash=3ce2f1…cd170a dirty=689.26MiB\n","stream":"stderr","time":"2020-03-25T09:12:36.168001595Z"}
{"log":"INFO [03-25|09:12:36.275] Imported new chain segment               blocks=1     txs=1     mgas=0.208   elapsed=2.094ms   mgasps=99.163   number=2406390 hash=724463…d35a13 dirty=689.28MiB\n","stream":"stderr","time":"2020-03-25T09:12:36.275381162Z"}
{"log":"INFO [03-25|09:12:38.438] Imported new chain segment               blocks=1     txs=0     mgas=0.000   elapsed=331.298µs mgasps=0.000    number=2406390 hash=4b7970…9a5b60 dirty=689.28MiB\n","stream":"stderr","time":"2020-03-25T09:12:38.439135105Z"}
{"log":"INFO [03-25|09:12:51.435] Imported new chain segment               blocks=1     txs=1     mgas=0.208   elapsed=5.287ms   mgasps=39.273   number=2406391 hash=feda2f…d13262 dirty=689.17MiB\n","stream":"stderr","time":"2020-03-25T09:12:51.435294496Z"}
{"log":"INFO [03-25|09:12:51.775] Imported new chain segment               blocks=1     txs=1     mgas=0.208   elapsed=2.234ms   mgasps=92.922   number=2406391 hash=f588f7…e526f6 dirty=689.17MiB\n","stream":"stderr","time":"2020-03-25T09:12:51.77570744Z"}
{"log":"INFO [03-25|09:13:07.783] Imported new chain segment               blocks=1     txs=2     mgas=0.143   elapsed=4.799ms   mgasps=29.785   number=2406392 hash=47dde1…876910 dirty=689.15MiB\n","stream":"stderr","time":"2020-03-25T09:13:07.783905904Z"}
{"log":"INFO [03-25|09:13:07.790] Imported new chain segment               blocks=1     txs=2     mgas=0.143   elapsed=3.367ms   mgasps=42.446   number=2406392 hash=14d1a4…805b40 dirty=689.15MiB\n","stream":"stderr","time":"2020-03-25T09:13:07.790257727Z"}
{"log":"INFO [03-25|09:13:07.854] Chain reorg detected                     number=2406391 hash=feda2f…d13262 drop=1 dropfrom=47dde1…876910 add=1 addfrom=0ee8cf…9b4f4a\n","stream":"stderr","time":"2020-03-25T09:13:07.854769446Z"}
{"log":"INFO [03-25|09:13:07.854] Imported new chain segment               blocks=1     txs=2     mgas=0.143   elapsed=2.430ms   mgasps=58.806   number=2406392 hash=0ee8cf…9b4f4a dirty=689.15MiB\n","stream":"stderr","time":"2020-03-25T09:13:07.854942026Z"}
{"log":"INFO [03-25|09:13:08.569] Chain reorg detected                     number=2406391 hash=feda2f…d13262 drop=1 dropfrom=0ee8cf…9b4f4a add=1 addfrom=3f9c39…4e6130\n","stream":"stderr","time":"2020-03-25T09:13:08.569426793Z"}
{"log":"INFO [03-25|09:13:08.569] Imported new chain segment               blocks=1     txs=1     mgas=0.039   elapsed=1.908ms   mgasps=20.645   number=2406392 hash=3f9c39…4e6130 dirty=689.16MiB\n","stream":"stderr","time":"2020-03-25T09:13:08.569651016Z"}
{"log":"INFO [03-25|09:13:20.719] Deep froze chain segment                 blocks=4     elapsed=24.694ms  number=2316391 hash=08872b…a05bc6\n","stream":"stderr","time":"2020-03-25T09:13:20.719922439Z"}
{"log":"INFO [03-25|09:13:21.578] Chain reorg detected                     number=2406391 hash=feda2f…d13262 drop=1 dropfrom=3f9c39…4e6130 add=2 addfrom=793451…c9dc97\n","stream":"stderr","time":"2020-03-25T09:13:21.578694522Z"}
{"log":"INFO [03-25|09:13:21.578] Imported new chain segment               blocks=1     txs=0     mgas=0.000   elapsed=873.304µs mgasps=0.000    number=2406393 hash=793451…c9dc97 dirty=689.16MiB\n","stream":"stderr","time":"2020-03-25T09:13:21.579124999Z"}
{"log":"INFO [03-25|09:13:36.194] Imported new chain segment               blocks=1     txs=0     mgas=0.000   elapsed=406.408µs mgasps=0.000    number=2406394 hash=8a6361…b68589 dirty=689.16MiB\n","stream":"stderr","time":"2020-03-25T09:13:36.195024364Z"}
{"log":"INFO [03-25|09:13:51.655] Imported new chain segment               blocks=1     txs=0     mgas=0.000   elapsed=1.207ms   mgasps=0.000    number=2406395 hash=d2a3a7…7707bf dirty=689.12MiB\n","stream":"stderr","time":"2020-03-25T09:13:51.655624585Z"}
{"log":"INFO [03-25|09:13:52.077] Imported new chain segment               blocks=1     txs=0     mgas=0.000   elapsed=317.632µs mgasps=0.000    number=2406395 hash=f4be09…b42479 dirty=689.12MiB\n","stream":"stderr","time":"2020-03-25T09:13:52.077283114Z"}
{"log":"INFO [03-25|09:14:06.658] Chain reorg detected                     number=2406394 hash=8a6361…b68589 drop=1 dropfrom=d2a3a7…7707bf add=2 addfrom=6b98f8…97f144\n","stream":"stderr","time":"2020-03-25T09:14:06.658150607Z"}
{"log":"INFO [03-25|09:14:06.658] Imported new chain segment               blocks=1     txs=1     mgas=0.036   elapsed=1.548ms   mgasps=23.227   number=2406396 hash=6b98f8…97f144 dirty=689.13MiB\n","stream":"stderr","time":"2020-03-25T09:14:06.658424689Z"}
{"log":"INFO [03-25|09:14:08.636] Imported new chain segment               blocks=1     txs=1     mgas=0.036   elapsed=2.267ms   mgasps=15.859   number=2406396 hash=b9b633…4b52fa dirty=689.13MiB\n","stream":"stderr","time":"2020-03-25T09:14:08.636290868Z"}
{"log":"INFO [03-25|09:14:09.889] Imported new chain segment               blocks=1     txs=0     mgas=0.000   elapsed=411.358µs mgasps=0.000    number=2406396 hash=de46cd…169a77 dirty=689.13MiB\n","stream":"stderr","time":"2020-03-25T09:14:09.89014696Z"}
{"log":"INFO [03-25|09:14:20.770] Deep froze chain segment                 blocks=4     elapsed=50.463ms  number=2316395 hash=370296…33c281\n","stream":"stderr","time":"2020-03-25T09:14:20.770984693Z"}
{"log":"INFO [03-25|09:14:21.529] Imported new chain segment               blocks=1     txs=3     mgas=0.358   elapsed=6.670ms   mgasps=53.617   number=2406397 hash=93d323…88f3c6 dirty=689.17MiB\n","stream":"stderr","time":"2020-03-25T09:14:21.52928428Z"}
{"log":"INFO [03-25|09:14:23.881] Imported new chain segment               blocks=1     txs=1     mgas=0.056   elapsed=3.563ms   mgasps=15.642   number=2406397 hash=877486…785d31 dirty=689.17MiB\n","stream":"stderr","time":"2020-03-25T09:14:23.881978104Z"}
{"log":"INFO [03-25|09:14:37.471] Imported new chain segment               blocks=1     txs=1     mgas=0.487   elapsed=17.345ms  mgasps=28.056   number=2406398 hash=6bb09d…77d65e dirty=689.20MiB\n","stream":"stderr","time":"2020-03-25T09:14:37.47158259Z"}
{"log":"INFO [03-25|09:14:51.154] Imported new chain segment               blocks=1     txs=1     mgas=0.096   elapsed=2.880ms   mgasps=33.293   number=2406399 hash=c0e6de…728a3a dirty=689.20MiB\n","stream":"stderr","time":"2020-03-25T09:14:51.154537139Z"}
{"log":"INFO [03-25|09:15:06.249] Imported new chain segment               blocks=1     txs=0     mgas=0.000   elapsed=918.411µs mgasps=0.000    number=2406400 hash=01e50e…99550c dirty=689.17MiB\n","stream":"stderr","time":"2020-03-25T09:15:06.250122329Z"}
{"log":"INFO [03-25|09:15:20.809] Deep froze chain segment                 blocks=4     elapsed=38.215ms  number=2316399 hash=698915…8a2960\n","stream":"stderr","time":"2020-03-25T09:15:20.809815194Z"}
{"log":"INFO [03-25|09:15:21.422] Imported new chain segment               blocks=1     txs=1     mgas=0.433   elapsed=17.346ms  mgasps=24.973   number=2406401 hash=eb7784…a97131 dirty=689.19MiB\n","stream":"stderr","time":"2020-03-25T09:15:21.422773243Z"}
{"log":"INFO [03-25|09:15:23.382] Chain reorg detected                     number=2406400 hash=01e50e…99550c drop=1 dropfrom=eb7784…a97131 add=1 addfrom=cdb181…fec3e9\n","stream":"stderr","time":"2020-03-25T09:15:23.382995986Z"}
{"log":"INFO [03-25|09:15:23.383] Imported new chain segment               blocks=1     txs=2     mgas=4.175   elapsed=32.384ms  mgasps=128.912  number=2406401 hash=cdb181…fec3e9 dirty=689.59MiB\n","stream":"stderr","time":"2020-03-25T09:15:23.383237683Z"}
{"log":"INFO [03-25|09:15:23.433] Chain reorg detected                     number=2406400 hash=01e50e…99550c drop=1 dropfrom=cdb181…fec3e9 add=1 addfrom=7b73bf…6f9514\n","stream":"stderr","time":"2020-03-25T09:15:23.433858969Z"}
{"log":"INFO [03-25|09:15:23.433] Imported new chain segment               blocks=1     txs=1     mgas=3.741   elapsed=12.535ms  mgasps=298.465  number=2406401 hash=7b73bf…6f9514 dirty=689.59MiB\n","stream":"stderr","time":"2020-03-25T09:15:23.434045768Z"}
{"log":"INFO [03-25|09:15:36.873] Chain reorg detected                     number=2406400 hash=01e50e…99550c drop=1 dropfrom=7b73bf…6f9514 add=2 addfrom=8d3b12…4f1900\n","stream":"stderr","time":"2020-03-25T09:15:36.873895008Z"}
{"log":"INFO [03-25|09:15:36.874] Imported new chain segment               blocks=1     txs=1     mgas=3.741   elapsed=14.468ms  mgasps=258.588  number=2406402 hash=8d3b12…4f1900 dirty=689.59MiB\n","stream":"stderr","time":"2020-03-25T09:15:36.874158055Z"}
{"log":"INFO [03-25|09:15:37.654] Imported new chain segment               blocks=1     txs=1     mgas=3.741   elapsed=14.939ms  mgasps=250.447  number=2406402 hash=408cb4…3ed5de dirty=689.59MiB\n","stream":"stderr","time":"2020-03-25T09:15:37.654270546Z"}
{"log":"INFO [03-25|09:15:52.923] Imported new chain segment               blocks=1     txs=7     mgas=1.869   elapsed=24.073ms  mgasps=77.652   number=2406403 hash=3a5188…e65986 dirty=689.71MiB\n","stream":"stderr","time":"2020-03-25T09:15:52.9235883Z"}
{"log":"INFO [03-25|09:15:53.421] Imported new chain segment               blocks=1     txs=7     mgas=1.869   elapsed=16.989ms  mgasps=110.030  number=2406403 hash=1fb9e6…3e8c65 dirty=689.72MiB\n","stream":"stderr","time":"2020-03-25T09:15:53.421190669Z"}
{"log":"INFO [03-25|09:15:54.066] Chain reorg detected                     number=2406402 hash=8d3b12…4f1900 drop=1 dropfrom=3a5188…e65986 add=1 addfrom=a4ba2a…481646\n","stream":"stderr","time":"2020-03-25T09:15:54.067128062Z"}
{"log":"INFO [03-25|09:15:54.067] Imported new chain segment               blocks=1     txs=5     mgas=1.737   elapsed=17.846ms  mgasps=97.349   number=2406403 hash=a4ba2a…481646 dirty=689.73MiB\n","stream":"stderr","time":"2020-03-25T09:15:54.067652318Z"}
{"log":"INFO [03-25|09:16:06.876] Imported new chain segment               blocks=1     txs=4     mgas=0.661   elapsed=21.549ms  mgasps=30.679   number=2406404 hash=4f524e…7f26fb dirty=689.75MiB\n","stream":"stderr","time":"2020-03-25T09:16:06.876814061Z"}
{"log":"INFO [03-25|09:16:07.494] Chain reorg detected                     number=2406402 hash=8d3b12…4f1900 drop=2 dropfrom=4f524e…7f26fb add=2 addfrom=efb0c2…151dc8\n","stream":"stderr","time":"2020-03-25T09:16:07.494290482Z"}
{"log":"INFO [03-25|09:16:07.494] Imported new chain segment               blocks=1     txs=1     mgas=0.433   elapsed=18.043ms  mgasps=24.009   number=2406404 hash=efb0c2…151dc8 dirty=689.76MiB\n","stream":"stderr","time":"2020-03-25T09:16:07.495062083Z"}
{"log":"INFO [03-25|09:16:08.044] Imported new chain segment               blocks=1     txs=1     mgas=0.433   elapsed=20.961ms  mgasps=20.666   number=2406404 hash=cdf35f…766026 dirty=689.76MiB\n","stream":"stderr","time":"2020-03-25T09:16:08.044560325Z"}
{"log":"INFO [03-25|09:16:20.843] Deep froze chain segment                 blocks=4     elapsed=33.339ms  number=2316403 hash=6f1a8a…aa3a04\n","stream":"stderr","time":"2020-03-25T09:16:20.843622588Z"}
{"log":"INFO [03-25|09:16:21.105] Chain reorg detected                     number=2406402 hash=8d3b12…4f1900 drop=2 dropfrom=efb0c2…151dc8 add=3 addfrom=7f107d…102fe4\n","stream":"stderr","time":"2020-03-25T09:16:21.105696727Z"}
{"log":"INFO [03-25|09:16:21.106] Imported new chain segment               blocks=1     txs=1     mgas=0.034   elapsed=4.267ms   mgasps=8.082    number=2406405 hash=7f107d…102fe4 dirty=689.75MiB\n","stream":"stderr","time":"2020-03-25T09:16:21.106742551Z"}
{"log":"INFO [03-25|09:16:21.121] Imported new chain segment               blocks=1     txs=2     mgas=0.145   elapsed=3.433ms   mgasps=42.191   number=2406405 hash=335137…6cefb5 dirty=689.76MiB\n","stream":"stderr","time":"2020-03-25T09:16:21.122011507Z"}
{"log":"INFO [03-25|09:16:21.608] Imported new chain segment               blocks=1     txs=3     mgas=0.256   elapsed=6.858ms   mgasps=37.314   number=2406405 hash=0ba4fd…589145 dirty=689.78MiB\n","stream":"stderr","time":"2020-03-25T09:16:21.608334211Z"}
{"log":"INFO [03-25|09:16:36.209] Imported new chain segment               blocks=1     txs=2     mgas=0.221   elapsed=6.159ms   mgasps=35.950   number=2406406 hash=b94435…aedb2e dirty=689.78MiB\n","stream":"stderr","time":"2020-03-25T09:16:36.210121491Z"}
{"log":"INFO [03-25|09:16:36.309] Chain reorg detected                     number=2406405 hash=7f107d…102fe4 drop=1 dropfrom=b94435…aedb2e add=1 addfrom=65efdd…799d76\n","stream":"stderr","time":"2020-03-25T09:16:36.30928072Z"}
{"log":"INFO [03-25|09:16:36.309] Imported new chain segment               blocks=1     txs=2     mgas=0.221   elapsed=4.170ms   mgasps=53.094   number=2406406 hash=65efdd…799d76 dirty=689.79MiB\n","stream":"stderr","time":"2020-03-25T09:16:36.309632355Z"}
{"log":"INFO [03-25|09:16:51.109] Imported new chain segment               blocks=1     txs=2     mgas=0.599   elapsed=19.341ms  mgasps=30.991   number=2406407 hash=3afc69…027a81 dirty=689.80MiB\n","stream":"stderr","time":"2020-03-25T09:16:51.109675887Z"}
{"log":"INFO [03-25|09:16:58.115] Imported new chain segment               blocks=1     txs=2     mgas=0.599   elapsed=18.726ms  mgasps=32.009   number=2406407 hash=320ace…c4dc70 dirty=689.80MiB\n","stream":"stderr","time":"2020-03-25T09:16:58.115302608Z"}
{"log":"INFO [03-25|09:17:07.711] Imported new chain segment               blocks=1     txs=0     mgas=0.000   elapsed=914.965µs mgasps=0.000    number=2406408 hash=0151f4…d7349b dirty=689.78MiB\n","stream":"stderr","time":"2020-03-25T09:17:07.712140646Z"}
{"log":"INFO [03-25|09:17:20.869] Deep froze chain segment                 blocks=4     elapsed=25.885ms  number=2316407 hash=7e0c9e…4bc8cb\n","stream":"stderr","time":"2020-03-25T09:17:20.869777255Z"}
{"log":"INFO [03-25|09:17:21.893] Imported new chain segment               blocks=1     txs=2     mgas=0.057   elapsed=2.481ms   mgasps=23.009   number=2406409 hash=90f268…ecffd8 dirty=689.79MiB\n","stream":"stderr","time":"2020-03-25T09:17:21.893982486Z"}
{"log":"INFO [03-25|09:17:22.024] Imported new chain segment               blocks=1     txs=3     mgas=0.113   elapsed=1.877ms   mgasps=60.112   number=2406409 hash=777fb2…a59714 dirty=689.80MiB\n","stream":"stderr","time":"2020-03-25T09:17:22.024936223Z"}
{"log":"INFO [03-25|09:17:37.321] Imported new chain segment               blocks=1     txs=3     mgas=0.608   elapsed=26.391ms  mgasps=23.035   number=2406410 hash=32042e…1d78b6 dirty=689.39MiB\n","stream":"stderr","time":"2020-03-25T09:17:37.321571029Z"}
{"log":"INFO [03-25|09:17:43.989] Imported new chain segment               blocks=1     txs=3     mgas=0.608   elapsed=23.595ms  mgasps=25.765   number=2406410 hash=2295b4…d95384 dirty=689.39MiB\n","stream":"stderr","time":"2020-03-25T09:17:43.989582011Z"}
{"log":"INFO [03-25|09:17:51.179] Imported new chain segment               blocks=1     txs=2     mgas=0.134   elapsed=5.073ms   mgasps=26.365   number=2406411 hash=4f50c7…153415 dirty=689.38MiB\n","stream":"stderr","time":"2020-03-25T09:17:51.180066032Z"}
{"log":"INFO [03-25|09:17:52.366] Imported new chain segment               blocks=1     txs=1     mgas=0.111   elapsed=3.744ms   mgasps=29.652   number=2406411 hash=bd12c2…7e11c8 dirty=689.39MiB\n","stream":"stderr","time":"2020-03-25T09:17:52.367235604Z"}
{"log":"INFO [03-25|09:18:06.489] Imported new chain segment               blocks=1     txs=5     mgas=1.986   elapsed=22.362ms  mgasps=88.810   number=2406412 hash=2469f0…544290 dirty=689.50MiB\n","stream":"stderr","time":"2020-03-25T09:18:06.4896858Z"}
{"log":"INFO [03-25|09:18:06.966] Imported new chain segment               blocks=1     txs=5     mgas=1.986   elapsed=15.451ms  mgasps=128.531  number=2406412 hash=8d4e0d…42167a dirty=689.50MiB\n","stream":"stderr","time":"2020-03-25T09:18:06.966399711Z"}
{"log":"INFO [03-25|09:18:20.907] Deep froze chain segment                 blocks=4     elapsed=37.914ms  number=2316411 hash=9dc41f…3bcaa5\n","stream":"stderr","time":"2020-03-25T09:18:20.907934794Z"}
{"log":"INFO [03-25|09:18:21.515] Imported new chain segment               blocks=1     txs=0     mgas=0.000   elapsed=821.742µs mgasps=0.000    number=2406413 hash=cb28bb…1312c0 dirty=689.49MiB\n","stream":"stderr","time":"2020-03-25T09:18:21.516146789Z"}
{"log":"INFO [03-25|09:18:21.605] Chain reorg detected                     number=2406411 hash=4f50c7…153415 drop=2 dropfrom=cb28bb…1312c0 add=2 addfrom=2c7466…39a661\n","stream":"stderr","time":"2020-03-25T09:18:21.605657459Z"}
{"log":"INFO [03-25|09:18:21.606] Imported new chain segment               blocks=1     txs=0     mgas=0.000   elapsed=1.127ms   mgasps=0.000    number=2406413 hash=2c7466…39a661 dirty=689.49MiB\n","stream":"stderr","time":"2020-03-25T09:18:21.606261554Z"}
{"log":"INFO [03-25|09:18:37.011] Chain reorg detected                     number=2406411 hash=4f50c7…153415 drop=2 dropfrom=2c7466…39a661 add=3 addfrom=784136…425bdc\n","stream":"stderr","time":"2020-03-25T09:18:37.012157027Z"}
{"log":"INFO [03-25|09:18:37.012] Imported new chain segment               blocks=1     txs=0     mgas=0.000   elapsed=1.798ms   mgasps=0.000    number=2406414 hash=784136…425bdc dirty=689.47MiB\n","stream":"stderr","time":"2020-03-25T09:18:37.012855119Z"}
{"log":"INFO [03-25|09:18:51.832] Imported new chain segment               blocks=1     txs=0     mgas=0.000   elapsed=1.133ms   mgasps=0.000    number=2406415 hash=c4b10e…127801 dirty=689.43MiB\n","stream":"stderr","time":"2020-03-25T09:18:51.832849795Z"}
{"log":"INFO [03-25|09:18:53.803] Imported new chain segment               blocks=1     txs=0     mgas=0.000   elapsed=363.949µs mgasps=0.000    number=2406415 hash=926b0e…a94da1 dirty=689.43MiB\n","stream":"stderr","time":"2020-03-25T09:18:53.803388015Z"}
{"log":"INFO [03-25|09:19:06.809] Imported new chain segment               blocks=1     txs=1     mgas=0.036   elapsed=1.754ms   mgasps=20.564   number=2406416 hash=e98977…1ce900 dirty=689.44MiB\n","stream":"stderr","time":"2020-03-25T09:19:06.809725021Z"}
{"log":"INFO [03-25|09:19:07.405] Chain reorg detected                     number=2406415 hash=c4b10e…127801 drop=1 dropfrom=e98977…1ce900 add=1 addfrom=a2c59d…53280e\n","stream":"stderr","time":"2020-03-25T09:19:07.405738417Z"}
{"log":"INFO [03-25|09:19:07.405] Imported new chain segment               blocks=1     txs=0     mgas=0.000   elapsed=748.259µs mgasps=0.000    number=2406416 hash=a2c59d…53280e dirty=689.44MiB\n","stream":"stderr","time":"2020-03-25T09:19:07.406031562Z"}
{"log":"INFO [03-25|09:19:07.702] Chain reorg detected                     number=2406415 hash=c4b10e…127801 drop=1 dropfrom=a2c59d…53280e add=1 addfrom=8dc73d…f6d11a\n","stream":"stderr","time":"2020-03-25T09:19:07.703061709Z"}
{"log":"INFO [03-25|09:19:07.703] Imported new chain segment               blocks=1     txs=1     mgas=0.036   elapsed=1.735ms   mgasps=20.792   number=2406416 hash=8dc73d…f6d11a dirty=689.44MiB\n","stream":"stderr","time":"2020-03-25T09:19:07.703319538Z"}
{"log":"INFO [03-25|09:19:20.934] Deep froze chain segment                 blocks=4     elapsed=25.863ms  number=2316415 hash=59a8b0…91b7bf\n","stream":"stderr","time":"2020-03-25T09:19:20.934313993Z"}
{"log":"INFO [03-25|09:19:21.091] Chain reorg detected                     number=2406415 hash=c4b10e…127801 drop=1 dropfrom=8dc73d…f6d11a add=2 addfrom=ee8216…519c62\n","stream":"stderr","time":"2020-03-25T09:19:21.091702397Z"}
{"log":"INFO [03-25|09:19:21.091] Imported new chain segment               blocks=1     txs=2     mgas=0.459   elapsed=12.831ms  mgasps=35.747   number=2406417 hash=ee8216…519c62 dirty=689.42MiB\n","stream":"stderr","time":"2020-03-25T09:19:21.092116592Z"}
{"log":"INFO [03-25|09:19:22.007] Imported new chain segment               blocks=1     txs=0     mgas=0.000   elapsed=392.714µs mgasps=0.000    number=2406417 hash=39b20a…300f42 dirty=689.42MiB\n","stream":"stderr","time":"2020-03-25T09:19:22.007987722Z"}
{"log":"INFO [03-25|09:19:23.325] Imported new chain segment               blocks=1     txs=1     mgas=0.363   elapsed=9.854ms   mgasps=36.813   number=2406417 hash=681409…73ab58 dirty=689.42MiB\n","stream":"stderr","time":"2020-03-25T09:19:23.32606315Z"}
{"log":"INFO [03-25|09:19:36.692] Imported new chain segment               blocks=1     txs=0     mgas=0.000   elapsed=834.793µs mgasps=0.000    number=2406418 hash=dbf4ae…b1dbb6 dirty=689.39MiB\n","stream":"stderr","time":"2020-03-25T09:19:36.692903142Z"}
{"log":"INFO [03-25|09:19:38.677] Chain reorg detected                     number=2406417 hash=ee8216…519c62 drop=1 dropfrom=dbf4ae…b1dbb6 add=1 addfrom=08e387…96f3b3\n","stream":"stderr","time":"2020-03-25T09:19:38.678011749Z"}
{"log":"INFO [03-25|09:19:38.678] Imported new chain segment               blocks=1     txs=0     mgas=0.000   elapsed=571.732µs mgasps=0.000    number=2406418 hash=08e387…96f3b3 dirty=689.39MiB\n","stream":"stderr","time":"2020-03-25T09:19:38.678188862Z"}
{"log":"INFO [03-25|09:19:51.237] Chain reorg detected                     number=2406417 hash=ee8216…519c62 drop=1 dropfrom=08e387…96f3b3 add=2 addfrom=a631a4…368534\n","stream":"stderr","time":"2020-03-25T09:19:51.237406438Z"}
{"log":"INFO [03-25|09:19:51.237] Imported new chain segment               blocks=1     txs=1     mgas=0.487   elapsed=17.758ms  mgasps=27.402   number=2406419 hash=a631a4…368534 dirty=689.42MiB\n","stream":"stderr","time":"2020-03-25T09:19:51.237660568Z"}
{"log":"INFO [03-25|09:19:52.008] Chain reorg detected                     number=2406418 hash=dbf4ae…b1dbb6 drop=1 dropfrom=a631a4…368534 add=1 addfrom=38ee71…a2565e\n","stream":"stderr","time":"2020-03-25T09:19:52.008682731Z"}
{"log":"INFO [03-25|09:19:52.008] Imported new chain segment               blocks=1     txs=1     mgas=0.487   elapsed=15.043ms  mgasps=32.348   number=2406419 hash=38ee71…a2565e dirty=689.42MiB\n","stream":"stderr","time":"2020-03-25T09:19:52.008992511Z"}
{"log":"INFO [03-25|09:19:56.491] Imported new chain segment               blocks=1     txs=12    mgas=0.896   elapsed=22.243ms  mgasps=40.289   number=2406419 hash=9cac69…410b96 dirty=689.45MiB\n","stream":"stderr","time":"2020-03-25T09:19:56.492146075Z"}
{"log":"INFO [03-25|09:20:06.152] Imported new chain segment               blocks=1     txs=11    mgas=0.410   elapsed=6.253ms   mgasps=65.492   number=2406420 hash=9acaf4…5b3cb5 dirty=689.31MiB\n","stream":"stderr","time":"2020-03-25T09:20:06.152678189Z"}
{"log":"INFO [03-25|09:20:06.629] Imported new chain segment               blocks=1     txs=11    mgas=0.410   elapsed=2.739ms   mgasps=149.517  number=2406420 hash=39f29f…4d693c dirty=689.32MiB\n","stream":"stderr","time":"2020-03-25T09:20:06.629398096Z"}
{"log":"INFO [03-25|09:20:07.619] Imported new chain segment               blocks=1     txs=11    mgas=0.410   elapsed=3.819ms   mgasps=107.229  number=2406420 hash=d37aa4…14288e dirty=689.32MiB\n","stream":"stderr","time":"2020-03-25T09:20:07.619677733Z"}
{"log":"INFO [03-25|09:20:20.974] Deep froze chain segment                 blocks=4     elapsed=40.103ms  number=2316419 hash=71d193…71b519\n","stream":"stderr","time":"2020-03-25T09:20:20.974850724Z"}
{"log":"INFO [03-25|09:20:21.127] Imported new chain segment               blocks=1     txs=6     mgas=0.618   elapsed=5.431ms   mgasps=113.703  number=2406421 hash=9e01f2…cfbb1d dirty=689.35MiB\n","stream":"stderr","time":"2020-03-25T09:20:21.127509079Z"}
{"log":"INFO [03-25|09:20:23.215] Imported new chain segment               blocks=1     txs=5     mgas=0.507   elapsed=3.973ms   mgasps=127.490  number=2406421 hash=4feb4c…b79bd5 dirty=689.36MiB\n","stream":"stderr","time":"2020-03-25T09:20:23.215798437Z"}
{"log":"INFO [03-25|09:20:36.610] Imported new chain segment               blocks=1     txs=4     mgas=3.472   elapsed=23.410ms  mgasps=148.303  number=2406422 hash=f63058…5f0815 dirty=689.64MiB\n","stream":"stderr","time":"2020-03-25T09:20:36.610468371Z"}
{"log":"INFO [03-25|09:20:36.944] Chain reorg detected                     number=2406421 hash=9e01f2…cfbb1d drop=1 dropfrom=f63058…5f0815 add=1 addfrom=ea22f7…6eaedf\n","stream":"stderr","time":"2020-03-25T09:20:36.944679641Z"}
{"log":"INFO [03-25|09:20:36.944] Imported new chain segment               blocks=1     txs=0     mgas=0.000   elapsed=1.007ms   mgasps=0.000    number=2406422 hash=ea22f7…6eaedf dirty=689.64MiB\n","stream":"stderr","time":"2020-03-25T09:20:36.944977295Z"}
{"log":"INFO [03-25|09:20:51.777] Imported new chain segment               blocks=1     txs=6     mgas=4.132   elapsed=35.569ms  mgasps=116.178  number=2406423 hash=3b26eb…b5cae9 dirty=689.66MiB\n","stream":"stderr","time":"2020-03-25T09:20:51.778028532Z"}
{"log":"INFO [03-25|09:21:06.142] Imported new chain segment               blocks=1     txs=9     mgas=1.126   elapsed=13.685ms  mgasps=82.283   number=2406424 hash=533f63…497b36 dirty=689.71MiB\n","stream":"stderr","time":"2020-03-25T09:21:06.142524768Z"}
{"log":"INFO [03-25|09:21:21.004] Deep froze chain segment                 blocks=4     elapsed=29.715ms  number=2316423 hash=e01ea7…51360f\n","stream":"stderr","time":"2020-03-25T09:21:21.005081196Z"}
{"log":"INFO [03-25|09:21:21.460] Imported new chain segment               blocks=1     txs=1     mgas=0.096   elapsed=1.915ms   mgasps=50.073   number=2406425 hash=0a468e…89b38f dirty=689.72MiB\n","stream":"stderr","time":"2020-03-25T09:21:21.46087036Z"}
{"log":"INFO [03-25|09:21:22.521] Imported new chain segment               blocks=1     txs=1     mgas=0.096   elapsed=3.251ms   mgasps=29.493   number=2406425 hash=534767…87fe65 dirty=689.72MiB\n","stream":"stderr","time":"2020-03-25T09:21:22.5217794Z"}
{"log":"INFO [03-25|09:21:36.257] Imported new chain segment               blocks=1     txs=2     mgas=0.522   elapsed=18.448ms  mgasps=28.319   number=2406426 hash=7fa5a2…3cc549 dirty=689.74MiB\n","stream":"stderr","time":"2020-03-25T09:21:36.257845877Z"}
{"log":"INFO [03-25|09:21:37.618] Imported new chain segment               blocks=1     txs=0     mgas=0.000   elapsed=325.283µs mgasps=0.000    number=2406426 hash=b1edd3…63dcb8 dirty=689.74MiB\n","stream":"stderr","time":"2020-03-25T09:21:37.618494951Z"}
{"log":"INFO [03-25|09:21:52.102] Imported new chain segment               blocks=1     txs=0     mgas=0.000   elapsed=1.014ms   mgasps=0.000    number=2406427 hash=e55fe1…f1a16d dirty=689.71MiB\n","stream":"stderr","time":"2020-03-25T09:21:52.103009871Z"}
{"log":"INFO [03-25|09:21:52.812] Chain reorg detected                     number=2406426 hash=7fa5a2…3cc549 drop=1 dropfrom=e55fe1…f1a16d add=1 addfrom=5ac774…41c465\n","stream":"stderr","time":"2020-03-25T09:21:52.812464114Z"}
{"log":"INFO [03-25|09:21:52.812] Imported new chain segment               blocks=1     txs=0     mgas=0.000   elapsed=616.314µs mgasps=0.000    number=2406427 hash=5ac774…41c465 dirty=689.71MiB\n","stream":"stderr","time":"2020-03-25T09:21:52.820582087Z"}
{"log":"INFO [03-25|09:21:52.973] Chain reorg detected                     number=2406426 hash=7fa5a2…3cc549 drop=1 dropfrom=5ac774…41c465 add=1 addfrom=df4a42…f5abd1\n","stream":"stderr","time":"2020-03-25T09:21:52.97315707Z"}
{"log":"INFO [03-25|09:21:52.973] Imported new chain segment               blocks=1     txs=1     mgas=0.096   elapsed=1.655ms   mgasps=57.953   number=2406427 hash=df4a42…f5abd1 dirty=689.73MiB\n","stream":"stderr","time":"2020-03-25T09:21:52.973280555Z"}
{"log":"INFO [03-25|09:22:06.108] Imported new chain segment               blocks=1     txs=1     mgas=0.111   elapsed=3.029ms   mgasps=36.654   number=2406428 hash=a4eee0…b9eb77 dirty=689.73MiB\n","stream":"stderr","time":"2020-03-25T09:22:06.108622189Z"}
{"log":"INFO [03-25|09:22:07.129] Imported new chain segment               blocks=1     txs=2     mgas=0.207   elapsed=3.919ms   mgasps=52.803   number=2406428 hash=597f72…1b4ac1 dirty=689.73MiB\n","stream":"stderr","time":"2020-03-25T09:22:07.129320962Z"}
{"log":"INFO [03-25|09:22:21.036] Deep froze chain segment                 blocks=4     elapsed=31.028ms  number=2316427 hash=18281e…098ff8\n","stream":"stderr","time":"2020-03-25T09:22:21.036354392Z"}
{"log":"INFO [03-25|09:22:22.111] Imported new chain segment               blocks=1     txs=1     mgas=0.433   elapsed=21.466ms  mgasps=20.181   number=2406429 hash=5e1b72…727948 dirty=689.51MiB\n","stream":"stderr","time":"2020-03-25T09:22:22.111318546Z"}
{"log":"INFO [03-25|09:22:28.254] Chain reorg detected                     number=2406428 hash=a4eee0…b9eb77 drop=1 dropfrom=5e1b72…727948 add=1 addfrom=ff67dd…b16de6\n","stream":"stderr","time":"2020-03-25T09:22:28.254532106Z"}
{"log":"INFO [03-25|09:22:28.254] Imported new chain segment               blocks=1     txs=1     mgas=0.433   elapsed=17.482ms  mgasps=24.781   number=2406429 hash=ff67dd…b16de6 dirty=689.51MiB\n","stream":"stderr","time":"2020-03-25T09:22:28.254800264Z"}
{"log":"INFO [03-25|09:22:36.294] Chain reorg detected                     number=2406428 hash=a4eee0…b9eb77 drop=1 dropfrom=ff67dd…b16de6 add=2 addfrom=64a205…33a703\n","stream":"stderr","time":"2020-03-25T09:22:36.295093691Z"}
{"log":"INFO [03-25|09:22:36.295] Imported new chain segment               blocks=1     txs=0     mgas=0.000   elapsed=1.674ms   mgasps=0.000    number=2406430 hash=64a205…33a703 dirty=689.47MiB\n","stream":"stderr","time":"2020-03-25T09:22:36.295557533Z"}
{"log":"INFO [03-25|09:22:51.137] Imported new chain segment               blocks=1     txs=4     mgas=0.176   elapsed=3.412ms   mgasps=51.651   number=2406431 hash=6e29ef…7ac2d7 dirty=689.49MiB\n","stream":"stderr","time":"2020-03-25T09:22:51.137586754Z"}
{"log":"INFO [03-25|09:23:06.802] Imported new chain segment               blocks=1     txs=1     mgas=0.039   elapsed=1.840ms   mgasps=21.385   number=2406432 hash=54392f…51c297 dirty=689.49MiB\n","stream":"stderr","time":"2020-03-25T09:23:06.802889896Z"}
{"log":"INFO [03-25|09:23:21.070] Deep froze chain segment                 blocks=4     elapsed=34.435ms  number=2316431 hash=cb24ce…cfaa0e\n","stream":"stderr","time":"2020-03-25T09:23:21.071198949Z"}
{"log":"INFO [03-25|09:23:21.557] Imported new chain segment               blocks=1     txs=1     mgas=0.111   elapsed=4.441ms   mgasps=24.995   number=2406433 hash=6f836a…f5ced9 dirty=689.49MiB\n","stream":"stderr","time":"2020-03-25T09:23:21.558156294Z"}
{"log":"INFO [03-25|09:23:24.269] Chain reorg detected                     number=2406432 hash=54392f…51c297 drop=1 dropfrom=6f836a…f5ced9 add=1 addfrom=58aadc…c110e2\n","stream":"stderr","time":"2020-03-25T09:23:24.269598893Z"}
{"log":"INFO [03-25|09:23:24.269] Imported new chain segment               blocks=1     txs=0     mgas=0.000   elapsed=753.727µs mgasps=0.000    number=2406433 hash=58aadc…c110e2 dirty=689.49MiB\n","stream":"stderr","time":"2020-03-25T09:23:24.26989028Z"}
{"log":"INFO [03-25|09:23:37.597] Chain reorg detected                     number=2406432 hash=54392f…51c297 drop=1 dropfrom=58aadc…c110e2 add=2 addfrom=c7df6e…e3f5fe\n","stream":"stderr","time":"2020-03-25T09:23:37.597980405Z"}
{"log":"INFO [03-25|09:23:37.598] Imported new chain segment               blocks=1     txs=0     mgas=0.000   elapsed=1.478ms   mgasps=0.000    number=2406434 hash=c7df6e…e3f5fe dirty=689.45MiB\n","stream":"stderr","time":"2020-03-25T09:23:37.598416822Z"}
{"log":"INFO [03-25|09:23:37.813] Imported new chain segment               blocks=1     txs=0     mgas=0.000   elapsed=325.815µs mgasps=0.000    number=2406434 hash=5df8f2…706420 dirty=689.45MiB\n","stream":"stderr","time":"2020-03-25T09:23:37.814131831Z"}
{"log":"INFO [03-25|09:23:51.365] Chain reorg detected                     number=2406433 hash=6f836a…f5ced9 drop=1 dropfrom=c7df6e…e3f5fe add=2 addfrom=145fc2…269986\n","stream":"stderr","time":"2020-03-25T09:23:51.365840091Z"}
{"log":"INFO [03-25|09:23:51.365] Imported new chain segment               blocks=1     txs=0     mgas=0.000   elapsed=1.294ms   mgasps=0.000    number=2406435 hash=145fc2…269986 dirty=689.42MiB\n","stream":"stderr","time":"2020-03-25T09:23:51.366093826Z"}
{"log":"INFO [03-25|09:23:54.032] Chain reorg detected                     number=2406433 hash=6f836a…f5ced9 drop=2 dropfrom=145fc2…269986 add=2 addfrom=d51394…d1d194\n","stream":"stderr","time":"2020-03-25T09:23:54.032496796Z"}
{"log":"INFO [03-25|09:23:54.032] Imported new chain segment               blocks=1     txs=0     mgas=0.000   elapsed=1.253ms   mgasps=0.000    number=2406435 hash=d51394…d1d194 dirty=689.42MiB\n","stream":"stderr","time":"2020-03-25T09:23:54.032913706Z"}
{"log":"INFO [03-25|09:24:06.993] Imported new chain segment               blocks=1     txs=0     mgas=0.000   elapsed=515.486µs mgasps=0.000    number=2406436 hash=77dbb9…14afda dirty=689.42MiB\n","stream":"stderr","time":"2020-03-25T09:24:06.993691857Z"}
{"log":"INFO [03-25|09:24:21.113] Deep froze chain segment                 blocks=4     elapsed=41.610ms  number=2316435 hash=410504…993e30\n","stream":"stderr","time":"2020-03-25T09:24:21.113452763Z"}
{"log":"INFO [03-25|09:24:21.303] Imported new chain segment               blocks=1     txs=6     mgas=0.425   elapsed=7.245ms   mgasps=58.670   number=2406437 hash=d67ae5…a8cfee dirty=689.45MiB\n","stream":"stderr","time":"2020-03-25T09:24:21.303662907Z"}
{"log":"INFO [03-25|09:24:21.365] Chain reorg detected                     number=2406436 hash=77dbb9…14afda drop=1 dropfrom=d67ae5…a8cfee add=1 addfrom=8f9383…8780b1\n","stream":"stderr","time":"2020-03-25T09:24:21.365858565Z"}
{"log":"INFO [03-25|09:24:21.365] Imported new chain segment               blocks=1     txs=1     mgas=0.056   elapsed=1.556ms   mgasps=35.807   number=2406437 hash=8f9383…8780b1 dirty=689.45MiB\n","stream":"stderr","time":"2020-03-25T09:24:21.366050862Z"}
{"log":"INFO [03-25|09:24:37.122] Chain reorg detected                     number=2406436 hash=77dbb9…14afda drop=1 dropfrom=8f9383…8780b1 add=2 addfrom=bbaede…6f0f4a\n","stream":"stderr","time":"2020-03-25T09:24:37.122813207Z"}
{"log":"INFO [03-25|09:24:37.123] Imported new chain segment               blocks=1     txs=0     mgas=0.000   elapsed=1.546ms   mgasps=0.000    number=2406438 hash=bbaede…6f0f4a dirty=689.43MiB\n","stream":"stderr","time":"2020-03-25T09:24:37.123496055Z"}
{"log":"INFO [03-25|09:24:51.227] Imported new chain segment               blocks=1     txs=1     mgas=0.487   elapsed=21.346ms  mgasps=22.798   number=2406439 hash=e19783…4e0d9e dirty=689.43MiB\n","stream":"stderr","time":"2020-03-25T09:24:51.227224436Z"}
{"log":"INFO [03-25|09:24:57.722] Imported new chain segment               blocks=1     txs=1     mgas=0.487   elapsed=16.829ms  mgasps=28.915   number=2406439 hash=c621d9…8070a8 dirty=689.43MiB\n","stream":"stderr","time":"2020-03-25T09:24:57.722789881Z"}
{"log":"INFO [03-25|09:25:07.377] Imported new chain segment               blocks=1     txs=0     mgas=0.000   elapsed=756.36µs  mgasps=0.000    number=2406440 hash=71c88a…95a255 dirty=689.42MiB\n","stream":"stderr","time":"2020-03-25T09:25:07.377402868Z"}
{"log":"INFO [03-25|09:25:21.087] Imported new chain segment               blocks=1     txs=0     mgas=0.000   elapsed=541.165µs mgasps=0.000    number=2406441 hash=e50c00…f92c66 dirty=689.41MiB\n","stream":"stderr","time":"2020-03-25T09:25:21.087644334Z"}
{"log":"INFO [03-25|09:25:21.147] Deep froze chain segment                 blocks=5     elapsed=33.649ms  number=2316440 hash=ed050c…6099d7\n","stream":"stderr","time":"2020-03-25T09:25:21.147297881Z"}
{"log":"INFO [03-25|09:25:23.324] Imported new chain segment               blocks=1     txs=0     mgas=0.000   elapsed=323.161µs mgasps=0.000    number=2406441 hash=c1f084…6d99ba dirty=689.41MiB\n","stream":"stderr","time":"2020-03-25T09:25:23.324420905Z"}
{"log":"INFO [03-25|09:25:36.476] Imported new chain segment               blocks=1     txs=6     mgas=2.171   elapsed=32.099ms  mgasps=67.622   number=2406442 hash=f7ebff…f900b6 dirty=689.53MiB\n","stream":"stderr","time":"2020-03-25T09:25:36.476233885Z"}
{"log":"INFO [03-25|09:25:38.517] Chain reorg detected                     number=2406441 hash=e50c00…f92c66 drop=1 dropfrom=f7ebff…f900b6 add=1 addfrom=11b43d…3eb451\n","stream":"stderr","time":"2020-03-25T09:25:38.517741003Z"}
{"log":"INFO [03-25|09:25:38.517] Imported new chain segment               blocks=1     txs=0     mgas=0.000   elapsed=1.075ms   mgasps=0.000    number=2406442 hash=11b43d…3eb451 dirty=689.53MiB\n","stream":"stderr","time":"2020-03-25T09:25:38.518007135Z"}
{"log":"INFO [03-25|09:25:52.470] Chain reorg detected                     number=2406441 hash=e50c00…f92c66 drop=1 dropfrom=11b43d…3eb451 add=2 addfrom=2ab4d3…bf9203\n","stream":"stderr","time":"2020-03-25T09:25:52.470966398Z"}
{"log":"INFO [03-25|09:25:52.471] Imported new chain segment               blocks=1     txs=0     mgas=0.000   elapsed=1.464ms   mgasps=0.000    number=2406443 hash=2ab4d3…bf9203 dirty=689.51MiB\n","stream":"stderr","time":"2020-03-25T09:25:52.471719162Z"}
{"log":"INFO [03-25|09:25:54.003] Imported new chain segment               blocks=1     txs=1     mgas=0.085   elapsed=2.579ms   mgasps=32.988   number=2406443 hash=a53395…87733a dirty=689.53MiB\n","stream":"stderr","time":"2020-03-25T09:25:54.003256037Z"}
{"log":"INFO [03-25|09:25:54.665] Imported new chain segment               blocks=1     txs=0     mgas=0.000   elapsed=299.496µs mgasps=0.000    number=2406443 hash=44dddb…f8addc dirty=689.53MiB\n","stream":"stderr","time":"2020-03-25T09:25:54.665924501Z"}
{"log":"INFO [03-25|09:25:54.698] Imported new chain segment               blocks=1     txs=1     mgas=0.085   elapsed=1.872ms   mgasps=45.449   number=2406443 hash=a0c23d…045bf0 dirty=689.54MiB\n","stream":"stderr","time":"2020-03-25T09:25:54.699170445Z"}
{"log":"INFO [03-25|09:26:06.202] Imported new chain segment               blocks=1     txs=1     mgas=0.085   elapsed=3.308ms   mgasps=25.715   number=2406444 hash=822d5f…be7021 dirty=689.51MiB\n","stream":"stderr","time":"2020-03-25T09:26:06.202979565Z"}
{"log":"INFO [03-25|09:26:07.847] Chain reorg detected                     number=2406443 hash=2ab4d3…bf9203 drop=1 dropfrom=822d5f…be7021 add=1 addfrom=d31417…75ab98\n","stream":"stderr","time":"2020-03-25T09:26:07.847520897Z"}
{"log":"INFO [03-25|09:26:07.847] Imported new chain segment               blocks=1     txs=1     mgas=0.085   elapsed=3.238ms   mgasps=26.269   number=2406444 hash=d31417…75ab98 dirty=689.51MiB\n","stream":"stderr","time":"2020-03-25T09:26:07.847810638Z"}
{"log":"INFO [03-25|09:26:08.624] Chain reorg detected                     number=2406443 hash=2ab4d3…bf9203 drop=1 dropfrom=d31417…75ab98 add=1 addfrom=bda0db…b5968e\n","stream":"stderr","time":"2020-03-25T09:26:08.624913146Z"}
{"log":"INFO [03-25|09:26:08.625] Imported new chain segment               blocks=1     txs=1     mgas=0.085   elapsed=2.576ms   mgasps=33.018   number=2406444 hash=bda0db…b5968e dirty=689.51MiB\n","stream":"stderr","time":"2020-03-25T09:26:08.625185319Z"}
{"log":"INFO [03-25|09:26:21.092] Chain reorg detected                     number=2406443 hash=2ab4d3…bf9203 drop=1 dropfrom=bda0db…b5968e add=2 addfrom=ad35a4…78e8be\n","stream":"stderr","time":"2020-03-25T09:26:21.092851827Z"}
{"log":"INFO [03-25|09:26:21.093] Imported new chain segment               blocks=1     txs=1     mgas=0.433   elapsed=19.800ms  mgasps=21.880   number=2406445 hash=ad35a4…78e8be dirty=689.53MiB\n","stream":"stderr","time":"2020-03-25T09:26:21.09327939Z"}
{"log":"INFO [03-25|09:26:21.173] Deep froze chain segment                 blocks=4     elapsed=25.690ms  number=2316444 hash=2e476e…328e13\n","stream":"stderr","time":"2020-03-25T09:26:21.173248622Z"}
{"log":"INFO [03-25|09:26:24.766] Imported new chain segment               blocks=1     txs=1     mgas=0.433   elapsed=16.624ms  mgasps=26.061   number=2406445 hash=b3b1c7…e60273 dirty=689.53MiB\n","stream":"stderr","time":"2020-03-25T09:26:24.767126401Z"}
{"log":"INFO [03-25|09:26:24.844] Imported new chain segment               blocks=1     txs=0     mgas=0.000   elapsed=219.871µs mgasps=0.000    number=2406445 hash=383368…aafd46 dirty=689.53MiB\n","stream":"stderr","time":"2020-03-25T09:26:24.844867801Z"}
{"log":"INFO [03-25|09:26:36.082] Imported new chain segment               blocks=1     txs=1     mgas=0.096   elapsed=5.469ms   mgasps=17.536   number=2406446 hash=742858…b7c7b5 dirty=689.53MiB\n","stream":"stderr","time":"2020-03-25T09:26:36.083127691Z"}
{"log":"INFO [03-25|09:26:37.238] Imported new chain segment               blocks=1     txs=1     mgas=0.096   elapsed=3.906ms   mgasps=24.551   number=2406446 hash=b4cadd…fb7f53 dirty=689.53MiB\n","stream":"stderr","time":"2020-03-25T09:26:37.238943614Z"}
{"log":"INFO [03-25|09:26:52.320] Imported new chain segment               blocks=1     txs=0     mgas=0.000   elapsed=653.38µs  mgasps=0.000    number=2406447 hash=3853bb…8e1c87 dirty=689.52MiB\n","stream":"stderr","time":"2020-03-25T09:26:52.320502615Z"}
{"log":"INFO [03-25|09:26:53.243] Imported new chain segment               blocks=1     txs=0     mgas=0.000   elapsed=295.509µs mgasps=0.000    number=2406447 hash=6eaab3…bc1133 dirty=689.52MiB\n","stream":"stderr","time":"2020-03-25T09:26:53.244107333Z"}
{"log":"INFO [03-25|09:27:06.131] Chain reorg detected                     number=2406446 hash=742858…b7c7b5 drop=1 dropfrom=3853bb…8e1c87 add=2 addfrom=b7aa21…de8686\n","stream":"stderr","time":"2020-03-25T09:27:06.131374358Z"}
{"log":"INFO [03-25|09:27:06.131] Imported new chain segment               blocks=1     txs=1     mgas=0.433   elapsed=17.362ms  mgasps=24.951   number=2406448 hash=b7aa21…de8686 dirty=689.54MiB\n","stream":"stderr","time":"2020-03-25T09:27:06.131625786Z"}
{"log":"INFO [03-25|09:27:07.921] Imported new chain segment               blocks=1     txs=0     mgas=0.000   elapsed=332.454µs mgasps=0.000    number=2406448 hash=8dd460…f749de dirty=689.54MiB\n","stream":"stderr","time":"2020-03-25T09:27:07.921435902Z"}
{"log":"INFO [03-25|09:27:21.198] Deep froze chain segment                 blocks=3     elapsed=25.006ms  number=2316447 hash=2b2ca8…70b013\n","stream":"stderr","time":"2020-03-25T09:27:21.198646925Z"}
{"log":"INFO [03-25|09:27:22.297] Imported new chain segment               blocks=1     txs=0     mgas=0.000   elapsed=466.865µs mgasps=0.000    number=2406449 hash=dbd462…92decb dirty=689.54MiB\n","stream":"stderr","time":"2020-03-25T09:27:22.298197714Z"}
{"log":"INFO [03-25|09:27:36.171] Imported new chain segment               blocks=1     txs=3     mgas=0.262   elapsed=8.775ms   mgasps=29.897   number=2406450 hash=168896…cbc2e8 dirty=689.46MiB\n","stream":"stderr","time":"2020-03-25T09:27:36.172202929Z"}
{"log":"INFO [03-25|09:27:52.555] Imported new chain segment               blocks=1     txs=6     mgas=0.660   elapsed=15.138ms  mgasps=43.625   number=2406451 hash=7b57ba…547857 dirty=689.48MiB\n","stream":"stderr","time":"2020-03-25T09:27:52.556163656Z"}
{"log":"INFO [03-25|09:27:54.024] Imported new chain segment               blocks=1     txs=5     mgas=0.227   elapsed=4.842ms   mgasps=46.910   number=2406451 hash=c2f000…2b9d35 dirty=689.49MiB\n","stream":"stderr","time":"2020-03-25T09:27:54.024666653Z"}
{"log":"INFO [03-25|09:27:54.126] Chain reorg detected                     number=2406450 hash=168896…cbc2e8 drop=1 dropfrom=7b57ba…547857 add=1 addfrom=2af317…633d22\n","stream":"stderr","time":"2020-03-25T09:27:54.12643557Z"}
{"log":"INFO [03-25|09:27:54.126] Imported new chain segment               blocks=1     txs=4     mgas=0.131   elapsed=3.338ms   mgasps=39.318   number=2406451 hash=2af317…633d22 dirty=689.49MiB\n","stream":"stderr","time":"2020-03-25T09:27:54.126746422Z"}
{"log":"INFO [03-25|09:27:58.332] Chain reorg detected                     number=2406450 hash=168896…cbc2e8 drop=1 dropfrom=2af317…633d22 add=1 addfrom=23ea7b…70e06b\n","stream":"stderr","time":"2020-03-25T09:27:58.33289251Z"}
{"log":"INFO [03-25|09:27:58.333] Imported new chain segment               blocks=1     txs=6     mgas=0.660   elapsed=21.213ms  mgasps=31.132   number=2406451 hash=23ea7b…70e06b dirty=689.49MiB\n","stream":"stderr","time":"2020-03-25T09:27:58.333311736Z"}
{"log":"INFO [03-25|09:28:06.688] Imported new chain segment               blocks=1     txs=5     mgas=1.986   elapsed=25.532ms  mgasps=77.784   number=2406452 hash=0e65d4…c56b70 dirty=689.60MiB\n","stream":"stderr","time":"2020-03-25T09:28:06.688605042Z"}
{"log":"INFO [03-25|09:28:07.430] Imported new chain segment               blocks=1     txs=5     mgas=1.986   elapsed=14.081ms  mgasps=141.036  number=2406452 hash=ad6843…09e512 dirty=689.61MiB\n","stream":"stderr","time":"2020-03-25T09:28:07.430710114Z"}
{"log":"INFO [03-25|09:28:08.569] Imported new chain segment               blocks=1     txs=5     mgas=1.986   elapsed=18.477ms  mgasps=107.480  number=2406452 hash=61bf30…e3b629 dirty=689.61MiB\n","stream":"stderr","time":"2020-03-25T09:28:08.56999614Z"}
{"log":"INFO [03-25|09:28:21.227] Deep froze chain segment                 blocks=4     elapsed=28.774ms  number=2316451 hash=64e4b1…4a61fd\n","stream":"stderr","time":"2020-03-25T09:28:21.227740656Z"}
{"log":"INFO [03-25|09:28:21.442] Imported new chain segment               blocks=1     txs=0     mgas=0.000   elapsed=510.484µs mgasps=0.000    number=2406453 hash=1464e4…73d15d dirty=689.61MiB\n","stream":"stderr","time":"2020-03-25T09:28:21.442466794Z"}
{"log":"INFO [03-25|09:28:24.368] Imported new chain segment               blocks=1     txs=0     mgas=0.000   elapsed=302.652µs mgasps=0.000    number=2406453 hash=45b7da…580d6d dirty=689.61MiB\n","stream":"stderr","time":"2020-03-25T09:28:24.368471063Z"}
{"log":"INFO [03-25|09:28:36.137] Imported new chain segment               blocks=1     txs=1     mgas=0.068   elapsed=2.939ms   mgasps=23.210   number=2406454 hash=922000…df4dd1 dirty=689.58MiB\n","stream":"stderr","time":"2020-03-25T09:28:36.137807256Z"}
{"log":"INFO [03-25|09:28:36.178] Imported new chain segment               blocks=1     txs=1     mgas=0.068   elapsed=1.942ms   mgasps=35.121   number=2406454 hash=39352c…d1ce89 dirty=689.59MiB\n","stream":"stderr","time":"2020-03-25T09:28:36.178667174Z"}
{"log":"INFO [03-25|09:28:37.797] Imported new chain segment               blocks=1     txs=0     mgas=0.000   elapsed=387.439µs mgasps=0.000    number=2406454 hash=248b78…e93a16 dirty=689.59MiB\n","stream":"stderr","time":"2020-03-25T09:28:37.797857117Z"}
{"log":"INFO [03-25|09:28:51.191] Imported new chain segment               blocks=1     txs=0     mgas=0.000   elapsed=903.4µs   mgasps=0.000    number=2406455 hash=ff28b1…b3d5e8 dirty=689.56MiB\n","stream":"stderr","time":"2020-03-25T09:28:51.191906751Z"}
{"log":"INFO [03-25|09:28:54.687] Imported new chain segment               blocks=1     txs=0     mgas=0.000   elapsed=254.14µs  mgasps=0.000    number=2406455 hash=b22614…089fe1 dirty=689.56MiB\n","stream":"stderr","time":"2020-03-25T09:28:54.687866025Z"}
{"log":"INFO [03-25|09:29:06.670] Imported new chain segment               blocks=1     txs=0     mgas=0.000   elapsed=483.611µs mgasps=0.000    number=2406456 hash=d6c737…d3762e dirty=689.56MiB\n","stream":"stderr","time":"2020-03-25T09:29:06.671108788Z"}
{"log":"INFO [03-25|09:29:07.573] Imported new chain segment               blocks=1     txs=0     mgas=0.000   elapsed=306.415µs mgasps=0.000    number=2406456 hash=4ea9f5…881f72 dirty=689.56MiB\n","stream":"stderr","time":"2020-03-25T09:29:07.573414999Z"}
{"log":"INFO [03-25|09:29:21.263] Deep froze chain segment                 blocks=4     elapsed=35.357ms  number=2316455 hash=a82340…a35dab\n","stream":"stderr","time":"2020-03-25T09:29:21.263401245Z"}
{"log":"INFO [03-25|09:29:22.674] Imported new chain segment               blocks=1     txs=6     mgas=0.425   elapsed=7.346ms   mgasps=57.906   number=2406457 hash=b0140b…84eb0d dirty=689.57MiB\n","stream":"stderr","time":"2020-03-25T09:29:22.674803471Z"}
{"log":"INFO [03-25|09:29:23.825] Chain reorg detected                     number=2406456 hash=d6c737…d3762e drop=1 dropfrom=b0140b…84eb0d add=1 addfrom=e184d7…0a2f15\n","stream":"stderr","time":"2020-03-25T09:29:23.82619947Z"}
{"log":"INFO [03-25|09:29:23.826] Imported new chain segment               blocks=1     txs=5     mgas=0.369   elapsed=5.701ms   mgasps=64.777   number=2406457 hash=e184d7…0a2f15 dirty=689.58MiB\n","stream":"stderr","time":"2020-03-25T09:29:23.826564407Z"}
{"log":"INFO [03-25|09:29:24.131] Chain reorg detected                     number=2406456 hash=d6c737…d3762e drop=1 dropfrom=e184d7…0a2f15 add=1 addfrom=f710a4…1f1bc6\n","stream":"stderr","time":"2020-03-25T09:29:24.13173378Z"}
{"log":"INFO [03-25|09:29:24.131] Imported new chain segment               blocks=1     txs=0     mgas=0.000   elapsed=1.010ms   mgasps=0.000    number=2406457 hash=f710a4…1f1bc6 dirty=689.58MiB\n","stream":"stderr","time":"2020-03-25T09:29:24.132661263Z"}
{"log":"INFO [03-25|09:29:36.413] Chain reorg detected                     number=2406456 hash=d6c737…d3762e drop=1 dropfrom=f710a4…1f1bc6 add=2 addfrom=b80881…033c00\n","stream":"stderr","time":"2020-03-25T09:29:36.413349515Z"}
{"log":"INFO [03-25|09:29:36.413] Imported new chain segment               blocks=1     txs=1     mgas=0.524   elapsed=18.093ms  mgasps=28.967   number=2406458 hash=b80881…033c00 dirty=689.60MiB\n","stream":"stderr","time":"2020-03-25T09:29:36.414109753Z"}
{"log":"INFO [03-25|09:29:37.284] Imported new chain segment               blocks=1     txs=0     mgas=0.000   elapsed=450.679µs mgasps=0.000    number=2406458 hash=2c8c9b…a8cec9 dirty=689.60MiB\n","stream":"stderr","time":"2020-03-25T09:29:37.284294127Z"}
{"log":"INFO [03-25|09:29:51.878] Imported new chain segment               blocks=1     txs=0     mgas=0.000   elapsed=514.56µs  mgasps=0.000    number=2406459 hash=cdc8a0…1ce6d1 dirty=689.60MiB\n","stream":"stderr","time":"2020-03-25T09:29:51.878343498Z"}
{"log":"INFO [03-25|09:29:52.571] Imported new chain segment               blocks=1     txs=0     mgas=0.000   elapsed=347.001µs mgasps=0.000    number=2406459 hash=57784f…786445 dirty=689.60MiB\n","stream":"stderr","time":"2020-03-25T09:29:52.572137777Z"}
{"log":"INFO [03-25|09:30:06.193] Imported new chain segment               blocks=1     txs=0     mgas=0.000   elapsed=1.509ms   mgasps=0.000    number=2406460 hash=88c6e4…bebfec dirty=689.56MiB\n","stream":"stderr","time":"2020-03-25T09:30:06.194100673Z"}
{"log":"INFO [03-25|09:30:21.299] Deep froze chain segment                 blocks=4     elapsed=35.271ms  number=2316459 hash=9241e8…0ef72e\n","stream":"stderr","time":"2020-03-25T09:30:21.299251101Z"}
{"log":"INFO [03-25|09:30:22.926] Imported new chain segment               blocks=1     txs=4     mgas=0.527   elapsed=20.360ms  mgasps=25.879   number=2406461 hash=a30454…427720 dirty=689.46MiB\n","stream":"stderr","time":"2020-03-25T09:30:22.926355291Z"}
{"log":"INFO [03-25|09:30:36.377] Imported new chain segment               blocks=1     txs=1     mgas=3.737   elapsed=19.825ms  mgasps=188.506  number=2406462 hash=f0aefa…9578ed dirty=689.84MiB\n","stream":"stderr","time":"2020-03-25T09:30:36.377606869Z"}
{"log":"INFO [03-25|09:30:51.642] Imported new chain segment               blocks=1     txs=6     mgas=3.415   elapsed=24.674ms  mgasps=138.409  number=2406463 hash=0c0fef…5f5b71 dirty=690.11MiB\n","stream":"stderr","time":"2020-03-25T09:30:51.643169244Z"}
{"log":"INFO [03-25|09:31:06.157] Imported new chain segment               blocks=1     txs=4     mgas=0.899   elapsed=22.861ms  mgasps=39.311   number=2406464 hash=906cfe…46b2bc dirty=690.15MiB\n","stream":"stderr","time":"2020-03-25T09:31:06.157945868Z"}
{"log":"INFO [03-25|09:31:08.107] Imported new chain segment               blocks=1     txs=2     mgas=0.444   elapsed=6.322ms   mgasps=70.298   number=2406464 hash=838465…ecfef9 dirty=690.16MiB\n","stream":"stderr","time":"2020-03-25T09:31:08.107800808Z"}
{"log":"INFO [03-25|09:31:12.850] Imported new chain segment               blocks=1     txs=4     mgas=0.899   elapsed=24.255ms  mgasps=37.051   number=2406464 hash=47a863…fe1604 dirty=690.16MiB\n","stream":"stderr","time":"2020-03-25T09:31:12.850942554Z"}
{"log":"INFO [03-25|09:31:21.069] Imported new chain segment               blocks=1     txs=1     mgas=0.245   elapsed=2.534ms   mgasps=96.847   number=2406465 hash=ec376f…646100 dirty=690.17MiB\n","stream":"stderr","time":"2020-03-25T09:31:21.069923357Z"}
{"log":"INFO [03-25|09:31:21.318] Deep froze chain segment                 blocks=5     elapsed=19.625ms  number=2316464 hash=8c27e9…b883c3\n","stream":"stderr","time":"2020-03-25T09:31:21.319175027Z"}
{"log":"INFO [03-25|09:31:24.594] Imported new chain segment               blocks=1     txs=0     mgas=0.000   elapsed=430.555µs mgasps=0.000    number=2406465 hash=c25a49…16f847 dirty=690.17MiB\n","stream":"stderr","time":"2020-03-25T09:31:24.594872104Z"}
{"log":"INFO [03-25|09:31:36.330] Imported new chain segment               blocks=1     txs=1     mgas=0.245   elapsed=2.105ms   mgasps=116.574  number=2406466 hash=595464…db100b dirty=690.16MiB\n","stream":"stderr","time":"2020-03-25T09:31:36.330488741Z"}
{"log":"INFO [03-25|09:31:38.257] Chain reorg detected                     number=2406465 hash=ec376f…646100 drop=1 dropfrom=595464…db100b add=1 addfrom=d031e9…0a59cd\n","stream":"stderr","time":"2020-03-25T09:31:38.25796538Z"}
{"log":"INFO [03-25|09:31:38.258] Imported new chain segment               blocks=1     txs=1     mgas=0.245   elapsed=2.468ms   mgasps=99.426   number=2406466 hash=d031e9…0a59cd dirty=690.16MiB\n","stream":"stderr","time":"2020-03-25T09:31:38.258221378Z"}
{"log":"INFO [03-25|09:31:38.309] Chain reorg detected                     number=2406465 hash=ec376f…646100 drop=1 dropfrom=d031e9…0a59cd add=1 addfrom=788413…0e63a3\n","stream":"stderr","time":"2020-03-25T09:31:38.309214327Z"}
{"log":"INFO [03-25|09:31:38.309] Imported new chain segment               blocks=1     txs=0     mgas=0.000   elapsed=412.244µs mgasps=0.000    number=2406466 hash=788413…0e63a3 dirty=690.16MiB\n","stream":"stderr","time":"2020-03-25T09:31:38.309365641Z"}
{"log":"INFO [03-25|09:31:51.116] Chain reorg detected                     number=2406465 hash=ec376f…646100 drop=1 dropfrom=788413…0e63a3 add=2 addfrom=cc87bd…ccddb9\n","stream":"stderr","time":"2020-03-25T09:31:51.116266355Z"}
{"log":"INFO [03-25|09:31:51.116] Imported new chain segment               blocks=1     txs=2     mgas=0.519   elapsed=19.702ms  mgasps=26.356   number=2406467 hash=cc87bd…ccddb9 dirty=690.17MiB\n","stream":"stderr","time":"2020-03-25T09:31:51.116659499Z"}
{"log":"INFO [03-25|09:31:54.905] Imported new chain segment               blocks=1     txs=0     mgas=0.000   elapsed=389.691µs mgasps=0.000    number=2406467 hash=fe6d28…bf1ce0 dirty=690.17MiB\n","stream":"stderr","time":"2020-03-25T09:31:54.90609293Z"}
{"log":"INFO [03-25|09:32:06.203] Imported new chain segment               blocks=1     txs=5     mgas=0.528   elapsed=7.104ms   mgasps=74.317   number=2406468 hash=ef0973…231829 dirty=690.19MiB\n","stream":"stderr","time":"2020-03-25T09:32:06.204033344Z"}
{"log":"INFO [03-25|09:32:21.352] Deep froze chain segment                 blocks=3     elapsed=33.378ms  number=2316467 hash=cafdb2…c1bd77\n","stream":"stderr","time":"2020-03-25T09:32:21.353156153Z"}
{"log":"INFO [03-25|09:32:21.981] Imported new chain segment               blocks=1     txs=0     mgas=0.000   elapsed=7.093ms   mgasps=0.000    number=2406469 hash=517735…e21a8b dirty=689.82MiB\n","stream":"stderr","time":"2020-03-25T09:32:21.981970024Z"}
{"log":"INFO [03-25|09:32:36.102] Imported new chain segment               blocks=1     txs=1     mgas=0.080   elapsed=4.872ms   mgasps=16.382   number=2406470 hash=f2d4ab…1803a7 dirty=689.59MiB\n","stream":"stderr","time":"2020-03-25T09:32:36.102961359Z"}
{"log":"INFO [03-25|09:32:41.285] Imported new chain segment               blocks=1     txs=2     mgas=0.513   elapsed=14.415ms  mgasps=35.590   number=2406470 hash=9f915e…535819 dirty=689.61MiB\n","stream":"stderr","time":"2020-03-25T09:32:41.285934673Z"}
{"log":"INFO [03-25|09:32:51.920] Imported new chain segment               blocks=1     txs=2     mgas=0.566   elapsed=20.329ms  mgasps=27.863   number=2406471 hash=dce98c…a96838 dirty=689.54MiB\n","stream":"stderr","time":"2020-03-25T09:32:51.920884554Z"}
{"log":"INFO [03-25|09:32:53.339] Chain reorg detected                     number=2406470 hash=f2d4ab…1803a7 drop=1 dropfrom=dce98c…a96838 add=1 addfrom=b9ab94…ebd6c8\n","stream":"stderr","time":"2020-03-25T09:32:53.339535028Z"}
{"log":"INFO [03-25|09:32:53.339] Imported new chain segment               blocks=1     txs=2     mgas=0.566   elapsed=17.853ms  mgasps=31.727   number=2406471 hash=b9ab94…ebd6c8 dirty=689.54MiB\n","stream":"stderr","time":"2020-03-25T09:32:53.339824245Z"}
{"log":"INFO [03-25|09:32:53.383] Imported new chain segment               blocks=1     txs=1     mgas=0.433   elapsed=16.781ms  mgasps=25.815   number=2406471 hash=b895d4…247b94 dirty=689.54MiB\n","stream":"stderr","time":"2020-03-25T09:32:53.383945215Z"}
{"log":"INFO [03-25|09:32:56.840] Chain reorg detected                     number=2406470 hash=f2d4ab…1803a7 drop=1 dropfrom=b9ab94…ebd6c8 add=1 addfrom=29e2d8…c5adf6\n","stream":"stderr","time":"2020-03-25T09:32:56.840191526Z"}
{"log":"INFO [03-25|09:32:56.840] Imported new chain segment               blocks=1     txs=2     mgas=0.566   elapsed=12.435ms  mgasps=45.551   number=2406471 hash=29e2d8…c5adf6 dirty=689.55MiB\n","stream":"stderr","time":"2020-03-25T09:32:56.840422688Z"}
{"log":"INFO [03-25|09:33:06.211] Imported new chain segment               blocks=1     txs=0     mgas=0.000   elapsed=644.098µs mgasps=0.000    number=2406472 hash=b952c8…e0b05f dirty=689.53MiB\n","stream":"stderr","time":"2020-03-25T09:33:06.211759757Z"}
{"log":"INFO [03-25|09:33:09.343] Imported new chain segment               blocks=1     txs=0     mgas=0.000   elapsed=354.278µs mgasps=0.000    number=2406472 hash=479793…d20024 dirty=689.53MiB\n","stream":"stderr","time":"2020-03-25T09:33:09.343980483Z"}
{"log":"INFO [03-25|09:33:09.819] Imported new chain segment               blocks=1     txs=0     mgas=0.000   elapsed=273.882µs mgasps=0.000    number=2406472 hash=d5c81a…6825d2 dirty=689.53MiB\n","stream":"stderr","time":"2020-03-25T09:33:09.819612822Z"}
{"log":"INFO [03-25|09:33:10.377] Imported new chain segment               blocks=1     txs=0     mgas=0.000   elapsed=410.143µs mgasps=0.000    number=2406472 hash=5bcb76…2a70a7 dirty=689.53MiB\n","stream":"stderr","time":"2020-03-25T09:33:10.377593197Z"}
{"log":"INFO [03-25|09:33:21.382] Deep froze chain segment                 blocks=4     elapsed=29.177ms  number=2316471 hash=e5f6ad…66bdf4\n","stream":"stderr","time":"2020-03-25T09:33:21.382901913Z"}
{"log":"INFO [03-25|09:33:23.549] Imported new chain segment               blocks=1     txs=0     mgas=0.000   elapsed=1.114ms   mgasps=0.000    number=2406473 hash=882410…9a6dd2 dirty=689.49MiB\n","stream":"stderr","time":"2020-03-25T09:33:23.549859473Z"}
{"log":"INFO [03-25|09:33:36.155] Imported new chain segment               blocks=1     txs=0     mgas=0.000   elapsed=651.86µs  mgasps=0.000    number=2406474 hash=5d51d0…7e39b4 dirty=689.48MiB\n","stream":"stderr","time":"2020-03-25T09:33:36.15591231Z"}
{"log":"INFO [03-25|09:33:51.068] Imported new chain segment               blocks=1     txs=1     mgas=0.021   elapsed=1.726ms   mgasps=12.168   number=2406475 hash=6c2e6e…df29e8 dirty=689.48MiB\n","stream":"stderr","time":"2020-03-25T09:33:51.068442908Z"}
{"log":"INFO [03-25|09:34:06.137] Imported new chain segment               blocks=1     txs=1     mgas=0.021   elapsed=1.215ms   mgasps=17.285   number=2406476 hash=0d5a82…8e1ef5 dirty=689.48MiB\n","stream":"stderr","time":"2020-03-25T09:34:06.13761083Z"}
{"log":"INFO [03-25|09:34:21.083] Imported new chain segment               blocks=1     txs=2     mgas=0.152   elapsed=4.278ms   mgasps=35.448   number=2406477 hash=c9d504…21e866 dirty=689.47MiB\n","stream":"stderr","time":"2020-03-25T09:34:21.083256887Z"}
{"log":"INFO [03-25|09:34:21.418] Deep froze chain segment                 blocks=5     elapsed=35.682ms  number=2316476 hash=b49416…ee0971\n","stream":"stderr","time":"2020-03-25T09:34:21.419011784Z"}
{"log":"INFO [03-25|09:34:36.317] Imported new chain segment               blocks=1     txs=2     mgas=0.508   elapsed=18.051ms  mgasps=28.122   number=2406478 hash=b0d51c…cea355 dirty=689.48MiB\n","stream":"stderr","time":"2020-03-25T09:34:36.317398241Z"}
{"log":"INFO [03-25|09:34:41.528] Imported new chain segment               blocks=1     txs=2     mgas=0.508   elapsed=17.641ms  mgasps=28.775   number=2406478 hash=251450…b17c40 dirty=689.48MiB\n","stream":"stderr","time":"2020-03-25T09:34:41.528659581Z"}
{"log":"INFO [03-25|09:34:51.238] Imported new chain segment               blocks=1     txs=0     mgas=0.000   elapsed=633.01µs  mgasps=0.000    number=2406479 hash=bc6cf6…812387 dirty=689.48MiB\n","stream":"stderr","time":"2020-03-25T09:34:51.238359651Z"}
{"log":"INFO [03-25|09:34:51.860] Chain reorg detected                     number=2406478 hash=b0d51c…cea355 drop=1 dropfrom=bc6cf6…812387 add=1 addfrom=34871e…00d568\n","stream":"stderr","time":"2020-03-25T09:34:51.86077426Z"}
{"log":"INFO [03-25|09:34:51.860] Imported new chain segment               blocks=1     txs=0     mgas=0.000   elapsed=737.676µs mgasps=0.000    number=2406479 hash=34871e…00d568 dirty=689.48MiB\n","stream":"stderr","time":"2020-03-25T09:34:51.861031932Z"}
{"log":"INFO [03-25|09:34:52.188] New local node record                    seq=52 id=8252fae760b7940d ip=31.147.195.65 udp=1024  tcp=30303\n","stream":"stderr","time":"2020-03-25T09:34:52.188908701Z"}
{"log":"INFO [03-25|09:34:56.402] New local node record                    seq=53 id=8252fae760b7940d ip=31.147.195.65 udp=1024  tcp=30303\n","stream":"stderr","time":"2020-03-25T09:34:56.403182338Z"}
{"log":"INFO [03-25|09:35:06.690] Imported new chain segment               blocks=1     txs=0     mgas=0.000   elapsed=665.28µs  mgasps=0.000    number=2406480 hash=a6f8c1…731985 dirty=689.46MiB\n","stream":"stderr","time":"2020-03-25T09:35:06.690373644Z"}
{"log":"INFO [03-25|09:35:07.665] Imported new chain segment               blocks=1     txs=0     mgas=0.000   elapsed=439.478µs mgasps=0.000    number=2406480 hash=94a81c…44d093 dirty=689.46MiB\n","stream":"stderr","time":"2020-03-25T09:35:07.665521496Z"}
{"log":"INFO [03-25|09:35:21.454] Deep froze chain segment                 blocks=3     elapsed=35.601ms  number=2316479 hash=4c8ef1…de268c\n","stream":"stderr","time":"2020-03-25T09:35:21.454979269Z"}
{"log":"INFO [03-25|09:35:23.893] Imported new chain segment               blocks=1     txs=2     mgas=0.108   elapsed=3.153ms   mgasps=34.129   number=2406481 hash=f299f4…1143f2 dirty=689.45MiB\n","stream":"stderr","time":"2020-03-25T09:35:23.893273069Z"}
{"log":"INFO [03-25|09:35:24.013] Chain reorg detected                     number=2406480 hash=a6f8c1…731985 drop=1 dropfrom=f299f4…1143f2 add=1 addfrom=df0c87…a39dca\n","stream":"stderr","time":"2020-03-25T09:35:24.013633745Z"}
{"log":"INFO [03-25|09:35:24.013] Imported new chain segment               blocks=1     txs=3     mgas=0.541   elapsed=15.130ms  mgasps=35.746   number=2406481 hash=df0c87…a39dca dirty=689.48MiB\n","stream":"stderr","time":"2020-03-25T09:35:24.01386301Z"}
{"log":"INFO [03-25|09:35:28.611] Chain reorg detected                     number=2406480 hash=a6f8c1…731985 drop=1 dropfrom=df0c87…a39dca add=1 addfrom=d71a2e…e04214\n","stream":"stderr","time":"2020-03-25T09:35:28.612034214Z"}
{"log":"INFO [03-25|09:35:28.612] Imported new chain segment               blocks=1     txs=3     mgas=0.541   elapsed=18.525ms  mgasps=29.195   number=2406481 hash=d71a2e…e04214 dirty=689.48MiB\n","stream":"stderr","time":"2020-03-25T09:35:28.612325927Z"}
{"log":"INFO [03-25|09:35:36.864] Imported new chain segment               blocks=1     txs=2     mgas=0.994   elapsed=12.001ms  mgasps=82.797   number=2406482 hash=b3891e…e44694 dirty=689.57MiB\n","stream":"stderr","time":"2020-03-25T09:35:36.864549014Z"}
{"log":"INFO [03-25|09:35:37.202] Imported new chain segment               blocks=1     txs=1     mgas=0.062   elapsed=1.765ms   mgasps=35.347   number=2406482 hash=01d7a2…3b8043 dirty=689.57MiB\n","stream":"stderr","time":"2020-03-25T09:35:37.203070831Z"}
{"log":"INFO [03-25|09:35:38.350] Imported new chain segment               blocks=1     txs=5     mgas=1.598   elapsed=18.527ms  mgasps=86.264   number=2406482 hash=8f2cde…47629d dirty=689.59MiB\n","stream":"stderr","time":"2020-03-25T09:35:38.350462946Z"}
{"log":"INFO [03-25|09:35:51.303] Imported new chain segment               blocks=1     txs=4     mgas=0.806   elapsed=12.803ms  mgasps=62.962   number=2406483 hash=fa8404…002ee7 dirty=689.58MiB\n","stream":"stderr","time":"2020-03-25T09:35:51.304649807Z"}
{"log":"INFO [03-25|09:35:53.227] Regenerated local transaction journal    transactions=0 accounts=0\n","stream":"stderr","time":"2020-03-25T09:35:53.227556234Z"}
{"log":"INFO [03-25|09:36:06.144] Imported new chain segment               blocks=1     txs=2     mgas=0.460   elapsed=17.562ms  mgasps=26.173   number=2406484 hash=465b11…6c93f9 dirty=689.59MiB\n","stream":"stderr","time":"2020-03-25T09:36:06.144387225Z"}
{"log":"INFO [03-25|09:36:06.469] Imported new chain segment               blocks=1     txs=2     mgas=0.460   elapsed=13.309ms  mgasps=34.537   number=2406484 hash=594645…b4d138 dirty=689.59MiB\n","stream":"stderr","time":"2020-03-25T09:36:06.470148356Z"}
{"log":"INFO [03-25|09:36:21.493] Deep froze chain segment                 blocks=4     elapsed=38.305ms  number=2316483 hash=bc847f…eeea23\n","stream":"stderr","time":"2020-03-25T09:36:21.493886295Z"}
{"log":"INFO [03-25|09:36:21.576] Imported new chain segment               blocks=1     txs=2     mgas=0.140   elapsed=2.318ms   mgasps=60.323   number=2406485 hash=1a65d2…c41512 dirty=689.59MiB\n","stream":"stderr","time":"2020-03-25T09:36:21.576286755Z"}
{"log":"INFO [03-25|09:36:21.657] Imported new chain segment               blocks=1     txs=2     mgas=0.140   elapsed=1.517ms   mgasps=92.153   number=2406485 hash=bf33bc…8923bf dirty=689.59MiB\n","stream":"stderr","time":"2020-03-25T09:36:21.657992549Z"}
{"log":"INFO [03-25|09:36:22.952] Chain reorg detected                     number=2406484 hash=465b11…6c93f9 drop=1 dropfrom=1a65d2…c41512 add=1 addfrom=bb406f…1b2b68\n","stream":"stderr","time":"2020-03-25T09:36:22.952369489Z"}
{"log":"INFO [03-25|09:36:22.952] Imported new chain segment               blocks=1     txs=0     mgas=0.000   elapsed=683.919µs mgasps=0.000    number=2406485 hash=bb406f…1b2b68 dirty=689.59MiB\n","stream":"stderr","time":"2020-03-25T09:36:22.952614187Z"}
{"log":"INFO [03-25|09:36:36.109] Imported new chain segment               blocks=1     txs=3     mgas=0.184   elapsed=2.827ms   mgasps=65.006   number=2406486 hash=c5685f…5ad8b2 dirty=689.57MiB\n","stream":"stderr","time":"2020-03-25T09:36:36.110129673Z"}
{"log":"INFO [03-25|09:36:36.430] Imported new chain segment               blocks=1     txs=1     mgas=0.044   elapsed=1.353ms   mgasps=32.482   number=2406486 hash=27261d…22771d dirty=689.58MiB\n","stream":"stderr","time":"2020-03-25T09:36:36.430856362Z"}
{"log":"INFO [03-25|09:36:37.158] Imported new chain segment               blocks=1     txs=0     mgas=0.000   elapsed=333.237µs mgasps=0.000    number=2406486 hash=b30d08…3627f3 dirty=689.58MiB\n","stream":"stderr","time":"2020-03-25T09:36:37.159087296Z"}
{"log":"INFO [03-25|09:36:51.261] Imported new chain segment               blocks=1     txs=3     mgas=4.765   elapsed=21.205ms  mgasps=224.733  number=2406487 hash=d63664…72d4da dirty=689.60MiB\n","stream":"stderr","time":"2020-03-25T09:36:51.26194401Z"}
{"log":"INFO [03-25|09:36:57.862] Imported new chain segment               blocks=1     txs=3     mgas=4.765   elapsed=13.042ms  mgasps=365.387  number=2406487 hash=8026d3…784c90 dirty=689.61MiB\n","stream":"stderr","time":"2020-03-25T09:36:57.862819402Z"}
{"log":"INFO [03-25|09:37:06.322] Imported new chain segment               blocks=1     txs=1     mgas=5.015   elapsed=2.849ms   mgasps=1760.184 number=2406488 hash=643318…e66c40 dirty=689.61MiB\n","stream":"stderr","time":"2020-03-25T09:37:06.322711036Z"}
{"log":"INFO [03-25|09:37:21.527] Deep froze chain segment                 blocks=4     elapsed=33.645ms  number=2316487 hash=f160e5…3e8bc5\n","stream":"stderr","time":"2020-03-25T09:37:21.52803852Z"}
{"log":"INFO [03-25|09:37:21.586] Imported new chain segment               blocks=1     txs=1     mgas=0.056   elapsed=1.834ms   mgasps=30.380   number=2406489 hash=7f3440…0b9326 dirty=689.62MiB\n","stream":"stderr","time":"2020-03-25T09:37:21.586267081Z"}
{"log":"INFO [03-25|09:37:22.174] Imported new chain segment               blocks=1     txs=1     mgas=0.056   elapsed=1.804ms   mgasps=30.891   number=2406489 hash=3ed2d0…0129a4 dirty=689.62MiB\n","stream":"stderr","time":"2020-03-25T09:37:22.174983127Z"}
{"log":"INFO [03-25|09:37:36.726] Imported new chain segment               blocks=1     txs=0     mgas=0.000   elapsed=2.060ms   mgasps=0.000    number=2406490 hash=b38945…6ed845 dirty=689.52MiB\n","stream":"stderr","time":"2020-03-25T09:37:36.726188655Z"}
{"log":"INFO [03-25|09:37:36.726] Chain reorg detected                     number=2406489 hash=7f3440…0b9326 drop=1 dropfrom=b38945…6ed845 add=1 addfrom=14ad70…a0f874\n","stream":"stderr","time":"2020-03-25T09:37:36.72655031Z"}
{"log":"INFO [03-25|09:37:36.726] Imported new chain segment               blocks=1     txs=0     mgas=0.000   elapsed=473.792µs mgasps=0.000    number=2406490 hash=14ad70…a0f874 dirty=689.52MiB\n","stream":"stderr","time":"2020-03-25T09:37:36.726744514Z"}
{"log":"INFO [03-25|09:37:38.503] Imported new chain segment               blocks=1     txs=2     mgas=2.039   elapsed=13.218ms  mgasps=154.237  number=2406490 hash=6bdb76…afde9d dirty=689.54MiB\n","stream":"stderr","time":"2020-03-25T09:37:38.50318253Z"}
{"log":"INFO [03-25|09:37:51.513] Imported new chain segment               blocks=1     txs=2     mgas=2.039   elapsed=15.024ms  mgasps=135.698  number=2406491 hash=6b5ed7…6312f2 dirty=689.51MiB\n","stream":"stderr","time":"2020-03-25T09:37:51.513947826Z"}
{"log":"INFO [03-25|09:37:52.373] Imported new chain segment               blocks=1     txs=2     mgas=2.039   elapsed=10.516ms  mgasps=193.863  number=2406491 hash=9e8345…bb1259 dirty=689.52MiB\n","stream":"stderr","time":"2020-03-25T09:37:52.373486063Z"}
{"log":"INFO [03-25|09:37:52.882] Imported new chain segment               blocks=1     txs=2     mgas=2.039   elapsed=21.983ms  mgasps=92.743   number=2406491 hash=2a009d…b18674 dirty=689.52MiB\n","stream":"stderr","time":"2020-03-25T09:37:52.88233307Z"}
{"log":"INFO [03-25|09:37:53.181] Imported new chain segment               blocks=1     txs=2     mgas=2.039   elapsed=17.573ms  mgasps=116.012  number=2406491 hash=1fe326…e193a9 dirty=689.52MiB\n","stream":"stderr","time":"2020-03-25T09:37:53.181797754Z"}
{"log":"INFO [03-25|09:37:54.774] Imported new chain segment               blocks=1     txs=2     mgas=2.039   elapsed=17.354ms  mgasps=117.480  number=2406491 hash=f7b86a…ad2674 dirty=689.52MiB\n","stream":"stderr","time":"2020-03-25T09:37:54.774997448Z"}
{"log":"INFO [03-25|09:38:06.626] Imported new chain segment               blocks=1     txs=0     mgas=0.000   elapsed=410.3µs   mgasps=0.000    number=2406492 hash=805b13…b04676 dirty=689.52MiB\n","stream":"stderr","time":"2020-03-25T09:38:06.626224862Z"}
{"log":"INFO [03-25|09:38:06.744] Imported new chain segment               blocks=1     txs=5     mgas=1.986   elapsed=15.365ms  mgasps=129.258  number=2406492 hash=555f51…333adf dirty=689.64MiB\n","stream":"stderr","time":"2020-03-25T09:38:06.74493602Z"}
{"log":"INFO [03-25|09:38:21.566] Deep froze chain segment                 blocks=4     elapsed=38.563ms  number=2316491 hash=8443b5…87a38d\n","stream":"stderr","time":"2020-03-25T09:38:21.567042364Z"}
{"log":"INFO [03-25|09:38:21.863] Imported new chain segment               blocks=1     txs=7     mgas=4.028   elapsed=21.877ms  mgasps=184.121  number=2406493 hash=1e1db3…3ce015 dirty=689.64MiB\n","stream":"stderr","time":"2020-03-25T09:38:21.8640461Z"}
{"log":"INFO [03-25|09:38:23.252] Chain reorg detected                     number=2406492 hash=805b13…b04676 drop=1 dropfrom=1e1db3…3ce015 add=1 addfrom=36339e…62f3f7\n","stream":"stderr","time":"2020-03-25T09:38:23.252543763Z"}
{"log":"INFO [03-25|09:38:23.252] Imported new chain segment               blocks=1     txs=7     mgas=4.028   elapsed=23.659ms  mgasps=170.252  number=2406493 hash=36339e…62f3f7 dirty=689.65MiB\n","stream":"stderr","time":"2020-03-25T09:38:23.252881166Z"}
{"log":"INFO [03-25|09:38:24.286] Chain reorg detected                     number=2406492 hash=805b13…b04676 drop=1 dropfrom=36339e…62f3f7 add=1 addfrom=d4665b…f9b5b0\n","stream":"stderr","time":"2020-03-25T09:38:24.286351804Z"}
{"log":"INFO [03-25|09:38:24.286] Imported new chain segment               blocks=1     txs=7     mgas=4.028   elapsed=18.088ms  mgasps=222.690  number=2406493 hash=d4665b…f9b5b0 dirty=689.65MiB\n","stream":"stderr","time":"2020-03-25T09:38:24.286596985Z"}
{"log":"INFO [03-25|09:38:36.279] Chain reorg detected                     number=2406492 hash=805b13…b04676 drop=1 dropfrom=d4665b…f9b5b0 add=2 addfrom=12ebb5…498372\n","stream":"stderr","time":"2020-03-25T09:38:36.279943991Z"}
{"log":"INFO [03-25|09:38:36.280] Imported new chain segment               blocks=1     txs=1     mgas=0.982   elapsed=5.130ms   mgasps=191.381  number=2406494 hash=12ebb5…498372 dirty=689.58MiB\n","stream":"stderr","time":"2020-03-25T09:38:36.281190078Z"}
{"log":"INFO [03-25|09:38:36.354] Imported new chain segment               blocks=1     txs=1     mgas=0.982   elapsed=1.024ms   mgasps=958.448  number=2406494 hash=b2d4f4…3259b5 dirty=689.59MiB\n","stream":"stderr","time":"2020-03-25T09:38:36.354478667Z"}
{"log":"INFO [03-25|09:38:37.344] Imported new chain segment               blocks=1     txs=0     mgas=0.000   elapsed=426.524µs mgasps=0.000    number=2406494 hash=a48c91…bba22a dirty=689.59MiB\n","stream":"stderr","time":"2020-03-25T09:38:37.344332604Z"}
{"log":"INFO [03-25|09:38:51.773] Imported new chain segment               blocks=1     txs=2     mgas=0.473   elapsed=2.882ms   mgasps=164.216  number=2406495 hash=b6e4f7…67042c dirty=689.59MiB\n","stream":"stderr","time":"2020-03-25T09:38:51.773908924Z"}
{"log":"INFO [03-25|09:38:53.601] Chain reorg detected                     number=2406494 hash=12ebb5…498372 drop=1 dropfrom=b6e4f7…67042c add=1 addfrom=dec52b…89a1a7\n","stream":"stderr","time":"2020-03-25T09:38:53.601321082Z"}
{"log":"INFO [03-25|09:38:53.601] Imported new chain segment               blocks=1     txs=0     mgas=0.000   elapsed=1.081ms   mgasps=0.000    number=2406495 hash=dec52b…89a1a7 dirty=689.59MiB\n","stream":"stderr","time":"2020-03-25T09:38:53.601602876Z"}
{"log":"INFO [03-25|09:39:06.227] Imported new chain segment               blocks=1     txs=3     mgas=5.064   elapsed=3.968ms   mgasps=1276.097 number=2406496 hash=aa6b1e…07e0be dirty=689.59MiB\n","stream":"stderr","time":"2020-03-25T09:39:06.227269436Z"}
{"log":"INFO [03-25|09:39:08.400] Imported new chain segment               blocks=1     txs=0     mgas=0.000   elapsed=291.628µs mgasps=0.000    number=2406496 hash=ed76a0…a0bb3c dirty=689.59MiB\n","stream":"stderr","time":"2020-03-25T09:39:08.400642747Z"}
{"log":"INFO [03-25|09:39:21.434] Imported new chain segment               blocks=1     txs=2     mgas=0.119   elapsed=3.386ms   mgasps=35.032   number=2406497 hash=3989eb…9a7c0b dirty=689.57MiB\n","stream":"stderr","time":"2020-03-25T09:39:21.434856249Z"}
{"log":"INFO [03-25|09:39:21.595] Deep froze chain segment                 blocks=5     elapsed=28.314ms  number=2316496 hash=69b34a…9a0d0c\n","stream":"stderr","time":"2020-03-25T09:39:21.595636876Z"}
{"log":"INFO [03-25|09:39:36.109] Imported new chain segment               blocks=1     txs=1     mgas=0.045   elapsed=1.243ms   mgasps=36.488   number=2406498 hash=1b9309…f67af6 dirty=689.57MiB\n","stream":"stderr","time":"2020-03-25T09:39:36.109742039Z"}
{"log":"INFO [03-25|09:39:52.305] Imported new chain segment               blocks=1     txs=2     mgas=0.509   elapsed=18.487ms  mgasps=27.551   number=2406499 hash=3b342c…32beed dirty=689.57MiB\n","stream":"stderr","time":"2020-03-25T09:39:52.305544577Z"}
{"log":"INFO [03-25|09:39:52.917] Chain reorg detected                     number=2406498 hash=1b9309…f67af6 drop=1 dropfrom=3b342c…32beed add=1 addfrom=846363…c6be1f\n","stream":"stderr","time":"2020-03-25T09:39:52.917762657Z"}
{"log":"INFO [03-25|09:39:52.917] Imported new chain segment               blocks=1     txs=2     mgas=0.509   elapsed=17.931ms  mgasps=28.406   number=2406499 hash=846363…c6be1f dirty=689.57MiB\n","stream":"stderr","time":"2020-03-25T09:39:52.918097397Z"}
{"log":"INFO [03-25|09:39:57.224] Imported new chain segment               blocks=1     txs=3     mgas=0.555   elapsed=11.136ms  mgasps=49.810   number=2406499 hash=ad6455…64697f dirty=689.58MiB\n","stream":"stderr","time":"2020-03-25T09:39:57.224899051Z"}
{"log":"INFO [03-25|09:40:06.907] Chain reorg detected                     number=2406498 hash=1b9309…f67af6 drop=1 dropfrom=846363…c6be1f add=2 addfrom=a7d084…101da6\n","stream":"stderr","time":"2020-03-25T09:40:06.907241624Z"}
{"log":"INFO [03-25|09:40:06.907] Imported new chain segment               blocks=1     txs=1     mgas=0.045   elapsed=4.073ms   mgasps=11.140   number=2406500 hash=a7d084…101da6 dirty=689.47MiB\n","stream":"stderr","time":"2020-03-25T09:40:06.907696784Z"}
{"log":"INFO [03-25|09:40:21.368] Imported new chain segment               blocks=1     txs=3     mgas=0.164   elapsed=11.101ms  mgasps=14.747   number=2406501 hash=9918e3…40c892 dirty=689.48MiB\n","stream":"stderr","time":"2020-03-25T09:40:21.368880496Z"}
{"log":"INFO [03-25|09:40:21.626] Deep froze chain segment                 blocks=4     elapsed=30.002ms  number=2316500 hash=f6bf5c…df20e8\n","stream":"stderr","time":"2020-03-25T09:40:21.626458261Z"}
{"log":"INFO [03-25|09:40:22.809] Imported new chain segment               blocks=1     txs=2     mgas=0.119   elapsed=2.411ms   mgasps=49.202   number=2406501 hash=299beb…0ccdd1 dirty=689.48MiB\n","stream":"stderr","time":"2020-03-25T09:40:22.810029052Z"}
{"log":"INFO [03-25|09:40:23.019] Imported new chain segment               blocks=1     txs=1     mgas=0.096   elapsed=1.626ms   mgasps=58.976   number=2406501 hash=1c903d…65b6ee dirty=689.48MiB\n","stream":"stderr","time":"2020-03-25T09:40:23.019880647Z"}
{"log":"INFO [03-25|09:40:36.427] Imported new chain segment               blocks=1     txs=6     mgas=3.148   elapsed=32.849ms  mgasps=95.846   number=2406502 hash=2531b5…716f53 dirty=689.74MiB\n","stream":"stderr","time":"2020-03-25T09:40:36.427924577Z"}
{"log":"INFO [03-25|09:40:37.230] Chain reorg detected                     number=2406501 hash=9918e3…40c892 drop=1 dropfrom=2531b5…716f53 add=1 addfrom=a1a121…a413a7\n","stream":"stderr","time":"2020-03-25T09:40:37.230728081Z"}
{"log":"INFO [03-25|09:40:37.230] Imported new chain segment               blocks=1     txs=4     mgas=3.258   elapsed=14.970ms  mgasps=217.649  number=2406502 hash=a1a121…a413a7 dirty=689.83MiB\n","stream":"stderr","time":"2020-03-25T09:40:37.230959749Z"}
{"log":"INFO [03-25|09:40:37.344] Imported new chain segment               blocks=1     txs=0     mgas=0.000   elapsed=471.939µs mgasps=0.000    number=2406502 hash=2c1604…1a5f2a dirty=689.83MiB\n","stream":"stderr","time":"2020-03-25T09:40:37.344440575Z"}
{"log":"INFO [03-25|09:40:51.353] Chain reorg detected                     number=2406501 hash=9918e3…40c892 drop=1 dropfrom=a1a121…a413a7 add=2 addfrom=6cee63…81eacd\n","stream":"stderr","time":"2020-03-25T09:40:51.353467967Z"}
{"log":"INFO [03-25|09:40:51.354] Imported new chain segment               blocks=1     txs=6     mgas=3.106   elapsed=75.881ms  mgasps=40.933   number=2406503 hash=6cee63…81eacd dirty=689.85MiB\n","stream":"stderr","time":"2020-03-25T09:40:51.354273873Z"}
{"log":"INFO [03-25|09:40:52.664] Imported new chain segment               blocks=1     txs=3     mgas=1.366   elapsed=14.403ms  mgasps=94.853   number=2406503 hash=3a9886…19a5cf dirty=689.88MiB\n","stream":"stderr","time":"2020-03-25T09:40:52.664272748Z"}
{"log":"INFO [03-25|09:41:06.151] Imported new chain segment               blocks=1     txs=3     mgas=1.320   elapsed=13.161ms  mgasps=100.265  number=2406504 hash=a0b1b9…6568fc dirty=689.88MiB\n","stream":"stderr","time":"2020-03-25T09:41:06.151529608Z"}
{"log":"INFO [03-25|09:41:21.245] Imported new chain segment               blocks=1     txs=0     mgas=0.000   elapsed=380.476µs mgasps=0.000    number=2406505 hash=7fa74e…d79cf1 dirty=689.88MiB\n","stream":"stderr","time":"2020-03-25T09:41:21.245862158Z"}
{"log":"INFO [03-25|09:41:21.657] Deep froze chain segment                 blocks=4     elapsed=31.140ms  number=2316504 hash=3c263e…3a655a\n","stream":"stderr","time":"2020-03-25T09:41:21.658205935Z"}
{"log":"INFO [03-25|09:41:36.463] Imported new chain segment               blocks=1     txs=2     mgas=0.544   elapsed=20.576ms  mgasps=26.449   number=2406506 hash=5632ad…edc82a dirty=689.90MiB\n","stream":"stderr","time":"2020-03-25T09:41:36.463666517Z"}
{"log":"INFO [03-25|09:41:38.462] Chain reorg detected                     number=2406505 hash=7fa74e…d79cf1 drop=1 dropfrom=5632ad…edc82a add=1 addfrom=9342bc…df9d58\n","stream":"stderr","time":"2020-03-25T09:41:38.463125778Z"}
{"log":"INFO [03-25|09:41:38.463] Imported new chain segment               blocks=1     txs=1     mgas=0.433   elapsed=12.723ms  mgasps=34.049   number=2406506 hash=9342bc…df9d58 dirty=689.90MiB\n","stream":"stderr","time":"2020-03-25T09:41:38.463305954Z"}
{"log":"INFO [03-25|09:41:51.086] Imported new chain segment               blocks=1     txs=1     mgas=0.111   elapsed=3.776ms   mgasps=29.398   number=2406507 hash=b42ba0…607cdd dirty=689.83MiB\n","stream":"stderr","time":"2020-03-25T09:41:51.086648454Z"}
{"log":"INFO [03-25|09:41:51.178] Imported new chain segment               blocks=1     txs=0     mgas=0.000   elapsed=215.612µs mgasps=0.000    number=2406507 hash=a3c7e3…6208a8 dirty=689.83MiB\n","stream":"stderr","time":"2020-03-25T09:41:51.178571113Z"}
{"log":"INFO [03-25|09:42:06.084] Imported new chain segment               blocks=1     txs=0     mgas=0.000   elapsed=598.022µs mgasps=0.000    number=2406508 hash=59a592…fb2c29 dirty=689.83MiB\n","stream":"stderr","time":"2020-03-25T09:42:06.084453636Z"}
{"log":"INFO [03-25|09:42:07.142] Imported new chain segment               blocks=1     txs=0     mgas=0.000   elapsed=329.632µs mgasps=0.000    number=2406508 hash=157dce…ec2c9c dirty=689.83MiB\n","stream":"stderr","time":"2020-03-25T09:42:07.14231464Z"}
{"log":"INFO [03-25|09:42:21.695] Deep froze chain segment                 blocks=3     elapsed=36.790ms  number=2316507 hash=a311bf…711862\n","stream":"stderr","time":"2020-03-25T09:42:21.695377782Z"}
{"log":"INFO [03-25|09:42:21.929] Imported new chain segment               blocks=1     txs=0     mgas=0.000   elapsed=526.671µs mgasps=0.000    number=2406509 hash=a715ab…d04b93 dirty=689.83MiB\n","stream":"stderr","time":"2020-03-25T09:42:21.930067752Z"}
{"log":"INFO [03-25|09:42:37.077] Imported new chain segment               blocks=1     txs=1     mgas=0.433   elapsed=19.208ms  mgasps=22.554   number=2406510 hash=9211fc…2a856c dirty=689.66MiB\n","stream":"stderr","time":"2020-03-25T09:42:37.077741496Z"}
{"log":"INFO [03-25|09:42:42.107] Imported new chain segment               blocks=1     txs=1     mgas=0.433   elapsed=16.671ms  mgasps=25.985   number=2406510 hash=d54cb1…7381fe dirty=689.66MiB\n","stream":"stderr","time":"2020-03-25T09:42:42.107947125Z"}
{"log":"INFO [03-25|09:42:51.110] Imported new chain segment               blocks=1     txs=1     mgas=0.059   elapsed=3.359ms   mgasps=17.646   number=2406511 hash=be66af…b04cc0 dirty=689.53MiB\n","stream":"stderr","time":"2020-03-25T09:42:51.110494388Z"}
{"log":"INFO [03-25|09:43:06.234] Imported new chain segment               blocks=1     txs=1     mgas=0.389   elapsed=2.723ms   mgasps=142.943  number=2406512 hash=7e4ca5…d18e87 dirty=689.48MiB\n","stream":"stderr","time":"2020-03-25T09:43:06.234443192Z"}
{"log":"INFO [03-25|09:43:08.376] Imported new chain segment               blocks=1     txs=1     mgas=0.389   elapsed=1.831ms   mgasps=212.641  number=2406512 hash=452e7e…71e3a8 dirty=689.48MiB\n","stream":"stderr","time":"2020-03-25T09:43:08.376221725Z"}
{"log":"INFO [03-25|09:43:21.687] Imported new chain segment               blocks=1     txs=0     mgas=0.000   elapsed=988.125µs mgasps=0.000    number=2406513 hash=eb4e55…05a26f dirty=689.45MiB\n","stream":"stderr","time":"2020-03-25T09:43:21.688041264Z"}
{"log":"INFO [03-25|09:43:21.732] Deep froze chain segment                 blocks=5     elapsed=36.872ms  number=2316512 hash=9dbb1c…bf6c76\n","stream":"stderr","time":"2020-03-25T09:43:21.732672007Z"}
{"log":"INFO [03-25|09:43:36.586] Imported new chain segment               blocks=1     txs=1     mgas=0.088   elapsed=3.163ms   mgasps=27.703   number=2406514 hash=e20b8d…f73a11 dirty=689.45MiB\n","stream":"stderr","time":"2020-03-25T09:43:36.586304867Z"}
{"log":"INFO [03-25|09:43:38.762] Imported new chain segment               blocks=1     txs=1     mgas=0.088   elapsed=2.512ms   mgasps=34.882   number=2406514 hash=eee1c6…956636 dirty=689.45MiB\n","stream":"stderr","time":"2020-03-25T09:43:38.763091093Z"}
{"log":"INFO [03-25|09:43:51.566] Chain reorg detected                     number=2406513 hash=eb4e55…05a26f drop=1 dropfrom=e20b8d…f73a11 add=2 addfrom=e46d31…3cea75\n","stream":"stderr","time":"2020-03-25T09:43:51.566779978Z"}
{"log":"INFO [03-25|09:43:51.567] Imported new chain segment               blocks=1     txs=0     mgas=0.000   elapsed=1.089ms   mgasps=0.000    number=2406515 hash=e46d31…3cea75 dirty=689.45MiB\n","stream":"stderr","time":"2020-03-25T09:43:51.567327729Z"}
{"log":"INFO [03-25|09:43:54.002] Imported new chain segment               blocks=1     txs=0     mgas=0.000   elapsed=391.78µs  mgasps=0.000    number=2406515 hash=74de8c…56c0de dirty=689.45MiB\n","stream":"stderr","time":"2020-03-25T09:43:54.00237682Z"}
{"log":"INFO [03-25|09:44:06.065] Imported new chain segment               blocks=1     txs=1     mgas=0.023   elapsed=2.334ms   mgasps=9.891    number=2406516 hash=1dc5a1…d95fe3 dirty=689.42MiB\n","stream":"stderr","time":"2020-03-25T09:44:06.065826838Z"}
{"log":"INFO [03-25|09:44:08.149] Imported new chain segment               blocks=1     txs=0     mgas=0.000   elapsed=355.515µs mgasps=0.000    number=2406516 hash=85d4b6…007488 dirty=689.42MiB\n","stream":"stderr","time":"2020-03-25T09:44:08.15016555Z"}
{"log":"INFO [03-25|09:44:21.079] Imported new chain segment               blocks=1     txs=1     mgas=0.056   elapsed=3.331ms   mgasps=16.731   number=2406517 hash=138c91…8b729d dirty=689.42MiB\n","stream":"stderr","time":"2020-03-25T09:44:21.080321178Z"}
{"log":"INFO [03-25|09:44:21.767] Deep froze chain segment                 blocks=4     elapsed=34.460ms  number=2316516 hash=8e4e17…e59324\n","stream":"stderr","time":"2020-03-25T09:44:21.76774216Z"}
{"log":"INFO [03-25|09:44:23.979] Imported new chain segment               blocks=1     txs=0     mgas=0.000   elapsed=309.266µs mgasps=0.000    number=2406517 hash=ae5785…1cb78e dirty=689.42MiB\n","stream":"stderr","time":"2020-03-25T09:44:23.979907379Z"}
{"log":"INFO [03-25|09:44:24.016] Imported new chain segment               blocks=1     txs=1     mgas=0.056   elapsed=1.128ms   mgasps=49.398   number=2406517 hash=35fed2…b2eb1e dirty=689.43MiB\n","stream":"stderr","time":"2020-03-25T09:44:24.016414328Z"}
{"log":"INFO [03-25|09:44:38.643] Imported new chain segment               blocks=1     txs=0     mgas=0.000   elapsed=615.481µs mgasps=0.000    number=2406518 hash=132bbc…0408bc dirty=689.41MiB\n","stream":"stderr","time":"2020-03-25T09:44:38.643324854Z"}
{"log":"INFO [03-25|09:44:39.415] Chain reorg detected                     number=2406517 hash=138c91…8b729d drop=1 dropfrom=132bbc…0408bc add=1 addfrom=5a7f41…1c7140\n","stream":"stderr","time":"2020-03-25T09:44:39.416034744Z"}
{"log":"INFO [03-25|09:44:39.416] Imported new chain segment               blocks=1     txs=0     mgas=0.000   elapsed=437.774µs mgasps=0.000    number=2406518 hash=5a7f41…1c7140 dirty=689.41MiB\n","stream":"stderr","time":"2020-03-25T09:44:39.416178136Z"}
{"log":"INFO [03-25|09:44:51.920] Chain reorg detected                     number=2406517 hash=138c91…8b729d drop=1 dropfrom=5a7f41…1c7140 add=2 addfrom=b39b12…51ab44\n","stream":"stderr","time":"2020-03-25T09:44:51.921191882Z"}
{"log":"INFO [03-25|09:44:51.921] Imported new chain segment               blocks=1     txs=3     mgas=0.619   elapsed=20.705ms  mgasps=29.879   number=2406519 hash=b39b12…51ab44 dirty=689.44MiB\n","stream":"stderr","time":"2020-03-25T09:44:51.921545859Z"}
{"log":"INFO [03-25|09:44:57.471] Imported new chain segment               blocks=1     txs=4     mgas=0.715   elapsed=23.619ms  mgasps=30.253   number=2406519 hash=f4626f…e6b3c9 dirty=689.46MiB\n","stream":"stderr","time":"2020-03-25T09:44:57.47188783Z"}
{"log":"INFO [03-25|09:45:06.106] Imported new chain segment               blocks=1     txs=1     mgas=0.096   elapsed=2.455ms   mgasps=39.059   number=2406520 hash=c18fb0…8007f7 dirty=689.44MiB\n","stream":"stderr","time":"2020-03-25T09:45:06.106469099Z"}
{"log":"INFO [03-25|09:45:08.967] Imported new chain segment               blocks=1     txs=1     mgas=0.096   elapsed=2.069ms   mgasps=46.337   number=2406520 hash=8d9d47…391c2d dirty=689.45MiB\n","stream":"stderr","time":"2020-03-25T09:45:08.967633801Z"}
{"log":"INFO [03-25|09:45:21.100] Imported new chain segment               blocks=1     txs=0     mgas=0.000   elapsed=327.496µs mgasps=0.000    number=2406521 hash=1e2770…fde4d5 dirty=689.45MiB\n","stream":"stderr","time":"2020-03-25T09:45:21.100207505Z"}
{"log":"INFO [03-25|09:45:21.308] Imported new chain segment               blocks=1     txs=1     mgas=3.716   elapsed=23.943ms  mgasps=155.212  number=2406521 hash=bd050d…51e1e0 dirty=689.83MiB\n","stream":"stderr","time":"2020-03-25T09:45:21.30905956Z"}
{"log":"INFO [03-25|09:45:21.797] Deep froze chain segment                 blocks=4     elapsed=29.286ms  number=2316520 hash=0ec793…dd368a\n","stream":"stderr","time":"2020-03-25T09:45:21.797460215Z"}
{"log":"INFO [03-25|09:45:36.797] Imported new chain segment               blocks=1     txs=6     mgas=2.171   elapsed=28.466ms  mgasps=76.253   number=2406522 hash=f345c7…f573da dirty=689.95MiB\n","stream":"stderr","time":"2020-03-25T09:45:36.797423603Z"}
{"log":"INFO [03-25|09:45:37.298] Imported new chain segment               blocks=1     txs=1     mgas=3.716   elapsed=19.513ms  mgasps=190.448  number=2406522 hash=b45a2f…55a3b6 dirty=689.95MiB\n","stream":"stderr","time":"2020-03-25T09:45:37.298870225Z"}
{"log":"INFO [03-25|09:45:51.411] Chain reorg detected                     number=2406521 hash=1e2770…fde4d5 drop=1 dropfrom=f345c7…f573da add=2 addfrom=ba6446…c8e45e\n","stream":"stderr","time":"2020-03-25T09:45:51.411459894Z"}
{"log":"INFO [03-25|09:45:51.411] Imported new chain segment               blocks=1     txs=7     mgas=2.259   elapsed=32.284ms  mgasps=69.978   number=2406523 hash=ba6446…c8e45e dirty=689.98MiB\n","stream":"stderr","time":"2020-03-25T09:45:51.412008199Z"}
{"log":"INFO [03-25|09:45:53.489] Chain reorg detected                     number=2406521 hash=1e2770…fde4d5 drop=2 dropfrom=ba6446…c8e45e add=2 addfrom=1355d3…841c47\n","stream":"stderr","time":"2020-03-25T09:45:53.489947014Z"}
{"log":"INFO [03-25|09:45:53.490] Imported new chain segment               blocks=1     txs=1     mgas=3.716   elapsed=17.436ms  mgasps=213.129  number=2406523 hash=1355d3…841c47 dirty=689.98MiB\n","stream":"stderr","time":"2020-03-25T09:45:53.490649563Z"}
{"log":"INFO [03-25|09:46:06.155] Chain reorg detected                     number=2406521 hash=1e2770…fde4d5 drop=2 dropfrom=1355d3…841c47 add=3 addfrom=5537f0…5838f5\n","stream":"stderr","time":"2020-03-25T09:46:06.156124349Z"}
{"log":"INFO [03-25|09:46:06.157] Imported new chain segment               blocks=1     txs=0     mgas=0.000   elapsed=2.470ms   mgasps=0.000    number=2406524 hash=5537f0…5838f5 dirty=689.96MiB\n","stream":"stderr","time":"2020-03-25T09:46:06.157172582Z"}
{"log":"INFO [03-25|09:46:21.226] Imported new chain segment               blocks=1     txs=2     mgas=0.529   elapsed=19.482ms  mgasps=27.158   number=2406525 hash=fceb7c…dfe1cb dirty=689.93MiB\n","stream":"stderr","time":"2020-03-25T09:46:21.22704277Z"}
{"log":"INFO [03-25|09:46:21.836] Deep froze chain segment                 blocks=4     elapsed=38.610ms  number=2316524 hash=8af98e…e570e9\n","stream":"stderr","time":"2020-03-25T09:46:21.836347985Z"}
{"log":"INFO [03-25|09:46:24.184] Chain reorg detected                     number=2406524 hash=5537f0…5838f5 drop=1 dropfrom=fceb7c…dfe1cb add=1 addfrom=ab843f…bf9632\n","stream":"stderr","time":"2020-03-25T09:46:24.185079086Z"}
{"log":"INFO [03-25|09:46:24.185] Imported new chain segment               blocks=1     txs=0     mgas=0.000   elapsed=786.844µs mgasps=0.000    number=2406525 hash=ab843f…bf9632 dirty=689.93MiB\n","stream":"stderr","time":"2020-03-25T09:46:24.185331271Z"}
{"log":"INFO [03-25|09:46:24.945] Chain reorg detected                     number=2406524 hash=5537f0…5838f5 drop=1 dropfrom=ab843f…bf9632 add=1 addfrom=335880…b48ef9\n","stream":"stderr","time":"2020-03-25T09:46:24.945991748Z"}
{"log":"INFO [03-25|09:46:24.946] Imported new chain segment               blocks=1     txs=2     mgas=0.529   elapsed=13.173ms  mgasps=40.164   number=2406525 hash=335880…b48ef9 dirty=689.94MiB\n","stream":"stderr","time":"2020-03-25T09:46:24.946099693Z"}
{"log":"INFO [03-25|09:46:37.437] Chain reorg detected                     number=2406524 hash=5537f0…5838f5 drop=1 dropfrom=335880…b48ef9 add=2 addfrom=ee67f0…725fe9\n","stream":"stderr","time":"2020-03-25T09:46:37.437317692Z"}
{"log":"INFO [03-25|09:46:37.437] Imported new chain segment               blocks=1     txs=0     mgas=0.000   elapsed=1.385ms   mgasps=0.000    number=2406526 hash=ee67f0…725fe9 dirty=689.92MiB\n","stream":"stderr","time":"2020-03-25T09:46:37.437844136Z"}
{"log":"INFO [03-25|09:46:38.725] Imported new chain segment               blocks=1     txs=0     mgas=0.000   elapsed=318.958µs mgasps=0.000    number=2406526 hash=29372f…972e7e dirty=689.92MiB\n","stream":"stderr","time":"2020-03-25T09:46:38.725717354Z"}
{"log":"INFO [03-25|09:46:51.072] Chain reorg detected                     number=2406525 hash=fceb7c…dfe1cb drop=1 dropfrom=ee67f0…725fe9 add=2 addfrom=fde250…b41556\n","stream":"stderr","time":"2020-03-25T09:46:51.072883369Z"}
{"log":"INFO [03-25|09:46:51.073] Imported new chain segment               blocks=1     txs=2     mgas=0.153   elapsed=3.190ms   mgasps=47.884   number=2406527 hash=fde250…b41556 dirty=689.94MiB\n","stream":"stderr","time":"2020-03-25T09:46:51.073185486Z"}
{"log":"INFO [03-25|09:46:51.990] Imported new chain segment               blocks=1     txs=0     mgas=0.000   elapsed=239.453µs mgasps=0.000    number=2406527 hash=23f045…9601f9 dirty=689.94MiB\n","stream":"stderr","time":"2020-03-25T09:46:51.990904458Z"}
{"log":"INFO [03-25|09:47:06.104] Imported new chain segment               blocks=1     txs=1     mgas=0.096   elapsed=2.466ms   mgasps=38.891   number=2406528 hash=5ee0f6…3de8b8 dirty=689.96MiB\n","stream":"stderr","time":"2020-03-25T09:47:06.104507172Z"}
{"log":"INFO [03-25|09:47:11.303] Imported new chain segment               blocks=1     txs=2     mgas=0.529   elapsed=13.867ms  mgasps=38.157   number=2406528 hash=ce2dd4…6276ee dirty=689.98MiB\n","stream":"stderr","time":"2020-03-25T09:47:11.303689924Z"}
{"log":"INFO [03-25|09:47:21.549] Imported new chain segment               blocks=1     txs=1     mgas=0.433   elapsed=26.164ms  mgasps=16.557   number=2406529 hash=af8a6d…351e6b dirty=689.62MiB\n","stream":"stderr","time":"2020-03-25T09:47:21.549259914Z"}
{"log":"INFO [03-25|09:47:21.863] Deep froze chain segment                 blocks=4     elapsed=27.289ms  number=2316528 hash=971c0e…2778ea\n","stream":"stderr","time":"2020-03-25T09:47:21.863980289Z"}
{"log":"INFO [03-25|09:47:27.254] Imported new chain segment               blocks=1     txs=3     mgas=0.608   elapsed=19.641ms  mgasps=30.948   number=2406529 hash=4aff4f…a88203 dirty=689.64MiB\n","stream":"stderr","time":"2020-03-25T09:47:27.254786194Z"}
{"log":"INFO [03-25|09:47:36.582] Imported new chain segment               blocks=1     txs=2     mgas=0.175   elapsed=5.081ms   mgasps=34.372   number=2406530 hash=c13c95…8f6b33 dirty=689.55MiB\n","stream":"stderr","time":"2020-03-25T09:47:36.582845789Z"}
{"log":"INFO [03-25|09:47:51.453] Imported new chain segment               blocks=1     txs=1     mgas=0.433   elapsed=14.845ms  mgasps=29.184   number=2406531 hash=0541dd…8d6da9 dirty=689.53MiB\n","stream":"stderr","time":"2020-03-25T09:47:51.453772105Z"}
{"log":"INFO [03-25|09:48:07.194] Imported new chain segment               blocks=1     txs=0     mgas=0.000   elapsed=1.071ms   mgasps=0.000    number=2406532 hash=546c70…9c5267 dirty=689.49MiB\n","stream":"stderr","time":"2020-03-25T09:48:07.194761012Z"}
{"log":"INFO [03-25|09:48:07.319] Imported new chain segment               blocks=1     txs=0     mgas=0.000   elapsed=318.662µs mgasps=0.000    number=2406532 hash=39e5da…8cd048 dirty=689.49MiB\n","stream":"stderr","time":"2020-03-25T09:48:07.319399124Z"}
{"log":"INFO [03-25|09:48:07.467] Imported new chain segment               blocks=1     txs=5     mgas=1.986   elapsed=19.202ms  mgasps=103.427  number=2406532 hash=ded79f…f979fb dirty=689.61MiB\n","stream":"stderr","time":"2020-03-25T09:48:07.467213443Z"}
{"log":"INFO [03-25|09:48:21.620] Imported new chain segment               blocks=1     txs=5     mgas=1.986   elapsed=21.018ms  mgasps=94.488   number=2406533 hash=e1fd30…6ba86f dirty=689.58MiB\n","stream":"stderr","time":"2020-03-25T09:48:21.6206895Z"}
{"log":"INFO [03-25|09:48:21.893] Deep froze chain segment                 blocks=4     elapsed=29.677ms  number=2316532 hash=d44f0e…799db0\n","stream":"stderr","time":"2020-03-25T09:48:21.893934888Z"}
{"log":"INFO [03-25|09:48:23.164] Imported new chain segment               blocks=1     txs=5     mgas=1.986   elapsed=20.495ms  mgasps=96.900   number=2406533 hash=e0c381…0c099c dirty=689.58MiB\n","stream":"stderr","time":"2020-03-25T09:48:23.164379981Z"}
{"log":"INFO [03-25|09:48:36.122] Imported new chain segment               blocks=1     txs=1     mgas=0.389   elapsed=2.230ms   mgasps=174.554  number=2406534 hash=0e36fb…9ef3b1 dirty=689.56MiB\n","stream":"stderr","time":"2020-03-25T09:48:36.123007648Z"}
{"log":"INFO [03-25|09:48:37.596] Imported new chain segment               blocks=1     txs=1     mgas=0.389   elapsed=2.106ms   mgasps=184.802  number=2406534 hash=7d90f2…411db2 dirty=689.57MiB\n","stream":"stderr","time":"2020-03-25T09:48:37.596670927Z"}
{"log":"INFO [03-25|09:48:39.755] Imported new chain segment               blocks=1     txs=0     mgas=0.000   elapsed=329.03µs  mgasps=0.000    number=2406534 hash=88380e…e6a854 dirty=689.57MiB\n","stream":"stderr","time":"2020-03-25T09:48:39.75556152Z"}
{"log":"INFO [03-25|09:48:51.790] Imported new chain segment               blocks=1     txs=0     mgas=0.000   elapsed=416.14µs  mgasps=0.000    number=2406535 hash=32d454…48bfe1 dirty=689.56MiB\n","stream":"stderr","time":"2020-03-25T09:48:51.790841813Z"}
{"log":"INFO [03-25|09:48:54.864] Chain reorg detected                     number=2406534 hash=0e36fb…9ef3b1 drop=1 dropfrom=32d454…48bfe1 add=1 addfrom=41e29b…e3e2fc\n","stream":"stderr","time":"2020-03-25T09:48:54.86517503Z"}
{"log":"INFO [03-25|09:48:54.865] Imported new chain segment               blocks=1     txs=0     mgas=0.000   elapsed=558.83µs  mgasps=0.000    number=2406535 hash=41e29b…e3e2fc dirty=689.56MiB\n","stream":"stderr","time":"2020-03-25T09:48:54.865319779Z"}
{"log":"INFO [03-25|09:49:06.128] Imported new chain segment               blocks=1     txs=0     mgas=0.000   elapsed=615.978µs mgasps=0.000    number=2406536 hash=629e94…1dfbee dirty=689.55MiB\n","stream":"stderr","time":"2020-03-25T09:49:06.129164315Z"}
{"log":"INFO [03-25|09:49:09.841] Imported new chain segment               blocks=1     txs=0     mgas=0.000   elapsed=249.476µs mgasps=0.000    number=2406536 hash=91c32c…7174f1 dirty=689.55MiB\n","stream":"stderr","time":"2020-03-25T09:49:09.841693403Z"}
{"log":"INFO [03-25|09:49:21.918] Deep froze chain segment                 blocks=3     elapsed=24.571ms  number=2316535 hash=ddd086…c80944\n","stream":"stderr","time":"2020-03-25T09:49:21.918782791Z"}
{"log":"INFO [03-25|09:49:22.570] Imported new chain segment               blocks=1     txs=0     mgas=0.000   elapsed=1.289ms   mgasps=0.000    number=2406537 hash=cc3d70…9aa391 dirty=689.51MiB\n","stream":"stderr","time":"2020-03-25T09:49:22.570504618Z"}
{"log":"INFO [03-25|09:49:36.090] Imported new chain segment               blocks=1     txs=1     mgas=0.487   elapsed=18.678ms  mgasps=26.053   number=2406538 hash=edfe0a…ec4ed1 dirty=689.52MiB\n","stream":"stderr","time":"2020-03-25T09:49:36.090909378Z"}
{"log":"INFO [03-25|09:49:38.856] Imported new chain segment               blocks=1     txs=1     mgas=0.487   elapsed=18.603ms  mgasps=26.157   number=2406538 hash=1df0b4…eb2e21 dirty=689.52MiB\n","stream":"stderr","time":"2020-03-25T09:49:38.857113427Z"}
{"log":"INFO [03-25|09:49:51.228] Imported new chain segment               blocks=1     txs=0     mgas=0.000   elapsed=2.156ms   mgasps=0.000    number=2406539 hash=79482e…6050d4 dirty=689.40MiB\n","stream":"stderr","time":"2020-03-25T09:49:51.22897023Z"}
{"log":"INFO [03-25|09:50:07.006] Imported new chain segment               blocks=1     txs=1     mgas=0.111   elapsed=5.289ms   mgasps=20.989   number=2406540 hash=e52ca0…782480 dirty=689.42MiB\n","stream":"stderr","time":"2020-03-25T09:50:07.007183394Z"}
{"log":"INFO [03-25|09:50:21.944] Deep froze chain segment                 blocks=4     elapsed=25.874ms  number=2316539 hash=3e5311…e3630f\n","stream":"stderr","time":"2020-03-25T09:50:21.944948576Z"}
{"log":"INFO [03-25|09:50:23.207] Imported new chain segment               blocks=1     txs=1     mgas=0.433   elapsed=12.809ms  mgasps=33.823   number=2406541 hash=8d2a79…36e884 dirty=689.43MiB\n","stream":"stderr","time":"2020-03-25T09:50:23.208194482Z"}
{"log":"INFO [03-25|09:50:24.482] Chain reorg detected                     number=2406540 hash=e52ca0…782480 drop=1 dropfrom=8d2a79…36e884 add=1 addfrom=c34c7b…929988\n","stream":"stderr","time":"2020-03-25T09:50:24.482981533Z"}
{"log":"INFO [03-25|09:50:24.483] Imported new chain segment               blocks=1     txs=0     mgas=0.000   elapsed=700.608µs mgasps=0.000    number=2406541 hash=c34c7b…929988 dirty=689.43MiB\n","stream":"stderr","time":"2020-03-25T09:50:24.483206081Z"}
{"log":"INFO [03-25|09:50:36.370] Chain reorg detected                     number=2406540 hash=e52ca0…782480 drop=1 dropfrom=c34c7b…929988 add=2 addfrom=1c6708…03746d\n","stream":"stderr","time":"2020-03-25T09:50:36.37033214Z"}
{"log":"INFO [03-25|09:50:36.370] Imported new chain segment               blocks=1     txs=0     mgas=0.000   elapsed=706.385µs mgasps=0.000    number=2406542 hash=1c6708…03746d dirty=689.43MiB\n","stream":"stderr","time":"2020-03-25T09:50:36.370640133Z"}
{"log":"INFO [03-25|09:50:37.624] Imported new chain segment               blocks=1     txs=0     mgas=0.000   elapsed=345.682µs mgasps=0.000    number=2406542 hash=81a270…af71b2 dirty=689.43MiB\n","stream":"stderr","time":"2020-03-25T09:50:37.624522962Z"}
{"log":"INFO [03-25|09:50:37.680] Imported new chain segment               blocks=1     txs=4     mgas=3.523   elapsed=29.780ms  mgasps=118.292  number=2406542 hash=3ecbff…01504d dirty=689.70MiB\n","stream":"stderr","time":"2020-03-25T09:50:37.680687483Z"}
{"log":"INFO [03-25|09:50:51.677] Imported new chain segment               blocks=1     txs=6     mgas=3.493   elapsed=25.026ms  mgasps=139.580  number=2406543 hash=e3b20e…3e271d dirty=689.75MiB\n","stream":"stderr","time":"2020-03-25T09:50:51.677524141Z"}
{"log":"INFO [03-25|09:50:53.430] Chain reorg detected                     number=2406542 hash=1c6708…03746d drop=1 dropfrom=e3b20e…3e271d add=1 addfrom=23d6aa…da9b55\n","stream":"stderr","time":"2020-03-25T09:50:53.430265203Z"}
{"log":"INFO [03-25|09:50:53.430] Imported new chain segment               blocks=1     txs=5     mgas=3.585   elapsed=19.949ms  mgasps=179.715  number=2406543 hash=23d6aa…da9b55 dirty=689.75MiB\n","stream":"stderr","time":"2020-03-25T09:50:53.430552485Z"}
{"log":"INFO [03-25|09:51:06.409] Imported new chain segment               blocks=1     txs=5     mgas=1.012   elapsed=25.157ms  mgasps=40.232   number=2406544 hash=ac066e…ff7555 dirty=689.79MiB\n","stream":"stderr","time":"2020-03-25T09:51:06.409657917Z"}
{"log":"INFO [03-25|09:51:09.105] Chain reorg detected                     number=2406542 hash=1c6708…03746d drop=2 dropfrom=ac066e…ff7555 add=2 addfrom=f83489…c190f0\n","stream":"stderr","time":"2020-03-25T09:51:09.105383304Z"}
{"log":"INFO [03-25|09:51:09.105] Imported new chain segment               blocks=1     txs=1     mgas=0.389   elapsed=5.996ms   mgasps=64.824   number=2406544 hash=f83489…c190f0 dirty=689.80MiB\n","stream":"stderr","time":"2020-03-25T09:51:09.105972569Z"}
{"log":"INFO [03-25|09:51:09.811] Chain reorg detected                     number=2406543 hash=e3b20e…3e271d drop=1 dropfrom=f83489…c190f0 add=1 addfrom=bccaeb…327cc5\n","stream":"stderr","time":"2020-03-25T09:51:09.811767154Z"}
{"log":"INFO [03-25|09:51:09.811] Imported new chain segment               blocks=1     txs=2     mgas=0.425   elapsed=5.371ms   mgasps=79.066   number=2406544 hash=bccaeb…327cc5 dirty=689.80MiB\n","stream":"stderr","time":"2020-03-25T09:51:09.811907975Z"}
{"log":"INFO [03-25|09:51:21.964] Chain reorg detected                     number=2406543 hash=e3b20e…3e271d drop=1 dropfrom=bccaeb…327cc5 add=2 addfrom=0ac320…cf7d85\n","stream":"stderr","time":"2020-03-25T09:51:21.964582675Z"}
{"log":"INFO [03-25|09:51:21.964] Imported new chain segment               blocks=1     txs=3     mgas=0.496   elapsed=11.827ms  mgasps=41.902   number=2406545 hash=0ac320…cf7d85 dirty=689.78MiB\n","stream":"stderr","time":"2020-03-25T09:51:21.964957771Z"}
{"log":"INFO [03-25|09:51:21.980] Deep froze chain segment                 blocks=4     elapsed=35.802ms  number=2316543 hash=387b3f…8087d3\n","stream":"stderr","time":"2020-03-25T09:51:21.980922988Z"}
{"log":"INFO [03-25|09:51:24.929] Imported new chain segment               blocks=1     txs=0     mgas=0.000   elapsed=215.9µs   mgasps=0.000    number=2406545 hash=d09feb…8222d9 dirty=689.78MiB\n","stream":"stderr","time":"2020-03-25T09:51:24.929911637Z"}
{"log":"INFO [03-25|09:51:36.980] Chain reorg detected                     number=2406542 hash=1c6708…03746d drop=3 dropfrom=0ac320…cf7d85 add=4 addfrom=e295f7…75f222\n","stream":"stderr","time":"2020-03-25T09:51:36.980400575Z"}
{"log":"INFO [03-25|09:51:36.981] Imported new chain segment               blocks=1     txs=0     mgas=0.000   elapsed=2.367ms   mgasps=0.000    number=2406546 hash=e295f7…75f222 dirty=689.76MiB\n","stream":"stderr","time":"2020-03-25T09:51:36.981454614Z"}
{"log":"INFO [03-25|09:51:52.003] Imported new chain segment               blocks=1     txs=1     mgas=0.433   elapsed=14.626ms  mgasps=29.621   number=2406547 hash=7cb84d…50f257 dirty=689.75MiB\n","stream":"stderr","time":"2020-03-25T09:51:52.003296021Z"}
{"log":"INFO [03-25|09:52:06.112] Imported new chain segment               blocks=1     txs=0     mgas=0.000   elapsed=1.215ms   mgasps=0.000    number=2406548 hash=b7b917…6cd902 dirty=689.71MiB\n","stream":"stderr","time":"2020-03-25T09:52:06.112832607Z"}
{"log":"INFO [03-25|09:52:21.760] Imported new chain segment               blocks=1     txs=0     mgas=0.000   elapsed=790.735µs mgasps=0.000    number=2406549 hash=e057cc…8bbfa9 dirty=689.69MiB\n","stream":"stderr","time":"2020-03-25T09:52:21.760685933Z"}
{"log":"INFO [03-25|09:52:21.884] Chain reorg detected                     number=2406548 hash=b7b917…6cd902 drop=1 dropfrom=e057cc…8bbfa9 add=1 addfrom=11b96e…cfa74a\n","stream":"stderr","time":"2020-03-25T09:52:21.884882198Z"}
{"log":"INFO [03-25|09:52:21.884] Imported new chain segment               blocks=1     txs=0     mgas=0.000   elapsed=579.61µs  mgasps=0.000    number=2406549 hash=11b96e…cfa74a dirty=689.69MiB\n","stream":"stderr","time":"2020-03-25T09:52:21.885062097Z"}
{"log":"INFO [03-25|09:52:22.031] Deep froze chain segment                 blocks=5     elapsed=50.341ms  number=2316548 hash=02a882…75973c\n","stream":"stderr","time":"2020-03-25T09:52:22.031542239Z"}
{"log":"INFO [03-25|09:52:36.180] Imported new chain segment               blocks=1     txs=0     mgas=0.000   elapsed=6.687ms   mgasps=0.000    number=2406550 hash=1ffbde…904039 dirty=689.41MiB\n","stream":"stderr","time":"2020-03-25T09:52:36.181189343Z"}
{"log":"INFO [03-25|09:52:37.489] Imported new chain segment               blocks=1     txs=0     mgas=0.000   elapsed=244.934µs mgasps=0.000    number=2406550 hash=354812…25786d dirty=689.41MiB\n","stream":"stderr","time":"2020-03-25T09:52:37.489864672Z"}
{"log":"INFO [03-25|09:52:52.027] Imported new chain segment               blocks=1     txs=2     mgas=0.454   elapsed=15.619ms  mgasps=29.081   number=2406551 hash=dfad7d…73c167 dirty=689.36MiB\n","stream":"stderr","time":"2020-03-25T09:52:52.027580153Z"}
{"log":"INFO [03-25|09:52:57.095] Chain reorg detected                     number=2406550 hash=1ffbde…904039 drop=1 dropfrom=dfad7d…73c167 add=1 addfrom=df28ec…9bc6f1\n","stream":"stderr","time":"2020-03-25T09:52:57.095966421Z"}
{"log":"INFO [03-25|09:52:57.096] Imported new chain segment               blocks=1     txs=2     mgas=0.454   elapsed=17.707ms  mgasps=25.651   number=2406551 hash=df28ec…9bc6f1 dirty=689.36MiB\n","stream":"stderr","time":"2020-03-25T09:52:57.097452865Z"}
{"log":"INFO [03-25|09:53:06.219] Imported new chain segment               blocks=1     txs=0     mgas=0.000   elapsed=577.56µs  mgasps=0.000    number=2406552 hash=0aeeac…c2c87f dirty=689.35MiB\n","stream":"stderr","time":"2020-03-25T09:53:06.219871449Z"}
{"log":"INFO [03-25|09:53:06.248] Imported new chain segment               blocks=1     txs=1     mgas=0.389   elapsed=1.640ms   mgasps=237.293  number=2406552 hash=8abcbe…4d8419 dirty=689.36MiB\n","stream":"stderr","time":"2020-03-25T09:53:06.248768146Z"}
{"log":"INFO [03-25|09:53:21.621] Imported new chain segment               blocks=1     txs=2     mgas=0.485   elapsed=4.425ms   mgasps=109.660  number=2406553 hash=dcca36…a2a7f2 dirty=689.38MiB\n","stream":"stderr","time":"2020-03-25T09:53:21.62212205Z"}
{"log":"INFO [03-25|09:53:22.068] Deep froze chain segment                 blocks=4     elapsed=36.805ms  number=2316552 hash=295ae4…6d9697\n","stream":"stderr","time":"2020-03-25T09:53:22.068742378Z"}
{"log":"INFO [03-25|09:53:23.727] Chain reorg detected                     number=2406552 hash=0aeeac…c2c87f drop=1 dropfrom=dcca36…a2a7f2 add=1 addfrom=9b570d…966a6b\n","stream":"stderr","time":"2020-03-25T09:53:23.728007951Z"}
{"log":"INFO [03-25|09:53:23.728] Imported new chain segment               blocks=1     txs=1     mgas=0.389   elapsed=2.416ms   mgasps=161.136  number=2406553 hash=9b570d…966a6b dirty=689.38MiB\n","stream":"stderr","time":"2020-03-25T09:53:23.728255278Z"}
{"log":"INFO [03-25|09:53:23.753] Chain reorg detected                     number=2406552 hash=0aeeac…c2c87f drop=1 dropfrom=9b570d…966a6b add=1 addfrom=aa415c…c05405\n","stream":"stderr","time":"2020-03-25T09:53:23.753341249Z"}
{"log":"INFO [03-25|09:53:23.753] Imported new chain segment               blocks=1     txs=2     mgas=0.485   elapsed=3.910ms   mgasps=124.091  number=2406553 hash=aa415c…c05405 dirty=689.38MiB\n","stream":"stderr","time":"2020-03-25T09:53:23.753698173Z"}
{"log":"INFO [03-25|09:53:36.188] Imported new chain segment               blocks=1     txs=0     mgas=0.000   elapsed=949.287µs mgasps=0.000    number=2406554 hash=3de14a…cf661d dirty=689.36MiB\n","stream":"stderr","time":"2020-03-25T09:53:36.188789207Z"}
{"log":"INFO [03-25|09:53:51.413] Imported new chain segment               blocks=1     txs=0     mgas=0.000   elapsed=1.229ms   mgasps=0.000    number=2406555 hash=f74b03…8f4e2d dirty=689.32MiB\n","stream":"stderr","time":"2020-03-25T09:53:51.413877229Z"}
{"log":"INFO [03-25|09:53:52.412] Chain reorg detected                     number=2406554 hash=3de14a…cf661d drop=1 dropfrom=f74b03…8f4e2d add=1 addfrom=814ac8…907dfd\n","stream":"stderr","time":"2020-03-25T09:53:52.412193828Z"}
{"log":"INFO [03-25|09:53:52.412] Imported new chain segment               blocks=1     txs=0     mgas=0.000   elapsed=378.19µs  mgasps=0.000    number=2406555 hash=814ac8…907dfd dirty=689.32MiB\n","stream":"stderr","time":"2020-03-25T09:53:52.412260908Z"}
{"log":"INFO [03-25|09:54:06.847] Chain reorg detected                     number=2406554 hash=3de14a…cf661d drop=1 dropfrom=814ac8…907dfd add=2 addfrom=962e29…9a573c\n","stream":"stderr","time":"2020-03-25T09:54:06.847270981Z"}
{"log":"INFO [03-25|09:54:06.847] Imported new chain segment               blocks=1     txs=2     mgas=0.137   elapsed=4.845ms   mgasps=28.366   number=2406556 hash=962e29…9a573c dirty=689.33MiB\n","stream":"stderr","time":"2020-03-25T09:54:06.847731775Z"}
{"log":"INFO [03-25|09:54:08.990] Imported new chain segment               blocks=1     txs=1     mgas=0.042   elapsed=1.348ms   mgasps=30.813   number=2406556 hash=2fbb67…ffe66d dirty=689.33MiB\n","stream":"stderr","time":"2020-03-25T09:54:08.99097323Z"}
{"log":"INFO [03-25|09:54:09.133] Imported new chain segment               blocks=1     txs=0     mgas=0.000   elapsed=270.349µs mgasps=0.000    number=2406556 hash=192687…3a0b7e dirty=689.33MiB\n","stream":"stderr","time":"2020-03-25T09:54:09.133529817Z"}
{"log":"INFO [03-25|09:54:22.102] Deep froze chain segment                 blocks=3     elapsed=33.629ms  number=2316555 hash=7d731a…f079e2\n","stream":"stderr","time":"2020-03-25T09:54:22.102644912Z"}
{"log":"INFO [03-25|09:54:22.126] Imported new chain segment               blocks=1     txs=0     mgas=0.000   elapsed=994.894µs mgasps=0.000    number=2406557 hash=0cb075…0c2630 dirty=689.33MiB\n","stream":"stderr","time":"2020-03-25T09:54:22.128165164Z"}
{"log":"INFO [03-25|09:54:24.390] Imported new chain segment               blocks=1     txs=0     mgas=0.000   elapsed=392.741µs mgasps=0.000    number=2406557 hash=0ebe00…e0a580 dirty=689.33MiB\n","stream":"stderr","time":"2020-03-25T09:54:24.390285477Z"}
{"log":"INFO [03-25|09:54:36.220] Chain reorg detected                     number=2406556 hash=962e29…9a573c drop=1 dropfrom=0cb075…0c2630 add=2 addfrom=409300…638839\n","stream":"stderr","time":"2020-03-25T09:54:36.220610415Z"}
{"log":"INFO [03-25|09:54:36.220] Imported new chain segment               blocks=1     txs=0     mgas=0.000   elapsed=1.060ms   mgasps=0.000    number=2406558 hash=409300…638839 dirty=689.31MiB\n","stream":"stderr","time":"2020-03-25T09:54:36.220932211Z"}
{"log":"INFO [03-25|09:54:38.732] Imported new chain segment               blocks=1     txs=0     mgas=0.000   elapsed=361.63µs  mgasps=0.000    number=2406558 hash=efcae5…1ee054 dirty=689.31MiB\n","stream":"stderr","time":"2020-03-25T09:54:38.732978992Z"}
{"log":"INFO [03-25|09:54:52.882] Imported new chain segment               blocks=1     txs=1     mgas=0.524   elapsed=17.695ms  mgasps=29.618   number=2406559 hash=a5a7de…40e826 dirty=689.33MiB\n","stream":"stderr","time":"2020-03-25T09:54:52.883128815Z"}
{"log":"INFO [03-25|09:54:53.204] Chain reorg detected                     number=2406558 hash=409300…638839 drop=1 dropfrom=a5a7de…40e826 add=1 addfrom=f40d48…b3cc91\n","stream":"stderr","time":"2020-03-25T09:54:53.204969524Z"}
{"log":"INFO [03-25|09:54:53.205] Imported new chain segment               blocks=1     txs=1     mgas=0.524   elapsed=17.565ms  mgasps=29.838   number=2406559 hash=f40d48…b3cc91 dirty=689.33MiB\n","stream":"stderr","time":"2020-03-25T09:54:53.205267577Z"}
{"log":"INFO [03-25|09:54:53.564] Imported new chain segment               blocks=1     txs=1     mgas=0.524   elapsed=17.115ms  mgasps=30.622   number=2406559 hash=cd47c8…8f32a7 dirty=689.33MiB\n","stream":"stderr","time":"2020-03-25T09:54:53.565173981Z"}
{"log":"INFO [03-25|09:54:58.682] Imported new chain segment               blocks=1     txs=2     mgas=0.545   elapsed=14.042ms  mgasps=38.820   number=2406559 hash=acd2f9…04eeb3 dirty=689.34MiB\n","stream":"stderr","time":"2020-03-25T09:54:58.682781116Z"}
{"log":"INFO [03-25|09:55:06.600] Chain reorg detected                     number=2406558 hash=409300…638839 drop=1 dropfrom=f40d48…b3cc91 add=2 addfrom=52e84e…dfe4c6\n","stream":"stderr","time":"2020-03-25T09:55:06.600621546Z"}
{"log":"INFO [03-25|09:55:06.601] Imported new chain segment               blocks=1     txs=1     mgas=0.021   elapsed=3.660ms   mgasps=5.737    number=2406560 hash=52e84e…dfe4c6 dirty=689.34MiB\n","stream":"stderr","time":"2020-03-25T09:55:06.601694234Z"}
{"log":"INFO [03-25|09:55:21.121] Imported new chain segment               blocks=1     txs=0     mgas=0.000   elapsed=833.832µs mgasps=0.000    number=2406561 hash=e99e11…3d2869 dirty=689.32MiB\n","stream":"stderr","time":"2020-03-25T09:55:21.121925424Z"}
{"log":"INFO [03-25|09:55:22.123] Deep froze chain segment                 blocks=5     elapsed=20.647ms  number=2316560 hash=980d05…6dae9c\n","stream":"stderr","time":"2020-03-25T09:55:22.123614309Z"}
{"log":"INFO [03-25|09:55:36.382] Imported new chain segment               blocks=1     txs=0     mgas=0.000   elapsed=421.652µs mgasps=0.000    number=2406562 hash=13279f…aead34 dirty=689.32MiB\n","stream":"stderr","time":"2020-03-25T09:55:36.383206444Z"}
{"log":"INFO [03-25|09:55:51.559] Imported new chain segment               blocks=1     txs=7     mgas=2.187   elapsed=41.461ms  mgasps=52.758   number=2406563 hash=231a2f…7325f0 dirty=689.45MiB\n","stream":"stderr","time":"2020-03-25T09:55:51.559993325Z"}
{"log":"INFO [03-25|09:55:53.118] Imported new chain segment               blocks=1     txs=7     mgas=2.187   elapsed=41.436ms  mgasps=52.790   number=2406563 hash=7289a4…779590 dirty=689.45MiB\n","stream":"stderr","time":"2020-03-25T09:55:53.118395805Z"}
{"log":"INFO [03-25|09:56:06.129] Chain reorg detected                     number=2406562 hash=13279f…aead34 drop=1 dropfrom=231a2f…7325f0 add=2 addfrom=ab51cf…ca1b89\n","stream":"stderr","time":"2020-03-25T09:56:06.129455874Z"}
{"log":"INFO [03-25|09:56:06.130] Imported new chain segment               blocks=1     txs=1     mgas=0.021   elapsed=3.527ms   mgasps=5.953    number=2406564 hash=ab51cf…ca1b89 dirty=689.45MiB\n","stream":"stderr","time":"2020-03-25T09:56:06.130757877Z"}
{"log":"INFO [03-25|09:56:07.260] Imported new chain segment               blocks=1     txs=0     mgas=0.000   elapsed=395.753µs mgasps=0.000    number=2406564 hash=80463d…07d720 dirty=689.45MiB\n","stream":"stderr","time":"2020-03-25T09:56:07.260402527Z"}
{"log":"INFO [03-25|09:56:21.253] Imported new chain segment               blocks=1     txs=0     mgas=0.000   elapsed=1.080ms   mgasps=0.000    number=2406565 hash=361f92…53de1d dirty=689.42MiB\n","stream":"stderr","time":"2020-03-25T09:56:21.253763563Z"}
{"log":"INFO [03-25|09:56:22.161] Deep froze chain segment                 blocks=4     elapsed=37.443ms  number=2316564 hash=507c6c…c4664c\n","stream":"stderr","time":"2020-03-25T09:56:22.16134979Z"}
{"log":"INFO [03-25|09:56:36.082] Imported new chain segment               blocks=1     txs=1     mgas=0.433   elapsed=17.703ms  mgasps=24.472   number=2406566 hash=1ec69a…84e1ec dirty=689.42MiB\n","stream":"stderr","time":"2020-03-25T09:56:36.083023143Z"}
{"log":"INFO [03-25|09:56:37.881] Imported new chain segment               blocks=1     txs=1     mgas=0.433   elapsed=16.523ms  mgasps=26.220   number=2406566 hash=4690d6…09818c dirty=689.42MiB\n","stream":"stderr","time":"2020-03-25T09:56:37.882245881Z"}
{"log":"INFO [03-25|09:56:51.185] Imported new chain segment               blocks=1     txs=0     mgas=0.000   elapsed=659.781µs mgasps=0.000    number=2406567 hash=384df1…593d65 dirty=689.42MiB\n","stream":"stderr","time":"2020-03-25T09:56:51.185748224Z"}
{"log":"INFO [03-25|09:57:06.089] Imported new chain segment               blocks=1     txs=0     mgas=0.000   elapsed=611.209µs mgasps=0.000    number=2406568 hash=c5bbc1…5d27bc dirty=689.42MiB\n","stream":"stderr","time":"2020-03-25T09:57:06.089897428Z"}
{"log":"INFO [03-25|09:57:21.947] Imported new chain segment               blocks=1     txs=0     mgas=0.000   elapsed=549.096µs mgasps=0.000    number=2406569 hash=8e38f6…e0c1e3 dirty=689.42MiB\n","stream":"stderr","time":"2020-03-25T09:57:21.947509443Z"}
{"log":"INFO [03-25|09:57:21.992] Imported new chain segment               blocks=1     txs=2     mgas=0.504   elapsed=19.060ms  mgasps=26.440   number=2406569 hash=1358b6…aef99a dirty=689.44MiB\n","stream":"stderr","time":"2020-03-25T09:57:21.993139202Z"}
{"log":"INFO [03-25|09:57:22.196] Deep froze chain segment                 blocks=4     elapsed=34.507ms  number=2316568 hash=36f169…baa39a\n","stream":"stderr","time":"2020-03-25T09:57:22.196424833Z"}
{"log":"INFO [03-25|09:57:23.634] Imported new chain segment               blocks=1     txs=2     mgas=0.504   elapsed=15.045ms  mgasps=33.496   number=2406569 hash=de3e8c…299318 dirty=689.45MiB\n","stream":"stderr","time":"2020-03-25T09:57:23.635658691Z"}
{"log":"INFO [03-25|09:57:37.883] Chain reorg detected                     number=2406568 hash=c5bbc1…5d27bc drop=1 dropfrom=8e38f6…e0c1e3 add=2 addfrom=d3275e…8cc0b7\n","stream":"stderr","time":"2020-03-25T09:57:37.883358888Z"}
{"log":"INFO [03-25|09:57:37.883] Imported new chain segment               blocks=1     txs=1     mgas=0.096   elapsed=6.119ms   mgasps=15.669   number=2406570 hash=d3275e…8cc0b7 dirty=689.36MiB\n","stream":"stderr","time":"2020-03-25T09:57:37.884002126Z"}
{"log":"INFO [03-25|09:57:38.073] Chain reorg detected                     number=2406568 hash=c5bbc1…5d27bc drop=2 dropfrom=d3275e…8cc0b7 add=2 addfrom=6638d1…f63aa6\n","stream":"stderr","time":"2020-03-25T09:57:38.073920083Z"}
{"log":"INFO [03-25|09:57:38.074] Imported new chain segment               blocks=1     txs=2     mgas=0.504   elapsed=16.504ms  mgasps=30.535   number=2406570 hash=6638d1…f63aa6 dirty=689.37MiB\n","stream":"stderr","time":"2020-03-25T09:57:38.074151705Z"}
{"log":"INFO [03-25|09:57:38.380] Imported new chain segment               blocks=1     txs=2     mgas=0.504   elapsed=16.267ms  mgasps=30.981   number=2406570 hash=e8f64b…ac1c33 dirty=689.37MiB\n","stream":"stderr","time":"2020-03-25T09:57:38.382180232Z"}
{"log":"INFO [03-25|09:57:42.079] Chain reorg detected                     number=2406569 hash=8e38f6…e0c1e3 drop=1 dropfrom=6638d1…f63aa6 add=1 addfrom=b4a4b2…4774be\n","stream":"stderr","time":"2020-03-25T09:57:42.080100539Z"}
{"log":"INFO [03-25|09:57:42.080] Imported new chain segment               blocks=1     txs=3     mgas=0.600   elapsed=13.924ms  mgasps=43.081   number=2406570 hash=b4a4b2…4774be dirty=689.37MiB\n","stream":"stderr","time":"2020-03-25T09:57:42.08035687Z"}
{"log":"INFO [03-25|09:57:51.150] Chain reorg detected                     number=2406568 hash=c5bbc1…5d27bc drop=2 dropfrom=b4a4b2…4774be add=3 addfrom=b1219f…1172e2\n","stream":"stderr","time":"2020-03-25T09:57:51.15091986Z"}
{"log":"INFO [03-25|09:57:51.151] Imported new chain segment               blocks=1     txs=0     mgas=0.000   elapsed=1.250ms   mgasps=0.000    number=2406571 hash=b1219f…1172e2 dirty=689.35MiB\n","stream":"stderr","time":"2020-03-25T09:57:51.151369604Z"}
{"log":"INFO [03-25|09:58:06.490] Imported new chain segment               blocks=1     txs=1     mgas=0.493   elapsed=4.886ms   mgasps=100.927  number=2406572 hash=0fc184…535ada dirty=689.40MiB\n","stream":"stderr","time":"2020-03-25T09:58:06.490744707Z"}
{"log":"INFO [03-25|09:58:06.888] Imported new chain segment               blocks=1     txs=5     mgas=1.986   elapsed=23.443ms  mgasps=84.710   number=2406572 hash=e883a0…41cc12 dirty=689.50MiB\n","stream":"stderr","time":"2020-03-25T09:58:06.888292765Z"}
{"log":"INFO [03-25|09:58:07.183] Imported new chain segment               blocks=1     txs=1     mgas=0.493   elapsed=4.104ms   mgasps=120.157  number=2406572 hash=f53669…8f43e0 dirty=689.53MiB\n","stream":"stderr","time":"2020-03-25T09:58:07.183478112Z"}
{"log":"INFO [03-25|09:58:22.220] Deep froze chain segment                 blocks=3     elapsed=23.782ms  number=2316571 hash=40f47c…78c4e6\n","stream":"stderr","time":"2020-03-25T09:58:22.220404065Z"}
{"log":"INFO [03-25|09:58:22.423] Imported new chain segment               blocks=1     txs=1     mgas=0.373   elapsed=8.182ms   mgasps=45.608   number=2406573 hash=ea5688…30d4b2 dirty=689.53MiB\n","stream":"stderr","time":"2020-03-25T09:58:22.423756496Z"}
{"log":"INFO [03-25|09:58:22.495] Chain reorg detected                     number=2406572 hash=0fc184…535ada drop=1 dropfrom=ea5688…30d4b2 add=1 addfrom=4e5af7…3b928b\n","stream":"stderr","time":"2020-03-25T09:58:22.496119444Z"}
{"log":"INFO [03-25|09:58:22.496] Imported new chain segment               blocks=1     txs=4     mgas=1.493   elapsed=19.919ms  mgasps=74.936   number=2406573 hash=4e5af7…3b928b dirty=689.53MiB\n","stream":"stderr","time":"2020-03-25T09:58:22.496471939Z"}
{"log":"INFO [03-25|09:58:36.206] Imported new chain segment               blocks=1     txs=1     mgas=0.096   elapsed=3.112ms   mgasps=30.817   number=2406574 hash=cc3215…5a4270 dirty=689.54MiB\n","stream":"stderr","time":"2020-03-25T09:58:36.206513185Z"}
{"log":"INFO [03-25|09:58:51.529] Imported new chain segment               blocks=1     txs=1     mgas=0.029   elapsed=1.888ms   mgasps=15.386   number=2406575 hash=19148b…db7ebd dirty=689.55MiB\n","stream":"stderr","time":"2020-03-25T09:58:51.529557393Z"}
{"log":"INFO [03-25|09:58:53.118] Chain reorg detected                     number=2406574 hash=cc3215…5a4270 drop=1 dropfrom=19148b…db7ebd add=1 addfrom=8b999e…2f5f85\n","stream":"stderr","time":"2020-03-25T09:58:53.120782442Z"}
{"log":"INFO [03-25|09:58:53.119] Imported new chain segment               blocks=1     txs=0     mgas=0.000   elapsed=669.391µs mgasps=0.000    number=2406575 hash=8b999e…2f5f85 dirty=689.55MiB\n","stream":"stderr","time":"2020-03-25T09:58:53.120809151Z"}
{"log":"INFO [03-25|09:58:53.178] Imported new chain segment               blocks=1     txs=1     mgas=0.029   elapsed=1.475ms   mgasps=19.702   number=2406575 hash=ec83be…4f67d3 dirty=689.56MiB\n","stream":"stderr","time":"2020-03-25T09:58:53.178406869Z"}
{"log":"INFO [03-25|09:59:06.220] Chain reorg detected                     number=2406574 hash=cc3215…5a4270 drop=1 dropfrom=8b999e…2f5f85 add=2 addfrom=a3cae5…d785ab\n","stream":"stderr","time":"2020-03-25T09:59:06.221113626Z"}
{"log":"INFO [03-25|09:59:06.221] Imported new chain segment               blocks=1     txs=1     mgas=0.111   elapsed=4.112ms   mgasps=27.002   number=2406576 hash=a3cae5…d785ab dirty=689.56MiB\n","stream":"stderr","time":"2020-03-25T09:59:06.221549886Z"}
{"log":"INFO [03-25|09:59:09.413] Imported new chain segment               blocks=1     txs=0     mgas=0.000   elapsed=715.169µs mgasps=0.000    number=2406576 hash=f6c035…323913 dirty=689.56MiB\n","stream":"stderr","time":"2020-03-25T09:59:09.414142428Z"}
{"log":"INFO [03-25|09:59:21.093] Imported new chain segment               blocks=1     txs=0     mgas=0.000   elapsed=1.513ms   mgasps=0.000    number=2406577 hash=8d3e03…ac0921 dirty=689.52MiB\n","stream":"stderr","time":"2020-03-25T09:59:21.094130534Z"}
{"log":"INFO [03-25|09:59:22.252] Deep froze chain segment                 blocks=5     elapsed=32.042ms  number=2316576 hash=d06d1c…55472d\n","stream":"stderr","time":"2020-03-25T09:59:22.252731869Z"}
{"log":"INFO [03-25|09:59:37.222] Imported new chain segment               blocks=1     txs=1     mgas=0.051   elapsed=1.894ms   mgasps=26.904   number=2406578 hash=409ff9…365a78 dirty=689.52MiB\n","stream":"stderr","time":"2020-03-25T09:59:37.223065344Z"}
{"log":"INFO [03-25|09:59:51.165] Imported new chain segment               blocks=1     txs=2     mgas=0.583   elapsed=13.248ms  mgasps=43.972   number=2406579 hash=88a617…01b07f dirty=689.41MiB\n","stream":"stderr","time":"2020-03-25T09:59:51.165434528Z"}
{"log":"INFO [03-25|09:59:51.452] Imported new chain segment               blocks=1     txs=1     mgas=0.487   elapsed=15.129ms  mgasps=32.166   number=2406579 hash=ae63fe…04771d dirty=689.41MiB\n","stream":"stderr","time":"2020-03-25T09:59:51.452285131Z"}
{"log":"INFO [03-25|10:00:06.270] Imported new chain segment               blocks=1     txs=1     mgas=3.720   elapsed=19.583ms  mgasps=189.978  number=2406580 hash=17025e…7ea830 dirty=689.79MiB\n","stream":"stderr","time":"2020-03-25T10:00:06.271036133Z"}
{"log":"INFO [03-25|10:00:06.709] Chain reorg detected                     number=2406579 hash=88a617…01b07f drop=1 dropfrom=17025e…7ea830 add=1 addfrom=76fc8b…acf62d\n","stream":"stderr","time":"2020-03-25T10:00:06.709185796Z"}
{"log":"INFO [03-25|10:00:06.709] Imported new chain segment               blocks=1     txs=0     mgas=0.000   elapsed=686.718µs mgasps=0.000    number=2406580 hash=76fc8b…acf62d dirty=689.79MiB\n","stream":"stderr","time":"2020-03-25T10:00:06.709377334Z"}
{"log":"INFO [03-25|10:00:21.566] Imported new chain segment               blocks=1     txs=3     mgas=0.230   elapsed=6.137ms   mgasps=37.439   number=2406581 hash=46b92a…5624c2 dirty=689.82MiB\n","stream":"stderr","time":"2020-03-25T10:00:21.566390069Z"}
{"log":"INFO [03-25|10:00:22.283] Deep froze chain segment                 blocks=4     elapsed=30.859ms  number=2316580 hash=e17c2f…c90ee8\n","stream":"stderr","time":"2020-03-25T10:00:22.2838526Z"}
{"log":"INFO [03-25|10:00:23.399] Imported new chain segment               blocks=1     txs=1     mgas=3.720   elapsed=31.746ms  mgasps=117.195  number=2406581 hash=ee0c7b…105b96 dirty=689.82MiB\n","stream":"stderr","time":"2020-03-25T10:00:23.400198013Z"}
{"log":"INFO [03-25|10:00:23.431] Imported new chain segment               blocks=1     txs=2     mgas=3.791   elapsed=28.594ms  mgasps=132.562  number=2406581 hash=c57955…9e0fe0 dirty=689.83MiB\n","stream":"stderr","time":"2020-03-25T10:00:23.431448208Z"}
{"log":"INFO [03-25|10:00:23.715] Chain reorg detected                     number=2406580 hash=76fc8b…acf62d drop=1 dropfrom=46b92a…5624c2 add=1 addfrom=dd31c3…754ae3\n","stream":"stderr","time":"2020-03-25T10:00:23.715410618Z"}
{"log":"INFO [03-25|10:00:23.716] Imported new chain segment               blocks=1     txs=1     mgas=3.720   elapsed=28.206ms  mgasps=131.901  number=2406581 hash=dd31c3…754ae3 dirty=689.83MiB\n","stream":"stderr","time":"2020-03-25T10:00:23.716496352Z"}
{"log":"INFO [03-25|10:00:36.625] Chain reorg detected                     number=2406580 hash=76fc8b…acf62d drop=1 dropfrom=dd31c3…754ae3 add=2 addfrom=fc0eab…ce436b\n","stream":"stderr","time":"2020-03-25T10:00:36.625726206Z"}
{"log":"INFO [03-25|10:00:36.626] Imported new chain segment               blocks=1     txs=5     mgas=3.435   elapsed=49.601ms  mgasps=69.248   number=2406582 hash=fc0eab…ce436b dirty=690.08MiB\n","stream":"stderr","time":"2020-03-25T10:00:36.626448626Z"}
{"log":"INFO [03-25|10:00:36.785] Chain reorg detected                     number=2406581 hash=46b92a…5624c2 drop=1 dropfrom=fc0eab…ce436b add=1 addfrom=de270e…0ed3da\n","stream":"stderr","time":"2020-03-25T10:00:36.785756637Z"}
{"log":"INFO [03-25|10:00:36.786] Imported new chain segment               blocks=1     txs=1     mgas=3.720   elapsed=19.659ms  mgasps=189.248  number=2406582 hash=de270e…0ed3da dirty=690.08MiB\n","stream":"stderr","time":"2020-03-25T10:00:36.786140094Z"}
{"log":"INFO [03-25|10:00:37.261] Imported new chain segment               blocks=1     txs=5     mgas=7.406   elapsed=54.202ms  mgasps=136.634  number=2406582 hash=5ba7da…3495a1 dirty=690.17MiB\n","stream":"stderr","time":"2020-03-25T10:00:37.261306836Z"}
{"log":"INFO [03-25|10:00:37.368] Imported new chain segment               blocks=1     txs=1     mgas=3.720   elapsed=26.387ms  mgasps=140.996  number=2406582 hash=b01059…29ee17 dirty=690.17MiB\n","stream":"stderr","time":"2020-03-25T10:00:37.369001216Z"}
{"log":"INFO [03-25|10:00:37.888] Imported new chain segment               blocks=1     txs=2     mgas=3.791   elapsed=14.124ms  mgasps=268.376  number=2406581 hash=2e63ab…bd8edf dirty=690.17MiB\n","stream":"stderr","time":"2020-03-25T10:00:37.888327226Z"}
{"log":"INFO [03-25|10:00:38.322] Imported new chain segment               blocks=1     txs=1     mgas=3.720   elapsed=20.575ms  mgasps=180.819  number=2406582 hash=2d4447…b0c985 dirty=690.17MiB\n","stream":"stderr","time":"2020-03-25T10:00:38.32313778Z"}
{"log":"INFO [03-25|10:00:38.438] Imported new chain segment               blocks=1     txs=5     mgas=7.406   elapsed=30.186ms  mgasps=245.337  number=2406582 hash=320b7d…e114ff dirty=690.17MiB\n","stream":"stderr","time":"2020-03-25T10:00:38.439030862Z"}
{"log":"INFO [03-25|10:00:52.838] Imported new chain segment               blocks=1     txs=3     mgas=2.001   elapsed=17.846ms  mgasps=112.134  number=2406583 hash=7fd3e9…159d26 dirty=690.21MiB\n","stream":"stderr","time":"2020-03-25T10:00:52.83829368Z"}
{"log":"INFO [03-25|10:00:53.016] Imported new chain segment               blocks=1     txs=4     mgas=5.163   elapsed=44.080ms  mgasps=117.124  number=2406583 hash=7c41d0…5a9009 dirty=690.25MiB\n","stream":"stderr","time":"2020-03-25T10:00:53.018324019Z"}
{"log":"INFO [03-25|10:00:53.584] Imported new chain segment               blocks=1     txs=4     mgas=5.163   elapsed=26.499ms  mgasps=194.831  number=2406583 hash=8a568e…57a401 dirty=690.25MiB\n","stream":"stderr","time":"2020-03-25T10:00:53.584696Z"}
{"log":"INFO [03-25|10:01:06.418] Imported new chain segment               blocks=1     txs=6     mgas=2.572   elapsed=29.848ms  mgasps=86.181   number=2406584 hash=74b602…fb1684 dirty=690.29MiB\n","stream":"stderr","time":"2020-03-25T10:01:06.419067942Z"}
{"log":"INFO [03-25|10:01:06.944] Imported new chain segment               blocks=1     txs=5     mgas=3.532   elapsed=38.179ms  mgasps=92.502   number=2406583 hash=108466…a5576c dirty=690.30MiB\n","stream":"stderr","time":"2020-03-25T10:01:06.944474816Z"}
{"log":"INFO [03-25|10:01:12.932] Chain reorg detected                     number=2406583 hash=7fd3e9…159d26 drop=1 dropfrom=74b602…fb1684 add=1 addfrom=fb453c…8c1488\n","stream":"stderr","time":"2020-03-25T10:01:12.932191586Z"}
{"log":"INFO [03-25|10:01:12.932] Imported new chain segment               blocks=1     txs=6     mgas=2.600   elapsed=40.723ms  mgasps=63.837   number=2406584 hash=fb453c…8c1488 dirty=690.30MiB\n","stream":"stderr","time":"2020-03-25T10:01:12.932507626Z"}
{"log":"INFO [03-25|10:01:22.279] Imported new chain segment               blocks=1     txs=0     mgas=0.000   elapsed=1.244ms   mgasps=0.000    number=2406585 hash=a261bd…1060b0 dirty=690.26MiB\n","stream":"stderr","time":"2020-03-25T10:01:22.2801276Z"}
{"log":"INFO [03-25|10:01:22.306] Deep froze chain segment                 blocks=4     elapsed=21.986ms  number=2316584 hash=3db228…33ff35\n","stream":"stderr","time":"2020-03-25T10:01:22.306238322Z"}
{"log":"INFO [03-25|10:01:22.786] Chain reorg detected                     number=2406583 hash=7fd3e9…159d26 drop=2 dropfrom=a261bd…1060b0 add=2 addfrom=d83f0d…c3caac\n","stream":"stderr","time":"2020-03-25T10:01:22.787064297Z"}
{"log":"INFO [03-25|10:01:22.787] Imported new chain segment               blocks=1     txs=0     mgas=0.000   elapsed=1.445ms   mgasps=0.000    number=2406585 hash=d83f0d…c3caac dirty=690.26MiB\n","stream":"stderr","time":"2020-03-25T10:01:22.787909706Z"}
{"log":"INFO [03-25|10:01:22.981] Imported new chain segment               blocks=1     txs=5     mgas=2.584   elapsed=35.004ms  mgasps=73.809   number=2406584 hash=062467…1d958f dirty=690.27MiB\n","stream":"stderr","time":"2020-03-25T10:01:22.981797185Z"}
{"log":"INFO [03-25|10:01:36.313] Chain reorg detected                     number=2406583 hash=7fd3e9…159d26 drop=2 dropfrom=d83f0d…c3caac add=3 addfrom=098e75…cc58c8\n","stream":"stderr","time":"2020-03-25T10:01:36.313944605Z"}
{"log":"INFO [03-25|10:01:36.314] Imported new chain segment               blocks=1     txs=1     mgas=0.111   elapsed=4.102ms   mgasps=27.058   number=2406586 hash=098e75…cc58c8 dirty=690.26MiB\n","stream":"stderr","time":"2020-03-25T10:01:36.314582074Z"}
{"log":"INFO [03-25|10:01:38.163] Chain reorg detected                     number=2406585 hash=a261bd…1060b0 drop=1 dropfrom=098e75…cc58c8 add=1 addfrom=318b6e…65939c\n","stream":"stderr","time":"2020-03-25T10:01:38.163628206Z"}
{"log":"INFO [03-25|10:01:38.163] Imported new chain segment               blocks=1     txs=0     mgas=0.000   elapsed=533.533µs mgasps=0.000    number=2406586 hash=318b6e…65939c dirty=690.26MiB\n","stream":"stderr","time":"2020-03-25T10:01:38.16381589Z"}
{"log":"INFO [03-25|10:01:38.217] Chain reorg detected                     number=2406585 hash=a261bd…1060b0 drop=1 dropfrom=318b6e…65939c add=1 addfrom=3c512d…412f9e\n","stream":"stderr","time":"2020-03-25T10:01:38.217440979Z"}
{"log":"INFO [03-25|10:01:38.217] Imported new chain segment               blocks=1     txs=1     mgas=0.111   elapsed=4.534ms   mgasps=24.483   number=2406586 hash=3c512d…412f9e dirty=690.26MiB\n","stream":"stderr","time":"2020-03-25T10:01:38.217730755Z"}
{"log":"INFO [03-25|10:01:51.113] Imported new chain segment               blocks=1     txs=1     mgas=0.433   elapsed=11.138ms  mgasps=38.895   number=2406587 hash=85fbeb…bd71ec dirty=690.28MiB\n","stream":"stderr","time":"2020-03-25T10:01:51.114051169Z"}
{"log":"INFO [03-25|10:01:53.172] Imported new chain segment               blocks=1     txs=0     mgas=0.000   elapsed=411.751µs mgasps=0.000    number=2406587 hash=6581b5…114ba4 dirty=690.28MiB\n","stream":"stderr","time":"2020-03-25T10:01:53.173028324Z"}
{"log":"INFO [03-25|10:02:06.177] Imported new chain segment               blocks=1     txs=0     mgas=0.000   elapsed=920.114µs mgasps=0.000    number=2406588 hash=b77521…cafcce dirty=690.26MiB\n","stream":"stderr","time":"2020-03-25T10:02:06.177897504Z"}
{"log":"INFO [03-25|10:02:21.461] Imported new chain segment               blocks=1     txs=1     mgas=0.111   elapsed=7.541ms   mgasps=14.720   number=2406589 hash=f7e062…653e10 dirty=689.93MiB\n","stream":"stderr","time":"2020-03-25T10:02:21.461415316Z"}
{"log":"INFO [03-25|10:02:22.350] Deep froze chain segment                 blocks=4     elapsed=44.644ms  number=2316588 hash=c7fe7e…df36e9\n","stream":"stderr","time":"2020-03-25T10:02:22.351207111Z"}
{"log":"INFO [03-25|10:02:36.088] Imported new chain segment               blocks=1     txs=0     mgas=0.000   elapsed=5.620ms   mgasps=0.000    number=2406590 hash=f733ec…259205 dirty=689.68MiB\n","stream":"stderr","time":"2020-03-25T10:02:36.088669517Z"}
{"log":"INFO [03-25|10:02:54.009] Imported new chain segment               blocks=1     txs=1     mgas=0.433   elapsed=18.510ms  mgasps=23.405   number=2406591 hash=d4927c…ddccc4 dirty=689.68MiB\n","stream":"stderr","time":"2020-03-25T10:02:54.009375882Z"}
{"log":"INFO [03-25|10:02:54.124] Imported new chain segment               blocks=1     txs=1     mgas=0.433   elapsed=12.844ms  mgasps=33.729   number=2406591 hash=f8bc3b…b169dd dirty=689.68MiB\n","stream":"stderr","time":"2020-03-25T10:02:54.124510545Z"}
{"log":"INFO [03-25|10:02:55.919] Chain reorg detected                     number=2406590 hash=f733ec…259205 drop=1 dropfrom=d4927c…ddccc4 add=1 addfrom=79cc69…d80a52\n","stream":"stderr","time":"2020-03-25T10:02:55.919274588Z"}
{"log":"INFO [03-25|10:02:55.919] Imported new chain segment               blocks=1     txs=1     mgas=0.433   elapsed=19.521ms  mgasps=22.193   number=2406591 hash=79cc69…d80a52 dirty=689.68MiB\n","stream":"stderr","time":"2020-03-25T10:02:55.919595416Z"}
{"log":"INFO [03-25|10:03:06.427] Imported new chain segment               blocks=1     txs=1     mgas=0.080   elapsed=4.877ms   mgasps=16.401   number=2406592 hash=358833…ba5270 dirty=689.67MiB\n","stream":"stderr","time":"2020-03-25T10:03:06.427512233Z"}
{"log":"INFO [03-25|10:03:07.497] Imported new chain segment               blocks=1     txs=0     mgas=0.000   elapsed=412.298µs mgasps=0.000    number=2406592 hash=2dd3c1…b5da25 dirty=689.67MiB\n","stream":"stderr","time":"2020-03-25T10:03:07.497866528Z"}
{"log":"INFO [03-25|10:03:08.243] Imported new chain segment               blocks=1     txs=0     mgas=0.000   elapsed=417.084µs mgasps=0.000    number=2406592 hash=5cdc91…2ebc89 dirty=689.67MiB\n","stream":"stderr","time":"2020-03-25T10:03:08.244150534Z"}
{"log":"INFO [03-25|10:03:22.375] Deep froze chain segment                 blocks=3     elapsed=24.179ms  number=2316591 hash=e1e5e7…8d3291\n","stream":"stderr","time":"2020-03-25T10:03:22.375720638Z"}
{"log":"INFO [03-25|10:03:22.466] Imported new chain segment               blocks=1     txs=2     mgas=0.075   elapsed=3.535ms   mgasps=21.098   number=2406593 hash=1ee0eb…4a90dc dirty=689.67MiB\n","stream":"stderr","time":"2020-03-25T10:03:22.46831214Z"}
{"log":"INFO [03-25|10:03:36.291] Imported new chain segment               blocks=1     txs=2     mgas=0.090   elapsed=3.419ms   mgasps=26.192   number=2406594 hash=2ef813…b2a9ee dirty=689.68MiB\n","stream":"stderr","time":"2020-03-25T10:03:36.291783278Z"}
{"log":"INFO [03-25|10:03:37.815] Imported new chain segment               blocks=1     txs=0     mgas=0.000   elapsed=202.788µs mgasps=0.000    number=2406594 hash=01a33b…4503b0 dirty=689.68MiB\n","stream":"stderr","time":"2020-03-25T10:03:37.815522172Z"}
{"log":"INFO [03-25|10:03:51.292] Imported new chain segment               blocks=1     txs=2     mgas=0.177   elapsed=3.860ms   mgasps=45.876   number=2406595 hash=dcd871…f478ec dirty=689.62MiB\n","stream":"stderr","time":"2020-03-25T10:03:51.292898306Z"}
{"log":"INFO [03-25|10:03:52.001] Imported new chain segment               blocks=1     txs=3     mgas=0.222   elapsed=2.935ms   mgasps=75.653   number=2406595 hash=d525bb…49c5b7 dirty=689.63MiB\n","stream":"stderr","time":"2020-03-25T10:03:52.001850194Z"}
{"log":"INFO [03-25|10:03:53.352] Imported new chain segment               blocks=1     txs=0     mgas=0.000   elapsed=438.089µs mgasps=0.000    number=2406595 hash=b3c1dd…9cbbee dirty=689.63MiB\n","stream":"stderr","time":"2020-03-25T10:03:53.352526901Z"}
{"log":"INFO [03-25|10:03:53.429] Imported new chain segment               blocks=1     txs=2     mgas=0.177   elapsed=3.362ms   mgasps=52.678   number=2406595 hash=5bed27…167055 dirty=689.63MiB\n","stream":"stderr","time":"2020-03-25T10:03:53.429588461Z"}
{"log":"INFO [03-25|10:04:06.493] Imported new chain segment               blocks=1     txs=3     mgas=0.145   elapsed=3.552ms   mgasps=40.708   number=2406596 hash=5a7d43…478305 dirty=689.65MiB\n","stream":"stderr","time":"2020-03-25T10:04:06.493362187Z"}
{"log":"INFO [03-25|10:04:09.824] Chain reorg detected                     number=2406595 hash=dcd871…f478ec drop=1 dropfrom=5a7d43…478305 add=1 addfrom=2f04e0…171d89\n","stream":"stderr","time":"2020-03-25T10:04:09.824899147Z"}
{"log":"INFO [03-25|10:04:09.824] Imported new chain segment               blocks=1     txs=1     mgas=0.045   elapsed=1.501ms   mgasps=29.918   number=2406596 hash=2f04e0…171d89 dirty=689.65MiB\n","stream":"stderr","time":"2020-03-25T10:04:09.825103868Z"}
{"log":"INFO [03-25|10:04:22.401] Deep froze chain segment                 blocks=4     elapsed=25.478ms  number=2316595 hash=492650…0b0add\n","stream":"stderr","time":"2020-03-25T10:04:22.401524344Z"}
{"log":"INFO [03-25|10:04:22.435] Chain reorg detected                     number=2406595 hash=dcd871…f478ec drop=1 dropfrom=2f04e0…171d89 add=2 addfrom=601e23…411438\n","stream":"stderr","time":"2020-03-25T10:04:22.43604616Z"}
{"log":"INFO [03-25|10:04:22.436] Imported new chain segment               blocks=1     txs=0     mgas=0.000   elapsed=908.262µs mgasps=0.000    number=2406597 hash=601e23…411438 dirty=689.64MiB\n","stream":"stderr","time":"2020-03-25T10:04:22.436410258Z"}
{"log":"INFO [03-25|10:04:24.468] Imported new chain segment               blocks=1     txs=0     mgas=0.000   elapsed=383.382µs mgasps=0.000    number=2406597 hash=05b8b9…1dd4ce dirty=689.64MiB\n","stream":"stderr","time":"2020-03-25T10:04:24.469004647Z"}
{"log":"INFO [03-25|10:04:24.512] Imported new chain segment               blocks=1     txs=1     mgas=0.045   elapsed=1.229ms   mgasps=36.226   number=2406597 hash=16ad50…4d8802 dirty=689.65MiB\n","stream":"stderr","time":"2020-03-25T10:04:24.512445146Z"}
{"log":"INFO [03-25|10:04:37.026] Imported new chain segment               blocks=1     txs=1     mgas=0.045   elapsed=2.240ms   mgasps=19.878   number=2406598 hash=466a06…bddca1 dirty=689.63MiB\n","stream":"stderr","time":"2020-03-25T10:04:37.026919077Z"}
{"log":"INFO [03-25|10:04:41.005] Imported new chain segment               blocks=1     txs=2     mgas=0.531   elapsed=20.418ms  mgasps=26.012   number=2406598 hash=7f63e1…290de9 dirty=689.65MiB\n","stream":"stderr","time":"2020-03-25T10:04:41.005713552Z"}
{"log":"INFO [03-25|10:04:51.527] Imported new chain segment               blocks=1     txs=1     mgas=0.487   elapsed=26.742ms  mgasps=18.195   number=2406599 hash=5fc058…fe405b dirty=689.64MiB\n","stream":"stderr","time":"2020-03-25T10:04:51.527972724Z"}
{"log":"INFO [03-25|10:04:57.082] Chain reorg detected                     number=2406598 hash=466a06…bddca1 drop=1 dropfrom=5fc058…fe405b add=1 addfrom=9c0835…672359\n","stream":"stderr","time":"2020-03-25T10:04:57.082565756Z"}
{"log":"INFO [03-25|10:04:57.082] Imported new chain segment               blocks=1     txs=3     mgas=0.578   elapsed=18.521ms  mgasps=31.189   number=2406599 hash=9c0835…672359 dirty=689.66MiB\n","stream":"stderr","time":"2020-03-25T10:04:57.082752259Z"}
{"log":"INFO [03-25|10:05:06.434] Imported new chain segment               blocks=1     txs=1     mgas=0.045   elapsed=1.882ms   mgasps=23.958   number=2406600 hash=b0ee14…000046 dirty=689.67MiB\n","stream":"stderr","time":"2020-03-25T10:05:06.434385683Z"}
{"log":"INFO [03-25|10:05:06.702] Chain reorg detected                     number=2406599 hash=9c0835…672359 drop=1 dropfrom=b0ee14…000046 add=1 addfrom=50a9c4…b351e0\n","stream":"stderr","time":"2020-03-25T10:05:06.702808104Z"}
{"log":"INFO [03-25|10:05:06.702] Imported new chain segment               blocks=1     txs=1     mgas=0.045   elapsed=1.717ms   mgasps=26.254   number=2406600 hash=50a9c4…b351e0 dirty=689.67MiB\n","stream":"stderr","time":"2020-03-25T10:05:06.703055318Z"}
{"log":"INFO [03-25|10:05:21.974] Chain reorg detected                     number=2406599 hash=9c0835…672359 drop=1 dropfrom=50a9c4…b351e0 add=2 addfrom=24684c…b428a4\n","stream":"stderr","time":"2020-03-25T10:05:21.975006574Z"}
{"log":"INFO [03-25|10:05:21.975] Imported new chain segment               blocks=1     txs=0     mgas=0.000   elapsed=738.983µs mgasps=0.000    number=2406601 hash=24684c…b428a4 dirty=689.67MiB\n","stream":"stderr","time":"2020-03-25T10:05:21.97532429Z"}
{"log":"INFO [03-25|10:05:22.425] Deep froze chain segment                 blocks=5     elapsed=23.856ms  number=2316600 hash=153990…fa31e1\n","stream":"stderr","time":"2020-03-25T10:05:22.425705383Z"}
{"log":"INFO [03-25|10:05:36.184] Imported new chain segment               blocks=1     txs=4     mgas=1.397   elapsed=18.924ms  mgasps=73.807   number=2406602 hash=c6197d…40500f dirty=689.76MiB\n","stream":"stderr","time":"2020-03-25T10:05:36.185161444Z"}
{"log":"INFO [03-25|10:05:36.933] Imported new chain segment               blocks=1     txs=7     mgas=2.233   elapsed=35.306ms  mgasps=63.247   number=2406602 hash=53ae34…bfe67d dirty=689.80MiB\n","stream":"stderr","time":"2020-03-25T10:05:36.933272183Z"}
{"log":"INFO [03-25|10:05:51.888] Imported new chain segment               blocks=1     txs=3     mgas=0.680   elapsed=20.944ms  mgasps=32.453   number=2406603 hash=8fc15a…407cc8 dirty=689.81MiB\n","stream":"stderr","time":"2020-03-25T10:05:51.888304153Z"}
{"log":"INFO [03-25|10:06:07.673] Imported new chain segment               blocks=1     txs=4     mgas=0.369   elapsed=6.376ms   mgasps=57.857   number=2406604 hash=1935a6…f32c4a dirty=689.82MiB\n","stream":"stderr","time":"2020-03-25T10:06:07.67323372Z"}
{"log":"INFO [03-25|10:06:07.725] Imported new chain segment               blocks=1     txs=1     mgas=0.202   elapsed=4.576ms   mgasps=44.033   number=2406604 hash=d22a56…050b22 dirty=689.82MiB\n","stream":"stderr","time":"2020-03-25T10:06:07.726131541Z"}
{"log":"INFO [03-25|10:06:08.168] Chain reorg detected                     number=2406603 hash=8fc15a…407cc8 drop=1 dropfrom=1935a6…f32c4a add=1 addfrom=cefdcf…047c16\n","stream":"stderr","time":"2020-03-25T10:06:08.169109744Z"}
{"log":"INFO [03-25|10:06:08.169] Imported new chain segment               blocks=1     txs=1     mgas=0.202   elapsed=4.886ms   mgasps=41.241   number=2406604 hash=cefdcf…047c16 dirty=689.82MiB\n","stream":"stderr","time":"2020-03-25T10:06:08.169280174Z"}
{"log":"INFO [03-25|10:06:21.102] Chain reorg detected                     number=2406603 hash=8fc15a…407cc8 drop=1 dropfrom=cefdcf…047c16 add=2 addfrom=562c03…302909\n","stream":"stderr","time":"2020-03-25T10:06:21.102674221Z"}
{"log":"INFO [03-25|10:06:21.103] Imported new chain segment               blocks=1     txs=1     mgas=0.045   elapsed=3.434ms   mgasps=13.204   number=2406605 hash=562c03…302909 dirty=689.80MiB\n","stream":"stderr","time":"2020-03-25T10:06:21.103345832Z"}
{"log":"INFO [03-25|10:06:22.365] Chain reorg detected                     number=2406604 hash=1935a6…f32c4a drop=1 dropfrom=562c03…302909 add=1 addfrom=020f34…0215c3\n","stream":"stderr","time":"2020-03-25T10:06:22.366109071Z"}
{"log":"INFO [03-25|10:06:22.366] Imported new chain segment               blocks=1     txs=0     mgas=0.000   elapsed=440.006µs mgasps=0.000    number=2406605 hash=020f34…0215c3 dirty=689.80MiB\n","stream":"stderr","time":"2020-03-25T10:06:22.366242663Z"}
{"log":"INFO [03-25|10:06:22.464] Deep froze chain segment                 blocks=4     elapsed=38.398ms  number=2316604 hash=d96760…cac6ae\n","stream":"stderr","time":"2020-03-25T10:06:22.464307022Z"}
{"log":"INFO [03-25|10:06:36.108] Imported new chain segment               blocks=1     txs=2     mgas=0.479   elapsed=17.584ms  mgasps=27.216   number=2406606 hash=6b2b80…10fcec dirty=689.82MiB\n","stream":"stderr","time":"2020-03-25T10:06:36.108584248Z"}
{"log":"INFO [03-25|10:06:37.103] Imported new chain segment               blocks=1     txs=1     mgas=0.433   elapsed=14.116ms  mgasps=30.690   number=2406606 hash=2481b5…cd105b dirty=689.82MiB\n","stream":"stderr","time":"2020-03-25T10:06:37.10413334Z"}
{"log":"INFO [03-25|10:06:51.814] Imported new chain segment               blocks=1     txs=1     mgas=0.096   elapsed=2.478ms   mgasps=38.702   number=2406607 hash=0cafe7…19bfdd dirty=689.84MiB\n","stream":"stderr","time":"2020-03-25T10:06:51.814761189Z"}
{"log":"INFO [03-25|10:07:06.250] Imported new chain segment               blocks=1     txs=2     mgas=0.434   elapsed=2.473ms   mgasps=175.544  number=2406608 hash=e436ea…7525a4 dirty=689.85MiB\n","stream":"stderr","time":"2020-03-25T10:07:06.250659891Z"}
{"log":"INFO [03-25|10:07:07.200] Imported new chain segment               blocks=1     txs=1     mgas=0.045   elapsed=1.514ms   mgasps=29.600   number=2406608 hash=eeacc4…f669b6 dirty=689.85MiB\n","stream":"stderr","time":"2020-03-25T10:07:07.200951918Z"}
{"log":"INFO [03-25|10:07:21.385] Imported new chain segment               blocks=1     txs=1     mgas=0.056   elapsed=5.016ms   mgasps=11.110   number=2406609 hash=ac94b7…118a84 dirty=689.83MiB\n","stream":"stderr","time":"2020-03-25T10:07:21.385969124Z"}
{"log":"INFO [03-25|10:07:22.569] Deep froze chain segment                 blocks=4     elapsed=88.614ms  number=2316608 hash=cd0f99…c1612c\n","stream":"stderr","time":"2020-03-25T10:07:22.569906709Z"}
{"log":"INFO [03-25|10:07:36.510] Imported new chain segment               blocks=1     txs=2     mgas=0.479   elapsed=19.595ms  mgasps=24.461   number=2406610 hash=44f977…e91a28 dirty=689.74MiB\n","stream":"stderr","time":"2020-03-25T10:07:36.510463687Z"}
{"log":"INFO [03-25|10:07:36.553] Imported new chain segment               blocks=1     txs=2     mgas=0.479   elapsed=14.827ms  mgasps=32.326   number=2406610 hash=5405a8…9fc1e3 dirty=689.75MiB\n","stream":"stderr","time":"2020-03-25T10:07:36.553659512Z"}
{"log":"INFO [03-25|10:07:51.510] Imported new chain segment               blocks=1     txs=0     mgas=0.000   elapsed=671.518µs mgasps=0.000    number=2406611 hash=e2f88e…9cf362 dirty=689.72MiB\n","stream":"stderr","time":"2020-03-25T10:07:51.51065378Z"}
{"log":"INFO [03-25|10:07:52.884] Imported new chain segment               blocks=1     txs=0     mgas=0.000   elapsed=410.907µs mgasps=0.000    number=2406611 hash=b06b86…46842e dirty=689.72MiB\n","stream":"stderr","time":"2020-03-25T10:07:52.884879867Z"}
{"log":"INFO [03-25|10:08:06.256] Chain reorg detected                     number=2406610 hash=44f977…e91a28 drop=1 dropfrom=e2f88e…9cf362 add=2 addfrom=6c5581…75b270\n","stream":"stderr","time":"2020-03-25T10:08:06.256855527Z"}
{"log":"INFO [03-25|10:08:06.257] Imported new chain segment               blocks=1     txs=5     mgas=1.986   elapsed=15.859ms  mgasps=125.228  number=2406612 hash=6c5581…75b270 dirty=689.84MiB\n","stream":"stderr","time":"2020-03-25T10:08:06.257122873Z"}
{"log":"INFO [03-25|10:08:07.812] Chain reorg detected                     number=2406610 hash=44f977…e91a28 drop=2 dropfrom=6c5581…75b270 add=2 addfrom=a17a02…174015\n","stream":"stderr","time":"2020-03-25T10:08:07.812715341Z"}
{"log":"INFO [03-25|10:08:07.812] Imported new chain segment               blocks=1     txs=0     mgas=0.000   elapsed=1.094ms   mgasps=0.000    number=2406612 hash=a17a02…174015 dirty=689.84MiB\n","stream":"stderr","time":"2020-03-25T10:08:07.81365925Z"}
{"log":"INFO [03-25|10:08:07.904] Chain reorg detected                     number=2406611 hash=e2f88e…9cf362 drop=1 dropfrom=a17a02…174015 add=1 addfrom=ac269b…9bc68e\n","stream":"stderr","time":"2020-03-25T10:08:07.905157232Z"}
{"log":"INFO [03-25|10:08:07.905] Imported new chain segment               blocks=1     txs=5     mgas=1.986   elapsed=20.432ms  mgasps=97.202   number=2406612 hash=ac269b…9bc68e dirty=689.85MiB\n","stream":"stderr","time":"2020-03-25T10:08:07.905405489Z"}
{"log":"INFO [03-25|10:08:22.308] Imported new chain segment               blocks=1     txs=62    mgas=3.488   elapsed=18.802ms  mgasps=185.527  number=2406613 hash=34b4dd…d0d8a4 dirty=689.97MiB\n","stream":"stderr","time":"2020-03-25T10:08:22.308903495Z"}
{"log":"INFO [03-25|10:08:22.594] Deep froze chain segment                 blocks=4     elapsed=22.727ms  number=2316612 hash=f432d3…80da18\n","stream":"stderr","time":"2020-03-25T10:08:22.594371075Z"}
{"log":"INFO [03-25|10:08:23.204] Imported new chain segment               blocks=1     txs=62    mgas=3.488   elapsed=17.872ms  mgasps=195.176  number=2406613 hash=3a1fc9…78173a dirty=689.97MiB\n","stream":"stderr","time":"2020-03-25T10:08:23.204448855Z"}
{"log":"INFO [03-25|10:08:36.993] Chain reorg detected                     number=2406610 hash=44f977…e91a28 drop=3 dropfrom=34b4dd…d0d8a4 add=4 addfrom=0a6e12…b8c081\n","stream":"stderr","time":"2020-03-25T10:08:36.993200294Z"}
{"log":"INFO [03-25|10:08:36.997] Imported new chain segment               blocks=1     txs=14    mgas=0.780   elapsed=14.103ms  mgasps=55.278   number=2406614 hash=0a6e12…b8c081 dirty=689.99MiB\n","stream":"stderr","time":"2020-03-25T10:08:36.997617914Z"}
{"log":"INFO [03-25|10:08:51.095] Imported new chain segment               blocks=1     txs=1     mgas=0.096   elapsed=1.967ms   mgasps=48.735   number=2406615 hash=10bac2…80ed5d dirty=689.99MiB\n","stream":"stderr","time":"2020-03-25T10:08:51.09541496Z"}
{"log":"INFO [03-25|10:09:06.076] Imported new chain segment               blocks=1     txs=0     mgas=0.000   elapsed=680.688µs mgasps=0.000    number=2406616 hash=9fc799…1f057d dirty=689.99MiB\n","stream":"stderr","time":"2020-03-25T10:09:06.077210956Z"}
{"log":"INFO [03-25|10:09:06.249] Imported new chain segment               blocks=1     txs=0     mgas=0.000   elapsed=369.215µs mgasps=0.000    number=2406616 hash=3423dd…3d2a87 dirty=689.99MiB\n","stream":"stderr","time":"2020-03-25T10:09:06.249368427Z"}
{"log":"INFO [03-25|10:09:22.549] Imported new chain segment               blocks=1     txs=0     mgas=0.000   elapsed=707.927µs mgasps=0.000    number=2406617 hash=5dd24b…5b29a7 dirty=689.98MiB\n","stream":"stderr","time":"2020-03-25T10:09:22.550058036Z"}
{"log":"INFO [03-25|10:09:22.614] Deep froze chain segment                 blocks=4     elapsed=19.712ms  number=2316616 hash=3b4474…00f12a\n","stream":"stderr","time":"2020-03-25T10:09:22.614349162Z"}
{"log":"INFO [03-25|10:09:36.129] Imported new chain segment               blocks=1     txs=14    mgas=1.378   elapsed=16.261ms  mgasps=84.746   number=2406618 hash=41baf5…5aebcf dirty=690.05MiB\n","stream":"stderr","time":"2020-03-25T10:09:36.129311625Z"}
{"log":"INFO [03-25|10:09:51.474] Imported new chain segment               blocks=1     txs=0     mgas=0.000   elapsed=778.517µs mgasps=0.000    number=2406619 hash=6aeaf0…65091a dirty=690.04MiB\n","stream":"stderr","time":"2020-03-25T10:09:51.477587727Z"}
{"log":"INFO [03-25|10:10:08.201] Imported new chain segment               blocks=1     txs=9     mgas=1.307   elapsed=24.821ms  mgasps=52.656   number=2406620 hash=d50d7c…1f2987 dirty=689.99MiB\n","stream":"stderr","time":"2020-03-25T10:10:08.201302887Z"}
{"log":"INFO [03-25|10:10:13.198] Imported new chain segment               blocks=1     txs=9     mgas=1.307   elapsed=21.142ms  mgasps=61.818   number=2406620 hash=753664…ed092e dirty=690.01MiB\n","stream":"stderr","time":"2020-03-25T10:10:13.1981909Z"}
{"log":"INFO [03-25|10:10:21.105] Imported new chain segment               blocks=1     txs=1     mgas=0.096   elapsed=2.591ms   mgasps=37.003   number=2406621 hash=48e54d…f91cec dirty=690.01MiB\n","stream":"stderr","time":"2020-03-25T10:10:21.105516704Z"}
{"log":"INFO [03-25|10:10:21.479] Imported new chain segment               blocks=1     txs=1     mgas=0.096   elapsed=2.263ms   mgasps=42.359   number=2406621 hash=cf1836…87cf4e dirty=690.01MiB\n","stream":"stderr","time":"2020-03-25T10:10:21.479527667Z"}
{"log":"INFO [03-25|10:10:22.639] Deep froze chain segment                 blocks=4     elapsed=24.966ms  number=2316620 hash=5cf4fd…62e24b\n","stream":"stderr","time":"2020-03-25T10:10:22.639546842Z"}
{"log":"INFO [03-25|10:10:36.814] Imported new chain segment               blocks=1     txs=4     mgas=3.523   elapsed=18.942ms  mgasps=185.972  number=2406622 hash=8e6c7b…d25d40 dirty=690.28MiB\n","stream":"stderr","time":"2020-03-25T10:10:36.814632853Z"}
{"log":"INFO [03-25|10:10:52.016] Imported new chain segment               blocks=1     txs=4     mgas=0.969   elapsed=26.803ms  mgasps=36.166   number=2406623 hash=f3991a…cafbe3 dirty=690.33MiB\n","stream":"stderr","time":"2020-03-25T10:10:52.016900352Z"}
{"log":"INFO [03-25|10:10:54.278] Chain reorg detected                     number=2406622 hash=8e6c7b…d25d40 drop=1 dropfrom=f3991a…cafbe3 add=1 addfrom=20be43…8a1122\n","stream":"stderr","time":"2020-03-25T10:10:54.279319365Z"}
{"log":"INFO [03-25|10:10:54.279] Imported new chain segment               blocks=1     txs=2     mgas=0.491   elapsed=12.796ms  mgasps=38.377   number=2406623 hash=20be43…8a1122 dirty=690.33MiB\n","stream":"stderr","time":"2020-03-25T10:10:54.280193038Z"}
{"log":"INFO [03-25|10:10:54.336] Chain reorg detected                     number=2406622 hash=8e6c7b…d25d40 drop=1 dropfrom=20be43…8a1122 add=1 addfrom=1f8c9c…3bdad1\n","stream":"stderr","time":"2020-03-25T10:10:54.336426703Z"}
{"log":"INFO [03-25|10:10:54.336] Imported new chain segment               blocks=1     txs=4     mgas=0.969   elapsed=33.837ms  mgasps=28.649   number=2406623 hash=1f8c9c…3bdad1 dirty=690.33MiB\n","stream":"stderr","time":"2020-03-25T10:10:54.336827546Z"}
{"log":"INFO [03-25|10:11:06.151] Chain reorg detected                     number=2406622 hash=8e6c7b…d25d40 drop=1 dropfrom=1f8c9c…3bdad1 add=2 addfrom=bf005e…e87dea\n","stream":"stderr","time":"2020-03-25T10:11:06.151370784Z"}
{"log":"INFO [03-25|10:11:06.151] Imported new chain segment               blocks=1     txs=11    mgas=0.485   elapsed=9.589ms   mgasps=50.545   number=2406624 hash=bf005e…e87dea dirty=690.35MiB\n","stream":"stderr","time":"2020-03-25T10:11:06.152160348Z"}
{"log":"INFO [03-25|10:11:09.152] Imported new chain segment               blocks=1     txs=0     mgas=0.000   elapsed=343.003µs mgasps=0.000    number=2406624 hash=551e81…97bc07 dirty=690.35MiB\n","stream":"stderr","time":"2020-03-25T10:11:09.152743163Z"}
{"log":"INFO [03-25|10:11:09.189] Imported new chain segment               blocks=1     txs=2     mgas=0.088   elapsed=1.913ms   mgasps=46.056   number=2406624 hash=fdae69…d0ac43 dirty=690.36MiB\n","stream":"stderr","time":"2020-03-25T10:11:09.189489899Z"}
{"log":"INFO [03-25|10:11:22.191] Imported new chain segment               blocks=1     txs=0     mgas=0.000   elapsed=564.403µs mgasps=0.000    number=2406625 hash=403c1d…9baa6d dirty=690.35MiB\n","stream":"stderr","time":"2020-03-25T10:11:22.192190546Z"}
{"log":"INFO [03-25|10:11:22.675] Deep froze chain segment                 blocks=4     elapsed=36.022ms  number=2316624 hash=7c2cbb…5135d8\n","stream":"stderr","time":"2020-03-25T10:11:22.675904127Z"}
{"log":"INFO [03-25|10:11:23.327] Imported new chain segment               blocks=1     txs=0     mgas=0.000   elapsed=326.349µs mgasps=0.000    number=2406625 hash=3996dd…acb9a7 dirty=690.35MiB\n","stream":"stderr","time":"2020-03-25T10:11:23.32779888Z"}
{"log":"INFO [03-25|10:11:36.624] Imported new chain segment               blocks=1     txs=9     mgas=0.787   elapsed=17.269ms  mgasps=45.584   number=2406626 hash=6ccd40…b7c94d dirty=690.38MiB\n","stream":"stderr","time":"2020-03-25T10:11:36.624898029Z"}
{"log":"INFO [03-25|10:11:39.154] Chain reorg detected                     number=2406625 hash=403c1d…9baa6d drop=1 dropfrom=6ccd40…b7c94d add=1 addfrom=2023cf…5fd729\n","stream":"stderr","time":"2020-03-25T10:11:39.154741882Z"}
{"log":"INFO [03-25|10:11:39.154] Imported new chain segment               blocks=1     txs=0     mgas=0.000   elapsed=1.085ms   mgasps=0.000    number=2406626 hash=2023cf…5fd729 dirty=690.38MiB\n","stream":"stderr","time":"2020-03-25T10:11:39.155029962Z"}
{"log":"INFO [03-25|10:11:52.644] Chain reorg detected                     number=2406625 hash=403c1d…9baa6d drop=1 dropfrom=2023cf…5fd729 add=2 addfrom=4865cc…2504b6\n","stream":"stderr","time":"2020-03-25T10:11:52.64462461Z"}
{"log":"INFO [03-25|10:11:52.645] Imported new chain segment               blocks=1     txs=0     mgas=0.000   elapsed=1.380ms   mgasps=0.000    number=2406627 hash=4865cc…2504b6 dirty=690.36MiB\n","stream":"stderr","time":"2020-03-25T10:11:52.64537513Z"}
{"log":"INFO [03-25|10:12:06.090] Imported new chain segment               blocks=1     txs=1     mgas=0.045   elapsed=1.981ms   mgasps=22.722   number=2406628 hash=34cb6d…8d950d dirty=690.35MiB\n","stream":"stderr","time":"2020-03-25T10:12:06.090912061Z"}
{"log":"INFO [03-25|10:12:07.073] Imported new chain segment               blocks=1     txs=1     mgas=0.045   elapsed=1.683ms   mgasps=26.738   number=2406628 hash=bbe69c…8205a7 dirty=690.36MiB\n","stream":"stderr","time":"2020-03-25T10:12:07.073457661Z"}
{"log":"INFO [03-25|10:12:21.322] Imported new chain segment               blocks=1     txs=1     mgas=0.433   elapsed=13.966ms  mgasps=31.019   number=2406629 hash=c98ee3…c3979b dirty=690.36MiB\n","stream":"stderr","time":"2020-03-25T10:12:21.323015468Z"}
{"log":"INFO [03-25|10:12:22.706] Deep froze chain segment                 blocks=4     elapsed=30.088ms  number=2316628 hash=d8d2d4…c88769\n","stream":"stderr","time":"2020-03-25T10:12:22.706404797Z"}
{"log":"INFO [03-25|10:12:27.117] Chain reorg detected                     number=2406628 hash=34cb6d…8d950d drop=1 dropfrom=c98ee3…c3979b add=1 addfrom=956028…3b2d4c\n","stream":"stderr","time":"2020-03-25T10:12:27.117420264Z"}
{"log":"INFO [03-25|10:12:27.117] Imported new chain segment               blocks=1     txs=10    mgas=1.066   elapsed=17.272ms  mgasps=61.706   number=2406629 hash=956028…3b2d4c dirty=690.43MiB\n","stream":"stderr","time":"2020-03-25T10:12:27.117749167Z"}
{"log":"INFO [03-25|10:12:36.101] Chain reorg detected                     number=2406628 hash=34cb6d…8d950d drop=1 dropfrom=956028…3b2d4c add=2 addfrom=732ae5…889e58\n","stream":"stderr","time":"2020-03-25T10:12:36.102138Z"}
{"log":"INFO [03-25|10:12:36.102] Imported new chain segment               blocks=1     txs=4     mgas=0.263   elapsed=10.226ms  mgasps=25.740   number=2406630 hash=732ae5…889e58 dirty=690.19MiB\n","stream":"stderr","time":"2020-03-25T10:12:36.102713012Z"}
{"log":"INFO [03-25|10:12:51.159] Imported new chain segment               blocks=1     txs=12    mgas=0.909   elapsed=15.592ms  mgasps=58.293   number=2406631 hash=cfaf08…018d88 dirty=690.13MiB\n","stream":"stderr","time":"2020-03-25T10:12:51.159586483Z"}
{"log":"INFO [03-25|10:13:06.209] Imported new chain segment               blocks=1     txs=9     mgas=0.664   elapsed=9.360ms   mgasps=70.930   number=2406632 hash=cb871a…9df46e dirty=690.18MiB\n","stream":"stderr","time":"2020-03-25T10:13:06.20961777Z"}
{"log":"INFO [03-25|10:13:06.336] Chain reorg detected                     number=2406631 hash=cfaf08…018d88 drop=1 dropfrom=cb871a…9df46e add=1 addfrom=964ad3…684b1c\n","stream":"stderr","time":"2020-03-25T10:13:06.336778624Z"}
{"log":"INFO [03-25|10:13:06.336] Imported new chain segment               blocks=1     txs=0     mgas=0.000   elapsed=1.139ms   mgasps=0.000    number=2406632 hash=964ad3…684b1c dirty=690.18MiB\n","stream":"stderr","time":"2020-03-25T10:13:06.33707178Z"}
{"log":"INFO [03-25|10:13:22.101] Imported new chain segment               blocks=1     txs=9     mgas=0.664   elapsed=8.552ms   mgasps=77.629   number=2406633 hash=66bb8e…abee5c dirty=690.17MiB\n","stream":"stderr","time":"2020-03-25T10:13:22.102187389Z"}
{"log":"INFO [03-25|10:13:22.152] Imported new chain segment               blocks=1     txs=0     mgas=0.000   elapsed=297.896µs mgasps=0.000    number=2406633 hash=f1e87b…f099bb dirty=690.17MiB\n","stream":"stderr","time":"2020-03-25T10:13:22.152734151Z"}
{"log":"INFO [03-25|10:13:22.741] Deep froze chain segment                 blocks=4     elapsed=35.400ms  number=2316632 hash=ec4a2f…594ccc\n","stream":"stderr","time":"2020-03-25T10:13:22.742175816Z"}
{"log":"INFO [03-25|10:13:23.552] Imported new chain segment               blocks=1     txs=9     mgas=0.664   elapsed=6.587ms   mgasps=100.790  number=2406633 hash=377186…fd4991 dirty=690.17MiB\n","stream":"stderr","time":"2020-03-25T10:13:23.552203654Z"}
{"log":"INFO [03-25|10:13:23.642] Imported new chain segment               blocks=1     txs=0     mgas=0.000   elapsed=543.639µs mgasps=0.000    number=2406633 hash=3cab74…bfd13c dirty=690.17MiB\n","stream":"stderr","time":"2020-03-25T10:13:23.642754231Z"}
{"log":"INFO [03-25|10:13:36.119] Chain reorg detected                     number=2406632 hash=964ad3…684b1c drop=1 dropfrom=66bb8e…abee5c add=2 addfrom=cd66b6…eb415c\n","stream":"stderr","time":"2020-03-25T10:13:36.119774106Z"}
{"log":"INFO [03-25|10:13:36.120] Imported new chain segment               blocks=1     txs=1     mgas=0.046   elapsed=3.411ms   mgasps=13.338   number=2406634 hash=cd66b6…eb415c dirty=690.16MiB\n","stream":"stderr","time":"2020-03-25T10:13:36.120774165Z"}
{"log":"INFO [03-25|10:13:39.144] Imported new chain segment               blocks=1     txs=1     mgas=0.046   elapsed=1.404ms   mgasps=32.404   number=2406634 hash=e78977…87e932 dirty=690.17MiB\n","stream":"stderr","time":"2020-03-25T10:13:39.144631952Z"}
{"log":"INFO [03-25|10:13:51.086] Imported new chain segment               blocks=1     txs=1     mgas=0.045   elapsed=1.880ms   mgasps=23.909   number=2406635 hash=2d7699…6da7a9 dirty=690.17MiB\n","stream":"stderr","time":"2020-03-25T10:13:51.088443481Z"}
{"log":"INFO [03-25|10:14:06.074] Imported new chain segment               blocks=1     txs=3     mgas=0.152   elapsed=3.900ms   mgasps=38.877   number=2406636 hash=be565c…505b21 dirty=690.19MiB\n","stream":"stderr","time":"2020-03-25T10:14:06.075212146Z"}
{"log":"INFO [03-25|10:14:21.080] Imported new chain segment               blocks=1     txs=3     mgas=0.216   elapsed=8.467ms   mgasps=25.487   number=2406637 hash=e83d0a…b57fcb dirty=690.20MiB\n","stream":"stderr","time":"2020-03-25T10:14:21.081156014Z"}
{"log":"INFO [03-25|10:14:22.770] Deep froze chain segment                 blocks=4     elapsed=28.734ms  number=2316636 hash=1df68c…bae225\n","stream":"stderr","time":"2020-03-25T10:14:22.771171827Z"}
{"log":"INFO [03-25|10:14:36.555] Imported new chain segment               blocks=1     txs=1     mgas=0.045   elapsed=1.668ms   mgasps=26.906   number=2406638 hash=1f201a…2c41a7 dirty=690.19MiB\n","stream":"stderr","time":"2020-03-25T10:14:36.555631686Z"}
{"log":"INFO [03-25|10:14:52.032] Imported new chain segment               blocks=1     txs=2     mgas=0.508   elapsed=19.353ms  mgasps=26.230   number=2406639 hash=ef5ff0…3e0abb dirty=690.22MiB\n","stream":"stderr","time":"2020-03-25T10:14:52.032679215Z"}
{"log":"INFO [03-25|10:14:52.211] Chain reorg detected                     number=2406638 hash=1f201a…2c41a7 drop=1 dropfrom=ef5ff0…3e0abb add=1 addfrom=84ed70…533ef6\n","stream":"stderr","time":"2020-03-25T10:14:52.21134969Z"}
{"log":"INFO [03-25|10:14:52.211] Imported new chain segment               blocks=1     txs=3     mgas=0.593   elapsed=25.044ms  mgasps=23.666   number=2406639 hash=84ed70…533ef6 dirty=690.23MiB\n","stream":"stderr","time":"2020-03-25T10:14:52.211769893Z"}
{"log":"INFO [03-25|10:14:58.329] Imported new chain segment               blocks=1     txs=5     mgas=1.015   elapsed=22.998ms  mgasps=44.121   number=2406639 hash=509e5f…8bc1a0 dirty=690.27MiB\n","stream":"stderr","time":"2020-03-25T10:14:58.330157528Z"}
{"log":"INFO [03-25|10:15:06.094] Chain reorg detected                     number=2406638 hash=1f201a…2c41a7 drop=1 dropfrom=84ed70…533ef6 add=2 addfrom=3f3ffc…9b94ab\n","stream":"stderr","time":"2020-03-25T10:15:06.094908529Z"}
{"log":"INFO [03-25|10:15:06.095] Imported new chain segment               blocks=1     txs=3     mgas=0.507   elapsed=4.583ms   mgasps=110.642  number=2406640 hash=3f3ffc…9b94ab dirty=690.27MiB\n","stream":"stderr","time":"2020-03-25T10:15:06.095177726Z"}
{"log":"INFO [03-25|10:15:21.107] Imported new chain segment               blocks=1     txs=2     mgas=0.096   elapsed=2.709ms   mgasps=35.448   number=2406641 hash=870f45…bf618b dirty=690.27MiB\n","stream":"stderr","time":"2020-03-25T10:15:21.107498647Z"}
{"log":"INFO [03-25|10:15:21.215] Imported new chain segment               blocks=1     txs=1     mgas=0.045   elapsed=1.433ms   mgasps=31.446   number=2406641 hash=59fab2…fba631 dirty=690.27MiB\n","stream":"stderr","time":"2020-03-25T10:15:21.216723168Z"}
{"log":"INFO [03-25|10:15:22.805] Deep froze chain segment                 blocks=4     elapsed=34.692ms  number=2316640 hash=1fa536…1e9b25\n","stream":"stderr","time":"2020-03-25T10:15:22.806212516Z"}
{"log":"INFO [03-25|10:15:36.425] Imported new chain segment               blocks=1     txs=1     mgas=3.716   elapsed=21.444ms  mgasps=173.299  number=2406642 hash=024c37…7b2411 dirty=690.66MiB\n","stream":"stderr","time":"2020-03-25T10:15:36.425490294Z"}
{"log":"INFO [03-25|10:15:36.522] Imported new chain segment               blocks=1     txs=1     mgas=3.716   elapsed=18.640ms  mgasps=199.371  number=2406642 hash=bdae33…52cdaa dirty=690.66MiB\n","stream":"stderr","time":"2020-03-25T10:15:36.523213587Z"}
{"log":"INFO [03-25|10:15:51.501] Imported new chain segment               blocks=1     txs=12    mgas=2.443   elapsed=35.574ms  mgasps=68.669   number=2406643 hash=2d9d6b…80e737 dirty=690.81MiB\n","stream":"stderr","time":"2020-03-25T10:15:51.501417123Z"}
{"log":"INFO [03-25|10:15:52.522] Imported new chain segment               blocks=1     txs=12    mgas=2.443   elapsed=37.088ms  mgasps=65.865   number=2406643 hash=08fd7d…3d433d dirty=690.82MiB\n","stream":"stderr","time":"2020-03-25T10:15:52.522915351Z"}
{"log":"INFO [03-25|10:15:52.573] Chain reorg detected                     number=2406642 hash=024c37…7b2411 drop=1 dropfrom=2d9d6b…80e737 add=1 addfrom=8bc90d…864cfe\n","stream":"stderr","time":"2020-03-25T10:15:52.574059478Z"}
{"log":"INFO [03-25|10:15:52.574] Imported new chain segment               blocks=1     txs=7     mgas=2.267   elapsed=24.887ms  mgasps=91.071   number=2406643 hash=8bc90d…864cfe dirty=690.82MiB\n","stream":"stderr","time":"2020-03-25T10:15:52.574298464Z"}
{"log":"INFO [03-25|10:16:06.083] Chain reorg detected                     number=2406642 hash=024c37…7b2411 drop=1 dropfrom=8bc90d…864cfe add=2 addfrom=fe2774…f05a51\n","stream":"stderr","time":"2020-03-25T10:16:06.084013479Z"}
{"log":"INFO [03-25|10:16:06.084] Imported new chain segment               blocks=1     txs=0     mgas=0.000   elapsed=2.132ms   mgasps=0.000    number=2406644 hash=fe2774…f05a51 dirty=690.82MiB\n","stream":"stderr","time":"2020-03-25T10:16:06.08508805Z"}
{"log":"INFO [03-25|10:16:21.753] Imported new chain segment               blocks=1     txs=2     mgas=0.811   elapsed=21.819ms  mgasps=37.177   number=2406645 hash=f95df1…450678 dirty=690.85MiB\n","stream":"stderr","time":"2020-03-25T10:16:21.75398059Z"}
{"log":"INFO [03-25|10:16:22.840] Deep froze chain segment                 blocks=4     elapsed=33.841ms  number=2316644 hash=0cb247…5570bc\n","stream":"stderr","time":"2020-03-25T10:16:22.840258566Z"}
{"log":"INFO [03-25|10:16:24.763] Imported new chain segment               blocks=1     txs=0     mgas=0.000   elapsed=351.625µs mgasps=0.000    number=2406645 hash=5792ac…6c59fe dirty=690.85MiB\n","stream":"stderr","time":"2020-03-25T10:16:24.763931305Z"}
{"log":"INFO [03-25|10:16:36.898] Imported new chain segment               blocks=1     txs=7     mgas=0.357   elapsed=6.856ms   mgasps=52.096   number=2406646 hash=6d78ca…966a7c dirty=690.86MiB\n","stream":"stderr","time":"2020-03-25T10:16:36.898803173Z"}
{"log":"INFO [03-25|10:16:37.260] Chain reorg detected                     number=2406644 hash=fe2774…f05a51 drop=2 dropfrom=6d78ca…966a7c add=2 addfrom=4b524c…56f802\n","stream":"stderr","time":"2020-03-25T10:16:37.260766269Z"}
{"log":"INFO [03-25|10:16:37.261] Imported new chain segment               blocks=1     txs=9     mgas=1.168   elapsed=26.270ms  mgasps=44.474   number=2406646 hash=4b524c…56f802 dirty=690.86MiB\n","stream":"stderr","time":"2020-03-25T10:16:37.261746094Z"}
{"log":"INFO [03-25|10:16:38.969] Chain reorg detected                     number=2406644 hash=fe2774…f05a51 drop=2 dropfrom=4b524c…56f802 add=2 addfrom=c10466…8953c9\n","stream":"stderr","time":"2020-03-25T10:16:38.974277755Z"}
{"log":"INFO [03-25|10:16:38.970] Imported new chain segment               blocks=1     txs=0     mgas=0.000   elapsed=2.129ms   mgasps=0.000    number=2406646 hash=c10466…8953c9 dirty=690.86MiB\n","stream":"stderr","time":"2020-03-25T10:16:38.974319127Z"}
{"log":"INFO [03-25|10:16:39.134] Imported new chain segment               blocks=1     txs=1     mgas=0.085   elapsed=3.412ms   mgasps=24.933   number=2406646 hash=07d2b6…8d1771 dirty=690.87MiB\n","stream":"stderr","time":"2020-03-25T10:16:39.134443199Z"}
{"log":"INFO [03-25|10:16:51.645] Chain reorg detected                     number=2406645 hash=f95df1…450678 drop=1 dropfrom=c10466…8953c9 add=2 addfrom=160486…f50948\n","stream":"stderr","time":"2020-03-25T10:16:51.645801008Z"}
{"log":"INFO [03-25|10:16:51.646] Imported new chain segment               blocks=1     txs=0     mgas=0.000   elapsed=1.720ms   mgasps=0.000    number=2406647 hash=160486…f50948 dirty=690.85MiB\n","stream":"stderr","time":"2020-03-25T10:16:51.646852662Z"}
{"log":"INFO [03-25|10:16:51.830] Chain reorg detected                     number=2406645 hash=f95df1…450678 drop=2 dropfrom=160486…f50948 add=2 addfrom=02712d…624191\n","stream":"stderr","time":"2020-03-25T10:16:51.830266469Z"}
{"log":"INFO [03-25|10:16:51.830] Imported new chain segment               blocks=1     txs=8     mgas=0.402   elapsed=8.879ms   mgasps=45.295   number=2406647 hash=02712d…624191 dirty=690.86MiB\n","stream":"stderr","time":"2020-03-25T10:16:51.83097074Z"}
{"log":"INFO [03-25|10:16:53.500] Imported new chain segment               blocks=1     txs=0     mgas=0.000   elapsed=292.231µs mgasps=0.000    number=2406647 hash=3103f5…53da05 dirty=690.86MiB\n","stream":"stderr","time":"2020-03-25T10:16:53.500254014Z"}
{"log":"INFO [03-25|10:17:06.775] Chain reorg detected                     number=2406645 hash=f95df1…450678 drop=2 dropfrom=02712d…624191 add=3 addfrom=362a57…4af533\n","stream":"stderr","time":"2020-03-25T10:17:06.775526162Z"}
{"log":"INFO [03-25|10:17:06.776] Imported new chain segment               blocks=1     txs=2     mgas=0.478   elapsed=19.368ms  mgasps=24.694   number=2406648 hash=362a57…4af533 dirty=690.87MiB\n","stream":"stderr","time":"2020-03-25T10:17:06.776817917Z"}
{"log":"INFO [03-25|10:17:09.051] Chain reorg detected                     number=2406647 hash=160486…f50948 drop=1 dropfrom=362a57…4af533 add=1 addfrom=ae1f9c…459eb4\n","stream":"stderr","time":"2020-03-25T10:17:09.051624897Z"}
{"log":"INFO [03-25|10:17:09.051] Imported new chain segment               blocks=1     txs=2     mgas=0.478   elapsed=18.212ms  mgasps=26.260   number=2406648 hash=ae1f9c…459eb4 dirty=690.88MiB\n","stream":"stderr","time":"2020-03-25T10:17:09.051914621Z"}
{"log":"INFO [03-25|10:17:12.852] Imported new chain segment               blocks=1     txs=8     mgas=0.903   elapsed=30.391ms  mgasps=29.725   number=2406648 hash=1e7ab7…64212a dirty=690.92MiB\n","stream":"stderr","time":"2020-03-25T10:17:12.852635092Z"}
{"log":"INFO [03-25|10:17:21.953] Chain reorg detected                     number=2406647 hash=160486…f50948 drop=1 dropfrom=ae1f9c…459eb4 add=2 addfrom=7201be…f958f4\n","stream":"stderr","time":"2020-03-25T10:17:21.954120882Z"}
{"log":"INFO [03-25|10:17:21.954] Imported new chain segment               blocks=1     txs=6     mgas=0.425   elapsed=6.674ms   mgasps=63.691   number=2406649 hash=7201be…f958f4 dirty=690.92MiB\n","stream":"stderr","time":"2020-03-25T10:17:21.95461412Z"}
{"log":"INFO [03-25|10:17:21.981] Imported new chain segment               blocks=1     txs=1     mgas=0.056   elapsed=1.725ms   mgasps=32.299   number=2406649 hash=18714c…f918ae dirty=690.92MiB\n","stream":"stderr","time":"2020-03-25T10:17:21.98224226Z"}
{"log":"INFO [03-25|10:17:22.874] Deep froze chain segment                 blocks=4     elapsed=34.026ms  number=2316648 hash=dfe3af…f940a0\n","stream":"stderr","time":"2020-03-25T10:17:22.874625213Z"}
{"log":"INFO [03-25|10:17:23.704] Imported new chain segment               blocks=1     txs=6     mgas=0.425   elapsed=6.273ms   mgasps=67.760   number=2406649 hash=83c538…2e15bd dirty=690.92MiB\n","stream":"stderr","time":"2020-03-25T10:17:23.705162019Z"}
{"log":"INFO [03-25|10:17:23.707] Imported new chain segment               blocks=1     txs=1     mgas=0.056   elapsed=2.154ms   mgasps=25.865   number=2406649 hash=216101…8d9c09 dirty=690.93MiB\n","stream":"stderr","time":"2020-03-25T10:17:23.707599729Z"}
{"log":"INFO [03-25|10:17:36.150] Chain reorg detected                     number=2406648 hash=362a57…4af533 drop=1 dropfrom=7201be…f958f4 add=2 addfrom=8ee409…4600b7\n","stream":"stderr","time":"2020-03-25T10:17:36.1502164Z"}
{"log":"INFO [03-25|10:17:36.150] Imported new chain segment               blocks=1     txs=6     mgas=0.415   elapsed=13.900ms  mgasps=29.842   number=2406650 hash=8ee409…4600b7 dirty=690.50MiB\n","stream":"stderr","time":"2020-03-25T10:17:36.150763299Z"}
{"log":"INFO [03-25|10:17:37.723] Imported new chain segment               blocks=1     txs=6     mgas=0.415   elapsed=7.298ms   mgasps=56.840   number=2406650 hash=0c500f…4cddcd dirty=690.50MiB\n","stream":"stderr","time":"2020-03-25T10:17:37.723904809Z"}
{"log":"INFO [03-25|10:17:51.376] Imported new chain segment               blocks=1     txs=3     mgas=0.593   elapsed=20.694ms  mgasps=28.652   number=2406651 hash=a42601…3a244d dirty=690.52MiB\n","stream":"stderr","time":"2020-03-25T10:17:51.376822277Z"}
{"log":"INFO [03-25|10:17:51.428] Imported new chain segment               blocks=1     txs=4     mgas=0.638   elapsed=20.401ms  mgasps=31.264   number=2406651 hash=42cb80…76b181 dirty=690.54MiB\n","stream":"stderr","time":"2020-03-25T10:17:51.428497209Z"}
{"log":"INFO [03-25|10:17:56.303] Chain reorg detected                     number=2406650 hash=8ee409…4600b7 drop=1 dropfrom=a42601…3a244d add=1 addfrom=89f3b2…e960cb\n","stream":"stderr","time":"2020-03-25T10:17:56.303436202Z"}
{"log":"INFO [03-25|10:17:56.303] Imported new chain segment               blocks=1     txs=4     mgas=0.638   elapsed=22.740ms  mgasps=28.049   number=2406651 hash=89f3b2…e960cb dirty=690.54MiB\n","stream":"stderr","time":"2020-03-25T10:17:56.303845187Z"}
{"log":"INFO [03-25|10:18:07.196] Imported new chain segment               blocks=1     txs=13    mgas=2.611   elapsed=30.196ms  mgasps=86.472   number=2406652 hash=4e65a4…863617 dirty=690.72MiB\n","stream":"stderr","time":"2020-03-25T10:18:07.196418585Z"}
{"log":"INFO [03-25|10:18:08.789] Imported new chain segment               blocks=1     txs=12    mgas=2.515   elapsed=37.715ms  mgasps=66.688   number=2406652 hash=4c2d72…75f18c dirty=690.73MiB\n","stream":"stderr","time":"2020-03-25T10:18:08.790162173Z"}
{"log":"INFO [03-25|10:18:21.206] Imported new chain segment               blocks=1     txs=3     mgas=0.103   elapsed=3.426ms   mgasps=30.114   number=2406653 hash=16ff42…ef91b6 dirty=690.71MiB\n","stream":"stderr","time":"2020-03-25T10:18:21.206884447Z"}
{"log":"INFO [03-25|10:18:22.757] Chain reorg detected                     number=2406652 hash=4e65a4…863617 drop=1 dropfrom=16ff42…ef91b6 add=1 addfrom=266ca5…29d8f9\n","stream":"stderr","time":"2020-03-25T10:18:22.760749678Z"}
{"log":"INFO [03-25|10:18:22.757] Imported new chain segment               blocks=1     txs=1     mgas=0.045   elapsed=2.538ms   mgasps=17.753   number=2406653 hash=266ca5…29d8f9 dirty=690.72MiB\n","stream":"stderr","time":"2020-03-25T10:18:22.760793391Z"}
{"log":"INFO [03-25|10:18:22.902] Deep froze chain segment                 blocks=4     elapsed=27.659ms  number=2316652 hash=dd7487…dfe9f0\n","stream":"stderr","time":"2020-03-25T10:18:22.902582867Z"}
{"log":"INFO [03-25|10:18:36.143] Imported new chain segment               blocks=1     txs=3     mgas=0.104   elapsed=3.221ms   mgasps=32.196   number=2406654 hash=aa7553…eb3bca dirty=690.72MiB\n","stream":"stderr","time":"2020-03-25T10:18:36.144384916Z"}
{"log":"INFO [03-25|10:18:37.540] Imported new chain segment               blocks=1     txs=1     mgas=0.046   elapsed=1.949ms   mgasps=23.385   number=2406654 hash=c173e8…44ff6b dirty=690.73MiB\n","stream":"stderr","time":"2020-03-25T10:18:37.541063845Z"}
{"log":"INFO [03-25|10:18:51.874] Imported new chain segment               blocks=1     txs=0     mgas=0.000   elapsed=1.162ms   mgasps=0.000    number=2406655 hash=a6c427…fbe4fd dirty=690.69MiB\n","stream":"stderr","time":"2020-03-25T10:18:51.874672725Z"}
{"log":"INFO [03-25|10:18:54.513] Imported new chain segment               blocks=1     txs=0     mgas=0.000   elapsed=463.561µs mgasps=0.000    number=2406655 hash=79472e…54c5dd dirty=690.69MiB\n","stream":"stderr","time":"2020-03-25T10:18:54.513957117Z"}
{"log":"INFO [03-25|10:18:54.534] Chain reorg detected                     number=2406654 hash=aa7553…eb3bca drop=1 dropfrom=a6c427…fbe4fd add=1 addfrom=e2a223…4e4c18\n","stream":"stderr","time":"2020-03-25T10:18:54.536810191Z"}
{"log":"INFO [03-25|10:18:54.535] Imported new chain segment               blocks=1     txs=1     mgas=0.045   elapsed=3.105ms   mgasps=14.471   number=2406655 hash=e2a223…4e4c18 dirty=690.70MiB\n","stream":"stderr","time":"2020-03-25T10:18:54.536878378Z"}
{"log":"INFO [03-25|10:19:07.759] Chain reorg detected                     number=2406654 hash=aa7553…eb3bca drop=1 dropfrom=e2a223…4e4c18 add=2 addfrom=be16c2…df181c\n","stream":"stderr","time":"2020-03-25T10:19:07.760148281Z"}
{"log":"INFO [03-25|10:19:07.760] Imported new chain segment               blocks=1     txs=1     mgas=0.045   elapsed=2.811ms   mgasps=15.982   number=2406656 hash=be16c2…df181c dirty=690.68MiB\n","stream":"stderr","time":"2020-03-25T10:19:07.760605608Z"}
{"log":"INFO [03-25|10:19:08.400] Imported new chain segment               blocks=1     txs=2     mgas=0.130   elapsed=3.202ms   mgasps=40.600   number=2406656 hash=ffb89a…2022bb dirty=690.70MiB\n","stream":"stderr","time":"2020-03-25T10:19:08.400998814Z"}
{"log":"INFO [03-25|10:19:08.409] Chain reorg detected                     number=2406655 hash=a6c427…fbe4fd drop=1 dropfrom=be16c2…df181c add=1 addfrom=e1152d…ce0bde\n","stream":"stderr","time":"2020-03-25T10:19:08.409649553Z"}
{"log":"INFO [03-25|10:19:08.409] Imported new chain segment               blocks=1     txs=1     mgas=0.045   elapsed=1.739ms   mgasps=25.829   number=2406656 hash=e1152d…ce0bde dirty=690.70MiB\n","stream":"stderr","time":"2020-03-25T10:19:08.409988539Z"}
{"log":"INFO [03-25|10:19:21.419] Chain reorg detected                     number=2406655 hash=a6c427…fbe4fd drop=1 dropfrom=e1152d…ce0bde add=2 addfrom=200876…f0f57f\n","stream":"stderr","time":"2020-03-25T10:19:21.419981829Z"}
{"log":"INFO [03-25|10:19:21.420] Imported new chain segment               blocks=1     txs=1     mgas=0.045   elapsed=2.374ms   mgasps=18.922   number=2406657 hash=200876…f0f57f dirty=690.68MiB\n","stream":"stderr","time":"2020-03-25T10:19:21.42042606Z"}
{"log":"INFO [03-25|10:19:21.778] Imported new chain segment               blocks=1     txs=2     mgas=0.130   elapsed=3.158ms   mgasps=41.160   number=2406657 hash=157c40…8862b3 dirty=690.69MiB\n","stream":"stderr","time":"2020-03-25T10:19:21.778670884Z"}
{"log":"INFO [03-25|10:19:22.955] Deep froze chain segment                 blocks=4     elapsed=52.523ms  number=2316656 hash=c2817d…b330ab\n","stream":"stderr","time":"2020-03-25T10:19:22.955524372Z"}
{"log":"INFO [03-25|10:19:25.236] Imported new chain segment               blocks=1     txs=1     mgas=0.085   elapsed=1.746ms   mgasps=48.704   number=2406657 hash=0912b0…b452d6 dirty=690.69MiB\n","stream":"stderr","time":"2020-03-25T10:19:25.236504369Z"}
{"log":"INFO [03-25|10:19:36.102] Imported new chain segment               blocks=1     txs=1     mgas=0.085   elapsed=5.844ms   mgasps=14.558   number=2406658 hash=091a19…fc202b dirty=690.69MiB\n","stream":"stderr","time":"2020-03-25T10:19:36.1023677Z"}
{"log":"INFO [03-25|10:19:53.004] Imported new chain segment               blocks=1     txs=2     mgas=0.570   elapsed=17.070ms  mgasps=33.397   number=2406659 hash=b473d6…66a5fa dirty=690.72MiB\n","stream":"stderr","time":"2020-03-25T10:19:53.004575203Z"}
{"log":"INFO [03-25|10:19:53.715] Chain reorg detected                     number=2406658 hash=091a19…fc202b drop=1 dropfrom=b473d6…66a5fa add=1 addfrom=ae066d…81943f\n","stream":"stderr","time":"2020-03-25T10:19:53.715597215Z"}
{"log":"INFO [03-25|10:19:53.715] Imported new chain segment               blocks=1     txs=2     mgas=0.570   elapsed=18.393ms  mgasps=30.994   number=2406659 hash=ae066d…81943f dirty=690.72MiB\n","stream":"stderr","time":"2020-03-25T10:19:53.715880154Z"}
{"log":"INFO [03-25|10:20:00.341] Chain reorg detected                     number=2406658 hash=091a19…fc202b drop=1 dropfrom=ae066d…81943f add=1 addfrom=c7d634…ac2f6c\n","stream":"stderr","time":"2020-03-25T10:20:00.34199183Z"}
{"log":"INFO [03-25|10:20:00.342] Imported new chain segment               blocks=1     txs=2     mgas=0.570   elapsed=14.482ms  mgasps=39.365   number=2406659 hash=c7d634…ac2f6c dirty=690.72MiB\n","stream":"stderr","time":"2020-03-25T10:20:00.342164637Z"}
{"log":"INFO [03-25|10:20:06.427] Chain reorg detected                     number=2406658 hash=091a19…fc202b drop=1 dropfrom=c7d634…ac2f6c add=2 addfrom=c1de19…c1212c\n","stream":"stderr","time":"2020-03-25T10:20:06.427383678Z"}
{"log":"INFO [03-25|10:20:06.427] Imported new chain segment               blocks=1     txs=2     mgas=0.170   elapsed=7.387ms   mgasps=23.031   number=2406660 hash=c1de19…c1212c dirty=690.63MiB\n","stream":"stderr","time":"2020-03-25T10:20:06.427983125Z"}
{"log":"INFO [03-25|10:20:21.110] Imported new chain segment               blocks=1     txs=3     mgas=0.197   elapsed=5.207ms   mgasps=37.843   number=2406661 hash=d5d309…470168 dirty=690.65MiB\n","stream":"stderr","time":"2020-03-25T10:20:21.111099413Z"}
{"log":"INFO [03-25|10:20:22.985] Deep froze chain segment                 blocks=4     elapsed=29.497ms  number=2316660 hash=44dc14…c0ac25\n","stream":"stderr","time":"2020-03-25T10:20:22.985423085Z"}
{"log":"INFO [03-25|10:20:36.530] Imported new chain segment               blocks=1     txs=0     mgas=0.000   elapsed=708.662µs mgasps=0.000    number=2406662 hash=9a521a…7a5a26 dirty=690.64MiB\n","stream":"stderr","time":"2020-03-25T10:20:36.530461344Z"}
{"log":"INFO [03-25|10:20:36.660] Imported new chain segment               blocks=1     txs=6     mgas=3.188   elapsed=37.594ms  mgasps=84.808   number=2406662 hash=e6d550…09a248 dirty=690.90MiB\n","stream":"stderr","time":"2020-03-25T10:20:36.660751444Z"}
{"log":"INFO [03-25|10:20:37.877] Imported new chain segment               blocks=1     txs=5     mgas=3.276   elapsed=46.329ms  mgasps=70.710   number=2406662 hash=47c4be…eba7b4 dirty=690.92MiB\n","stream":"stderr","time":"2020-03-25T10:20:37.877777342Z"}
{"log":"INFO [03-25|10:20:37.879] Imported new chain segment               blocks=1     txs=0     mgas=0.000   elapsed=381.445µs mgasps=0.000    number=2406662 hash=621e42…7cd458 dirty=690.92MiB\n","stream":"stderr","time":"2020-03-25T10:20:37.879308137Z"}
{"log":"INFO [03-25|10:20:52.330] Imported new chain segment               blocks=1     txs=6     mgas=3.321   elapsed=26.310ms  mgasps=126.227  number=2406663 hash=e72614…9d5426 dirty=690.93MiB\n","stream":"stderr","time":"2020-03-25T10:20:52.330756523Z"}
{"log":"INFO [03-25|10:21:06.184] Imported new chain segment               blocks=1     txs=4     mgas=1.295   elapsed=12.694ms  mgasps=102.030  number=2406664 hash=03facd…41636e dirty=691.01MiB\n","stream":"stderr","time":"2020-03-25T10:21:06.184827724Z"}
{"log":"INFO [03-25|10:21:21.694] Imported new chain segment               blocks=1     txs=2     mgas=0.479   elapsed=15.355ms  mgasps=31.185   number=2406665 hash=f310d6…948de0 dirty=691.01MiB\n","stream":"stderr","time":"2020-03-25T10:21:21.694348735Z"}
{"log":"INFO [03-25|10:21:23.018] Deep froze chain segment                 blocks=4     elapsed=33.106ms  number=2316664 hash=bdf913…9179f9\n","stream":"stderr","time":"2020-03-25T10:21:23.019001875Z"}
{"log":"INFO [03-25|10:21:36.088] Imported new chain segment               blocks=1     txs=0     mgas=0.000   elapsed=867.707µs mgasps=0.000    number=2406666 hash=dff121…7353a6 dirty=691.01MiB\n","stream":"stderr","time":"2020-03-25T10:21:36.08916445Z"}
{"log":"INFO [03-25|10:21:51.129] Imported new chain segment               blocks=1     txs=3     mgas=0.246   elapsed=6.873ms   mgasps=35.730   number=2406667 hash=0a5ce0…6ef425 dirty=691.03MiB\n","stream":"stderr","time":"2020-03-25T10:21:51.129191009Z"}
{"log":"INFO [03-25|10:21:51.651] Imported new chain segment               blocks=1     txs=2     mgas=0.157   elapsed=4.729ms   mgasps=33.193   number=2406667 hash=46d885…d0362f dirty=691.03MiB\n","stream":"stderr","time":"2020-03-25T10:21:51.651733711Z"}
{"log":"INFO [03-25|10:21:51.691] Imported new chain segment               blocks=1     txs=1     mgas=0.046   elapsed=1.045ms   mgasps=43.937   number=2406667 hash=107996…1254c4 dirty=691.03MiB\n","stream":"stderr","time":"2020-03-25T10:21:51.691754084Z"}
{"log":"INFO [03-25|10:22:07.108] Imported new chain segment               blocks=1     txs=1     mgas=0.433   elapsed=13.453ms  mgasps=32.204   number=2406668 hash=7c5f37…9974af dirty=691.05MiB\n","stream":"stderr","time":"2020-03-25T10:22:07.108222014Z"}
{"log":"INFO [03-25|10:22:11.964] Imported new chain segment               blocks=1     txs=2     mgas=0.478   elapsed=17.446ms  mgasps=27.402   number=2406668 hash=b9e12c…899829 dirty=691.06MiB\n","stream":"stderr","time":"2020-03-25T10:22:11.964313534Z"}
{"log":"INFO [03-25|10:22:21.938] Imported new chain segment               blocks=1     txs=1     mgas=0.045   elapsed=2.158ms   mgasps=20.769   number=2406669 hash=055a42…97e8f7 dirty=691.04MiB\n","stream":"stderr","time":"2020-03-25T10:22:21.938275598Z"}
{"log":"INFO [03-25|10:22:23.048] Deep froze chain segment                 blocks=4     elapsed=28.856ms  number=2316668 hash=4d7491…48cc44\n","stream":"stderr","time":"2020-03-25T10:22:23.048252827Z"}
{"log":"INFO [03-25|10:22:36.143] Imported new chain segment               blocks=1     txs=0     mgas=0.000   elapsed=4.835ms   mgasps=0.000    number=2406670 hash=f0c10e…157041 dirty=690.81MiB\n","stream":"stderr","time":"2020-03-25T10:22:36.144009898Z"}
{"log":"INFO [03-25|10:22:52.835] Imported new chain segment               blocks=1     txs=2     mgas=0.479   elapsed=19.394ms  mgasps=24.679   number=2406671 hash=c26c49…bd8314 dirty=690.79MiB\n","stream":"stderr","time":"2020-03-25T10:22:52.83536668Z"}
{"log":"INFO [03-25|10:22:57.647] Chain reorg detected                     number=2406670 hash=f0c10e…157041 drop=1 dropfrom=c26c49…bd8314 add=1 addfrom=35bf6d…5b5669\n","stream":"stderr","time":"2020-03-25T10:22:57.647547271Z"}
{"log":"INFO [03-25|10:22:57.647] Imported new chain segment               blocks=1     txs=2     mgas=0.479   elapsed=17.979ms  mgasps=26.621   number=2406671 hash=35bf6d…5b5669 dirty=690.79MiB\n","stream":"stderr","time":"2020-03-25T10:22:57.64782939Z"}
{"log":"INFO [03-25|10:23:06.442] Imported new chain segment               blocks=1     txs=3     mgas=0.252   elapsed=9.042ms   mgasps=27.867   number=2406672 hash=28019e…32e0d9 dirty=690.80MiB\n","stream":"stderr","time":"2020-03-25T10:23:06.445067258Z"}
{"log":"INFO [03-25|10:23:22.249] Imported new chain segment               blocks=1     txs=2     mgas=0.101   elapsed=3.008ms   mgasps=33.699   number=2406673 hash=6ec6ba…43b7b8 dirty=690.79MiB\n","stream":"stderr","time":"2020-03-25T10:23:22.249637519Z"}
{"log":"INFO [03-25|10:23:23.087] Deep froze chain segment                 blocks=4     elapsed=39.202ms  number=2316672 hash=709514…f34d31\n","stream":"stderr","time":"2020-03-25T10:23:23.0879222Z"}
{"log":"INFO [03-25|10:23:36.193] Imported new chain segment               blocks=1     txs=1     mgas=0.046   elapsed=1.951ms   mgasps=23.394   number=2406674 hash=84239b…f7ae76 dirty=690.77MiB\n","stream":"stderr","time":"2020-03-25T10:23:36.194352358Z"}
{"log":"INFO [03-25|10:23:38.433] Imported new chain segment               blocks=1     txs=1     mgas=0.046   elapsed=1.870ms   mgasps=24.404   number=2406674 hash=13ca63…3ab83f dirty=690.78MiB\n","stream":"stderr","time":"2020-03-25T10:23:38.433208177Z"}
{"log":"INFO [03-25|10:23:51.054] Imported new chain segment               blocks=1     txs=1     mgas=0.046   elapsed=1.808ms   mgasps=25.227   number=2406675 hash=7528a6…12a661 dirty=690.79MiB\n","stream":"stderr","time":"2020-03-25T10:23:51.054452357Z"}
{"log":"INFO [03-25|10:23:52.705] Imported new chain segment               blocks=1     txs=0     mgas=0.000   elapsed=273.656µs mgasps=0.000    number=2406675 hash=e9e9c4…2d6088 dirty=690.79MiB\n","stream":"stderr","time":"2020-03-25T10:23:52.705777124Z"}
{"log":"INFO [03-25|10:24:06.127] Imported new chain segment               blocks=1     txs=0     mgas=0.000   elapsed=424.297µs mgasps=0.000    number=2406676 hash=46c22c…4c5f13 dirty=690.79MiB\n","stream":"stderr","time":"2020-03-25T10:24:06.127895073Z"}
{"log":"INFO [03-25|10:24:09.212] Imported new chain segment               blocks=1     txs=0     mgas=0.000   elapsed=393.696µs mgasps=0.000    number=2406676 hash=983947…a3b9c6 dirty=690.79MiB\n","stream":"stderr","time":"2020-03-25T10:24:09.213166431Z"}
{"log":"INFO [03-25|10:24:21.126] Chain reorg detected                     number=2406675 hash=7528a6…12a661 drop=1 dropfrom=46c22c…4c5f13 add=2 addfrom=a43957…98a8c9\n","stream":"stderr","time":"2020-03-25T10:24:21.126500242Z"}
{"log":"INFO [03-25|10:24:21.127] Imported new chain segment               blocks=1     txs=25    mgas=0.640   elapsed=19.231ms  mgasps=33.254   number=2406677 hash=a43957…98a8c9 dirty=690.86MiB\n","stream":"stderr","time":"2020-03-25T10:24:21.127301034Z"}
{"log":"INFO [03-25|10:24:22.104] Imported new chain segment               blocks=1     txs=25    mgas=0.640   elapsed=8.466ms   mgasps=75.534   number=2406677 hash=499489…63f7c9 dirty=690.86MiB\n","stream":"stderr","time":"2020-03-25T10:24:22.105062712Z"}
{"log":"INFO [03-25|10:24:22.184] Chain reorg detected                     number=2406675 hash=7528a6…12a661 drop=2 dropfrom=a43957…98a8c9 add=2 addfrom=08258a…4b4200\n","stream":"stderr","time":"2020-03-25T10:24:22.184920766Z"}
{"log":"INFO [03-25|10:24:22.185] Imported new chain segment               blocks=1     txs=25    mgas=0.640   elapsed=9.941ms   mgasps=64.327   number=2406677 hash=08258a…4b4200 dirty=690.87MiB\n","stream":"stderr","time":"2020-03-25T10:24:22.185610319Z"}
{"log":"INFO [03-25|10:24:23.128] Deep froze chain segment                 blocks=4     elapsed=40.447ms  number=2316676 hash=b72a73…9e8ff6\n","stream":"stderr","time":"2020-03-25T10:24:23.12889819Z"}
{"log":"INFO [03-25|10:24:36.503] Imported new chain segment               blocks=1     txs=2     mgas=0.583   elapsed=11.775ms  mgasps=49.472   number=2406678 hash=9287fc…955ee8 dirty=690.88MiB\n","stream":"stderr","time":"2020-03-25T10:24:36.504034305Z"}
{"log":"INFO [03-25|10:24:42.677] Imported new chain segment               blocks=1     txs=3     mgas=0.628   elapsed=25.707ms  mgasps=24.430   number=2406678 hash=4fd993…f5838e dirty=690.89MiB\n","stream":"stderr","time":"2020-03-25T10:24:42.677460773Z"}
{"log":"INFO [03-25|10:24:51.944] Imported new chain segment               blocks=1     txs=1     mgas=0.046   elapsed=1.847ms   mgasps=24.627   number=2406679 hash=76b1dd…e2020e dirty=690.89MiB\n","stream":"stderr","time":"2020-03-25T10:24:51.944253128Z"}
{"log":"INFO [03-25|10:25:06.473] Imported new chain segment               blocks=1     txs=1     mgas=0.433   elapsed=16.039ms  mgasps=27.011   number=2406680 hash=e93462…0935a7 dirty=690.90MiB\n","stream":"stderr","time":"2020-03-25T10:25:06.473709959Z"}
{"log":"INFO [03-25|10:25:21.613] Imported new chain segment               blocks=1     txs=1     mgas=0.046   elapsed=2.363ms   mgasps=19.453   number=2406681 hash=3631a2…95d30a dirty=690.88MiB\n","stream":"stderr","time":"2020-03-25T10:25:21.61329155Z"}
{"log":"INFO [03-25|10:25:23.161] Deep froze chain segment                 blocks=4     elapsed=32.155ms  number=2316680 hash=4886a0…efb5c0\n","stream":"stderr","time":"2020-03-25T10:25:23.161437788Z"}
{"log":"INFO [03-25|10:25:36.724] Imported new chain segment               blocks=1     txs=0     mgas=0.000   elapsed=522.818µs mgasps=0.000    number=2406682 hash=b7259c…fcbf73 dirty=690.88MiB\n","stream":"stderr","time":"2020-03-25T10:25:36.724311705Z"}
{"log":"INFO [03-25|10:25:36.795] Imported new chain segment               blocks=1     txs=6     mgas=1.783   elapsed=20.993ms  mgasps=84.919   number=2406682 hash=283a4b…6c0935 dirty=690.99MiB\n","stream":"stderr","time":"2020-03-25T10:25:36.795948603Z"}
{"log":"INFO [03-25|10:25:52.450] Imported new chain segment               blocks=1     txs=9     mgas=5.427   elapsed=88.430ms  mgasps=61.373   number=2406683 hash=513293…ae7450 dirty=691.22MiB\n","stream":"stderr","time":"2020-03-25T10:25:52.450741239Z"}
{"log":"INFO [03-25|10:25:52.479] Chain reorg detected                     number=2406682 hash=b7259c…fcbf73 drop=1 dropfrom=513293…ae7450 add=1 addfrom=2265cf…54da46\n","stream":"stderr","time":"2020-03-25T10:25:52.47970495Z"}
{"log":"INFO [03-25|10:25:52.480] Imported new chain segment               blocks=1     txs=3     mgas=1.410   elapsed=29.061ms  mgasps=48.513   number=2406683 hash=2265cf…54da46 dirty=691.23MiB\n","stream":"stderr","time":"2020-03-25T10:25:52.480641274Z"}
{"log":"INFO [03-25|10:25:59.158] Imported new chain segment               blocks=1     txs=4     mgas=3.690   elapsed=65.763ms  mgasps=56.108   number=2406683 hash=bf1407…df0b55 dirty=691.25MiB\n","stream":"stderr","time":"2020-03-25T10:25:59.158348943Z"}
{"log":"INFO [03-25|10:26:06.588] Chain reorg detected                     number=2406682 hash=b7259c…fcbf73 drop=1 dropfrom=2265cf…54da46 add=2 addfrom=8702a2…3fdfe4\n","stream":"stderr","time":"2020-03-25T10:26:06.589107517Z"}
{"log":"INFO [03-25|10:26:06.589] Imported new chain segment               blocks=1     txs=0     mgas=0.000   elapsed=2.168ms   mgasps=0.000    number=2406684 hash=8702a2…3fdfe4 dirty=691.22MiB\n","stream":"stderr","time":"2020-03-25T10:26:06.590071854Z"}
{"log":"INFO [03-25|10:26:22.281] Imported new chain segment               blocks=1     txs=1     mgas=0.046   elapsed=1.960ms   mgasps=23.451   number=2406685 hash=7e310a…5fa528 dirty=691.23MiB\n","stream":"stderr","time":"2020-03-25T10:26:22.281983273Z"}
{"log":"INFO [03-25|10:26:22.954] Imported new chain segment               blocks=1     txs=0     mgas=0.000   elapsed=397.049µs mgasps=0.000    number=2406685 hash=ed4f5b…1f80d2 dirty=691.23MiB\n","stream":"stderr","time":"2020-03-25T10:26:22.954259733Z"}
{"log":"INFO [03-25|10:26:23.198] Deep froze chain segment                 blocks=4     elapsed=37.191ms  number=2316684 hash=ecaf6e…c277db\n","stream":"stderr","time":"2020-03-25T10:26:23.198860328Z"}
{"log":"INFO [03-25|10:26:36.079] Chain reorg detected                     number=2406684 hash=8702a2…3fdfe4 drop=1 dropfrom=7e310a…5fa528 add=2 addfrom=afcc5f…fbc254\n","stream":"stderr","time":"2020-03-25T10:26:36.079853008Z"}
{"log":"INFO [03-25|10:26:36.080] Imported new chain segment               blocks=1     txs=4     mgas=0.631   elapsed=15.700ms  mgasps=40.181   number=2406686 hash=afcc5f…fbc254 dirty=691.25MiB\n","stream":"stderr","time":"2020-03-25T10:26:36.080118971Z"}
{"log":"INFO [03-25|10:26:39.820] Imported new chain segment               blocks=1     txs=0     mgas=0.000   elapsed=448.742µs mgasps=0.000    number=2406686 hash=11472f…3d5d3c dirty=691.25MiB\n","stream":"stderr","time":"2020-03-25T10:26:39.821017468Z"}
{"log":"INFO [03-25|10:26:40.030] Imported new chain segment               blocks=1     txs=1     mgas=0.056   elapsed=1.756ms   mgasps=31.736   number=2406686 hash=4359f9…2c71b2 dirty=691.25MiB\n","stream":"stderr","time":"2020-03-25T10:26:40.030709487Z"}
{"log":"INFO [03-25|10:26:40.200] Imported new chain segment               blocks=1     txs=1     mgas=0.046   elapsed=1.835ms   mgasps=25.053   number=2406685 hash=a0bacf…abdf01 dirty=691.25MiB\n","stream":"stderr","time":"2020-03-25T10:26:40.201022058Z"}
{"log":"INFO [03-25|10:26:42.401] Imported new chain segment               blocks=1     txs=3     mgas=0.585   elapsed=18.287ms  mgasps=31.982   number=2406686 hash=84a87d…c473f9 dirty=691.26MiB\n","stream":"stderr","time":"2020-03-25T10:26:42.401557909Z"}
{"log":"INFO [03-25|10:26:51.096] Imported new chain segment               blocks=1     txs=1     mgas=0.045   elapsed=2.417ms   mgasps=18.759   number=2406687 hash=c8079b…65956c dirty=691.24MiB\n","stream":"stderr","time":"2020-03-25T10:26:51.09665777Z"}
{"log":"INFO [03-25|10:26:53.374] Imported new chain segment               blocks=1     txs=1     mgas=0.045   elapsed=1.667ms   mgasps=27.190   number=2406687 hash=592ef3…f6c30d dirty=691.25MiB\n","stream":"stderr","time":"2020-03-25T10:26:53.374711771Z"}
{"log":"INFO [03-25|10:27:06.436] Imported new chain segment               blocks=1     txs=0     mgas=0.000   elapsed=571.886µs mgasps=0.000    number=2406688 hash=74ba30…d67ad3 dirty=691.25MiB\n","stream":"stderr","time":"2020-03-25T10:27:06.436972233Z"}
{"log":"INFO [03-25|10:27:06.553] Imported new chain segment               blocks=1     txs=1     mgas=0.045   elapsed=2.393ms   mgasps=18.791   number=2406688 hash=804093…8335b2 dirty=691.26MiB\n","stream":"stderr","time":"2020-03-25T10:27:06.55422561Z"}
{"log":"INFO [03-25|10:27:23.134] Chain reorg detected                     number=2406687 hash=c8079b…65956c drop=1 dropfrom=74ba30…d67ad3 add=2 addfrom=ef7055…74ba70\n","stream":"stderr","time":"2020-03-25T10:27:23.134474842Z"}
{"log":"INFO [03-25|10:27:23.134] Imported new chain segment               blocks=1     txs=2     mgas=0.484   elapsed=24.117ms  mgasps=20.078   number=2406689 hash=ef7055…74ba70 dirty=691.28MiB\n","stream":"stderr","time":"2020-03-25T10:27:23.135166507Z"}
{"log":"INFO [03-25|10:27:23.270] Deep froze chain segment                 blocks=4     elapsed=71.053ms  number=2316688 hash=bcd984…cb73f8\n","stream":"stderr","time":"2020-03-25T10:27:23.270288198Z"}
{"log":"INFO [03-25|10:27:23.914] Imported new chain segment               blocks=1     txs=3     mgas=0.529   elapsed=17.539ms  mgasps=30.172   number=2406689 hash=34eb13…f1d41c dirty=691.29MiB\n","stream":"stderr","time":"2020-03-25T10:27:23.915174583Z"}
{"log":"INFO [03-25|10:27:28.803] Imported new chain segment               blocks=1     txs=3     mgas=0.529   elapsed=17.831ms  mgasps=29.677   number=2406689 hash=05e712…e559c0 dirty=691.29MiB\n","stream":"stderr","time":"2020-03-25T10:27:28.803659168Z"}
{"log":"INFO [03-25|10:27:37.974] Chain reorg detected                     number=2406687 hash=c8079b…65956c drop=2 dropfrom=ef7055…74ba70 add=3 addfrom=d76fbe…590b1b\n","stream":"stderr","time":"2020-03-25T10:27:37.974500741Z"}
{"log":"INFO [03-25|10:27:37.974] Imported new chain segment               blocks=1     txs=0     mgas=0.000   elapsed=2.864ms   mgasps=0.000    number=2406690 hash=d76fbe…590b1b dirty=691.19MiB\n","stream":"stderr","time":"2020-03-25T10:27:37.975078046Z"}
{"log":"INFO [03-25|10:27:51.108] Imported new chain segment               blocks=1     txs=1     mgas=0.045   elapsed=1.298ms   mgasps=34.640   number=2406691 hash=d6ff7f…3cfae8 dirty=691.19MiB\n","stream":"stderr","time":"2020-03-25T10:27:51.108811489Z"}
{"log":"INFO [03-25|10:27:52.524] Imported new chain segment               blocks=1     txs=1     mgas=0.045   elapsed=1.118ms   mgasps=40.218   number=2406691 hash=174c8b…c5ebf3 dirty=691.20MiB\n","stream":"stderr","time":"2020-03-25T10:27:52.526069078Z"}
{"log":"INFO [03-25|10:28:06.923] Imported new chain segment               blocks=1     txs=7     mgas=2.071   elapsed=17.888ms  mgasps=115.767  number=2406692 hash=4fbe36…42002a dirty=691.31MiB\n","stream":"stderr","time":"2020-03-25T10:28:06.923696936Z"}
{"log":"INFO [03-25|10:28:08.516] Imported new chain segment               blocks=1     txs=1     mgas=0.039   elapsed=1.237ms   mgasps=31.813   number=2406692 hash=81c145…9c86c1 dirty=691.31MiB\n","stream":"stderr","time":"2020-03-25T10:28:08.516389114Z"}
{"log":"INFO [03-25|10:28:08.568] Chain reorg detected                     number=2406691 hash=d6ff7f…3cfae8 drop=1 dropfrom=4fbe36…42002a add=1 addfrom=aa6151…2fb6a4\n","stream":"stderr","time":"2020-03-25T10:28:08.568983683Z"}
{"log":"INFO [03-25|10:28:08.569] Imported new chain segment               blocks=1     txs=6     mgas=2.025   elapsed=24.094ms  mgasps=84.066   number=2406692 hash=aa6151…2fb6a4 dirty=691.32MiB\n","stream":"stderr","time":"2020-03-25T10:28:08.569760963Z"}
{"log":"INFO [03-25|10:28:21.955] Imported new chain segment               blocks=1     txs=1     mgas=0.045   elapsed=3.462ms   mgasps=13.113   number=2406693 hash=51994b…4f8cb1 dirty=691.30MiB\n","stream":"stderr","time":"2020-03-25T10:28:21.955401328Z"}
{"log":"INFO [03-25|10:28:22.828] Imported new chain segment               blocks=1     txs=0     mgas=0.000   elapsed=341.886µs mgasps=0.000    number=2406693 hash=8bd5c2…cdeafa dirty=691.30MiB\n","stream":"stderr","time":"2020-03-25T10:28:22.828884522Z"}
{"log":"INFO [03-25|10:28:23.293] Deep froze chain segment                 blocks=4     elapsed=23.450ms  number=2316692 hash=eecf51…94083a\n","stream":"stderr","time":"2020-03-25T10:28:23.294009206Z"}
{"log":"INFO [03-25|10:28:36.148] Imported new chain segment               blocks=1     txs=1     mgas=0.045   elapsed=1.965ms   mgasps=22.868   number=2406694 hash=42fe5e…13b64c dirty=691.31MiB\n","stream":"stderr","time":"2020-03-25T10:28:36.148951547Z"}
{"log":"INFO [03-25|10:28:36.150] Chain reorg detected                     number=2406693 hash=51994b…4f8cb1 drop=1 dropfrom=42fe5e…13b64c add=1 addfrom=832192…a25825\n","stream":"stderr","time":"2020-03-25T10:28:36.150660434Z"}
{"log":"INFO [03-25|10:28:36.150] Imported new chain segment               blocks=1     txs=1     mgas=0.045   elapsed=1.855ms   mgasps=24.222   number=2406694 hash=832192…a25825 dirty=691.31MiB\n","stream":"stderr","time":"2020-03-25T10:28:36.151021811Z"}
{"log":"INFO [03-25|10:28:52.288] Imported new chain segment               blocks=1     txs=1     mgas=0.111   elapsed=4.220ms   mgasps=26.311   number=2406695 hash=1b62e2…74b2b9 dirty=691.33MiB\n","stream":"stderr","time":"2020-03-25T10:28:52.288608505Z"}
{"log":"INFO [03-25|10:29:07.031] Imported new chain segment               blocks=1     txs=1     mgas=0.045   elapsed=1.215ms   mgasps=36.980   number=2406696 hash=0a1004…de5156 dirty=691.34MiB\n","stream":"stderr","time":"2020-03-25T10:29:07.031484372Z"}
{"log":"INFO [03-25|10:29:07.138] Imported new chain segment               blocks=1     txs=1     mgas=0.045   elapsed=1.460ms   mgasps=30.775   number=2406696 hash=904b46…58d915 dirty=691.34MiB\n","stream":"stderr","time":"2020-03-25T10:29:07.138587662Z"}
{"log":"INFO [03-25|10:29:22.776] Imported new chain segment               blocks=1     txs=0     mgas=0.000   elapsed=1.416ms   mgasps=0.000    number=2406697 hash=aa2827…a2f8e0 dirty=691.31MiB\n","stream":"stderr","time":"2020-03-25T10:29:22.777022885Z"}
{"log":"INFO [03-25|10:29:23.339] Deep froze chain segment                 blocks=4     elapsed=44.834ms  number=2316696 hash=8bcbe6…b2865f\n","stream":"stderr","time":"2020-03-25T10:29:23.33930776Z"}
{"log":"INFO [03-25|10:29:36.126] Imported new chain segment               blocks=1     txs=2     mgas=0.533   elapsed=18.812ms  mgasps=28.311   number=2406698 hash=2d3a84…242848 dirty=691.31MiB\n","stream":"stderr","time":"2020-03-25T10:29:36.126992694Z"}
{"log":"INFO [03-25|10:29:37.270] Imported new chain segment               blocks=1     txs=1     mgas=0.046   elapsed=1.507ms   mgasps=30.495   number=2406698 hash=3b57f0…fceb78 dirty=691.32MiB\n","stream":"stderr","time":"2020-03-25T10:29:37.270588148Z"}
{"log":"INFO [03-25|10:29:43.061] Imported new chain segment               blocks=1     txs=3     mgas=0.588   elapsed=18.242ms  mgasps=32.252   number=2406698 hash=ebcec8…3ec0b6 dirty=691.33MiB\n","stream":"stderr","time":"2020-03-25T10:29:43.061556191Z"}
{"log":"INFO [03-25|10:29:51.785] Imported new chain segment               blocks=1     txs=2     mgas=0.101   elapsed=3.451ms   mgasps=29.327   number=2406699 hash=b0de45…ee7f66 dirty=691.31MiB\n","stream":"stderr","time":"2020-03-25T10:29:51.785904756Z"}
{"log":"INFO [03-25|10:29:51.977] Chain reorg detected                     number=2406698 hash=2d3a84…242848 drop=1 dropfrom=b0de45…ee7f66 add=1 addfrom=0ce2a1…96d960\n","stream":"stderr","time":"2020-03-25T10:29:51.978131422Z"}
{"log":"INFO [03-25|10:29:51.977] Imported new chain segment               blocks=1     txs=0     mgas=0.000   elapsed=730.657µs mgasps=0.000    number=2406699 hash=0ce2a1…96d960 dirty=691.31MiB\n","stream":"stderr","time":"2020-03-25T10:29:51.978161734Z"}
{"log":"INFO [03-25|10:29:52.025] Chain reorg detected                     number=2406698 hash=2d3a84…242848 drop=1 dropfrom=0ce2a1…96d960 add=1 addfrom=31f162…2ef961\n","stream":"stderr","time":"2020-03-25T10:29:52.026145684Z"}
{"log":"INFO [03-25|10:29:52.026] Imported new chain segment               blocks=1     txs=1     mgas=0.056   elapsed=1.842ms   mgasps=30.257   number=2406699 hash=31f162…2ef961 dirty=691.31MiB\n","stream":"stderr","time":"2020-03-25T10:29:52.026351753Z"}
{"log":"INFO [03-25|10:30:06.570] Chain reorg detected                     number=2406698 hash=2d3a84…242848 drop=1 dropfrom=31f162…2ef961 add=2 addfrom=4d6518…9465ef\n","stream":"stderr","time":"2020-03-25T10:30:06.570565567Z"}
{"log":"INFO [03-25|10:30:06.570] Imported new chain segment               blocks=1     txs=2     mgas=0.101   elapsed=4.377ms   mgasps=23.120   number=2406700 hash=4d6518…9465ef dirty=691.21MiB\n","stream":"stderr","time":"2020-03-25T10:30:06.571007116Z"}
{"log":"INFO [03-25|10:30:07.947] Imported new chain segment               blocks=1     txs=0     mgas=0.000   elapsed=358.423µs mgasps=0.000    number=2406700 hash=b6302b…56970b dirty=691.21MiB\n","stream":"stderr","time":"2020-03-25T10:30:07.947572298Z"}
{"log":"INFO [03-25|10:30:21.732] Imported new chain segment               blocks=1     txs=2     mgas=0.478   elapsed=19.613ms  mgasps=24.381   number=2406701 hash=1e244f…457c57 dirty=691.14MiB\n","stream":"stderr","time":"2020-03-25T10:30:21.733179771Z"}
{"log":"INFO [03-25|10:30:23.377] Deep froze chain segment                 blocks=4     elapsed=37.663ms  number=2316700 hash=b4bebf…4a79d5\n","stream":"stderr","time":"2020-03-25T10:30:23.377506303Z"}
{"log":"INFO [03-25|10:30:26.518] Chain reorg detected                     number=2406700 hash=4d6518…9465ef drop=1 dropfrom=1e244f…457c57 add=1 addfrom=9a94a6…68a532\n","stream":"stderr","time":"2020-03-25T10:30:26.519152078Z"}
{"log":"INFO [03-25|10:30:26.519] Imported new chain segment               blocks=1     txs=2     mgas=0.478   elapsed=21.826ms  mgasps=21.909   number=2406701 hash=9a94a6…68a532 dirty=691.14MiB\n","stream":"stderr","time":"2020-03-25T10:30:26.519645384Z"}
{"log":"INFO [03-25|10:30:37.000] Imported new chain segment               blocks=1     txs=6     mgas=7.432   elapsed=48.483ms  mgasps=153.297  number=2406702 hash=5e48c9…899fdd dirty=691.80MiB\n","stream":"stderr","time":"2020-03-25T10:30:37.000653277Z"}
{"log":"INFO [03-25|10:30:37.200] Chain reorg detected                     number=2406701 hash=9a94a6…68a532 drop=1 dropfrom=5e48c9…899fdd add=1 addfrom=b4ed1a…609691\n","stream":"stderr","time":"2020-03-25T10:30:37.200876787Z"}
{"log":"INFO [03-25|10:30:37.201] Imported new chain segment               blocks=1     txs=5     mgas=7.387   elapsed=56.389ms  mgasps=130.995  number=2406702 hash=b4ed1a…609691 dirty=691.80MiB\n","stream":"stderr","time":"2020-03-25T10:30:37.201328196Z"}
{"log":"INFO [03-25|10:30:37.232] Chain reorg detected                     number=2406701 hash=9a94a6…68a532 drop=1 dropfrom=b4ed1a…609691 add=1 addfrom=51f22f…29006e\n","stream":"stderr","time":"2020-03-25T10:30:37.232797797Z"}
{"log":"INFO [03-25|10:30:37.233] Imported new chain segment               blocks=1     txs=1     mgas=3.716   elapsed=27.545ms  mgasps=134.914  number=2406702 hash=51f22f…29006e dirty=691.80MiB\n","stream":"stderr","time":"2020-03-25T10:30:37.233233593Z"}
{"log":"INFO [03-25|10:30:37.500] Imported new chain segment               blocks=1     txs=1     mgas=3.716   elapsed=25.451ms  mgasps=146.013  number=2406702 hash=cb7f6b…ef164a dirty=691.81MiB\n","stream":"stderr","time":"2020-03-25T10:30:37.501078767Z"}
{"log":"INFO [03-25|10:30:51.989] Imported new chain segment               blocks=1     txs=5     mgas=3.126   elapsed=25.900ms  mgasps=120.710  number=2406703 hash=db23d7…c9f58b dirty=691.86MiB\n","stream":"stderr","time":"2020-03-25T10:30:51.989209003Z"}
{"log":"INFO [03-25|10:30:53.200] Chain reorg detected                     number=2406702 hash=51f22f…29006e drop=1 dropfrom=db23d7…c9f58b add=1 addfrom=55cdb3…7cfb64\n","stream":"stderr","time":"2020-03-25T10:30:53.201188012Z"}
{"log":"INFO [03-25|10:30:53.201] Imported new chain segment               blocks=1     txs=5     mgas=3.716   elapsed=32.544ms  mgasps=114.183  number=2406703 hash=55cdb3…7cfb64 dirty=691.86MiB\n","stream":"stderr","time":"2020-03-25T10:30:53.201955083Z"}
{"log":"INFO [03-25|10:31:06.195] Imported new chain segment               blocks=1     txs=3     mgas=0.840   elapsed=22.598ms  mgasps=37.159   number=2406704 hash=03708a…b98dcf dirty=691.86MiB\n","stream":"stderr","time":"2020-03-25T10:31:06.195398855Z"}
{"log":"INFO [03-25|10:31:06.889] Chain reorg detected                     number=2406702 hash=51f22f…29006e drop=2 dropfrom=03708a…b98dcf add=2 addfrom=74f858…a91dc1\n","stream":"stderr","time":"2020-03-25T10:31:06.889754396Z"}
{"log":"INFO [03-25|10:31:06.890] Imported new chain segment               blocks=1     txs=2     mgas=1.387   elapsed=13.754ms  mgasps=100.819  number=2406704 hash=74f858…a91dc1 dirty=691.86MiB\n","stream":"stderr","time":"2020-03-25T10:31:06.890472057Z"}
{"log":"INFO [03-25|10:31:21.753] Chain reorg detected                     number=2406702 hash=51f22f…29006e drop=2 dropfrom=74f858…a91dc1 add=3 addfrom=f6d583…9c281a\n","stream":"stderr","time":"2020-03-25T10:31:21.753800104Z"}
{"log":"INFO [03-25|10:31:21.754] Imported new chain segment               blocks=1     txs=2     mgas=0.479   elapsed=17.453ms  mgasps=27.432   number=2406705 hash=f6d583…9c281a dirty=691.88MiB\n","stream":"stderr","time":"2020-03-25T10:31:21.755112654Z"}
{"log":"INFO [03-25|10:31:22.913] Imported new chain segment               blocks=1     txs=0     mgas=0.000   elapsed=294.454µs mgasps=0.000    number=2406705 hash=90738b…c53180 dirty=691.88MiB\n","stream":"stderr","time":"2020-03-25T10:31:22.91365179Z"}
{"log":"INFO [03-25|10:31:23.417] Deep froze chain segment                 blocks=4     elapsed=40.377ms  number=2316704 hash=0032da…61d5af\n","stream":"stderr","time":"2020-03-25T10:31:23.41810873Z"}
{"log":"INFO [03-25|10:31:38.011] Imported new chain segment               blocks=1     txs=1     mgas=0.046   elapsed=1.699ms   mgasps=26.808   number=2406706 hash=23871f…825ab7 dirty=691.87MiB\n","stream":"stderr","time":"2020-03-25T10:31:38.011737216Z"}
{"log":"INFO [03-25|10:31:39.303] Imported new chain segment               blocks=1     txs=0     mgas=0.000   elapsed=333.291µs mgasps=0.000    number=2406706 hash=17186f…82aae0 dirty=691.87MiB\n","stream":"stderr","time":"2020-03-25T10:31:39.304028288Z"}
{"log":"INFO [03-25|10:31:51.273] Imported new chain segment               blocks=1     txs=0     mgas=0.000   elapsed=1.227ms   mgasps=0.000    number=2406707 hash=ca0cb4…aa281a dirty=691.85MiB\n","stream":"stderr","time":"2020-03-25T10:31:51.273746776Z"}
{"log":"INFO [03-25|10:31:54.755] Chain reorg detected                     number=2406706 hash=23871f…825ab7 drop=1 dropfrom=ca0cb4…aa281a add=1 addfrom=3f64c8…17e4fa\n","stream":"stderr","time":"2020-03-25T10:31:54.755968405Z"}
{"log":"INFO [03-25|10:31:54.756] Imported new chain segment               blocks=1     txs=0     mgas=0.000   elapsed=679.075µs mgasps=0.000    number=2406707 hash=3f64c8…17e4fa dirty=691.85MiB\n","stream":"stderr","time":"2020-03-25T10:31:54.756208053Z"}
{"log":"INFO [03-25|10:32:06.157] Chain reorg detected                     number=2406706 hash=23871f…825ab7 drop=1 dropfrom=3f64c8…17e4fa add=2 addfrom=0a87f4…86af99\n","stream":"stderr","time":"2020-03-25T10:32:06.157559464Z"}
{"log":"INFO [03-25|10:32:06.157] Imported new chain segment               blocks=1     txs=2     mgas=0.479   elapsed=18.362ms  mgasps=26.075   number=2406708 hash=0a87f4…86af99 dirty=691.87MiB\n","stream":"stderr","time":"2020-03-25T10:32:06.157922181Z"}
{"log":"INFO [03-25|10:32:09.840] Imported new chain segment               blocks=1     txs=2     mgas=0.479   elapsed=19.206ms  mgasps=24.929   number=2406708 hash=8782cb…e269d2 dirty=691.88MiB\n","stream":"stderr","time":"2020-03-25T10:32:09.840488266Z"}
{"log":"INFO [03-25|10:32:12.792] Chain reorg detected                     number=2406707 hash=ca0cb4…aa281a drop=1 dropfrom=0a87f4…86af99 add=1 addfrom=0f6fb3…763eda\n","stream":"stderr","time":"2020-03-25T10:32:12.792660912Z"}
{"log":"INFO [03-25|10:32:12.792] Imported new chain segment               blocks=1     txs=3     mgas=0.500   elapsed=18.802ms  mgasps=26.581   number=2406708 hash=0f6fb3…763eda dirty=691.88MiB\n","stream":"stderr","time":"2020-03-25T10:32:12.793019402Z"}
{"log":"INFO [03-25|10:32:21.428] Chain reorg detected                     number=2406707 hash=ca0cb4…aa281a drop=1 dropfrom=0f6fb3…763eda add=2 addfrom=6c42f3…a1a6c0\n","stream":"stderr","time":"2020-03-25T10:32:21.430930333Z"}
{"log":"INFO [03-25|10:32:21.429] Imported new chain segment               blocks=1     txs=1     mgas=0.021   elapsed=2.480ms   mgasps=8.467    number=2406709 hash=6c42f3…a1a6c0 dirty=691.84MiB\n","stream":"stderr","time":"2020-03-25T10:32:21.430973027Z"}
{"log":"INFO [03-25|10:32:21.433] Chain reorg detected                     number=2406708 hash=0a87f4…86af99 drop=1 dropfrom=6c42f3…a1a6c0 add=1 addfrom=603d83…e3af28\n","stream":"stderr","time":"2020-03-25T10:32:21.433163743Z"}
{"log":"INFO [03-25|10:32:21.433] Imported new chain segment               blocks=1     txs=1     mgas=0.021   elapsed=1.837ms   mgasps=11.430   number=2406709 hash=603d83…e3af28 dirty=691.85MiB\n","stream":"stderr","time":"2020-03-25T10:32:21.433584369Z"}
{"log":"INFO [03-25|10:32:21.963] Chain reorg detected                     number=2406708 hash=0a87f4…86af99 drop=1 dropfrom=603d83…e3af28 add=1 addfrom=500feb…08f420\n","stream":"stderr","time":"2020-03-25T10:32:21.963325756Z"}
{"log":"INFO [03-25|10:32:21.963] Imported new chain segment               blocks=1     txs=1     mgas=0.021   elapsed=1.473ms   mgasps=14.258   number=2406709 hash=500feb…08f420 dirty=691.85MiB\n","stream":"stderr","time":"2020-03-25T10:32:21.963572218Z"}
{"log":"INFO [03-25|10:32:23.448] Deep froze chain segment                 blocks=4     elapsed=30.421ms  number=2316708 hash=ef302a…03fd2f\n","stream":"stderr","time":"2020-03-25T10:32:23.448902214Z"}
{"log":"INFO [03-25|10:32:36.325] Imported new chain segment               blocks=1     txs=1     mgas=1.024   elapsed=24.108ms  mgasps=42.490   number=2406710 hash=7399e7…011370 dirty=691.39MiB\n","stream":"stderr","time":"2020-03-25T10:32:36.325447194Z"}
{"log":"INFO [03-25|10:32:39.890] Imported new chain segment               blocks=1     txs=0     mgas=0.000   elapsed=416.132µs mgasps=0.000    number=2406710 hash=ff30aa…682de1 dirty=691.39MiB\n","stream":"stderr","time":"2020-03-25T10:32:39.890627028Z"}
{"log":"INFO [03-25|10:32:41.118] Imported new chain segment               blocks=1     txs=4     mgas=1.524   elapsed=23.741ms  mgasps=64.174   number=2406710 hash=550565…7c7f35 dirty=691.42MiB\n","stream":"stderr","time":"2020-03-25T10:32:41.119018491Z"}
{"log":"INFO [03-25|10:32:51.486] Imported new chain segment               blocks=1     txs=4     mgas=0.550   elapsed=21.858ms  mgasps=25.168   number=2406711 hash=be6a6e…bb2903 dirty=691.20MiB\n","stream":"stderr","time":"2020-03-25T10:32:51.487089438Z"}
{"log":"INFO [03-25|10:32:51.814] Chain reorg detected                     number=2406710 hash=7399e7…011370 drop=1 dropfrom=be6a6e…bb2903 add=1 addfrom=bd197b…0430f8\n","stream":"stderr","time":"2020-03-25T10:32:51.814350375Z"}
{"log":"INFO [03-25|10:32:51.814] Imported new chain segment               blocks=1     txs=4     mgas=0.550   elapsed=13.078ms  mgasps=42.064   number=2406711 hash=bd197b…0430f8 dirty=691.21MiB\n","stream":"stderr","time":"2020-03-25T10:32:51.814769692Z"}
{"log":"INFO [03-25|10:32:56.451] Chain reorg detected                     number=2406710 hash=7399e7…011370 drop=1 dropfrom=bd197b…0430f8 add=1 addfrom=51aed7…329588\n","stream":"stderr","time":"2020-03-25T10:32:56.45200381Z"}
{"log":"INFO [03-25|10:32:56.452] Imported new chain segment               blocks=1     txs=4     mgas=0.550   elapsed=18.327ms  mgasps=30.017   number=2406711 hash=51aed7…329588 dirty=691.21MiB\n","stream":"stderr","time":"2020-03-25T10:32:56.452261966Z"}
{"log":"INFO [03-25|10:33:06.319] Imported new chain segment               blocks=1     txs=3     mgas=0.197   elapsed=4.545ms   mgasps=43.341   number=2406712 hash=da86d9…f08251 dirty=691.22MiB\n","stream":"stderr","time":"2020-03-25T10:33:06.31923627Z"}
{"log":"INFO [03-25|10:33:21.566] Imported new chain segment               blocks=1     txs=0     mgas=0.000   elapsed=628.536µs mgasps=0.000    number=2406713 hash=8d98c7…39531a dirty=691.21MiB\n","stream":"stderr","time":"2020-03-25T10:33:21.56810146Z"}
{"log":"INFO [03-25|10:33:23.485] Deep froze chain segment                 blocks=4     elapsed=36.179ms  number=2316712 hash=29b4e9…e3c6b6\n","stream":"stderr","time":"2020-03-25T10:33:23.485352815Z"}
{"log":"INFO [03-25|10:33:36.161] Imported new chain segment               blocks=1     txs=2     mgas=0.117   elapsed=2.930ms   mgasps=39.890   number=2406714 hash=f93c2c…cf80b7 dirty=691.21MiB\n","stream":"stderr","time":"2020-03-25T10:33:36.161263742Z"}
{"log":"INFO [03-25|10:33:52.217] Imported new chain segment               blocks=1     txs=0     mgas=0.000   elapsed=20.649ms  mgasps=0.000    number=2406715 hash=38845e…800c1e dirty=691.19MiB\n","stream":"stderr","time":"2020-03-25T10:33:52.218192993Z"}
{"log":"INFO [03-25|10:34:06.306] Imported new chain segment               blocks=1     txs=4     mgas=0.449   elapsed=6.919ms   mgasps=64.937   number=2406716 hash=c8c4f7…03ffdd dirty=691.21MiB\n","stream":"stderr","time":"2020-03-25T10:34:06.306308551Z"}
{"log":"INFO [03-25|10:34:07.434] Imported new chain segment               blocks=1     txs=2     mgas=0.348   elapsed=4.847ms   mgasps=71.857   number=2406716 hash=ef1cea…949330 dirty=691.22MiB\n","stream":"stderr","time":"2020-03-25T10:34:07.435032887Z"}
{"log":"INFO [03-25|10:34:07.635] Imported new chain segment               blocks=1     txs=3     mgas=0.369   elapsed=5.763ms   mgasps=64.078   number=2406716 hash=d82658…c21bcb dirty=691.22MiB\n","stream":"stderr","time":"2020-03-25T10:34:07.635968801Z"}
{"log":"INFO [03-25|10:34:22.995] Imported new chain segment               blocks=1     txs=0     mgas=0.000   elapsed=563.651µs mgasps=0.000    number=2406717 hash=c6c1a1…fe1e26 dirty=691.22MiB\n","stream":"stderr","time":"2020-03-25T10:34:22.995877901Z"}
{"log":"INFO [03-25|10:34:23.515] Deep froze chain segment                 blocks=4     elapsed=29.804ms  number=2316716 hash=4d21c9…94b4ab\n","stream":"stderr","time":"2020-03-25T10:34:23.515455025Z"}
{"log":"INFO [03-25|10:34:37.015] Imported new chain segment               blocks=1     txs=0     mgas=0.000   elapsed=1.569ms   mgasps=0.000    number=2406718 hash=488f0f…8e413b dirty=691.20MiB\n","stream":"stderr","time":"2020-03-25T10:34:37.015462812Z"}
{"log":"INFO [03-25|10:34:37.087] Imported new chain segment               blocks=1     txs=1     mgas=0.487   elapsed=12.999ms  mgasps=37.434   number=2406718 hash=9bff53…7ab6b2 dirty=691.23MiB\n","stream":"stderr","time":"2020-03-25T10:34:37.088111441Z"}
{"log":"INFO [03-25|10:34:51.464] Imported new chain segment               blocks=1     txs=2     mgas=0.620   elapsed=16.179ms  mgasps=38.308   number=2406719 hash=ba3181…a9d7cd dirty=691.23MiB\n","stream":"stderr","time":"2020-03-25T10:34:51.465158127Z"}
{"log":"INFO [03-25|10:34:52.996] Imported new chain segment               blocks=1     txs=2     mgas=0.620   elapsed=14.973ms  mgasps=41.394   number=2406719 hash=b8d0f6…83334a dirty=691.24MiB\n","stream":"stderr","time":"2020-03-25T10:34:52.996712221Z"}
{"log":"INFO [03-25|10:34:57.045] Chain reorg detected                     number=2406718 hash=488f0f…8e413b drop=1 dropfrom=ba3181…a9d7cd add=1 addfrom=381ea5…5e54c8\n","stream":"stderr","time":"2020-03-25T10:34:57.045813934Z"}
{"log":"INFO [03-25|10:34:57.045] Imported new chain segment               blocks=1     txs=2     mgas=0.620   elapsed=13.751ms  mgasps=45.070   number=2406719 hash=381ea5…5e54c8 dirty=691.24MiB\n","stream":"stderr","time":"2020-03-25T10:34:57.046082696Z"}
{"log":"INFO [03-25|10:35:06.309] Chain reorg detected                     number=2406718 hash=488f0f…8e413b drop=1 dropfrom=381ea5…5e54c8 add=2 addfrom=47fe34…c93ce1\n","stream":"stderr","time":"2020-03-25T10:35:06.309690555Z"}
{"log":"INFO [03-25|10:35:06.310] Imported new chain segment               blocks=1     txs=1     mgas=0.096   elapsed=4.628ms   mgasps=20.719   number=2406720 hash=47fe34…c93ce1 dirty=691.23MiB\n","stream":"stderr","time":"2020-03-25T10:35:06.310268008Z"}
{"log":"INFO [03-25|10:35:22.372] Imported new chain segment               blocks=1     txs=1     mgas=0.433   elapsed=17.115ms  mgasps=25.311   number=2406721 hash=bf1c57…374e6f dirty=691.25MiB\n","stream":"stderr","time":"2020-03-25T10:35:22.372307471Z"}
{"log":"INFO [03-25|10:35:23.584] Deep froze chain segment                 blocks=4     elapsed=68.314ms  number=2316720 hash=2a49b6…9bb3fa\n","stream":"stderr","time":"2020-03-25T10:35:23.584423511Z"}
{"log":"INFO [03-25|10:35:24.379] Imported new chain segment               blocks=1     txs=0     mgas=0.000   elapsed=359.113µs mgasps=0.000    number=2406721 hash=79b45b…1d152d dirty=691.25MiB\n","stream":"stderr","time":"2020-03-25T10:35:24.379231163Z"}
{"log":"INFO [03-25|10:35:27.385] Chain reorg detected                     number=2406720 hash=47fe34…c93ce1 drop=1 dropfrom=bf1c57…374e6f add=1 addfrom=cd9763…8252f0\n","stream":"stderr","time":"2020-03-25T10:35:27.385935066Z"}
{"log":"INFO [03-25|10:35:27.386] Imported new chain segment               blocks=1     txs=1     mgas=0.433   elapsed=14.541ms  mgasps=29.793   number=2406721 hash=cd9763…8252f0 dirty=691.25MiB\n","stream":"stderr","time":"2020-03-25T10:35:27.386184209Z"}
{"log":"INFO [03-25|10:35:36.853] Imported new chain segment               blocks=1     txs=6     mgas=1.800   elapsed=25.041ms  mgasps=71.875   number=2406722 hash=e380a8…105e8d dirty=691.35MiB\n","stream":"stderr","time":"2020-03-25T10:35:36.854095327Z"}
{"log":"INFO [03-25|10:35:38.471] Imported new chain segment               blocks=1     txs=0     mgas=0.000   elapsed=360.763µs mgasps=0.000    number=2406722 hash=93ffd1…cf96d3 dirty=691.35MiB\n","stream":"stderr","time":"2020-03-25T10:35:38.472434745Z"}
{"log":"INFO [03-25|10:35:38.809] Imported new chain segment               blocks=1     txs=2     mgas=0.994   elapsed=11.072ms  mgasps=89.743   number=2406722 hash=4fad58…8023a3 dirty=691.36MiB\n","stream":"stderr","time":"2020-03-25T10:35:38.809558671Z"}
{"log":"INFO [03-25|10:35:39.669] Chain reorg detected                     number=2406721 hash=cd9763…8252f0 drop=1 dropfrom=e380a8…105e8d add=1 addfrom=aca99c…e1fdcd\n","stream":"stderr","time":"2020-03-25T10:35:39.6693973Z"}
{"log":"INFO [03-25|10:35:39.669] Imported new chain segment               blocks=1     txs=6     mgas=1.800   elapsed=24.685ms  mgasps=72.911   number=2406722 hash=aca99c…e1fdcd dirty=691.37MiB\n","stream":"stderr","time":"2020-03-25T10:35:39.669796748Z"}
{"log":"INFO [03-25|10:35:52.318] Chain reorg detected                     number=2406721 hash=cd9763…8252f0 drop=1 dropfrom=aca99c…e1fdcd add=2 addfrom=1622ad…866421\n","stream":"stderr","time":"2020-03-25T10:35:52.318443043Z"}
{"log":"INFO [03-25|10:35:52.319] Imported new chain segment               blocks=1     txs=2     mgas=0.529   elapsed=30.937ms  mgasps=17.103   number=2406723 hash=1622ad…866421 dirty=691.38MiB\n","stream":"stderr","time":"2020-03-25T10:35:52.319442322Z"}
{"log":"INFO [03-25|10:35:53.233] Regenerated local transaction journal    transactions=0 accounts=0\n","stream":"stderr","time":"2020-03-25T10:35:53.233948027Z"}
{"log":"INFO [03-25|10:35:54.596] Imported new chain segment               blocks=1     txs=0     mgas=0.000   elapsed=570.089µs mgasps=0.000    number=2406723 hash=b017ff…61f05e dirty=691.38MiB\n","stream":"stderr","time":"2020-03-25T10:35:54.59674836Z"}
{"log":"INFO [03-25|10:36:07.180] Chain reorg detected                     number=2406722 hash=e380a8…105e8d drop=1 dropfrom=1622ad…866421 add=2 addfrom=5c305b…cc26c6\n","stream":"stderr","time":"2020-03-25T10:36:07.181195916Z"}
{"log":"INFO [03-25|10:36:07.181] Imported new chain segment               blocks=1     txs=4     mgas=0.611   elapsed=19.745ms  mgasps=30.958   number=2406724 hash=5c305b…cc26c6 dirty=691.37MiB\n","stream":"stderr","time":"2020-03-25T10:36:07.181561582Z"}
{"log":"INFO [03-25|10:36:07.664] Chain reorg detected                     number=2406722 hash=e380a8…105e8d drop=2 dropfrom=5c305b…cc26c6 add=2 addfrom=c28ace…c45f33\n","stream":"stderr","time":"2020-03-25T10:36:07.664474623Z"}
{"log":"INFO [03-25|10:36:07.667] Imported new chain segment               blocks=1     txs=0     mgas=0.000   elapsed=4.398ms   mgasps=0.000    number=2406724 hash=c28ace…c45f33 dirty=691.37MiB\n","stream":"stderr","time":"2020-03-25T10:36:07.668169028Z"}
{"log":"INFO [03-25|10:36:21.700] Chain reorg detected                     number=2406722 hash=e380a8…105e8d drop=2 dropfrom=c28ace…c45f33 add=3 addfrom=885a93…306a42\n","stream":"stderr","time":"2020-03-25T10:36:21.700887366Z"}
{"log":"INFO [03-25|10:36:21.701] Imported new chain segment               blocks=1     txs=0     mgas=0.000   elapsed=1.498ms   mgasps=0.000    number=2406725 hash=885a93…306a42 dirty=691.36MiB\n","stream":"stderr","time":"2020-03-25T10:36:21.701729828Z"}
{"log":"INFO [03-25|10:36:23.619] Deep froze chain segment                 blocks=4     elapsed=35.022ms  number=2316724 hash=2374ab…9af7ff\n","stream":"stderr","time":"2020-03-25T10:36:23.619880207Z"}
{"log":"INFO [03-25|10:36:36.509] Imported new chain segment               blocks=1     txs=1     mgas=0.433   elapsed=18.370ms  mgasps=23.584   number=2406726 hash=6e9257…ea5bea dirty=691.36MiB\n","stream":"stderr","time":"2020-03-25T10:36:36.509416239Z"}
{"log":"INFO [03-25|10:36:51.352] Imported new chain segment               blocks=1     txs=2     mgas=0.074   elapsed=3.317ms   mgasps=22.365   number=2406727 hash=72821a…3af121 dirty=691.34MiB\n","stream":"stderr","time":"2020-03-25T10:36:51.352716672Z"}
{"log":"INFO [03-25|10:37:06.530] Imported new chain segment               blocks=1     txs=2     mgas=0.479   elapsed=17.369ms  mgasps=27.558   number=2406728 hash=154ea3…90caee dirty=691.36MiB\n","stream":"stderr","time":"2020-03-25T10:37:06.530708218Z"}
{"log":"INFO [03-25|10:37:12.827] Chain reorg detected                     number=2406727 hash=72821a…3af121 drop=1 dropfrom=154ea3…90caee add=1 addfrom=f76e5b…ee135a\n","stream":"stderr","time":"2020-03-25T10:37:12.827750211Z"}
{"log":"INFO [03-25|10:37:12.827] Imported new chain segment               blocks=1     txs=2     mgas=0.479   elapsed=19.500ms  mgasps=24.547   number=2406728 hash=f76e5b…ee135a dirty=691.37MiB\n","stream":"stderr","time":"2020-03-25T10:37:12.827964537Z"}
{"log":"INFO [03-25|10:37:21.979] Chain reorg detected                     number=2406727 hash=72821a…3af121 drop=1 dropfrom=f76e5b…ee135a add=2 addfrom=64bbc9…22ebdf\n","stream":"stderr","time":"2020-03-25T10:37:21.979632388Z"}
{"log":"INFO [03-25|10:37:21.988] Imported new chain segment               blocks=1     txs=0     mgas=0.000   elapsed=11.293ms  mgasps=0.000    number=2406729 hash=64bbc9…22ebdf dirty=691.28MiB\n","stream":"stderr","time":"2020-03-25T10:37:21.988625312Z"}
{"log":"INFO [03-25|10:37:23.668] Deep froze chain segment                 blocks=4     elapsed=48.602ms  number=2316728 hash=3ae800…d28ad8\n","stream":"stderr","time":"2020-03-25T10:37:23.66876781Z"}
{"log":"INFO [03-25|10:37:36.106] Imported new chain segment               blocks=1     txs=1     mgas=0.045   elapsed=2.865ms   mgasps=15.837   number=2406730 hash=591d44…434767 dirty=691.24MiB\n","stream":"stderr","time":"2020-03-25T10:37:36.106901441Z"}
{"log":"INFO [03-25|10:37:52.408] Imported new chain segment               blocks=1     txs=4     mgas=3.704   elapsed=83.913ms  mgasps=44.139   number=2406731 hash=56ae6f…cedd00 dirty=691.46MiB\n","stream":"stderr","time":"2020-03-25T10:37:52.409109627Z"}
{"log":"INFO [03-25|10:37:57.709] Chain reorg detected                     number=2406730 hash=591d44…434767 drop=1 dropfrom=56ae6f…cedd00 add=1 addfrom=5cc405…c5ea2f\n","stream":"stderr","time":"2020-03-25T10:37:57.709376297Z"}
{"log":"INFO [03-25|10:37:57.709] Imported new chain segment               blocks=1     txs=4     mgas=3.704   elapsed=229.972ms mgasps=16.105   number=2406731 hash=5cc405…c5ea2f dirty=691.46MiB\n","stream":"stderr","time":"2020-03-25T10:37:57.710090277Z"}
{"log":"INFO [03-25|10:38:06.140] Imported new chain segment               blocks=1     txs=5     mgas=1.986   elapsed=23.562ms  mgasps=84.282   number=2406732 hash=ef3d6a…fa364f dirty=691.55MiB\n","stream":"stderr","time":"2020-03-25T10:38:06.14019779Z"}
{"log":"INFO [03-25|10:38:06.275] Imported new chain segment               blocks=1     txs=6     mgas=2.007   elapsed=17.665ms  mgasps=113.604  number=2406732 hash=816c16…7bfcb1 dirty=691.56MiB\n","stream":"stderr","time":"2020-03-25T10:38:06.275690481Z"}
{"log":"INFO [03-25|10:38:06.333] Chain reorg detected                     number=2406731 hash=5cc405…c5ea2f drop=1 dropfrom=816c16…7bfcb1 add=1 addfrom=82d015…b3e257\n","stream":"stderr","time":"2020-03-25T10:38:06.333730491Z"}
{"log":"INFO [03-25|10:38:06.333] Imported new chain segment               blocks=1     txs=5     mgas=1.986   elapsed=15.306ms  mgasps=129.745  number=2406732 hash=82d015…b3e257 dirty=691.56MiB\n","stream":"stderr","time":"2020-03-25T10:38:06.334118959Z"}
{"log":"INFO [03-25|10:38:06.340] Chain reorg detected                     number=2406731 hash=5cc405…c5ea2f drop=1 dropfrom=82d015…b3e257 add=1 addfrom=f0bb32…86a948\n","stream":"stderr","time":"2020-03-25T10:38:06.340495605Z"}
{"log":"INFO [03-25|10:38:06.340] Imported new chain segment               blocks=1     txs=1     mgas=0.493   elapsed=5.768ms   mgasps=85.493   number=2406732 hash=f0bb32…86a948 dirty=691.60MiB\n","stream":"stderr","time":"2020-03-25T10:38:06.340735467Z"}
{"log":"INFO [03-25|10:38:21.896] Imported new chain segment               blocks=1     txs=5     mgas=1.514   elapsed=15.417ms  mgasps=98.180   number=2406733 hash=602778…d61cef dirty=691.58MiB\n","stream":"stderr","time":"2020-03-25T10:38:21.896675641Z"}
{"log":"INFO [03-25|10:38:22.418] Chain reorg detected                     number=2406732 hash=f0bb32…86a948 drop=1 dropfrom=602778…d61cef add=1 addfrom=2dd66a…3d8b43\n","stream":"stderr","time":"2020-03-25T10:38:22.41899632Z"}
{"log":"INFO [03-25|10:38:22.419] Imported new chain segment               blocks=1     txs=5     mgas=1.514   elapsed=19.891ms  mgasps=76.098   number=2406733 hash=2dd66a…3d8b43 dirty=691.58MiB\n","stream":"stderr","time":"2020-03-25T10:38:22.419374712Z"}
{"log":"INFO [03-25|10:38:23.697] Deep froze chain segment                 blocks=4     elapsed=29.083ms  number=2316732 hash=080b36…5000aa\n","stream":"stderr","time":"2020-03-25T10:38:23.698159615Z"}
{"log":"INFO [03-25|10:38:36.131] Imported new chain segment               blocks=1     txs=1     mgas=0.021   elapsed=2.546ms   mgasps=8.248    number=2406734 hash=87eef9…917697 dirty=691.56MiB\n","stream":"stderr","time":"2020-03-25T10:38:36.131499088Z"}
{"log":"INFO [03-25|10:38:37.276] Imported new chain segment               blocks=1     txs=1     mgas=0.021   elapsed=1.364ms   mgasps=15.397   number=2406734 hash=8b89c4…ed01f8 dirty=691.56MiB\n","stream":"stderr","time":"2020-03-25T10:38:37.276940087Z"}
{"log":"INFO [03-25|10:38:52.108] Imported new chain segment               blocks=1     txs=2     mgas=0.066   elapsed=2.128ms   mgasps=31.201   number=2406735 hash=93a103…4746cf dirty=691.57MiB\n","stream":"stderr","time":"2020-03-25T10:38:52.108407853Z"}
{"log":"INFO [03-25|10:38:52.686] Imported new chain segment               blocks=1     txs=0     mgas=0.000   elapsed=354.323µs mgasps=0.000    number=2406735 hash=f231e1…1dd6e4 dirty=691.57MiB\n","stream":"stderr","time":"2020-03-25T10:38:52.686979982Z"}
{"log":"INFO [03-25|10:39:06.077] Chain reorg detected                     number=2406734 hash=87eef9…917697 drop=1 dropfrom=93a103…4746cf add=2 addfrom=d5bb2b…5c434f\n","stream":"stderr","time":"2020-03-25T10:39:06.078094047Z"}
{"log":"INFO [03-25|10:39:06.078] Imported new chain segment               blocks=1     txs=3     mgas=0.087   elapsed=3.721ms   mgasps=23.489   number=2406736 hash=d5bb2b…5c434f dirty=691.56MiB\n","stream":"stderr","time":"2020-03-25T10:39:06.078523361Z"}
{"log":"INFO [03-25|10:39:08.482] Imported new chain segment               blocks=1     txs=0     mgas=0.000   elapsed=319.962µs mgasps=0.000    number=2406736 hash=0fa6c3…78bea3 dirty=691.56MiB\n","stream":"stderr","time":"2020-03-25T10:39:08.48283302Z"}
{"log":"INFO [03-25|10:39:21.178] Imported new chain segment               blocks=1     txs=4     mgas=0.181   elapsed=7.947ms   mgasps=22.768   number=2406737 hash=9b18ea…348e50 dirty=691.56MiB\n","stream":"stderr","time":"2020-03-25T10:39:21.179071947Z"}
{"log":"INFO [03-25|10:39:23.749] Deep froze chain segment                 blocks=4     elapsed=51.019ms  number=2316736 hash=4c6ff1…31a35e\n","stream":"stderr","time":"2020-03-25T10:39:23.749515852Z"}
{"log":"INFO [03-25|10:39:36.134] Imported new chain segment               blocks=1     txs=4     mgas=0.916   elapsed=16.368ms  mgasps=55.936   number=2406738 hash=547a36…4070fc dirty=691.62MiB\n","stream":"stderr","time":"2020-03-25T10:39:36.13421563Z"}
{"log":"INFO [03-25|10:39:41.745] Imported new chain segment               blocks=1     txs=5     mgas=0.961   elapsed=22.600ms  mgasps=42.529   number=2406738 hash=c0fb00…a42a4d dirty=691.62MiB\n","stream":"stderr","time":"2020-03-25T10:39:41.745750304Z"}
{"log":"INFO [03-25|10:39:51.314] Imported new chain segment               blocks=1     txs=1     mgas=0.046   elapsed=1.154ms   mgasps=39.477   number=2406739 hash=5dc23c…b79000 dirty=691.63MiB\n","stream":"stderr","time":"2020-03-25T10:39:51.314477151Z"}
{"log":"INFO [03-25|10:39:53.535] Chain reorg detected                     number=2406738 hash=547a36…4070fc drop=1 dropfrom=5dc23c…b79000 add=1 addfrom=da2f22…fa0dcd\n","stream":"stderr","time":"2020-03-25T10:39:53.535628893Z"}
{"log":"INFO [03-25|10:39:53.535] Imported new chain segment               blocks=1     txs=1     mgas=0.046   elapsed=1.904ms   mgasps=23.926   number=2406739 hash=da2f22…fa0dcd dirty=691.63MiB\n","stream":"stderr","time":"2020-03-25T10:39:53.535959376Z"}
{"log":"INFO [03-25|10:40:06.138] Chain reorg detected                     number=2406738 hash=547a36…4070fc drop=1 dropfrom=da2f22…fa0dcd add=2 addfrom=6b213c…7df12a\n","stream":"stderr","time":"2020-03-25T10:40:06.138604056Z"}
{"log":"INFO [03-25|10:40:06.138] Imported new chain segment               blocks=1     txs=0     mgas=0.000   elapsed=5.207ms   mgasps=0.000    number=2406740 hash=6b213c…7df12a dirty=691.40MiB\n","stream":"stderr","time":"2020-03-25T10:40:06.139103113Z"}
{"log":"INFO [03-25|10:40:21.687] Imported new chain segment               blocks=1     txs=3     mgas=0.499   elapsed=16.550ms  mgasps=30.167   number=2406741 hash=e8abe1…e3e7e0 dirty=691.37MiB\n","stream":"stderr","time":"2020-03-25T10:40:21.687598555Z"}
{"log":"INFO [03-25|10:40:23.707] Chain reorg detected                     number=2406740 hash=6b213c…7df12a drop=1 dropfrom=e8abe1…e3e7e0 add=1 addfrom=5d36a5…0f7c01\n","stream":"stderr","time":"2020-03-25T10:40:23.707675661Z"}
{"log":"INFO [03-25|10:40:23.707] Imported new chain segment               blocks=1     txs=1     mgas=0.433   elapsed=15.735ms  mgasps=27.531   number=2406741 hash=5d36a5…0f7c01 dirty=691.37MiB\n","stream":"stderr","time":"2020-03-25T10:40:23.707972918Z"}
{"log":"INFO [03-25|10:40:23.786] Deep froze chain segment                 blocks=4     elapsed=36.654ms  number=2316740 hash=609e9d…4845e7\n","stream":"stderr","time":"2020-03-25T10:40:23.786401851Z"}
{"log":"INFO [03-25|10:40:24.371] Chain reorg detected                     number=2406740 hash=6b213c…7df12a drop=1 dropfrom=5d36a5…0f7c01 add=1 addfrom=4485e2…a3de2f\n","stream":"stderr","time":"2020-03-25T10:40:24.371413504Z"}
{"log":"INFO [03-25|10:40:24.371] Imported new chain segment               blocks=1     txs=0     mgas=0.000   elapsed=586.568µs mgasps=0.000    number=2406741 hash=4485e2…a3de2f dirty=691.37MiB\n","stream":"stderr","time":"2020-03-25T10:40:24.371611011Z"}
{"log":"INFO [03-25|10:40:24.448] Chain reorg detected                     number=2406740 hash=6b213c…7df12a drop=1 dropfrom=4485e2…a3de2f add=1 addfrom=1fa7a7…5299e6\n","stream":"stderr","time":"2020-03-25T10:40:24.448951214Z"}
{"log":"INFO [03-25|10:40:24.449] Imported new chain segment               blocks=1     txs=2     mgas=0.478   elapsed=12.775ms  mgasps=37.436   number=2406741 hash=1fa7a7…5299e6 dirty=691.38MiB\n","stream":"stderr","time":"2020-03-25T10:40:24.449226133Z"}
{"log":"INFO [03-25|10:40:36.475] Chain reorg detected                     number=2406740 hash=6b213c…7df12a drop=1 dropfrom=1fa7a7…5299e6 add=1 addfrom=0a4c60…9001a6\n","stream":"stderr","time":"2020-03-25T10:40:36.475876946Z"}
{"log":"INFO [03-25|10:40:36.476] Imported new chain segment               blocks=1     txs=2     mgas=0.478   elapsed=16.998ms  mgasps=28.136   number=2406741 hash=0a4c60…9001a6 dirty=691.38MiB\n","stream":"stderr","time":"2020-03-25T10:40:36.476173481Z"}
{"log":"INFO [03-25|10:40:36.621] Chain reorg detected                     number=2406740 hash=6b213c…7df12a drop=1 dropfrom=0a4c60…9001a6 add=2 addfrom=2572b4…1f8089\n","stream":"stderr","time":"2020-03-25T10:40:36.62196219Z"}
{"log":"INFO [03-25|10:40:36.622] Imported new chain segment               blocks=1     txs=0     mgas=0.000   elapsed=1.210ms   mgasps=0.000    number=2406742 hash=2572b4…1f8089 dirty=691.36MiB\n","stream":"stderr","time":"2020-03-25T10:40:36.622647628Z"}
{"log":"INFO [03-25|10:40:37.234] Imported new chain segment               blocks=1     txs=4     mgas=3.313   elapsed=36.186ms  mgasps=91.546   number=2406742 hash=1a6a5d…adc8ad dirty=691.63MiB\n","stream":"stderr","time":"2020-03-25T10:40:37.234849541Z"}
{"log":"INFO [03-25|10:40:39.836] Imported new chain segment               blocks=1     txs=0     mgas=0.000   elapsed=371.864µs mgasps=0.000    number=2406742 hash=683543…a16432 dirty=691.63MiB\n","stream":"stderr","time":"2020-03-25T10:40:39.836859699Z"}
{"log":"INFO [03-25|10:40:39.922] Imported new chain segment               blocks=1     txs=4     mgas=3.258   elapsed=21.017ms  mgasps=155.027  number=2406742 hash=f5bdef…d316fe dirty=691.64MiB\n","stream":"stderr","time":"2020-03-25T10:40:39.922626131Z"}
{"log":"INFO [03-25|10:40:51.519] Imported new chain segment               blocks=1     txs=5     mgas=3.234   elapsed=35.755ms  mgasps=90.461   number=2406743 hash=9a5fbf…02a926 dirty=691.70MiB\n","stream":"stderr","time":"2020-03-25T10:40:51.520148642Z"}
{"log":"INFO [03-25|10:40:51.972] Chain reorg detected                     number=2406742 hash=2572b4…1f8089 drop=1 dropfrom=9a5fbf…02a926 add=1 addfrom=2dbd26…e3de73\n","stream":"stderr","time":"2020-03-25T10:40:51.972307773Z"}
{"log":"INFO [03-25|10:40:51.972] Imported new chain segment               blocks=1     txs=5     mgas=3.334   elapsed=20.339ms  mgasps=163.907  number=2406743 hash=2dbd26…e3de73 dirty=691.71MiB\n","stream":"stderr","time":"2020-03-25T10:40:51.972780837Z"}
{"log":"INFO [03-25|10:40:54.562] Chain reorg detected                     number=2406742 hash=2572b4…1f8089 drop=1 dropfrom=2dbd26…e3de73 add=1 addfrom=538cd6…a35177\n","stream":"stderr","time":"2020-03-25T10:40:54.562593813Z"}
{"log":"INFO [03-25|10:40:54.562] Imported new chain segment               blocks=1     txs=5     mgas=3.279   elapsed=19.011ms  mgasps=172.489  number=2406743 hash=538cd6…a35177 dirty=691.71MiB\n","stream":"stderr","time":"2020-03-25T10:40:54.562893772Z"}
{"log":"INFO [03-25|10:41:08.021] Imported new chain segment               blocks=1     txs=3     mgas=0.893   elapsed=18.064ms  mgasps=49.432   number=2406744 hash=6b0be8…d6f2b3 dirty=691.74MiB\n","stream":"stderr","time":"2020-03-25T10:41:08.022205465Z"}
{"log":"INFO [03-25|10:41:08.400] Chain reorg detected                     number=2406742 hash=2572b4…1f8089 drop=2 dropfrom=6b0be8…d6f2b3 add=2 addfrom=df7cd9…4c702c\n","stream":"stderr","time":"2020-03-25T10:41:08.400933017Z"}
{"log":"INFO [03-25|10:41:08.401] Imported new chain segment               blocks=1     txs=2     mgas=1.249   elapsed=13.545ms  mgasps=92.222   number=2406744 hash=df7cd9…4c702c dirty=691.76MiB\n","stream":"stderr","time":"2020-03-25T10:41:08.401637378Z"}
{"log":"INFO [03-25|10:41:09.570] Imported new chain segment               blocks=1     txs=3     mgas=1.295   elapsed=12.906ms  mgasps=100.326  number=2406744 hash=e8f2fb…6e9a77 dirty=691.76MiB\n","stream":"stderr","time":"2020-03-25T10:41:09.571033073Z"}
{"log":"INFO [03-25|10:41:21.106] Chain reorg detected                     number=2406742 hash=2572b4…1f8089 drop=2 dropfrom=df7cd9…4c702c add=3 addfrom=cda1d9…75149b\n","stream":"stderr","time":"2020-03-25T10:41:21.106444632Z"}
{"log":"INFO [03-25|10:41:21.107] Imported new chain segment               blocks=1     txs=1     mgas=0.021   elapsed=3.710ms   mgasps=5.661    number=2406745 hash=cda1d9…75149b dirty=691.69MiB\n","stream":"stderr","time":"2020-03-25T10:41:21.107165827Z"}
{"log":"INFO [03-25|10:41:23.853] Deep froze chain segment                 blocks=4     elapsed=66.592ms  number=2316744 hash=737053…084f88\n","stream":"stderr","time":"2020-03-25T10:41:23.853404822Z"}
{"log":"INFO [03-25|10:41:37.477] Imported new chain segment               blocks=1     txs=3     mgas=0.574   elapsed=13.644ms  mgasps=42.085   number=2406746 hash=eaaf64…c808e7 dirty=691.73MiB\n","stream":"stderr","time":"2020-03-25T10:41:37.478058Z"}
{"log":"INFO [03-25|10:41:42.670] Imported new chain segment               blocks=1     txs=3     mgas=0.574   elapsed=18.821ms  mgasps=30.508   number=2406746 hash=aac10d…3e3bab dirty=691.74MiB\n","stream":"stderr","time":"2020-03-25T10:41:42.670674732Z"}
{"log":"INFO [03-25|10:41:51.085] Chain reorg detected                     number=2406745 hash=cda1d9…75149b drop=1 dropfrom=eaaf64…c808e7 add=2 addfrom=0c4b85…8ed16d\n","stream":"stderr","time":"2020-03-25T10:41:51.085910815Z"}
{"log":"INFO [03-25|10:41:51.086] Imported new chain segment               blocks=1     txs=1     mgas=0.096   elapsed=3.382ms   mgasps=28.357   number=2406747 hash=0c4b85…8ed16d dirty=691.69MiB\n","stream":"stderr","time":"2020-03-25T10:41:51.086292446Z"}
{"log":"INFO [03-25|10:42:06.161] Imported new chain segment               blocks=1     txs=2     mgas=0.290   elapsed=3.011ms   mgasps=96.412   number=2406748 hash=097b9d…8859e9 dirty=691.67MiB\n","stream":"stderr","time":"2020-03-25T10:42:06.161887497Z"}
{"log":"INFO [03-25|10:42:21.563] Imported new chain segment               blocks=1     txs=0     mgas=0.000   elapsed=4.829ms   mgasps=0.000    number=2406749 hash=37772e…ca8bd3 dirty=691.43MiB\n","stream":"stderr","time":"2020-03-25T10:42:21.563793115Z"}
{"log":"INFO [03-25|10:42:21.646] Chain reorg detected                     number=2406748 hash=097b9d…8859e9 drop=1 dropfrom=37772e…ca8bd3 add=1 addfrom=6d064e…09412d\n","stream":"stderr","time":"2020-03-25T10:42:21.647007569Z"}
{"log":"INFO [03-25|10:42:21.647] Imported new chain segment               blocks=1     txs=0     mgas=0.000   elapsed=648.614µs mgasps=0.000    number=2406749 hash=6d064e…09412d dirty=691.43MiB\n","stream":"stderr","time":"2020-03-25T10:42:21.647279506Z"}
{"log":"INFO [03-25|10:42:21.966] Chain reorg detected                     number=2406748 hash=097b9d…8859e9 drop=1 dropfrom=6d064e…09412d add=1 addfrom=675835…229762\n","stream":"stderr","time":"2020-03-25T10:42:21.966300448Z"}
{"log":"INFO [03-25|10:42:21.966] Imported new chain segment               blocks=1     txs=0     mgas=0.000   elapsed=464.246µs mgasps=0.000    number=2406749 hash=675835…229762 dirty=691.43MiB\n","stream":"stderr","time":"2020-03-25T10:42:21.966449764Z"}
{"log":"INFO [03-25|10:42:22.206] Chain reorg detected                     number=2406748 hash=097b9d…8859e9 drop=1 dropfrom=675835…229762 add=1 addfrom=0dcd34…379cfb\n","stream":"stderr","time":"2020-03-25T10:42:22.206882473Z"}
{"log":"INFO [03-25|10:42:22.206] Imported new chain segment               blocks=1     txs=2     mgas=0.679   elapsed=18.350ms  mgasps=36.986   number=2406749 hash=0dcd34…379cfb dirty=691.46MiB\n","stream":"stderr","time":"2020-03-25T10:42:22.207026676Z"}
{"log":"INFO [03-25|10:42:23.880] Deep froze chain segment                 blocks=4     elapsed=27.212ms  number=2316748 hash=7e2b81…365547\n","stream":"stderr","time":"2020-03-25T10:42:23.881035213Z"}
{"log":"INFO [03-25|10:42:36.111] Imported new chain segment               blocks=1     txs=2     mgas=0.101   elapsed=3.711ms   mgasps=27.241   number=2406750 hash=f6ed2b…02de87 dirty=691.44MiB\n","stream":"stderr","time":"2020-03-25T10:42:36.11178421Z"}
{"log":"INFO [03-25|10:42:36.431] Chain reorg detected                     number=2406748 hash=097b9d…8859e9 drop=2 dropfrom=f6ed2b…02de87 add=2 addfrom=b60acc…a7ecbe\n","stream":"stderr","time":"2020-03-25T10:42:36.431566774Z"}
{"log":"INFO [03-25|10:42:36.431] Imported new chain segment               blocks=1     txs=4     mgas=0.780   elapsed=25.939ms  mgasps=30.063   number=2406750 hash=b60acc…a7ecbe dirty=691.45MiB\n","stream":"stderr","time":"2020-03-25T10:42:36.432061788Z"}
{"log":"INFO [03-25|10:42:37.420] Imported new chain segment               blocks=1     txs=4     mgas=0.780   elapsed=19.863ms  mgasps=39.259   number=2406750 hash=1b30a1…04fa73 dirty=691.45MiB\n","stream":"stderr","time":"2020-03-25T10:42:37.42095929Z"}
{"log":"INFO [03-25|10:42:51.281] Imported new chain segment               blocks=1     txs=1     mgas=0.086   elapsed=2.881ms   mgasps=29.855   number=2406751 hash=2f51a0…345aa6 dirty=691.43MiB\n","stream":"stderr","time":"2020-03-25T10:42:51.281410171Z"}
{"log":"INFO [03-25|10:43:06.505] Imported new chain segment               blocks=1     txs=0     mgas=0.000   elapsed=1.054ms   mgasps=0.000    number=2406752 hash=c5c5b3…62ea3f dirty=691.38MiB\n","stream":"stderr","time":"2020-03-25T10:43:06.506065004Z"}
{"log":"INFO [03-25|10:43:22.039] Imported new chain segment               blocks=1     txs=4     mgas=0.316   elapsed=4.716ms   mgasps=66.940   number=2406753 hash=74238a…fc2663 dirty=691.40MiB\n","stream":"stderr","time":"2020-03-25T10:43:22.039750386Z"}
{"log":"INFO [03-25|10:43:23.940] Deep froze chain segment                 blocks=4     elapsed=59.261ms  number=2316752 hash=975137…ee917b\n","stream":"stderr","time":"2020-03-25T10:43:23.940567722Z"}
{"log":"INFO [03-25|10:43:36.236] Imported new chain segment               blocks=1     txs=3     mgas=3.410   elapsed=55.033ms  mgasps=61.957   number=2406754 hash=638a52…dd9623 dirty=691.56MiB\n","stream":"stderr","time":"2020-03-25T10:43:36.236700665Z"}
{"log":"INFO [03-25|10:43:51.179] Imported new chain segment               blocks=1     txs=2     mgas=0.386   elapsed=3.886ms   mgasps=99.345   number=2406755 hash=5612f2…4ff085 dirty=691.57MiB\n","stream":"stderr","time":"2020-03-25T10:43:51.179431893Z"}
{"log":"INFO [03-25|10:43:53.505] Imported new chain segment               blocks=1     txs=1     mgas=0.045   elapsed=1.491ms   mgasps=30.232   number=2406755 hash=8ecbf1…a0f3ea dirty=691.57MiB\n","stream":"stderr","time":"2020-03-25T10:43:53.505778496Z"}
{"log":"INFO [03-25|10:43:53.523] Chain reorg detected                     number=2406754 hash=638a52…dd9623 drop=1 dropfrom=5612f2…4ff085 add=1 addfrom=b4fc46…4dee13\n","stream":"stderr","time":"2020-03-25T10:43:53.523375192Z"}
{"log":"INFO [03-25|10:43:53.523] Imported new chain segment               blocks=1     txs=2     mgas=0.386   elapsed=3.854ms   mgasps=100.166  number=2406755 hash=b4fc46…4dee13 dirty=691.58MiB\n","stream":"stderr","time":"2020-03-25T10:43:53.523688477Z"}
{"log":"INFO [03-25|10:44:06.054] Chain reorg detected                     number=2406754 hash=638a52…dd9623 drop=1 dropfrom=b4fc46…4dee13 add=2 addfrom=669512…17b358\n","stream":"stderr","time":"2020-03-25T10:44:06.054971307Z"}
{"log":"INFO [03-25|10:44:06.055] Imported new chain segment               blocks=1     txs=1     mgas=0.341   elapsed=3.871ms   mgasps=88.078   number=2406756 hash=669512…17b358 dirty=691.56MiB\n","stream":"stderr","time":"2020-03-25T10:44:06.05532617Z"}
{"log":"INFO [03-25|10:44:07.161] Imported new chain segment               blocks=1     txs=0     mgas=0.000   elapsed=322.692µs mgasps=0.000    number=2406756 hash=b09aad…ab70f5 dirty=691.56MiB\n","stream":"stderr","time":"2020-03-25T10:44:07.161420878Z"}
{"log":"INFO [03-25|10:44:21.703] Imported new chain segment               blocks=1     txs=1     mgas=0.045   elapsed=2.708ms   mgasps=16.629   number=2406757 hash=6f0d4f…7dbc69 dirty=691.51MiB\n","stream":"stderr","time":"2020-03-25T10:44:21.703769511Z"}
{"log":"INFO [03-25|10:44:21.783] Chain reorg detected                     number=2406756 hash=669512…17b358 drop=1 dropfrom=6f0d4f…7dbc69 add=1 addfrom=9e7230…5cd545\n","stream":"stderr","time":"2020-03-25T10:44:21.784144382Z"}
{"log":"INFO [03-25|10:44:21.784] Imported new chain segment               blocks=1     txs=1     mgas=0.045   elapsed=1.851ms   mgasps=24.332   number=2406757 hash=9e7230…5cd545 dirty=691.51MiB\n","stream":"stderr","time":"2020-03-25T10:44:21.784495478Z"}
{"log":"INFO [03-25|10:44:23.969] Deep froze chain segment                 blocks=4     elapsed=28.295ms  number=2316756 hash=5d7eed…338c9d\n","stream":"stderr","time":"2020-03-25T10:44:23.96921395Z"}
{"log":"INFO [03-25|10:44:36.254] Imported new chain segment               blocks=1     txs=2     mgas=0.569   elapsed=28.349ms  mgasps=20.076   number=2406758 hash=d4c958…172077 dirty=691.48MiB\n","stream":"stderr","time":"2020-03-25T10:44:36.255201097Z"}
{"log":"INFO [03-25|10:44:43.076] Chain reorg detected                     number=2406757 hash=9e7230…5cd545 drop=1 dropfrom=d4c958…172077 add=1 addfrom=b59700…06023d\n","stream":"stderr","time":"2020-03-25T10:44:43.076617927Z"}
{"log":"INFO [03-25|10:44:43.076] Imported new chain segment               blocks=1     txs=2     mgas=0.569   elapsed=18.941ms  mgasps=30.048   number=2406758 hash=b59700…06023d dirty=691.48MiB\n","stream":"stderr","time":"2020-03-25T10:44:43.076913009Z"}
{"log":"INFO [03-25|10:44:51.720] Chain reorg detected                     number=2406757 hash=9e7230…5cd545 drop=1 dropfrom=b59700…06023d add=2 addfrom=7ff480…f9b252\n","stream":"stderr","time":"2020-03-25T10:44:51.720505975Z"}
{"log":"INFO [03-25|10:44:51.720] Imported new chain segment               blocks=1     txs=0     mgas=0.000   elapsed=931.601µs mgasps=0.000    number=2406759 hash=7ff480…f9b252 dirty=691.48MiB\n","stream":"stderr","time":"2020-03-25T10:44:51.730246372Z"}
{"log":"INFO [03-25|10:45:06.974] Imported new chain segment               blocks=1     txs=0     mgas=0.000   elapsed=433.346µs mgasps=0.000    number=2406760 hash=b791d4…78e5dd dirty=691.48MiB\n","stream":"stderr","time":"2020-03-25T10:45:06.975037881Z"}
{"log":"INFO [03-25|10:45:22.979] Imported new chain segment               blocks=1     txs=2     mgas=0.526   elapsed=13.571ms  mgasps=38.787   number=2406761 hash=0ded43…3aa4c8 dirty=691.45MiB\n","stream":"stderr","time":"2020-03-25T10:45:22.979657603Z"}
{"log":"INFO [03-25|10:45:24.001] Deep froze chain segment                 blocks=4     elapsed=32.314ms  number=2316760 hash=0fc18b…baa22f\n","stream":"stderr","time":"2020-03-25T10:45:24.001783551Z"}
{"log":"INFO [03-25|10:45:24.258] Imported new chain segment               blocks=1     txs=1     mgas=3.716   elapsed=24.890ms  mgasps=149.305  number=2406761 hash=79eb2f…6dba58 dirty=691.83MiB\n","stream":"stderr","time":"2020-03-25T10:45:24.258463953Z"}
{"log":"INFO [03-25|10:45:28.192] Chain reorg detected                     number=2406760 hash=b791d4…78e5dd drop=1 dropfrom=0ded43…3aa4c8 add=1 addfrom=f2d994…1ffdda\n","stream":"stderr","time":"2020-03-25T10:45:28.192386688Z"}
{"log":"INFO [03-25|10:45:28.192] Imported new chain segment               blocks=1     txs=1     mgas=0.433   elapsed=9.934ms   mgasps=43.610   number=2406761 hash=f2d994…1ffdda dirty=691.83MiB\n","stream":"stderr","time":"2020-03-25T10:45:28.192526643Z"}
{"log":"INFO [03-25|10:45:36.778] Imported new chain segment               blocks=1     txs=1     mgas=3.716   elapsed=19.412ms  mgasps=191.434  number=2406762 hash=21707f…9b2ef8 dirty=691.82MiB\n","stream":"stderr","time":"2020-03-25T10:45:36.77891942Z"}
{"log":"INFO [03-25|10:45:39.925] Imported new chain segment               blocks=1     txs=4     mgas=4.942   elapsed=22.804ms  mgasps=216.721  number=2406762 hash=18d260…f49aed dirty=691.91MiB\n","stream":"stderr","time":"2020-03-25T10:45:39.925181717Z"}
{"log":"INFO [03-25|10:45:40.153] Imported new chain segment               blocks=1     txs=1     mgas=3.716   elapsed=15.884ms  mgasps=233.963  number=2406762 hash=3a3fc2…82dda7 dirty=691.91MiB\n","stream":"stderr","time":"2020-03-25T10:45:40.153518024Z"}
{"log":"INFO [03-25|10:45:51.416] Imported new chain segment               blocks=1     txs=9     mgas=2.028   elapsed=24.168ms  mgasps=83.898   number=2406763 hash=4b541b…725890 dirty=691.95MiB\n","stream":"stderr","time":"2020-03-25T10:45:51.416418478Z"}
{"log":"INFO [03-25|10:45:52.137] Chain reorg detected                     number=2406762 hash=21707f…9b2ef8 drop=1 dropfrom=4b541b…725890 add=1 addfrom=8b1e5e…b01af5\n","stream":"stderr","time":"2020-03-25T10:45:52.137616175Z"}
{"log":"INFO [03-25|10:45:52.137] Imported new chain segment               blocks=1     txs=6     mgas=1.531   elapsed=18.539ms  mgasps=82.603   number=2406763 hash=8b1e5e…b01af5 dirty=691.96MiB\n","stream":"stderr","time":"2020-03-25T10:45:52.137899449Z"}
{"log":"INFO [03-25|10:46:07.361] Chain reorg detected                     number=2406762 hash=21707f…9b2ef8 drop=1 dropfrom=8b1e5e…b01af5 add=2 addfrom=a07c3b…6bb4bf\n","stream":"stderr","time":"2020-03-25T10:46:07.361965426Z"}
{"log":"INFO [03-25|10:46:07.364] Imported new chain segment               blocks=1     txs=2     mgas=0.478   elapsed=43.848ms  mgasps=10.908   number=2406764 hash=a07c3b…6bb4bf dirty=691.96MiB\n","stream":"stderr","time":"2020-03-25T10:46:07.364665932Z"}
{"log":"INFO [03-25|10:46:07.920] Chain reorg detected                     number=2406763 hash=4b541b…725890 drop=1 dropfrom=a07c3b…6bb4bf add=1 addfrom=fdd3aa…703f41\n","stream":"stderr","time":"2020-03-25T10:46:07.921003582Z"}
{"log":"INFO [03-25|10:46:07.921] Imported new chain segment               blocks=1     txs=1     mgas=0.433   elapsed=17.480ms  mgasps=24.785   number=2406764 hash=fdd3aa…703f41 dirty=691.96MiB\n","stream":"stderr","time":"2020-03-25T10:46:07.921282672Z"}
{"log":"INFO [03-25|10:46:09.035] Imported new chain segment               blocks=1     txs=0     mgas=0.000   elapsed=298.054µs mgasps=0.000    number=2406764 hash=ad320d…c9bfb2 dirty=691.96MiB\n","stream":"stderr","time":"2020-03-25T10:46:09.035738709Z"}
{"log":"INFO [03-25|10:46:21.081] Chain reorg detected                     number=2406763 hash=4b541b…725890 drop=1 dropfrom=fdd3aa…703f41 add=2 addfrom=28295b…c76786\n","stream":"stderr","time":"2020-03-25T10:46:21.0821473Z"}
{"log":"INFO [03-25|10:46:21.082] Imported new chain segment               blocks=1     txs=1     mgas=0.059   elapsed=3.516ms   mgasps=16.858   number=2406765 hash=28295b…c76786 dirty=691.96MiB\n","stream":"stderr","time":"2020-03-25T10:46:21.08290561Z"}
{"log":"INFO [03-25|10:46:22.051] Imported new chain segment               blocks=1     txs=0     mgas=0.000   elapsed=498.704µs mgasps=0.000    number=2406765 hash=6b78a3…35a619 dirty=691.96MiB\n","stream":"stderr","time":"2020-03-25T10:46:22.051658772Z"}
{"log":"INFO [03-25|10:46:24.033] Deep froze chain segment                 blocks=4     elapsed=31.776ms  number=2316764 hash=5ed44c…d1b7bf\n","stream":"stderr","time":"2020-03-25T10:46:24.033916981Z"}
{"log":"INFO [03-25|10:46:37.417] Imported new chain segment               blocks=1     txs=0     mgas=0.000   elapsed=1.204ms   mgasps=0.000    number=2406766 hash=94da09…acda82 dirty=691.94MiB\n","stream":"stderr","time":"2020-03-25T10:46:37.41785287Z"}
{"log":"INFO [03-25|10:46:51.111] Imported new chain segment               blocks=1     txs=2     mgas=0.479   elapsed=23.868ms  mgasps=20.052   number=2406767 hash=209ba1…1282dd dirty=691.91MiB\n","stream":"stderr","time":"2020-03-25T10:46:51.111452822Z"}
{"log":"INFO [03-25|10:46:57.779] Imported new chain segment               blocks=1     txs=3     mgas=0.566   elapsed=20.746ms  mgasps=27.293   number=2406767 hash=81738b…df4f50 dirty=691.92MiB\n","stream":"stderr","time":"2020-03-25T10:46:57.780155869Z"}
{"log":"INFO [03-25|10:47:07.062] Imported new chain segment               blocks=1     txs=3     mgas=0.205   elapsed=5.772ms   mgasps=35.435   number=2406768 hash=e229a7…dadbcc dirty=691.94MiB\n","stream":"stderr","time":"2020-03-25T10:47:07.062575611Z"}
{"log":"INFO [03-25|10:47:22.881] Imported new chain segment               blocks=1     txs=2     mgas=0.479   elapsed=20.342ms  mgasps=23.527   number=2406769 hash=30317e…0e7935 dirty=691.62MiB\n","stream":"stderr","time":"2020-03-25T10:47:22.881387511Z"}
{"log":"INFO [03-25|10:47:24.071] Deep froze chain segment                 blocks=4     elapsed=37.112ms  number=2316768 hash=7cc52c…2e6227\n","stream":"stderr","time":"2020-03-25T10:47:24.071474083Z"}
{"log":"INFO [03-25|10:47:36.297] Imported new chain segment               blocks=1     txs=1     mgas=3.165   elapsed=81.249ms  mgasps=38.948   number=2406770 hash=58d02f…3878e7 dirty=691.70MiB\n","stream":"stderr","time":"2020-03-25T10:47:36.297897819Z"}
{"log":"INFO [03-25|10:47:51.367] Imported new chain segment               blocks=1     txs=2     mgas=0.478   elapsed=18.490ms  mgasps=25.864   number=2406771 hash=7fbbee…271e60 dirty=691.70MiB\n","stream":"stderr","time":"2020-03-25T10:47:51.367254506Z"}
{"log":"INFO [03-25|10:47:51.459] Chain reorg detected                     number=2406770 hash=58d02f…3878e7 drop=1 dropfrom=7fbbee…271e60 add=1 addfrom=b928a9…86fb1b\n","stream":"stderr","time":"2020-03-25T10:47:51.459317404Z"}
{"log":"INFO [03-25|10:47:51.459] Imported new chain segment               blocks=1     txs=2     mgas=0.478   elapsed=22.760ms  mgasps=21.012   number=2406771 hash=b928a9…86fb1b dirty=691.70MiB\n","stream":"stderr","time":"2020-03-25T10:47:51.459604448Z"}
{"log":"INFO [03-25|10:47:51.802] Imported new chain segment               blocks=1     txs=1     mgas=0.045   elapsed=2.584ms   mgasps=17.417   number=2406771 hash=4e09ff…e29ad5 dirty=691.70MiB\n","stream":"stderr","time":"2020-03-25T10:47:51.802430146Z"}
{"log":"INFO [03-25|10:48:06.737] Chain reorg detected                     number=2406770 hash=58d02f…3878e7 drop=1 dropfrom=b928a9…86fb1b add=2 addfrom=2d1176…d8455f\n","stream":"stderr","time":"2020-03-25T10:48:06.737995276Z"}
{"log":"INFO [03-25|10:48:06.738] Imported new chain segment               blocks=1     txs=1     mgas=0.493   elapsed=5.586ms   mgasps=88.281   number=2406772 hash=2d1176…d8455f dirty=691.75MiB\n","stream":"stderr","time":"2020-03-25T10:48:06.738343101Z"}
{"log":"INFO [03-25|10:48:07.260] Imported new chain segment               blocks=1     txs=5     mgas=1.986   elapsed=22.684ms  mgasps=87.556   number=2406772 hash=1cc0a1…2f5f1c dirty=691.85MiB\n","stream":"stderr","time":"2020-03-25T10:48:07.26056123Z"}
{"log":"INFO [03-25|10:48:07.451] Imported new chain segment               blocks=1     txs=0     mgas=0.000   elapsed=351.403µs mgasps=0.000    number=2406772 hash=a75c1a…01a2c0 dirty=691.85MiB\n","stream":"stderr","time":"2020-03-25T10:48:07.451897011Z"}
{"log":"INFO [03-25|10:48:07.897] Imported new chain segment               blocks=1     txs=5     mgas=1.986   elapsed=69.709ms  mgasps=28.492   number=2406772 hash=81a9d0…4e9180 dirty=691.85MiB\n","stream":"stderr","time":"2020-03-25T10:48:07.898018634Z"}
{"log":"INFO [03-25|10:48:22.483] Imported new chain segment               blocks=1     txs=4     mgas=1.493   elapsed=18.749ms  mgasps=79.624   number=2406773 hash=917970…396669 dirty=691.81MiB\n","stream":"stderr","time":"2020-03-25T10:48:22.484079638Z"}
{"log":"INFO [03-25|10:48:23.741] Imported new chain segment               blocks=1     txs=4     mgas=1.493   elapsed=16.968ms  mgasps=87.979   number=2406773 hash=de6319…47792a dirty=691.82MiB\n","stream":"stderr","time":"2020-03-25T10:48:23.742093608Z"}
{"log":"INFO [03-25|10:48:24.102] Deep froze chain segment                 blocks=4     elapsed=30.517ms  number=2316772 hash=d15a1d…2d3448\n","stream":"stderr","time":"2020-03-25T10:48:24.102284358Z"}
{"log":"INFO [03-25|10:48:36.123] Chain reorg detected                     number=2406772 hash=2d1176…d8455f drop=1 dropfrom=917970…396669 add=2 addfrom=6169d4…12c9b2\n","stream":"stderr","time":"2020-03-25T10:48:36.123217146Z"}
{"log":"INFO [03-25|10:48:36.129] Imported new chain segment               blocks=1     txs=3     mgas=0.162   elapsed=11.008ms  mgasps=14.705   number=2406774 hash=6169d4…12c9b2 dirty=691.79MiB\n","stream":"stderr","time":"2020-03-25T10:48:36.129253495Z"}
{"log":"INFO [03-25|10:48:36.783] Imported new chain segment               blocks=1     txs=2     mgas=0.066   elapsed=1.916ms   mgasps=34.422   number=2406774 hash=325e1e…54e8a9 dirty=691.80MiB\n","stream":"stderr","time":"2020-03-25T10:48:36.783309367Z"}
{"log":"INFO [03-25|10:48:51.326] Imported new chain segment               blocks=1     txs=2     mgas=0.341   elapsed=4.190ms   mgasps=81.466   number=2406775 hash=6f7805…d37eac dirty=691.79MiB\n","stream":"stderr","time":"2020-03-25T10:48:51.326533762Z"}
{"log":"INFO [03-25|10:48:52.181] Chain reorg detected                     number=2406774 hash=6169d4…12c9b2 drop=1 dropfrom=6f7805…d37eac add=1 addfrom=0dfcca…b914b4\n","stream":"stderr","time":"2020-03-25T10:48:52.181466192Z"}
{"log":"INFO [03-25|10:48:52.181] Imported new chain segment               blocks=1     txs=0     mgas=0.000   elapsed=712.518µs mgasps=0.000    number=2406775 hash=0dfcca…b914b4 dirty=691.79MiB\n","stream":"stderr","time":"2020-03-25T10:48:52.181729006Z"}
{"log":"INFO [03-25|10:48:59.734] New local node record                    seq=54 id=8252fae760b7940d ip=31.147.195.65 udp=30303 tcp=30303\n","stream":"stderr","time":"2020-03-25T10:48:59.735189237Z"}
{"log":"INFO [03-25|10:49:04.510] New local node record                    seq=55 id=8252fae760b7940d ip=31.147.195.65 udp=30303 tcp=30303\n","stream":"stderr","time":"2020-03-25T10:49:04.510779097Z"}
{"log":"INFO [03-25|10:49:07.781] Chain reorg detected                     number=2406774 hash=6169d4…12c9b2 drop=1 dropfrom=0dfcca…b914b4 add=2 addfrom=066d60…fea8d5\n","stream":"stderr","time":"2020-03-25T10:49:07.781402101Z"}
{"log":"INFO [03-25|10:49:07.781] Imported new chain segment               blocks=1     txs=3     mgas=0.347   elapsed=4.930ms   mgasps=70.285   number=2406776 hash=066d60…fea8d5 dirty=691.80MiB\n","stream":"stderr","time":"2020-03-25T10:49:07.782042143Z"}
{"log":"INFO [03-25|10:49:07.983] Imported new chain segment               blocks=1     txs=0     mgas=0.000   elapsed=396.503µs mgasps=0.000    number=2406776 hash=fdaaa2…a8507d dirty=691.80MiB\n","stream":"stderr","time":"2020-03-25T10:49:07.98322939Z"}
{"log":"INFO [03-25|10:49:08.014] Chain reorg detected                     number=2406775 hash=6f7805…d37eac drop=1 dropfrom=066d60…fea8d5 add=1 addfrom=0c4a24…73b7fa\n","stream":"stderr","time":"2020-03-25T10:49:08.015074878Z"}
{"log":"INFO [03-25|10:49:08.015] Imported new chain segment               blocks=1     txs=1     mgas=0.056   elapsed=2.102ms   mgasps=26.494   number=2406776 hash=0c4a24…73b7fa dirty=691.80MiB\n","stream":"stderr","time":"2020-03-25T10:49:08.015363325Z"}
{"log":"INFO [03-25|10:49:21.284] Imported new chain segment               blocks=1     txs=4     mgas=0.423   elapsed=5.753ms   mgasps=73.439   number=2406777 hash=3b4f32…bf759a dirty=691.77MiB\n","stream":"stderr","time":"2020-03-25T10:49:21.28488405Z"}
{"log":"INFO [03-25|10:49:24.136] Deep froze chain segment                 blocks=4     elapsed=33.821ms  number=2316776 hash=4396e6…c478f3\n","stream":"stderr","time":"2020-03-25T10:49:24.136497823Z"}
{"log":"INFO [03-25|10:49:24.216] Chain reorg detected                     number=2406775 hash=6f7805…d37eac drop=2 dropfrom=3b4f32…bf759a add=2 addfrom=cc614a…d1273f\n","stream":"stderr","time":"2020-03-25T10:49:24.21704103Z"}
{"log":"INFO [03-25|10:49:24.217] Imported new chain segment               blocks=1     txs=0     mgas=0.000   elapsed=737.216µs mgasps=0.000    number=2406777 hash=cc614a…d1273f dirty=691.77MiB\n","stream":"stderr","time":"2020-03-25T10:49:24.217384258Z"}
{"log":"INFO [03-25|10:49:37.894] Chain reorg detected                     number=2406775 hash=6f7805…d37eac drop=2 dropfrom=cc614a…d1273f add=3 addfrom=73e368…e347c0\n","stream":"stderr","time":"2020-03-25T10:49:37.894739714Z"}
{"log":"INFO [03-25|10:49:37.895] Imported new chain segment               blocks=1     txs=0     mgas=0.000   elapsed=1.791ms   mgasps=0.000    number=2406778 hash=73e368…e347c0 dirty=691.73MiB\n","stream":"stderr","time":"2020-03-25T10:49:37.895291618Z"}
{"log":"INFO [03-25|10:49:51.531] Imported new chain segment               blocks=1     txs=5     mgas=0.806   elapsed=28.733ms  mgasps=28.062   number=2406779 hash=c8cd34…7829cd dirty=691.59MiB\n","stream":"stderr","time":"2020-03-25T10:49:51.531213642Z"}
{"log":"INFO [03-25|10:49:53.158] Imported new chain segment               blocks=1     txs=3     mgas=0.740   elapsed=16.822ms  mgasps=43.987   number=2406779 hash=d418d7…2c5cca dirty=691.60MiB\n","stream":"stderr","time":"2020-03-25T10:49:53.15880747Z"}
{"log":"INFO [03-25|10:49:53.310] Chain reorg detected                     number=2406778 hash=73e368…e347c0 drop=1 dropfrom=c8cd34…7829cd add=1 addfrom=375aee…7da386\n","stream":"stderr","time":"2020-03-25T10:49:53.310304486Z"}
{"log":"INFO [03-25|10:49:53.310] Imported new chain segment               blocks=1     txs=5     mgas=0.806   elapsed=21.194ms  mgasps=38.044   number=2406779 hash=375aee…7da386 dirty=691.60MiB\n","stream":"stderr","time":"2020-03-25T10:49:53.31065349Z"}
{"log":"INFO [03-25|10:50:06.267] Chain reorg detected                     number=2406778 hash=73e368…e347c0 drop=1 dropfrom=375aee…7da386 add=2 addfrom=65fe91…34f4f4\n","stream":"stderr","time":"2020-03-25T10:50:06.267680867Z"}
{"log":"INFO [03-25|10:50:06.268] Imported new chain segment               blocks=1     txs=1     mgas=0.080   elapsed=3.666ms   mgasps=21.771   number=2406780 hash=65fe91…34f4f4 dirty=691.58MiB\n","stream":"stderr","time":"2020-03-25T10:50:06.268332671Z"}
{"log":"INFO [03-25|10:50:21.134] Imported new chain segment               blocks=1     txs=3     mgas=0.545   elapsed=5.049ms   mgasps=107.840  number=2406781 hash=9ba7da…0ca933 dirty=691.59MiB\n","stream":"stderr","time":"2020-03-25T10:50:21.134543824Z"}
{"log":"INFO [03-25|10:50:24.160] Deep froze chain segment                 blocks=4     elapsed=23.763ms  number=2316780 hash=422b01…2aa981\n","stream":"stderr","time":"2020-03-25T10:50:24.160475455Z"}
{"log":"INFO [03-25|10:50:36.528] Imported new chain segment               blocks=1     txs=6     mgas=3.371   elapsed=31.297ms  mgasps=107.704  number=2406782 hash=7e0821…455b79 dirty=691.85MiB\n","stream":"stderr","time":"2020-03-25T10:50:36.528422135Z"}
{"log":"INFO [03-25|10:50:37.030] Chain reorg detected                     number=2406781 hash=9ba7da…0ca933 drop=1 dropfrom=7e0821…455b79 add=1 addfrom=d9cef4…be278e\n","stream":"stderr","time":"2020-03-25T10:50:37.03105358Z"}
{"log":"INFO [03-25|10:50:37.031] Imported new chain segment               blocks=1     txs=0     mgas=0.000   elapsed=683.91µs  mgasps=0.000    number=2406782 hash=d9cef4…be278e dirty=691.85MiB\n","stream":"stderr","time":"2020-03-25T10:50:37.03125615Z"}
{"log":"INFO [03-25|10:50:38.715] Imported new chain segment               blocks=1     txs=0     mgas=0.000   elapsed=360.914µs mgasps=0.000    number=2406782 hash=c03d08…a33d12 dirty=691.85MiB\n","stream":"stderr","time":"2020-03-25T10:50:38.715401815Z"}
{"log":"INFO [03-25|10:50:38.780] Imported new chain segment               blocks=1     txs=5     mgas=3.196   elapsed=26.273ms  mgasps=121.662  number=2406782 hash=014bd3…88cea6 dirty=691.88MiB\n","stream":"stderr","time":"2020-03-25T10:50:38.780796697Z"}
{"log":"INFO [03-25|10:50:52.032] Imported new chain segment               blocks=1     txs=2     mgas=1.237   elapsed=17.730ms  mgasps=69.745   number=2406783 hash=5f7490…54f74d dirty=691.95MiB\n","stream":"stderr","time":"2020-03-25T10:50:52.032483651Z"}
{"log":"INFO [03-25|10:50:52.121] Imported new chain segment               blocks=1     txs=8     mgas=3.277   elapsed=27.611ms  mgasps=118.667  number=2406783 hash=abab97…698662 dirty=691.99MiB\n","stream":"stderr","time":"2020-03-25T10:50:52.121677515Z"}
{"log":"INFO [03-25|10:50:54.498] Chain reorg detected                     number=2406782 hash=d9cef4…be278e drop=1 dropfrom=abab97…698662 add=1 addfrom=1f8e43…97a54e\n","stream":"stderr","time":"2020-03-25T10:50:54.498213674Z"}
{"log":"INFO [03-25|10:50:54.498] Imported new chain segment               blocks=1     txs=6     mgas=3.371   elapsed=36.469ms  mgasps=92.427   number=2406783 hash=1f8e43…97a54e dirty=691.99MiB\n","stream":"stderr","time":"2020-03-25T10:50:54.498454985Z"}
{"log":"INFO [03-25|10:51:06.143] Imported new chain segment               blocks=1     txs=7     mgas=1.588   elapsed=16.590ms  mgasps=95.711   number=2406784 hash=70f779…a64d89 dirty=691.99MiB\n","stream":"stderr","time":"2020-03-25T10:51:06.14422005Z"}
{"log":"INFO [03-25|10:51:07.183] Imported new chain segment               blocks=1     txs=3     mgas=1.571   elapsed=16.136ms  mgasps=97.335   number=2406784 hash=f41534…583462 dirty=692.00MiB\n","stream":"stderr","time":"2020-03-25T10:51:07.183557764Z"}
{"log":"INFO [03-25|10:51:07.295] Imported new chain segment               blocks=1     txs=2     mgas=1.387   elapsed=12.651ms  mgasps=109.607  number=2406784 hash=b1e817…a2f9ac dirty=692.01MiB\n","stream":"stderr","time":"2020-03-25T10:51:07.295977287Z"}
{"log":"INFO [03-25|10:51:21.198] Imported new chain segment               blocks=1     txs=3     mgas=0.146   elapsed=3.958ms   mgasps=37.000   number=2406785 hash=5eca19…895ae2 dirty=691.99MiB\n","stream":"stderr","time":"2020-03-25T10:51:21.198364353Z"}
{"log":"INFO [03-25|10:51:21.305] Chain reorg detected                     number=2406784 hash=70f779…a64d89 drop=1 dropfrom=5eca19…895ae2 add=1 addfrom=c5f0cc…9cdca8\n","stream":"stderr","time":"2020-03-25T10:51:21.306198755Z"}
{"log":"INFO [03-25|10:51:21.306] Imported new chain segment               blocks=1     txs=3     mgas=0.146   elapsed=3.643ms   mgasps=40.193   number=2406785 hash=c5f0cc…9cdca8 dirty=691.99MiB\n","stream":"stderr","time":"2020-03-25T10:51:21.306406042Z"}
{"log":"INFO [03-25|10:51:24.196] Deep froze chain segment                 blocks=4     elapsed=35.770ms  number=2316784 hash=5b8bb5…f30bf2\n","stream":"stderr","time":"2020-03-25T10:51:24.196924154Z"}
{"log":"INFO [03-25|10:51:36.122] Imported new chain segment               blocks=1     txs=2     mgas=0.479   elapsed=20.288ms  mgasps=23.595   number=2406786 hash=2c6682…fd082b dirty=691.99MiB\n","stream":"stderr","time":"2020-03-25T10:51:36.122829232Z"}
{"log":"INFO [03-25|10:51:36.520] Imported new chain segment               blocks=1     txs=2     mgas=0.479   elapsed=17.064ms  mgasps=28.053   number=2406786 hash=8bcbba…991e73 dirty=692.00MiB\n","stream":"stderr","time":"2020-03-25T10:51:36.521173948Z"}
{"log":"INFO [03-25|10:51:37.521] Imported new chain segment               blocks=1     txs=1     mgas=0.433   elapsed=16.688ms  mgasps=25.960   number=2406786 hash=25ef6a…31aaf0 dirty=692.00MiB\n","stream":"stderr","time":"2020-03-25T10:51:37.52148681Z"}
{"log":"INFO [03-25|10:51:51.810] Imported new chain segment               blocks=1     txs=2     mgas=0.399   elapsed=9.311ms   mgasps=42.870   number=2406787 hash=d78967…2692c4 dirty=692.00MiB\n","stream":"stderr","time":"2020-03-25T10:51:51.812757411Z"}
{"log":"INFO [03-25|10:51:52.032] Chain reorg detected                     number=2406786 hash=2c6682…fd082b drop=1 dropfrom=d78967…2692c4 add=1 addfrom=28664b…1f0923\n","stream":"stderr","time":"2020-03-25T10:51:52.033080862Z"}
{"log":"INFO [03-25|10:51:52.033] Imported new chain segment               blocks=1     txs=2     mgas=0.399   elapsed=6.832ms   mgasps=58.431   number=2406787 hash=28664b…1f0923 dirty=692.01MiB\n","stream":"stderr","time":"2020-03-25T10:51:52.033250236Z"}
{"log":"INFO [03-25|10:52:07.829] Imported new chain segment               blocks=1     txs=0     mgas=0.000   elapsed=982.343µs mgasps=0.000    number=2406788 hash=df2e3f…d75b71 dirty=691.98MiB\n","stream":"stderr","time":"2020-03-25T10:52:07.829580844Z"}
{"log":"INFO [03-25|10:52:22.019] Imported new chain segment               blocks=1     txs=1     mgas=0.433   elapsed=21.612ms  mgasps=20.046   number=2406789 hash=56838f…8de4e2 dirty=692.00MiB\n","stream":"stderr","time":"2020-03-25T10:52:22.020088515Z"}
{"log":"INFO [03-25|10:52:22.420] Chain reorg detected                     number=2406788 hash=df2e3f…d75b71 drop=1 dropfrom=56838f…8de4e2 add=1 addfrom=f93768…6a5ec4\n","stream":"stderr","time":"2020-03-25T10:52:22.421106111Z"}
{"log":"INFO [03-25|10:52:22.421] Imported new chain segment               blocks=1     txs=2     mgas=0.489   elapsed=17.890ms  mgasps=27.331   number=2406789 hash=f93768…6a5ec4 dirty=692.01MiB\n","stream":"stderr","time":"2020-03-25T10:52:22.421387585Z"}
{"log":"INFO [03-25|10:52:23.821] Imported new chain segment               blocks=1     txs=2     mgas=0.489   elapsed=13.749ms  mgasps=35.562   number=2406789 hash=3f7086…483920 dirty=692.01MiB\n","stream":"stderr","time":"2020-03-25T10:52:23.821312612Z"}
{"log":"INFO [03-25|10:52:23.838] Imported new chain segment               blocks=1     txs=1     mgas=0.433   elapsed=13.287ms  mgasps=32.605   number=2406789 hash=aab356…e8b756 dirty=692.01MiB\n","stream":"stderr","time":"2020-03-25T10:52:23.838352562Z"}
{"log":"INFO [03-25|10:52:24.220] Deep froze chain segment                 blocks=4     elapsed=23.766ms  number=2316788 hash=94c341…3d22c6\n","stream":"stderr","time":"2020-03-25T10:52:24.220825126Z"}
{"log":"INFO [03-25|10:52:27.450] Imported new chain segment               blocks=1     txs=2     mgas=0.489   elapsed=18.980ms  mgasps=25.762   number=2406789 hash=d063a3…631bf8 dirty=692.02MiB\n","stream":"stderr","time":"2020-03-25T10:52:27.450690279Z"}
{"log":"INFO [03-25|10:52:36.678] Chain reorg detected                     number=2406788 hash=df2e3f…d75b71 drop=1 dropfrom=f93768…6a5ec4 add=2 addfrom=6b3708…ffe29a\n","stream":"stderr","time":"2020-03-25T10:52:36.678458904Z"}
{"log":"INFO [03-25|10:52:36.678] Imported new chain segment               blocks=1     txs=3     mgas=1.833   elapsed=42.964ms  mgasps=42.666   number=2406790 hash=6b3708…ffe29a dirty=691.88MiB\n","stream":"stderr","time":"2020-03-25T10:52:36.678967773Z"}
{"log":"INFO [03-25|10:52:38.715] Chain reorg detected                     number=2406789 hash=56838f…8de4e2 drop=1 dropfrom=6b3708…ffe29a add=1 addfrom=57c261…5471e3\n","stream":"stderr","time":"2020-03-25T10:52:38.715805621Z"}
{"log":"INFO [03-25|10:52:38.715] Imported new chain segment               blocks=1     txs=1     mgas=0.056   elapsed=2.281ms   mgasps=24.427   number=2406790 hash=57c261…5471e3 dirty=691.89MiB\n","stream":"stderr","time":"2020-03-25T10:52:38.716143436Z"}
{"log":"INFO [03-25|10:52:51.798] Chain reorg detected                     number=2406789 hash=56838f…8de4e2 drop=1 dropfrom=57c261…5471e3 add=2 addfrom=9816c9…a31e29\n","stream":"stderr","time":"2020-03-25T10:52:51.798466843Z"}
{"log":"INFO [03-25|10:52:51.798] Imported new chain segment               blocks=1     txs=2     mgas=0.523   elapsed=19.831ms  mgasps=26.384   number=2406791 hash=9816c9…a31e29 dirty=691.83MiB\n","stream":"stderr","time":"2020-03-25T10:52:51.798950183Z"}
{"log":"INFO [03-25|10:52:51.937] Imported new chain segment               blocks=1     txs=4     mgas=2.301   elapsed=55.329ms  mgasps=41.580   number=2406791 hash=fec534…9d3315 dirty=691.84MiB\n","stream":"stderr","time":"2020-03-25T10:52:51.937793962Z"}
{"log":"INFO [03-25|10:52:53.096] Imported new chain segment               blocks=1     txs=1     mgas=0.433   elapsed=17.066ms  mgasps=25.386   number=2406791 hash=aa9102…4c81e4 dirty=691.84MiB\n","stream":"stderr","time":"2020-03-25T10:52:53.096567972Z"}
{"log":"INFO [03-25|10:53:06.929] Imported new chain segment               blocks=1     txs=0     mgas=0.000   elapsed=890.827µs mgasps=0.000    number=2406792 hash=0d4053…a80d2b dirty=691.82MiB\n","stream":"stderr","time":"2020-03-25T10:53:06.929605361Z"}
{"log":"INFO [03-25|10:53:21.084] Imported new chain segment               blocks=1     txs=0     mgas=0.000   elapsed=558.679µs mgasps=0.000    number=2406793 hash=30d02f…4f61eb dirty=691.82MiB\n","stream":"stderr","time":"2020-03-25T10:53:21.084511919Z"}
{"log":"INFO [03-25|10:53:24.253] Deep froze chain segment                 blocks=4     elapsed=32.175ms  number=2316792 hash=fdc721…b07b6f\n","stream":"stderr","time":"2020-03-25T10:53:24.253442153Z"}
{"log":"INFO [03-25|10:53:36.139] Imported new chain segment               blocks=1     txs=1     mgas=0.045   elapsed=2.105ms   mgasps=21.327   number=2406794 hash=da638a…87bb05 dirty=691.82MiB\n","stream":"stderr","time":"2020-03-25T10:53:36.139884574Z"}
{"log":"INFO [03-25|10:53:37.085] Imported new chain segment               blocks=1     txs=1     mgas=0.045   elapsed=1.098ms   mgasps=40.869   number=2406794 hash=7f0173…4a0a38 dirty=691.82MiB\n","stream":"stderr","time":"2020-03-25T10:53:37.086034884Z"}
{"log":"INFO [03-25|10:53:51.054] Imported new chain segment               blocks=1     txs=1     mgas=0.040   elapsed=2.679ms   mgasps=15.078   number=2406795 hash=938621…43993b dirty=691.78MiB\n","stream":"stderr","time":"2020-03-25T10:53:51.054254713Z"}
{"log":"INFO [03-25|10:53:52.540] Imported new chain segment               blocks=1     txs=1     mgas=0.040   elapsed=2.077ms   mgasps=19.443   number=2406795 hash=ab639d…99cca1 dirty=691.78MiB\n","stream":"stderr","time":"2020-03-25T10:53:52.5403677Z"}
{"log":"INFO [03-25|10:54:06.565] Imported new chain segment               blocks=1     txs=0     mgas=0.000   elapsed=691.903µs mgasps=0.000    number=2406796 hash=92dfa7…1bff1a dirty=691.77MiB\n","stream":"stderr","time":"2020-03-25T10:54:06.565819162Z"}
{"log":"INFO [03-25|10:54:09.571] Imported new chain segment               blocks=1     txs=0     mgas=0.000   elapsed=233.607µs mgasps=0.000    number=2406796 hash=357bcf…f45f39 dirty=691.77MiB\n","stream":"stderr","time":"2020-03-25T10:54:09.572091463Z"}
{"log":"INFO [03-25|10:54:21.071] Imported new chain segment               blocks=1     txs=0     mgas=0.000   elapsed=351.74µs  mgasps=0.000    number=2406797 hash=7b73a8…8df3be dirty=691.77MiB\n","stream":"stderr","time":"2020-03-25T10:54:21.07133172Z"}
{"log":"INFO [03-25|10:54:23.433] Imported new chain segment               blocks=1     txs=0     mgas=0.000   elapsed=315.929µs mgasps=0.000    number=2406797 hash=f94195…a2cff8 dirty=691.77MiB\n","stream":"stderr","time":"2020-03-25T10:54:23.433481289Z"}
{"log":"INFO [03-25|10:54:24.274] Deep froze chain segment                 blocks=4     elapsed=21.207ms  number=2316796 hash=4c52ae…d7bdb9\n","stream":"stderr","time":"2020-03-25T10:54:24.275114836Z"}
{"log":"INFO [03-25|10:54:36.786] Imported new chain segment               blocks=1     txs=0     mgas=0.000   elapsed=1.045ms   mgasps=0.000    number=2406798 hash=4633ee…1bd672 dirty=691.75MiB\n","stream":"stderr","time":"2020-03-25T10:54:36.786279697Z"}
{"log":"INFO [03-25|10:54:39.070] Imported new chain segment               blocks=1     txs=0     mgas=0.000   elapsed=362.263µs mgasps=0.000    number=2406798 hash=23dca3…deb457 dirty=691.75MiB\n","stream":"stderr","time":"2020-03-25T10:54:39.070566732Z"}
{"log":"INFO [03-25|10:54:50.943] New local node record                    seq=56 id=8252fae760b7940d ip=31.147.195.65 udp=1024  tcp=30303\n","stream":"stderr","time":"2020-03-25T10:54:50.943408873Z"}
{"log":"INFO [03-25|10:54:51.318] Imported new chain segment               blocks=1     txs=2     mgas=0.532   elapsed=23.710ms  mgasps=22.423   number=2406799 hash=b12902…f7b1ae dirty=691.73MiB\n","stream":"stderr","time":"2020-03-25T10:54:51.318721053Z"}
{"log":"INFO [03-25|10:54:51.947] Chain reorg detected                     number=2406798 hash=4633ee…1bd672 drop=1 dropfrom=b12902…f7b1ae add=1 addfrom=ad004a…427395\n","stream":"stderr","time":"2020-03-25T10:54:51.948107588Z"}
{"log":"INFO [03-25|10:54:51.948] Imported new chain segment               blocks=1     txs=2     mgas=0.532   elapsed=17.804ms  mgasps=29.862   number=2406799 hash=ad004a…427395 dirty=691.74MiB\n","stream":"stderr","time":"2020-03-25T10:54:51.948466059Z"}
{"log":"INFO [03-25|10:54:57.658] Imported new chain segment               blocks=1     txs=2     mgas=0.532   elapsed=12.313ms  mgasps=43.180   number=2406799 hash=d8aefa…f5ef6d dirty=691.74MiB\n","stream":"stderr","time":"2020-03-25T10:54:57.658314001Z"}
{"log":"INFO [03-25|10:55:07.292] Imported new chain segment               blocks=1     txs=0     mgas=0.000   elapsed=1.609ms   mgasps=0.000    number=2406800 hash=49aa8e…bda8ae dirty=691.72MiB\n","stream":"stderr","time":"2020-03-25T10:55:07.293182057Z"}
{"log":"INFO [03-25|10:55:09.716] Imported new chain segment               blocks=1     txs=0     mgas=0.000   elapsed=455.1µs   mgasps=0.000    number=2406800 hash=063efd…44a4c2 dirty=691.72MiB\n","stream":"stderr","time":"2020-03-25T10:55:09.717205174Z"}
{"log":"INFO [03-25|10:55:22.051] Imported new chain segment               blocks=1     txs=2     mgas=0.083   elapsed=2.888ms   mgasps=28.637   number=2406801 hash=88917f…03824e dirty=691.73MiB\n","stream":"stderr","time":"2020-03-25T10:55:22.051782437Z"}
{"log":"INFO [03-25|10:55:22.330] Imported new chain segment               blocks=1     txs=3     mgas=0.516   elapsed=18.454ms  mgasps=27.957   number=2406801 hash=9c8231…50a050 dirty=691.75MiB\n","stream":"stderr","time":"2020-03-25T10:55:22.330541983Z"}
{"log":"INFO [03-25|10:55:24.305] Deep froze chain segment                 blocks=4     elapsed=30.754ms  number=2316800 hash=319202…e197ef\n","stream":"stderr","time":"2020-03-25T10:55:24.306180233Z"}
{"log":"INFO [03-25|10:55:36.146] Chain reorg detected                     number=2406800 hash=49aa8e…bda8ae drop=1 dropfrom=88917f…03824e add=2 addfrom=7ced53…b10fc6\n","stream":"stderr","time":"2020-03-25T10:55:36.147163568Z"}
{"log":"INFO [03-25|10:55:36.147] Imported new chain segment               blocks=1     txs=5     mgas=1.737   elapsed=29.382ms  mgasps=59.130   number=2406802 hash=7ced53…b10fc6 dirty=691.85MiB\n","stream":"stderr","time":"2020-03-25T10:55:36.151505362Z"}
{"log":"INFO [03-25|10:55:52.759] Imported new chain segment               blocks=1     txs=2     mgas=0.101   elapsed=2.770ms   mgasps=36.385   number=2406803 hash=024afa…795e0d dirty=691.86MiB\n","stream":"stderr","time":"2020-03-25T10:55:52.759263889Z"}
{"log":"INFO [03-25|10:55:53.072] Chain reorg detected                     number=2406802 hash=7ced53…b10fc6 drop=1 dropfrom=024afa…795e0d add=1 addfrom=26f3ed…0c4838\n","stream":"stderr","time":"2020-03-25T10:55:53.073063355Z"}
{"log":"INFO [03-25|10:55:53.073] Imported new chain segment               blocks=1     txs=1     mgas=0.056   elapsed=2.020ms   mgasps=27.586   number=2406803 hash=26f3ed…0c4838 dirty=691.86MiB\n","stream":"stderr","time":"2020-03-25T10:55:53.073334065Z"}
{"log":"INFO [03-25|10:56:06.172] Imported new chain segment               blocks=1     txs=3     mgas=0.525   elapsed=20.421ms  mgasps=25.719   number=2406804 hash=b7ada1…6c63f4 dirty=691.82MiB\n","stream":"stderr","time":"2020-03-25T10:56:06.173160395Z"}
{"log":"INFO [03-25|10:56:06.414] Imported new chain segment               blocks=1     txs=2     mgas=0.480   elapsed=17.186ms  mgasps=27.938   number=2406804 hash=3c7d9f…453a01 dirty=691.82MiB\n","stream":"stderr","time":"2020-03-25T10:56:06.414975648Z"}
{"log":"INFO [03-25|10:56:08.662] Imported new chain segment               blocks=1     txs=2     mgas=0.480   elapsed=12.492ms  mgasps=38.434   number=2406804 hash=ceb3d4…84a5df dirty=691.82MiB\n","stream":"stderr","time":"2020-03-25T10:56:08.66220307Z"}
{"log":"INFO [03-25|10:56:21.907] Imported new chain segment               blocks=1     txs=1     mgas=0.361   elapsed=8.853ms   mgasps=40.753   number=2406805 hash=9ff2af…1f6588 dirty=691.79MiB\n","stream":"stderr","time":"2020-03-25T10:56:21.907240218Z"}
{"log":"INFO [03-25|10:56:22.793] Imported new chain segment               blocks=1     txs=0     mgas=0.000   elapsed=315.856µs mgasps=0.000    number=2406805 hash=d69d92…0d7646 dirty=691.79MiB\n","stream":"stderr","time":"2020-03-25T10:56:22.796270767Z"}
{"log":"INFO [03-25|10:56:24.368] Deep froze chain segment                 blocks=4     elapsed=62.565ms  number=2316804 hash=8c4bc5…495cd6\n","stream":"stderr","time":"2020-03-25T10:56:24.369020524Z"}
{"log":"INFO [03-25|10:56:37.300] Imported new chain segment               blocks=1     txs=0     mgas=0.000   elapsed=651.797µs mgasps=0.000    number=2406806 hash=fff052…592ed5 dirty=691.78MiB\n","stream":"stderr","time":"2020-03-25T10:56:37.300793928Z"}
{"log":"INFO [03-25|10:56:38.043] Chain reorg detected                     number=2406805 hash=9ff2af…1f6588 drop=1 dropfrom=fff052…592ed5 add=1 addfrom=a1f532…25a6a9\n","stream":"stderr","time":"2020-03-25T10:56:38.043602113Z"}
{"log":"INFO [03-25|10:56:38.043] Imported new chain segment               blocks=1     txs=0     mgas=0.000   elapsed=612.563µs mgasps=0.000    number=2406806 hash=a1f532…25a6a9 dirty=691.78MiB\n","stream":"stderr","time":"2020-03-25T10:56:38.043842873Z"}
{"log":"INFO [03-25|10:56:52.653] Chain reorg detected                     number=2406805 hash=9ff2af…1f6588 drop=1 dropfrom=a1f532…25a6a9 add=2 addfrom=13e0e8…c90123\n","stream":"stderr","time":"2020-03-25T10:56:52.653603767Z"}
{"log":"INFO [03-25|10:56:52.653] Imported new chain segment               blocks=1     txs=3     mgas=1.876   elapsed=40.280ms  mgasps=46.568   number=2406807 hash=13e0e8…c90123 dirty=691.87MiB\n","stream":"stderr","time":"2020-03-25T10:56:52.653853417Z"}
{"log":"INFO [03-25|10:56:54.181] Imported new chain segment               blocks=1     txs=2     mgas=0.456   elapsed=13.642ms  mgasps=33.420   number=2406807 hash=1d6e46…463e8f dirty=691.88MiB\n","stream":"stderr","time":"2020-03-25T10:56:54.181895087Z"}
{"log":"INFO [03-25|10:57:00.916] Chain reorg detected                     number=2406806 hash=fff052…592ed5 drop=1 dropfrom=13e0e8…c90123 add=1 addfrom=5bb94d…20f8c0\n","stream":"stderr","time":"2020-03-25T10:57:00.916803253Z"}
{"log":"INFO [03-25|10:57:00.916] Imported new chain segment               blocks=1     txs=3     mgas=1.876   elapsed=40.294ms  mgasps=46.553   number=2406807 hash=5bb94d…20f8c0 dirty=691.88MiB\n","stream":"stderr","time":"2020-03-25T10:57:00.91698943Z"}
{"log":"INFO [03-25|10:57:06.096] Imported new chain segment               blocks=1     txs=0     mgas=0.000   elapsed=694.054µs mgasps=0.000    number=2406808 hash=86c206…84f721 dirty=691.87MiB\n","stream":"stderr","time":"2020-03-25T10:57:06.096838401Z"}
{"log":"INFO [03-25|10:57:07.162] Imported new chain segment               blocks=1     txs=0     mgas=0.000   elapsed=340.497µs mgasps=0.000    number=2406808 hash=6f7193…1594b1 dirty=691.87MiB\n","stream":"stderr","time":"2020-03-25T10:57:07.162801483Z"}
{"log":"INFO [03-25|10:57:21.976] Imported new chain segment               blocks=1     txs=1     mgas=0.023   elapsed=1.549ms   mgasps=14.667   number=2406809 hash=9187ed…23ebe0 dirty=691.88MiB\n","stream":"stderr","time":"2020-03-25T10:57:21.976810064Z"}
{"log":"INFO [03-25|10:57:21.988] Chain reorg detected                     number=2406808 hash=86c206…84f721 drop=1 dropfrom=9187ed…23ebe0 add=1 addfrom=832c37…7adf2d\n","stream":"stderr","time":"2020-03-25T10:57:21.98835313Z"}
{"log":"INFO [03-25|10:57:21.988] Imported new chain segment               blocks=1     txs=1     mgas=0.023   elapsed=1.514ms   mgasps=15.003   number=2406809 hash=832c37…7adf2d dirty=691.88MiB\n","stream":"stderr","time":"2020-03-25T10:57:21.988559481Z"}
{"log":"INFO [03-25|10:57:24.412] Deep froze chain segment                 blocks=4     elapsed=43.241ms  number=2316808 hash=1f95b2…dd3c12\n","stream":"stderr","time":"2020-03-25T10:57:24.41263459Z"}
{"log":"INFO [03-25|10:57:37.003] Imported new chain segment               blocks=1     txs=3     mgas=0.552   elapsed=20.354ms  mgasps=27.112   number=2406810 hash=0a1872…94c714 dirty=691.88MiB\n","stream":"stderr","time":"2020-03-25T10:57:37.003407785Z"}
{"log":"INFO [03-25|10:57:39.076] Chain reorg detected                     number=2406809 hash=832c37…7adf2d drop=1 dropfrom=0a1872…94c714 add=1 addfrom=fe7015…3de032\n","stream":"stderr","time":"2020-03-25T10:57:39.076719144Z"}
{"log":"INFO [03-25|10:57:39.076] Imported new chain segment               blocks=1     txs=1     mgas=0.433   elapsed=17.321ms  mgasps=25.011   number=2406810 hash=fe7015…3de032 dirty=691.89MiB\n","stream":"stderr","time":"2020-03-25T10:57:39.076894953Z"}
{"log":"INFO [03-25|10:57:51.924] Imported new chain segment               blocks=1     txs=3     mgas=0.170   elapsed=7.130ms   mgasps=23.783   number=2406811 hash=34a20a…249062 dirty=691.60MiB\n","stream":"stderr","time":"2020-03-25T10:57:51.924447643Z"}
{"log":"INFO [03-25|10:57:53.717] Imported new chain segment               blocks=1     txs=1     mgas=0.051   elapsed=1.818ms   mgasps=28.022   number=2406811 hash=31d087…506ab3 dirty=691.60MiB\n","stream":"stderr","time":"2020-03-25T10:57:53.717410079Z"}
{"log":"INFO [03-25|10:58:06.390] Imported new chain segment               blocks=1     txs=1     mgas=0.493   elapsed=6.918ms   mgasps=71.286   number=2406812 hash=0f8f29…3a1e23 dirty=691.65MiB\n","stream":"stderr","time":"2020-03-25T10:58:06.391045939Z"}
{"log":"INFO [03-25|10:58:21.371] Imported new chain segment               blocks=1     txs=7     mgas=1.670   elapsed=51.257ms  mgasps=32.586   number=2406813 hash=fcb637…9951c3 dirty=691.77MiB\n","stream":"stderr","time":"2020-03-25T10:58:21.371904074Z"}
{"log":"INFO [03-25|10:58:24.456] Deep froze chain segment                 blocks=4     elapsed=44.289ms  number=2316812 hash=5da688…9101c0\n","stream":"stderr","time":"2020-03-25T10:58:24.457155937Z"}
{"log":"INFO [03-25|10:58:37.031] Imported new chain segment               blocks=1     txs=3     mgas=0.296   elapsed=5.030ms   mgasps=58.815   number=2406814 hash=a32e79…8950eb dirty=691.75MiB\n","stream":"stderr","time":"2020-03-25T10:58:37.031514752Z"}
{"log":"INFO [03-25|10:58:51.140] Imported new chain segment               blocks=1     txs=1     mgas=0.303   elapsed=4.734ms   mgasps=64.050   number=2406815 hash=6fe445…086edf dirty=691.76MiB\n","stream":"stderr","time":"2020-03-25T10:58:51.140658224Z"}
{"log":"INFO [03-25|10:58:53.991] Chain reorg detected                     number=2406814 hash=a32e79…8950eb drop=1 dropfrom=6fe445…086edf add=1 addfrom=434be0…d5aea2\n","stream":"stderr","time":"2020-03-25T10:58:53.992662215Z"}
{"log":"INFO [03-25|10:58:53.992] Imported new chain segment               blocks=1     txs=0     mgas=0.000   elapsed=1.565ms   mgasps=0.000    number=2406815 hash=434be0…d5aea2 dirty=691.76MiB\n","stream":"stderr","time":"2020-03-25T10:58:53.993835555Z"}
{"log":"INFO [03-25|10:59:07.541] Chain reorg detected                     number=2406814 hash=a32e79…8950eb drop=1 dropfrom=434be0…d5aea2 add=2 addfrom=2215c0…3f684f\n","stream":"stderr","time":"2020-03-25T10:59:07.541379766Z"}
{"log":"INFO [03-25|10:59:07.541] Imported new chain segment               blocks=1     txs=0     mgas=0.000   elapsed=1.982ms   mgasps=0.000    number=2406816 hash=2215c0…3f684f dirty=691.73MiB\n","stream":"stderr","time":"2020-03-25T10:59:07.542103839Z"}
{"log":"INFO [03-25|10:59:08.062] Chain reorg detected                     number=2406815 hash=6fe445…086edf drop=1 dropfrom=2215c0…3f684f add=1 addfrom=299602…ca72bc\n","stream":"stderr","time":"2020-03-25T10:59:08.063106309Z"}
{"log":"INFO [03-25|10:59:08.063] Imported new chain segment               blocks=1     txs=1     mgas=0.056   elapsed=1.825ms   mgasps=30.533   number=2406816 hash=299602…ca72bc dirty=691.74MiB\n","stream":"stderr","time":"2020-03-25T10:59:08.06334997Z"}
{"log":"INFO [03-25|10:59:08.491] Chain reorg detected                     number=2406815 hash=6fe445…086edf drop=1 dropfrom=299602…ca72bc add=1 addfrom=832015…6bddda\n","stream":"stderr","time":"2020-03-25T10:59:08.491682139Z"}
{"log":"INFO [03-25|10:59:08.491] Imported new chain segment               blocks=1     txs=0     mgas=0.000   elapsed=548.846µs mgasps=0.000    number=2406816 hash=832015…6bddda dirty=691.74MiB\n","stream":"stderr","time":"2020-03-25T10:59:08.492298083Z"}
{"log":"INFO [03-25|10:59:08.507] Imported new chain segment               blocks=1     txs=1     mgas=0.056   elapsed=2.978ms   mgasps=18.710   number=2406816 hash=ac8388…67cd62 dirty=691.75MiB\n","stream":"stderr","time":"2020-03-25T10:59:08.507434623Z"}
{"log":"INFO [03-25|10:59:21.323] Chain reorg detected                     number=2406815 hash=6fe445…086edf drop=1 dropfrom=832015…6bddda add=2 addfrom=7fc1eb…871ce1\n","stream":"stderr","time":"2020-03-25T10:59:21.323771428Z"}
{"log":"INFO [03-25|10:59:21.323] Imported new chain segment               blocks=1     txs=1     mgas=0.056   elapsed=1.703ms   mgasps=32.707   number=2406817 hash=7fc1eb…871ce1 dirty=691.74MiB\n","stream":"stderr","time":"2020-03-25T10:59:21.324016462Z"}
{"log":"INFO [03-25|10:59:22.517] Imported new chain segment               blocks=1     txs=1     mgas=0.056   elapsed=1.660ms   mgasps=33.563   number=2406817 hash=a247d6…21aaa5 dirty=691.74MiB\n","stream":"stderr","time":"2020-03-25T10:59:22.517657418Z"}
{"log":"INFO [03-25|10:59:23.678] Imported new chain segment               blocks=1     txs=1     mgas=0.056   elapsed=1.287ms   mgasps=43.268   number=2406817 hash=943cd2…79c82f dirty=691.74MiB\n","stream":"stderr","time":"2020-03-25T10:59:23.678236789Z"}
{"log":"INFO [03-25|10:59:24.521] Deep froze chain segment                 blocks=4     elapsed=64.450ms  number=2316816 hash=73ab4d…a79637\n","stream":"stderr","time":"2020-03-25T10:59:24.522004524Z"}
{"log":"INFO [03-25|10:59:36.904] Imported new chain segment               blocks=1     txs=0     mgas=0.000   elapsed=523.566µs mgasps=0.000    number=2406818 hash=7ff5f2…d63d74 dirty=691.73MiB\n","stream":"stderr","time":"2020-03-25T10:59:36.904885754Z"}
{"log":"INFO [03-25|10:59:37.086] Chain reorg detected                     number=2406817 hash=7fc1eb…871ce1 drop=1 dropfrom=7ff5f2…d63d74 add=1 addfrom=2ba288…49904f\n","stream":"stderr","time":"2020-03-25T10:59:37.086682617Z"}
{"log":"INFO [03-25|10:59:37.086] Imported new chain segment               blocks=1     txs=1     mgas=0.487   elapsed=11.025ms  mgasps=44.138   number=2406818 hash=2ba288…49904f dirty=691.76MiB\n","stream":"stderr","time":"2020-03-25T10:59:37.086947887Z"}
{"log":"INFO [03-25|10:59:38.146] Chain reorg detected                     number=2406817 hash=7fc1eb…871ce1 drop=1 dropfrom=2ba288…49904f add=1 addfrom=9938f1…70e172\n","stream":"stderr","time":"2020-03-25T10:59:38.146825165Z"}
{"log":"INFO [03-25|10:59:38.146] Imported new chain segment               blocks=1     txs=0     mgas=0.000   elapsed=563.515µs mgasps=0.000    number=2406818 hash=9938f1…70e172 dirty=691.76MiB\n","stream":"stderr","time":"2020-03-25T10:59:38.147021244Z"}
{"log":"INFO [03-25|10:59:51.174] Chain reorg detected                     number=2406817 hash=7fc1eb…871ce1 drop=1 dropfrom=9938f1…70e172 add=2 addfrom=313bd1…8c51a5\n","stream":"stderr","time":"2020-03-25T10:59:51.174267879Z"}
{"log":"INFO [03-25|10:59:51.174] Imported new chain segment               blocks=1     txs=0     mgas=0.000   elapsed=1.058ms   mgasps=0.000    number=2406819 hash=313bd1…8c51a5 dirty=691.75MiB\n","stream":"stderr","time":"2020-03-25T10:59:51.174669756Z"}
{"log":"INFO [03-25|10:59:51.843] Imported new chain segment               blocks=1     txs=1     mgas=0.487   elapsed=15.552ms  mgasps=31.290   number=2406819 hash=b8902d…0ab18e dirty=691.75MiB\n","stream":"stderr","time":"2020-03-25T10:59:51.84333391Z"}
{"log":"INFO [03-25|10:59:51.957] Chain reorg detected                     number=2406817 hash=7fc1eb…871ce1 drop=2 dropfrom=313bd1…8c51a5 add=2 addfrom=d96250…be735f\n","stream":"stderr","time":"2020-03-25T10:59:51.957300577Z"}
{"log":"INFO [03-25|10:59:51.957] Imported new chain segment               blocks=1     txs=1     mgas=0.487   elapsed=17.916ms  mgasps=27.162   number=2406819 hash=d96250…be735f dirty=691.75MiB\n","stream":"stderr","time":"2020-03-25T10:59:51.957665283Z"}
{"log":"INFO [03-25|11:00:06.188] Imported new chain segment               blocks=1     txs=0     mgas=0.000   elapsed=3.422ms   mgasps=0.000    number=2406820 hash=11badf…7f3c8b dirty=691.63MiB\n","stream":"stderr","time":"2020-03-25T11:00:06.188834042Z"}
{"log":"INFO [03-25|11:00:07.434] Chain reorg detected                     number=2406819 hash=d96250…be735f drop=1 dropfrom=11badf…7f3c8b add=1 addfrom=25f512…232feb\n","stream":"stderr","time":"2020-03-25T11:00:07.435050916Z"}
{"log":"INFO [03-25|11:00:07.435] Imported new chain segment               blocks=1     txs=2     mgas=4.150   elapsed=42.917ms  mgasps=96.687   number=2406820 hash=25f512…232feb dirty=692.04MiB\n","stream":"stderr","time":"2020-03-25T11:00:07.435373997Z"}
{"log":"INFO [03-25|11:00:08.185] Imported new chain segment               blocks=1     txs=0     mgas=0.000   elapsed=341.481µs mgasps=0.000    number=2406820 hash=ba928d…9ee130 dirty=692.04MiB\n","stream":"stderr","time":"2020-03-25T11:00:08.185307721Z"}
{"log":"INFO [03-25|11:00:21.241] Imported new chain segment               blocks=1     txs=3     mgas=0.525   elapsed=4.167ms   mgasps=126.047  number=2406821 hash=5a9ce5…429b23 dirty=692.04MiB\n","stream":"stderr","time":"2020-03-25T11:00:21.242040884Z"}
{"log":"INFO [03-25|11:00:22.601] Chain reorg detected                     number=2406819 hash=d96250…be735f drop=2 dropfrom=5a9ce5…429b23 add=2 addfrom=02865b…f4a489\n","stream":"stderr","time":"2020-03-25T11:00:22.601705985Z"}
{"log":"INFO [03-25|11:00:22.602] Imported new chain segment               blocks=1     txs=2     mgas=4.150   elapsed=119.135ms mgasps=34.830   number=2406821 hash=02865b…f4a489 dirty=692.04MiB\n","stream":"stderr","time":"2020-03-25T11:00:22.602496984Z"}
{"log":"INFO [03-25|11:00:24.550] Deep froze chain segment                 blocks=4     elapsed=28.706ms  number=2316820 hash=f357d1…39e942\n","stream":"stderr","time":"2020-03-25T11:00:24.551007038Z"}
{"log":"INFO [03-25|11:00:26.390] Chain reorg detected                     number=2406820 hash=11badf…7f3c8b drop=1 dropfrom=02865b…f4a489 add=1 addfrom=9305a3…6b42fc\n","stream":"stderr","time":"2020-03-25T11:00:26.391111432Z"}
{"log":"INFO [03-25|11:00:26.391] Imported new chain segment               blocks=1     txs=4     mgas=0.959   elapsed=21.263ms  mgasps=45.079   number=2406821 hash=9305a3…6b42fc dirty=692.05MiB\n","stream":"stderr","time":"2020-03-25T11:00:26.391314361Z"}
{"log":"INFO [03-25|11:00:36.464] Imported new chain segment               blocks=1     txs=5     mgas=6.285   elapsed=77.542ms  mgasps=81.052   number=2406822 hash=47a2ef…78423d dirty=692.46MiB\n","stream":"stderr","time":"2020-03-25T11:00:36.465138281Z"}
{"log":"INFO [03-25|11:00:37.125] Imported new chain segment               blocks=1     txs=4     mgas=3.518   elapsed=16.938ms  mgasps=207.683  number=2406822 hash=4b258b…49825c dirty=692.55MiB\n","stream":"stderr","time":"2020-03-25T11:00:37.125924491Z"}
{"log":"INFO [03-25|11:00:51.850] Imported new chain segment               blocks=1     txs=2     mgas=1.310   elapsed=15.146ms  mgasps=86.519   number=2406823 hash=90f4cb…7f73d2 dirty=692.58MiB\n","stream":"stderr","time":"2020-03-25T11:00:51.850307232Z"}
{"log":"INFO [03-25|11:00:52.054] Imported new chain segment               blocks=1     txs=3     mgas=1.367   elapsed=13.759ms  mgasps=99.326   number=2406823 hash=ad56d0…d42927 dirty=692.59MiB\n","stream":"stderr","time":"2020-03-25T11:00:52.054509423Z"}
{"log":"INFO [03-25|11:01:06.804] Imported new chain segment               blocks=1     txs=1     mgas=0.056   elapsed=2.304ms   mgasps=24.413   number=2406824 hash=3b5da5…beebd0 dirty=692.59MiB\n","stream":"stderr","time":"2020-03-25T11:01:06.80430493Z"}
{"log":"INFO [03-25|11:01:21.999] Imported new chain segment               blocks=1     txs=1     mgas=0.433   elapsed=17.581ms  mgasps=24.642   number=2406825 hash=8c8905…cc9a71 dirty=692.61MiB\n","stream":"stderr","time":"2020-03-25T11:01:21.999787386Z"}
{"log":"INFO [03-25|11:01:23.396] Imported new chain segment               blocks=1     txs=2     mgas=4.150   elapsed=26.090ms  mgasps=159.042  number=2406825 hash=51158c…acf92b dirty=692.61MiB\n","stream":"stderr","time":"2020-03-25T11:01:23.397199623Z"}
{"log":"INFO [03-25|11:01:24.597] Deep froze chain segment                 blocks=4     elapsed=45.740ms  number=2316824 hash=7a73cc…c0c7a8\n","stream":"stderr","time":"2020-03-25T11:01:24.597360378Z"}
{"log":"INFO [03-25|11:01:36.068] Chain reorg detected                     number=2406824 hash=3b5da5…beebd0 drop=1 dropfrom=8c8905…cc9a71 add=2 addfrom=aa447c…6803a2\n","stream":"stderr","time":"2020-03-25T11:01:36.068616794Z"}
{"log":"INFO [03-25|11:01:36.069] Imported new chain segment               blocks=1     txs=1     mgas=0.096   elapsed=3.518ms   mgasps=27.258   number=2406826 hash=aa447c…6803a2 dirty=692.60MiB\n","stream":"stderr","time":"2020-03-25T11:01:36.069358627Z"}
{"log":"INFO [03-25|11:01:39.945] Imported new chain segment               blocks=1     txs=2     mgas=3.812   elapsed=32.223ms  mgasps=118.306  number=2406826 hash=000db4…fc0107 dirty=692.61MiB\n","stream":"stderr","time":"2020-03-25T11:01:39.945891713Z"}
{"log":"INFO [03-25|11:01:52.368] Imported new chain segment               blocks=1     txs=1     mgas=0.433   elapsed=11.386ms  mgasps=38.046   number=2406827 hash=c4e9fd…f39769 dirty=692.61MiB\n","stream":"stderr","time":"2020-03-25T11:01:52.369039555Z"}
{"log":"INFO [03-25|11:01:57.791] Chain reorg detected                     number=2406826 hash=aa447c…6803a2 drop=1 dropfrom=c4e9fd…f39769 add=1 addfrom=ff4cb6…ca5394\n","stream":"stderr","time":"2020-03-25T11:01:57.792182751Z"}
{"log":"INFO [03-25|11:01:57.800] Imported new chain segment               blocks=1     txs=1     mgas=0.433   elapsed=25.497ms  mgasps=16.991   number=2406827 hash=ff4cb6…ca5394 dirty=692.61MiB\n","stream":"stderr","time":"2020-03-25T11:01:57.80036654Z"}
{"log":"INFO [03-25|11:02:06.080] Imported new chain segment               blocks=1     txs=0     mgas=0.000   elapsed=1.076ms   mgasps=0.000    number=2406828 hash=4a2b89…5d48df dirty=692.58MiB\n","stream":"stderr","time":"2020-03-25T11:02:06.08098073Z"}
{"log":"INFO [03-25|11:02:22.004] Imported new chain segment               blocks=1     txs=0     mgas=0.000   elapsed=6.451ms   mgasps=0.000    number=2406829 hash=038d46…cf03fb dirty=692.25MiB\n","stream":"stderr","time":"2020-03-25T11:02:22.004347683Z"}
{"log":"INFO [03-25|11:02:23.502] Chain reorg detected                     number=2406828 hash=4a2b89…5d48df drop=1 dropfrom=038d46…cf03fb add=1 addfrom=297bab…adced0\n","stream":"stderr","time":"2020-03-25T11:02:23.502954113Z"}
{"log":"INFO [03-25|11:02:23.503] Imported new chain segment               blocks=1     txs=1     mgas=0.056   elapsed=2.021ms   mgasps=27.568   number=2406829 hash=297bab…adced0 dirty=692.26MiB\n","stream":"stderr","time":"2020-03-25T11:02:23.503194643Z"}
{"log":"INFO [03-25|11:02:24.694] Deep froze chain segment                 blocks=4     elapsed=96.579ms  number=2316828 hash=b28451…dfd37a\n","stream":"stderr","time":"2020-03-25T11:02:24.694370686Z"}
{"log":"INFO [03-25|11:02:36.636] Chain reorg detected                     number=2406828 hash=4a2b89…5d48df drop=1 dropfrom=297bab…adced0 add=2 addfrom=07623a…78f2c2\n","stream":"stderr","time":"2020-03-25T11:02:36.637121226Z"}
{"log":"INFO [03-25|11:02:36.637] Imported new chain segment               blocks=1     txs=2     mgas=0.489   elapsed=19.631ms  mgasps=24.907   number=2406830 hash=07623a…78f2c2 dirty=692.08MiB\n","stream":"stderr","time":"2020-03-25T11:02:36.637783109Z"}
{"log":"INFO [03-25|11:02:37.716] Chain reorg detected                     number=2406829 hash=038d46…cf03fb drop=1 dropfrom=07623a…78f2c2 add=1 addfrom=bd1fdb…2a11d1\n","stream":"stderr","time":"2020-03-25T11:02:37.716730363Z"}
{"log":"INFO [03-25|11:02:37.724] Imported new chain segment               blocks=1     txs=2     mgas=0.489   elapsed=25.606ms  mgasps=19.095   number=2406830 hash=bd1fdb…2a11d1 dirty=692.08MiB\n","stream":"stderr","time":"2020-03-25T11:02:37.724903182Z"}
{"log":"INFO [03-25|11:02:51.545] Chain reorg detected                     number=2406829 hash=038d46…cf03fb drop=1 dropfrom=bd1fdb…2a11d1 add=2 addfrom=cfd2ee…e8ce4c\n","stream":"stderr","time":"2020-03-25T11:02:51.545287484Z"}
{"log":"INFO [03-25|11:02:51.545] Imported new chain segment               blocks=1     txs=0     mgas=0.000   elapsed=2.738ms   mgasps=0.000    number=2406831 hash=cfd2ee…e8ce4c dirty=691.97MiB\n","stream":"stderr","time":"2020-03-25T11:02:51.545657816Z"}
{"log":"INFO [03-25|11:02:53.970] Chain reorg detected                     number=2406830 hash=07623a…78f2c2 drop=1 dropfrom=cfd2ee…e8ce4c add=1 addfrom=6addb2…e6c5b2\n","stream":"stderr","time":"2020-03-25T11:02:53.970987Z"}
{"log":"INFO [03-25|11:02:53.971] Imported new chain segment               blocks=1     txs=0     mgas=0.000   elapsed=597.551µs mgasps=0.000    number=2406831 hash=6addb2…e6c5b2 dirty=691.97MiB\n","stream":"stderr","time":"2020-03-25T11:02:53.971208453Z"}
{"log":"INFO [03-25|11:03:07.003] Chain reorg detected                     number=2406830 hash=07623a…78f2c2 drop=1 dropfrom=6addb2…e6c5b2 add=2 addfrom=3dcefb…75b32d\n","stream":"stderr","time":"2020-03-25T11:03:07.004163768Z"}
{"log":"INFO [03-25|11:03:07.004] Imported new chain segment               blocks=1     txs=0     mgas=0.000   elapsed=1.114ms   mgasps=0.000    number=2406832 hash=3dcefb…75b32d dirty=691.95MiB\n","stream":"stderr","time":"2020-03-25T11:03:07.004528832Z"}
{"log":"INFO [03-25|11:03:08.339] Imported new chain segment               blocks=1     txs=0     mgas=0.000   elapsed=391.629µs mgasps=0.000    number=2406832 hash=249a2d…9b43ba dirty=691.95MiB\n","stream":"stderr","time":"2020-03-25T11:03:08.339579566Z"}
{"log":"INFO [03-25|11:03:21.587] Imported new chain segment               blocks=1     txs=1     mgas=0.039   elapsed=2.175ms   mgasps=18.104   number=2406833 hash=a7dac6…a27c0e dirty=691.93MiB\n","stream":"stderr","time":"2020-03-25T11:03:21.58732797Z"}
{"log":"INFO [03-25|11:03:21.765] Imported new chain segment               blocks=1     txs=1     mgas=0.039   elapsed=1.608ms   mgasps=24.481   number=2406833 hash=5d5364…e65865 dirty=691.93MiB\n","stream":"stderr","time":"2020-03-25T11:03:21.765439102Z"}
{"log":"INFO [03-25|11:03:23.714] Imported new chain segment               blocks=1     txs=1     mgas=0.039   elapsed=2.723ms   mgasps=14.460   number=2406833 hash=61d234…72f919 dirty=691.93MiB\n","stream":"stderr","time":"2020-03-25T11:03:23.715111451Z"}
{"log":"INFO [03-25|11:03:24.717] Deep froze chain segment                 blocks=4     elapsed=22.495ms  number=2316832 hash=e46544…a32d97\n","stream":"stderr","time":"2020-03-25T11:03:24.717843535Z"}
{"log":"INFO [03-25|11:03:36.338] Chain reorg detected                     number=2406832 hash=3dcefb…75b32d drop=1 dropfrom=a7dac6…a27c0e add=2 addfrom=27854d…c3f622\n","stream":"stderr","time":"2020-03-25T11:03:36.33930428Z"}
{"log":"INFO [03-25|11:03:36.338] Imported new chain segment               blocks=1     txs=0     mgas=0.000   elapsed=954.361µs mgasps=0.000    number=2406834 hash=27854d…c3f622 dirty=691.93MiB\n","stream":"stderr","time":"2020-03-25T11:03:36.339330474Z"}
{"log":"INFO [03-25|11:03:38.657] Imported new chain segment               blocks=1     txs=0     mgas=0.000   elapsed=388.089µs mgasps=0.000    number=2406834 hash=9ef999…fc4512 dirty=691.93MiB\n","stream":"stderr","time":"2020-03-25T11:03:38.657580402Z"}
{"log":"INFO [03-25|11:03:52.087] Imported new chain segment               blocks=1     txs=0     mgas=0.000   elapsed=707.421µs mgasps=0.000    number=2406835 hash=66a9cc…0dffe4 dirty=691.90MiB\n","stream":"stderr","time":"2020-03-25T11:03:52.087434307Z"}
{"log":"INFO [03-25|11:03:52.198] Imported new chain segment               blocks=1     txs=0     mgas=0.000   elapsed=365.215µs mgasps=0.000    number=2406835 hash=fd3b5b…d4a2b6 dirty=691.90MiB\n","stream":"stderr","time":"2020-03-25T11:03:52.198227581Z"}
{"log":"INFO [03-25|11:03:54.763] Imported new chain segment               blocks=1     txs=0     mgas=0.000   elapsed=325.499µs mgasps=0.000    number=2406835 hash=8d7163…6e6250 dirty=691.90MiB\n","stream":"stderr","time":"2020-03-25T11:03:54.764006324Z"}
{"log":"INFO [03-25|11:04:06.241] Imported new chain segment               blocks=1     txs=2     mgas=0.547   elapsed=2.277ms   mgasps=240.028  number=2406836 hash=7fea78…f6b17d dirty=691.91MiB\n","stream":"stderr","time":"2020-03-25T11:04:06.241396847Z"}
{"log":"INFO [03-25|11:04:07.926] Chain reorg detected                     number=2406835 hash=66a9cc…0dffe4 drop=1 dropfrom=7fea78…f6b17d add=1 addfrom=723c72…179c5c\n","stream":"stderr","time":"2020-03-25T11:04:07.926534832Z"}
{"log":"INFO [03-25|11:04:07.926] Imported new chain segment               blocks=1     txs=0     mgas=0.000   elapsed=1.048ms   mgasps=0.000    number=2406836 hash=723c72…179c5c dirty=691.91MiB\n","stream":"stderr","time":"2020-03-25T11:04:07.927772059Z"}
{"log":"INFO [03-25|11:04:21.066] Imported new chain segment               blocks=1     txs=2     mgas=0.547   elapsed=2.024ms   mgasps=269.946  number=2406837 hash=6fcb47…4a28a8 dirty=691.91MiB\n","stream":"stderr","time":"2020-03-25T11:04:21.066237319Z"}
{"log":"INFO [03-25|11:04:23.685] Imported new chain segment               blocks=1     txs=0     mgas=0.000   elapsed=223.652µs mgasps=0.000    number=2406837 hash=cb1b0b…09abed dirty=691.91MiB\n","stream":"stderr","time":"2020-03-25T11:04:23.686124215Z"}
{"log":"INFO [03-25|11:04:24.738] Deep froze chain segment                 blocks=4     elapsed=20.534ms  number=2316836 hash=0ea9be…3a1022\n","stream":"stderr","time":"2020-03-25T11:04:24.738643592Z"}
{"log":"INFO [03-25|11:04:36.379] Imported new chain segment               blocks=1     txs=4     mgas=5.312   elapsed=31.785ms  mgasps=167.112  number=2406838 hash=c92292…e1d51f dirty=691.85MiB\n","stream":"stderr","time":"2020-03-25T11:04:36.37963576Z"}
{"log":"INFO [03-25|11:04:43.142] Chain reorg detected                     number=2406837 hash=6fcb47…4a28a8 drop=1 dropfrom=c92292…e1d51f add=1 addfrom=dd3836…6822bb\n","stream":"stderr","time":"2020-03-25T11:04:43.14234311Z"}
{"log":"INFO [03-25|11:04:43.146] Imported new chain segment               blocks=1     txs=4     mgas=5.312   elapsed=29.651ms  mgasps=179.143  number=2406838 hash=dd3836…6822bb dirty=691.85MiB\n","stream":"stderr","time":"2020-03-25T11:04:43.146289122Z"}
{"log":"INFO [03-25|11:04:51.403] Chain reorg detected                     number=2406837 hash=6fcb47…4a28a8 drop=1 dropfrom=dd3836…6822bb add=2 addfrom=0d4ee7…939609\n","stream":"stderr","time":"2020-03-25T11:04:51.403272153Z"}
{"log":"INFO [03-25|11:04:51.404] Imported new chain segment               blocks=1     txs=2     mgas=1.686   elapsed=5.626ms   mgasps=299.617  number=2406839 hash=0d4ee7…939609 dirty=691.83MiB\n","stream":"stderr","time":"2020-03-25T11:04:51.404640002Z"}
{"log":"INFO [03-25|11:04:53.825] Chain reorg detected                     number=2406838 hash=c92292…e1d51f drop=1 dropfrom=0d4ee7…939609 add=1 addfrom=0eff28…70e4ec\n","stream":"stderr","time":"2020-03-25T11:04:53.82585215Z"}
{"log":"INFO [03-25|11:04:53.826] Imported new chain segment               blocks=1     txs=1     mgas=1.645   elapsed=2.840ms   mgasps=579.007  number=2406839 hash=0eff28…70e4ec dirty=691.83MiB\n","stream":"stderr","time":"2020-03-25T11:04:53.826250729Z"}
{"log":"INFO [03-25|11:05:06.601] Chain reorg detected                     number=2406838 hash=c92292…e1d51f drop=1 dropfrom=0eff28…70e4ec add=2 addfrom=0ca1b4…ce8cbc\n","stream":"stderr","time":"2020-03-25T11:05:06.601824086Z"}
{"log":"INFO [03-25|11:05:06.602] Imported new chain segment               blocks=1     txs=2     mgas=0.513   elapsed=20.183ms  mgasps=25.429   number=2406840 hash=0ca1b4…ce8cbc dirty=691.86MiB\n","stream":"stderr","time":"2020-03-25T11:05:06.604849671Z"}
{"log":"INFO [03-25|11:05:06.634] Imported new chain segment               blocks=1     txs=2     mgas=0.513   elapsed=18.073ms  mgasps=28.397   number=2406840 hash=e8bad3…7d5cd1 dirty=691.87MiB\n","stream":"stderr","time":"2020-03-25T11:05:06.634433925Z"}
{"log":"INFO [03-25|11:05:07.150] Imported new chain segment               blocks=1     txs=1     mgas=0.080   elapsed=1.618ms   mgasps=49.423   number=2406840 hash=a86912…3fd4b9 dirty=691.87MiB\n","stream":"stderr","time":"2020-03-25T11:05:07.150415336Z"}
{"log":"INFO [03-25|11:05:21.701] Chain reorg detected                     number=2406838 hash=c92292…e1d51f drop=2 dropfrom=0ca1b4…ce8cbc add=3 addfrom=654b88…56ad68\n","stream":"stderr","time":"2020-03-25T11:05:21.701827765Z"}
{"log":"INFO [03-25|11:05:21.702] Imported new chain segment               blocks=1     txs=2     mgas=5.312   elapsed=55.913ms  mgasps=95.006   number=2406841 hash=654b88…56ad68 dirty=692.07MiB\n","stream":"stderr","time":"2020-03-25T11:05:21.702902741Z"}
{"log":"INFO [03-25|11:05:24.774] Deep froze chain segment                 blocks=4     elapsed=35.798ms  number=2316840 hash=a5cb50…1c1fe3\n","stream":"stderr","time":"2020-03-25T11:05:24.774943977Z"}
{"log":"INFO [03-25|11:05:36.703] Imported new chain segment               blocks=1     txs=0     mgas=0.000   elapsed=477.172µs mgasps=0.000    number=2406842 hash=45401c…443829 dirty=692.07MiB\n","stream":"stderr","time":"2020-03-25T11:05:36.703687878Z"}
{"log":"INFO [03-25|11:05:37.907] Imported new chain segment               blocks=1     txs=3     mgas=0.121   elapsed=2.184ms   mgasps=55.587   number=2406842 hash=00d743…a30534 dirty=692.08MiB\n","stream":"stderr","time":"2020-03-25T11:05:37.907769611Z"}
{"log":"INFO [03-25|11:05:51.544] Imported new chain segment               blocks=1     txs=12    mgas=4.377   elapsed=40.225ms  mgasps=108.804  number=2406843 hash=923c2e…c06f3a dirty=692.22MiB\n","stream":"stderr","time":"2020-03-25T11:05:51.545026837Z"}
{"log":"INFO [03-25|11:05:53.005] Imported new chain segment               blocks=1     txs=13    mgas=4.309   elapsed=34.589ms  mgasps=124.583  number=2406843 hash=64f854…c36912 dirty=692.23MiB\n","stream":"stderr","time":"2020-03-25T11:05:53.006082257Z"}
{"log":"INFO [03-25|11:05:53.091] Imported new chain segment               blocks=1     txs=12    mgas=4.288   elapsed=26.782ms  mgasps=160.115  number=2406843 hash=0750f2…1e216c dirty=692.23MiB\n","stream":"stderr","time":"2020-03-25T11:05:53.091849882Z"}
{"log":"INFO [03-25|11:05:53.575] Imported new chain segment               blocks=1     txs=1     mgas=0.041   elapsed=1.803ms   mgasps=22.623   number=2406842 hash=7a5581…819683 dirty=692.23MiB\n","stream":"stderr","time":"2020-03-25T11:05:53.575431152Z"}
{"log":"INFO [03-25|11:06:06.351] Imported new chain segment               blocks=1     txs=2     mgas=0.066   elapsed=2.496ms   mgasps=26.312   number=2406844 hash=34ea0f…53afa8 dirty=692.21MiB\n","stream":"stderr","time":"2020-03-25T11:06:06.351249114Z"}
{"log":"INFO [03-25|11:06:08.056] Chain reorg detected                     number=2406843 hash=923c2e…c06f3a drop=1 dropfrom=34ea0f…53afa8 add=1 addfrom=bcb1ba…87abaa\n","stream":"stderr","time":"2020-03-25T11:06:08.056989889Z"}
{"log":"INFO [03-25|11:06:08.057] Imported new chain segment               blocks=1     txs=2     mgas=0.066   elapsed=4.546ms   mgasps=14.448   number=2406844 hash=bcb1ba…87abaa dirty=692.22MiB\n","stream":"stderr","time":"2020-03-25T11:06:08.05773486Z"}
{"log":"INFO [03-25|11:06:21.090] Chain reorg detected                     number=2406843 hash=923c2e…c06f3a drop=1 dropfrom=bcb1ba…87abaa add=2 addfrom=b97489…2869cd\n","stream":"stderr","time":"2020-03-25T11:06:21.091238074Z"}
{"log":"INFO [03-25|11:06:21.091] Imported new chain segment               blocks=1     txs=2     mgas=0.082   elapsed=4.930ms   mgasps=16.666   number=2406845 hash=b97489…2869cd dirty=692.23MiB\n","stream":"stderr","time":"2020-03-25T11:06:21.091930431Z"}
{"log":"INFO [03-25|11:06:22.021] Imported new chain segment               blocks=1     txs=2     mgas=0.082   elapsed=2.292ms   mgasps=35.846   number=2406845 hash=452ef5…3e00f2 dirty=692.23MiB\n","stream":"stderr","time":"2020-03-25T11:06:22.021354794Z"}
{"log":"INFO [03-25|11:06:24.813] Deep froze chain segment                 blocks=4     elapsed=38.880ms  number=2316844 hash=7ad275…61e54c\n","stream":"stderr","time":"2020-03-25T11:06:24.814122704Z"}
{"log":"INFO [03-25|11:06:36.082] Imported new chain segment               blocks=1     txs=3     mgas=1.511   elapsed=20.621ms  mgasps=73.274   number=2406846 hash=1c57fe…c019e0 dirty=692.24MiB\n","stream":"stderr","time":"2020-03-25T11:06:36.083062704Z"}
{"log":"INFO [03-25|11:06:39.501] Imported new chain segment               blocks=1     txs=3     mgas=1.511   elapsed=18.407ms  mgasps=82.089   number=2406846 hash=0c1244…5c09d7 dirty=692.24MiB\n","stream":"stderr","time":"2020-03-25T11:06:39.501973954Z"}
{"log":"INFO [03-25|11:06:39.995] Imported new chain segment               blocks=1     txs=2     mgas=1.078   elapsed=10.451ms  mgasps=103.125  number=2406846 hash=cd03da…326250 dirty=692.25MiB\n","stream":"stderr","time":"2020-03-25T11:06:39.996032988Z"}
{"log":"INFO [03-25|11:06:52.344] Imported new chain segment               blocks=1     txs=1     mgas=0.041   elapsed=2.454ms   mgasps=16.628   number=2406847 hash=1bcda9…488878 dirty=692.23MiB\n","stream":"stderr","time":"2020-03-25T11:06:52.345076924Z"}
{"log":"INFO [03-25|11:06:54.444] Chain reorg detected                     number=2406846 hash=1c57fe…c019e0 drop=1 dropfrom=1bcda9…488878 add=1 addfrom=565e66…ed6a7a\n","stream":"stderr","time":"2020-03-25T11:06:54.444224106Z"}
{"log":"INFO [03-25|11:06:54.444] Imported new chain segment               blocks=1     txs=1     mgas=0.041   elapsed=1.930ms   mgasps=21.135   number=2406847 hash=565e66…ed6a7a dirty=692.23MiB\n","stream":"stderr","time":"2020-03-25T11:06:54.444432696Z"}
{"log":"INFO [03-25|11:07:06.094] Chain reorg detected                     number=2406846 hash=1c57fe…c019e0 drop=1 dropfrom=565e66…ed6a7a add=2 addfrom=2acbe9…b2324b\n","stream":"stderr","time":"2020-03-25T11:07:06.095139288Z"}
{"log":"INFO [03-25|11:07:06.095] Imported new chain segment               blocks=1     txs=3     mgas=0.574   elapsed=19.248ms  mgasps=29.827   number=2406848 hash=2acbe9…b2324b dirty=692.27MiB\n","stream":"stderr","time":"2020-03-25T11:07:06.09557071Z"}
{"log":"INFO [03-25|11:07:07.430] Imported new chain segment               blocks=1     txs=1     mgas=0.045   elapsed=1.345ms   mgasps=33.436   number=2406848 hash=283f3f…fec97e dirty=692.27MiB\n","stream":"stderr","time":"2020-03-25T11:07:07.430977538Z"}
{"log":"INFO [03-25|11:07:07.487] Imported new chain segment               blocks=1     txs=0     mgas=0.000   elapsed=313.085µs mgasps=0.000    number=2406848 hash=9c9f80…684270 dirty=692.27MiB\n","stream":"stderr","time":"2020-03-25T11:07:07.488152185Z"}
{"log":"INFO [03-25|11:07:11.507] Imported new chain segment               blocks=1     txs=3     mgas=0.574   elapsed=18.076ms  mgasps=31.760   number=2406848 hash=56b8ce…ed03dc dirty=692.28MiB\n","stream":"stderr","time":"2020-03-25T11:07:11.507587716Z"}
{"log":"INFO [03-25|11:07:22.405] Imported new chain segment               blocks=1     txs=0     mgas=0.000   elapsed=825.316µs mgasps=0.000    number=2406849 hash=a976b7…ea33c9 dirty=692.26MiB\n","stream":"stderr","time":"2020-03-25T11:07:22.405765143Z"}
